********************************************************************************
*                   Begin HLC SystemVerilog Compiler/Linter                    *
********************************************************************************
Copyright (c) 2020 Apotell,
http://www.apache.org/licenses/LICENSE-2.0
VERSION: 1.84
COMMAND: -wd ../../../tests/Verilator +incdir+. -nobuiltin -timescale=1ns/1ns -d ast -d db t_lint_unused_bad.v -mt 0 -mp 0 -d dbstats -d cache -d db -nostdout -o ${HLC_DIR}/regression/Verilator/t_lint_unused_bad
[INF:CM0023] Creating log file "$Output/hlc.log".
[INF:PP0122] Preprocessing source file "$Source01/t_lint_unused_bad.v".
[INF:PA0201] Parsing source file "$Source01/t_lint_unused_bad.v".
AST_DEBUG_BEGIN
Count: 410
LIB: work
FILE: f<13>:$Source01/t_lint_unused_bad.v
n<$Source01/t_lint_unused_bad.v> u<409> t<Top_level_rule> c<1> l<6:1> el<39:1>
  n<> u<1> t<Null_rule> p<409> s<2> l<6:1> el<6:1>
  n<// DESCRIPTION: Verilator: Verilog Test module> u<2> t<LINE_COMMENT> p<409> s<3> l<1:1> el<1:47>
  n<//> u<3> t<LINE_COMMENT> p<409> s<4> l<2:1> el<2:3>
  n<// This file ONLY is placed into the Public Domain, for any use,> u<4> t<LINE_COMMENT> p<409> s<5> l<3:1> el<3:65>
  n<// without warranty, 2010 by Wilson Snyder.> u<5> t<LINE_COMMENT> p<409> s<408> l<4:1> el<4:44>
  n<> u<408> t<Source_text> p<409> c<24> l<6:1> el<38:10>
    n<> u<24> t<Description> p<408> c<23> s<407> l<6:1> el<10:10>
      n<> u<23> t<Module_declaration> p<24> c<11> l<6:1> el<10:10>
        n<> u<11> t<Module_nonansi_header> p<23> c<6> s<21> l<6:1> el<6:24>
          n<module> u<6> t<MODULE> p<11> s<7> l<6:1> el<6:7>
          n<t> u<7> t<SIMPLE_IDENTIFIER> p<11> s<8> l<6:8> el<6:9>
          n<> u<8> t<Package_import_declaration_list> p<11> s<9> l<6:10> el<6:10>
          n</*AUTOARG*/> u<9> t<BLOCK_COMMENT> p<11> s<10> l<6:10> el<6:23>
          n<> u<10> t<Port_list> p<11> l<6:10> el<6:23>
        n<> u<21> t<Module_item> p<23> c<20> s<22> l<8:4> el<8:15>
          n<> u<20> t<Non_port_module_item> p<21> c<19> l<8:4> el<8:15>
            n<> u<19> t<Module_or_generate_item> p<20> c<18> l<8:4> el<8:15>
              n<> u<18> t<Module_instantiation> p<19> c<12> l<8:4> el<8:15>
                n<sub> u<12> t<SIMPLE_IDENTIFIER> p<18> s<17> l<8:4> el<8:7>
                n<> u<17> t<Hierarchical_instance> p<18> c<14> l<8:8> el<8:14>
                  n<> u<14> t<Name_of_instance> p<17> c<13> s<16> l<8:8> el<8:11>
                    n<sub> u<13> t<SIMPLE_IDENTIFIER> p<14> l<8:8> el<8:11>
                  n<> u<16> t<Port_connection_list> p<17> c<15> l<8:13> el<8:13>
                    n<> u<15> t<Ordered_port_connection> p<16> l<8:13> el<8:13>
        n<> u<22> t<ENDMODULE> p<23> l<10:1> el<10:10>
    n<> u<407> t<Description> p<408> c<406> l<12:1> el<38:10>
      n<> u<406> t<Module_declaration> p<407> c<28> l<12:1> el<38:10>
        n<> u<28> t<Module_ansi_header> p<406> c<25> s<40> l<12:1> el<12:12>
          n<module> u<25> t<MODULE> p<28> s<26> l<12:1> el<12:7>
          n<sub> u<26> t<SIMPLE_IDENTIFIER> p<28> s<27> l<12:8> el<12:11>
          n<> u<27> t<Package_import_declaration_list> p<28> l<12:11> el<12:11>
        n<> u<40> t<Non_port_module_item> p<406> c<39> s<41> l<14:4> el<14:34>
          n<> u<39> t<Module_or_generate_item> p<40> c<38> l<14:4> el<14:34>
            n<> u<38> t<Module_common_item> p<39> c<37> l<14:4> el<14:34>
              n<> u<37> t<Module_or_generate_item_declaration> p<38> c<36> l<14:4> el<14:34>
                n<> u<36> t<Package_or_generate_item_declaration> p<37> c<35> l<14:4> el<14:34>
                  n<> u<35> t<Net_declaration> p<36> c<29> l<14:4> el<14:34>
                    n<> u<29> t<WIRE> p<35> s<30> l<14:4> el<14:8>
                    n<> u<30> t<Data_type_or_implicit> p<35> s<33> l<14:9> el<14:9>
                    n<> u<33> t<Net_decl_assignment_list> p<35> c<32> s<34> l<14:9> el<14:12>
                      n<> u<32> t<Net_decl_assignment> p<33> c<31> l<14:9> el<14:12>
                        n<pub> u<31> t<SIMPLE_IDENTIFIER> p<32> l<14:9> el<14:12>
                    n</*verilator public*/> u<34> t<BLOCK_COMMENT> p<35> l<14:9> el<14:12>
        n<// Ignore publics> u<41> t<LINE_COMMENT> p<406> s<66> l<14:37> el<14:54>
        n<> u<66> t<Non_port_module_item> p<406> c<65> s<67> l<16:4> el<16:27>
          n<> u<65> t<Module_or_generate_item> p<66> c<64> l<16:4> el<16:27>
            n<> u<64> t<Module_common_item> p<65> c<63> l<16:4> el<16:27>
              n<> u<63> t<Module_or_generate_item_declaration> p<64> c<62> l<16:4> el<16:27>
                n<> u<62> t<Package_or_generate_item_declaration> p<63> c<61> l<16:4> el<16:27>
                  n<> u<61> t<Net_declaration> p<62> c<42> l<16:4> el<16:27>
                    n<> u<42> t<WIRE> p<61> s<53> l<16:4> el<16:8>
                    n<> u<53> t<Data_type_or_implicit> p<61> c<52> s<60> l<16:9> el<16:14>
                      n<> u<52> t<Packed_dimension> p<53> c<51> l<16:9> el<16:14>
                        n<> u<51> t<Constant_range> p<52> c<46> l<16:10> el<16:13>
                          n<> u<46> t<Constant_expression> p<51> c<45> s<50> l<16:10> el<16:11>
                            n<> u<45> t<Constant_primary> p<46> c<44> l<16:10> el<16:11>
                              n<> u<44> t<Primary_literal> p<45> c<43> l<16:10> el<16:11>
                                n<5> u<43> t<INTEGRAL_NUMBER> p<44> l<16:10> el<16:11>
                          n<> u<50> t<Constant_expression> p<51> c<49> l<16:12> el<16:13>
                            n<> u<49> t<Constant_primary> p<50> c<48> l<16:12> el<16:13>
                              n<> u<48> t<Primary_literal> p<49> c<47> l<16:12> el<16:13>
                                n<0> u<47> t<INTEGRAL_NUMBER> p<48> l<16:12> el<16:13>
                    n<> u<60> t<Net_decl_assignment_list> p<61> c<59> l<16:15> el<16:26>
                      n<> u<59> t<Net_decl_assignment> p<60> c<54> l<16:15> el<16:26>
                        n<assunu1> u<54> t<SIMPLE_IDENTIFIER> p<59> s<58> l<16:15> el<16:22>
                        n<> u<58> t<Expression> p<59> c<57> l<16:25> el<16:26>
                          n<> u<57> t<Primary> p<58> c<56> l<16:25> el<16:26>
                            n<> u<56> t<Primary_literal> p<57> c<55> l<16:25> el<16:26>
                              n<0> u<55> t<INTEGRAL_NUMBER> p<56> l<16:25> el<16:26>
        n<// Assigned but unused> u<67> t<LINE_COMMENT> p<406> s<92> l<16:29> el<16:51>
        n<> u<92> t<Non_port_module_item> p<406> c<91> s<93> l<18:4> el<18:28>
          n<> u<91> t<Module_or_generate_item> p<92> c<90> l<18:4> el<18:28>
            n<> u<90> t<Module_common_item> p<91> c<89> l<18:4> el<18:28>
              n<> u<89> t<Module_or_generate_item_declaration> p<90> c<88> l<18:4> el<18:28>
                n<> u<88> t<Package_or_generate_item_declaration> p<89> c<87> l<18:4> el<18:28>
                  n<> u<87> t<Net_declaration> p<88> c<68> l<18:4> el<18:28>
                    n<> u<68> t<WIRE> p<87> s<79> l<18:4> el<18:8>
                    n<> u<79> t<Data_type_or_implicit> p<87> c<78> s<86> l<18:9> el<18:14>
                      n<> u<78> t<Packed_dimension> p<79> c<77> l<18:9> el<18:14>
                        n<> u<77> t<Constant_range> p<78> c<72> l<18:10> el<18:13>
                          n<> u<72> t<Constant_expression> p<77> c<71> s<76> l<18:10> el<18:11>
                            n<> u<71> t<Constant_primary> p<72> c<70> l<18:10> el<18:11>
                              n<> u<70> t<Primary_literal> p<71> c<69> l<18:10> el<18:11>
                                n<3> u<69> t<INTEGRAL_NUMBER> p<70> l<18:10> el<18:11>
                          n<> u<76> t<Constant_expression> p<77> c<75> l<18:12> el<18:13>
                            n<> u<75> t<Constant_primary> p<76> c<74> l<18:12> el<18:13>
                              n<> u<74> t<Primary_literal> p<75> c<73> l<18:12> el<18:13>
                                n<0> u<73> t<INTEGRAL_NUMBER> p<74> l<18:12> el<18:13>
                    n<> u<86> t<Net_decl_assignment_list> p<87> c<85> l<18:15> el<18:27>
                      n<> u<85> t<Net_decl_assignment> p<86> c<80> l<18:15> el<18:27>
                        n<assunub2> u<80> t<SIMPLE_IDENTIFIER> p<85> s<84> l<18:15> el<18:23>
                        n<> u<84> t<Expression> p<85> c<83> l<18:26> el<18:27>
                          n<> u<83> t<Primary> p<84> c<82> l<18:26> el<18:27>
                            n<> u<82> t<Primary_literal> p<83> c<81> l<18:26> el<18:27>
                              n<0> u<81> t<INTEGRAL_NUMBER> p<82> l<18:26> el<18:27>
        n<// Assigned but bit 2 unused> u<93> t<LINE_COMMENT> p<406> s<114> l<18:30> el<18:58>
        n<> u<114> t<Non_port_module_item> p<406> c<113> s<115> l<20:4> el<20:23>
          n<> u<113> t<Module_or_generate_item> p<114> c<112> l<20:4> el<20:23>
            n<> u<112> t<Module_common_item> p<113> c<111> l<20:4> el<20:23>
              n<> u<111> t<Module_or_generate_item_declaration> p<112> c<110> l<20:4> el<20:23>
                n<> u<110> t<Package_or_generate_item_declaration> p<111> c<109> l<20:4> el<20:23>
                  n<> u<109> t<Net_declaration> p<110> c<94> l<20:4> el<20:23>
                    n<> u<94> t<WIRE> p<109> s<105> l<20:4> el<20:8>
                    n<> u<105> t<Data_type_or_implicit> p<109> c<104> s<108> l<20:9> el<20:16>
                      n<> u<104> t<Packed_dimension> p<105> c<103> l<20:9> el<20:16>
                        n<> u<103> t<Constant_range> p<104> c<98> l<20:10> el<20:15>
                          n<> u<98> t<Constant_expression> p<103> c<97> s<102> l<20:10> el<20:12>
                            n<> u<97> t<Constant_primary> p<98> c<96> l<20:10> el<20:12>
                              n<> u<96> t<Primary_literal> p<97> c<95> l<20:10> el<20:12>
                                n<15> u<95> t<INTEGRAL_NUMBER> p<96> l<20:10> el<20:12>
                          n<> u<102> t<Constant_expression> p<103> c<101> l<20:13> el<20:15>
                            n<> u<101> t<Constant_primary> p<102> c<100> l<20:13> el<20:15>
                              n<> u<100> t<Primary_literal> p<101> c<99> l<20:13> el<20:15>
                                n<10> u<99> t<INTEGRAL_NUMBER> p<100> l<20:13> el<20:15>
                    n<> u<108> t<Net_decl_assignment_list> p<109> c<107> l<20:17> el<20:22>
                      n<> u<107> t<Net_decl_assignment> p<108> c<106> l<20:17> el<20:22>
                        n<udrb2> u<106> t<SIMPLE_IDENTIFIER> p<107> l<20:17> el<20:22>
        n<// [14:13,11] is undriven> u<115> t<LINE_COMMENT> p<406> s<134> l<20:25> el<20:50>
        n<> u<134> t<Non_port_module_item> p<406> c<133> s<153> l<21:4> el<21:25>
          n<> u<133> t<Module_or_generate_item> p<134> c<132> l<21:4> el<21:25>
            n<> u<132> t<Module_common_item> p<133> c<131> l<21:4> el<21:25>
              n<> u<131> t<Continuous_assign> p<132> c<130> l<21:4> el<21:25>
                n<> u<130> t<Net_assignment_list> p<131> c<129> l<21:11> el<21:24>
                  n<> u<129> t<Net_assignment> p<130> c<124> l<21:11> el<21:24>
                    n<> u<124> t<Net_lvalue> p<129> c<117> s<128> l<21:11> el<21:20>
                      n<> u<117> t<Ps_or_hierarchical_identifier> p<124> c<116> s<123> l<21:11> el<21:16>
                        n<udrb2> u<116> t<SIMPLE_IDENTIFIER> p<117> l<21:11> el<21:16>
                      n<> u<123> t<Constant_select> p<124> c<122> l<21:16> el<21:20>
                        n<> u<122> t<Constant_bit_select> p<123> c<121> l<21:16> el<21:20>
                          n<> u<121> t<Constant_expression> p<122> c<120> l<21:17> el<21:19>
                            n<> u<120> t<Constant_primary> p<121> c<119> l<21:17> el<21:19>
                              n<> u<119> t<Primary_literal> p<120> c<118> l<21:17> el<21:19>
                                n<15> u<118> t<INTEGRAL_NUMBER> p<119> l<21:17> el<21:19>
                    n<> u<128> t<Expression> p<129> c<127> l<21:23> el<21:24>
                      n<> u<127> t<Primary> p<128> c<126> l<21:23> el<21:24>
                        n<> u<126> t<Primary_literal> p<127> c<125> l<21:23> el<21:24>
                          n<0> u<125> t<INTEGRAL_NUMBER> p<126> l<21:23> el<21:24>
        n<> u<153> t<Non_port_module_item> p<406> c<152> s<172> l<22:4> el<22:25>
          n<> u<152> t<Module_or_generate_item> p<153> c<151> l<22:4> el<22:25>
            n<> u<151> t<Module_common_item> p<152> c<150> l<22:4> el<22:25>
              n<> u<150> t<Continuous_assign> p<151> c<149> l<22:4> el<22:25>
                n<> u<149> t<Net_assignment_list> p<150> c<148> l<22:11> el<22:24>
                  n<> u<148> t<Net_assignment> p<149> c<143> l<22:11> el<22:24>
                    n<> u<143> t<Net_lvalue> p<148> c<136> s<147> l<22:11> el<22:20>
                      n<> u<136> t<Ps_or_hierarchical_identifier> p<143> c<135> s<142> l<22:11> el<22:16>
                        n<udrb2> u<135> t<SIMPLE_IDENTIFIER> p<136> l<22:11> el<22:16>
                      n<> u<142> t<Constant_select> p<143> c<141> l<22:16> el<22:20>
                        n<> u<141> t<Constant_bit_select> p<142> c<140> l<22:16> el<22:20>
                          n<> u<140> t<Constant_expression> p<141> c<139> l<22:17> el<22:19>
                            n<> u<139> t<Constant_primary> p<140> c<138> l<22:17> el<22:19>
                              n<> u<138> t<Primary_literal> p<139> c<137> l<22:17> el<22:19>
                                n<12> u<137> t<INTEGRAL_NUMBER> p<138> l<22:17> el<22:19>
                    n<> u<147> t<Expression> p<148> c<146> l<22:23> el<22:24>
                      n<> u<146> t<Primary> p<147> c<145> l<22:23> el<22:24>
                        n<> u<145> t<Primary_literal> p<146> c<144> l<22:23> el<22:24>
                          n<0> u<144> t<INTEGRAL_NUMBER> p<145> l<22:23> el<22:24>
        n<> u<172> t<Non_port_module_item> p<406> c<171> s<183> l<23:4> el<23:25>
          n<> u<171> t<Module_or_generate_item> p<172> c<170> l<23:4> el<23:25>
            n<> u<170> t<Module_common_item> p<171> c<169> l<23:4> el<23:25>
              n<> u<169> t<Continuous_assign> p<170> c<168> l<23:4> el<23:25>
                n<> u<168> t<Net_assignment_list> p<169> c<167> l<23:11> el<23:24>
                  n<> u<167> t<Net_assignment> p<168> c<162> l<23:11> el<23:24>
                    n<> u<162> t<Net_lvalue> p<167> c<155> s<166> l<23:11> el<23:20>
                      n<> u<155> t<Ps_or_hierarchical_identifier> p<162> c<154> s<161> l<23:11> el<23:16>
                        n<udrb2> u<154> t<SIMPLE_IDENTIFIER> p<155> l<23:11> el<23:16>
                      n<> u<161> t<Constant_select> p<162> c<160> l<23:16> el<23:20>
                        n<> u<160> t<Constant_bit_select> p<161> c<159> l<23:16> el<23:20>
                          n<> u<159> t<Constant_expression> p<160> c<158> l<23:17> el<23:19>
                            n<> u<158> t<Constant_primary> p<159> c<157> l<23:17> el<23:19>
                              n<> u<157> t<Primary_literal> p<158> c<156> l<23:17> el<23:19>
                                n<10> u<156> t<INTEGRAL_NUMBER> p<157> l<23:17> el<23:19>
                    n<> u<166> t<Expression> p<167> c<165> l<23:23> el<23:24>
                      n<> u<165> t<Primary> p<166> c<164> l<23:23> el<23:24>
                        n<> u<164> t<Primary_literal> p<165> c<163> l<23:23> el<23:24>
                          n<0> u<163> t<INTEGRAL_NUMBER> p<164> l<23:23> el<23:24>
        n<> u<183> t<Non_port_module_item> p<406> c<182> s<184> l<25:4> el<25:20>
          n<> u<182> t<Module_or_generate_item> p<183> c<181> l<25:4> el<25:20>
            n<> u<181> t<Module_common_item> p<182> c<180> l<25:4> el<25:20>
              n<> u<180> t<Module_or_generate_item_declaration> p<181> c<179> l<25:4> el<25:20>
                n<> u<179> t<Package_or_generate_item_declaration> p<180> c<178> l<25:4> el<25:20>
                  n<> u<178> t<Net_declaration> p<179> c<173> l<25:4> el<25:20>
                    n<> u<173> t<WIRE> p<178> s<174> l<25:4> el<25:8>
                    n<> u<174> t<Data_type_or_implicit> p<178> s<177> l<25:15> el<25:15>
                    n<> u<177> t<Net_decl_assignment_list> p<178> c<176> l<25:15> el<25:19>
                      n<> u<176> t<Net_decl_assignment> p<177> c<175> l<25:15> el<25:19>
                        n<unu3> u<175> t<SIMPLE_IDENTIFIER> p<176> l<25:15> el<25:19>
        n<// Totally unused> u<184> t<LINE_COMMENT> p<406> s<205> l<25:22> el<25:39>
        n<> u<205> t<Non_port_module_item> p<406> c<204> s<206> l<27:4> el<27:21>
          n<> u<204> t<Module_or_generate_item> p<205> c<203> l<27:4> el<27:21>
            n<> u<203> t<Module_common_item> p<204> c<202> l<27:4> el<27:21>
              n<> u<202> t<Module_or_generate_item_declaration> p<203> c<201> l<27:4> el<27:21>
                n<> u<201> t<Package_or_generate_item_declaration> p<202> c<200> l<27:4> el<27:21>
                  n<> u<200> t<Net_declaration> p<201> c<185> l<27:4> el<27:21>
                    n<> u<185> t<WIRE> p<200> s<196> l<27:4> el<27:8>
                    n<> u<196> t<Data_type_or_implicit> p<200> c<195> s<199> l<27:9> el<27:14>
                      n<> u<195> t<Packed_dimension> p<196> c<194> l<27:9> el<27:14>
                        n<> u<194> t<Constant_range> p<195> c<189> l<27:10> el<27:13>
                          n<> u<189> t<Constant_expression> p<194> c<188> s<193> l<27:10> el<27:11>
                            n<> u<188> t<Constant_primary> p<189> c<187> l<27:10> el<27:11>
                              n<> u<187> t<Primary_literal> p<188> c<186> l<27:10> el<27:11>
                                n<3> u<186> t<INTEGRAL_NUMBER> p<187> l<27:10> el<27:11>
                          n<> u<193> t<Constant_expression> p<194> c<192> l<27:12> el<27:13>
                            n<> u<192> t<Constant_primary> p<193> c<191> l<27:12> el<27:13>
                              n<> u<191> t<Primary_literal> p<192> c<190> l<27:12> el<27:13>
                                n<0> u<190> t<INTEGRAL_NUMBER> p<191> l<27:12> el<27:13>
                    n<> u<199> t<Net_decl_assignment_list> p<200> c<198> l<27:15> el<27:20>
                      n<> u<198> t<Net_decl_assignment> p<199> c<197> l<27:15> el<27:20>
                        n<mixed> u<197> t<SIMPLE_IDENTIFIER> p<198> l<27:15> el<27:20>
        n<// [3] unused & undr, [2] unused, [1] undr, [0] ok> u<206> t<LINE_COMMENT> p<406> s<225> l<27:23> el<27:73>
        n<> u<225> t<Non_port_module_item> p<406> c<224> s<244> l<28:4> el<28:24>
          n<> u<224> t<Module_or_generate_item> p<225> c<223> l<28:4> el<28:24>
            n<> u<223> t<Module_common_item> p<224> c<222> l<28:4> el<28:24>
              n<> u<222> t<Continuous_assign> p<223> c<221> l<28:4> el<28:24>
                n<> u<221> t<Net_assignment_list> p<222> c<220> l<28:11> el<28:23>
                  n<> u<220> t<Net_assignment> p<221> c<215> l<28:11> el<28:23>
                    n<> u<215> t<Net_lvalue> p<220> c<208> s<219> l<28:11> el<28:19>
                      n<> u<208> t<Ps_or_hierarchical_identifier> p<215> c<207> s<214> l<28:11> el<28:16>
                        n<mixed> u<207> t<SIMPLE_IDENTIFIER> p<208> l<28:11> el<28:16>
                      n<> u<214> t<Constant_select> p<215> c<213> l<28:16> el<28:19>
                        n<> u<213> t<Constant_bit_select> p<214> c<212> l<28:16> el<28:19>
                          n<> u<212> t<Constant_expression> p<213> c<211> l<28:17> el<28:18>
                            n<> u<211> t<Constant_primary> p<212> c<210> l<28:17> el<28:18>
                              n<> u<210> t<Primary_literal> p<211> c<209> l<28:17> el<28:18>
                                n<2> u<209> t<INTEGRAL_NUMBER> p<210> l<28:17> el<28:18>
                    n<> u<219> t<Expression> p<220> c<218> l<28:22> el<28:23>
                      n<> u<218> t<Primary> p<219> c<217> l<28:22> el<28:23>
                        n<> u<217> t<Primary_literal> p<218> c<216> l<28:22> el<28:23>
                          n<0> u<216> t<INTEGRAL_NUMBER> p<217> l<28:22> el<28:23>
        n<> u<244> t<Non_port_module_item> p<406> c<243> s<260> l<29:4> el<29:24>
          n<> u<243> t<Module_or_generate_item> p<244> c<242> l<29:4> el<29:24>
            n<> u<242> t<Module_common_item> p<243> c<241> l<29:4> el<29:24>
              n<> u<241> t<Continuous_assign> p<242> c<240> l<29:4> el<29:24>
                n<> u<240> t<Net_assignment_list> p<241> c<239> l<29:11> el<29:23>
                  n<> u<239> t<Net_assignment> p<240> c<234> l<29:11> el<29:23>
                    n<> u<234> t<Net_lvalue> p<239> c<227> s<238> l<29:11> el<29:19>
                      n<> u<227> t<Ps_or_hierarchical_identifier> p<234> c<226> s<233> l<29:11> el<29:16>
                        n<mixed> u<226> t<SIMPLE_IDENTIFIER> p<227> l<29:11> el<29:16>
                      n<> u<233> t<Constant_select> p<234> c<232> l<29:16> el<29:19>
                        n<> u<232> t<Constant_bit_select> p<233> c<231> l<29:16> el<29:19>
                          n<> u<231> t<Constant_expression> p<232> c<230> l<29:17> el<29:18>
                            n<> u<230> t<Constant_primary> p<231> c<229> l<29:17> el<29:18>
                              n<> u<229> t<Primary_literal> p<230> c<228> l<29:17> el<29:18>
                                n<0> u<228> t<INTEGRAL_NUMBER> p<229> l<29:17> el<29:18>
                    n<> u<238> t<Expression> p<239> c<237> l<29:22> el<29:23>
                      n<> u<237> t<Primary> p<238> c<236> l<29:22> el<29:23>
                        n<> u<236> t<Primary_literal> p<237> c<235> l<29:22> el<29:23>
                          n<0> u<235> t<INTEGRAL_NUMBER> p<236> l<29:22> el<29:23>
        n<> u<260> t<Non_port_module_item> p<406> c<259> s<404> l<31:4> el<31:25>
          n<> u<259> t<Module_or_generate_item> p<260> c<258> l<31:4> el<31:25>
            n<> u<258> t<Module_common_item> p<259> c<257> l<31:4> el<31:25>
              n<> u<257> t<Module_or_generate_item_declaration> p<258> c<256> l<31:4> el<31:25>
                n<> u<256> t<Package_or_generate_item_declaration> p<257> c<255> l<31:4> el<31:25>
                  n<> u<255> t<Local_parameter_declaration> p<256> c<245> l<31:4> el<31:24>
                    n<> u<245> t<Data_type_or_implicit> p<255> s<254> l<31:15> el<31:15>
                    n<> u<254> t<Param_assignment_list> p<255> c<253> l<31:15> el<31:24>
                      n<> u<253> t<Param_assignment> p<254> c<246> l<31:15> el<31:24>
                        n<THREE> u<246> t<SIMPLE_IDENTIFIER> p<253> s<252> l<31:15> el<31:20>
                        n<> u<252> t<Constant_param_expression> p<253> c<251> l<31:23> el<31:24>
                          n<> u<251> t<Constant_mintypmax_expression> p<252> c<250> l<31:23> el<31:24>
                            n<> u<250> t<Constant_expression> p<251> c<249> l<31:23> el<31:24>
                              n<> u<249> t<Constant_primary> p<250> c<248> l<31:23> el<31:24>
                                n<> u<248> t<Primary_literal> p<249> c<247> l<31:23> el<31:24>
                                  n<3> u<247> t<INTEGRAL_NUMBER> p<248> l<31:23> el<31:24>
        n<> u<404> t<Non_port_module_item> p<406> c<403> s<405> l<33:4> el<37:7>
          n<> u<403> t<Module_or_generate_item> p<404> c<402> l<33:4> el<37:7>
            n<> u<402> t<Module_common_item> p<403> c<401> l<33:4> el<37:7>
              n<> u<401> t<Initial_construct> p<402> c<400> l<33:4> el<37:7>
                n<> u<400> t<Statement_or_null> p<401> c<399> l<33:12> el<37:7>
                  n<> u<399> t<Statement> p<400> c<398> l<33:12> el<37:7>
                    n<> u<398> t<Statement_item> p<399> c<397> l<33:12> el<37:7>
                      n<> u<397> t<Seq_block> p<398> c<305> l<33:12> el<37:7>
                        n<> u<305> t<Statement_or_null> p<397> c<304> s<356> l<34:7> el<34:56>
                          n<> u<304> t<Statement> p<305> c<303> l<34:7> el<34:56>
                            n<> u<303> t<Statement_item> p<304> c<302> l<34:7> el<34:56>
                              n<> u<302> t<Conditional_statement> p<303> c<296> l<34:7> el<34:56>
                                n<> u<296> t<Cond_predicate> p<302> c<295> s<301> l<34:11> el<34:45>
                                  n<> u<295> t<Expression_or_cond_pattern> p<296> c<294> l<34:11> el<34:45>
                                    n<> u<294> t<Expression> p<295> c<282> l<34:11> el<34:45>
                                      n<> u<282> t<Expression> p<294> c<264> s<293> l<34:11> el<34:31>
                                        n<> u<264> t<Expression> p<282> c<263> s<281> l<34:11> el<34:12>
                                          n<> u<263> t<Primary> p<264> c<262> l<34:11> el<34:12>
                                            n<> u<262> t<Primary_literal> p<263> c<261> l<34:11> el<34:12>
                                              n<0> u<261> t<INTEGRAL_NUMBER> p<262> l<34:11> el<34:12>
                                        n<> u<281> t<LOGICAL_AND> p<282> s<280> l<34:13> el<34:15>
                                        n<> u<280> t<Expression> p<282> c<274> l<34:16> el<34:31>
                                          n<> u<274> t<Expression> p<280> c<273> s<279> l<34:16> el<34:26>
                                            n<> u<273> t<Primary> p<274> c<272> l<34:16> el<34:26>
                                              n<> u<272> t<Subroutine_call> p<273> c<265> l<34:16> el<34:26>
                                                n<assunu1> u<265> t<SIMPLE_IDENTIFIER> p<272> s<271> l<34:16> el<34:23>
                                                n<> u<271> t<Select> p<272> c<270> l<34:23> el<34:26>
                                                  n<> u<270> t<Bit_select> p<271> c<269> l<34:23> el<34:26>
                                                    n<> u<269> t<Expression> p<270> c<268> l<34:24> el<34:25>
                                                      n<> u<268> t<Primary> p<269> c<267> l<34:24> el<34:25>
                                                        n<> u<267> t<Primary_literal> p<268> c<266> l<34:24> el<34:25>
                                                          n<0> u<266> t<INTEGRAL_NUMBER> p<267> l<34:24> el<34:25>
                                          n<> u<279> t<NOTEQUAL> p<280> s<278> l<34:27> el<34:29>
                                          n<> u<278> t<Expression> p<280> c<277> l<34:30> el<34:31>
                                            n<> u<277> t<Primary> p<278> c<276> l<34:30> el<34:31>
                                              n<> u<276> t<Primary_literal> p<277> c<275> l<34:30> el<34:31>
                                                n<0> u<275> t<INTEGRAL_NUMBER> p<276> l<34:30> el<34:31>
                                      n<> u<293> t<LOGICAL_AND> p<294> s<292> l<34:32> el<34:34>
                                      n<> u<292> t<Expression> p<294> c<286> l<34:35> el<34:45>
                                        n<> u<286> t<Expression> p<292> c<285> s<291> l<34:35> el<34:40>
                                          n<> u<285> t<Primary> p<286> c<284> l<34:35> el<34:40>
                                            n<> u<284> t<Primary_literal> p<285> c<283> l<34:35> el<34:40>
                                              n<udrb2> u<283> t<SIMPLE_IDENTIFIER> p<284> l<34:35> el<34:40>
                                        n<> u<291> t<NOTEQUAL> p<292> s<290> l<34:41> el<34:43>
                                        n<> u<290> t<Expression> p<292> c<289> l<34:44> el<34:45>
                                          n<> u<289> t<Primary> p<290> c<288> l<34:44> el<34:45>
                                            n<> u<288> t<Primary_literal> p<289> c<287> l<34:44> el<34:45>
                                              n<0> u<287> t<INTEGRAL_NUMBER> p<288> l<34:44> el<34:45>
                                n<> u<301> t<Statement_or_null> p<302> c<300> l<34:47> el<34:56>
                                  n<> u<300> t<Statement> p<301> c<299> l<34:47> el<34:56>
                                    n<> u<299> t<Statement_item> p<300> c<298> l<34:47> el<34:56>
                                      n<> u<298> t<Seq_block> p<299> c<297> l<34:47> el<34:56>
                                        n<> u<297> t<END> p<298> l<34:53> el<34:56>
                        n<> u<356> t<Statement_or_null> p<397> c<355> s<395> l<35:7> el<35:62>
                          n<> u<355> t<Statement> p<356> c<354> l<35:7> el<35:62>
                            n<> u<354> t<Statement_item> p<355> c<353> l<35:7> el<35:62>
                              n<> u<353> t<Conditional_statement> p<354> c<347> l<35:7> el<35:62>
                                n<> u<347> t<Cond_predicate> p<353> c<346> s<352> l<35:11> el<35:51>
                                  n<> u<346> t<Expression_or_cond_pattern> p<347> c<345> l<35:11> el<35:51>
                                    n<> u<345> t<Expression> p<346> c<321> l<35:11> el<35:51>
                                      n<> u<321> t<Expression> p<345> c<309> s<344> l<35:11> el<35:31>
                                        n<> u<309> t<Expression> p<321> c<308> s<320> l<35:11> el<35:12>
                                          n<> u<308> t<Primary> p<309> c<307> l<35:11> el<35:12>
                                            n<> u<307> t<Primary_literal> p<308> c<306> l<35:11> el<35:12>
                                              n<0> u<306> t<INTEGRAL_NUMBER> p<307> l<35:11> el<35:12>
                                        n<> u<320> t<LOGICAL_AND> p<321> s<319> l<35:13> el<35:15>
                                        n<> u<319> t<Expression> p<321> c<318> l<35:16> el<35:31>
                                          n<> u<318> t<Primary> p<319> c<317> l<35:16> el<35:31>
                                            n<> u<317> t<Subroutine_call> p<318> c<310> l<35:16> el<35:31>
                                              n<assunub2> u<310> t<SIMPLE_IDENTIFIER> p<317> s<316> l<35:16> el<35:24>
                                              n<> u<316> t<Select> p<317> c<315> l<35:24> el<35:31>
                                                n<> u<315> t<Bit_select> p<316> c<314> l<35:24> el<35:31>
                                                  n<> u<314> t<Expression> p<315> c<313> l<35:25> el<35:30>
                                                    n<> u<313> t<Primary> p<314> c<312> l<35:25> el<35:30>
                                                      n<> u<312> t<Primary_literal> p<313> c<311> l<35:25> el<35:30>
                                                        n<THREE> u<311> t<SIMPLE_IDENTIFIER> p<312> l<35:25> el<35:30>
                                      n<> u<344> t<LOGICAL_AND> p<345> s<343> l<35:32> el<35:34>
                                      n<> u<343> t<Expression> p<345> c<337> l<35:35> el<35:51>
                                        n<> u<337> t<Expression> p<343> c<336> s<342> l<35:35> el<35:48>
                                          n<> u<336> t<Primary> p<337> c<335> l<35:35> el<35:48>
                                            n<> u<335> t<Subroutine_call> p<336> c<322> l<35:35> el<35:48>
                                              n<assunub2> u<322> t<SIMPLE_IDENTIFIER> p<335> s<334> l<35:35> el<35:43>
                                              n<> u<334> t<Select> p<335> c<323> l<35:43> el<35:48>
                                                n<> u<323> t<Bit_select> p<334> s<333> l<35:43> el<35:43>
                                                n<> u<333> t<Part_select_range> p<334> c<332> l<35:44> el<35:47>
                                                  n<> u<332> t<Constant_range> p<333> c<327> l<35:44> el<35:47>
                                                    n<> u<327> t<Constant_expression> p<332> c<326> s<331> l<35:44> el<35:45>
                                                      n<> u<326> t<Constant_primary> p<327> c<325> l<35:44> el<35:45>
                                                        n<> u<325> t<Primary_literal> p<326> c<324> l<35:44> el<35:45>
                                                          n<1> u<324> t<INTEGRAL_NUMBER> p<325> l<35:44> el<35:45>
                                                    n<> u<331> t<Constant_expression> p<332> c<330> l<35:46> el<35:47>
                                                      n<> u<330> t<Constant_primary> p<331> c<329> l<35:46> el<35:47>
                                                        n<> u<329> t<Primary_literal> p<330> c<328> l<35:46> el<35:47>
                                                          n<0> u<328> t<INTEGRAL_NUMBER> p<329> l<35:46> el<35:47>
                                        n<> u<342> t<NOTEQUAL> p<343> s<341> l<35:48> el<35:50>
                                        n<> u<341> t<Expression> p<343> c<340> l<35:50> el<35:51>
                                          n<> u<340> t<Primary> p<341> c<339> l<35:50> el<35:51>
                                            n<> u<339> t<Primary_literal> p<340> c<338> l<35:50> el<35:51>
                                              n<0> u<338> t<INTEGRAL_NUMBER> p<339> l<35:50> el<35:51>
                                n<> u<352> t<Statement_or_null> p<353> c<351> l<35:53> el<35:62>
                                  n<> u<351> t<Statement> p<352> c<350> l<35:53> el<35:62>
                                    n<> u<350> t<Statement_item> p<351> c<349> l<35:53> el<35:62>
                                      n<> u<349> t<Seq_block> p<350> c<348> l<35:53> el<35:62>
                                        n<> u<348> t<END> p<349> l<35:59> el<35:62>
                        n<> u<395> t<Statement_or_null> p<397> c<394> s<396> l<36:7> el<36:42>
                          n<> u<394> t<Statement> p<395> c<393> l<36:7> el<36:42>
                            n<> u<393> t<Statement_item> p<394> c<392> l<36:7> el<36:42>
                              n<> u<392> t<Conditional_statement> p<393> c<386> l<36:7> el<36:42>
                                n<> u<386> t<Cond_predicate> p<392> c<385> s<391> l<36:11> el<36:31>
                                  n<> u<385> t<Expression_or_cond_pattern> p<386> c<384> l<36:11> el<36:31>
                                    n<> u<384> t<Expression> p<385> c<360> l<36:11> el<36:31>
                                      n<> u<360> t<Expression> p<384> c<359> s<383> l<36:11> el<36:12>
                                        n<> u<359> t<Primary> p<360> c<358> l<36:11> el<36:12>
                                          n<> u<358> t<Primary_literal> p<359> c<357> l<36:11> el<36:12>
                                            n<0> u<357> t<INTEGRAL_NUMBER> p<358> l<36:11> el<36:12>
                                      n<> u<383> t<LOGICAL_AND> p<384> s<382> l<36:13> el<36:15>
                                      n<> u<382> t<Expression> p<384> c<376> l<36:16> el<36:31>
                                        n<> u<376> t<Expression> p<382> c<375> s<381> l<36:16> el<36:26>
                                          n<> u<375> t<Primary> p<376> c<374> l<36:16> el<36:26>
                                            n<> u<374> t<Subroutine_call> p<375> c<361> l<36:16> el<36:26>
                                              n<mixed> u<361> t<SIMPLE_IDENTIFIER> p<374> s<373> l<36:16> el<36:21>
                                              n<> u<373> t<Select> p<374> c<362> l<36:21> el<36:26>
                                                n<> u<362> t<Bit_select> p<373> s<372> l<36:21> el<36:21>
                                                n<> u<372> t<Part_select_range> p<373> c<371> l<36:22> el<36:25>
                                                  n<> u<371> t<Constant_range> p<372> c<366> l<36:22> el<36:25>
                                                    n<> u<366> t<Constant_expression> p<371> c<365> s<370> l<36:22> el<36:23>
                                                      n<> u<365> t<Constant_primary> p<366> c<364> l<36:22> el<36:23>
                                                        n<> u<364> t<Primary_literal> p<365> c<363> l<36:22> el<36:23>
                                                          n<1> u<363> t<INTEGRAL_NUMBER> p<364> l<36:22> el<36:23>
                                                    n<> u<370> t<Constant_expression> p<371> c<369> l<36:24> el<36:25>
                                                      n<> u<369> t<Constant_primary> p<370> c<368> l<36:24> el<36:25>
                                                        n<> u<368> t<Primary_literal> p<369> c<367> l<36:24> el<36:25>
                                                          n<0> u<367> t<INTEGRAL_NUMBER> p<368> l<36:24> el<36:25>
                                        n<> u<381> t<NOTEQUAL> p<382> s<380> l<36:27> el<36:29>
                                        n<> u<380> t<Expression> p<382> c<379> l<36:30> el<36:31>
                                          n<> u<379> t<Primary> p<380> c<378> l<36:30> el<36:31>
                                            n<> u<378> t<Primary_literal> p<379> c<377> l<36:30> el<36:31>
                                              n<0> u<377> t<INTEGRAL_NUMBER> p<378> l<36:30> el<36:31>
                                n<> u<391> t<Statement_or_null> p<392> c<390> l<36:33> el<36:42>
                                  n<> u<390> t<Statement> p<391> c<389> l<36:33> el<36:42>
                                    n<> u<389> t<Statement_item> p<390> c<388> l<36:33> el<36:42>
                                      n<> u<388> t<Seq_block> p<389> c<387> l<36:33> el<36:42>
                                        n<> u<387> t<END> p<388> l<36:39> el<36:42>
                        n<> u<396> t<END> p<397> l<37:4> el<37:7>
        n<> u<405> t<ENDMODULE> p<406> l<38:1> el<38:10>
AST_DEBUG_END
[INF:CP0303] $Source01/t_lint_unused_bad.v:6:1: Compile module "t".
[INF:CP0303] $Source01/t_lint_unused_bad.v:12:1: Compile module "sub".
[INF:CM0029] Using global timescale: "1ns/1ns".
====== HLDB =======
Design name:unnamed:
  vpiName: unnamed
  vpiSourceFile (1 items):
    SourceFile name:t_lint_unused_bad.v file:$Source01/t_lint_unused_bad.v:
      vpiParent: Design name:unnamed
      vpiName: t_lint_unused_bad.v
      vpiPreprocFile: "$Output/lib/work/t_lint_unused_bad.v"
  vpiAllModules (2 items):
    Module name:t file:$Source01/t_lint_unused_bad.v start:6:1 end:10:10:
      vpiParent: Design name:unnamed
      vpiName Identifier name:t start:6:8 end:6:9:
        vpiParent: Module name:t
        vpiName: t
      vpiFullName: t
      vpiTypespec (1 items):
        ModuleTypespec name:sub start:8:4 end:8:7:
          vpiParent: Module name:t
          vpiName Identifier name:sub start:8:4 end:8:7:
            vpiParent: ModuleTypespec name:sub
            vpiName: sub
          vpiModule: Module name:sub
      vpiDefName: t
      vpiDefNetType: wire (1)
      vpiLibrary RefObj name:work:
        vpiParent: Module name:t
        vpiName: work
        vpiFullName: t.work
      vpiCell: t
      vpiRefInstance (1 items):
        RefInstance name:sub start:8:8 end:8:11:
          vpiParent: Module name:t
          vpiName: sub
          vpiTypespec RefTypespec name:sub start:8:4 end:8:7:
            vpiParent: RefInstance name:sub
            vpiName: sub
            vpiFullName: t.sub.sub
            vpiActual: ModuleTypespec name:sub
    Module name:sub file:$Source01/t_lint_unused_bad.v start:12:1 end:38:10:
      vpiParent: Design name:unnamed
      vpiName Identifier name:sub start:12:8 end:12:11:
        vpiParent: Module name:sub
        vpiName: sub
      vpiFullName: sub
      vpiParameter (1 items):
        Parameter name:THREE start:31:15 end:31:20:
          vpiParent: Module name:sub
          vpiTypespec RefTypespec start:31:15 end:31:15:
            vpiParent: Parameter name:THREE
            vpiFullName: sub.THREE
            vpiActual: LogicTypespec
          vpiName: THREE
          vpiFullName: sub.THREE
          vpiLocalParam: true
      vpiParamAssign (1 items):
        ParamAssign start:31:15 end:31:24:
          vpiParent: Module name:sub
          vpiLhs RefObj name:THREE start:31:15 end:31:20:
            vpiParent: ParamAssign
            vpiName: THREE
            vpiFullName: sub.THREE
            vpiActual: Parameter name:THREE
          vpiRhs Constant start:31:23 end:31:24:
            vpiParent: ParamAssign
            vpiTypespec RefTypespec:
              vpiParent: Constant
              vpiFullName: sub
              vpiActual: IntTypespec
            vpiConstType: unsigned int (9)
            vpiSize: 64
            vpiDecompile: "3"
            vpiValue: 3
      vpiTypespec (5 items):
        LogicTypespec:
          vpiParent: Module name:sub
        LogicTypespec:
          vpiParent: Module name:sub
          vpiRange (1 items):
            Range start:16:9 end:16:14:
              vpiParent: LogicTypespec
              vpiLeftRange Constant start:16:10 end:16:11:
                vpiParent: Range
                vpiTypespec RefTypespec:
                  vpiParent: Constant
                  vpiFullName: sub
                  vpiActual: IntTypespec
                vpiConstType: unsigned int (9)
                vpiSize: 64
                vpiDecompile: "5"
                vpiValue: 5
              vpiRightRange Constant start:16:12 end:16:13:
                vpiParent: Range
                vpiTypespec RefTypespec:
                  vpiParent: Constant
                  vpiFullName: sub
                  vpiActual: IntTypespec
                vpiConstType: unsigned int (9)
                vpiSize: 64
                vpiDecompile: "0"
                vpiValue: 0
          vpiVector: true
        LogicTypespec:
          vpiParent: Module name:sub
          vpiRange (1 items):
            Range start:18:9 end:18:14:
              vpiParent: LogicTypespec
              vpiLeftRange Constant start:18:10 end:18:11:
                vpiParent: Range
                vpiTypespec RefTypespec:
                  vpiParent: Constant
                  vpiFullName: sub
                  vpiActual: IntTypespec
                vpiConstType: unsigned int (9)
                vpiSize: 64
                vpiDecompile: "3"
                vpiValue: 3
              vpiRightRange Constant start:18:12 end:18:13:
                vpiParent: Range
                vpiTypespec RefTypespec:
                  vpiParent: Constant
                  vpiFullName: sub
                  vpiActual: IntTypespec
                vpiConstType: unsigned int (9)
                vpiSize: 64
                vpiDecompile: "0"
                vpiValue: 0
          vpiVector: true
        LogicTypespec:
          vpiParent: Module name:sub
          vpiRange (1 items):
            Range start:20:9 end:20:16:
              vpiParent: LogicTypespec
              vpiLeftRange Constant start:20:10 end:20:12:
                vpiParent: Range
                vpiTypespec RefTypespec:
                  vpiParent: Constant
                  vpiFullName: sub
                  vpiActual: IntTypespec
                vpiConstType: unsigned int (9)
                vpiSize: 64
                vpiDecompile: "15"
                vpiValue: 15
              vpiRightRange Constant start:20:13 end:20:15:
                vpiParent: Range
                vpiTypespec RefTypespec:
                  vpiParent: Constant
                  vpiFullName: sub
                  vpiActual: IntTypespec
                vpiConstType: unsigned int (9)
                vpiSize: 64
                vpiDecompile: "10"
                vpiValue: 10
          vpiVector: true
        LogicTypespec:
          vpiParent: Module name:sub
          vpiRange (1 items):
            Range start:27:9 end:27:14:
              vpiParent: LogicTypespec
              vpiLeftRange Constant start:27:10 end:27:11:
                vpiParent: Range
                vpiTypespec RefTypespec:
                  vpiParent: Constant
                  vpiFullName: sub
                  vpiActual: IntTypespec
                vpiConstType: unsigned int (9)
                vpiSize: 64
                vpiDecompile: "3"
                vpiValue: 3
              vpiRightRange Constant start:27:12 end:27:13:
                vpiParent: Range
                vpiTypespec RefTypespec:
                  vpiParent: Constant
                  vpiFullName: sub
                  vpiActual: IntTypespec
                vpiConstType: unsigned int (9)
                vpiSize: 64
                vpiDecompile: "0"
                vpiValue: 0
          vpiVector: true
      vpiDefName: sub
      vpiDefNetType: wire (1)
      vpiLibrary RefObj name:work:
        vpiParent: Module name:sub
        vpiName: work
        vpiFullName: sub.work
      vpiCell: sub
      vpiNet (6 items):
        Net name:pub start:14:9 end:14:12:
          vpiParent: Module name:sub
          vpiTypespec RefTypespec start:14:9 end:14:9:
            vpiParent: Net name:pub
            vpiFullName: sub.pub
            vpiActual: LogicTypespec
          vpiName: pub
          vpiFullName: sub.pub
          vpiNetType: wire (1)
          vpiScalar: true
        Net name:assunu1 start:16:15 end:16:22:
          vpiParent: Module name:sub
          vpiTypespec RefTypespec start:16:9 end:16:14:
            vpiParent: Net name:assunu1
            vpiFullName: sub.assunu1
            vpiActual: LogicTypespec
          vpiName: assunu1
          vpiFullName: sub.assunu1
          vpiNetType: wire (1)
          vpiVector: true
          vpiValue Constant start:16:25 end:16:26:
            vpiParent: Net name:assunu1
            vpiTypespec RefTypespec:
              vpiParent: Constant
              vpiFullName: sub.assunu1
              vpiActual: IntTypespec
            vpiConstType: unsigned int (9)
            vpiSize: 64
            vpiDecompile: "0"
            vpiValue: 0
        Net name:assunub2 start:18:15 end:18:23:
          vpiParent: Module name:sub
          vpiTypespec RefTypespec start:18:9 end:18:14:
            vpiParent: Net name:assunub2
            vpiFullName: sub.assunub2
            vpiActual: LogicTypespec
          vpiName: assunub2
          vpiFullName: sub.assunub2
          vpiNetType: wire (1)
          vpiVector: true
          vpiValue Constant start:18:26 end:18:27:
            vpiParent: Net name:assunub2
            vpiTypespec RefTypespec:
              vpiParent: Constant
              vpiFullName: sub.assunub2
              vpiActual: IntTypespec
            vpiConstType: unsigned int (9)
            vpiSize: 64
            vpiDecompile: "0"
            vpiValue: 0
        Net name:udrb2 start:20:17 end:20:22:
          vpiParent: Module name:sub
          vpiTypespec RefTypespec start:20:9 end:20:16:
            vpiParent: Net name:udrb2
            vpiFullName: sub.udrb2
            vpiActual: LogicTypespec
          vpiName: udrb2
          vpiFullName: sub.udrb2
          vpiNetType: wire (1)
          vpiVector: true
        Net name:unu3 start:25:15 end:25:19:
          vpiParent: Module name:sub
          vpiTypespec RefTypespec start:25:15 end:25:15:
            vpiParent: Net name:unu3
            vpiFullName: sub.unu3
            vpiActual: LogicTypespec
          vpiName: unu3
          vpiFullName: sub.unu3
          vpiNetType: wire (1)
          vpiScalar: true
        Net name:mixed start:27:15 end:27:20:
          vpiParent: Module name:sub
          vpiTypespec RefTypespec start:27:9 end:27:14:
            vpiParent: Net name:mixed
            vpiFullName: sub.mixed
            vpiActual: LogicTypespec
          vpiName: mixed
          vpiFullName: sub.mixed
          vpiNetType: wire (1)
          vpiVector: true
      vpiProcess (1 items):
        Initial start:33:4 end:37:7:
          vpiParent: Module name:sub
          vpiStmt Begin start:33:12 end:37:7:
            vpiParent: Initial
            vpiFullName: sub
            vpiStmt (3 items):
              IfStmt start:34:7 end:34:56:
                vpiParent: Begin
                vpiCondition Operation start:34:11 end:34:45:
                  vpiParent: IfStmt
                  vpiOpType: logical and (26)
                  vpiOperand (2 items):
                    Operation start:34:11 end:34:31:
                      vpiParent: Operation
                      vpiOpType: logical and (26)
                      vpiOperand (2 items):
                        Constant start:34:11 end:34:12:
                          vpiParent: Operation
                          vpiTypespec RefTypespec:
                            vpiParent: Constant
                            vpiFullName: sub
                            vpiActual: IntTypespec
                          vpiConstType: unsigned int (9)
                          vpiSize: 64
                          vpiDecompile: "0"
                          vpiValue: 0
                        Operation start:34:16 end:34:31:
                          vpiParent: Operation
                          vpiOpType: not equal (15)
                          vpiOperand (2 items):
                            BitSelect name:assunu1[0] start:34:16 end:34:26:
                              vpiParent: Operation
                              vpiName: assunu1[0]
                              vpiFullName: sub.assunu1[0]
                              vpiPrefix RefObj name:assunu1 start:34:16 end:34:23:
                                vpiParent: BitSelect name:assunu1[0]
                                vpiName: assunu1
                                vpiFullName: sub.assunu1
                                vpiActual: Net name:assunu1
                              vpiIndex Constant start:34:24 end:34:25:
                                vpiParent: BitSelect name:assunu1[0]
                                vpiTypespec RefTypespec:
                                  vpiParent: Constant
                                  vpiFullName: sub.assunu1[0]
                                  vpiActual: IntTypespec
                                vpiConstType: unsigned int (9)
                                vpiSize: 64
                                vpiDecompile: "0"
                                vpiValue: 0
                            Constant start:34:30 end:34:31:
                              vpiParent: Operation
                              vpiTypespec RefTypespec:
                                vpiParent: Constant
                                vpiFullName: sub
                                vpiActual: IntTypespec
                              vpiConstType: unsigned int (9)
                              vpiSize: 64
                              vpiDecompile: "0"
                              vpiValue: 0
                    Operation start:34:35 end:34:45:
                      vpiParent: Operation
                      vpiOpType: not equal (15)
                      vpiOperand (2 items):
                        RefObj name:udrb2 start:34:35 end:34:40:
                          vpiParent: Operation
                          vpiName: udrb2
                          vpiFullName: sub.udrb2
                          vpiActual: Net name:udrb2
                        Constant start:34:44 end:34:45:
                          vpiParent: Operation
                          vpiTypespec RefTypespec:
                            vpiParent: Constant
                            vpiFullName: sub
                            vpiActual: IntTypespec
                          vpiConstType: unsigned int (9)
                          vpiSize: 64
                          vpiDecompile: "0"
                          vpiValue: 0
                vpiStmt Begin start:34:47 end:34:56:
                  vpiParent: IfStmt
                  vpiFullName: sub
              IfStmt start:35:7 end:35:62:
                vpiParent: Begin
                vpiCondition Operation start:35:11 end:35:51:
                  vpiParent: IfStmt
                  vpiOpType: logical and (26)
                  vpiOperand (2 items):
                    Operation start:35:11 end:35:31:
                      vpiParent: Operation
                      vpiOpType: logical and (26)
                      vpiOperand (2 items):
                        Constant start:35:11 end:35:12:
                          vpiParent: Operation
                          vpiTypespec RefTypespec:
                            vpiParent: Constant
                            vpiFullName: sub
                            vpiActual: IntTypespec
                          vpiConstType: unsigned int (9)
                          vpiSize: 64
                          vpiDecompile: "0"
                          vpiValue: 0
                        BitSelect name:assunub2[THREE] start:35:16 end:35:31:
                          vpiParent: Operation
                          vpiName: assunub2[THREE]
                          vpiFullName: sub.assunub2[THREE]
                          vpiPrefix RefObj name:assunub2 start:35:16 end:35:24:
                            vpiParent: BitSelect name:assunub2[THREE]
                            vpiName: assunub2
                            vpiFullName: sub.assunub2
                            vpiActual: Net name:assunub2
                          vpiIndex RefObj name:THREE start:35:25 end:35:30:
                            vpiParent: BitSelect name:assunub2[THREE]
                            vpiName: THREE
                            vpiFullName: sub.THREE
                            vpiActual: Parameter name:THREE
                    Operation start:35:35 end:35:51:
                      vpiParent: Operation
                      vpiOpType: not equal (15)
                      vpiOperand (2 items):
                        PartSelect name:assunub2[1:0] start:35:35 end:35:48:
                          vpiParent: Operation
                          vpiName: assunub2[1:0]
                          vpiFullName: sub.assunub2[1:0]
                          vpiPrefix RefObj name:assunub2 start:35:35 end:35:43:
                            vpiParent: PartSelect name:assunub2[1:0]
                            vpiName: assunub2
                            vpiFullName: sub.assunub2[1:0].assunub2
                            vpiActual: Net name:assunub2
                          vpiRange Range start:35:44 end:35:47:
                            vpiParent: PartSelect name:assunub2[1:0]
                            vpiLeftRange Constant start:35:44 end:35:45:
                              vpiParent: Range
                              vpiTypespec RefTypespec:
                                vpiParent: Constant
                                vpiFullName: sub.assunub2[1:0]
                                vpiActual: IntTypespec
                              vpiConstType: unsigned int (9)
                              vpiSize: 64
                              vpiDecompile: "1"
                              vpiValue: 1
                            vpiRightRange Constant start:35:46 end:35:47:
                              vpiParent: Range
                              vpiTypespec RefTypespec:
                                vpiParent: Constant
                                vpiFullName: sub.assunub2[1:0]
                                vpiActual: IntTypespec
                              vpiConstType: unsigned int (9)
                              vpiSize: 64
                              vpiDecompile: "0"
                              vpiValue: 0
                        Constant start:35:50 end:35:51:
                          vpiParent: Operation
                          vpiTypespec RefTypespec:
                            vpiParent: Constant
                            vpiFullName: sub
                            vpiActual: IntTypespec
                          vpiConstType: unsigned int (9)
                          vpiSize: 64
                          vpiDecompile: "0"
                          vpiValue: 0
                vpiStmt Begin start:35:53 end:35:62:
                  vpiParent: IfStmt
                  vpiFullName: sub
              IfStmt start:36:7 end:36:42:
                vpiParent: Begin
                vpiCondition Operation start:36:11 end:36:31:
                  vpiParent: IfStmt
                  vpiOpType: logical and (26)
                  vpiOperand (2 items):
                    Constant start:36:11 end:36:12:
                      vpiParent: Operation
                      vpiTypespec RefTypespec:
                        vpiParent: Constant
                        vpiFullName: sub
                        vpiActual: IntTypespec
                      vpiConstType: unsigned int (9)
                      vpiSize: 64
                      vpiDecompile: "0"
                      vpiValue: 0
                    Operation start:36:16 end:36:31:
                      vpiParent: Operation
                      vpiOpType: not equal (15)
                      vpiOperand (2 items):
                        PartSelect name:mixed[1:0] start:36:16 end:36:26:
                          vpiParent: Operation
                          vpiName: mixed[1:0]
                          vpiFullName: sub.mixed[1:0]
                          vpiPrefix RefObj name:mixed start:36:16 end:36:21:
                            vpiParent: PartSelect name:mixed[1:0]
                            vpiName: mixed
                            vpiFullName: sub.mixed[1:0].mixed
                            vpiActual: Net name:mixed
                          vpiRange Range start:36:22 end:36:25:
                            vpiParent: PartSelect name:mixed[1:0]
                            vpiLeftRange Constant start:36:22 end:36:23:
                              vpiParent: Range
                              vpiTypespec RefTypespec:
                                vpiParent: Constant
                                vpiFullName: sub.mixed[1:0]
                                vpiActual: IntTypespec
                              vpiConstType: unsigned int (9)
                              vpiSize: 64
                              vpiDecompile: "1"
                              vpiValue: 1
                            vpiRightRange Constant start:36:24 end:36:25:
                              vpiParent: Range
                              vpiTypespec RefTypespec:
                                vpiParent: Constant
                                vpiFullName: sub.mixed[1:0]
                                vpiActual: IntTypespec
                              vpiConstType: unsigned int (9)
                              vpiSize: 64
                              vpiDecompile: "0"
                              vpiValue: 0
                        Constant start:36:30 end:36:31:
                          vpiParent: Operation
                          vpiTypespec RefTypespec:
                            vpiParent: Constant
                            vpiFullName: sub
                            vpiActual: IntTypespec
                          vpiConstType: unsigned int (9)
                          vpiSize: 64
                          vpiDecompile: "0"
                          vpiValue: 0
                vpiStmt Begin start:36:33 end:36:42:
                  vpiParent: IfStmt
                  vpiFullName: sub
      vpiContAssign (5 items):
        ContAssign start:21:11 end:21:24:
          vpiParent: Module name:sub
          vpiLhs BitSelect name:udrb2[15] start:21:11 end:21:20:
            vpiParent: ContAssign
            vpiName: udrb2[15]
            vpiFullName: sub.udrb2[15]
            vpiPrefix RefObj name:udrb2 start:21:11 end:21:16:
              vpiParent: BitSelect name:udrb2[15]
              vpiName: udrb2
              vpiFullName: sub.udrb2
              vpiActual: Net name:udrb2
            vpiIndex Constant start:21:17 end:21:19:
              vpiParent: BitSelect name:udrb2[15]
              vpiTypespec RefTypespec:
                vpiParent: Constant
                vpiFullName: sub.udrb2[15]
                vpiActual: IntTypespec
              vpiConstType: unsigned int (9)
              vpiSize: 64
              vpiDecompile: "15"
              vpiValue: 15
          vpiRhs Constant start:21:23 end:21:24:
            vpiParent: ContAssign
            vpiTypespec RefTypespec:
              vpiParent: Constant
              vpiFullName: sub
              vpiActual: IntTypespec
            vpiConstType: unsigned int (9)
            vpiSize: 64
            vpiDecompile: "0"
            vpiValue: 0
        ContAssign start:22:11 end:22:24:
          vpiParent: Module name:sub
          vpiLhs BitSelect name:udrb2[12] start:22:11 end:22:20:
            vpiParent: ContAssign
            vpiName: udrb2[12]
            vpiFullName: sub.udrb2[12]
            vpiPrefix RefObj name:udrb2 start:22:11 end:22:16:
              vpiParent: BitSelect name:udrb2[12]
              vpiName: udrb2
              vpiFullName: sub.udrb2
              vpiActual: Net name:udrb2
            vpiIndex Constant start:22:17 end:22:19:
              vpiParent: BitSelect name:udrb2[12]
              vpiTypespec RefTypespec:
                vpiParent: Constant
                vpiFullName: sub.udrb2[12]
                vpiActual: IntTypespec
              vpiConstType: unsigned int (9)
              vpiSize: 64
              vpiDecompile: "12"
              vpiValue: 12
          vpiRhs Constant start:22:23 end:22:24:
            vpiParent: ContAssign
            vpiTypespec RefTypespec:
              vpiParent: Constant
              vpiFullName: sub
              vpiActual: IntTypespec
            vpiConstType: unsigned int (9)
            vpiSize: 64
            vpiDecompile: "0"
            vpiValue: 0
        ContAssign start:23:11 end:23:24:
          vpiParent: Module name:sub
          vpiLhs BitSelect name:udrb2[10] start:23:11 end:23:20:
            vpiParent: ContAssign
            vpiName: udrb2[10]
            vpiFullName: sub.udrb2[10]
            vpiPrefix RefObj name:udrb2 start:23:11 end:23:16:
              vpiParent: BitSelect name:udrb2[10]
              vpiName: udrb2
              vpiFullName: sub.udrb2
              vpiActual: Net name:udrb2
            vpiIndex Constant start:23:17 end:23:19:
              vpiParent: BitSelect name:udrb2[10]
              vpiTypespec RefTypespec:
                vpiParent: Constant
                vpiFullName: sub.udrb2[10]
                vpiActual: IntTypespec
              vpiConstType: unsigned int (9)
              vpiSize: 64
              vpiDecompile: "10"
              vpiValue: 10
          vpiRhs Constant start:23:23 end:23:24:
            vpiParent: ContAssign
            vpiTypespec RefTypespec:
              vpiParent: Constant
              vpiFullName: sub
              vpiActual: IntTypespec
            vpiConstType: unsigned int (9)
            vpiSize: 64
            vpiDecompile: "0"
            vpiValue: 0
        ContAssign start:28:11 end:28:23:
          vpiParent: Module name:sub
          vpiLhs BitSelect name:mixed[2] start:28:11 end:28:19:
            vpiParent: ContAssign
            vpiName: mixed[2]
            vpiFullName: sub.mixed[2]
            vpiPrefix RefObj name:mixed start:28:11 end:28:16:
              vpiParent: BitSelect name:mixed[2]
              vpiName: mixed
              vpiFullName: sub.mixed
              vpiActual: Net name:mixed
            vpiIndex Constant start:28:17 end:28:18:
              vpiParent: BitSelect name:mixed[2]
              vpiTypespec RefTypespec:
                vpiParent: Constant
                vpiFullName: sub.mixed[2]
                vpiActual: IntTypespec
              vpiConstType: unsigned int (9)
              vpiSize: 64
              vpiDecompile: "2"
              vpiValue: 2
          vpiRhs Constant start:28:22 end:28:23:
            vpiParent: ContAssign
            vpiTypespec RefTypespec:
              vpiParent: Constant
              vpiFullName: sub
              vpiActual: IntTypespec
            vpiConstType: unsigned int (9)
            vpiSize: 64
            vpiDecompile: "0"
            vpiValue: 0
        ContAssign start:29:11 end:29:23:
          vpiParent: Module name:sub
          vpiLhs BitSelect name:mixed[0] start:29:11 end:29:19:
            vpiParent: ContAssign
            vpiName: mixed[0]
            vpiFullName: sub.mixed[0]
            vpiPrefix RefObj name:mixed start:29:11 end:29:16:
              vpiParent: BitSelect name:mixed[0]
              vpiName: mixed
              vpiFullName: sub.mixed
              vpiActual: Net name:mixed
            vpiIndex Constant start:29:17 end:29:18:
              vpiParent: BitSelect name:mixed[0]
              vpiTypespec RefTypespec:
                vpiParent: Constant
                vpiFullName: sub.mixed[0]
                vpiActual: IntTypespec
              vpiConstType: unsigned int (9)
              vpiSize: 64
              vpiDecompile: "0"
              vpiValue: 0
          vpiRhs Constant start:29:22 end:29:23:
            vpiParent: ContAssign
            vpiTypespec RefTypespec:
              vpiParent: Constant
              vpiFullName: sub
              vpiActual: IntTypespec
            vpiConstType: unsigned int (9)
            vpiSize: 64
            vpiDecompile: "0"
            vpiValue: 0
  vpiTypespec (3 items):
    ModuleTypespec name:t:
      vpiParent: Design name:unnamed
      vpiName Identifier name:t start:6:8 end:6:9:
        vpiParent: ModuleTypespec name:t
        vpiName: t
      vpiModule: Module name:t
    ModuleTypespec name:sub:
      vpiParent: Design name:unnamed
      vpiName Identifier name:sub start:12:8 end:12:11:
        vpiParent: ModuleTypespec name:sub
        vpiName: sub
      vpiModule: Module name:sub
    IntTypespec:
      vpiParent: Design name:unnamed
      vpiSigned: true
===================
[  FATAL] : 0
[ SYNTAX] : 0
[  ERROR] : 0
[WARNING] : 0
[   NOTE] : 0
********************************************************************************
*                    End HLC SystemVerilog Compiler/Linter                     *
********************************************************************************

#**#**#**#**#**#**#**#**#**#**#**#**#**#**#**#**#**#**#**#**#**#**#**#**#**#**#**#**#**#**#**#**#**#**#**#**#**#**#**#**

Environment:
      test-name: Verilator/t_lint_unused_bad
   test-dirpath: ${HLC_DIR}/regression/Verilator/t_lint_unused_bad
  hldb-filepath: ${HLC_DIR}/regression/Verilator/t_lint_unused_bad/design.hldb
mounts-filepath: ${HLC_DIR}/regression/Verilator/t_lint_unused_bad/mounts.json


{'result': {'coverage': 100.0,
            'error_count': 0,
            'file_count': 1,
            'files': {'$Output/lib/work/t_lint_unused_bad.v': {'post_len': 0,
                                                               'pre_len': 471}},
            'post_len': 0,
            'pre_len': 471,
            'test_name': 'Verilator/t_lint_unused_bad'}}

+--------------------------------------+----------+-----------+
| INPUT                                |   PRELEN |   POSTLEN |
+======================================+==========+===========+
| $Output/lib/work/t_lint_unused_bad.v |      471 |         0 |
+======================================+==========+===========+
|                                      |      471 |         0 |
+--------------------------------------+----------+-----------+

[   ERROR] : 0
[COVERAGE] : 100.0


#**#**#**#**#**#**#**#**#**#**#**#**#**#**#**#**#**#**#**#**#**#**#**#**#**#**#**#**#**#**#**#**#**#**#**#**#**#**#**#**

COMMAND: ${HLC_DIR}/regression/Verilator/t_lint_unused_bad/design.hldb ${HLC_DIR}/regression/Verilator/t_lint_unused_bad/reduced.hldb

==================== BEGIN REDUCTION RESULT ====================
Name                            Before   After   Added   Removed
----------------------------------------------------------------
----------------------------------------------------------------
Others                             152     152       0         0
----------------------------------------------------------------
                                   152     152       0         0
===================== END REDUCTION RESULT =====================
