********************************************************************************
*                   Begin HLC SystemVerilog Compiler/Linter                    *
********************************************************************************
Copyright (c) 2020 Apotell,
http://www.apache.org/licenses/LICENSE-2.0
VERSION: 1.84
COMMAND: -wd ../../../tests/TaskDecls -d db -d ast dut.sv -mt 0 -d dbstats -d cache -writepp -d db -nostdout -o ${HLC_DIR}/regression/TaskDecls/TaskDecls
[INF:CM5022] Creating log file "$Output/hlc.log".
[INF:PP5223] Preprocessing source file "$Source01/dut.sv".
[INF:PP5223] Preprocessing source file "$Scratch/0_builtin.sv".
[INF:PA5502] Parsing source file "$Source01/dut.sv".
[INF:PA5502] Parsing source file "$Scratch/0_builtin.sv".
AST_DEBUG_BEGIN
Count: 231
LIB: work
FILE<0>:$Source01/dut.sv
n<$Source01/dut.sv> u<230> t<Top_level_rule> c<1> l<1:1> el<39:1>
  n<> u<1> t<Null_rule> p<230> s<229> l<1:1>
  n<> u<229> t<Source_text> p<230> c<66> l<1:1> el<38:10>
    n<> u<66> t<Description> p<229> c<65> s<67> l<1:1> el<15:11>
      n<> u<65> t<Package_declaration> p<66> c<2> l<1:1> el<15:11>
        n<> u<2> t<PACKAGE> p<65> s<3> l<1:1> el<1:8>
        n<uvm_pkg> u<3> t<SIMPLE_IDENTIFIER> p<65> s<63> l<1:9> el<1:16>
        n<> u<63> t<Package_item> p<65> c<62> s<64> l<3:1> el<13:8>
          n<> u<62> t<Package_or_generate_item_declaration> p<63> c<61> l<3:1> el<13:8>
            n<> u<61> t<Task_declaration> p<62> c<60> l<3:1> el<13:8>
              n<> u<60> t<Task_body_declaration> p<61> c<4> l<3:6> el<13:8>
                n<uvm_wait_for_nba_region> u<4> t<SIMPLE_IDENTIFIER> p<60> s<23> l<3:6> el<3:29>
                n<> u<23> t<Tf_item_declaration_list> p<60> c<13> s<33> l<5:3> el<6:16>
                  n<> u<13> t<Tf_item_declaration> p<23> c<12> s<22> l<5:3> el<5:11>
                    n<> u<12> t<Block_item_declaration> p<13> c<11> l<5:3> el<5:11>
                      n<> u<11> t<Data_declaration> p<12> c<10> l<5:3> el<5:11>
                        n<> u<10> t<Variable_declaration> p<11> c<6> l<5:3> el<5:11>
                          n<> u<6> t<Data_type> p<10> c<5> s<9> l<5:3> el<5:6>
                            n<> u<5> t<INT> p<6> l<5:3> el<5:6>
                          n<> u<9> t<Variable_decl_assignment_list> p<10> c<8> l<5:7> el<5:10>
                            n<> u<8> t<Variable_decl_assignment> p<9> c<7> l<5:7> el<5:10>
                              n<nba> u<7> t<SIMPLE_IDENTIFIER> p<8> l<5:7> el<5:10>
                  n<> u<22> t<Tf_item_declaration> p<23> c<21> l<6:3> el<6:16>
                    n<> u<21> t<Block_item_declaration> p<22> c<20> l<6:3> el<6:16>
                      n<> u<20> t<Data_declaration> p<21> c<19> l<6:3> el<6:16>
                        n<> u<19> t<Variable_declaration> p<20> c<15> l<6:3> el<6:16>
                          n<> u<15> t<Data_type> p<19> c<14> s<18> l<6:3> el<6:6>
                            n<> u<14> t<INT> p<15> l<6:3> el<6:6>
                          n<> u<18> t<Variable_decl_assignment_list> p<19> c<17> l<6:7> el<6:15>
                            n<> u<17> t<Variable_decl_assignment> p<18> c<16> l<6:7> el<6:15>
                              n<next_nba> u<16> t<SIMPLE_IDENTIFIER> p<17> l<6:7> el<6:15>
                n<> u<33> t<Statement_or_null> p<60> c<32> s<46> l<8:3> el<8:14>
                  n<> u<32> t<Statement> p<33> c<31> l<8:3> el<8:14>
                    n<> u<31> t<Statement_item> p<32> c<30> l<8:3> el<8:14>
                      n<> u<30> t<Inc_or_dec_expression> p<31> c<28> l<8:3> el<8:13>
                        n<> u<28> t<Variable_lvalue> p<30> c<25> s<29> l<8:3> el<8:11>
                          n<> u<25> t<Ps_or_hierarchical_identifier> p<28> c<24> s<27> l<8:3> el<8:11>
                            n<next_nba> u<24> t<SIMPLE_IDENTIFIER> p<25> l<8:3> el<8:11>
                          n<> u<27> t<Select> p<28> c<26> l<8:11> el<8:11>
                            n<> u<26> t<Bit_select> p<27> l<8:11> el<8:11>
                        n<> u<29> t<PLUSPLUS> p<30> l<8:11> el<8:13>
                n<> u<46> t<Statement_or_null> p<60> c<45> s<58> l<9:3> el<9:19>
                  n<> u<45> t<Statement> p<46> c<44> l<9:3> el<9:19>
                    n<> u<44> t<Statement_item> p<45> c<43> l<9:3> el<9:19>
                      n<> u<43> t<Nonblocking_assignment> p<44> c<38> l<9:3> el<9:18>
                        n<> u<38> t<Variable_lvalue> p<43> c<35> s<42> l<9:3> el<9:6>
                          n<> u<35> t<Ps_or_hierarchical_identifier> p<38> c<34> s<37> l<9:3> el<9:6>
                            n<nba> u<34> t<SIMPLE_IDENTIFIER> p<35> l<9:3> el<9:6>
                          n<> u<37> t<Select> p<38> c<36> l<9:7> el<9:7>
                            n<> u<36> t<Bit_select> p<37> l<9:7> el<9:7>
                        n<> u<42> t<Expression> p<43> c<41> l<9:10> el<9:18>
                          n<> u<41> t<Primary> p<42> c<40> l<9:10> el<9:18>
                            n<> u<40> t<Primary_literal> p<41> c<39> l<9:10> el<9:18>
                              n<next_nba> u<39> t<SIMPLE_IDENTIFIER> p<40> l<9:10> el<9:18>
                n<> u<58> t<Statement_or_null> p<60> c<57> s<59> l<10:3> el<10:10>
                  n<> u<57> t<Statement> p<58> c<56> l<10:3> el<10:10>
                    n<> u<56> t<Statement_item> p<57> c<55> l<10:3> el<10:10>
                      n<> u<55> t<Procedural_timing_control_statement> p<56> c<53> l<10:3> el<10:10>
                        n<> u<53> t<Procedural_timing_control> p<55> c<52> s<54> l<10:3> el<10:9>
                          n<> u<52> t<Event_control> p<53> c<51> l<10:3> el<10:9>
                            n<> u<51> t<Event_expression> p<52> c<50> l<10:5> el<10:8>
                              n<> u<50> t<Expression> p<51> c<49> l<10:5> el<10:8>
                                n<> u<49> t<Primary> p<50> c<48> l<10:5> el<10:8>
                                  n<> u<48> t<Primary_literal> p<49> c<47> l<10:5> el<10:8>
                                    n<nba> u<47> t<SIMPLE_IDENTIFIER> p<48> l<10:5> el<10:8>
                        n<> u<54> t<Statement_or_null> p<55> l<10:9> el<10:10>
                n<> u<59> t<ENDTASK> p<60> l<13:1> el<13:8>
        n<> u<64> t<ENDPACKAGE> p<65> l<15:1> el<15:11>
    n<// uvm_pkg> u<67> t<LINE_COMMENT> p<229> s<228> l<15:12> el<15:22>
    n<> u<228> t<Description> p<229> c<227> l<18:1> el<38:10>
      n<> u<227> t<Module_declaration> p<228> c<71> l<18:1> el<38:10>
        n<> u<71> t<Module_ansi_header> p<227> c<68> s<87> l<18:1> el<18:19>
          n<module> u<68> t<MODULE> p<71> s<69> l<18:1> el<18:7>
          n<gen_errors> u<69> t<SIMPLE_IDENTIFIER> p<71> s<70> l<18:8> el<18:18>
          n<> u<70> t<Package_import_declaration_list> p<71> l<18:18> el<18:18>
        n<> u<87> t<Non_port_module_item> p<227> c<86> s<225> l<19:2> el<19:24>
          n<> u<86> t<Module_or_generate_item> p<87> c<85> l<19:2> el<19:24>
            n<> u<85> t<Module_common_item> p<86> c<84> l<19:2> el<19:24>
              n<> u<84> t<Module_or_generate_item_declaration> p<85> c<83> l<19:2> el<19:24>
                n<> u<83> t<Package_or_generate_item_declaration> p<84> c<82> l<19:2> el<19:24>
                  n<> u<82> t<Parameter_declaration> p<83> c<72> l<19:2> el<19:23>
                    n<> u<72> t<Data_type_or_implicit> p<82> s<81> l<19:12> el<19:12>
                    n<> u<81> t<Param_assignment_list> p<82> c<80> l<19:12> el<19:23>
                      n<> u<80> t<Param_assignment> p<81> c<73> l<19:12> el<19:23>
                        n<width_a> u<73> t<SIMPLE_IDENTIFIER> p<80> s<79> l<19:12> el<19:19>
                        n<> u<79> t<Constant_param_expression> p<80> c<78> l<19:22> el<19:23>
                          n<> u<78> t<Constant_mintypmax_expression> p<79> c<77> l<19:22> el<19:23>
                            n<> u<77> t<Constant_expression> p<78> c<76> l<19:22> el<19:23>
                              n<> u<76> t<Constant_primary> p<77> c<75> l<19:22> el<19:23>
                                n<> u<75> t<Primary_literal> p<76> c<74> l<19:22> el<19:23>
                                  n<8> u<74> t<INTEGRAL_NUMBER> p<75> l<19:22> el<19:23>
        n<> u<225> t<Non_port_module_item> p<227> c<224> s<226> l<20:4> el<35:11>
          n<> u<224> t<Module_or_generate_item> p<225> c<223> l<20:4> el<35:11>
            n<> u<223> t<Module_common_item> p<224> c<222> l<20:4> el<35:11>
              n<> u<222> t<Module_or_generate_item_declaration> p<223> c<221> l<20:4> el<35:11>
                n<> u<221> t<Package_or_generate_item_declaration> p<222> c<220> l<20:4> el<35:11>
                  n<> u<220> t<Task_declaration> p<221> c<219> l<20:4> el<35:11>
                    n<> u<219> t<Task_body_declaration> p<220> c<88> l<20:9> el<35:11>
                      n<A> u<88> t<SIMPLE_IDENTIFIER> p<219> s<198> l<20:9> el<20:10>
                      n<> u<198> t<Tf_item_declaration_list> p<219> c<110> s<217> l<21:6> el<30:31>
                        n<> u<110> t<Tf_item_declaration> p<198> c<109> s<116> l<21:6> el<21:28>
                          n<> u<109> t<Tf_port_declaration> p<110> c<89> l<21:6> el<21:28>
                            n<> u<89> t<INPUT> p<109> s<106> l<21:6> el<21:11>
                            n<> u<106> t<Data_type_or_implicit> p<109> c<105> s<108> l<21:12> el<21:25>
                              n<> u<105> t<Packed_dimension> p<106> c<104> l<21:12> el<21:25>
                                n<> u<104> t<Constant_range> p<105> c<99> l<21:13> el<21:24>
                                  n<> u<99> t<Constant_expression> p<104> c<93> s<103> l<21:13> el<21:22>
                                    n<> u<93> t<Constant_expression> p<99> c<92> s<98> l<21:13> el<21:20>
                                      n<> u<92> t<Constant_primary> p<93> c<91> l<21:13> el<21:20>
                                        n<> u<91> t<Primary_literal> p<92> c<90> l<21:13> el<21:20>
                                          n<width_a> u<90> t<SIMPLE_IDENTIFIER> p<91> l<21:13> el<21:20>
                                    n<> u<98> t<BinaryOp_Minus> p<99> s<97> l<21:20> el<21:21>
                                    n<> u<97> t<Constant_expression> p<99> c<96> l<21:21> el<21:22>
                                      n<> u<96> t<Constant_primary> p<97> c<95> l<21:21> el<21:22>
                                        n<> u<95> t<Primary_literal> p<96> c<94> l<21:21> el<21:22>
                                          n<1> u<94> t<INTEGRAL_NUMBER> p<95> l<21:21> el<21:22>
                                  n<> u<103> t<Constant_expression> p<104> c<102> l<21:23> el<21:24>
                                    n<> u<102> t<Constant_primary> p<103> c<101> l<21:23> el<21:24>
                                      n<> u<101> t<Primary_literal> p<102> c<100> l<21:23> el<21:24>
                                        n<0> u<100> t<INTEGRAL_NUMBER> p<101> l<21:23> el<21:24>
                            n<> u<108> t<Tf_variable_identifier_list> p<109> c<107> l<21:26> el<21:27>
                              n<l> u<107> t<SIMPLE_IDENTIFIER> p<108> l<21:26> el<21:27>
                        n<> u<116> t<Tf_item_declaration> p<198> c<115> s<125> l<23:6> el<23:15>
                          n<> u<115> t<Tf_port_declaration> p<116> c<111> l<23:6> el<23:15>
                            n<> u<111> t<INPUT> p<115> s<112> l<23:6> el<23:11>
                            n<> u<112> t<Data_type_or_implicit> p<115> s<114> l<23:13> el<23:13>
                            n<> u<114> t<Tf_variable_identifier_list> p<115> c<113> l<23:13> el<23:14>
                              n<B> u<113> t<SIMPLE_IDENTIFIER> p<114> l<23:13> el<23:14>
                        n<> u<125> t<Tf_item_declaration> p<198> c<124> s<131> l<24:6> el<24:16>
                          n<> u<124> t<Block_item_declaration> p<125> c<123> l<24:6> el<24:16>
                            n<> u<123> t<Data_declaration> p<124> c<122> l<24:6> el<24:16>
                              n<> u<122> t<Variable_declaration> p<123> c<118> l<24:6> el<24:16>
                                n<> u<118> t<Data_type> p<122> c<117> s<121> l<24:6> el<24:13>
                                  n<> u<117> t<INTEGER> p<118> l<24:6> el<24:13>
                                n<> u<121> t<Variable_decl_assignment_list> p<122> c<120> l<24:14> el<24:15>
                                  n<> u<120> t<Variable_decl_assignment> p<121> c<119> l<24:14> el<24:15>
                                    n<B> u<119> t<SIMPLE_IDENTIFIER> p<120> l<24:14> el<24:15>
                        n<> u<131> t<Tf_item_declaration> p<198> c<130> s<140> l<25:6> el<25:16>
                          n<> u<130> t<Tf_port_declaration> p<131> c<126> l<25:6> el<25:16>
                            n<> u<126> t<OUTPUT> p<130> s<127> l<25:6> el<25:12>
                            n<> u<127> t<Data_type_or_implicit> p<130> s<129> l<25:14> el<25:14>
                            n<> u<129> t<Tf_variable_identifier_list> p<130> c<128> l<25:14> el<25:15>
                              n<C> u<128> t<SIMPLE_IDENTIFIER> p<129> l<25:14> el<25:15>
                        n<> u<140> t<Tf_item_declaration> p<198> c<139> s<156> l<26:6> el<26:16>
                          n<> u<139> t<Block_item_declaration> p<140> c<138> l<26:6> el<26:16>
                            n<> u<138> t<Data_declaration> p<139> c<137> l<26:6> el<26:16>
                              n<> u<137> t<Variable_declaration> p<138> c<133> l<26:6> el<26:16>
                                n<> u<133> t<Data_type> p<137> c<132> s<136> l<26:6> el<26:13>
                                  n<> u<132> t<INTEGER> p<133> l<26:6> el<26:13>
                                n<> u<136> t<Variable_decl_assignment_list> p<137> c<135> l<26:14> el<26:15>
                                  n<> u<135> t<Variable_decl_assignment> p<136> c<134> l<26:14> el<26:15>
                                    n<C> u<134> t<SIMPLE_IDENTIFIER> p<135> l<26:14> el<26:15>
                        n<> u<156> t<Tf_item_declaration> p<198> c<155> s<175> l<27:6> el<27:21>
                          n<> u<155> t<Tf_port_declaration> p<156> c<141> l<27:6> el<27:21>
                            n<> u<141> t<INOUT> p<155> s<152> l<27:6> el<27:11>
                            n<> u<152> t<Data_type_or_implicit> p<155> c<151> s<154> l<27:12> el<27:18>
                              n<> u<151> t<Packed_dimension> p<152> c<150> l<27:12> el<27:18>
                                n<> u<150> t<Constant_range> p<151> c<145> l<27:13> el<27:17>
                                  n<> u<145> t<Constant_expression> p<150> c<144> s<149> l<27:13> el<27:15>
                                    n<> u<144> t<Constant_primary> p<145> c<143> l<27:13> el<27:15>
                                      n<> u<143> t<Primary_literal> p<144> c<142> l<27:13> el<27:15>
                                        n<31> u<142> t<INTEGRAL_NUMBER> p<143> l<27:13> el<27:15>
                                  n<> u<149> t<Constant_expression> p<150> c<148> l<27:16> el<27:17>
                                    n<> u<148> t<Constant_primary> p<149> c<147> l<27:16> el<27:17>
                                      n<> u<147> t<Primary_literal> p<148> c<146> l<27:16> el<27:17>
                                        n<0> u<146> t<INTEGRAL_NUMBER> p<147> l<27:16> el<27:17>
                            n<> u<154> t<Tf_variable_identifier_list> p<155> c<153> l<27:19> el<27:20>
                              n<E> u<153> t<SIMPLE_IDENTIFIER> p<154> l<27:19> el<27:20>
                        n<> u<175> t<Tf_item_declaration> p<198> c<174> s<184> l<28:6> el<28:21>
                          n<> u<174> t<Block_item_declaration> p<175> c<173> l<28:6> el<28:21>
                            n<> u<173> t<Data_declaration> p<174> c<172> l<28:6> el<28:21>
                              n<> u<172> t<Variable_declaration> p<173> c<168> l<28:6> el<28:21>
                                n<> u<168> t<Data_type> p<172> c<157> s<171> l<28:6> el<28:18>
                                  n<> u<157> t<REG> p<168> s<167> l<28:6> el<28:9>
                                  n<> u<167> t<Packed_dimension> p<168> c<166> l<28:12> el<28:18>
                                    n<> u<166> t<Constant_range> p<167> c<161> l<28:13> el<28:17>
                                      n<> u<161> t<Constant_expression> p<166> c<160> s<165> l<28:13> el<28:15>
                                        n<> u<160> t<Constant_primary> p<161> c<159> l<28:13> el<28:15>
                                          n<> u<159> t<Primary_literal> p<160> c<158> l<28:13> el<28:15>
                                            n<31> u<158> t<INTEGRAL_NUMBER> p<159> l<28:13> el<28:15>
                                      n<> u<165> t<Constant_expression> p<166> c<164> l<28:16> el<28:17>
                                        n<> u<164> t<Constant_primary> p<165> c<163> l<28:16> el<28:17>
                                          n<> u<163> t<Primary_literal> p<164> c<162> l<28:16> el<28:17>
                                            n<0> u<162> t<INTEGRAL_NUMBER> p<163> l<28:16> el<28:17>
                                n<> u<171> t<Variable_decl_assignment_list> p<172> c<170> l<28:19> el<28:20>
                                  n<> u<170> t<Variable_decl_assignment> p<171> c<169> l<28:19> el<28:20>
                                    n<E> u<169> t<SIMPLE_IDENTIFIER> p<170> l<28:19> el<28:20>
                        n<> u<184> t<Tf_item_declaration> p<198> c<183> s<197> l<29:6> el<29:23>
                          n<> u<183> t<Block_item_declaration> p<184> c<182> l<29:6> el<29:23>
                            n<> u<182> t<Data_declaration> p<183> c<181> l<29:6> el<29:23>
                              n<> u<181> t<Variable_declaration> p<182> c<177> l<29:6> el<29:23>
                                n<> u<177> t<Data_type> p<181> c<176> s<180> l<29:6> el<29:13>
                                  n<> u<176> t<INTEGER> p<177> l<29:6> el<29:13>
                                n<> u<180> t<Variable_decl_assignment_list> p<181> c<179> l<29:14> el<29:22>
                                  n<> u<179> t<Variable_decl_assignment> p<180> c<178> l<29:14> el<29:22>
                                    n<internal> u<178> t<SIMPLE_IDENTIFIER> p<179> l<29:14> el<29:22>
                        n<> u<197> t<Tf_item_declaration> p<198> c<196> l<30:6> el<30:31>
                          n<> u<196> t<Block_item_declaration> p<197> c<195> l<30:6> el<30:31>
                            n<> u<195> t<Parameter_declaration> p<196> c<185> l<30:6> el<30:30>
                              n<> u<185> t<Data_type_or_implicit> p<195> s<194> l<30:16> el<30:16>
                              n<> u<194> t<Param_assignment_list> p<195> c<193> l<30:16> el<30:30>
                                n<> u<193> t<Param_assignment> p<194> c<186> l<30:16> el<30:30>
                                  n<llen> u<186> t<SIMPLE_IDENTIFIER> p<193> s<192> l<30:16> el<30:20>
                                  n<> u<192> t<Constant_param_expression> p<193> c<191> l<30:23> el<30:30>
                                    n<> u<191> t<Constant_mintypmax_expression> p<192> c<190> l<30:23> el<30:30>
                                      n<> u<190> t<Constant_expression> p<191> c<189> l<30:23> el<30:30>
                                        n<> u<189> t<Constant_primary> p<190> c<188> l<30:23> el<30:30>
                                          n<> u<188> t<Primary_literal> p<189> c<187> l<30:23> el<30:30>
                                            n<width_a> u<187> t<SIMPLE_IDENTIFIER> p<188> l<30:23> el<30:30>
                      n<> u<217> t<Statement_or_null> p<219> c<216> s<218> l<31:6> el<33:9>
                        n<> u<216> t<Statement> p<217> c<215> l<31:6> el<33:9>
                          n<> u<215> t<Statement_item> p<216> c<214> l<31:6> el<33:9>
                            n<> u<214> t<Seq_block> p<215> c<212> l<31:6> el<33:9>
                              n<> u<212> t<Statement_or_null> p<214> c<211> s<213> l<32:8> el<32:14>
                                n<> u<211> t<Statement> p<212> c<210> l<32:8> el<32:14>
                                  n<> u<210> t<Statement_item> p<211> c<209> l<32:8> el<32:14>
                                    n<> u<209> t<Blocking_assignment> p<210> c<208> l<32:8> el<32:13>
                                      n<> u<208> t<Variable_assignment> p<209> c<203> l<32:8> el<32:13>
                                        n<> u<203> t<Variable_lvalue> p<208> c<200> s<207> l<32:8> el<32:9>
                                          n<> u<200> t<Ps_or_hierarchical_identifier> p<203> c<199> s<202> l<32:8> el<32:9>
                                            n<C> u<199> t<SIMPLE_IDENTIFIER> p<200> l<32:8> el<32:9>
                                          n<> u<202> t<Select> p<203> c<201> l<32:10> el<32:10>
                                            n<> u<201> t<Bit_select> p<202> l<32:10> el<32:10>
                                        n<> u<207> t<Expression> p<208> c<206> l<32:12> el<32:13>
                                          n<> u<206> t<Primary> p<207> c<205> l<32:12> el<32:13>
                                            n<> u<205> t<Primary_literal> p<206> c<204> l<32:12> el<32:13>
                                              n<B> u<204> t<SIMPLE_IDENTIFIER> p<205> l<32:12> el<32:13>
                              n<> u<213> t<END> p<214> l<33:6> el<33:9>
                      n<> u<218> t<ENDTASK> p<219> l<35:4> el<35:11>
        n<> u<226> t<ENDMODULE> p<227> l<38:1> el<38:10>
AST_DEBUG_END
[INF:CP5802] $Source01/dut.sv:1:1: Compile package "uvm_pkg".
[INF:CP5804] $Source01/dut.sv:18:1: Compile module "gen_errors".
[WRN:PA5506] $Source01/dut.sv:1:1: No timescale set for "uvm_pkg".
[WRN:PA5506] $Source01/dut.sv:18:1: No timescale set for "gen_errors".
[ERR:DB2038] 'vpiStmt' property value has invalid objects.
====== HLDB =======
Design name:unnamed:
  vpiName: unnamed
  vpiSourceFile (1 items):
    SourceFile name:dut.sv file:$Source01/dut.sv:
      vpiParent: Design name:unnamed
      vpiName: dut.sv
      vpiPreprocFile: "$Output/lib/work/dut.sv"
  vpiAllPackages (1 items):
    Package name:uvm_pkg file:$Source01/dut.sv start:1:1 end:15:11:
      vpiParent: Design name:unnamed
      vpiName Identifier name:uvm_pkg start:1:9 end:1:16:
      vpiFullName: uvm_pkg
      vpiDefName: uvm_pkg
      vpiDefNetType: wire (1)
      vpiLibrary RefObj name:work start:1:9 end:1:16:
        vpiParent: Package name:uvm_pkg
        vpiName: work
        vpiFullName: uvm_pkg::work
      vpiCell: uvm_pkg
      vpiTaskFunc (1 items):
        Task name:uvm_wait_for_nba_region start:3:1 end:13:8:
          vpiParent: Package name:uvm_pkg
          vpiName Identifier name:uvm_wait_for_nba_region start:3:6 end:3:29:
          vpiFullName: uvm_pkg::uvm_wait_for_nba_region
          vpiStmt Begin:
            vpiParent: Task name:uvm_wait_for_nba_region
            vpiFullName: uvm_pkg::uvm_wait_for_nba_region
            vpiVariable (2 items):
              Variable name:nba start:5:7 end:5:10:
                vpiParent: Begin
                vpiTypespec RefTypespec start:5:3 end:5:6:
                  vpiParent: Variable name:nba
                  vpiFullName: uvm_pkg::uvm_wait_for_nba_region::nba
                  vpiActual: IntTypespec
                vpiName: nba
                vpiFullName: uvm_pkg::uvm_wait_for_nba_region::nba
              Variable name:next_nba start:6:7 end:6:15:
                vpiParent: Begin
                vpiTypespec RefTypespec start:6:3 end:6:6:
                  vpiParent: Variable name:next_nba
                  vpiFullName: uvm_pkg::uvm_wait_for_nba_region::next_nba
                  vpiActual: IntTypespec
                vpiName: next_nba
                vpiFullName: uvm_pkg::uvm_wait_for_nba_region::next_nba
            vpiStmt (5 items):
              Variable name:nba:
              Variable name:next_nba:
              Operation start:8:3 end:8:13:
                vpiParent: Begin
                vpiOpType: post inc (64)
                vpiOperand (1 items):
                  RefObj name:next_nba start:8:3 end:8:11:
                    vpiParent: Operation
                    vpiName: next_nba
                    vpiFullName: uvm_pkg::uvm_wait_for_nba_region::next_nba
                    vpiActual: Variable name:next_nba
              Assignment start:9:3 end:9:18:
                vpiParent: Begin
                vpiLhs RefObj name:nba start:9:3 end:9:6:
                  vpiParent: Assignment
                  vpiName: nba
                  vpiFullName: uvm_pkg::uvm_wait_for_nba_region::nba
                  vpiActual: Variable name:nba
                vpiRhs RefObj name:next_nba start:9:10 end:9:18:
                  vpiParent: Assignment
                  vpiName: next_nba
                  vpiFullName: uvm_pkg::uvm_wait_for_nba_region::next_nba
                  vpiActual: Variable name:next_nba
              EventControl start:10:3 end:10:9:
                vpiParent: Begin
                vpiCondition RefObj name:nba start:10:5 end:10:8:
                  vpiParent: EventControl
                  vpiName: nba
                  vpiFullName: uvm_pkg::uvm_wait_for_nba_region::nba
                  vpiActual: Variable name:nba
  vpiAllModules (1 items):
    Module name:gen_errors file:$Source01/dut.sv start:18:1 end:38:10:
      vpiParent: Design name:unnamed
      vpiName Identifier name:gen_errors start:18:8 end:18:18:
      vpiFullName: gen_errors
      vpiParameter (1 items):
        Parameter name:width_a start:19:12 end:19:19:
          vpiParent: Module name:gen_errors
          vpiTypespec RefTypespec:
            vpiParent: Parameter name:width_a
            vpiFullName: gen_errors.width_a
            vpiActual: LogicTypespec
          vpiName: width_a
          vpiFullName: gen_errors.width_a
      vpiParamAssign (1 items):
        ParamAssign start:19:12 end:19:23:
          vpiParent: Module name:gen_errors
          vpiLhs RefObj name:width_a start:19:12 end:19:19:
            vpiParent: ParamAssign
            vpiName: width_a
            vpiFullName: gen_errors.width_a
            vpiActual: Parameter name:width_a
          vpiRhs Constant start:19:22 end:19:23:
            vpiParent: ParamAssign
            vpiTypespec RefTypespec:
              vpiParent: Constant
              vpiFullName: gen_errors
              vpiActual: IntTypespec
            vpiConstType: unsigned int (9)
            vpiSize: 64
            vpiDecompile: "8"
            vpiValue: 8
      vpiTypespec (1 items):
        LogicTypespec:
          vpiParent: Module name:gen_errors
      vpiDefName: gen_errors
      vpiDefNetType: wire (1)
      vpiLibrary RefObj name:work start:18:8 end:18:18:
        vpiParent: Module name:gen_errors
        vpiName: work
        vpiFullName: gen_errors.work
      vpiCell: gen_errors
      vpiTaskFunc (1 items):
        Task name:A start:20:4 end:35:11:
          vpiParent: Module name:gen_errors
          vpiName Identifier name:A start:20:9 end:20:10:
          vpiFullName: gen_errors.A
          vpiVariable (4 items):
            Variable name:l start:21:26 end:21:27:
              vpiParent: Task name:A
              vpiTypespec RefTypespec start:21:12 end:21:25:
                vpiParent: Variable name:l
                vpiFullName: gen_errors.A.l
                vpiActual: LogicTypespec
              vpiName: l
              vpiFullName: gen_errors.A.l
            Variable name:B start:23:13 end:23:14:
              vpiParent: Task name:A
              vpiTypespec RefTypespec:
                vpiParent: Variable name:B
                vpiFullName: gen_errors.A.B
                vpiActual: LogicTypespec
              vpiName: B
              vpiFullName: gen_errors.A.B
            Variable name:C start:25:14 end:25:15:
              vpiParent: Task name:A
              vpiTypespec RefTypespec:
                vpiParent: Variable name:C
                vpiFullName: gen_errors.A.C
                vpiActual: LogicTypespec
              vpiName: C
              vpiFullName: gen_errors.A.C
            Variable name:E start:27:19 end:27:20:
              vpiParent: Task name:A
              vpiTypespec RefTypespec start:27:12 end:27:18:
                vpiParent: Variable name:E
                vpiFullName: gen_errors.A.E
                vpiActual: LogicTypespec
              vpiName: E
              vpiFullName: gen_errors.A.E
          vpiIODecl (4 items):
            IODecl name:l start:21:26 end:21:27:
              vpiParent: Task name:A
              vpiName: l
              vpiTypespec RefTypespec start:21:12 end:21:25:
                vpiParent: IODecl name:l
                vpiFullName: gen_errors.A.l
                vpiActual: LogicTypespec
            IODecl name:B start:23:13 end:23:14:
              vpiParent: Task name:A
              vpiName: B
              vpiTypespec RefTypespec:
                vpiParent: IODecl name:B
                vpiFullName: gen_errors.A.B
                vpiActual: LogicTypespec
            IODecl name:C start:25:14 end:25:15:
              vpiParent: Task name:A
              vpiName: C
              vpiTypespec RefTypespec:
                vpiParent: IODecl name:C
                vpiFullName: gen_errors.A.C
                vpiActual: LogicTypespec
            IODecl name:E start:27:19 end:27:20:
              vpiParent: Task name:A
              vpiName: E
              vpiTypespec RefTypespec start:27:12 end:27:18:
                vpiParent: IODecl name:E
                vpiFullName: gen_errors.A.E
                vpiActual: LogicTypespec
          vpiStmt Begin:
            vpiParent: Task name:A
            vpiFullName: gen_errors.A
            vpiVariable (4 items):
              Variable name:B start:24:14 end:24:15:
                vpiParent: Begin
                vpiTypespec RefTypespec start:24:6 end:24:13:
                  vpiParent: Variable name:B
                  vpiFullName: gen_errors.A.B
                  vpiActual: IntegerTypespec
                vpiName: B
                vpiFullName: gen_errors.A.B
              Variable name:C start:26:14 end:26:15:
                vpiParent: Begin
                vpiTypespec RefTypespec start:26:6 end:26:13:
                  vpiParent: Variable name:C
                  vpiFullName: gen_errors.A.C
                  vpiActual: IntegerTypespec
                vpiName: C
                vpiFullName: gen_errors.A.C
              Variable name:E start:28:19 end:28:20:
                vpiParent: Begin
                vpiTypespec RefTypespec start:28:6 end:28:18:
                  vpiParent: Variable name:E
                  vpiFullName: gen_errors.A.E
                  vpiActual: LogicTypespec
                vpiName: E
                vpiFullName: gen_errors.A.E
                vpiVector: true
              Variable name:internal start:29:14 end:29:22:
                vpiParent: Begin
                vpiTypespec RefTypespec start:29:6 end:29:13:
                  vpiParent: Variable name:internal
                  vpiFullName: gen_errors.A.internal
                  vpiActual: IntegerTypespec
                vpiName: internal
                vpiFullName: gen_errors.A.internal
            vpiParameter (1 items):
              Parameter name:llen start:30:16 end:30:20:
                vpiParent: Begin
                vpiTypespec RefTypespec:
                  vpiParent: Parameter name:llen
                  vpiFullName: gen_errors.A.llen
                  vpiActual: LogicTypespec
                vpiName: llen
                vpiFullName: gen_errors.A.llen
            vpiParamAssign (1 items):
              ParamAssign start:30:16 end:30:30:
                vpiParent: Begin
                vpiLhs RefObj name:llen start:30:16 end:30:20:
                  vpiParent: ParamAssign
                  vpiName: llen
                  vpiFullName: gen_errors.A.llen
                  vpiActual: Parameter name:llen
                vpiRhs RefObj name:width_a start:30:23 end:30:30:
                  vpiParent: ParamAssign
                  vpiName: width_a
                  vpiFullName: gen_errors.A.width_a
                  vpiActual: Parameter name:width_a
            vpiTypespec (5 items):
              LogicTypespec:
                vpiParent: Begin
                vpiRange (1 items):
                  Range start:21:12 end:21:25:
                    vpiParent: LogicTypespec
                    vpiLeftRange Operation start:21:13 end:21:22:
                      vpiParent: Range
                      vpiOpType: subtract (11)
                      vpiOperand (2 items):
                        RefObj name:width_a start:21:13 end:21:20:
                          vpiParent: Operation
                          vpiName: width_a
                          vpiFullName: gen_errors.A.width_a
                          vpiActual: Parameter name:width_a
                        Constant start:21:21 end:21:22:
                          vpiParent: Operation
                          vpiTypespec RefTypespec:
                            vpiParent: Constant
                            vpiFullName: gen_errors.A
                            vpiActual: IntTypespec
                          vpiConstType: unsigned int (9)
                          vpiSize: 64
                          vpiDecompile: "1"
                          vpiValue: 1
                    vpiRightRange Constant start:21:23 end:21:24:
                      vpiParent: Range
                      vpiTypespec RefTypespec:
                        vpiParent: Constant
                        vpiFullName: gen_errors.A
                        vpiActual: IntTypespec
                      vpiConstType: unsigned int (9)
                      vpiSize: 64
                      vpiDecompile: "0"
                      vpiValue: 0
                vpiVector: true
              LogicTypespec:
                vpiParent: Begin
              IntegerTypespec:
                vpiParent: Begin
                vpiSigned: true
              LogicTypespec:
                vpiParent: Begin
                vpiRange (1 items):
                  Range start:27:12 end:27:18:
                    vpiParent: LogicTypespec
                    vpiLeftRange Constant start:27:13 end:27:15:
                      vpiParent: Range
                      vpiTypespec RefTypespec:
                        vpiParent: Constant
                        vpiFullName: gen_errors.A
                        vpiActual: IntTypespec
                      vpiConstType: unsigned int (9)
                      vpiSize: 64
                      vpiDecompile: "31"
                      vpiValue: 31
                    vpiRightRange Constant start:27:16 end:27:17:
                      vpiParent: Range
                      vpiTypespec RefTypespec:
                        vpiParent: Constant
                        vpiFullName: gen_errors.A
                        vpiActual: IntTypespec
                      vpiConstType: unsigned int (9)
                      vpiSize: 64
                      vpiDecompile: "0"
                      vpiValue: 0
                vpiVector: true
              LogicTypespec:
                vpiParent: Begin
                vpiRange (1 items):
                  Range start:28:12 end:28:18:
                    vpiParent: LogicTypespec
                    vpiLeftRange Constant start:28:13 end:28:15:
                      vpiParent: Range
                      vpiTypespec RefTypespec:
                        vpiParent: Constant
                        vpiFullName: gen_errors.A
                        vpiActual: IntTypespec
                      vpiConstType: unsigned int (9)
                      vpiSize: 64
                      vpiDecompile: "31"
                      vpiValue: 31
                    vpiRightRange Constant start:28:16 end:28:17:
                      vpiParent: Range
                      vpiTypespec RefTypespec:
                        vpiParent: Constant
                        vpiFullName: gen_errors.A
                        vpiActual: IntTypespec
                      vpiConstType: unsigned int (9)
                      vpiSize: 64
                      vpiDecompile: "0"
                      vpiValue: 0
                vpiVector: true
            vpiStmt (7 items):
              Variable name:B:
              Variable name:C:
              Variable name:E:
              Variable name:internal:
              Parameter name:llen:
              ParamAssign:
              Begin start:31:6 end:33:9:
                vpiParent: Begin
                vpiFullName: gen_errors.A
                vpiStmt (1 items):
                  Assignment start:32:8 end:32:13:
                    vpiParent: Begin
                    vpiBlocking: true
                    vpiLhs RefObj name:C start:32:8 end:32:9:
                      vpiParent: Assignment
                      vpiName: C
                      vpiFullName: gen_errors.A.C
                      vpiActual: Variable name:C
                    vpiRhs RefObj name:B start:32:12 end:32:13:
                      vpiParent: Assignment
                      vpiName: B
                      vpiFullName: gen_errors.A.B
                      vpiActual: Variable name:B
  vpiTypespec (8 items):
    IntTypespec:
      vpiParent: Design name:unnamed
      vpiSigned: true
    ModuleTypespec name:gen_errors:
      vpiParent: Design name:unnamed
      vpiName Identifier name:gen_errors start:18:8 end:18:18:
      vpiDefName: gen_errors
      vpiModule: Module name:gen_errors
    VoidTypespec:
      vpiParent: Design name:unnamed
    StringTypespec:
      vpiParent: Design name:unnamed
    IntTypespec:
      vpiParent: Design name:unnamed
    RealTypespec:
      vpiParent: Design name:unnamed
    ShortRealTypespec:
      vpiParent: Design name:unnamed
    TimeTypespec:
      vpiParent: Design name:unnamed
  vpiLibrary (1 items):
    Library name:work:
      vpiParent: Design name:unnamed
      vpiName: work
===================
[  FATAL] : 0
[ SYNTAX] : 0
[  ERROR] : 1
[WARNING] : 2
[   NOTE] : 0
********************************************************************************
*                    End HLC SystemVerilog Compiler/Linter                     *
********************************************************************************

#**#**#**#**#**#**#**#**#**#**#**#**#**#**#**#**#**#**#**#**#**#**#**#**#**#**#**#**#**#**#**#**#**#**#**#**#**#**#**#**

Environment:
      test-name: TaskDecls/TaskDecls
   test-dirpath: ${HLC_DIR}/regression/TaskDecls/TaskDecls
  hldb-filepath: ${HLC_DIR}/regression/TaskDecls/TaskDecls/design.hldb
mounts-filepath: ${HLC_DIR}/regression/TaskDecls/TaskDecls/mounts.json


{'result': {'coverage': 100.0,
            'error_count': 0,
            'file_count': 1,
            'files': {'$Output/lib/work/dut.sv': {'post_len': 0,
                                                  'pre_len': 327}},
            'post_len': 0,
            'pre_len': 327,
            'test_name': 'TaskDecls/TaskDecls'}}

+-------------------------+----------+-----------+
| INPUT                   |   PRELEN |   POSTLEN |
+=========================+==========+===========+
| $Output/lib/work/dut.sv |      327 |         0 |
+=========================+==========+===========+
|                         |      327 |         0 |
+-------------------------+----------+-----------+

[   ERROR] : 0
[COVERAGE] : 100.0


#**#**#**#**#**#**#**#**#**#**#**#**#**#**#**#**#**#**#**#**#**#**#**#**#**#**#**#**#**#**#**#**#**#**#**#**#**#**#**#**

COMMAND: ${HLC_DIR}/regression/TaskDecls/TaskDecls/design.hldb ${HLC_DIR}/regression/TaskDecls/TaskDecls/reduced.hldb

==================== BEGIN REDUCTION RESULT ====================
Name                            Before   After   Added   Removed
----------------------------------------------------------------
Constant                            22      22       1         1
Operation                            2       1       0         1
RefObj                              12      11       0         1
RefTypespec                        282     282       1         1
----------------------------------------------------------------
Others                             876     876       0         0
----------------------------------------------------------------
                                  1194    1192       2         4
===================== END REDUCTION RESULT =====================
