********************************************************************************
*                   Begin HLC SystemVerilog Compiler/Linter                    *
********************************************************************************
Copyright (c) 2020 Apotell,
http://www.apache.org/licenses/LICENSE-2.0
VERSION: 1.84
COMMAND: -wd ../../../tests/SimpleClass -timescale=1ns/1ns +vcs+flush+all +warn=all -sverilog -d ast -d inst +incdir+. -writepp -mt max -fileunit top.sv -wd ${HLC_DIR}/third_party/UVM +incdir+uvm-1.2/src -d dbstats -d cache -writepp -d db -nostdout -o ${HLC_DIR}/regression/SimpleClass/SimpleClass
[INF:CM5022] Creating log file "$Output/hlc.log".
[NTE:CM5009] Command line argument "+vcs+flush+all" ignored.
[NTE:CM5009] Command line argument "+warn=all" ignored.
[INF:CM5019] Separate compilation-unit mode is on.
[INF:PP5223] Preprocessing source file "$Source01/top.sv".
[INF:PP5223] Preprocessing source file "$Scratch/0_builtin.sv".
[INF:PA5502] Parsing source file "$Source01/top.sv".
[INF:PA5502] Parsing source file "$Scratch/0_builtin.sv".
AST_DEBUG_BEGIN
Count: 78
LIB: work
FILE<0>:$Source01/top.sv
n<$Source01/top.sv> u<77> t<Top_level_rule> c<1> l<2:1> el<22:1>
  n<> u<1> t<Null_rule> p<77> s<76> l<2:1> el<2:1>
  n<> u<76> t<Source_text> p<77> c<75> l<2:1> el<21:11>
    n<> u<75> t<Description> p<76> c<74> l<2:1> el<21:11>
      n<> u<74> t<Program_declaration> p<75> c<5> l<2:1> el<21:11>
        n<> u<5> t<Program_ansi_header> p<74> c<2> s<6> l<2:1> el<2:17>
          n<> u<2> t<PROGRAM> p<5> s<3> l<2:1> el<2:8>
          n<class_t> u<3> t<SIMPLE_IDENTIFIER> p<5> s<4> l<2:9> el<2:16>
          n<> u<4> t<Package_import_declaration_list> p<5> l<2:16> el<2:16>
        n<// Class with constructor, with no parameter> u<6> t<LINE_COMMENT> p<74> s<72> l<4:3> el<4:47>
        n<> u<72> t<Non_port_program_item> p<74> c<71> s<73> l<6:3> el<19:9>
          n<> u<71> t<Module_or_generate_item_declaration> p<72> c<70> l<6:3> el<19:9>
            n<> u<70> t<Package_or_generate_item_declaration> p<71> c<69> l<6:3> el<19:9>
              n<> u<69> t<Class_declaration> p<70> c<67> l<6:3> el<19:9>
                n<> u<67> t<CLASS> p<69> s<7> l<6:3> el<6:8>
                n<A> u<7> t<SIMPLE_IDENTIFIER> p<69> s<56> l<6:9> el<6:10>
                n<> u<56> t<Class_item> p<69> c<55> s<61> l<9:4> el<13:5>
                  n<> u<55> t<Class_constraint> p<56> c<54> l<9:4> el<13:5>
                    n<> u<54> t<Constraint_declaration> p<55> c<8> l<9:4> el<13:5>
                      n<legal> u<8> t<SIMPLE_IDENTIFIER> p<54> s<53> l<9:15> el<9:20>
                      n<> u<53> t<Constraint_block> p<54> c<21> l<9:21> el<13:5>
                        n<> u<21> t<Constraint_block_item> p<53> c<20> s<34> l<10:9> el<10:18>
                          n<> u<20> t<Constraint_expression> p<21> c<19> l<10:9> el<10:18>
                            n<> u<19> t<Expression_or_dist> p<20> c<18> l<10:9> el<10:17>
                              n<> u<18> t<Expression> p<19> c<12> l<10:9> el<10:17>
                                n<> u<12> t<Expression> p<18> c<11> s<17> l<10:9> el<10:12>
                                  n<> u<11> t<Primary> p<12> c<10> l<10:9> el<10:12>
                                    n<> u<10> t<Primary_literal> p<11> c<9> l<10:9> el<10:12>
                                      n<len> u<9> t<SIMPLE_IDENTIFIER> p<10> l<10:9> el<10:12>
                                n<> u<17> t<GREATER_EQUAL> p<18> s<16> l<10:13> el<10:15>
                                n<> u<16> t<Expression> p<18> c<15> l<10:16> el<10:17>
                                  n<> u<15> t<Primary> p<16> c<14> l<10:16> el<10:17>
                                    n<> u<14> t<Primary_literal> p<15> c<13> l<10:16> el<10:17>
                                      n<2> u<13> t<INTEGRAL_NUMBER> p<14> l<10:16> el<10:17>
                        n<> u<34> t<Constraint_block_item> p<53> c<33> s<52> l<11:9> el<11:18>
                          n<> u<33> t<Constraint_expression> p<34> c<32> l<11:9> el<11:18>
                            n<> u<32> t<Expression_or_dist> p<33> c<31> l<11:9> el<11:17>
                              n<> u<31> t<Expression> p<32> c<25> l<11:9> el<11:17>
                                n<> u<25> t<Expression> p<31> c<24> s<30> l<11:9> el<11:12>
                                  n<> u<24> t<Primary> p<25> c<23> l<11:9> el<11:12>
                                    n<> u<23> t<Primary_literal> p<24> c<22> l<11:9> el<11:12>
                                      n<len> u<22> t<SIMPLE_IDENTIFIER> p<23> l<11:9> el<11:12>
                                n<> u<30> t<LESS_EQUAL> p<31> s<29> l<11:13> el<11:15>
                                n<> u<29> t<Expression> p<31> c<28> l<11:16> el<11:17>
                                  n<> u<28> t<Primary> p<29> c<27> l<11:16> el<11:17>
                                    n<> u<27> t<Primary_literal> p<28> c<26> l<11:16> el<11:17>
                                      n<5> u<26> t<INTEGRAL_NUMBER> p<27> l<11:16> el<11:17>
                        n<> u<52> t<Constraint_block_item> p<53> c<51> l<12:9> el<12:31>
                          n<> u<51> t<Constraint_expression> p<52> c<50> l<12:9> el<12:31>
                            n<> u<50> t<Expression_or_dist> p<51> c<49> l<12:9> el<12:30>
                              n<> u<49> t<Expression> p<50> c<43> l<12:9> el<12:30>
                                n<> u<43> t<Expression> p<49> c<42> s<48> l<12:9> el<12:23>
                                  n<> u<42> t<Primary> p<43> c<41> l<12:9> el<12:23>
                                    n<> u<41> t<Subroutine_call> p<42> c<35> l<12:9> el<12:23>
                                      n<payload> u<35> t<SIMPLE_IDENTIFIER> p<41> s<36> l<12:9> el<12:16>
                                      n<> u<36> t<Constant_bit_select> p<41> s<37> l<12:16> el<12:16>
                                      n<size> u<37> t<SIMPLE_IDENTIFIER> p<41> s<39> l<12:17> el<12:21>
                                      n<> u<39> t<OPEN_PARENS> p<41> s<38> l<12:21> el<12:22>
                                      n<> u<38> t<Argument_list> p<41> s<40> l<12:22> el<12:22>
                                      n<> u<40> t<CLOSE_PARENS> p<41> l<12:22> el<12:23>
                                n<> u<48> t<EQUIV> p<49> s<47> l<12:24> el<12:26>
                                n<> u<47> t<Expression> p<49> c<46> l<12:27> el<12:30>
                                  n<> u<46> t<Primary> p<47> c<45> l<12:27> el<12:30>
                                    n<> u<45> t<Primary_literal> p<46> c<44> l<12:27> el<12:30>
                                      n<len> u<44> t<SIMPLE_IDENTIFIER> p<45> l<12:27> el<12:30>
                n<> u<61> t<Class_item> p<69> c<60> s<66> l<15:4> el<15:30>
                  n<> u<60> t<Class_constraint> p<61> c<59> l<15:4> el<15:30>
                    n<> u<59> t<Constraint_prototype> p<60> c<58> l<15:4> el<15:30>
                      n<> u<58> t<EXTERN> p<59> s<57> l<15:4> el<15:10>
                      n<legal2> u<57> t<SIMPLE_IDENTIFIER> p<59> l<15:22> el<15:28>
                n<> u<66> t<Class_item> p<69> c<65> s<68> l<17:4> el<17:30>
                  n<> u<65> t<Class_constraint> p<66> c<64> l<17:4> el<17:30>
                    n<> u<64> t<Constraint_prototype> p<65> c<63> l<17:4> el<17:30>
                      n<> u<63> t<EXTERN> p<64> s<62> l<17:4> el<17:10>
                      n<legal2> u<62> t<SIMPLE_IDENTIFIER> p<64> l<17:22> el<17:28>
                n<> u<68> t<ENDCLASS> p<69> l<19:1> el<19:9>
        n<> u<73> t<ENDPROGRAM> p<74> l<21:1> el<21:11>
AST_DEBUG_END
[INF:CP5807] $Source01/top.sv:2:9: Compile program "class_t".
[WRN:CP5815] $Source01/top.sv:2:9: Using programs is discouraged "class_t", programs are obsoleted by UVM.
[WRN:CP5851] $Source01/top.sv:12:9: Failed to bind "payload".
[WRN:CP5851] $Source01/top.sv:12:17: Failed to bind "size".
[INF:CM5028] Using global timescale: "1ns/1ns".
[ERR:DB2038] $Source01/top.sv:9:21: 'vpiConstraintItem' property value has invalid objects.
[ERR:DB2038] $Source01/top.sv:9:21: 'vpiConstraintItem' property value has invalid objects.
[ERR:DB2038] $Source01/top.sv:9:21: 'vpiConstraintItem' property value has invalid objects.
[ERR:LN7705] $Source01/top.sv:12:17: Null Actual: id:52, type:MethodFuncCall, name:size, relation:vpiPathElem.
====== HLDB =======
Design name:unnamed:
  vpiName: unnamed
  vpiSourceFile (1 items):
    SourceFile name:top.sv file:$Source01/top.sv:
      vpiParent: Design name:unnamed
      vpiName: top.sv
      vpiPreprocFile: "$Output/lib/work/top.sv"
  vpiAllPrograms (1 items):
    Program name:class_t file:$Source01/top.sv start:2:1 end:21:11:
      vpiParent: Design name:unnamed
      vpiName Identifier name:class_t start:2:9 end:2:16:
      vpiFullName: class_t
      vpiTypespec (1 items):
        ClassTypespec name:A start:6:9 end:6:10:
          vpiParent: Program name:class_t
          vpiName Identifier name:A:
          vpiDefName: A
          vpiClassDefn: ClassDefn name:A
      vpiDefName: class_t
      vpiDefNetType: wire (1)
      vpiUnconnDrive: highz (1)
      vpiLibrary RefObj name:work start:2:9 end:2:16:
        vpiParent: Program name:class_t
        vpiName: work
        vpiFullName: class_t.work
        vpiActual: Library name:work
      vpiCell: class_t
      vpiClassDefn (1 items):
        ClassDefn name:A file:$Source01/top.sv start:6:3 end:19:9:
          vpiParent: Program name:class_t
          vpiName Identifier name:A start:6:9 end:6:10:
          vpiFullName: class_t::A
          vpiDefName: A
          vpiAutomatic: true
          vpiClassType: userdefined class (3)
          vpiLibrary RefObj name:work start:6:9 end:6:10:
            vpiParent: ClassDefn name:A
            vpiName: work
            vpiFullName: class_t::A::work
            vpiActual: Library name:work
          vpiCell: A
          vpiConstraint (1 items):
            Constraint name:legal start:9:21 end:13:5:
              vpiParent: ClassDefn name:A
              vpiName: legal
              vpiFullName: class_t::A::legal
              vpiConstraintItem (3 items):
                Operation start:10:9 end:10:17:
                  vpiParent: Constraint name:legal
                  vpiOpType: greater or equal (19)
                  vpiOperand (2 items):
                    RefObj name:len start:10:9 end:10:12:
                      vpiParent: Operation
                      vpiName: len
                      vpiFullName: class_t::A::legal::len
                    Constant start:10:16 end:10:17:
                      vpiParent: Operation
                      vpiTypespec RefTypespec:
                        vpiParent: Constant
                        vpiFullName: class_t::A::legal
                        vpiActual: IntTypespec
                      vpiConstType: unsigned int (9)
                      vpiSize: 64
                      vpiDecompile: "2"
                      vpiValue: 2
                Operation start:11:9 end:11:17:
                  vpiParent: Constraint name:legal
                  vpiOpType: less or equal (21)
                  vpiOperand (2 items):
                    RefObj name:len start:11:9 end:11:12:
                      vpiParent: Operation
                      vpiName: len
                      vpiFullName: class_t::A::legal::len
                    Constant start:11:16 end:11:17:
                      vpiParent: Operation
                      vpiTypespec RefTypespec:
                        vpiParent: Constant
                        vpiFullName: class_t::A::legal
                        vpiActual: IntTypespec
                      vpiConstType: unsigned int (9)
                      vpiSize: 64
                      vpiDecompile: "5"
                      vpiValue: 5
                Operation start:12:9 end:12:30:
                  vpiParent: Constraint name:legal
                  vpiOpType: equal (14)
                  vpiOperand (2 items):
                    RefObj name:payload.size() start:12:9 end:12:23:
                      vpiParent: Operation
                      vpiName: payload.size()
                      vpiFullName: class_t::A::legal::payload.size()
                      vpiPathElem (2 items):
                        RefObj name:payload start:12:9 end:12:16:
                          vpiParent: RefObj name:payload.size()
                          vpiName: payload
                          vpiFullName: class_t::A::legal::payload
                        MethodFuncCall name:size start:12:17 end:12:23:
                          vpiParent: RefObj name:payload.size()
                          vpiName Identifier name:size start:12:17 end:12:21:
                    RefObj name:len start:12:27 end:12:30:
                      vpiParent: Operation
                      vpiName: len
                      vpiFullName: class_t::A::legal::len
  vpiTypespec (8 items):
    ProgramTypespec name:class_t:
      vpiParent: Design name:unnamed
      vpiName Identifier name:class_t start:2:9 end:2:16:
      vpiDefName: class_t
      vpiProgram: Program name:class_t
    IntTypespec:
      vpiParent: Design name:unnamed
      vpiSigned: true
    VoidTypespec:
      vpiParent: Design name:unnamed
    StringTypespec:
      vpiParent: Design name:unnamed
    IntTypespec:
      vpiParent: Design name:unnamed
    RealTypespec:
      vpiParent: Design name:unnamed
    ShortRealTypespec:
      vpiParent: Design name:unnamed
    TimeTypespec:
      vpiParent: Design name:unnamed
  vpiLibrary (1 items):
    Library name:work:
      vpiParent: Design name:unnamed
      vpiName: work
===================
[  FATAL] : 0
[ SYNTAX] : 0
[  ERROR] : 4
[WARNING] : 3
[   NOTE] : 2
********************************************************************************
*                    End HLC SystemVerilog Compiler/Linter                     *
********************************************************************************

#**#**#**#**#**#**#**#**#**#**#**#**#**#**#**#**#**#**#**#**#**#**#**#**#**#**#**#**#**#**#**#**#**#**#**#**#**#**#**#**

Environment:
      test-name: SimpleClass/SimpleClass
   test-dirpath: ${HLC_DIR}/regression/SimpleClass/SimpleClass
  hldb-filepath: ${HLC_DIR}/regression/SimpleClass/SimpleClass/design.hldb
mounts-filepath: ${HLC_DIR}/regression/SimpleClass/SimpleClass/mounts.json


{'result': {'coverage': 88.89,
            'error_count': 0,
            'file_count': 1,
            'files': {'$Output/lib/work/top.sv': {'post_len': 17,
                                                  'pre_len': 153}},
            'post_len': 17,
            'pre_len': 153,
            'test_name': 'SimpleClass/SimpleClass'}}

+-------------------------+----------+-----------+
| INPUT                   |   PRELEN |   POSTLEN |
+=========================+==========+===========+
| $Output/lib/work/top.sv |      153 |        17 |
+=========================+==========+===========+
|                         |      153 |        17 |
+-------------------------+----------+-----------+

[   ERROR] : 0
[COVERAGE] : 88.89


#**#**#**#**#**#**#**#**#**#**#**#**#**#**#**#**#**#**#**#**#**#**#**#**#**#**#**#**#**#**#**#**#**#**#**#**#**#**#**#**

COMMAND: ${HLC_DIR}/regression/SimpleClass/SimpleClass/design.hldb ${HLC_DIR}/regression/SimpleClass/SimpleClass/reduced.hldb

==================== BEGIN REDUCTION RESULT ====================
Name                            Before   After   Added   Removed
----------------------------------------------------------------
----------------------------------------------------------------
Others                            1395    1395       0         0
----------------------------------------------------------------
                                  1395    1395       0         0
===================== END REDUCTION RESULT =====================
