********************************************************************************
*                   Begin HLC SystemVerilog Compiler/Linter                    *
********************************************************************************
Copyright (c) 2020 Apotell,
http://www.apache.org/licenses/LICENSE-2.0
VERSION: 1.84
COMMAND: -wd ../../../tests/Verilator +incdir+. -nobuiltin -timescale=1ns/1ns -d ast -d db t_mem_packed_assign.v -mt 0 -d dbstats -d cache -writepp -d db -nostdout -o ${HLC_DIR}/regression/Verilator/t_mem_packed_assign
[INF:CM5022] Creating log file "$Output/hlc.log".
[INF:PP5223] Preprocessing source file "$Source01/t_mem_packed_assign.v".
[INF:PA5502] Parsing source file "$Source01/t_mem_packed_assign.v".
AST_DEBUG_BEGIN
Count: 358
LIB: work
FILE<0>:$Source01/t_mem_packed_assign.v
n<$Source01/t_mem_packed_assign.v> u<357> t<Top_level_rule> c<1> l<6:1> el<39:1>
  n<> u<1> t<Null_rule> p<357> s<2> l<6:1> el<6:1>
  n<// DESCRIPTION: Verilator: Verilog Test module> u<2> t<LINE_COMMENT> p<357> s<3> l<1:1> el<1:47>
  n<//> u<3> t<LINE_COMMENT> p<357> s<4> l<2:1> el<2:3>
  n<// This file ONLY is placed into the Public Domain, for any use,> u<4> t<LINE_COMMENT> p<357> s<5> l<3:1> el<3:65>
  n<// without warranty, 2009 by Wilson Snyder.> u<5> t<LINE_COMMENT> p<357> s<356> l<4:1> el<4:44>
  n<> u<356> t<Source_text> p<357> c<355> l<6:1> el<38:10>
    n<> u<355> t<Description> p<356> c<354> l<6:1> el<38:10>
      n<> u<354> t<Module_declaration> p<355> c<18> l<6:1> el<38:10>
        n<> u<18> t<Module_nonansi_header> p<354> c<6> s<19> l<6:1> el<9:6>
          n<module> u<6> t<MODULE> p<18> s<7> l<6:1> el<6:7>
          n<t> u<7> t<SIMPLE_IDENTIFIER> p<18> s<8> l<6:8> el<6:9>
          n<> u<8> t<Package_import_declaration_list> p<18> s<9> l<6:10> el<6:10>
          n</*AUTOARG*/> u<9> t<BLOCK_COMMENT> p<18> s<10> l<6:10> el<9:5>
          n<// Inputs> u<10> t<LINE_COMMENT> p<18> s<17> l<7:4> el<7:13>
          n<> u<17> t<Port_list> p<18> c<16> l<6:10> el<9:5>
            n<> u<16> t<Port> p<17> c<15> l<8:4> el<8:7>
              n<> u<15> t<Port_expression> p<16> c<14> l<8:4> el<8:7>
                n<> u<14> t<Port_reference> p<15> c<11> l<8:4> el<8:7>
                  n<clk> u<11> t<SIMPLE_IDENTIFIER> p<14> s<13> l<8:4> el<8:7>
                  n<> u<13> t<Constant_select> p<14> c<12> l<9:4> el<9:4>
                    n<> u<12> t<Constant_bit_select> p<13> l<9:4> el<9:4>
        n</* verilator lint_off WIDTH */> u<19> t<BLOCK_COMMENT> p<354> s<26> l<13:4> el<13:14>
        n<> u<26> t<Module_item> p<354> c<25> s<39> l<13:4> el<13:14>
          n<> u<25> t<Port_declaration> p<26> c<24> l<13:4> el<13:13>
            n<> u<24> t<Input_declaration> p<25> c<21> l<13:4> el<13:13>
              n<> u<21> t<Net_port_type> p<24> c<20> s<23> l<13:10> el<13:10>
                n<> u<20> t<Data_type_or_implicit> p<21> l<13:10> el<13:10>
              n<> u<23> t<Port_identifier_list> p<24> c<22> l<13:10> el<13:13>
                n<clk> u<22> t<SIMPLE_IDENTIFIER> p<23> l<13:10> el<13:13>
        n<> u<39> t<Module_item> p<354> c<38> s<58> l<15:4> el<15:16>
          n<> u<38> t<Non_port_module_item> p<39> c<37> l<15:4> el<15:16>
            n<> u<37> t<Module_or_generate_item> p<38> c<36> l<15:4> el<15:16>
              n<> u<36> t<Module_common_item> p<37> c<35> l<15:4> el<15:16>
                n<> u<35> t<Module_or_generate_item_declaration> p<36> c<34> l<15:4> el<15:16>
                  n<> u<34> t<Package_or_generate_item_declaration> p<35> c<33> l<15:4> el<15:16>
                    n<> u<33> t<Data_declaration> p<34> c<32> l<15:4> el<15:16>
                      n<> u<32> t<Variable_declaration> p<33> c<28> l<15:4> el<15:16>
                        n<> u<28> t<Data_type> p<32> c<27> s<31> l<15:4> el<15:11>
                          n<> u<27> t<INTEGER> p<28> l<15:4> el<15:11>
                        n<> u<31> t<Variable_decl_assignment_list> p<32> c<30> l<15:12> el<15:15>
                          n<> u<30> t<Variable_decl_assignment> p<31> c<29> l<15:12> el<15:15>
                            n<cyc> u<29> t<SIMPLE_IDENTIFIER> p<30> l<15:12> el<15:15>
        n<> u<58> t<Module_item> p<354> c<57> s<82> l<15:17> el<15:33>
          n<> u<57> t<Non_port_module_item> p<58> c<56> l<15:17> el<15:33>
            n<> u<56> t<Module_or_generate_item> p<57> c<55> l<15:17> el<15:33>
              n<> u<55> t<Module_common_item> p<56> c<54> l<15:17> el<15:33>
                n<> u<54> t<Initial_construct> p<55> c<53> l<15:17> el<15:33>
                  n<> u<53> t<Statement_or_null> p<54> c<52> l<15:25> el<15:33>
                    n<> u<52> t<Statement> p<53> c<51> l<15:25> el<15:33>
                      n<> u<51> t<Statement_item> p<52> c<50> l<15:25> el<15:33>
                        n<> u<50> t<Blocking_assignment> p<51> c<49> l<15:25> el<15:32>
                          n<> u<49> t<Variable_assignment> p<50> c<44> l<15:25> el<15:32>
                            n<> u<44> t<Variable_lvalue> p<49> c<41> s<48> l<15:25> el<15:28>
                              n<> u<41> t<Ps_or_hierarchical_identifier> p<44> c<40> s<43> l<15:25> el<15:28>
                                n<cyc> u<40> t<SIMPLE_IDENTIFIER> p<41> l<15:25> el<15:28>
                              n<> u<43> t<Select> p<44> c<42> l<15:29> el<15:29>
                                n<> u<42> t<Bit_select> p<43> l<15:29> el<15:29>
                            n<> u<48> t<Expression> p<49> c<47> l<15:31> el<15:32>
                              n<> u<47> t<Primary> p<48> c<46> l<15:31> el<15:32>
                                n<> u<46> t<Primary_literal> p<47> c<45> l<15:31> el<15:32>
                                  n<0> u<45> t<INTEGRAL_NUMBER> p<46> l<15:31> el<15:32>
        n<> u<82> t<Module_item> p<354> c<81> s<101> l<16:4> el<16:23>
          n<> u<81> t<Non_port_module_item> p<82> c<80> l<16:4> el<16:23>
            n<> u<80> t<Module_or_generate_item> p<81> c<79> l<16:4> el<16:23>
              n<> u<79> t<Module_common_item> p<80> c<78> l<16:4> el<16:23>
                n<> u<78> t<Module_or_generate_item_declaration> p<79> c<77> l<16:4> el<16:23>
                  n<> u<77> t<Package_or_generate_item_declaration> p<78> c<76> l<16:4> el<16:23>
                    n<> u<76> t<Data_declaration> p<77> c<75> l<16:4> el<16:23>
                      n<> u<75> t<Variable_declaration> p<76> c<71> l<16:4> el<16:23>
                        n<> u<71> t<Data_type> p<75> c<60> s<74> l<16:4> el<16:16>
                          n<> u<60> t<Class_type> p<71> c<59> s<70> l<16:4> el<16:9>
                            n<logic> u<59> t<SIMPLE_IDENTIFIER> p<60> l<16:4> el<16:9>
                          n<> u<70> t<Packed_dimension> p<71> c<69> l<16:10> el<16:16>
                            n<> u<69> t<Constant_range> p<70> c<64> l<16:11> el<16:15>
                              n<> u<64> t<Constant_expression> p<69> c<63> s<68> l<16:11> el<16:13>
                                n<> u<63> t<Constant_primary> p<64> c<62> l<16:11> el<16:13>
                                  n<> u<62> t<Primary_literal> p<63> c<61> l<16:11> el<16:13>
                                    n<31> u<61> t<INTEGRAL_NUMBER> p<62> l<16:11> el<16:13>
                              n<> u<68> t<Constant_expression> p<69> c<67> l<16:14> el<16:15>
                                n<> u<67> t<Constant_primary> p<68> c<66> l<16:14> el<16:15>
                                  n<> u<66> t<Primary_literal> p<67> c<65> l<16:14> el<16:15>
                                    n<0> u<65> t<INTEGRAL_NUMBER> p<66> l<16:14> el<16:15>
                        n<> u<74> t<Variable_decl_assignment_list> p<75> c<73> l<16:17> el<16:22>
                          n<> u<73> t<Variable_decl_assignment> p<74> c<72> l<16:17> el<16:22>
                            n<arr_c> u<72> t<SIMPLE_IDENTIFIER> p<73> l<16:17> el<16:22>
        n<> u<101> t<Module_item> p<354> c<100> s<135> l<16:24> el<16:42>
          n<> u<100> t<Non_port_module_item> p<101> c<99> l<16:24> el<16:42>
            n<> u<99> t<Module_or_generate_item> p<100> c<98> l<16:24> el<16:42>
              n<> u<98> t<Module_common_item> p<99> c<97> l<16:24> el<16:42>
                n<> u<97> t<Initial_construct> p<98> c<96> l<16:24> el<16:42>
                  n<> u<96> t<Statement_or_null> p<97> c<95> l<16:32> el<16:42>
                    n<> u<95> t<Statement> p<96> c<94> l<16:32> el<16:42>
                      n<> u<94> t<Statement_item> p<95> c<93> l<16:32> el<16:42>
                        n<> u<93> t<Blocking_assignment> p<94> c<92> l<16:32> el<16:41>
                          n<> u<92> t<Variable_assignment> p<93> c<87> l<16:32> el<16:41>
                            n<> u<87> t<Variable_lvalue> p<92> c<84> s<91> l<16:32> el<16:37>
                              n<> u<84> t<Ps_or_hierarchical_identifier> p<87> c<83> s<86> l<16:32> el<16:37>
                                n<arr_c> u<83> t<SIMPLE_IDENTIFIER> p<84> l<16:32> el<16:37>
                              n<> u<86> t<Select> p<87> c<85> l<16:38> el<16:38>
                                n<> u<85> t<Bit_select> p<86> l<16:38> el<16:38>
                            n<> u<91> t<Expression> p<92> c<90> l<16:40> el<16:41>
                              n<> u<90> t<Primary> p<91> c<89> l<16:40> el<16:41>
                                n<> u<89> t<Primary_literal> p<90> c<88> l<16:40> el<16:41>
                                  n<0> u<88> t<INTEGRAL_NUMBER> p<89> l<16:40> el<16:41>
        n<> u<135> t<Module_item> p<354> c<134> s<159> l<17:4> el<17:26>
          n<> u<134> t<Non_port_module_item> p<135> c<133> l<17:4> el<17:26>
            n<> u<133> t<Module_or_generate_item> p<134> c<132> l<17:4> el<17:26>
              n<> u<132> t<Module_common_item> p<133> c<131> l<17:4> el<17:26>
                n<> u<131> t<Module_or_generate_item_declaration> p<132> c<130> l<17:4> el<17:26>
                  n<> u<130> t<Package_or_generate_item_declaration> p<131> c<129> l<17:4> el<17:26>
                    n<> u<129> t<Data_declaration> p<130> c<128> l<17:4> el<17:26>
                      n<> u<128> t<Variable_declaration> p<129> c<124> l<17:4> el<17:26>
                        n<> u<124> t<Data_type> p<128> c<103> s<127> l<17:4> el<17:21>
                          n<> u<103> t<Class_type> p<124> c<102> s<113> l<17:4> el<17:9>
                            n<logic> u<102> t<SIMPLE_IDENTIFIER> p<103> l<17:4> el<17:9>
                          n<> u<113> t<Packed_dimension> p<124> c<112> s<123> l<17:10> el<17:15>
                            n<> u<112> t<Constant_range> p<113> c<107> l<17:11> el<17:14>
                              n<> u<107> t<Constant_expression> p<112> c<106> s<111> l<17:11> el<17:12>
                                n<> u<106> t<Constant_primary> p<107> c<105> l<17:11> el<17:12>
                                  n<> u<105> t<Primary_literal> p<106> c<104> l<17:11> el<17:12>
                                    n<7> u<104> t<INTEGRAL_NUMBER> p<105> l<17:11> el<17:12>
                              n<> u<111> t<Constant_expression> p<112> c<110> l<17:13> el<17:14>
                                n<> u<110> t<Constant_primary> p<111> c<109> l<17:13> el<17:14>
                                  n<> u<109> t<Primary_literal> p<110> c<108> l<17:13> el<17:14>
                                    n<0> u<108> t<INTEGRAL_NUMBER> p<109> l<17:13> el<17:14>
                          n<> u<123> t<Packed_dimension> p<124> c<122> l<17:16> el<17:21>
                            n<> u<122> t<Constant_range> p<123> c<117> l<17:17> el<17:20>
                              n<> u<117> t<Constant_expression> p<122> c<116> s<121> l<17:17> el<17:18>
                                n<> u<116> t<Constant_primary> p<117> c<115> l<17:17> el<17:18>
                                  n<> u<115> t<Primary_literal> p<116> c<114> l<17:17> el<17:18>
                                    n<3> u<114> t<INTEGRAL_NUMBER> p<115> l<17:17> el<17:18>
                              n<> u<121> t<Constant_expression> p<122> c<120> l<17:19> el<17:20>
                                n<> u<120> t<Constant_primary> p<121> c<119> l<17:19> el<17:20>
                                  n<> u<119> t<Primary_literal> p<120> c<118> l<17:19> el<17:20>
                                    n<0> u<118> t<INTEGRAL_NUMBER> p<119> l<17:19> el<17:20>
                        n<> u<127> t<Variable_decl_assignment_list> p<128> c<126> l<17:22> el<17:25>
                          n<> u<126> t<Variable_decl_assignment> p<127> c<125> l<17:22> el<17:25>
                            n<arr> u<125> t<SIMPLE_IDENTIFIER> p<126> l<17:22> el<17:25>
        n<> u<159> t<Module_item> p<354> c<158> s<178> l<19:4> el<19:24>
          n<> u<158> t<Non_port_module_item> p<159> c<157> l<19:4> el<19:24>
            n<> u<157> t<Module_or_generate_item> p<158> c<156> l<19:4> el<19:24>
              n<> u<156> t<Module_common_item> p<157> c<155> l<19:4> el<19:24>
                n<> u<155> t<Module_or_generate_item_declaration> p<156> c<154> l<19:4> el<19:24>
                  n<> u<154> t<Package_or_generate_item_declaration> p<155> c<153> l<19:4> el<19:24>
                    n<> u<153> t<Data_declaration> p<154> c<152> l<19:4> el<19:24>
                      n<> u<152> t<Variable_declaration> p<153> c<148> l<19:4> el<19:24>
                        n<> u<148> t<Data_type> p<152> c<137> s<151> l<19:4> el<19:16>
                          n<> u<137> t<Class_type> p<148> c<136> s<147> l<19:4> el<19:9>
                            n<logic> u<136> t<SIMPLE_IDENTIFIER> p<137> l<19:4> el<19:9>
                          n<> u<147> t<Packed_dimension> p<148> c<146> l<19:10> el<19:16>
                            n<> u<146> t<Constant_range> p<147> c<141> l<19:11> el<19:15>
                              n<> u<141> t<Constant_expression> p<146> c<140> s<145> l<19:11> el<19:13>
                                n<> u<140> t<Constant_primary> p<141> c<139> l<19:11> el<19:13>
                                  n<> u<139> t<Primary_literal> p<140> c<138> l<19:11> el<19:13>
                                    n<31> u<138> t<INTEGRAL_NUMBER> p<139> l<19:11> el<19:13>
                              n<> u<145> t<Constant_expression> p<146> c<144> l<19:14> el<19:15>
                                n<> u<144> t<Constant_primary> p<145> c<143> l<19:14> el<19:15>
                                  n<> u<143> t<Primary_literal> p<144> c<142> l<19:14> el<19:15>
                                    n<0> u<142> t<INTEGRAL_NUMBER> p<143> l<19:14> el<19:15>
                        n<> u<151> t<Variable_decl_assignment_list> p<152> c<150> l<19:17> el<19:23>
                          n<> u<150> t<Variable_decl_assignment> p<151> c<149> l<19:17> el<19:23>
                            n<arr2_c> u<149> t<SIMPLE_IDENTIFIER> p<150> l<19:17> el<19:23>
        n<> u<178> t<Module_item> p<354> c<177> s<212> l<19:25> el<19:44>
          n<> u<177> t<Non_port_module_item> p<178> c<176> l<19:25> el<19:44>
            n<> u<176> t<Module_or_generate_item> p<177> c<175> l<19:25> el<19:44>
              n<> u<175> t<Module_common_item> p<176> c<174> l<19:25> el<19:44>
                n<> u<174> t<Initial_construct> p<175> c<173> l<19:25> el<19:44>
                  n<> u<173> t<Statement_or_null> p<174> c<172> l<19:33> el<19:44>
                    n<> u<172> t<Statement> p<173> c<171> l<19:33> el<19:44>
                      n<> u<171> t<Statement_item> p<172> c<170> l<19:33> el<19:44>
                        n<> u<170> t<Blocking_assignment> p<171> c<169> l<19:33> el<19:43>
                          n<> u<169> t<Variable_assignment> p<170> c<164> l<19:33> el<19:43>
                            n<> u<164> t<Variable_lvalue> p<169> c<161> s<168> l<19:33> el<19:39>
                              n<> u<161> t<Ps_or_hierarchical_identifier> p<164> c<160> s<163> l<19:33> el<19:39>
                                n<arr2_c> u<160> t<SIMPLE_IDENTIFIER> p<161> l<19:33> el<19:39>
                              n<> u<163> t<Select> p<164> c<162> l<19:40> el<19:40>
                                n<> u<162> t<Bit_select> p<163> l<19:40> el<19:40>
                            n<> u<168> t<Expression> p<169> c<167> l<19:42> el<19:43>
                              n<> u<167> t<Primary> p<168> c<166> l<19:42> el<19:43>
                                n<> u<166> t<Primary_literal> p<167> c<165> l<19:42> el<19:43>
                                  n<0> u<165> t<INTEGRAL_NUMBER> p<166> l<19:42> el<19:43>
        n<> u<212> t<Module_item> p<354> c<211> s<228> l<20:4> el<20:27>
          n<> u<211> t<Non_port_module_item> p<212> c<210> l<20:4> el<20:27>
            n<> u<210> t<Module_or_generate_item> p<211> c<209> l<20:4> el<20:27>
              n<> u<209> t<Module_common_item> p<210> c<208> l<20:4> el<20:27>
                n<> u<208> t<Module_or_generate_item_declaration> p<209> c<207> l<20:4> el<20:27>
                  n<> u<207> t<Package_or_generate_item_declaration> p<208> c<206> l<20:4> el<20:27>
                    n<> u<206> t<Data_declaration> p<207> c<205> l<20:4> el<20:27>
                      n<> u<205> t<Variable_declaration> p<206> c<201> l<20:4> el<20:27>
                        n<> u<201> t<Data_type> p<205> c<180> s<204> l<20:4> el<20:21>
                          n<> u<180> t<Class_type> p<201> c<179> s<190> l<20:4> el<20:9>
                            n<logic> u<179> t<SIMPLE_IDENTIFIER> p<180> l<20:4> el<20:9>
                          n<> u<190> t<Packed_dimension> p<201> c<189> s<200> l<20:10> el<20:15>
                            n<> u<189> t<Constant_range> p<190> c<184> l<20:11> el<20:14>
                              n<> u<184> t<Constant_expression> p<189> c<183> s<188> l<20:11> el<20:12>
                                n<> u<183> t<Constant_primary> p<184> c<182> l<20:11> el<20:12>
                                  n<> u<182> t<Primary_literal> p<183> c<181> l<20:11> el<20:12>
                                    n<7> u<181> t<INTEGRAL_NUMBER> p<182> l<20:11> el<20:12>
                              n<> u<188> t<Constant_expression> p<189> c<187> l<20:13> el<20:14>
                                n<> u<187> t<Constant_primary> p<188> c<186> l<20:13> el<20:14>
                                  n<> u<186> t<Primary_literal> p<187> c<185> l<20:13> el<20:14>
                                    n<0> u<185> t<INTEGRAL_NUMBER> p<186> l<20:13> el<20:14>
                          n<> u<200> t<Packed_dimension> p<201> c<199> l<20:16> el<20:21>
                            n<> u<199> t<Constant_range> p<200> c<194> l<20:17> el<20:20>
                              n<> u<194> t<Constant_expression> p<199> c<193> s<198> l<20:17> el<20:18>
                                n<> u<193> t<Constant_primary> p<194> c<192> l<20:17> el<20:18>
                                  n<> u<192> t<Primary_literal> p<193> c<191> l<20:17> el<20:18>
                                    n<3> u<191> t<INTEGRAL_NUMBER> p<192> l<20:17> el<20:18>
                              n<> u<198> t<Constant_expression> p<199> c<197> l<20:19> el<20:20>
                                n<> u<197> t<Constant_primary> p<198> c<196> l<20:19> el<20:20>
                                  n<> u<196> t<Primary_literal> p<197> c<195> l<20:19> el<20:20>
                                    n<0> u<195> t<INTEGRAL_NUMBER> p<196> l<20:19> el<20:20>
                        n<> u<204> t<Variable_decl_assignment_list> p<205> c<203> l<20:22> el<20:26>
                          n<> u<203> t<Variable_decl_assignment> p<204> c<202> l<20:22> el<20:26>
                            n<arr2> u<202> t<SIMPLE_IDENTIFIER> p<203> l<20:22> el<20:26>
        n<> u<228> t<Module_item> p<354> c<227> s<351> l<21:4> el<21:25>
          n<> u<227> t<Non_port_module_item> p<228> c<226> l<21:4> el<21:25>
            n<> u<226> t<Module_or_generate_item> p<227> c<225> l<21:4> el<21:25>
              n<> u<225> t<Module_common_item> p<226> c<224> l<21:4> el<21:25>
                n<> u<224> t<Continuous_assign> p<225> c<223> l<21:4> el<21:25>
                  n<> u<223> t<Net_assignment_list> p<224> c<222> l<21:11> el<21:24>
                    n<> u<222> t<Net_assignment> p<223> c<217> l<21:11> el<21:24>
                      n<> u<217> t<Net_lvalue> p<222> c<214> s<221> l<21:11> el<21:17>
                        n<> u<214> t<Ps_or_hierarchical_identifier> p<217> c<213> s<216> l<21:11> el<21:17>
                          n<arr2_c> u<213> t<SIMPLE_IDENTIFIER> p<214> l<21:11> el<21:17>
                        n<> u<216> t<Constant_select> p<217> c<215> l<21:18> el<21:18>
                          n<> u<215> t<Constant_bit_select> p<216> l<21:18> el<21:18>
                      n<> u<221> t<Expression> p<222> c<220> l<21:20> el<21:24>
                        n<> u<220> t<Primary> p<221> c<219> l<21:20> el<21:24>
                          n<> u<219> t<Primary_literal> p<220> c<218> l<21:20> el<21:24>
                            n<arr2> u<218> t<SIMPLE_IDENTIFIER> p<219> l<21:20> el<21:24>
        n<> u<351> t<Module_item> p<354> c<350> s<352> l<23:4> el<34:7>
          n<> u<350> t<Non_port_module_item> p<351> c<349> l<23:4> el<34:7>
            n<> u<349> t<Module_or_generate_item> p<350> c<348> l<23:4> el<34:7>
              n<> u<348> t<Module_common_item> p<349> c<347> l<23:4> el<34:7>
                n<> u<347> t<Always_construct> p<348> c<229> l<23:4> el<34:7>
                  n<> u<229> t<ALWAYS> p<347> s<346> l<23:4> el<23:10>
                  n<> u<346> t<Statement> p<347> c<345> l<23:11> el<34:7>
                    n<> u<345> t<Statement_item> p<346> c<344> l<23:11> el<34:7>
                      n<> u<344> t<Procedural_timing_control_statement> p<345> c<237> l<23:11> el<34:7>
                        n<> u<237> t<Procedural_timing_control> p<344> c<236> s<343> l<23:11> el<23:26>
                          n<> u<236> t<Event_control> p<237> c<235> l<23:11> el<23:26>
                            n<> u<235> t<Event_expression> p<236> c<230> l<23:14> el<23:25>
                              n<> u<230> t<POSEDGE> p<235> s<234> l<23:14> el<23:21>
                              n<> u<234> t<Expression> p<235> c<233> l<23:22> el<23:25>
                                n<> u<233> t<Primary> p<234> c<232> l<23:22> el<23:25>
                                  n<> u<232> t<Primary_literal> p<233> c<231> l<23:22> el<23:25>
                                    n<clk> u<231> t<SIMPLE_IDENTIFIER> p<232> l<23:22> el<23:25>
                        n<> u<343> t<Statement_or_null> p<344> c<342> l<23:27> el<34:7>
                          n<> u<342> t<Statement> p<343> c<341> l<23:27> el<34:7>
                            n<> u<341> t<Statement_item> p<342> c<340> l<23:27> el<34:7>
                              n<> u<340> t<Seq_block> p<341> c<256> l<23:27> el<34:7>
                                n<> u<256> t<Statement_or_null> p<340> c<255> s<275> l<24:7> el<24:22>
                                  n<> u<255> t<Statement> p<256> c<254> l<24:7> el<24:22>
                                    n<> u<254> t<Statement_item> p<255> c<253> l<24:7> el<24:22>
                                      n<> u<253> t<Nonblocking_assignment> p<254> c<242> l<24:7> el<24:21>
                                        n<> u<242> t<Variable_lvalue> p<253> c<239> s<252> l<24:7> el<24:10>
                                          n<> u<239> t<Ps_or_hierarchical_identifier> p<242> c<238> s<241> l<24:7> el<24:10>
                                            n<cyc> u<238> t<SIMPLE_IDENTIFIER> p<239> l<24:7> el<24:10>
                                          n<> u<241> t<Select> p<242> c<240> l<24:11> el<24:11>
                                            n<> u<240> t<Bit_select> p<241> l<24:11> el<24:11>
                                        n<> u<252> t<Expression> p<253> c<246> l<24:14> el<24:21>
                                          n<> u<246> t<Expression> p<252> c<245> s<251> l<24:14> el<24:17>
                                            n<> u<245> t<Primary> p<246> c<244> l<24:14> el<24:17>
                                              n<> u<244> t<Primary_literal> p<245> c<243> l<24:14> el<24:17>
                                                n<cyc> u<243> t<SIMPLE_IDENTIFIER> p<244> l<24:14> el<24:17>
                                          n<> u<251> t<BinaryOp_Plus> p<252> s<250> l<24:18> el<24:19>
                                          n<> u<250> t<Expression> p<252> c<249> l<24:20> el<24:21>
                                            n<> u<249> t<Primary> p<250> c<248> l<24:20> el<24:21>
                                              n<> u<248> t<Primary_literal> p<249> c<247> l<24:20> el<24:21>
                                                n<1> u<247> t<INTEGRAL_NUMBER> p<248> l<24:20> el<24:21>
                                n<> u<275> t<Statement_or_null> p<340> c<274> s<294> l<25:7> el<25:26>
                                  n<> u<274> t<Statement> p<275> c<273> l<25:7> el<25:26>
                                    n<> u<273> t<Statement_item> p<274> c<272> l<25:7> el<25:26>
                                      n<> u<272> t<Nonblocking_assignment> p<273> c<261> l<25:7> el<25:25>
                                        n<> u<261> t<Variable_lvalue> p<272> c<258> s<271> l<25:7> el<25:12>
                                          n<> u<258> t<Ps_or_hierarchical_identifier> p<261> c<257> s<260> l<25:7> el<25:12>
                                            n<arr_c> u<257> t<SIMPLE_IDENTIFIER> p<258> l<25:7> el<25:12>
                                          n<> u<260> t<Select> p<261> c<259> l<25:13> el<25:13>
                                            n<> u<259> t<Bit_select> p<260> l<25:13> el<25:13>
                                        n<> u<271> t<Expression> p<272> c<265> l<25:16> el<25:25>
                                          n<> u<265> t<Expression> p<271> c<264> s<270> l<25:16> el<25:21>
                                            n<> u<264> t<Primary> p<265> c<263> l<25:16> el<25:21>
                                              n<> u<263> t<Primary_literal> p<264> c<262> l<25:16> el<25:21>
                                                n<arr_c> u<262> t<SIMPLE_IDENTIFIER> p<263> l<25:16> el<25:21>
                                          n<> u<270> t<BinaryOp_Plus> p<271> s<269> l<25:22> el<25:23>
                                          n<> u<269> t<Expression> p<271> c<268> l<25:24> el<25:25>
                                            n<> u<268> t<Primary> p<269> c<267> l<25:24> el<25:25>
                                              n<> u<267> t<Primary_literal> p<268> c<266> l<25:24> el<25:25>
                                                n<1> u<266> t<INTEGRAL_NUMBER> p<267> l<25:24> el<25:25>
                                n<> u<294> t<Statement_or_null> p<340> c<293> s<338> l<26:7> el<26:24>
                                  n<> u<293> t<Statement> p<294> c<292> l<26:7> el<26:24>
                                    n<> u<292> t<Statement_item> p<293> c<291> l<26:7> el<26:24>
                                      n<> u<291> t<Nonblocking_assignment> p<292> c<280> l<26:7> el<26:23>
                                        n<> u<280> t<Variable_lvalue> p<291> c<277> s<290> l<26:7> el<26:11>
                                          n<> u<277> t<Ps_or_hierarchical_identifier> p<280> c<276> s<279> l<26:7> el<26:11>
                                            n<arr2> u<276> t<SIMPLE_IDENTIFIER> p<277> l<26:7> el<26:11>
                                          n<> u<279> t<Select> p<280> c<278> l<26:12> el<26:12>
                                            n<> u<278> t<Bit_select> p<279> l<26:12> el<26:12>
                                        n<> u<290> t<Expression> p<291> c<284> l<26:15> el<26:23>
                                          n<> u<284> t<Expression> p<290> c<283> s<289> l<26:15> el<26:19>
                                            n<> u<283> t<Primary> p<284> c<282> l<26:15> el<26:19>
                                              n<> u<282> t<Primary_literal> p<283> c<281> l<26:15> el<26:19>
                                                n<arr2> u<281> t<SIMPLE_IDENTIFIER> p<282> l<26:15> el<26:19>
                                          n<> u<289> t<BinaryOp_Plus> p<290> s<288> l<26:20> el<26:21>
                                          n<> u<288> t<Expression> p<290> c<287> l<26:22> el<26:23>
                                            n<> u<287> t<Primary> p<288> c<286> l<26:22> el<26:23>
                                              n<> u<286> t<Primary_literal> p<287> c<285> l<26:22> el<26:23>
                                                n<1> u<285> t<INTEGRAL_NUMBER> p<286> l<26:22> el<26:23>
                                n<> u<338> t<Statement_or_null> p<340> c<337> s<339> l<30:7> el<33:10>
                                  n<> u<337> t<Statement> p<338> c<336> l<30:7> el<33:10>
                                    n<> u<336> t<Statement_item> p<337> c<335> l<30:7> el<33:10>
                                      n<> u<335> t<Conditional_statement> p<336> c<306> l<30:7> el<33:10>
                                        n<> u<306> t<Cond_predicate> p<335> c<305> s<334> l<30:11> el<30:18>
                                          n<> u<305> t<Expression_or_cond_pattern> p<306> c<304> l<30:11> el<30:18>
                                            n<> u<304> t<Expression> p<305> c<298> l<30:11> el<30:18>
                                              n<> u<298> t<Expression> p<304> c<297> s<303> l<30:11> el<30:14>
                                                n<> u<297> t<Primary> p<298> c<296> l<30:11> el<30:14>
                                                  n<> u<296> t<Primary_literal> p<297> c<295> l<30:11> el<30:14>
                                                    n<cyc> u<295> t<SIMPLE_IDENTIFIER> p<296> l<30:11> el<30:14>
                                              n<> u<303> t<EQUIV> p<304> s<302> l<30:14> el<30:16>
                                              n<> u<302> t<Expression> p<304> c<301> l<30:16> el<30:18>
                                                n<> u<301> t<Primary> p<302> c<300> l<30:16> el<30:18>
                                                  n<> u<300> t<Primary_literal> p<301> c<299> l<30:16> el<30:18>
                                                    n<99> u<299> t<INTEGRAL_NUMBER> p<300> l<30:16> el<30:18>
                                        n<> u<334> t<Statement_or_null> p<335> c<333> l<30:20> el<33:10>
                                          n<> u<333> t<Statement> p<334> c<332> l<30:20> el<33:10>
                                            n<> u<332> t<Statement_item> p<333> c<331> l<30:20> el<33:10>
                                              n<> u<331> t<Seq_block> p<332> c<320> l<30:20> el<33:10>
                                                n<> u<320> t<Statement_or_null> p<331> c<319> s<329> l<31:10> el<31:43>
                                                  n<> u<319> t<Statement> p<320> c<318> l<31:10> el<31:43>
                                                    n<> u<318> t<Statement_item> p<319> c<317> l<31:10> el<31:43>
                                                      n<> u<317> t<Subroutine_call_statement> p<318> c<316> l<31:10> el<31:43>
                                                        n<> u<316> t<Subroutine_call> p<317> c<307> l<31:10> el<31:42>
                                                          n<$> u<307> t<DOLLAR> p<316> s<308> l<31:10> el<31:11>
                                                          n<write> u<308> t<SIMPLE_IDENTIFIER> p<316> s<314> l<31:11> el<31:16>
                                                          n<> u<314> t<OPEN_PARENS> p<316> s<313> l<31:16> el<31:17>
                                                          n<> u<313> t<Argument_list> p<316> c<312> s<315> l<31:17> el<31:41>
                                                            n<> u<312> t<Expression> p<313> c<311> l<31:17> el<31:41>
                                                              n<> u<311> t<Primary> p<312> c<310> l<31:17> el<31:41>
                                                                n<> u<310> t<Primary_literal> p<311> c<309> l<31:17> el<31:41>
                                                                  n<"*-* All Finished *-*\n"> u<309> t<QUOTED_STRING> p<310> l<31:17> el<31:41>
                                                          n<> u<315> t<CLOSE_PARENS> p<316> l<31:41> el<31:42>
                                                n<> u<329> t<Statement_or_null> p<331> c<328> s<330> l<32:10> el<32:18>
                                                  n<> u<328> t<Statement> p<329> c<327> l<32:10> el<32:18>
                                                    n<> u<327> t<Statement_item> p<328> c<326> l<32:10> el<32:18>
                                                      n<> u<326> t<Subroutine_call_statement> p<327> c<325> l<32:10> el<32:18>
                                                        n<> u<325> t<Subroutine_call> p<326> c<321> l<32:10> el<32:17>
                                                          n<$> u<321> t<DOLLAR> p<325> s<322> l<32:10> el<32:11>
                                                          n<finish> u<322> t<SIMPLE_IDENTIFIER> p<325> s<324> l<32:11> el<32:17>
                                                          n<> u<324> t<Select> p<325> c<323> l<32:17> el<32:17>
                                                            n<> u<323> t<Bit_select> p<324> l<32:17> el<32:17>
                                                n<> u<330> t<END> p<331> l<33:7> el<33:10>
                                n<> u<339> t<END> p<340> l<34:4> el<34:7>
        n</* verilator lint_on WIDTH */> u<352> t<BLOCK_COMMENT> p<354> s<353> l<23:4> el<34:7>
        n<> u<353> t<ENDMODULE> p<354> l<38:1> el<38:10>
AST_DEBUG_END
[INF:CP5804] $Source01/t_mem_packed_assign.v:6:1: Compile module "t".
[WRN:CP5851] $Source01/t_mem_packed_assign.v:16:4: Failed to bind "logic".
[WRN:CP5851] $Source01/t_mem_packed_assign.v:17:4: Failed to bind "logic".
[WRN:CP5851] $Source01/t_mem_packed_assign.v:19:4: Failed to bind "logic".
[WRN:CP5851] $Source01/t_mem_packed_assign.v:20:4: Failed to bind "logic".
[INF:CM5028] Using global timescale: "1ns/1ns".
====== HLDB =======
Design name:unnamed:
  vpiName: unnamed
  vpiSourceFile (1 items):
    SourceFile name:t_mem_packed_assign.v file:$Source01/t_mem_packed_assign.v:
      vpiParent: Design name:unnamed
      vpiName: t_mem_packed_assign.v
      vpiPreprocFile: "$Output/lib/work/t_mem_packed_assign.v"
  vpiAllModules (1 items):
    Module name:t file:$Source01/t_mem_packed_assign.v start:6:1 end:38:10:
      vpiParent: Design name:unnamed
      vpiName Identifier name:t start:6:8 end:6:9:
      vpiFullName: t
      vpiVariable (5 items):
        Variable name:cyc start:15:12 end:15:15:
          vpiParent: Module name:t
          vpiTypespec RefTypespec start:15:4 end:15:11:
            vpiParent: Variable name:cyc
            vpiFullName: t.cyc
            vpiActual: IntegerTypespec
          vpiName: cyc
          vpiFullName: t.cyc
        Variable name:arr_c start:16:17 end:16:22:
          vpiParent: Module name:t
          vpiTypespec RefTypespec name:logic [31:0] start:16:4 end:16:16:
            vpiParent: Variable name:arr_c
            vpiName: logic [31:0]
            vpiFullName: t.arr_c.logic [31:0]
            vpiActual: ArrayTypespec
          vpiName: arr_c
          vpiFullName: t.arr_c
        Variable name:arr start:17:22 end:17:25:
          vpiParent: Module name:t
          vpiTypespec RefTypespec name:logic [3:0] [7:0] start:17:4 end:17:21:
            vpiParent: Variable name:arr
            vpiName: logic [3:0] [7:0]
            vpiFullName: t.arr.logic [3:0] [7:0]
            vpiActual: ArrayTypespec
          vpiName: arr
          vpiFullName: t.arr
        Variable name:arr2_c start:19:17 end:19:23:
          vpiParent: Module name:t
          vpiTypespec RefTypespec name:logic [31:0] start:19:4 end:19:16:
            vpiParent: Variable name:arr2_c
            vpiName: logic [31:0]
            vpiFullName: t.arr2_c.logic [31:0]
            vpiActual: ArrayTypespec
          vpiName: arr2_c
          vpiFullName: t.arr2_c
        Variable name:arr2 start:20:22 end:20:26:
          vpiParent: Module name:t
          vpiTypespec RefTypespec name:logic [3:0] [7:0] start:20:4 end:20:21:
            vpiParent: Variable name:arr2
            vpiName: logic [3:0] [7:0]
            vpiFullName: t.arr2.logic [3:0] [7:0]
            vpiActual: ArrayTypespec
          vpiName: arr2
          vpiFullName: t.arr2
      vpiTypespec (8 items):
        LogicTypespec:
          vpiParent: Module name:t
        IntegerTypespec:
          vpiParent: Module name:t
          vpiSigned: true
        ArrayTypespec:
          vpiParent: Module name:t
          vpiArrayType: static (1)
          vpiPacked: true
          vpiRange Range start:16:10 end:16:16:
            vpiParent: ArrayTypespec
            vpiLeftRange Constant start:16:11 end:16:13:
              vpiParent: Range
              vpiTypespec RefTypespec:
                vpiParent: Constant
                vpiFullName: t
                vpiActual: IntTypespec
              vpiConstType: unsigned int (9)
              vpiSize: 64
              vpiDecompile: "31"
              vpiValue: 31
            vpiRightRange Constant start:16:14 end:16:15:
              vpiParent: Range
              vpiTypespec RefTypespec:
                vpiParent: Constant
                vpiFullName: t
                vpiActual: IntTypespec
              vpiConstType: unsigned int (9)
              vpiSize: 64
              vpiDecompile: "0"
              vpiValue: 0
          vpiElemTypespec RefTypespec name:logic start:16:4 end:16:9:
            vpiParent: ArrayTypespec
            vpiName: logic
            vpiFullName: t.logic
        ArrayTypespec:
          vpiParent: Module name:t
          vpiArrayType: static (1)
          vpiPacked: true
          vpiRange Range start:17:10 end:17:15:
            vpiParent: ArrayTypespec
            vpiLeftRange Constant start:17:11 end:17:12:
              vpiParent: Range
              vpiTypespec RefTypespec:
                vpiParent: Constant
                vpiFullName: t
                vpiActual: IntTypespec
              vpiConstType: unsigned int (9)
              vpiSize: 64
              vpiDecompile: "7"
              vpiValue: 7
            vpiRightRange Constant start:17:13 end:17:14:
              vpiParent: Range
              vpiTypespec RefTypespec:
                vpiParent: Constant
                vpiFullName: t
                vpiActual: IntTypespec
              vpiConstType: unsigned int (9)
              vpiSize: 64
              vpiDecompile: "0"
              vpiValue: 0
          vpiElemTypespec RefTypespec:
            vpiParent: ArrayTypespec
            vpiFullName: t
            vpiActual: ArrayTypespec
        ArrayTypespec:
          vpiParent: Module name:t
          vpiArrayType: static (1)
          vpiPacked: true
          vpiRange Range start:17:16 end:17:21:
            vpiParent: ArrayTypespec
            vpiLeftRange Constant start:17:17 end:17:18:
              vpiParent: Range
              vpiTypespec RefTypespec:
                vpiParent: Constant
                vpiFullName: t
                vpiActual: IntTypespec
              vpiConstType: unsigned int (9)
              vpiSize: 64
              vpiDecompile: "3"
              vpiValue: 3
            vpiRightRange Constant start:17:19 end:17:20:
              vpiParent: Range
              vpiTypespec RefTypespec:
                vpiParent: Constant
                vpiFullName: t
                vpiActual: IntTypespec
              vpiConstType: unsigned int (9)
              vpiSize: 64
              vpiDecompile: "0"
              vpiValue: 0
          vpiElemTypespec RefTypespec name:logic start:17:4 end:17:9:
            vpiParent: ArrayTypespec
            vpiName: logic
            vpiFullName: t.logic
        ArrayTypespec:
          vpiParent: Module name:t
          vpiArrayType: static (1)
          vpiPacked: true
          vpiRange Range start:19:10 end:19:16:
            vpiParent: ArrayTypespec
            vpiLeftRange Constant start:19:11 end:19:13:
              vpiParent: Range
              vpiTypespec RefTypespec:
                vpiParent: Constant
                vpiFullName: t
                vpiActual: IntTypespec
              vpiConstType: unsigned int (9)
              vpiSize: 64
              vpiDecompile: "31"
              vpiValue: 31
            vpiRightRange Constant start:19:14 end:19:15:
              vpiParent: Range
              vpiTypespec RefTypespec:
                vpiParent: Constant
                vpiFullName: t
                vpiActual: IntTypespec
              vpiConstType: unsigned int (9)
              vpiSize: 64
              vpiDecompile: "0"
              vpiValue: 0
          vpiElemTypespec RefTypespec name:logic start:19:4 end:19:9:
            vpiParent: ArrayTypespec
            vpiName: logic
            vpiFullName: t.logic
        ArrayTypespec:
          vpiParent: Module name:t
          vpiArrayType: static (1)
          vpiPacked: true
          vpiRange Range start:20:10 end:20:15:
            vpiParent: ArrayTypespec
            vpiLeftRange Constant start:20:11 end:20:12:
              vpiParent: Range
              vpiTypespec RefTypespec:
                vpiParent: Constant
                vpiFullName: t
                vpiActual: IntTypespec
              vpiConstType: unsigned int (9)
              vpiSize: 64
              vpiDecompile: "7"
              vpiValue: 7
            vpiRightRange Constant start:20:13 end:20:14:
              vpiParent: Range
              vpiTypespec RefTypespec:
                vpiParent: Constant
                vpiFullName: t
                vpiActual: IntTypespec
              vpiConstType: unsigned int (9)
              vpiSize: 64
              vpiDecompile: "0"
              vpiValue: 0
          vpiElemTypespec RefTypespec:
            vpiParent: ArrayTypespec
            vpiFullName: t
            vpiActual: ArrayTypespec
        ArrayTypespec:
          vpiParent: Module name:t
          vpiArrayType: static (1)
          vpiPacked: true
          vpiRange Range start:20:16 end:20:21:
            vpiParent: ArrayTypespec
            vpiLeftRange Constant start:20:17 end:20:18:
              vpiParent: Range
              vpiTypespec RefTypespec:
                vpiParent: Constant
                vpiFullName: t
                vpiActual: IntTypespec
              vpiConstType: unsigned int (9)
              vpiSize: 64
              vpiDecompile: "3"
              vpiValue: 3
            vpiRightRange Constant start:20:19 end:20:20:
              vpiParent: Range
              vpiTypespec RefTypespec:
                vpiParent: Constant
                vpiFullName: t
                vpiActual: IntTypespec
              vpiConstType: unsigned int (9)
              vpiSize: 64
              vpiDecompile: "0"
              vpiValue: 0
          vpiElemTypespec RefTypespec name:logic start:20:4 end:20:9:
            vpiParent: ArrayTypespec
            vpiName: logic
            vpiFullName: t.logic
      vpiDefName: t
      vpiDefNetType: wire (1)
      vpiLibrary RefObj name:work start:6:8 end:6:9:
        vpiParent: Module name:t
        vpiName: work
        vpiFullName: t.work
        vpiActual: Library name:work
      vpiCell: t
      vpiNet (1 items):
        Net name:clk start:13:10 end:13:13:
          vpiParent: Module name:t
          vpiTypespec RefTypespec:
            vpiParent: Net name:clk
            vpiFullName: t.clk
            vpiActual: LogicTypespec
          vpiName: clk
          vpiFullName: t.clk
          vpiNetType: wire (1)
      vpiPort (1 items):
        Port name:clk start:8:4 end:8:7:
          vpiParent: Module name:t
          vpiName: clk
          vpiDirection: input (1)
          vpiLowConn RefObj name:clk start:13:10 end:13:13:
            vpiParent: Port name:clk
            vpiName: clk
            vpiFullName: t.clk.clk
            vpiActual: Net name:clk
          vpiTypespec RefTypespec:
            vpiParent: Port name:clk
            vpiFullName: t.clk
            vpiActual: LogicTypespec
      vpiProcess (4 items):
        Initial start:15:17 end:15:33:
          vpiParent: Module name:t
          vpiStmt Assignment start:15:25 end:15:32:
            vpiParent: Initial
            vpiBlocking: true
            vpiLhs RefObj name:cyc start:15:25 end:15:28:
              vpiParent: Assignment
              vpiName: cyc
              vpiFullName: t.cyc
              vpiActual: Variable name:cyc
            vpiRhs Constant start:15:31 end:15:32:
              vpiParent: Assignment
              vpiTypespec RefTypespec:
                vpiParent: Constant
                vpiFullName: t
                vpiActual: IntTypespec
              vpiConstType: unsigned int (9)
              vpiSize: 64
              vpiDecompile: "0"
              vpiValue: 0
        Initial start:16:24 end:16:42:
          vpiParent: Module name:t
          vpiStmt Assignment start:16:32 end:16:41:
            vpiParent: Initial
            vpiBlocking: true
            vpiLhs RefObj name:arr_c start:16:32 end:16:37:
              vpiParent: Assignment
              vpiName: arr_c
              vpiFullName: t.arr_c
              vpiActual: Variable name:arr_c
            vpiRhs Constant start:16:40 end:16:41:
              vpiParent: Assignment
              vpiTypespec RefTypespec:
                vpiParent: Constant
                vpiFullName: t
                vpiActual: IntTypespec
              vpiConstType: unsigned int (9)
              vpiSize: 64
              vpiDecompile: "0"
              vpiValue: 0
        Initial start:19:25 end:19:44:
          vpiParent: Module name:t
          vpiStmt Assignment start:19:33 end:19:43:
            vpiParent: Initial
            vpiBlocking: true
            vpiLhs RefObj name:arr2_c start:19:33 end:19:39:
              vpiParent: Assignment
              vpiName: arr2_c
              vpiFullName: t.arr2_c
              vpiActual: Variable name:arr2_c
            vpiRhs Constant start:19:42 end:19:43:
              vpiParent: Assignment
              vpiTypespec RefTypespec:
                vpiParent: Constant
                vpiFullName: t
                vpiActual: IntTypespec
              vpiConstType: unsigned int (9)
              vpiSize: 64
              vpiDecompile: "0"
              vpiValue: 0
        Always start:23:4 end:34:7:
          vpiParent: Module name:t
          vpiStmt EventControl start:23:11 end:34:7:
            vpiParent: Always
            vpiCondition Operation start:23:14 end:23:25:
              vpiParent: EventControl
              vpiOpType: posedge (39)
              vpiOperand (1 items):
                RefObj name:clk start:23:22 end:23:25:
                  vpiParent: Operation
                  vpiName: clk
                  vpiFullName: t.clk
                  vpiActual: Net name:clk
            vpiStmt Begin start:23:27 end:34:7:
              vpiParent: EventControl
              vpiFullName: t
              vpiStmt (4 items):
                Assignment start:24:7 end:24:21:
                  vpiParent: Begin
                  vpiLhs RefObj name:cyc start:24:7 end:24:10:
                    vpiParent: Assignment
                    vpiName: cyc
                    vpiFullName: t.cyc
                    vpiActual: Variable name:cyc
                  vpiRhs Operation start:24:14 end:24:21:
                    vpiParent: Assignment
                    vpiOpType: add (24)
                    vpiOperand (2 items):
                      RefObj name:cyc start:24:14 end:24:17:
                        vpiParent: Operation
                        vpiName: cyc
                        vpiFullName: t.cyc
                        vpiActual: Variable name:cyc
                      Constant start:24:20 end:24:21:
                        vpiParent: Operation
                        vpiTypespec RefTypespec:
                          vpiParent: Constant
                          vpiFullName: t
                          vpiActual: IntTypespec
                        vpiConstType: unsigned int (9)
                        vpiSize: 64
                        vpiDecompile: "1"
                        vpiValue: 1
                Assignment start:25:7 end:25:25:
                  vpiParent: Begin
                  vpiLhs RefObj name:arr_c start:25:7 end:25:12:
                    vpiParent: Assignment
                    vpiName: arr_c
                    vpiFullName: t.arr_c
                    vpiActual: Variable name:arr_c
                  vpiRhs Operation start:25:16 end:25:25:
                    vpiParent: Assignment
                    vpiOpType: add (24)
                    vpiOperand (2 items):
                      RefObj name:arr_c start:25:16 end:25:21:
                        vpiParent: Operation
                        vpiName: arr_c
                        vpiFullName: t.arr_c
                        vpiActual: Variable name:arr_c
                      Constant start:25:24 end:25:25:
                        vpiParent: Operation
                        vpiTypespec RefTypespec:
                          vpiParent: Constant
                          vpiFullName: t
                          vpiActual: IntTypespec
                        vpiConstType: unsigned int (9)
                        vpiSize: 64
                        vpiDecompile: "1"
                        vpiValue: 1
                Assignment start:26:7 end:26:23:
                  vpiParent: Begin
                  vpiLhs RefObj name:arr2 start:26:7 end:26:11:
                    vpiParent: Assignment
                    vpiName: arr2
                    vpiFullName: t.arr2
                    vpiActual: Variable name:arr2
                  vpiRhs Operation start:26:15 end:26:23:
                    vpiParent: Assignment
                    vpiOpType: add (24)
                    vpiOperand (2 items):
                      RefObj name:arr2 start:26:15 end:26:19:
                        vpiParent: Operation
                        vpiName: arr2
                        vpiFullName: t.arr2
                        vpiActual: Variable name:arr2
                      Constant start:26:22 end:26:23:
                        vpiParent: Operation
                        vpiTypespec RefTypespec:
                          vpiParent: Constant
                          vpiFullName: t
                          vpiActual: IntTypespec
                        vpiConstType: unsigned int (9)
                        vpiSize: 64
                        vpiDecompile: "1"
                        vpiValue: 1
                IfStmt start:30:7 end:33:10:
                  vpiParent: Begin
                  vpiCondition Operation start:30:11 end:30:18:
                    vpiParent: IfStmt
                    vpiOpType: equal (14)
                    vpiOperand (2 items):
                      RefObj name:cyc start:30:11 end:30:14:
                        vpiParent: Operation
                        vpiName: cyc
                        vpiFullName: t.cyc
                        vpiActual: Variable name:cyc
                      Constant start:30:16 end:30:18:
                        vpiParent: Operation
                        vpiTypespec RefTypespec:
                          vpiParent: Constant
                          vpiFullName: t
                          vpiActual: IntTypespec
                        vpiConstType: unsigned int (9)
                        vpiSize: 64
                        vpiDecompile: "99"
                        vpiValue: 99
                  vpiStmt Begin start:30:20 end:33:10:
                    vpiParent: IfStmt
                    vpiFullName: t
                    vpiStmt (2 items):
                      SysTaskCall name:$write start:31:10 end:31:42:
                        vpiParent: Begin
                        vpiName Identifier name:$write start:31:10 end:31:16:
                        vpiArgument (1 items):
                          NamedArgument start:31:17 end:31:41:
                            vpiParent: SysTaskCall name:$write
                            vpiHighConn Constant start:31:17 end:31:41:
                              vpiParent: NamedArgument
                              vpiTypespec RefTypespec:
                                vpiParent: Constant
                                vpiFullName: t
                                vpiActual: StringTypespec
                              vpiConstType: string (6)
                              vpiSize: 168
                              vpiDecompile: "\"*-* All Finished *-*\\n\""
                              vpiValue: "*-* All Finished *-*\\n"
                      SysTaskCall name:$finish start:32:10 end:32:17:
                        vpiParent: Begin
                        vpiName Identifier name:$finish start:32:10 end:32:17:
                        vpiIsProperty: true
          vpiAlwaysType: always (1)
      vpiContAssign (1 items):
        ContAssign start:21:11 end:21:24:
          vpiParent: Module name:t
          vpiLhs RefObj name:arr2_c start:21:11 end:21:17:
            vpiParent: ContAssign
            vpiName: arr2_c
            vpiFullName: t.arr2_c
            vpiActual: Variable name:arr2_c
          vpiRhs RefObj name:arr2 start:21:20 end:21:24:
            vpiParent: ContAssign
            vpiName: arr2
            vpiFullName: t.arr2
            vpiActual: Variable name:arr2
  vpiTypespec (3 items):
    ModuleTypespec name:t:
      vpiParent: Design name:unnamed
      vpiName Identifier name:t start:6:8 end:6:9:
      vpiDefName: t
      vpiModule: Module name:t
    IntTypespec:
      vpiParent: Design name:unnamed
      vpiSigned: true
    StringTypespec:
      vpiParent: Design name:unnamed
  vpiLibrary (1 items):
    Library name:work:
      vpiParent: Design name:unnamed
      vpiName: work
===================
[  FATAL] : 0
[ SYNTAX] : 0
[  ERROR] : 0
[WARNING] : 4
[   NOTE] : 0
********************************************************************************
*                    End HLC SystemVerilog Compiler/Linter                     *
********************************************************************************

#**#**#**#**#**#**#**#**#**#**#**#**#**#**#**#**#**#**#**#**#**#**#**#**#**#**#**#**#**#**#**#**#**#**#**#**#**#**#**#**

Environment:
      test-name: Verilator/t_mem_packed_assign
   test-dirpath: ${HLC_DIR}/regression/Verilator/t_mem_packed_assign
  hldb-filepath: ${HLC_DIR}/regression/Verilator/t_mem_packed_assign/design.hldb
mounts-filepath: ${HLC_DIR}/regression/Verilator/t_mem_packed_assign/mounts.json


{'result': {'coverage': 100.0,
            'error_count': 0,
            'file_count': 1,
            'files': {'$Output/lib/work/t_mem_packed_assign.v': {'post_len': 0,
                                                                 'pre_len': 351}},
            'post_len': 0,
            'pre_len': 351,
            'test_name': 'Verilator/t_mem_packed_assign'}}

+----------------------------------------+----------+-----------+
| INPUT                                  |   PRELEN |   POSTLEN |
+========================================+==========+===========+
| $Output/lib/work/t_mem_packed_assign.v |      351 |         0 |
+========================================+==========+===========+
|                                        |      351 |         0 |
+----------------------------------------+----------+-----------+

[   ERROR] : 0
[COVERAGE] : 100.0


#**#**#**#**#**#**#**#**#**#**#**#**#**#**#**#**#**#**#**#**#**#**#**#**#**#**#**#**#**#**#**#**#**#**#**#**#**#**#**#**

COMMAND: ${HLC_DIR}/regression/Verilator/t_mem_packed_assign/design.hldb ${HLC_DIR}/regression/Verilator/t_mem_packed_assign/reduced.hldb

==================== BEGIN REDUCTION RESULT ====================
Name                            Before   After   Added   Removed
----------------------------------------------------------------
----------------------------------------------------------------
Others                             123     123       0         0
----------------------------------------------------------------
                                   123     123       0         0
===================== END REDUCTION RESULT =====================
