********************************************************************************
*                   Begin HLC SystemVerilog Compiler/Linter                    *
********************************************************************************
Copyright (c) 2020 Apotell,
http://www.apache.org/licenses/LICENSE-2.0
VERSION: 1.84
COMMAND: -wd ../../../tests/Verilator +incdir+. -nobuiltin -timescale=1ns/1ns -d ast -d db t_mod_recurse1.v -mt 0 -mp 0 -d dbstats -d cache -d db -nostdout -o ${HLC_DIR}/regression/Verilator/t_mod_recurse1
[INF:CM0023] Creating log file "$Output/hlc.log".
[INF:PP0122] Preprocessing source file "$Source01/t_mod_recurse1.v".
[INF:PA0201] Parsing source file "$Source01/t_mod_recurse1.v".
AST_DEBUG_BEGIN
Count: 274
LIB: work
FILE: f<13>:$Source01/t_mod_recurse1.v
n<$Source01/t_mod_recurse1.v> u<273> t<Top_level_rule> c<1> l<6:1> el<36:1>
  n<> u<1> t<Null_rule> p<273> s<2> l<6:1> el<6:1>
  n<// DESCRIPTION: Verilator: Verilog Test module> u<2> t<LINE_COMMENT> p<273> s<3> l<1:1> el<1:47>
  n<//> u<3> t<LINE_COMMENT> p<273> s<4> l<2:1> el<2:3>
  n<// This file ONLY is placed into the Public Domain, for any use,> u<4> t<LINE_COMMENT> p<273> s<5> l<3:1> el<3:65>
  n<// without warranty, 2013 by Sean Moore.> u<5> t<LINE_COMMENT> p<273> s<272> l<4:1> el<4:41>
  n<> u<272> t<Source_text> p<273> c<24> l<6:1> el<35:10>
    n<> u<24> t<Description> p<272> c<23> s<193> l<6:1> el<10:10>
      n<> u<23> t<Module_declaration> p<24> c<11> l<6:1> el<10:10>
        n<> u<11> t<Module_nonansi_header> p<23> c<6> s<21> l<6:1> el<6:24>
          n<module> u<6> t<MODULE> p<11> s<7> l<6:1> el<6:7>
          n<t> u<7> t<SIMPLE_IDENTIFIER> p<11> s<8> l<6:8> el<6:9>
          n<> u<8> t<Package_import_declaration_list> p<11> s<9> l<6:10> el<6:10>
          n</*AUTOARG*/> u<9> t<BLOCK_COMMENT> p<11> s<10> l<6:10> el<6:23>
          n<> u<10> t<Port_list> p<11> l<6:10> el<6:23>
        n<> u<21> t<Module_item> p<23> c<20> s<22> l<8:4> el<8:15>
          n<> u<20> t<Non_port_module_item> p<21> c<19> l<8:4> el<8:15>
            n<> u<19> t<Module_or_generate_item> p<20> c<18> l<8:4> el<8:15>
              n<> u<18> t<Module_instantiation> p<19> c<12> l<8:4> el<8:15>
                n<rec> u<12> t<SIMPLE_IDENTIFIER> p<18> s<17> l<8:4> el<8:7>
                n<> u<17> t<Hierarchical_instance> p<18> c<14> l<8:8> el<8:14>
                  n<> u<14> t<Name_of_instance> p<17> c<13> s<16> l<8:8> el<8:11>
                    n<rec> u<13> t<SIMPLE_IDENTIFIER> p<14> l<8:8> el<8:11>
                  n<> u<16> t<Port_connection_list> p<17> c<15> l<8:13> el<8:13>
                    n<> u<15> t<Ordered_port_connection> p<16> l<8:13> el<8:13>
        n<> u<22> t<ENDMODULE> p<23> l<10:1> el<10:10>
    n<> u<193> t<Description> p<272> c<192> s<271> l<12:1> el<26:10>
      n<> u<192> t<Module_declaration> p<193> c<28> l<12:1> el<26:10>
        n<> u<28> t<Module_ansi_header> p<192> c<25> s<44> l<12:1> el<12:12>
          n<module> u<25> t<MODULE> p<28> s<26> l<12:1> el<12:7>
          n<rec> u<26> t<SIMPLE_IDENTIFIER> p<28> s<27> l<12:8> el<12:11>
          n<> u<27> t<Package_import_declaration_list> p<28> l<12:11> el<12:11>
        n<> u<44> t<Non_port_module_item> p<192> c<43> s<190> l<13:4> el<13:24>
          n<> u<43> t<Module_or_generate_item> p<44> c<42> l<13:4> el<13:24>
            n<> u<42> t<Module_common_item> p<43> c<41> l<13:4> el<13:24>
              n<> u<41> t<Module_or_generate_item_declaration> p<42> c<40> l<13:4> el<13:24>
                n<> u<40> t<Package_or_generate_item_declaration> p<41> c<39> l<13:4> el<13:24>
                  n<> u<39> t<Parameter_declaration> p<40> c<29> l<13:4> el<13:23>
                    n<> u<29> t<Data_type_or_implicit> p<39> s<38> l<13:14> el<13:14>
                    n<> u<38> t<Param_assignment_list> p<39> c<37> l<13:14> el<13:23>
                      n<> u<37> t<Param_assignment> p<38> c<30> l<13:14> el<13:23>
                        n<DEPTH> u<30> t<SIMPLE_IDENTIFIER> p<37> s<36> l<13:14> el<13:19>
                        n<> u<36> t<Constant_param_expression> p<37> c<35> l<13:22> el<13:23>
                          n<> u<35> t<Constant_mintypmax_expression> p<36> c<34> l<13:22> el<13:23>
                            n<> u<34> t<Constant_expression> p<35> c<33> l<13:22> el<13:23>
                              n<> u<33> t<Constant_primary> p<34> c<32> l<13:22> el<13:23>
                                n<> u<32> t<Primary_literal> p<33> c<31> l<13:22> el<13:23>
                                  n<1> u<31> t<INTEGRAL_NUMBER> p<32> l<13:22> el<13:23>
        n<> u<190> t<Non_port_module_item> p<192> c<189> s<191> l<15:4> el<25:15>
          n<> u<189> t<Generate_region> p<190> c<187> l<15:4> el<25:15>
            n<> u<187> t<Generate_item> p<189> c<186> s<188> l<16:7> el<24:10>
              n<> u<186> t<Module_or_generate_item> p<187> c<185> l<16:7> el<24:10>
                n<> u<185> t<Module_common_item> p<186> c<184> l<16:7> el<24:10>
                  n<> u<184> t<Conditional_generate_construct> p<185> c<183> l<16:7> el<24:10>
                    n<> u<183> t<If_generate_construct> p<184> c<181> l<16:7> el<24:10>
                      n<> u<181> t<IF> p<183> s<54> l<16:7> el<16:9>
                      n<> u<54> t<Constant_expression> p<183> c<48> s<85> l<16:11> el<16:19>
                        n<> u<48> t<Constant_expression> p<54> c<47> s<53> l<16:11> el<16:16>
                          n<> u<47> t<Constant_primary> p<48> c<46> l<16:11> el<16:16>
                            n<> u<46> t<Primary_literal> p<47> c<45> l<16:11> el<16:16>
                              n<DEPTH> u<45> t<SIMPLE_IDENTIFIER> p<46> l<16:11> el<16:16>
                        n<> u<53> t<EQUIV> p<54> s<52> l<16:16> el<16:18>
                        n<> u<52> t<Constant_expression> p<54> c<51> l<16:18> el<16:19>
                          n<> u<51> t<Constant_primary> p<52> c<50> l<16:18> el<16:19>
                            n<> u<50> t<Primary_literal> p<51> c<49> l<16:18> el<16:19>
                              n<1> u<49> t<INTEGRAL_NUMBER> p<50> l<16:18> el<16:19>
                      n<> u<85> t<Generate_item> p<183> c<84> s<182> l<16:21> el<18:10>
                        n<> u<84> t<Generate_begin_end_block> p<85> c<82> l<16:21> el<18:10>
                          n<> u<82> t<Generate_item> p<84> c<81> s<83> l<17:10> el<17:37>
                            n<> u<81> t<Module_or_generate_item> p<82> c<80> l<17:10> el<17:37>
                              n<> u<80> t<Module_common_item> p<81> c<79> l<17:10> el<17:37>
                                n<> u<79> t<Module_or_generate_item_declaration> p<80> c<78> l<17:10> el<17:37>
                                  n<> u<78> t<Package_or_generate_item_declaration> p<79> c<77> l<17:10> el<17:37>
                                    n<> u<77> t<Data_declaration> p<78> c<76> l<17:10> el<17:37>
                                      n<> u<76> t<Variable_declaration> p<77> c<72> l<17:10> el<17:37>
                                        n<rec> u<72> t<Data_type> p<76> c<55> s<75> l<17:10> el<17:32>
                                          n<rec> u<55> t<SIMPLE_IDENTIFIER> p<72> s<71> l<17:10> el<17:13>
                                          n<> u<71> t<Parameter_value_assignment> p<72> c<70> l<17:14> el<17:32>
                                            n<> u<70> t<Parameter_assignment_list> p<71> c<69> l<17:16> el<17:31>
                                              n<> u<69> t<Named_parameter_assignment> p<70> c<56> l<17:16> el<17:31>
                                                n<DEPTH> u<56> t<SIMPLE_IDENTIFIER> p<69> s<68> l<17:17> el<17:22>
                                                n<> u<68> t<Param_expression> p<69> c<67> l<17:23> el<17:30>
                                                  n<> u<67> t<Mintypmax_expression> p<68> c<66> l<17:23> el<17:30>
                                                    n<> u<66> t<Expression> p<67> c<60> l<17:23> el<17:30>
                                                      n<> u<60> t<Expression> p<66> c<59> s<65> l<17:23> el<17:28>
                                                        n<> u<59> t<Primary> p<60> c<58> l<17:23> el<17:28>
                                                          n<> u<58> t<Primary_literal> p<59> c<57> l<17:23> el<17:28>
                                                            n<DEPTH> u<57> t<SIMPLE_IDENTIFIER> p<58> l<17:23> el<17:28>
                                                      n<> u<65> t<BinaryOp_Plus> p<66> s<64> l<17:28> el<17:29>
                                                      n<> u<64> t<Expression> p<66> c<63> l<17:29> el<17:30>
                                                        n<> u<63> t<Primary> p<64> c<62> l<17:29> el<17:30>
                                                          n<> u<62> t<Primary_literal> p<63> c<61> l<17:29> el<17:30>
                                                            n<1> u<61> t<INTEGRAL_NUMBER> p<62> l<17:29> el<17:30>
                                        n<> u<75> t<Variable_decl_assignment_list> p<76> c<74> l<17:33> el<17:36>
                                          n<> u<74> t<Variable_decl_assignment> p<75> c<73> l<17:33> el<17:36>
                                            n<sub> u<73> t<SIMPLE_IDENTIFIER> p<74> l<17:33> el<17:36>
                          n<> u<83> t<END> p<84> l<18:7> el<18:10>
                      n<> u<182> t<ELSE> p<183> s<180> l<19:7> el<19:11>
                      n<> u<180> t<Generate_item> p<183> c<179> l<19:12> el<24:10>
                        n<> u<179> t<Module_or_generate_item> p<180> c<178> l<19:12> el<24:10>
                          n<> u<178> t<Module_common_item> p<179> c<177> l<19:12> el<24:10>
                            n<> u<177> t<Conditional_generate_construct> p<178> c<176> l<19:12> el<24:10>
                              n<> u<176> t<If_generate_construct> p<177> c<174> l<19:12> el<24:10>
                                n<> u<174> t<IF> p<176> s<95> l<19:12> el<19:14>
                                n<> u<95> t<Constant_expression> p<176> c<89> s<126> l<19:16> el<19:24>
                                  n<> u<89> t<Constant_expression> p<95> c<88> s<94> l<19:16> el<19:21>
                                    n<> u<88> t<Constant_primary> p<89> c<87> l<19:16> el<19:21>
                                      n<> u<87> t<Primary_literal> p<88> c<86> l<19:16> el<19:21>
                                        n<DEPTH> u<86> t<SIMPLE_IDENTIFIER> p<87> l<19:16> el<19:21>
                                  n<> u<94> t<EQUIV> p<95> s<93> l<19:21> el<19:23>
                                  n<> u<93> t<Constant_expression> p<95> c<92> l<19:23> el<19:24>
                                    n<> u<92> t<Constant_primary> p<93> c<91> l<19:23> el<19:24>
                                      n<> u<91> t<Primary_literal> p<92> c<90> l<19:23> el<19:24>
                                        n<2> u<90> t<INTEGRAL_NUMBER> p<91> l<19:23> el<19:24>
                                n<> u<126> t<Generate_item> p<176> c<125> s<175> l<19:26> el<21:10>
                                  n<> u<125> t<Generate_begin_end_block> p<126> c<123> l<19:26> el<21:10>
                                    n<> u<123> t<Generate_item> p<125> c<122> s<124> l<20:10> el<20:38>
                                      n<> u<122> t<Module_or_generate_item> p<123> c<121> l<20:10> el<20:38>
                                        n<> u<121> t<Module_common_item> p<122> c<120> l<20:10> el<20:38>
                                          n<> u<120> t<Module_or_generate_item_declaration> p<121> c<119> l<20:10> el<20:38>
                                            n<> u<119> t<Package_or_generate_item_declaration> p<120> c<118> l<20:10> el<20:38>
                                              n<> u<118> t<Data_declaration> p<119> c<117> l<20:10> el<20:38>
                                                n<> u<117> t<Variable_declaration> p<118> c<113> l<20:10> el<20:38>
                                                  n<rec> u<113> t<Data_type> p<117> c<96> s<116> l<20:10> el<20:32>
                                                    n<rec> u<96> t<SIMPLE_IDENTIFIER> p<113> s<112> l<20:10> el<20:13>
                                                    n<> u<112> t<Parameter_value_assignment> p<113> c<111> l<20:14> el<20:32>
                                                      n<> u<111> t<Parameter_assignment_list> p<112> c<110> l<20:16> el<20:31>
                                                        n<> u<110> t<Named_parameter_assignment> p<111> c<97> l<20:16> el<20:31>
                                                          n<DEPTH> u<97> t<SIMPLE_IDENTIFIER> p<110> s<109> l<20:17> el<20:22>
                                                          n<> u<109> t<Param_expression> p<110> c<108> l<20:23> el<20:30>
                                                            n<> u<108> t<Mintypmax_expression> p<109> c<107> l<20:23> el<20:30>
                                                              n<> u<107> t<Expression> p<108> c<101> l<20:23> el<20:30>
                                                                n<> u<101> t<Expression> p<107> c<100> s<106> l<20:23> el<20:28>
                                                                  n<> u<100> t<Primary> p<101> c<99> l<20:23> el<20:28>
                                                                    n<> u<99> t<Primary_literal> p<100> c<98> l<20:23> el<20:28>
                                                                      n<DEPTH> u<98> t<SIMPLE_IDENTIFIER> p<99> l<20:23> el<20:28>
                                                                n<> u<106> t<BinaryOp_Plus> p<107> s<105> l<20:28> el<20:29>
                                                                n<> u<105> t<Expression> p<107> c<104> l<20:29> el<20:30>
                                                                  n<> u<104> t<Primary> p<105> c<103> l<20:29> el<20:30>
                                                                    n<> u<103> t<Primary_literal> p<104> c<102> l<20:29> el<20:30>
                                                                      n<1> u<102> t<INTEGRAL_NUMBER> p<103> l<20:29> el<20:30>
                                                  n<> u<116> t<Variable_decl_assignment_list> p<117> c<115> l<20:33> el<20:37>
                                                    n<> u<115> t<Variable_decl_assignment> p<116> c<114> l<20:33> el<20:37>
                                                      n<subb> u<114> t<SIMPLE_IDENTIFIER> p<115> l<20:33> el<20:37>
                                    n<> u<124> t<END> p<125> l<21:7> el<21:10>
                                n<> u<175> t<ELSE> p<176> s<173> l<22:7> el<22:11>
                                n<> u<173> t<Generate_item> p<176> c<172> l<22:12> el<24:10>
                                  n<> u<172> t<Module_or_generate_item> p<173> c<171> l<22:12> el<24:10>
                                    n<> u<171> t<Module_common_item> p<172> c<170> l<22:12> el<24:10>
                                      n<> u<170> t<Conditional_generate_construct> p<171> c<169> l<22:12> el<24:10>
                                        n<> u<169> t<If_generate_construct> p<170> c<168> l<22:12> el<24:10>
                                          n<> u<168> t<IF> p<169> s<136> l<22:12> el<22:14>
                                          n<> u<136> t<Constant_expression> p<169> c<130> s<167> l<22:16> el<22:24>
                                            n<> u<130> t<Constant_expression> p<136> c<129> s<135> l<22:16> el<22:21>
                                              n<> u<129> t<Constant_primary> p<130> c<128> l<22:16> el<22:21>
                                                n<> u<128> t<Primary_literal> p<129> c<127> l<22:16> el<22:21>
                                                  n<DEPTH> u<127> t<SIMPLE_IDENTIFIER> p<128> l<22:16> el<22:21>
                                            n<> u<135> t<EQUIV> p<136> s<134> l<22:21> el<22:23>
                                            n<> u<134> t<Constant_expression> p<136> c<133> l<22:23> el<22:24>
                                              n<> u<133> t<Constant_primary> p<134> c<132> l<22:23> el<22:24>
                                                n<> u<132> t<Primary_literal> p<133> c<131> l<22:23> el<22:24>
                                                  n<3> u<131> t<INTEGRAL_NUMBER> p<132> l<22:23> el<22:24>
                                          n<> u<167> t<Generate_item> p<169> c<166> l<22:26> el<24:10>
                                            n<> u<166> t<Generate_begin_end_block> p<167> c<164> l<22:26> el<24:10>
                                              n<> u<164> t<Generate_item> p<166> c<163> s<165> l<23:10> el<23:40>
                                                n<> u<163> t<Module_or_generate_item> p<164> c<162> l<23:10> el<23:40>
                                                  n<> u<162> t<Module_common_item> p<163> c<161> l<23:10> el<23:40>
                                                    n<> u<161> t<Module_or_generate_item_declaration> p<162> c<160> l<23:10> el<23:40>
                                                      n<> u<160> t<Package_or_generate_item_declaration> p<161> c<159> l<23:10> el<23:40>
                                                        n<> u<159> t<Data_declaration> p<160> c<158> l<23:10> el<23:40>
                                                          n<> u<158> t<Variable_declaration> p<159> c<154> l<23:10> el<23:40>
                                                            n<bottom> u<154> t<Data_type> p<158> c<137> s<157> l<23:10> el<23:35>
                                                              n<bottom> u<137> t<SIMPLE_IDENTIFIER> p<154> s<153> l<23:10> el<23:16>
                                                              n<> u<153> t<Parameter_value_assignment> p<154> c<152> l<23:17> el<23:35>
                                                                n<> u<152> t<Parameter_assignment_list> p<153> c<151> l<23:19> el<23:34>
                                                                  n<> u<151> t<Named_parameter_assignment> p<152> c<138> l<23:19> el<23:34>
                                                                    n<DEPTH> u<138> t<SIMPLE_IDENTIFIER> p<151> s<150> l<23:20> el<23:25>
                                                                    n<> u<150> t<Param_expression> p<151> c<149> l<23:26> el<23:33>
                                                                      n<> u<149> t<Mintypmax_expression> p<150> c<148> l<23:26> el<23:33>
                                                                        n<> u<148> t<Expression> p<149> c<142> l<23:26> el<23:33>
                                                                          n<> u<142> t<Expression> p<148> c<141> s<147> l<23:26> el<23:31>
                                                                            n<> u<141> t<Primary> p<142> c<140> l<23:26> el<23:31>
                                                                              n<> u<140> t<Primary_literal> p<141> c<139> l<23:26> el<23:31>
                                                                                n<DEPTH> u<139> t<SIMPLE_IDENTIFIER> p<140> l<23:26> el<23:31>
                                                                          n<> u<147> t<BinaryOp_Plus> p<148> s<146> l<23:31> el<23:32>
                                                                          n<> u<146> t<Expression> p<148> c<145> l<23:32> el<23:33>
                                                                            n<> u<145> t<Primary> p<146> c<144> l<23:32> el<23:33>
                                                                              n<> u<144> t<Primary_literal> p<145> c<143> l<23:32> el<23:33>
                                                                                n<1> u<143> t<INTEGRAL_NUMBER> p<144> l<23:32> el<23:33>
                                                            n<> u<157> t<Variable_decl_assignment_list> p<158> c<156> l<23:36> el<23:39>
                                                              n<> u<156> t<Variable_decl_assignment> p<157> c<155> l<23:36> el<23:39>
                                                                n<bot> u<155> t<SIMPLE_IDENTIFIER> p<156> l<23:36> el<23:39>
                                              n<> u<165> t<END> p<166> l<24:7> el<24:10>
            n<> u<188> t<ENDGENERATE> p<189> l<25:4> el<25:15>
        n<> u<191> t<ENDMODULE> p<192> l<26:1> el<26:10>
    n<> u<271> t<Description> p<272> c<270> l<28:1> el<35:10>
      n<> u<270> t<Module_declaration> p<271> c<197> l<28:1> el<35:10>
        n<> u<197> t<Module_ansi_header> p<270> c<194> s<213> l<28:1> el<28:15>
          n<module> u<194> t<MODULE> p<197> s<195> l<28:1> el<28:7>
          n<bottom> u<195> t<SIMPLE_IDENTIFIER> p<197> s<196> l<28:8> el<28:14>
          n<> u<196> t<Package_import_declaration_list> p<197> l<28:14> el<28:14>
        n<> u<213> t<Non_port_module_item> p<270> c<212> s<268> l<29:4> el<29:24>
          n<> u<212> t<Module_or_generate_item> p<213> c<211> l<29:4> el<29:24>
            n<> u<211> t<Module_common_item> p<212> c<210> l<29:4> el<29:24>
              n<> u<210> t<Module_or_generate_item_declaration> p<211> c<209> l<29:4> el<29:24>
                n<> u<209> t<Package_or_generate_item_declaration> p<210> c<208> l<29:4> el<29:24>
                  n<> u<208> t<Parameter_declaration> p<209> c<198> l<29:4> el<29:23>
                    n<> u<198> t<Data_type_or_implicit> p<208> s<207> l<29:14> el<29:14>
                    n<> u<207> t<Param_assignment_list> p<208> c<206> l<29:14> el<29:23>
                      n<> u<206> t<Param_assignment> p<207> c<199> l<29:14> el<29:23>
                        n<DEPTH> u<199> t<SIMPLE_IDENTIFIER> p<206> s<205> l<29:14> el<29:19>
                        n<> u<205> t<Constant_param_expression> p<206> c<204> l<29:22> el<29:23>
                          n<> u<204> t<Constant_mintypmax_expression> p<205> c<203> l<29:22> el<29:23>
                            n<> u<203> t<Constant_expression> p<204> c<202> l<29:22> el<29:23>
                              n<> u<202> t<Constant_primary> p<203> c<201> l<29:22> el<29:23>
                                n<> u<201> t<Primary_literal> p<202> c<200> l<29:22> el<29:23>
                                  n<1> u<200> t<INTEGRAL_NUMBER> p<201> l<29:22> el<29:23>
        n<> u<268> t<Non_port_module_item> p<270> c<267> s<269> l<30:4> el<34:7>
          n<> u<267> t<Module_or_generate_item> p<268> c<266> l<30:4> el<34:7>
            n<> u<266> t<Module_common_item> p<267> c<265> l<30:4> el<34:7>
              n<> u<265> t<Initial_construct> p<266> c<264> l<30:4> el<34:7>
                n<> u<264> t<Statement_or_null> p<265> c<263> l<30:12> el<34:7>
                  n<> u<263> t<Statement> p<264> c<262> l<30:12> el<34:7>
                    n<> u<262> t<Statement_item> p<263> c<261> l<30:12> el<34:7>
                      n<> u<261> t<Seq_block> p<262> c<238> l<30:12> el<34:7>
                        n<> u<238> t<Statement_or_null> p<261> c<237> s<250> l<31:7> el<31:27>
                          n<> u<237> t<Statement> p<238> c<236> l<31:7> el<31:27>
                            n<> u<236> t<Statement_item> p<237> c<235> l<31:7> el<31:27>
                              n<> u<235> t<Conditional_statement> p<236> c<225> l<31:7> el<31:27>
                                n<> u<225> t<Cond_predicate> p<235> c<224> s<234> l<31:11> el<31:19>
                                  n<> u<224> t<Expression_or_cond_pattern> p<225> c<223> l<31:11> el<31:19>
                                    n<> u<223> t<Expression> p<224> c<217> l<31:11> el<31:19>
                                      n<> u<217> t<Expression> p<223> c<216> s<222> l<31:11> el<31:16>
                                        n<> u<216> t<Primary> p<217> c<215> l<31:11> el<31:16>
                                          n<> u<215> t<Primary_literal> p<216> c<214> l<31:11> el<31:16>
                                            n<DEPTH> u<214> t<SIMPLE_IDENTIFIER> p<215> l<31:11> el<31:16>
                                      n<> u<222> t<NOTEQUAL> p<223> s<221> l<31:16> el<31:18>
                                      n<> u<221> t<Expression> p<223> c<220> l<31:18> el<31:19>
                                        n<> u<220> t<Primary> p<221> c<219> l<31:18> el<31:19>
                                          n<> u<219> t<Primary_literal> p<220> c<218> l<31:18> el<31:19>
                                            n<4> u<218> t<INTEGRAL_NUMBER> p<219> l<31:18> el<31:19>
                                n<> u<234> t<Statement_or_null> p<235> c<233> l<31:21> el<31:27>
                                  n<> u<233> t<Statement> p<234> c<232> l<31:21> el<31:27>
                                    n<> u<232> t<Statement_item> p<233> c<231> l<31:21> el<31:27>
                                      n<> u<231> t<Subroutine_call_statement> p<232> c<230> l<31:21> el<31:27>
                                        n<> u<230> t<Subroutine_call> p<231> c<226> l<31:21> el<31:26>
                                          n<$> u<226> t<DOLLAR> p<230> s<227> l<31:21> el<31:22>
                                          n<stop> u<227> t<SIMPLE_IDENTIFIER> p<230> s<229> l<31:22> el<31:26>
                                          n<> u<229> t<Select> p<230> c<228> l<31:26> el<31:26>
                                            n<> u<228> t<Bit_select> p<229> l<31:26> el<31:26>
                        n<> u<250> t<Statement_or_null> p<261> c<249> s<259> l<32:7> el<32:40>
                          n<> u<249> t<Statement> p<250> c<248> l<32:7> el<32:40>
                            n<> u<248> t<Statement_item> p<249> c<247> l<32:7> el<32:40>
                              n<> u<247> t<Subroutine_call_statement> p<248> c<246> l<32:7> el<32:40>
                                n<> u<246> t<Subroutine_call> p<247> c<239> l<32:7> el<32:39>
                                  n<$> u<239> t<DOLLAR> p<246> s<240> l<32:7> el<32:8>
                                  n<write> u<240> t<SIMPLE_IDENTIFIER> p<246> s<245> l<32:8> el<32:13>
                                  n<> u<245> t<Argument_list> p<246> c<244> l<32:14> el<32:38>
                                    n<> u<244> t<Expression> p<245> c<243> l<32:14> el<32:38>
                                      n<> u<243> t<Primary> p<244> c<242> l<32:14> el<32:38>
                                        n<> u<242> t<Primary_literal> p<243> c<241> l<32:14> el<32:38>
                                          n<"*-* All Finished *-*\n"> u<241> t<QUOTED_STRING> p<242> l<32:14> el<32:38>
                        n<> u<259> t<Statement_or_null> p<261> c<258> s<260> l<33:7> el<33:15>
                          n<> u<258> t<Statement> p<259> c<257> l<33:7> el<33:15>
                            n<> u<257> t<Statement_item> p<258> c<256> l<33:7> el<33:15>
                              n<> u<256> t<Subroutine_call_statement> p<257> c<255> l<33:7> el<33:15>
                                n<> u<255> t<Subroutine_call> p<256> c<251> l<33:7> el<33:14>
                                  n<$> u<251> t<DOLLAR> p<255> s<252> l<33:7> el<33:8>
                                  n<finish> u<252> t<SIMPLE_IDENTIFIER> p<255> s<254> l<33:8> el<33:14>
                                  n<> u<254> t<Select> p<255> c<253> l<33:14> el<33:14>
                                    n<> u<253> t<Bit_select> p<254> l<33:14> el<33:14>
                        n<> u<260> t<END> p<261> l<34:4> el<34:7>
        n<> u<269> t<ENDMODULE> p<270> l<35:1> el<35:10>
AST_DEBUG_END
[INF:CP0303] $Source01/t_mod_recurse1.v:6:1: Compile module "t".
[INF:CP0303] $Source01/t_mod_recurse1.v:12:1: Compile module "rec".
[INF:CP0303] $Source01/t_mod_recurse1.v:28:1: Compile module "bottom".
[INF:CM0029] Using global timescale: "1ns/1ns".
====== HLDB =======
Design name:unnamed:
  vpiName: unnamed
  vpiSourceFile (1 items):
    SourceFile name:t_mod_recurse1.v file:$Source01/t_mod_recurse1.v:
      vpiParent: Design name:unnamed
      vpiName: t_mod_recurse1.v
      vpiPreprocFile: "$Output/lib/work/t_mod_recurse1.v"
  vpiAllModules (3 items):
    Module name:t file:$Source01/t_mod_recurse1.v start:6:1 end:10:10:
      vpiParent: Design name:unnamed
      vpiName Identifier name:t start:6:8 end:6:9:
        vpiParent: Module name:t
        vpiName: t
      vpiFullName: t
      vpiTypespec (1 items):
        ModuleTypespec name:rec start:8:4 end:8:7:
          vpiParent: Module name:t
          vpiName Identifier name:rec start:8:4 end:8:7:
            vpiParent: ModuleTypespec name:rec
            vpiName: rec
          vpiModule: Module name:rec
      vpiDefName: t
      vpiDefNetType: wire (1)
      vpiLibrary RefObj name:work:
        vpiParent: Module name:t
        vpiName: work
        vpiFullName: t.work
      vpiCell: t
      vpiRefInstance (1 items):
        RefInstance name:rec start:8:8 end:8:11:
          vpiParent: Module name:t
          vpiName: rec
          vpiTypespec RefTypespec name:rec start:8:4 end:8:7:
            vpiParent: RefInstance name:rec
            vpiName: rec
            vpiFullName: t.rec.rec
            vpiActual: ModuleTypespec name:rec
    Module name:rec file:$Source01/t_mod_recurse1.v start:12:1 end:26:10:
      vpiParent: Design name:unnamed
      vpiName Identifier name:rec start:12:8 end:12:11:
        vpiParent: Module name:rec
        vpiName: rec
      vpiFullName: rec
      vpiParameter (1 items):
        Parameter name:DEPTH start:13:14 end:13:19:
          vpiParent: Module name:rec
          vpiTypespec RefTypespec start:13:14 end:13:14:
            vpiParent: Parameter name:DEPTH
            vpiFullName: rec.DEPTH
            vpiActual: LogicTypespec
          vpiName: DEPTH
          vpiFullName: rec.DEPTH
      vpiParamAssign (1 items):
        ParamAssign start:13:14 end:13:23:
          vpiParent: Module name:rec
          vpiLhs RefObj name:DEPTH start:13:14 end:13:19:
            vpiParent: ParamAssign
            vpiName: DEPTH
            vpiFullName: rec.DEPTH
            vpiActual: Parameter name:DEPTH
          vpiRhs Constant start:13:22 end:13:23:
            vpiParent: ParamAssign
            vpiTypespec RefTypespec:
              vpiParent: Constant
              vpiFullName: rec
              vpiActual: IntTypespec
            vpiConstType: unsigned int (9)
            vpiSize: 64
            vpiDecompile: "1"
            vpiValue: 1
      vpiTypespec (1 items):
        LogicTypespec:
          vpiParent: Module name:rec
      vpiDefName: rec
      vpiDefNetType: wire (1)
      vpiLibrary RefObj name:work:
        vpiParent: Module name:rec
        vpiName: work
        vpiFullName: rec.work
      vpiCell: rec
      vpiGenStmt (1 items):
        GenRegion start:15:4 end:25:15:
          vpiParent: Module name:rec
          vpiFullName: rec
          vpiStmt GenIfElse start:16:7 end:24:10:
            vpiParent: GenRegion
            vpiCondition Operation start:16:11 end:16:19:
              vpiParent: GenIfElse
              vpiOpType: equal (14)
              vpiOperand (2 items):
                RefObj name:DEPTH start:16:11 end:16:16:
                  vpiParent: Operation
                  vpiName: DEPTH
                  vpiFullName: rec.DEPTH
                  vpiActual: Parameter name:DEPTH
                Constant start:16:18 end:16:19:
                  vpiParent: Operation
                  vpiTypespec RefTypespec:
                    vpiParent: Constant
                    vpiFullName: rec
                    vpiActual: IntTypespec
                  vpiConstType: unsigned int (9)
                  vpiSize: 64
                  vpiDecompile: "1"
                  vpiValue: 1
            vpiStmt Begin start:16:21 end:18:10:
              vpiParent: GenIfElse
              vpiFullName: rec
              vpiVariable (1 items):
                Variable name:sub start:17:33 end:17:36:
                  vpiParent: Begin
                  vpiTypespec RefTypespec name:rec start:17:10 end:17:32:
                    vpiParent: Variable name:sub
                    vpiName: rec
                    vpiFullName: rec.sub.rec
                    vpiActual: ModuleTypespec name:rec
                  vpiName: sub
                  vpiFullName: rec.sub
              vpiStmt (1 items):
                Variable name:sub:
            vpiElseStmt Begin:
              vpiParent: GenIfElse
              vpiFullName: rec
              vpiStmt (1 items):
                GenIfElse start:19:12 end:24:10:
                  vpiParent: Begin
                  vpiCondition Operation start:19:16 end:19:24:
                    vpiParent: GenIfElse
                    vpiOpType: equal (14)
                    vpiOperand (2 items):
                      RefObj name:DEPTH start:19:16 end:19:21:
                        vpiParent: Operation
                        vpiName: DEPTH
                        vpiFullName: rec.DEPTH
                        vpiActual: Parameter name:DEPTH
                      Constant start:19:23 end:19:24:
                        vpiParent: Operation
                        vpiTypespec RefTypespec:
                          vpiParent: Constant
                          vpiFullName: rec
                          vpiActual: IntTypespec
                        vpiConstType: unsigned int (9)
                        vpiSize: 64
                        vpiDecompile: "2"
                        vpiValue: 2
                  vpiStmt Begin start:19:26 end:21:10:
                    vpiParent: GenIfElse
                    vpiFullName: rec
                    vpiVariable (1 items):
                      Variable name:subb start:20:33 end:20:37:
                        vpiParent: Begin
                        vpiTypespec RefTypespec name:rec start:20:10 end:20:32:
                          vpiParent: Variable name:subb
                          vpiName: rec
                          vpiFullName: rec.subb.rec
                          vpiActual: ModuleTypespec name:rec
                        vpiName: subb
                        vpiFullName: rec.subb
                    vpiStmt (1 items):
                      Variable name:subb:
                  vpiElseStmt Begin:
                    vpiParent: GenIfElse
                    vpiFullName: rec
                    vpiStmt (1 items):
                      GenIf start:22:12 end:24:10:
                        vpiParent: Begin
                        vpiCondition Operation start:22:16 end:22:24:
                          vpiParent: GenIf
                          vpiOpType: equal (14)
                          vpiOperand (2 items):
                            RefObj name:DEPTH start:22:16 end:22:21:
                              vpiParent: Operation
                              vpiName: DEPTH
                              vpiFullName: rec.DEPTH
                              vpiActual: Parameter name:DEPTH
                            Constant start:22:23 end:22:24:
                              vpiParent: Operation
                              vpiTypespec RefTypespec:
                                vpiParent: Constant
                                vpiFullName: rec
                                vpiActual: IntTypespec
                              vpiConstType: unsigned int (9)
                              vpiSize: 64
                              vpiDecompile: "3"
                              vpiValue: 3
                        vpiStmt Begin start:22:26 end:24:10:
                          vpiParent: GenIf
                          vpiFullName: rec
                          vpiVariable (1 items):
                            Variable name:bot start:23:36 end:23:39:
                              vpiParent: Begin
                              vpiTypespec RefTypespec name:bottom start:23:10 end:23:35:
                                vpiParent: Variable name:bot
                                vpiName: bottom
                                vpiFullName: rec.bot.bottom
                                vpiActual: ModuleTypespec name:bottom
                              vpiName: bot
                              vpiFullName: rec.bot
                          vpiStmt (1 items):
                            Variable name:bot:
    Module name:bottom file:$Source01/t_mod_recurse1.v start:28:1 end:35:10:
      vpiParent: Design name:unnamed
      vpiName Identifier name:bottom start:28:8 end:28:14:
        vpiParent: Module name:bottom
        vpiName: bottom
      vpiFullName: bottom
      vpiParameter (1 items):
        Parameter name:DEPTH start:29:14 end:29:19:
          vpiParent: Module name:bottom
          vpiTypespec RefTypespec start:29:14 end:29:14:
            vpiParent: Parameter name:DEPTH
            vpiFullName: bottom.DEPTH
            vpiActual: LogicTypespec
          vpiName: DEPTH
          vpiFullName: bottom.DEPTH
      vpiParamAssign (1 items):
        ParamAssign start:29:14 end:29:23:
          vpiParent: Module name:bottom
          vpiLhs RefObj name:DEPTH start:29:14 end:29:19:
            vpiParent: ParamAssign
            vpiName: DEPTH
            vpiFullName: bottom.DEPTH
            vpiActual: Parameter name:DEPTH
          vpiRhs Constant start:29:22 end:29:23:
            vpiParent: ParamAssign
            vpiTypespec RefTypespec:
              vpiParent: Constant
              vpiFullName: bottom
              vpiActual: IntTypespec
            vpiConstType: unsigned int (9)
            vpiSize: 64
            vpiDecompile: "1"
            vpiValue: 1
      vpiTypespec (1 items):
        LogicTypespec:
          vpiParent: Module name:bottom
      vpiDefName: bottom
      vpiDefNetType: wire (1)
      vpiLibrary RefObj name:work:
        vpiParent: Module name:bottom
        vpiName: work
        vpiFullName: bottom.work
      vpiCell: bottom
      vpiProcess (1 items):
        Initial start:30:4 end:34:7:
          vpiParent: Module name:bottom
          vpiStmt Begin start:30:12 end:34:7:
            vpiParent: Initial
            vpiFullName: bottom
            vpiStmt (3 items):
              IfStmt start:31:7 end:31:27:
                vpiParent: Begin
                vpiCondition Operation start:31:11 end:31:19:
                  vpiParent: IfStmt
                  vpiOpType: not equal (15)
                  vpiOperand (2 items):
                    RefObj name:DEPTH start:31:11 end:31:16:
                      vpiParent: Operation
                      vpiName: DEPTH
                      vpiFullName: bottom.DEPTH
                      vpiActual: Parameter name:DEPTH
                    Constant start:31:18 end:31:19:
                      vpiParent: Operation
                      vpiTypespec RefTypespec:
                        vpiParent: Constant
                        vpiFullName: bottom
                        vpiActual: IntTypespec
                      vpiConstType: unsigned int (9)
                      vpiSize: 64
                      vpiDecompile: "4"
                      vpiValue: 4
                vpiStmt SysTaskCall name:$stop start:31:21 end:31:26:
                  vpiParent: IfStmt
                  vpiName Identifier name:$stop start:31:21 end:31:26:
                    vpiParent: SysTaskCall name:$stop
                    vpiName: "$stop"
              SysTaskCall name:$write start:32:7 end:32:39:
                vpiParent: Begin
                vpiName Identifier name:$write start:32:7 end:32:13:
                  vpiParent: SysTaskCall name:$write
                  vpiName: "$write"
                vpiArgument (1 items):
                  Constant start:32:14 end:32:38:
                    vpiParent: SysTaskCall name:$write
                    vpiTypespec RefTypespec:
                      vpiParent: Constant
                      vpiFullName: bottom
                      vpiActual: StringTypespec
                    vpiConstType: string (6)
                    vpiSize: 168
                    vpiDecompile: "\"*-* All Finished *-*\\n\""
                    vpiValue: "*-* All Finished *-*\\n"
              SysTaskCall name:$finish start:33:7 end:33:14:
                vpiParent: Begin
                vpiName Identifier name:$finish start:33:7 end:33:14:
                  vpiParent: SysTaskCall name:$finish
                  vpiName: "$finish"
  vpiTypespec (5 items):
    ModuleTypespec name:t:
      vpiParent: Design name:unnamed
      vpiName Identifier name:t start:6:8 end:6:9:
        vpiParent: ModuleTypespec name:t
        vpiName: t
      vpiModule: Module name:t
    ModuleTypespec name:rec:
      vpiParent: Design name:unnamed
      vpiName Identifier name:rec start:12:8 end:12:11:
        vpiParent: ModuleTypespec name:rec
        vpiName: rec
      vpiModule: Module name:rec
    IntTypespec:
      vpiParent: Design name:unnamed
      vpiSigned: true
    ModuleTypespec name:bottom:
      vpiParent: Design name:unnamed
      vpiName Identifier name:bottom start:28:8 end:28:14:
        vpiParent: ModuleTypespec name:bottom
        vpiName: bottom
      vpiModule: Module name:bottom
    StringTypespec:
      vpiParent: Design name:unnamed
===================
[  FATAL] : 0
[ SYNTAX] : 0
[  ERROR] : 0
[WARNING] : 0
[   NOTE] : 0
********************************************************************************
*                    End HLC SystemVerilog Compiler/Linter                     *
********************************************************************************

#**#**#**#**#**#**#**#**#**#**#**#**#**#**#**#**#**#**#**#**#**#**#**#**#**#**#**#**#**#**#**#**#**#**#**#**#**#**#**#**

Environment:
      test-name: Verilator/t_mod_recurse1
   test-dirpath: ${HLC_DIR}/regression/Verilator/t_mod_recurse1
  hldb-filepath: ${HLC_DIR}/regression/Verilator/t_mod_recurse1/design.hldb
mounts-filepath: ${HLC_DIR}/regression/Verilator/t_mod_recurse1/mounts.json


{'result': {'coverage': 100.0,
            'error_count': 0,
            'file_count': 1,
            'files': {'$Output/lib/work/t_mod_recurse1.v': {'post_len': 0,
                                                            'pre_len': 383}},
            'post_len': 0,
            'pre_len': 383,
            'test_name': 'Verilator/t_mod_recurse1'}}

+-----------------------------------+----------+-----------+
| INPUT                             |   PRELEN |   POSTLEN |
+===================================+==========+===========+
| $Output/lib/work/t_mod_recurse1.v |      383 |         0 |
+===================================+==========+===========+
|                                   |      383 |         0 |
+-----------------------------------+----------+-----------+

[   ERROR] : 0
[COVERAGE] : 100.0


#**#**#**#**#**#**#**#**#**#**#**#**#**#**#**#**#**#**#**#**#**#**#**#**#**#**#**#**#**#**#**#**#**#**#**#**#**#**#**#**

COMMAND: ${HLC_DIR}/regression/Verilator/t_mod_recurse1/design.hldb ${HLC_DIR}/regression/Verilator/t_mod_recurse1/reduced.hldb

==================== BEGIN REDUCTION RESULT ====================
Name                            Before   After   Added   Removed
----------------------------------------------------------------
Constant                             7       7       4         4
Operation                            4       0       0         4
RefObj                               9       5       0         4
RefTypespec                         13      13       4         4
----------------------------------------------------------------
Others                              46      46       0         0
----------------------------------------------------------------
                                    79      71       8        16
===================== END REDUCTION RESULT =====================
