********************************************************************************
*                   Begin HLC SystemVerilog Compiler/Linter                    *
********************************************************************************
Copyright (c) 2020 Apotell,
http://www.apache.org/licenses/LICENSE-2.0
VERSION: 1.84
COMMAND: -wd ../../../tests/Verilator +incdir+. -nobuiltin -timescale=1ns/1ns -d ast -d db t_array_type_methods.v -mt 0 -d dbstats -d cache -writepp -d db -nostdout -o ${HLC_DIR}/regression/Verilator/t_array_type_methods
[INF:CM5022] Creating log file "$Output/hlc.log".
[INF:PP5223] Preprocessing source file "$Source01/t_array_type_methods.v".
[INF:PA5502] Parsing source file "$Source01/t_array_type_methods.v".
[SNT:PA5508] $Source01/t_array_type_methods.v:20:9: Syntax error: no viable alternative at input 'do if',
      do if ((foo.or) !== (3'b111)) begin $write("%%Error: %s:%0d:  got='h%x exp='h%x\n", "$Source01/t_array_type_methods.v",20, (foo.or), (3'b111)); $stop; end while(0);;
         ^-- $Source01/t_array_type_methods.v:20:9:.
[SNT:PA5508] $Source01/t_array_type_methods.v:20:161: Syntax error: extraneous input 'while' expecting {';', 'default', 'module', 'endmodule', 'extern', 'macromodule', 'interface', 'program', 'virtual', 'class', 'timeunit', 'timeprecision', 'checker', 'type', 'input', 'output', 'inout', 'ref', 'clocking', 'defparam', 'bind', 'const', 'function', 'static', 'constraint', 'if', 'automatic', 'localparam', 'parameter', 'specparam', 'import', 'genvar', 'typedef', 'enum', 'struct', 'union', 'string', 'chandle', 'event', '[', 'byte', 'shortint', 'int', 'longint', 'integer', 'time', 'bit', 'logic', 'reg', 'shortreal', 'real', 'realtime', 'none', 'supply0', 'supply1', 'tri', 'triand', 'trior', 'tri0', 'tri1', 'wire', 'uwire', 'wand', 'wor', 'trireg', 'signed', 'unsigned', 'interconnect', 'var', '$', 'export', DOLLAR_UNIT, '(*', 'assert', 'property', 'assume', 'cover', 'not', 'or', 'and', 'sequence', 'covergroup', 'pulldown', 'pullup', 'cmos', 'rcmos', 'bufif0', 'bufif1', 'notif0', 'notif1', 'nmos', 'pmos', 'rnmos', 'rpmos', 'nand', 'nor', 'xor', 'xnor', 'buf', 'tranif0', 'tranif1', 'rtranif1', 'rtranif0', 'tran', 'rtran', 'generate', 'case', 'for', 'global', 'initial', 'assign', 'alias', 'always', 'always_comb', 'always_latch', 'always_ff', 'restrict', 'let', 'this', DOLLAR_ROOT, 'randomize', 'final', 'task', 'specify', 'sample', '=', 'nettype', ESCAPED_IDENTIFIER, SIMPLE_IDENTIFIER, '`pragma', HLC_MACRO_NOT_DEFINED},
      do if ((foo.or) !== (3'b111)) begin $write("%%Error: %s:%0d:  got='h%x exp='h%x\n", "$Source01/t_array_type_methods.v",20, (foo.or), (3'b111)); $stop; end while(0);;
                                                                                                                                                                 ^-- $Source01/t_array_type_methods.v:20:161:.
[SNT:PA5508] $Source01/t_array_type_methods.v:21:9: Syntax error: no viable alternative at input 'do if',
      do if ((foo.and) !== (3'b001)) begin $write("%%Error: %s:%0d:  got='h%x exp='h%x\n", "$Source01/t_array_type_methods.v",21, (foo.and), (3'b001)); $stop; end while(0);;
         ^-- $Source01/t_array_type_methods.v:21:9:.
[SNT:PA5508] $Source01/t_array_type_methods.v:21:163: Syntax error: extraneous input 'while' expecting {';', 'default', 'module', 'endmodule', 'extern', 'macromodule', 'interface', 'program', 'virtual', 'class', 'timeunit', 'timeprecision', 'checker', 'type', 'input', 'output', 'inout', 'ref', 'clocking', 'defparam', 'bind', 'const', 'function', 'static', 'constraint', 'if', 'automatic', 'localparam', 'parameter', 'specparam', 'import', 'genvar', 'typedef', 'enum', 'struct', 'union', 'string', 'chandle', 'event', '[', 'byte', 'shortint', 'int', 'longint', 'integer', 'time', 'bit', 'logic', 'reg', 'shortreal', 'real', 'realtime', 'none', 'supply0', 'supply1', 'tri', 'triand', 'trior', 'tri0', 'tri1', 'wire', 'uwire', 'wand', 'wor', 'trireg', 'signed', 'unsigned', 'interconnect', 'var', '$', 'export', DOLLAR_UNIT, '(*', 'assert', 'property', 'assume', 'cover', 'not', 'or', 'and', 'sequence', 'covergroup', 'pulldown', 'pullup', 'cmos', 'rcmos', 'bufif0', 'bufif1', 'notif0', 'notif1', 'nmos', 'pmos', 'rnmos', 'rpmos', 'nand', 'nor', 'xor', 'xnor', 'buf', 'tranif0', 'tranif1', 'rtranif1', 'rtranif0', 'tran', 'rtran', 'generate', 'case', 'for', 'global', 'initial', 'assign', 'alias', 'always', 'always_comb', 'always_latch', 'always_ff', 'restrict', 'let', 'this', DOLLAR_ROOT, 'randomize', 'final', 'task', 'specify', 'sample', '=', 'nettype', ESCAPED_IDENTIFIER, SIMPLE_IDENTIFIER, '`pragma', HLC_MACRO_NOT_DEFINED},
      do if ((foo.and) !== (3'b001)) begin $write("%%Error: %s:%0d:  got='h%x exp='h%x\n", "$Source01/t_array_type_methods.v",21, (foo.and), (3'b001)); $stop; end while(0);;
                                                                                                                                                                   ^-- $Source01/t_array_type_methods.v:21:163:.
[SNT:PA5508] $Source01/t_array_type_methods.v:22:9: Syntax error: no viable alternative at input 'do if',
      do if ((foo.xor) !== (3'b110)) begin $write("%%Error: %s:%0d:  got='h%x exp='h%x\n", "$Source01/t_array_type_methods.v",22, (foo.xor), (3'b110)); $stop; end while(0);;
         ^-- $Source01/t_array_type_methods.v:22:9:.
[SNT:PA5508] $Source01/t_array_type_methods.v:22:163: Syntax error: extraneous input 'while' expecting {';', 'default', 'module', 'endmodule', 'extern', 'macromodule', 'interface', 'program', 'virtual', 'class', 'timeunit', 'timeprecision', 'checker', 'type', 'input', 'output', 'inout', 'ref', 'clocking', 'defparam', 'bind', 'const', 'function', 'static', 'constraint', 'if', 'automatic', 'localparam', 'parameter', 'specparam', 'import', 'genvar', 'typedef', 'enum', 'struct', 'union', 'string', 'chandle', 'event', '[', 'byte', 'shortint', 'int', 'longint', 'integer', 'time', 'bit', 'logic', 'reg', 'shortreal', 'real', 'realtime', 'none', 'supply0', 'supply1', 'tri', 'triand', 'trior', 'tri0', 'tri1', 'wire', 'uwire', 'wand', 'wor', 'trireg', 'signed', 'unsigned', 'interconnect', 'var', '$', 'export', DOLLAR_UNIT, '(*', 'assert', 'property', 'assume', 'cover', 'not', 'or', 'and', 'sequence', 'covergroup', 'pulldown', 'pullup', 'cmos', 'rcmos', 'bufif0', 'bufif1', 'notif0', 'notif1', 'nmos', 'pmos', 'rnmos', 'rpmos', 'nand', 'nor', 'xor', 'xnor', 'buf', 'tranif0', 'tranif1', 'rtranif1', 'rtranif0', 'tran', 'rtran', 'generate', 'case', 'for', 'global', 'initial', 'assign', 'alias', 'always', 'always_comb', 'always_latch', 'always_ff', 'restrict', 'let', 'this', DOLLAR_ROOT, 'randomize', 'final', 'task', 'specify', 'sample', '=', 'nettype', ESCAPED_IDENTIFIER, SIMPLE_IDENTIFIER, '`pragma', HLC_MACRO_NOT_DEFINED},
      do if ((foo.xor) !== (3'b110)) begin $write("%%Error: %s:%0d:  got='h%x exp='h%x\n", "$Source01/t_array_type_methods.v",22, (foo.xor), (3'b110)); $stop; end while(0);;
                                                                                                                                                                   ^-- $Source01/t_array_type_methods.v:22:163:.
[SNT:PA5508] $Source01/t_array_type_methods.v:26:3: Syntax error: extraneous input 'end' expecting {';', 'default', 'module', 'endmodule', 'extern', 'macromodule', 'interface', 'program', 'virtual', 'class', 'timeunit', 'timeprecision', 'checker', 'type', 'input', 'output', 'inout', 'ref', 'clocking', 'defparam', 'bind', 'const', 'function', 'static', 'constraint', 'if', 'automatic', 'localparam', 'parameter', 'specparam', 'import', 'genvar', 'typedef', 'enum', 'struct', 'union', 'string', 'chandle', 'event', '[', 'byte', 'shortint', 'int', 'longint', 'integer', 'time', 'bit', 'logic', 'reg', 'shortreal', 'real', 'realtime', 'none', 'supply0', 'supply1', 'tri', 'triand', 'trior', 'tri0', 'tri1', 'wire', 'uwire', 'wand', 'wor', 'trireg', 'signed', 'unsigned', 'interconnect', 'var', '$', 'export', DOLLAR_UNIT, '(*', 'assert', 'property', 'assume', 'cover', 'not', 'or', 'and', 'sequence', 'covergroup', 'pulldown', 'pullup', 'cmos', 'rcmos', 'bufif0', 'bufif1', 'notif0', 'notif1', 'nmos', 'pmos', 'rnmos', 'rpmos', 'nand', 'nor', 'xor', 'xnor', 'buf', 'tranif0', 'tranif1', 'rtranif1', 'rtranif0', 'tran', 'rtran', 'generate', 'case', 'for', 'global', 'initial', 'assign', 'alias', 'always', 'always_comb', 'always_latch', 'always_ff', 'restrict', 'let', 'this', DOLLAR_ROOT, 'randomize', 'final', 'task', 'specify', 'sample', '=', 'nettype', ESCAPED_IDENTIFIER, SIMPLE_IDENTIFIER, '`pragma', HLC_MACRO_NOT_DEFINED},
   end
   ^-- $Source01/t_array_type_methods.v:26:3:.
AST_DEBUG_BEGIN
Count: 401
LIB: work
FILE<0>:$Source01/t_array_type_methods.v
n<$Source01/t_array_type_methods.v> u<400> t<Top_level_rule> c<1> l<9:1> el<29:1>
  n<> u<1> t<Null_rule> p<400> s<2> l<9:1> el<9:1>
  n<// DESCRIPTION: Verilator: Verilog Test module> u<2> t<LINE_COMMENT> p<400> s<3> l<1:1> el<1:47>
  n<//> u<3> t<LINE_COMMENT> p<400> s<4> l<2:1> el<2:3>
  n<// This file ONLY is placed into the Public Domain, for any use,> u<4> t<LINE_COMMENT> p<400> s<5> l<3:1> el<3:65>
  n<// without warranty, 2014 by Wilson Snyder.> u<5> t<LINE_COMMENT> p<400> s<399> l<4:1> el<4:44>
  n<> u<399> t<Source_text> p<400> c<398> l<9:1> el<28:10>
    n<> u<398> t<Description> p<399> c<397> l<9:1> el<28:10>
      n<> u<397> t<Module_declaration> p<398> c<18> l<9:1> el<28:10>
        n<> u<18> t<Module_nonansi_header> p<397> c<6> s<25> l<9:1> el<12:6>
          n<module> u<6> t<MODULE> p<18> s<7> l<9:1> el<9:7>
          n<t> u<7> t<SIMPLE_IDENTIFIER> p<18> s<8> l<9:8> el<9:9>
          n<> u<8> t<Package_import_declaration_list> p<18> s<9> l<9:10> el<9:10>
          n</*AUTOARG*/> u<9> t<BLOCK_COMMENT> p<18> s<10> l<9:10> el<12:5>
          n<// Inputs> u<10> t<LINE_COMMENT> p<18> s<17> l<10:4> el<10:13>
          n<> u<17> t<Port_list> p<18> c<16> l<9:10> el<12:5>
            n<> u<16> t<Port> p<17> c<15> l<11:4> el<11:7>
              n<> u<15> t<Port_expression> p<16> c<14> l<11:4> el<11:7>
                n<> u<14> t<Port_reference> p<15> c<11> l<11:4> el<11:7>
                  n<clk> u<11> t<SIMPLE_IDENTIFIER> p<14> s<13> l<11:4> el<11:7>
                  n<> u<13> t<Constant_select> p<14> c<12> l<12:4> el<12:4>
                    n<> u<12> t<Constant_bit_select> p<13> l<12:4> el<12:4>
        n<> u<25> t<Module_item> p<397> c<24> s<60> l<13:4> el<13:14>
          n<> u<24> t<Port_declaration> p<25> c<23> l<13:4> el<13:13>
            n<> u<23> t<Input_declaration> p<24> c<20> l<13:4> el<13:13>
              n<> u<20> t<Net_port_type> p<23> c<19> s<22> l<13:10> el<13:10>
                n<> u<19> t<Data_type_or_implicit> p<20> l<13:10> el<13:10>
              n<> u<22> t<Port_identifier_list> p<23> c<21> l<13:10> el<13:13>
                n<clk> u<21> t<SIMPLE_IDENTIFIER> p<22> l<13:10> el<13:13>
        n<> u<60> t<Module_item> p<397> c<59> s<105> l<15:4> el<15:26>
          n<> u<59> t<Non_port_module_item> p<60> c<58> l<15:4> el<15:26>
            n<> u<58> t<Module_or_generate_item> p<59> c<57> l<15:4> el<15:26>
              n<> u<57> t<Module_common_item> p<58> c<56> l<15:4> el<15:26>
                n<> u<56> t<Module_or_generate_item_declaration> p<57> c<55> l<15:4> el<15:26>
                  n<> u<55> t<Package_or_generate_item_declaration> p<56> c<54> l<15:4> el<15:26>
                    n<> u<54> t<Data_declaration> p<55> c<53> l<15:4> el<15:26>
                      n<> u<53> t<Variable_declaration> p<54> c<38> l<15:4> el<15:26>
                        n<> u<38> t<Data_type> p<53> c<27> s<52> l<15:4> el<15:15>
                          n<> u<27> t<Class_type> p<38> c<26> s<37> l<15:4> el<15:9>
                            n<logic> u<26> t<SIMPLE_IDENTIFIER> p<27> l<15:4> el<15:9>
                          n<> u<37> t<Packed_dimension> p<38> c<36> l<15:10> el<15:15>
                            n<> u<36> t<Constant_range> p<37> c<31> l<15:11> el<15:14>
                              n<> u<31> t<Constant_expression> p<36> c<30> s<35> l<15:11> el<15:12>
                                n<> u<30> t<Constant_primary> p<31> c<29> l<15:11> el<15:12>
                                  n<> u<29> t<Primary_literal> p<30> c<28> l<15:11> el<15:12>
                                    n<2> u<28> t<INTEGRAL_NUMBER> p<29> l<15:11> el<15:12>
                              n<> u<35> t<Constant_expression> p<36> c<34> l<15:13> el<15:14>
                                n<> u<34> t<Constant_primary> p<35> c<33> l<15:13> el<15:14>
                                  n<> u<33> t<Primary_literal> p<34> c<32> l<15:13> el<15:14>
                                    n<0> u<32> t<INTEGRAL_NUMBER> p<33> l<15:13> el<15:14>
                        n<> u<52> t<Variable_decl_assignment_list> p<53> c<51> l<15:16> el<15:25>
                          n<> u<51> t<Variable_decl_assignment> p<52> c<39> l<15:16> el<15:25>
                            n<foo> u<39> t<SIMPLE_IDENTIFIER> p<51> s<50> l<15:16> el<15:19>
                            n<> u<50> t<Variable_dimension> p<51> c<49> l<15:20> el<15:25>
                              n<> u<49> t<Unpacked_dimension> p<50> c<48> l<15:20> el<15:25>
                                n<> u<48> t<Constant_range> p<49> c<43> l<15:21> el<15:24>
                                  n<> u<43> t<Constant_expression> p<48> c<42> s<47> l<15:21> el<15:22>
                                    n<> u<42> t<Constant_primary> p<43> c<41> l<15:21> el<15:22>
                                      n<> u<41> t<Primary_literal> p<42> c<40> l<15:21> el<15:22>
                                        n<1> u<40> t<INTEGRAL_NUMBER> p<41> l<15:21> el<15:22>
                                  n<> u<47> t<Constant_expression> p<48> c<46> l<15:23> el<15:24>
                                    n<> u<46> t<Constant_primary> p<47> c<45> l<15:23> el<15:24>
                                      n<> u<45> t<Primary_literal> p<46> c<44> l<15:23> el<15:24>
                                        n<0> u<44> t<INTEGRAL_NUMBER> p<45> l<15:23> el<15:24>
        n<> u<105> t<Module_item> p<397> c<104> s<106> l<16:4> el<18:23>
          n<> u<104> t<Non_port_module_item> p<105> c<103> l<16:4> el<18:23>
            n<> u<103> t<Module_or_generate_item> p<104> c<102> l<16:4> el<18:23>
              n<> u<102> t<Module_common_item> p<103> c<101> l<16:4> el<18:23>
                n<> u<101> t<Initial_construct> p<102> c<100> l<16:4> el<18:23>
                  n<> u<100> t<Statement_or_null> p<101> c<99> l<16:12> el<18:23>
                    n<> u<99> t<Statement> p<100> c<98> l<16:12> el<18:23>
                      n<> u<98> t<Statement_item> p<99> c<97> l<16:12> el<18:23>
                        n<> u<97> t<Seq_block> p<98> c<78> l<16:12> el<18:23>
                          n<> u<78> t<Statement_or_null> p<97> c<77> s<96> l<17:7> el<17:23>
                            n<> u<77> t<Statement> p<78> c<76> l<17:7> el<17:23>
                              n<> u<76> t<Statement_item> p<77> c<75> l<17:7> el<17:23>
                                n<> u<75> t<Blocking_assignment> p<76> c<74> l<17:7> el<17:22>
                                  n<> u<74> t<Variable_assignment> p<75> c<69> l<17:7> el<17:22>
                                    n<> u<69> t<Variable_lvalue> p<74> c<62> s<73> l<17:7> el<17:13>
                                      n<> u<62> t<Ps_or_hierarchical_identifier> p<69> c<61> s<68> l<17:7> el<17:10>
                                        n<foo> u<61> t<SIMPLE_IDENTIFIER> p<62> l<17:7> el<17:10>
                                      n<> u<68> t<Select> p<69> c<67> l<17:10> el<17:13>
                                        n<> u<67> t<Bit_select> p<68> c<66> l<17:10> el<17:13>
                                          n<> u<66> t<Expression> p<67> c<65> l<17:11> el<17:12>
                                            n<> u<65> t<Primary> p<66> c<64> l<17:11> el<17:12>
                                              n<> u<64> t<Primary_literal> p<65> c<63> l<17:11> el<17:12>
                                                n<0> u<63> t<INTEGRAL_NUMBER> p<64> l<17:11> el<17:12>
                                    n<> u<73> t<Expression> p<74> c<72> l<17:16> el<17:22>
                                      n<> u<72> t<Primary> p<73> c<71> l<17:16> el<17:22>
                                        n<> u<71> t<Primary_literal> p<72> c<70> l<17:16> el<17:22>
                                          n<3'b101> u<70> t<INTEGRAL_NUMBER> p<71> l<17:16> el<17:22>
                          n<> u<96> t<Statement_or_null> p<97> c<95> l<18:7> el<18:23>
                            n<> u<95> t<Statement> p<96> c<94> l<18:7> el<18:23>
                              n<> u<94> t<Statement_item> p<95> c<93> l<18:7> el<18:23>
                                n<> u<93> t<Blocking_assignment> p<94> c<92> l<18:7> el<18:22>
                                  n<> u<92> t<Variable_assignment> p<93> c<87> l<18:7> el<18:22>
                                    n<> u<87> t<Variable_lvalue> p<92> c<80> s<91> l<18:7> el<18:13>
                                      n<> u<80> t<Ps_or_hierarchical_identifier> p<87> c<79> s<86> l<18:7> el<18:10>
                                        n<foo> u<79> t<SIMPLE_IDENTIFIER> p<80> l<18:7> el<18:10>
                                      n<> u<86> t<Select> p<87> c<85> l<18:10> el<18:13>
                                        n<> u<85> t<Bit_select> p<86> c<84> l<18:10> el<18:13>
                                          n<> u<84> t<Expression> p<85> c<83> l<18:11> el<18:12>
                                            n<> u<83> t<Primary> p<84> c<82> l<18:11> el<18:12>
                                              n<> u<82> t<Primary_literal> p<83> c<81> l<18:11> el<18:12>
                                                n<1> u<81> t<INTEGRAL_NUMBER> p<82> l<18:11> el<18:12>
                                    n<> u<91> t<Expression> p<92> c<90> l<18:16> el<18:22>
                                      n<> u<90> t<Primary> p<91> c<89> l<18:16> el<18:22>
                                        n<> u<89> t<Primary_literal> p<90> c<88> l<18:16> el<18:22>
                                          n<3'b011> u<88> t<INTEGRAL_NUMBER> p<89> l<18:16> el<18:22>
        n<> u<106> t<Module_item> p<397> s<107> l<6:27> el<6:27>
        n<> u<107> t<Module_item> p<397> s<184> l<6:27> el<6:29>
        n<> u<184> t<Module_item> p<397> c<183> s<190> l<6:30> el<6:181>
          n<> u<183> t<Non_port_module_item> p<184> c<182> l<6:30> el<6:181>
            n<> u<182> t<Module_or_generate_item> p<183> c<181> l<6:30> el<6:181>
              n<> u<181> t<Module_common_item> p<182> c<180> l<6:30> el<6:181>
                n<> u<180> t<Conditional_generate_construct> p<181> c<179> l<6:30> el<6:181>
                  n<> u<179> t<If_generate_construct> p<180> c<178> l<6:30> el<6:181>
                    n<> u<178> t<IF> p<179> s<130> l<6:30> el<6:32>
                    n<> u<130> t<Constant_expression> p<179> c<121> s<177> l<6:34> el<6:55>
                      n<> u<121> t<Constant_expression> p<130> c<120> s<129> l<6:34> el<6:42>
                        n<> u<120> t<Constant_primary> p<121> c<119> l<6:34> el<6:42>
                          n<> u<119> t<Constant_mintypmax_expression> p<120> c<118> l<6:35> el<6:41>
                            n<> u<118> t<Constant_expression> p<119> c<117> l<6:35> el<6:41>
                              n<> u<117> t<Constant_primary> p<118> c<116> l<6:35> el<6:41>
                                n<> u<116> t<Subroutine_call> p<117> c<108> l<6:35> el<6:41>
                                  n<foo> u<108> t<SIMPLE_IDENTIFIER> p<116> s<110> l<6:35> el<6:38>
                                  n<> u<110> t<Select> p<116> c<109> s<115> l<6:38> el<6:38>
                                    n<> u<109> t<Bit_select> p<110> l<6:38> el<6:38>
                                  n<> u<115> t<Method_call_body> p<116> c<114> l<6:39> el<6:41>
                                    n<> u<114> t<Built_in_method_call> p<115> c<113> l<6:39> el<6:41>
                                      n<> u<113> t<Array_manipulation_call> p<114> c<112> l<6:39> el<6:41>
                                        n<> u<112> t<Array_method_name> p<113> c<111> l<6:39> el<6:41>
                                          n<> u<111> t<OR> p<112> l<6:39> el<6:41>
                      n<> u<129> t<FOUR_STATE_LOGIC_NOTEQUAL> p<130> s<128> l<6:43> el<6:46>
                      n<> u<128> t<Constant_expression> p<130> c<127> l<6:47> el<6:55>
                        n<> u<127> t<Constant_primary> p<128> c<126> l<6:47> el<6:55>
                          n<> u<126> t<Constant_mintypmax_expression> p<127> c<125> l<6:48> el<6:54>
                            n<> u<125> t<Constant_expression> p<126> c<124> l<6:48> el<6:54>
                              n<> u<124> t<Constant_primary> p<125> c<123> l<6:48> el<6:54>
                                n<> u<123> t<Primary_literal> p<124> c<122> l<6:48> el<6:54>
                                  n<3'b111> u<122> t<INTEGRAL_NUMBER> p<123> l<6:48> el<6:54>
                    n<> u<177> t<Generate_item> p<179> c<176> l<6:57> el<6:181>
                      n<> u<176> t<Generate_begin_end_block> p<177> c<169> l<6:57> el<6:181>
                        n<> u<169> t<Generate_item> p<176> c<168> s<174> l<6:63> el<6:170>
                          n<> u<168> t<Module_or_generate_item> p<169> c<167> l<6:63> el<6:170>
                            n<> u<167> t<Module_common_item> p<168> c<166> l<6:63> el<6:170>
                              n<> u<166> t<Elaboration_system_task> p<167> c<165> l<6:63> el<6:170>
                                n<write> u<165> t<SIMPLE_IDENTIFIER> p<166> s<164> l<6:64> el<6:69>
                                n<> u<164> t<Argument_list> p<166> c<134> l<6:70> el<6:168>
                                  n<> u<134> t<Expression> p<164> c<133> s<139> l<6:70> el<6:109>
                                    n<> u<133> t<Primary> p<134> c<132> l<6:70> el<6:109>
                                      n<> u<132> t<Primary_literal> p<133> c<131> l<6:70> el<6:109>
                                        n<"%%Error: %s:%0d:  got='h%x exp='h%x\n"> u<131> t<QUOTED_STRING> p<132> l<6:70> el<6:109>
                                  n<> u<139> t<Argument> p<164> c<138> s<144> l<6:111> el<6:145>
                                    n<> u<138> t<Expression> p<139> c<137> l<6:111> el<6:145>
                                      n<> u<137> t<Primary> p<138> c<136> l<6:111> el<6:145>
                                        n<> u<136> t<Primary_literal> p<137> c<135> l<6:111> el<6:145>
                                          n<"$Source01/t_array_type_methods.v"> u<135> t<QUOTED_STRING> p<136> l<6:111> el<6:145>
                                  n<> u<144> t<Argument> p<164> c<143> s<157> l<6:146> el<6:148>
                                    n<> u<143> t<Expression> p<144> c<142> l<6:146> el<6:148>
                                      n<> u<142> t<Primary> p<143> c<141> l<6:146> el<6:148>
                                        n<> u<141> t<Primary_literal> p<142> c<140> l<6:146> el<6:148>
                                          n<20> u<140> t<INTEGRAL_NUMBER> p<141> l<6:146> el<6:148>
                                  n<> u<157> t<Argument> p<164> c<156> s<163> l<6:150> el<6:158>
                                    n<> u<156> t<Expression> p<157> c<155> l<6:150> el<6:158>
                                      n<> u<155> t<Expression> p<156> c<154> l<6:151> el<6:157>
                                        n<> u<154> t<Primary> p<155> c<153> l<6:151> el<6:157>
                                          n<> u<153> t<Subroutine_call> p<154> c<145> l<6:151> el<6:157>
                                            n<foo> u<145> t<SIMPLE_IDENTIFIER> p<153> s<147> l<6:151> el<6:154>
                                            n<> u<147> t<Select> p<153> c<146> s<152> l<6:154> el<6:154>
                                              n<> u<146> t<Bit_select> p<147> l<6:154> el<6:154>
                                            n<> u<152> t<Method_call_body> p<153> c<151> l<6:155> el<6:157>
                                              n<> u<151> t<Built_in_method_call> p<152> c<150> l<6:155> el<6:157>
                                                n<> u<150> t<Array_manipulation_call> p<151> c<149> l<6:155> el<6:157>
                                                  n<> u<149> t<Array_method_name> p<150> c<148> l<6:155> el<6:157>
                                                    n<> u<148> t<OR> p<149> l<6:155> el<6:157>
                                  n<> u<163> t<Argument> p<164> c<162> l<6:160> el<6:168>
                                    n<> u<162> t<Expression> p<163> c<161> l<6:160> el<6:168>
                                      n<> u<161> t<Expression> p<162> c<160> l<6:161> el<6:167>
                                        n<> u<160> t<Primary> p<161> c<159> l<6:161> el<6:167>
                                          n<> u<159> t<Primary_literal> p<160> c<158> l<6:161> el<6:167>
                                            n<3'b111> u<158> t<INTEGRAL_NUMBER> p<159> l<6:161> el<6:167>
                        n<> u<174> t<Generate_item> p<176> c<173> s<175> l<6:171> el<6:177>
                          n<> u<173> t<Module_or_generate_item> p<174> c<172> l<6:171> el<6:177>
                            n<> u<172> t<Module_common_item> p<173> c<171> l<6:171> el<6:177>
                              n<> u<171> t<Elaboration_system_task> p<172> c<170> l<6:171> el<6:177>
                                n<stop> u<170> t<SIMPLE_IDENTIFIER> p<171> l<6:172> el<6:176>
                        n<> u<175> t<END> p<176> l<6:178> el<6:181>
        n<> u<190> t<Module_item> p<397> c<189> s<196> l<6:190> el<6:191>
          n<> u<189> t<Non_port_module_item> p<190> c<188> l<6:190> el<6:191>
            n<> u<188> t<Module_or_generate_item> p<189> c<187> l<6:190> el<6:191>
              n<> u<187> t<Module_common_item> p<188> c<186> l<6:190> el<6:191>
                n<> u<186> t<Module_or_generate_item_declaration> p<187> c<185> l<6:190> el<6:191>
                  n<> u<185> t<Package_or_generate_item_declaration> p<186> l<6:190> el<6:191>
        n<> u<196> t<Module_item> p<397> c<195> s<197> l<20:30> el<20:31>
          n<> u<195> t<Non_port_module_item> p<196> c<194> l<20:30> el<20:31>
            n<> u<194> t<Module_or_generate_item> p<195> c<193> l<20:30> el<20:31>
              n<> u<193> t<Module_common_item> p<194> c<192> l<20:30> el<20:31>
                n<> u<192> t<Module_or_generate_item_declaration> p<193> c<191> l<20:30> el<20:31>
                  n<> u<191> t<Package_or_generate_item_declaration> p<192> l<20:30> el<20:31>
        n<> u<197> t<Module_item> p<397> s<198> l<6:27> el<6:27>
        n<> u<198> t<Module_item> p<397> s<275> l<6:27> el<6:29>
        n<> u<275> t<Module_item> p<397> c<274> s<281> l<6:30> el<6:183>
          n<> u<274> t<Non_port_module_item> p<275> c<273> l<6:30> el<6:183>
            n<> u<273> t<Module_or_generate_item> p<274> c<272> l<6:30> el<6:183>
              n<> u<272> t<Module_common_item> p<273> c<271> l<6:30> el<6:183>
                n<> u<271> t<Conditional_generate_construct> p<272> c<270> l<6:30> el<6:183>
                  n<> u<270> t<If_generate_construct> p<271> c<269> l<6:30> el<6:183>
                    n<> u<269> t<IF> p<270> s<221> l<6:30> el<6:32>
                    n<> u<221> t<Constant_expression> p<270> c<212> s<268> l<6:34> el<6:56>
                      n<> u<212> t<Constant_expression> p<221> c<211> s<220> l<6:34> el<6:43>
                        n<> u<211> t<Constant_primary> p<212> c<210> l<6:34> el<6:43>
                          n<> u<210> t<Constant_mintypmax_expression> p<211> c<209> l<6:35> el<6:42>
                            n<> u<209> t<Constant_expression> p<210> c<208> l<6:35> el<6:42>
                              n<> u<208> t<Constant_primary> p<209> c<207> l<6:35> el<6:42>
                                n<> u<207> t<Subroutine_call> p<208> c<199> l<6:35> el<6:42>
                                  n<foo> u<199> t<SIMPLE_IDENTIFIER> p<207> s<201> l<6:35> el<6:38>
                                  n<> u<201> t<Select> p<207> c<200> s<206> l<6:38> el<6:38>
                                    n<> u<200> t<Bit_select> p<201> l<6:38> el<6:38>
                                  n<> u<206> t<Method_call_body> p<207> c<205> l<6:39> el<6:42>
                                    n<> u<205> t<Built_in_method_call> p<206> c<204> l<6:39> el<6:42>
                                      n<> u<204> t<Array_manipulation_call> p<205> c<203> l<6:39> el<6:42>
                                        n<> u<203> t<Array_method_name> p<204> c<202> l<6:39> el<6:42>
                                          n<> u<202> t<AND> p<203> l<6:39> el<6:42>
                      n<> u<220> t<FOUR_STATE_LOGIC_NOTEQUAL> p<221> s<219> l<6:44> el<6:47>
                      n<> u<219> t<Constant_expression> p<221> c<218> l<6:48> el<6:56>
                        n<> u<218> t<Constant_primary> p<219> c<217> l<6:48> el<6:56>
                          n<> u<217> t<Constant_mintypmax_expression> p<218> c<216> l<6:49> el<6:55>
                            n<> u<216> t<Constant_expression> p<217> c<215> l<6:49> el<6:55>
                              n<> u<215> t<Constant_primary> p<216> c<214> l<6:49> el<6:55>
                                n<> u<214> t<Primary_literal> p<215> c<213> l<6:49> el<6:55>
                                  n<3'b001> u<213> t<INTEGRAL_NUMBER> p<214> l<6:49> el<6:55>
                    n<> u<268> t<Generate_item> p<270> c<267> l<6:58> el<6:183>
                      n<> u<267> t<Generate_begin_end_block> p<268> c<260> l<6:58> el<6:183>
                        n<> u<260> t<Generate_item> p<267> c<259> s<265> l<6:64> el<6:172>
                          n<> u<259> t<Module_or_generate_item> p<260> c<258> l<6:64> el<6:172>
                            n<> u<258> t<Module_common_item> p<259> c<257> l<6:64> el<6:172>
                              n<> u<257> t<Elaboration_system_task> p<258> c<256> l<6:64> el<6:172>
                                n<write> u<256> t<SIMPLE_IDENTIFIER> p<257> s<255> l<6:65> el<6:70>
                                n<> u<255> t<Argument_list> p<257> c<225> l<6:71> el<6:170>
                                  n<> u<225> t<Expression> p<255> c<224> s<230> l<6:71> el<6:110>
                                    n<> u<224> t<Primary> p<225> c<223> l<6:71> el<6:110>
                                      n<> u<223> t<Primary_literal> p<224> c<222> l<6:71> el<6:110>
                                        n<"%%Error: %s:%0d:  got='h%x exp='h%x\n"> u<222> t<QUOTED_STRING> p<223> l<6:71> el<6:110>
                                  n<> u<230> t<Argument> p<255> c<229> s<235> l<6:112> el<6:146>
                                    n<> u<229> t<Expression> p<230> c<228> l<6:112> el<6:146>
                                      n<> u<228> t<Primary> p<229> c<227> l<6:112> el<6:146>
                                        n<> u<227> t<Primary_literal> p<228> c<226> l<6:112> el<6:146>
                                          n<"$Source01/t_array_type_methods.v"> u<226> t<QUOTED_STRING> p<227> l<6:112> el<6:146>
                                  n<> u<235> t<Argument> p<255> c<234> s<248> l<6:147> el<6:149>
                                    n<> u<234> t<Expression> p<235> c<233> l<6:147> el<6:149>
                                      n<> u<233> t<Primary> p<234> c<232> l<6:147> el<6:149>
                                        n<> u<232> t<Primary_literal> p<233> c<231> l<6:147> el<6:149>
                                          n<21> u<231> t<INTEGRAL_NUMBER> p<232> l<6:147> el<6:149>
                                  n<> u<248> t<Argument> p<255> c<247> s<254> l<6:151> el<6:160>
                                    n<> u<247> t<Expression> p<248> c<246> l<6:151> el<6:160>
                                      n<> u<246> t<Expression> p<247> c<245> l<6:152> el<6:159>
                                        n<> u<245> t<Primary> p<246> c<244> l<6:152> el<6:159>
                                          n<> u<244> t<Subroutine_call> p<245> c<236> l<6:152> el<6:159>
                                            n<foo> u<236> t<SIMPLE_IDENTIFIER> p<244> s<238> l<6:152> el<6:155>
                                            n<> u<238> t<Select> p<244> c<237> s<243> l<6:155> el<6:155>
                                              n<> u<237> t<Bit_select> p<238> l<6:155> el<6:155>
                                            n<> u<243> t<Method_call_body> p<244> c<242> l<6:156> el<6:159>
                                              n<> u<242> t<Built_in_method_call> p<243> c<241> l<6:156> el<6:159>
                                                n<> u<241> t<Array_manipulation_call> p<242> c<240> l<6:156> el<6:159>
                                                  n<> u<240> t<Array_method_name> p<241> c<239> l<6:156> el<6:159>
                                                    n<> u<239> t<AND> p<240> l<6:156> el<6:159>
                                  n<> u<254> t<Argument> p<255> c<253> l<6:162> el<6:170>
                                    n<> u<253> t<Expression> p<254> c<252> l<6:162> el<6:170>
                                      n<> u<252> t<Expression> p<253> c<251> l<6:163> el<6:169>
                                        n<> u<251> t<Primary> p<252> c<250> l<6:163> el<6:169>
                                          n<> u<250> t<Primary_literal> p<251> c<249> l<6:163> el<6:169>
                                            n<3'b001> u<249> t<INTEGRAL_NUMBER> p<250> l<6:163> el<6:169>
                        n<> u<265> t<Generate_item> p<267> c<264> s<266> l<6:173> el<6:179>
                          n<> u<264> t<Module_or_generate_item> p<265> c<263> l<6:173> el<6:179>
                            n<> u<263> t<Module_common_item> p<264> c<262> l<6:173> el<6:179>
                              n<> u<262> t<Elaboration_system_task> p<263> c<261> l<6:173> el<6:179>
                                n<stop> u<261> t<SIMPLE_IDENTIFIER> p<262> l<6:174> el<6:178>
                        n<> u<266> t<END> p<267> l<6:180> el<6:183>
        n<> u<281> t<Module_item> p<397> c<280> s<287> l<6:192> el<6:193>
          n<> u<280> t<Non_port_module_item> p<281> c<279> l<6:192> el<6:193>
            n<> u<279> t<Module_or_generate_item> p<280> c<278> l<6:192> el<6:193>
              n<> u<278> t<Module_common_item> p<279> c<277> l<6:192> el<6:193>
                n<> u<277> t<Module_or_generate_item_declaration> p<278> c<276> l<6:192> el<6:193>
                  n<> u<276> t<Package_or_generate_item_declaration> p<277> l<6:192> el<6:193>
        n<> u<287> t<Module_item> p<397> c<286> s<288> l<21:31> el<21:32>
          n<> u<286> t<Non_port_module_item> p<287> c<285> l<21:31> el<21:32>
            n<> u<285> t<Module_or_generate_item> p<286> c<284> l<21:31> el<21:32>
              n<> u<284> t<Module_common_item> p<285> c<283> l<21:31> el<21:32>
                n<> u<283> t<Module_or_generate_item_declaration> p<284> c<282> l<21:31> el<21:32>
                  n<> u<282> t<Package_or_generate_item_declaration> p<283> l<21:31> el<21:32>
        n<> u<288> t<Module_item> p<397> s<289> l<6:27> el<6:27>
        n<> u<289> t<Module_item> p<397> s<366> l<6:27> el<6:29>
        n<> u<366> t<Module_item> p<397> c<365> s<372> l<6:30> el<6:183>
          n<> u<365> t<Non_port_module_item> p<366> c<364> l<6:30> el<6:183>
            n<> u<364> t<Module_or_generate_item> p<365> c<363> l<6:30> el<6:183>
              n<> u<363> t<Module_common_item> p<364> c<362> l<6:30> el<6:183>
                n<> u<362> t<Conditional_generate_construct> p<363> c<361> l<6:30> el<6:183>
                  n<> u<361> t<If_generate_construct> p<362> c<360> l<6:30> el<6:183>
                    n<> u<360> t<IF> p<361> s<312> l<6:30> el<6:32>
                    n<> u<312> t<Constant_expression> p<361> c<303> s<359> l<6:34> el<6:56>
                      n<> u<303> t<Constant_expression> p<312> c<302> s<311> l<6:34> el<6:43>
                        n<> u<302> t<Constant_primary> p<303> c<301> l<6:34> el<6:43>
                          n<> u<301> t<Constant_mintypmax_expression> p<302> c<300> l<6:35> el<6:42>
                            n<> u<300> t<Constant_expression> p<301> c<299> l<6:35> el<6:42>
                              n<> u<299> t<Constant_primary> p<300> c<298> l<6:35> el<6:42>
                                n<> u<298> t<Subroutine_call> p<299> c<290> l<6:35> el<6:42>
                                  n<foo> u<290> t<SIMPLE_IDENTIFIER> p<298> s<292> l<6:35> el<6:38>
                                  n<> u<292> t<Select> p<298> c<291> s<297> l<6:38> el<6:38>
                                    n<> u<291> t<Bit_select> p<292> l<6:38> el<6:38>
                                  n<> u<297> t<Method_call_body> p<298> c<296> l<6:39> el<6:42>
                                    n<> u<296> t<Built_in_method_call> p<297> c<295> l<6:39> el<6:42>
                                      n<> u<295> t<Array_manipulation_call> p<296> c<294> l<6:39> el<6:42>
                                        n<> u<294> t<Array_method_name> p<295> c<293> l<6:39> el<6:42>
                                          n<> u<293> t<XOR> p<294> l<6:39> el<6:42>
                      n<> u<311> t<FOUR_STATE_LOGIC_NOTEQUAL> p<312> s<310> l<6:44> el<6:47>
                      n<> u<310> t<Constant_expression> p<312> c<309> l<6:48> el<6:56>
                        n<> u<309> t<Constant_primary> p<310> c<308> l<6:48> el<6:56>
                          n<> u<308> t<Constant_mintypmax_expression> p<309> c<307> l<6:49> el<6:55>
                            n<> u<307> t<Constant_expression> p<308> c<306> l<6:49> el<6:55>
                              n<> u<306> t<Constant_primary> p<307> c<305> l<6:49> el<6:55>
                                n<> u<305> t<Primary_literal> p<306> c<304> l<6:49> el<6:55>
                                  n<3'b110> u<304> t<INTEGRAL_NUMBER> p<305> l<6:49> el<6:55>
                    n<> u<359> t<Generate_item> p<361> c<358> l<6:58> el<6:183>
                      n<> u<358> t<Generate_begin_end_block> p<359> c<351> l<6:58> el<6:183>
                        n<> u<351> t<Generate_item> p<358> c<350> s<356> l<6:64> el<6:172>
                          n<> u<350> t<Module_or_generate_item> p<351> c<349> l<6:64> el<6:172>
                            n<> u<349> t<Module_common_item> p<350> c<348> l<6:64> el<6:172>
                              n<> u<348> t<Elaboration_system_task> p<349> c<347> l<6:64> el<6:172>
                                n<write> u<347> t<SIMPLE_IDENTIFIER> p<348> s<346> l<6:65> el<6:70>
                                n<> u<346> t<Argument_list> p<348> c<316> l<6:71> el<6:170>
                                  n<> u<316> t<Expression> p<346> c<315> s<321> l<6:71> el<6:110>
                                    n<> u<315> t<Primary> p<316> c<314> l<6:71> el<6:110>
                                      n<> u<314> t<Primary_literal> p<315> c<313> l<6:71> el<6:110>
                                        n<"%%Error: %s:%0d:  got='h%x exp='h%x\n"> u<313> t<QUOTED_STRING> p<314> l<6:71> el<6:110>
                                  n<> u<321> t<Argument> p<346> c<320> s<326> l<6:112> el<6:146>
                                    n<> u<320> t<Expression> p<321> c<319> l<6:112> el<6:146>
                                      n<> u<319> t<Primary> p<320> c<318> l<6:112> el<6:146>
                                        n<> u<318> t<Primary_literal> p<319> c<317> l<6:112> el<6:146>
                                          n<"$Source01/t_array_type_methods.v"> u<317> t<QUOTED_STRING> p<318> l<6:112> el<6:146>
                                  n<> u<326> t<Argument> p<346> c<325> s<339> l<6:147> el<6:149>
                                    n<> u<325> t<Expression> p<326> c<324> l<6:147> el<6:149>
                                      n<> u<324> t<Primary> p<325> c<323> l<6:147> el<6:149>
                                        n<> u<323> t<Primary_literal> p<324> c<322> l<6:147> el<6:149>
                                          n<22> u<322> t<INTEGRAL_NUMBER> p<323> l<6:147> el<6:149>
                                  n<> u<339> t<Argument> p<346> c<338> s<345> l<6:151> el<6:160>
                                    n<> u<338> t<Expression> p<339> c<337> l<6:151> el<6:160>
                                      n<> u<337> t<Expression> p<338> c<336> l<6:152> el<6:159>
                                        n<> u<336> t<Primary> p<337> c<335> l<6:152> el<6:159>
                                          n<> u<335> t<Subroutine_call> p<336> c<327> l<6:152> el<6:159>
                                            n<foo> u<327> t<SIMPLE_IDENTIFIER> p<335> s<329> l<6:152> el<6:155>
                                            n<> u<329> t<Select> p<335> c<328> s<334> l<6:155> el<6:155>
                                              n<> u<328> t<Bit_select> p<329> l<6:155> el<6:155>
                                            n<> u<334> t<Method_call_body> p<335> c<333> l<6:156> el<6:159>
                                              n<> u<333> t<Built_in_method_call> p<334> c<332> l<6:156> el<6:159>
                                                n<> u<332> t<Array_manipulation_call> p<333> c<331> l<6:156> el<6:159>
                                                  n<> u<331> t<Array_method_name> p<332> c<330> l<6:156> el<6:159>
                                                    n<> u<330> t<XOR> p<331> l<6:156> el<6:159>
                                  n<> u<345> t<Argument> p<346> c<344> l<6:162> el<6:170>
                                    n<> u<344> t<Expression> p<345> c<343> l<6:162> el<6:170>
                                      n<> u<343> t<Expression> p<344> c<342> l<6:163> el<6:169>
                                        n<> u<342> t<Primary> p<343> c<341> l<6:163> el<6:169>
                                          n<> u<341> t<Primary_literal> p<342> c<340> l<6:163> el<6:169>
                                            n<3'b110> u<340> t<INTEGRAL_NUMBER> p<341> l<6:163> el<6:169>
                        n<> u<356> t<Generate_item> p<358> c<355> s<357> l<6:173> el<6:179>
                          n<> u<355> t<Module_or_generate_item> p<356> c<354> l<6:173> el<6:179>
                            n<> u<354> t<Module_common_item> p<355> c<353> l<6:173> el<6:179>
                              n<> u<353> t<Elaboration_system_task> p<354> c<352> l<6:173> el<6:179>
                                n<stop> u<352> t<SIMPLE_IDENTIFIER> p<353> l<6:174> el<6:178>
                        n<> u<357> t<END> p<358> l<6:180> el<6:183>
        n<> u<372> t<Module_item> p<397> c<371> s<378> l<6:192> el<6:193>
          n<> u<371> t<Non_port_module_item> p<372> c<370> l<6:192> el<6:193>
            n<> u<370> t<Module_or_generate_item> p<371> c<369> l<6:192> el<6:193>
              n<> u<369> t<Module_common_item> p<370> c<368> l<6:192> el<6:193>
                n<> u<368> t<Module_or_generate_item_declaration> p<369> c<367> l<6:192> el<6:193>
                  n<> u<367> t<Package_or_generate_item_declaration> p<368> l<6:192> el<6:193>
        n<> u<378> t<Module_item> p<397> c<377> s<389> l<22:31> el<22:32>
          n<> u<377> t<Non_port_module_item> p<378> c<376> l<22:31> el<22:32>
            n<> u<376> t<Module_or_generate_item> p<377> c<375> l<22:31> el<22:32>
              n<> u<375> t<Module_common_item> p<376> c<374> l<22:31> el<22:32>
                n<> u<374> t<Module_or_generate_item_declaration> p<375> c<373> l<22:31> el<22:32>
                  n<> u<373> t<Package_or_generate_item_declaration> p<374> l<22:31> el<22:32>
        n<> u<389> t<Module_item> p<397> c<388> s<395> l<24:7> el<24:40>
          n<> u<388> t<Non_port_module_item> p<389> c<387> l<24:7> el<24:40>
            n<> u<387> t<Module_or_generate_item> p<388> c<386> l<24:7> el<24:40>
              n<> u<386> t<Module_common_item> p<387> c<385> l<24:7> el<24:40>
                n<> u<385> t<Elaboration_system_task> p<386> c<384> l<24:7> el<24:40>
                  n<write> u<384> t<SIMPLE_IDENTIFIER> p<385> s<383> l<24:8> el<24:13>
                  n<> u<383> t<Argument_list> p<385> c<382> l<24:14> el<24:38>
                    n<> u<382> t<Expression> p<383> c<381> l<24:14> el<24:38>
                      n<> u<381> t<Primary> p<382> c<380> l<24:14> el<24:38>
                        n<> u<380> t<Primary_literal> p<381> c<379> l<24:14> el<24:38>
                          n<"*-* All Finished *-*\n"> u<379> t<QUOTED_STRING> p<380> l<24:14> el<24:38>
        n<> u<395> t<Module_item> p<397> c<394> s<396> l<25:7> el<25:15>
          n<> u<394> t<Non_port_module_item> p<395> c<393> l<25:7> el<25:15>
            n<> u<393> t<Module_or_generate_item> p<394> c<392> l<25:7> el<25:15>
              n<> u<392> t<Module_common_item> p<393> c<391> l<25:7> el<25:15>
                n<> u<391> t<Elaboration_system_task> p<392> c<390> l<25:7> el<25:15>
                  n<finish> u<390> t<SIMPLE_IDENTIFIER> p<391> l<25:8> el<25:14>
        n<> u<396> t<ENDMODULE> p<397> l<28:1> el<28:10>
AST_DEBUG_END
[INF:CP5804] $Source01/t_array_type_methods.v:9:1: Compile module "t".
[WRN:CP5851] $Source01/t_array_type_methods.v:6:39: Failed to bind "or".
[WRN:CP5851] $Source01/t_array_type_methods.v:6:39: Failed to bind "and".
[WRN:CP5851] $Source01/t_array_type_methods.v:6:39: Failed to bind "xor".
[WRN:CP5851] $Source01/t_array_type_methods.v:6:155: Failed to bind "or".
[WRN:CP5851] $Source01/t_array_type_methods.v:6:156: Failed to bind "and".
[WRN:CP5851] $Source01/t_array_type_methods.v:6:156: Failed to bind "xor".
[WRN:CP5851] $Source01/t_array_type_methods.v:15:4: Failed to bind "logic".
[INF:CM5028] Using global timescale: "1ns/1ns".
[ERR:LN7705] $Source01/t_array_type_methods.v:6:39: Null Actual: id:186, type:MethodFuncCall, name:or, relation:vpiPathElem.
[ERR:LN7705] $Source01/t_array_type_methods.v:6:155: Null Actual: id:204, type:MethodFuncCall, name:or, relation:vpiPathElem.
[ERR:LN7705] $Source01/t_array_type_methods.v:6:39: Null Actual: id:221, type:MethodFuncCall, name:and, relation:vpiPathElem.
[ERR:LN7705] $Source01/t_array_type_methods.v:6:156: Null Actual: id:239, type:MethodFuncCall, name:and, relation:vpiPathElem.
[ERR:LN7705] $Source01/t_array_type_methods.v:6:39: Null Actual: id:256, type:MethodFuncCall, name:xor, relation:vpiPathElem.
[ERR:LN7705] $Source01/t_array_type_methods.v:6:156: Null Actual: id:274, type:MethodFuncCall, name:xor, relation:vpiPathElem.
====== HLDB =======
Design name:unnamed:
  vpiName: unnamed
  vpiSourceFile (1 items):
    SourceFile name:t_array_type_methods.v file:$Source01/t_array_type_methods.v:
      vpiParent: Design name:unnamed
      vpiName: t_array_type_methods.v
      vpiPreprocFile: "$Output/lib/work/t_array_type_methods.v"
      vpiPreprocMacroDefinition (2 items):
        PreprocMacroDefinition name:checkh start:6:1 end:6:165:
          vpiParent: SourceFile name:t_array_type_methods.v
          vpiName Identifier name:checkh start:6:9 end:6:15:
          vpiPMDType: define (1)
          vpiArgument (2 items):
            Identifier name:gotv start:6:16 end:6:20:
            Identifier name:expv start:6:21 end:6:25:
          vpiPMDToken (53 items):
            Identifier name:do start:6:27 end:6:29:
            "Identifier name:  start:6:29 end:6:30":
            Identifier name:if start:6:30 end:6:32:
            "Identifier name:  start:6:32 end:6:33":
            Identifier name:( start:6:33 end:6:34:
            Identifier name:( start:6:34 end:6:35:
            Identifier name:gotv start:6:35 end:6:39:
            Identifier name:) start:6:39 end:6:40:
            "Identifier name:  start:6:40 end:6:41":
            Identifier name:! start:6:41 end:6:42:
            Identifier name:= start:6:42 end:6:43:
            Identifier name:= start:6:43 end:6:44:
            "Identifier name:  start:6:44 end:6:45":
            Identifier name:( start:6:45 end:6:46:
            Identifier name:expv start:6:46 end:6:50:
            Identifier name:) start:6:50 end:6:51:
            Identifier name:) start:6:51 end:6:52:
            "Identifier name:  start:6:52 end:6:53":
            Identifier name:begin start:6:53 end:6:58:
            "Identifier name:  start:6:58 end:6:59":
            Identifier name:$ start:6:59 end:6:60:
            Identifier name:write start:6:60 end:6:65:
            Identifier name:( start:6:65 end:6:66:
            "Identifier name:\"%%Error: %s:%0d:  got='h%x exp='h%x\\n\" start:6:66 end:6:105":
            Identifier name:, start:6:105 end:6:106:
            "Identifier name:  start:6:106 end:6:107":
            Identifier name:`__FILE__ start:6:107 end:6:116:
            Identifier name:, start:6:116 end:6:117:
            Identifier name:`__LINE__ start:6:117 end:6:126:
            Identifier name:, start:6:126 end:6:127:
            "Identifier name:  start:6:127 end:6:128":
            Identifier name:( start:6:128 end:6:129:
            Identifier name:gotv start:6:129 end:6:133:
            Identifier name:) start:6:133 end:6:134:
            Identifier name:, start:6:134 end:6:135:
            "Identifier name:  start:6:135 end:6:136":
            Identifier name:( start:6:136 end:6:137:
            Identifier name:expv start:6:137 end:6:141:
            Identifier name:) start:6:141 end:6:142:
            Identifier name:) start:6:142 end:6:143:
            Identifier name:; start:6:143 end:6:144:
            "Identifier name:  start:6:144 end:6:145":
            Identifier name:$ start:6:145 end:6:146:
            Identifier name:stop start:6:146 end:6:150:
            Identifier name:; start:6:150 end:6:151:
            "Identifier name:  start:6:151 end:6:152":
            Identifier name:end start:6:152 end:6:155:
            "Identifier name:  start:6:155 end:6:156":
            Identifier name:while start:6:156 end:6:161:
            Identifier name:( start:6:161 end:6:162:
            Identifier name:0 start:6:162 end:6:163:
            Identifier name:) start:6:163 end:6:164:
            Identifier name:; start:6:164 end:6:165:
        PreprocMacroDefinition name:checks start:7:1 end:7:165:
          vpiParent: SourceFile name:t_array_type_methods.v
          vpiName Identifier name:checks start:7:9 end:7:15:
          vpiPMDType: define (1)
          vpiArgument (2 items):
            Identifier name:gotv start:7:16 end:7:20:
            Identifier name:expv start:7:21 end:7:25:
          vpiPMDToken (53 items):
            Identifier name:do start:7:27 end:7:29:
            "Identifier name:  start:7:29 end:7:30":
            Identifier name:if start:7:30 end:7:32:
            "Identifier name:  start:7:32 end:7:33":
            Identifier name:( start:7:33 end:7:34:
            Identifier name:( start:7:34 end:7:35:
            Identifier name:gotv start:7:35 end:7:39:
            Identifier name:) start:7:39 end:7:40:
            "Identifier name:  start:7:40 end:7:41":
            Identifier name:! start:7:41 end:7:42:
            Identifier name:= start:7:42 end:7:43:
            Identifier name:= start:7:43 end:7:44:
            "Identifier name:  start:7:44 end:7:45":
            Identifier name:( start:7:45 end:7:46:
            Identifier name:expv start:7:46 end:7:50:
            Identifier name:) start:7:50 end:7:51:
            Identifier name:) start:7:51 end:7:52:
            "Identifier name:  start:7:52 end:7:53":
            Identifier name:begin start:7:53 end:7:58:
            "Identifier name:  start:7:58 end:7:59":
            Identifier name:$ start:7:59 end:7:60:
            Identifier name:write start:7:60 end:7:65:
            Identifier name:( start:7:65 end:7:66:
            "Identifier name:\"%%Error: %s:%0d:  got='%s' exp='%s'\\n\" start:7:66 end:7:105":
            Identifier name:, start:7:105 end:7:106:
            "Identifier name:  start:7:106 end:7:107":
            Identifier name:`__FILE__ start:7:107 end:7:116:
            Identifier name:, start:7:116 end:7:117:
            Identifier name:`__LINE__ start:7:117 end:7:126:
            Identifier name:, start:7:126 end:7:127:
            "Identifier name:  start:7:127 end:7:128":
            Identifier name:( start:7:128 end:7:129:
            Identifier name:gotv start:7:129 end:7:133:
            Identifier name:) start:7:133 end:7:134:
            Identifier name:, start:7:134 end:7:135:
            "Identifier name:  start:7:135 end:7:136":
            Identifier name:( start:7:136 end:7:137:
            Identifier name:expv start:7:137 end:7:141:
            Identifier name:) start:7:141 end:7:142:
            Identifier name:) start:7:142 end:7:143:
            Identifier name:; start:7:143 end:7:144:
            "Identifier name:  start:7:144 end:7:145":
            Identifier name:$ start:7:145 end:7:146:
            Identifier name:stop start:7:146 end:7:150:
            Identifier name:; start:7:150 end:7:151:
            "Identifier name:  start:7:151 end:7:152":
            Identifier name:end start:7:152 end:7:155:
            "Identifier name:  start:7:155 end:7:156":
            Identifier name:while start:7:156 end:7:161:
            Identifier name:( start:7:161 end:7:162:
            Identifier name:0 start:7:162 end:7:163:
            Identifier name:) start:7:163 end:7:164:
            Identifier name:; start:7:164 end:7:165:
      vpiPreprocMacroInstance (3 items):
        PreprocMacroInstance name:checkh file:$Source01/t_array_type_methods.v start:20:7 end:20:30 ppstart:20:7 ppend:20:171:
          vpiParent: SourceFile name:t_array_type_methods.v
          vpiName Identifier name:checkh start:20:7 end:20:30:
          vpiPreprocMacroDefinition: PreprocMacroDefinition name:checkh
          vpiArgument (2 items):
            Identifier name:foo.or start:20:15 end:20:21:
            "Identifier name:3'b111 start:20:23 end:20:29":
          "vpiPMIBody Identifier name:do if ((foo.or) !== (3'b111)) begin $write(\"%%Error: %s:%0d:  got='h%x exp='h%x\\n\", \"$Source01/t_array_type_methods.v\",20, (foo.or), (3'b111)); $stop; end while(0); start:6:27 end:6:191":
        PreprocMacroInstance name:checkh file:$Source01/t_array_type_methods.v start:21:7 end:21:31 ppstart:21:7 ppend:21:173:
          vpiParent: SourceFile name:t_array_type_methods.v
          vpiName Identifier name:checkh start:21:7 end:21:31:
          vpiPreprocMacroDefinition: PreprocMacroDefinition name:checkh
          vpiArgument (2 items):
            Identifier name:foo.and start:21:15 end:21:22:
            "Identifier name:3'b001 start:21:24 end:21:30":
          "vpiPMIBody Identifier name:do if ((foo.and) !== (3'b001)) begin $write(\"%%Error: %s:%0d:  got='h%x exp='h%x\\n\", \"$Source01/t_array_type_methods.v\",21, (foo.and), (3'b001)); $stop; end while(0); start:6:27 end:6:193":
        PreprocMacroInstance name:checkh file:$Source01/t_array_type_methods.v start:22:7 end:22:31 ppstart:22:7 ppend:22:173:
          vpiParent: SourceFile name:t_array_type_methods.v
          vpiName Identifier name:checkh start:22:7 end:22:31:
          vpiPreprocMacroDefinition: PreprocMacroDefinition name:checkh
          vpiArgument (2 items):
            Identifier name:foo.xor start:22:15 end:22:22:
            "Identifier name:3'b110 start:22:24 end:22:30":
          "vpiPMIBody Identifier name:do if ((foo.xor) !== (3'b110)) begin $write(\"%%Error: %s:%0d:  got='h%x exp='h%x\\n\", \"$Source01/t_array_type_methods.v\",22, (foo.xor), (3'b110)); $stop; end while(0); start:6:27 end:6:193":
  vpiAllModules (1 items):
    Module name:t file:$Source01/t_array_type_methods.v start:9:1 end:28:10:
      vpiParent: Design name:unnamed
      vpiName Identifier name:t start:9:8 end:9:9:
      vpiFullName: t
      vpiVariable (1 items):
        Variable name:foo start:15:16 end:15:19:
          vpiParent: Module name:t
          vpiTypespec RefTypespec name:logic [2:0] [1:0] start:15:4 end:15:15:
            vpiParent: Variable name:foo
            vpiName: logic [2:0] [1:0]
            vpiFullName: t.foo.logic [2:0] [1:0]
            vpiActual: ArrayTypespec
          vpiName: foo
          vpiFullName: t.foo
      vpiTypespec (3 items):
        LogicTypespec:
          vpiParent: Module name:t
        ArrayTypespec:
          vpiParent: Module name:t
          vpiArrayType: static (1)
          vpiPacked: true
          vpiRange Range start:15:10 end:15:15:
            vpiParent: ArrayTypespec
            vpiLeftRange Constant start:15:11 end:15:12:
              vpiParent: Range
              vpiTypespec RefTypespec:
                vpiParent: Constant
                vpiFullName: t
                vpiActual: IntTypespec
              vpiConstType: unsigned int (9)
              vpiSize: 64
              vpiDecompile: "2"
              vpiValue: 2
            vpiRightRange Constant start:15:13 end:15:14:
              vpiParent: Range
              vpiTypespec RefTypespec:
                vpiParent: Constant
                vpiFullName: t
                vpiActual: IntTypespec
              vpiConstType: unsigned int (9)
              vpiSize: 64
              vpiDecompile: "0"
              vpiValue: 0
          vpiElemTypespec RefTypespec name:logic start:15:4 end:15:9:
            vpiParent: ArrayTypespec
            vpiName: logic
            vpiFullName: t.logic
        ArrayTypespec:
          vpiParent: Module name:t
          vpiArrayType: static (1)
          vpiRange Range start:15:20 end:15:25:
            vpiParent: ArrayTypespec
            vpiLeftRange Constant start:15:21 end:15:22:
              vpiParent: Range
              vpiTypespec RefTypespec:
                vpiParent: Constant
                vpiFullName: t
                vpiActual: IntTypespec
              vpiConstType: unsigned int (9)
              vpiSize: 64
              vpiDecompile: "1"
              vpiValue: 1
            vpiRightRange Constant start:15:23 end:15:24:
              vpiParent: Range
              vpiTypespec RefTypespec:
                vpiParent: Constant
                vpiFullName: t
                vpiActual: IntTypespec
              vpiConstType: unsigned int (9)
              vpiSize: 64
              vpiDecompile: "0"
              vpiValue: 0
          vpiElemTypespec RefTypespec name:logic [2:0] start:15:4 end:15:15:
            vpiParent: ArrayTypespec
            vpiName: logic [2:0]
            vpiFullName: t.logic [2:0]
            vpiActual: ArrayTypespec
      vpiDefName: t
      vpiDefNetType: wire (1)
      vpiDefDelayMode: none (1)
      vpiUnconnDrive: highz (1)
      vpiLibrary RefObj name:work start:9:8 end:9:9:
        vpiParent: Module name:t
        vpiName: work
        vpiFullName: t.work
        vpiActual: Library name:work
      vpiCell: t
      vpiNet (1 items):
        Net name:clk start:13:10 end:13:13:
          vpiParent: Module name:t
          vpiTypespec RefTypespec:
            vpiParent: Net name:clk
            vpiFullName: t.clk
            vpiActual: LogicTypespec
          vpiName: clk
          vpiFullName: t.clk
          vpiNetType: wire (1)
      vpiPort (1 items):
        Port name:clk start:11:4 end:11:7:
          vpiParent: Module name:t
          vpiName: clk
          vpiDirection: input (1)
          vpiLowConn RefObj name:clk start:13:10 end:13:13:
            vpiParent: Port name:clk
            vpiName: clk
            vpiFullName: t.clk.clk
            vpiActual: Net name:clk
          vpiTypespec RefTypespec:
            vpiParent: Port name:clk
            vpiFullName: t.clk
            vpiActual: LogicTypespec
      vpiProcess (1 items):
        Initial start:16:4 end:18:23:
          vpiParent: Module name:t
          vpiStmt Begin start:16:12 end:18:23:
            vpiParent: Initial
            vpiFullName: t
            vpiStmt (2 items):
              Assignment start:17:7 end:17:22:
                vpiParent: Begin
                vpiBlocking: true
                vpiLhs BitSelect name:foo[0] start:17:7 end:17:13:
                  vpiParent: Assignment
                  vpiName: foo[0]
                  vpiFullName: t.foo[0]
                  vpiPrefix RefObj name:foo start:17:7 end:17:10:
                    vpiParent: BitSelect name:foo[0]
                    vpiName: foo
                    vpiFullName: t.foo
                    vpiActual: Variable name:foo
                  vpiIndex Constant start:17:11 end:17:12:
                    vpiParent: BitSelect name:foo[0]
                    vpiTypespec RefTypespec:
                      vpiParent: Constant
                      vpiFullName: t.foo[0]
                      vpiActual: IntTypespec
                    vpiConstType: unsigned int (9)
                    vpiSize: 64
                    vpiDecompile: "0"
                    vpiValue: 0
                vpiRhs Constant start:17:16 end:17:22:
                  vpiParent: Assignment
                  vpiTypespec RefTypespec:
                    vpiParent: Constant
                    vpiFullName: t
                    vpiActual: LogicTypespec
                  vpiConstType: binary (3)
                  vpiSize: 3
                  vpiDecompile: "3'b101"
                  vpiValue: "101"
              Assignment start:18:7 end:18:22:
                vpiParent: Begin
                vpiBlocking: true
                vpiLhs BitSelect name:foo[1] start:18:7 end:18:13:
                  vpiParent: Assignment
                  vpiName: foo[1]
                  vpiFullName: t.foo[1]
                  vpiPrefix RefObj name:foo start:18:7 end:18:10:
                    vpiParent: BitSelect name:foo[1]
                    vpiName: foo
                    vpiFullName: t.foo
                    vpiActual: Variable name:foo
                  vpiIndex Constant start:18:11 end:18:12:
                    vpiParent: BitSelect name:foo[1]
                    vpiTypespec RefTypespec:
                      vpiParent: Constant
                      vpiFullName: t.foo[1]
                      vpiActual: IntTypespec
                    vpiConstType: unsigned int (9)
                    vpiSize: 64
                    vpiDecompile: "1"
                    vpiValue: 1
                vpiRhs Constant start:18:16 end:18:22:
                  vpiParent: Assignment
                  vpiTypespec RefTypespec:
                    vpiParent: Constant
                    vpiFullName: t
                    vpiActual: LogicTypespec
                  vpiConstType: binary (3)
                  vpiSize: 3
                  vpiDecompile: "3'b011"
                  vpiValue: "011"
      vpiSysTaskCall (2 items):
        SysTaskCall name:write start:24:7 end:24:40:
          vpiParent: Module name:t
          vpiName Identifier name:write start:24:8 end:24:13:
          vpiArgument (1 items):
            NamedArgument start:24:14 end:24:38:
              vpiParent: SysTaskCall name:write
              vpiHighConn Constant start:24:14 end:24:38:
                vpiParent: NamedArgument
                vpiTypespec RefTypespec:
                  vpiParent: Constant
                  vpiFullName: t
                  vpiActual: StringTypespec
                vpiConstType: string (6)
                vpiSize: 168
                vpiDecompile: "\"*-* All Finished *-*\\n\""
                vpiValue: "*-* All Finished *-*\\n"
        SysTaskCall name:finish start:25:7 end:25:15:
          vpiParent: Module name:t
          vpiName Identifier name:finish start:25:8 end:25:14:
      vpiGenStmt (3 items):
        GenIf start:6:30 end:6:181:
          vpiParent: Module name:t
          vpiCondition Operation start:6:34 end:6:55:
            vpiParent: GenIf
            vpiOpType: case neq (17)
            vpiOperand (2 items):
              RefObj name:foo.or start:6:35 end:6:41:
                vpiParent: Operation
                vpiName: foo.or
                vpiFullName: t.foo.or
                vpiPathElem (2 items):
                  RefObj name:foo start:6:35 end:6:38:
                    vpiParent: RefObj name:foo.or
                    vpiName: foo
                    vpiFullName: t.foo
                    vpiActual: Variable name:foo
                  MethodFuncCall name:or start:6:39 end:6:41:
                    vpiParent: RefObj name:foo.or
                    vpiName Identifier name:or start:6:39 end:6:41:
                    vpiIsProperty: true
              Constant start:6:48 end:6:54:
                vpiParent: Operation
                vpiTypespec RefTypespec:
                  vpiParent: Constant
                  vpiFullName: t
                  vpiActual: LogicTypespec
                vpiConstType: binary (3)
                vpiSize: 3
                vpiDecompile: "3'b111"
                vpiValue: "111"
          vpiStmt Begin start:6:57 end:6:181:
            vpiParent: GenIf
            vpiFullName: t
            vpiStmt (2 items):
              SysTaskCall name:write start:6:63 end:6:170:
                vpiParent: Begin
                vpiName Identifier name:write start:6:64 end:6:69:
                vpiArgument (5 items):
                  NamedArgument start:6:70 end:6:109:
                    vpiParent: SysTaskCall name:write
                    vpiHighConn Constant start:6:70 end:6:109:
                      vpiParent: NamedArgument
                      vpiTypespec RefTypespec:
                        vpiParent: Constant
                        vpiFullName: t
                        vpiActual: StringTypespec
                      vpiConstType: string (6)
                      vpiSize: 288
                      vpiDecompile: "\"%%Error: %s:%0d:  got='h%x exp='h%x\\n\""
                      vpiValue: "%%Error: %s:%0d:  got='h%x exp='h%x\\n"
                  NamedArgument start:6:111 end:6:145:
                    vpiParent: SysTaskCall name:write
                    vpiHighConn Constant start:6:111 end:6:145:
                      vpiParent: NamedArgument
                      vpiTypespec RefTypespec:
                        vpiParent: Constant
                        vpiFullName: t
                        vpiActual: StringTypespec
                      vpiConstType: string (6)
                      vpiSize: 256
                      vpiDecompile: "\"$Source01/t_array_type_methods.v\""
                      vpiValue: "$Source01/t_array_type_methods.v"
                  NamedArgument start:6:146 end:6:148:
                    vpiParent: SysTaskCall name:write
                    vpiHighConn Constant start:6:146 end:6:148:
                      vpiParent: NamedArgument
                      vpiTypespec RefTypespec:
                        vpiParent: Constant
                        vpiFullName: t
                        vpiActual: IntTypespec
                      vpiConstType: unsigned int (9)
                      vpiSize: 64
                      vpiDecompile: "20"
                      vpiValue: 20
                  NamedArgument start:6:150 end:6:158:
                    vpiParent: SysTaskCall name:write
                    vpiHighConn RefObj name:foo.or start:6:151 end:6:157:
                      vpiParent: NamedArgument
                      vpiName: foo.or
                      vpiFullName: t.foo.or
                      vpiPathElem (2 items):
                        RefObj name:foo start:6:151 end:6:154:
                          vpiParent: RefObj name:foo.or
                          vpiName: foo
                          vpiFullName: t.foo
                          vpiActual: Variable name:foo
                        MethodFuncCall name:or start:6:155 end:6:157:
                          vpiParent: RefObj name:foo.or
                          vpiName Identifier name:or start:6:155 end:6:157:
                          vpiIsProperty: true
                  NamedArgument start:6:160 end:6:168:
                    vpiParent: SysTaskCall name:write
                    vpiHighConn Constant start:6:161 end:6:167:
                      vpiParent: NamedArgument
                      vpiTypespec RefTypespec:
                        vpiParent: Constant
                        vpiFullName: t
                        vpiActual: LogicTypespec
                      vpiConstType: binary (3)
                      vpiSize: 3
                      vpiDecompile: "3'b111"
                      vpiValue: "111"
              SysTaskCall name:stop start:6:171 end:6:177:
                vpiParent: Begin
                vpiName Identifier name:stop start:6:172 end:6:176:
        GenIf start:6:30 end:6:183:
          vpiParent: Module name:t
          vpiCondition Operation start:6:34 end:6:56:
            vpiParent: GenIf
            vpiOpType: case neq (17)
            vpiOperand (2 items):
              RefObj name:foo.and start:6:35 end:6:42:
                vpiParent: Operation
                vpiName: foo.and
                vpiFullName: t.foo.and
                vpiPathElem (2 items):
                  RefObj name:foo start:6:35 end:6:38:
                    vpiParent: RefObj name:foo.and
                    vpiName: foo
                    vpiFullName: t.foo
                    vpiActual: Variable name:foo
                  MethodFuncCall name:and start:6:39 end:6:42:
                    vpiParent: RefObj name:foo.and
                    vpiName Identifier name:and start:6:39 end:6:42:
                    vpiIsProperty: true
              Constant start:6:49 end:6:55:
                vpiParent: Operation
                vpiTypespec RefTypespec:
                  vpiParent: Constant
                  vpiFullName: t
                  vpiActual: LogicTypespec
                vpiConstType: binary (3)
                vpiSize: 3
                vpiDecompile: "3'b001"
                vpiValue: "001"
          vpiStmt Begin start:6:58 end:6:183:
            vpiParent: GenIf
            vpiFullName: t
            vpiStmt (2 items):
              SysTaskCall name:write start:6:64 end:6:172:
                vpiParent: Begin
                vpiName Identifier name:write start:6:65 end:6:70:
                vpiArgument (5 items):
                  NamedArgument start:6:71 end:6:110:
                    vpiParent: SysTaskCall name:write
                    vpiHighConn Constant start:6:71 end:6:110:
                      vpiParent: NamedArgument
                      vpiTypespec RefTypespec:
                        vpiParent: Constant
                        vpiFullName: t
                        vpiActual: StringTypespec
                      vpiConstType: string (6)
                      vpiSize: 288
                      vpiDecompile: "\"%%Error: %s:%0d:  got='h%x exp='h%x\\n\""
                      vpiValue: "%%Error: %s:%0d:  got='h%x exp='h%x\\n"
                  NamedArgument start:6:112 end:6:146:
                    vpiParent: SysTaskCall name:write
                    vpiHighConn Constant start:6:112 end:6:146:
                      vpiParent: NamedArgument
                      vpiTypespec RefTypespec:
                        vpiParent: Constant
                        vpiFullName: t
                        vpiActual: StringTypespec
                      vpiConstType: string (6)
                      vpiSize: 256
                      vpiDecompile: "\"$Source01/t_array_type_methods.v\""
                      vpiValue: "$Source01/t_array_type_methods.v"
                  NamedArgument start:6:147 end:6:149:
                    vpiParent: SysTaskCall name:write
                    vpiHighConn Constant start:6:147 end:6:149:
                      vpiParent: NamedArgument
                      vpiTypespec RefTypespec:
                        vpiParent: Constant
                        vpiFullName: t
                        vpiActual: IntTypespec
                      vpiConstType: unsigned int (9)
                      vpiSize: 64
                      vpiDecompile: "21"
                      vpiValue: 21
                  NamedArgument start:6:151 end:6:160:
                    vpiParent: SysTaskCall name:write
                    vpiHighConn RefObj name:foo.and start:6:152 end:6:159:
                      vpiParent: NamedArgument
                      vpiName: foo.and
                      vpiFullName: t.foo.and
                      vpiPathElem (2 items):
                        RefObj name:foo start:6:152 end:6:155:
                          vpiParent: RefObj name:foo.and
                          vpiName: foo
                          vpiFullName: t.foo
                          vpiActual: Variable name:foo
                        MethodFuncCall name:and start:6:156 end:6:159:
                          vpiParent: RefObj name:foo.and
                          vpiName Identifier name:and start:6:156 end:6:159:
                          vpiIsProperty: true
                  NamedArgument start:6:162 end:6:170:
                    vpiParent: SysTaskCall name:write
                    vpiHighConn Constant start:6:163 end:6:169:
                      vpiParent: NamedArgument
                      vpiTypespec RefTypespec:
                        vpiParent: Constant
                        vpiFullName: t
                        vpiActual: LogicTypespec
                      vpiConstType: binary (3)
                      vpiSize: 3
                      vpiDecompile: "3'b001"
                      vpiValue: "001"
              SysTaskCall name:stop start:6:173 end:6:179:
                vpiParent: Begin
                vpiName Identifier name:stop start:6:174 end:6:178:
        GenIf start:6:30 end:6:183:
          vpiParent: Module name:t
          vpiCondition Operation start:6:34 end:6:56:
            vpiParent: GenIf
            vpiOpType: case neq (17)
            vpiOperand (2 items):
              RefObj name:foo.xor start:6:35 end:6:42:
                vpiParent: Operation
                vpiName: foo.xor
                vpiFullName: t.foo.xor
                vpiPathElem (2 items):
                  RefObj name:foo start:6:35 end:6:38:
                    vpiParent: RefObj name:foo.xor
                    vpiName: foo
                    vpiFullName: t.foo
                    vpiActual: Variable name:foo
                  MethodFuncCall name:xor start:6:39 end:6:42:
                    vpiParent: RefObj name:foo.xor
                    vpiName Identifier name:xor start:6:39 end:6:42:
                    vpiIsProperty: true
              Constant start:6:49 end:6:55:
                vpiParent: Operation
                vpiTypespec RefTypespec:
                  vpiParent: Constant
                  vpiFullName: t
                  vpiActual: LogicTypespec
                vpiConstType: binary (3)
                vpiSize: 3
                vpiDecompile: "3'b110"
                vpiValue: "110"
          vpiStmt Begin start:6:58 end:6:183:
            vpiParent: GenIf
            vpiFullName: t
            vpiStmt (2 items):
              SysTaskCall name:write start:6:64 end:6:172:
                vpiParent: Begin
                vpiName Identifier name:write start:6:65 end:6:70:
                vpiArgument (5 items):
                  NamedArgument start:6:71 end:6:110:
                    vpiParent: SysTaskCall name:write
                    vpiHighConn Constant start:6:71 end:6:110:
                      vpiParent: NamedArgument
                      vpiTypespec RefTypespec:
                        vpiParent: Constant
                        vpiFullName: t
                        vpiActual: StringTypespec
                      vpiConstType: string (6)
                      vpiSize: 288
                      vpiDecompile: "\"%%Error: %s:%0d:  got='h%x exp='h%x\\n\""
                      vpiValue: "%%Error: %s:%0d:  got='h%x exp='h%x\\n"
                  NamedArgument start:6:112 end:6:146:
                    vpiParent: SysTaskCall name:write
                    vpiHighConn Constant start:6:112 end:6:146:
                      vpiParent: NamedArgument
                      vpiTypespec RefTypespec:
                        vpiParent: Constant
                        vpiFullName: t
                        vpiActual: StringTypespec
                      vpiConstType: string (6)
                      vpiSize: 256
                      vpiDecompile: "\"$Source01/t_array_type_methods.v\""
                      vpiValue: "$Source01/t_array_type_methods.v"
                  NamedArgument start:6:147 end:6:149:
                    vpiParent: SysTaskCall name:write
                    vpiHighConn Constant start:6:147 end:6:149:
                      vpiParent: NamedArgument
                      vpiTypespec RefTypespec:
                        vpiParent: Constant
                        vpiFullName: t
                        vpiActual: IntTypespec
                      vpiConstType: unsigned int (9)
                      vpiSize: 64
                      vpiDecompile: "22"
                      vpiValue: 22
                  NamedArgument start:6:151 end:6:160:
                    vpiParent: SysTaskCall name:write
                    vpiHighConn RefObj name:foo.xor start:6:152 end:6:159:
                      vpiParent: NamedArgument
                      vpiName: foo.xor
                      vpiFullName: t.foo.xor
                      vpiPathElem (2 items):
                        RefObj name:foo start:6:152 end:6:155:
                          vpiParent: RefObj name:foo.xor
                          vpiName: foo
                          vpiFullName: t.foo
                          vpiActual: Variable name:foo
                        MethodFuncCall name:xor start:6:156 end:6:159:
                          vpiParent: RefObj name:foo.xor
                          vpiName Identifier name:xor start:6:156 end:6:159:
                          vpiIsProperty: true
                  NamedArgument start:6:162 end:6:170:
                    vpiParent: SysTaskCall name:write
                    vpiHighConn Constant start:6:163 end:6:169:
                      vpiParent: NamedArgument
                      vpiTypespec RefTypespec:
                        vpiParent: Constant
                        vpiFullName: t
                        vpiActual: LogicTypespec
                      vpiConstType: binary (3)
                      vpiSize: 3
                      vpiDecompile: "3'b110"
                      vpiValue: "110"
              SysTaskCall name:stop start:6:173 end:6:179:
                vpiParent: Begin
                vpiName Identifier name:stop start:6:174 end:6:178:
  vpiTypespec (4 items):
    ModuleTypespec name:t:
      vpiParent: Design name:unnamed
      vpiName Identifier name:t start:9:8 end:9:9:
      vpiDefName: t
      vpiModule: Module name:t
    IntTypespec:
      vpiParent: Design name:unnamed
      vpiSigned: true
    LogicTypespec:
      vpiParent: Design name:unnamed
    StringTypespec:
      vpiParent: Design name:unnamed
  vpiLibrary (1 items):
    Library name:work:
      vpiParent: Design name:unnamed
      vpiName: work
===================
[  FATAL] : 0
[ SYNTAX] : 7
[  ERROR] : 6
[WARNING] : 7
[   NOTE] : 0
********************************************************************************
*                    End HLC SystemVerilog Compiler/Linter                     *
********************************************************************************

#**#**#**#**#**#**#**#**#**#**#**#**#**#**#**#**#**#**#**#**#**#**#**#**#**#**#**#**#**#**#**#**#**#**#**#**#**#**#**#**

Environment:
      test-name: Verilator/t_array_type_methods
   test-dirpath: ${HLC_DIR}/regression/Verilator/t_array_type_methods
  hldb-filepath: ${HLC_DIR}/regression/Verilator/t_array_type_methods/design.hldb
mounts-filepath: ${HLC_DIR}/regression/Verilator/t_array_type_methods/mounts.json


{'result': {'coverage': 99.53,
            'error_count': 0,
            'file_count': 1,
            'files': {'$Output/lib/work/t_array_type_methods.v': {'post_len': 3,
                                                                  'pre_len': 644}},
            'post_len': 3,
            'pre_len': 644,
            'test_name': 'Verilator/t_array_type_methods'}}

+-----------------------------------------+----------+-----------+
| INPUT                                   |   PRELEN |   POSTLEN |
+=========================================+==========+===========+
| $Output/lib/work/t_array_type_methods.v |      644 |         3 |
+=========================================+==========+===========+
|                                         |      644 |         3 |
+-----------------------------------------+----------+-----------+

[   ERROR] : 0
[COVERAGE] : 99.53


#**#**#**#**#**#**#**#**#**#**#**#**#**#**#**#**#**#**#**#**#**#**#**#**#**#**#**#**#**#**#**#**#**#**#**#**#**#**#**#**

COMMAND: ${HLC_DIR}/regression/Verilator/t_array_type_methods/design.hldb ${HLC_DIR}/regression/Verilator/t_array_type_methods/reduced.hldb

==================== BEGIN REDUCTION RESULT ====================
Name                            Before   After   Added   Removed
----------------------------------------------------------------
----------------------------------------------------------------
Others                             275     275       0         0
----------------------------------------------------------------
                                   275     275       0         0
===================== END REDUCTION RESULT =====================
