********************************************************************************
*                   Begin HLC SystemVerilog Compiler/Linter                    *
********************************************************************************
Copyright (c) 2020 Apotell,
http://www.apache.org/licenses/LICENSE-2.0
VERSION: 1.84
COMMAND: -wd ../../../tests/IfElseGen -d db -nobuiltin -d ast dut.sv -mt 0 -d dbstats -d cache -writepp -d db -nostdout -o ${HLC_DIR}/regression/IfElseGen/IfElseGen
[INF:CM0023] Creating log file "$Output/hlc.log".
[INF:PP0122] Preprocessing source file "$Source01/dut.sv".
[INF:PA0201] Parsing source file "$Source01/dut.sv".
AST_DEBUG_BEGIN
Count: 150
LIB: work
FILE<0>:$Source01/dut.sv
n<$Source01/dut.sv> u<149> t<Top_level_rule> c<1> l<1:1> el<25:1>
  n<> u<1> t<Null_rule> p<149> s<148> l<1:1>
  n<> u<148> t<Source_text> p<149> c<9> l<1:1> el<24:10>
    n<> u<9> t<Description> p<148> c<8> s<17> l<1:1> el<2:10>
      n<> u<8> t<Module_declaration> p<9> c<6> l<1:1> el<2:10>
        n<> u<6> t<Module_nonansi_header> p<8> c<2> s<7> l<1:1> el<1:16>
          n<module> u<2> t<MODULE> p<6> s<3> l<1:1> el<1:7>
          n<GOOD1> u<3> t<SIMPLE_IDENTIFIER> p<6> s<4> l<1:8> el<1:13>
          n<> u<4> t<Package_import_declaration_list> p<6> s<5> l<1:13> el<1:13>
          n<> u<5> t<Port_list> p<6> l<1:13> el<1:15>
        n<> u<7> t<ENDMODULE> p<8> l<2:1> el<2:10>
    n<> u<17> t<Description> p<148> c<16> s<82> l<4:1> el<5:10>
      n<> u<16> t<Module_declaration> p<17> c<14> l<4:1> el<5:10>
        n<> u<14> t<Module_nonansi_header> p<16> c<10> s<15> l<4:1> el<4:16>
          n<module> u<10> t<MODULE> p<14> s<11> l<4:1> el<4:7>
          n<GOOD2> u<11> t<SIMPLE_IDENTIFIER> p<14> s<12> l<4:8> el<4:13>
          n<> u<12> t<Package_import_declaration_list> p<14> s<13> l<4:13> el<4:13>
          n<> u<13> t<Port_list> p<14> l<4:13> el<4:15>
        n<> u<15> t<ENDMODULE> p<16> l<5:1> el<5:10>
    n<> u<82> t<Description> p<148> c<81> s<147> l<7:1> el<14:10>
      n<> u<81> t<Module_declaration> p<82> c<22> l<7:1> el<14:10>
        n<> u<22> t<Module_nonansi_header> p<81> c<18> s<41> l<7:1> el<7:16>
          n<module> u<18> t<MODULE> p<22> s<19> l<7:1> el<7:7>
          n<dut1> u<19> t<SIMPLE_IDENTIFIER> p<22> s<20> l<7:8> el<7:12>
          n<> u<20> t<Package_import_declaration_list> p<22> s<21> l<7:13> el<7:13>
          n<> u<21> t<Port_list> p<22> l<7:13> el<7:15>
        n<> u<41> t<Module_item> p<81> c<40> s<79> l<8:1> el<8:47>
          n<> u<40> t<Non_port_module_item> p<41> c<39> l<8:1> el<8:47>
            n<> u<39> t<Module_or_generate_item> p<40> c<38> l<8:1> el<8:47>
              n<> u<38> t<Module_common_item> p<39> c<37> l<8:1> el<8:47>
                n<> u<37> t<Module_or_generate_item_declaration> p<38> c<36> l<8:1> el<8:47>
                  n<> u<36> t<Package_or_generate_item_declaration> p<37> c<35> l<8:1> el<8:47>
                    n<> u<35> t<Local_parameter_declaration> p<36> c<25> l<8:1> el<8:46>
                      n<> u<25> t<Data_type_or_implicit> p<35> c<24> s<34> l<8:12> el<8:15>
                        n<> u<24> t<Data_type> p<25> c<23> l<8:12> el<8:15>
                          n<> u<23> t<BIT> p<24> l<8:12> el<8:15>
                      n<> u<34> t<Param_assignment_list> p<35> c<33> l<8:25> el<8:46>
                        n<> u<33> t<Param_assignment> p<34> c<26> l<8:25> el<8:46>
                          n<HasSndScratch> u<26> t<SIMPLE_IDENTIFIER> p<33> s<32> l<8:25> el<8:38>
                          n<> u<32> t<Constant_param_expression> p<33> c<31> l<8:42> el<8:46>
                            n<> u<31> t<Constant_mintypmax_expression> p<32> c<30> l<8:42> el<8:46>
                              n<> u<30> t<Constant_expression> p<31> c<29> l<8:42> el<8:46>
                                n<> u<29> t<Constant_primary> p<30> c<28> l<8:42> el<8:46>
                                  n<> u<28> t<Primary_literal> p<29> c<27> l<8:42> el<8:46>
                                    n<> u<27> t<ONE_TICK_b1> p<28> l<8:42> el<8:46>
        n<> u<79> t<Module_item> p<81> c<78> s<80> l<9:1> el<13:4>
          n<> u<78> t<Non_port_module_item> p<79> c<77> l<9:1> el<13:4>
            n<> u<77> t<Module_or_generate_item> p<78> c<76> l<9:1> el<13:4>
              n<> u<76> t<Module_common_item> p<77> c<75> l<9:1> el<13:4>
                n<> u<75> t<Conditional_generate_construct> p<76> c<74> l<9:1> el<13:4>
                  n<> u<74> t<If_generate_construct> p<75> c<72> l<9:1> el<13:4>
                    n<> u<72> t<IF> p<74> s<45> l<9:1> el<9:3>
                    n<> u<45> t<Constant_expression> p<74> c<44> s<58> l<9:5> el<9:18>
                      n<> u<44> t<Constant_primary> p<45> c<43> l<9:5> el<9:18>
                        n<> u<43> t<Primary_literal> p<44> c<42> l<9:5> el<9:18>
                          n<HasSndScratch> u<42> t<SIMPLE_IDENTIFIER> p<43> l<9:5> el<9:18>
                    n<> u<58> t<Generate_item> p<74> c<57> s<73> l<9:20> el<11:4>
                      n<> u<57> t<Generate_begin_end_block> p<58> c<46> l<9:20> el<11:4>
                        n<gen_rom_snd_scratch> u<46> t<SIMPLE_IDENTIFIER> p<57> s<55> l<9:28> el<9:47>
                        n<> u<55> t<Generate_item> p<57> c<54> s<56> l<10:3> el<10:23>
                          n<> u<54> t<Module_or_generate_item> p<55> c<53> l<10:3> el<10:23>
                            n<> u<53> t<Module_instantiation> p<54> c<47> l<10:3> el<10:23>
                              n<GOOD1> u<47> t<SIMPLE_IDENTIFIER> p<53> s<52> l<10:3> el<10:8>
                              n<> u<52> t<Hierarchical_instance> p<53> c<49> l<10:9> el<10:22>
                                n<> u<49> t<Name_of_instance> p<52> c<48> s<51> l<10:9> el<10:20>
                                  n<cond_module> u<48> t<SIMPLE_IDENTIFIER> p<49> l<10:9> el<10:20>
                                n<> u<51> t<Port_connection_list> p<52> c<50> l<10:21> el<10:21>
                                  n<> u<50> t<Ordered_port_connection> p<51> l<10:21> el<10:21>
                        n<> u<56> t<END> p<57> l<11:1> el<11:4>
                    n<> u<73> t<ELSE> p<74> s<71> l<11:5> el<11:9>
                    n<> u<71> t<Generate_item> p<74> c<70> l<11:10> el<13:4>
                      n<> u<70> t<Generate_begin_end_block> p<71> c<59> l<11:10> el<13:4>
                        n<gen_rom_one_scratch> u<59> t<SIMPLE_IDENTIFIER> p<70> s<68> l<11:18> el<11:37>
                        n<> u<68> t<Generate_item> p<70> c<67> s<69> l<12:3> el<12:22>
                          n<> u<67> t<Module_or_generate_item> p<68> c<66> l<12:3> el<12:22>
                            n<> u<66> t<Unsupported_instantiation> p<67> c<60> l<12:3> el<12:22>
                              n<BAD1> u<60> t<SIMPLE_IDENTIFIER> p<66> s<65> l<12:3> el<12:7>
                              n<> u<65> t<Hierarchical_instance> p<66> c<62> l<12:8> el<12:21>
                                n<> u<62> t<Name_of_instance> p<65> c<61> s<64> l<12:8> el<12:19>
                                  n<cond_module> u<61> t<SIMPLE_IDENTIFIER> p<62> l<12:8> el<12:19>
                                n<> u<64> t<Port_connection_list> p<65> c<63> l<12:20> el<12:20>
                                  n<> u<63> t<Ordered_port_connection> p<64> l<12:20> el<12:20>
                        n<> u<69> t<END> p<70> l<13:1> el<13:4>
        n<> u<80> t<ENDMODULE> p<81> l<14:1> el<14:10>
    n<> u<147> t<Description> p<148> c<146> l<17:1> el<24:10>
      n<> u<146> t<Module_declaration> p<147> c<87> l<17:1> el<24:10>
        n<> u<87> t<Module_nonansi_header> p<146> c<83> s<106> l<17:1> el<17:16>
          n<module> u<83> t<MODULE> p<87> s<84> l<17:1> el<17:7>
          n<dut2> u<84> t<SIMPLE_IDENTIFIER> p<87> s<85> l<17:8> el<17:12>
          n<> u<85> t<Package_import_declaration_list> p<87> s<86> l<17:13> el<17:13>
          n<> u<86> t<Port_list> p<87> l<17:13> el<17:15>
        n<> u<106> t<Module_item> p<146> c<105> s<144> l<18:1> el<18:47>
          n<> u<105> t<Non_port_module_item> p<106> c<104> l<18:1> el<18:47>
            n<> u<104> t<Module_or_generate_item> p<105> c<103> l<18:1> el<18:47>
              n<> u<103> t<Module_common_item> p<104> c<102> l<18:1> el<18:47>
                n<> u<102> t<Module_or_generate_item_declaration> p<103> c<101> l<18:1> el<18:47>
                  n<> u<101> t<Package_or_generate_item_declaration> p<102> c<100> l<18:1> el<18:47>
                    n<> u<100> t<Local_parameter_declaration> p<101> c<90> l<18:1> el<18:46>
                      n<> u<90> t<Data_type_or_implicit> p<100> c<89> s<99> l<18:12> el<18:15>
                        n<> u<89> t<Data_type> p<90> c<88> l<18:12> el<18:15>
                          n<> u<88> t<BIT> p<89> l<18:12> el<18:15>
                      n<> u<99> t<Param_assignment_list> p<100> c<98> l<18:25> el<18:46>
                        n<> u<98> t<Param_assignment> p<99> c<91> l<18:25> el<18:46>
                          n<HasSndScratch> u<91> t<SIMPLE_IDENTIFIER> p<98> s<97> l<18:25> el<18:38>
                          n<> u<97> t<Constant_param_expression> p<98> c<96> l<18:42> el<18:46>
                            n<> u<96> t<Constant_mintypmax_expression> p<97> c<95> l<18:42> el<18:46>
                              n<> u<95> t<Constant_expression> p<96> c<94> l<18:42> el<18:46>
                                n<> u<94> t<Constant_primary> p<95> c<93> l<18:42> el<18:46>
                                  n<> u<93> t<Primary_literal> p<94> c<92> l<18:42> el<18:46>
                                    n<> u<92> t<ONE_TICK_b0> p<93> l<18:42> el<18:46>
        n<> u<144> t<Module_item> p<146> c<143> s<145> l<19:1> el<23:4>
          n<> u<143> t<Non_port_module_item> p<144> c<142> l<19:1> el<23:4>
            n<> u<142> t<Module_or_generate_item> p<143> c<141> l<19:1> el<23:4>
              n<> u<141> t<Module_common_item> p<142> c<140> l<19:1> el<23:4>
                n<> u<140> t<Conditional_generate_construct> p<141> c<139> l<19:1> el<23:4>
                  n<> u<139> t<If_generate_construct> p<140> c<137> l<19:1> el<23:4>
                    n<> u<137> t<IF> p<139> s<110> l<19:1> el<19:3>
                    n<> u<110> t<Constant_expression> p<139> c<109> s<123> l<19:5> el<19:18>
                      n<> u<109> t<Constant_primary> p<110> c<108> l<19:5> el<19:18>
                        n<> u<108> t<Primary_literal> p<109> c<107> l<19:5> el<19:18>
                          n<HasSndScratch> u<107> t<SIMPLE_IDENTIFIER> p<108> l<19:5> el<19:18>
                    n<> u<123> t<Generate_item> p<139> c<122> s<138> l<19:20> el<21:4>
                      n<> u<122> t<Generate_begin_end_block> p<123> c<111> l<19:20> el<21:4>
                        n<gen_rom_snd_scratch> u<111> t<SIMPLE_IDENTIFIER> p<122> s<120> l<19:28> el<19:47>
                        n<> u<120> t<Generate_item> p<122> c<119> s<121> l<20:3> el<20:22>
                          n<> u<119> t<Module_or_generate_item> p<120> c<118> l<20:3> el<20:22>
                            n<> u<118> t<Unsupported_instantiation> p<119> c<112> l<20:3> el<20:22>
                              n<BAD2> u<112> t<SIMPLE_IDENTIFIER> p<118> s<117> l<20:3> el<20:7>
                              n<> u<117> t<Hierarchical_instance> p<118> c<114> l<20:8> el<20:21>
                                n<> u<114> t<Name_of_instance> p<117> c<113> s<116> l<20:8> el<20:19>
                                  n<cond_module> u<113> t<SIMPLE_IDENTIFIER> p<114> l<20:8> el<20:19>
                                n<> u<116> t<Port_connection_list> p<117> c<115> l<20:20> el<20:20>
                                  n<> u<115> t<Ordered_port_connection> p<116> l<20:20> el<20:20>
                        n<> u<121> t<END> p<122> l<21:1> el<21:4>
                    n<> u<138> t<ELSE> p<139> s<136> l<21:5> el<21:9>
                    n<> u<136> t<Generate_item> p<139> c<135> l<21:10> el<23:4>
                      n<> u<135> t<Generate_begin_end_block> p<136> c<124> l<21:10> el<23:4>
                        n<gen_rom_one_scratch> u<124> t<SIMPLE_IDENTIFIER> p<135> s<133> l<21:18> el<21:37>
                        n<> u<133> t<Generate_item> p<135> c<132> s<134> l<22:3> el<22:23>
                          n<> u<132> t<Module_or_generate_item> p<133> c<131> l<22:3> el<22:23>
                            n<> u<131> t<Module_instantiation> p<132> c<125> l<22:3> el<22:23>
                              n<GOOD2> u<125> t<SIMPLE_IDENTIFIER> p<131> s<130> l<22:3> el<22:8>
                              n<> u<130> t<Hierarchical_instance> p<131> c<127> l<22:9> el<22:22>
                                n<> u<127> t<Name_of_instance> p<130> c<126> s<129> l<22:9> el<22:20>
                                  n<cond_module> u<126> t<SIMPLE_IDENTIFIER> p<127> l<22:9> el<22:20>
                                n<> u<129> t<Port_connection_list> p<130> c<128> l<22:21> el<22:21>
                                  n<> u<128> t<Ordered_port_connection> p<129> l<22:21> el<22:21>
                        n<> u<134> t<END> p<135> l<23:1> el<23:4>
        n<> u<145> t<ENDMODULE> p<146> l<24:1> el<24:10>
AST_DEBUG_END
[INF:CP0303] $Source01/dut.sv:1:1: Compile module "GOOD1".
[INF:CP0303] $Source01/dut.sv:4:1: Compile module "GOOD2".
[INF:CP0303] $Source01/dut.sv:7:1: Compile module "dut1".
[INF:CP0335] $Source01/dut.sv:9:28: Compile generate block "gen_rom_snd_scratch".
[INF:CP0335] $Source01/dut.sv:11:18: Compile generate block "gen_rom_one_scratch".
[INF:CP0303] $Source01/dut.sv:17:1: Compile module "dut2".
[INF:CP0335] $Source01/dut.sv:19:28: Compile generate block "gen_rom_snd_scratch".
[INF:CP0335] $Source01/dut.sv:21:18: Compile generate block "gen_rom_one_scratch".
[WRN:PA0205] $Source01/dut.sv:1:1: No timescale set for "GOOD1".
[WRN:PA0205] $Source01/dut.sv:4:1: No timescale set for "GOOD2".
[WRN:PA0205] $Source01/dut.sv:7:1: No timescale set for "dut1".
[WRN:PA0205] $Source01/dut.sv:17:1: No timescale set for "dut2".
====== HLDB =======
Design name:unnamed:
  vpiName: unnamed
  vpiSourceFile (1 items):
    SourceFile name:dut.sv file:$Source01/dut.sv:
      vpiParent: Design name:unnamed
      vpiName: dut.sv
      vpiPreprocFile: "$Output/lib/work/dut.sv"
  vpiAllModules (4 items):
    Module name:GOOD1 file:$Source01/dut.sv start:1:1 end:2:10:
      vpiParent: Design name:unnamed
      vpiName Identifier name:GOOD1 start:1:8 end:1:13:
      vpiFullName: GOOD1
      vpiDefName: GOOD1
      vpiDefNetType: wire (1)
      vpiLibrary RefObj name:work:
        vpiParent: Module name:GOOD1
        vpiName: work
        vpiFullName: GOOD1.work
      vpiCell: GOOD1
    Module name:GOOD2 file:$Source01/dut.sv start:4:1 end:5:10:
      vpiParent: Design name:unnamed
      vpiName Identifier name:GOOD2 start:4:8 end:4:13:
      vpiFullName: GOOD2
      vpiDefName: GOOD2
      vpiDefNetType: wire (1)
      vpiLibrary RefObj name:work:
        vpiParent: Module name:GOOD2
        vpiName: work
        vpiFullName: GOOD2.work
      vpiCell: GOOD2
    Module name:dut1 file:$Source01/dut.sv start:7:1 end:14:10:
      vpiParent: Design name:unnamed
      vpiName Identifier name:dut1 start:7:8 end:7:12:
      vpiFullName: dut1
      vpiParameter (1 items):
        Parameter name:HasSndScratch start:8:25 end:8:38:
          vpiParent: Module name:dut1
          vpiTypespec RefTypespec start:8:12 end:8:15:
            vpiParent: Parameter name:HasSndScratch
            vpiFullName: dut1.HasSndScratch
            vpiActual: BitTypespec
          vpiName: HasSndScratch
          vpiFullName: dut1.HasSndScratch
          vpiLocalParam: true
      vpiParamAssign (1 items):
        ParamAssign start:8:25 end:8:46:
          vpiParent: Module name:dut1
          vpiLhs RefObj name:HasSndScratch start:8:25 end:8:38:
            vpiParent: ParamAssign
            vpiName: HasSndScratch
            vpiFullName: dut1.HasSndScratch
            vpiActual: Parameter name:HasSndScratch
          vpiRhs Constant start:8:42 end:8:46:
            vpiParent: ParamAssign
            vpiTypespec RefTypespec:
              vpiParent: Constant
              vpiFullName: dut1
              vpiActual: BitTypespec
            vpiConstType: binary (3)
            vpiSize: 1
            vpiDecompile: "1'b1"
            vpiValue: "1"
      vpiTypespec (1 items):
        BitTypespec:
          vpiParent: Module name:dut1
      vpiDefName: dut1
      vpiDefNetType: wire (1)
      vpiLibrary RefObj name:work:
        vpiParent: Module name:dut1
        vpiName: work
        vpiFullName: dut1.work
      vpiCell: dut1
      vpiGenStmt (1 items):
        GenIfElse start:9:1 end:13:4:
          vpiParent: Module name:dut1
          vpiCondition RefObj name:HasSndScratch start:9:5 end:9:18:
            vpiParent: GenIfElse
            vpiName: HasSndScratch
            vpiFullName: dut1.HasSndScratch
            vpiActual: Parameter name:HasSndScratch
          vpiStmt Begin name:gen_rom_snd_scratch start:9:20 end:11:4:
            vpiParent: GenIfElse
            vpiName Identifier name:gen_rom_snd_scratch start:9:28 end:9:47:
            vpiFullName: dut1.gen_rom_snd_scratch
            vpiTypespec (1 items):
              ModuleTypespec name:GOOD1 start:10:3 end:10:8:
                vpiParent: Begin name:gen_rom_snd_scratch
                vpiName Identifier name:GOOD1 start:10:3 end:10:8:
                vpiDefName: GOOD1
                vpiModule: Module name:GOOD1
            vpiStmt (1 items):
              RefInstance name:cond_module start:10:9 end:10:20:
                vpiParent: Begin name:gen_rom_snd_scratch
                vpiName: cond_module
                vpiTypespec RefTypespec name:GOOD1 start:10:3 end:10:8:
                  vpiParent: RefInstance name:cond_module
                  vpiName: GOOD1
                  vpiFullName: dut1.gen_rom_snd_scratch.cond_module.GOOD1
                  vpiActual: ModuleTypespec name:GOOD1
          vpiElseStmt Begin name:gen_rom_one_scratch start:11:10 end:13:4:
            vpiParent: GenIfElse
            vpiName Identifier name:gen_rom_one_scratch start:11:18 end:11:37:
            vpiFullName: dut1.gen_rom_one_scratch
            vpiTypespec (1 items):
              UnsupportedTypespec name:BAD1 start:12:3 end:12:7:
                vpiParent: Begin name:gen_rom_one_scratch
                vpiName Identifier name:BAD1 start:12:3 end:12:7:
            vpiStmt (1 items):
              RefInstance name:cond_module start:12:8 end:12:19:
                vpiParent: Begin name:gen_rom_one_scratch
                vpiName: cond_module
                vpiTypespec RefTypespec name:BAD1 start:12:3 end:12:7:
                  vpiParent: RefInstance name:cond_module
                  vpiName: BAD1
                  vpiFullName: dut1.gen_rom_one_scratch.cond_module.BAD1
                  vpiActual: UnsupportedTypespec name:BAD1
    Module name:dut2 file:$Source01/dut.sv start:17:1 end:24:10:
      vpiParent: Design name:unnamed
      vpiName Identifier name:dut2 start:17:8 end:17:12:
      vpiFullName: dut2
      vpiParameter (1 items):
        Parameter name:HasSndScratch start:18:25 end:18:38:
          vpiParent: Module name:dut2
          vpiTypespec RefTypespec start:18:12 end:18:15:
            vpiParent: Parameter name:HasSndScratch
            vpiFullName: dut2.HasSndScratch
            vpiActual: BitTypespec
          vpiName: HasSndScratch
          vpiFullName: dut2.HasSndScratch
          vpiLocalParam: true
      vpiParamAssign (1 items):
        ParamAssign start:18:25 end:18:46:
          vpiParent: Module name:dut2
          vpiLhs RefObj name:HasSndScratch start:18:25 end:18:38:
            vpiParent: ParamAssign
            vpiName: HasSndScratch
            vpiFullName: dut2.HasSndScratch
            vpiActual: Parameter name:HasSndScratch
          vpiRhs Constant start:18:42 end:18:46:
            vpiParent: ParamAssign
            vpiTypespec RefTypespec:
              vpiParent: Constant
              vpiFullName: dut2
              vpiActual: BitTypespec
            vpiConstType: binary (3)
            vpiSize: 1
            vpiDecompile: "1'b0"
            vpiValue: "0"
      vpiTypespec (1 items):
        BitTypespec:
          vpiParent: Module name:dut2
      vpiDefName: dut2
      vpiDefNetType: wire (1)
      vpiLibrary RefObj name:work:
        vpiParent: Module name:dut2
        vpiName: work
        vpiFullName: dut2.work
      vpiCell: dut2
      vpiGenStmt (1 items):
        GenIfElse start:19:1 end:23:4:
          vpiParent: Module name:dut2
          vpiCondition RefObj name:HasSndScratch start:19:5 end:19:18:
            vpiParent: GenIfElse
            vpiName: HasSndScratch
            vpiFullName: dut2.HasSndScratch
            vpiActual: Parameter name:HasSndScratch
          vpiStmt Begin name:gen_rom_snd_scratch start:19:20 end:21:4:
            vpiParent: GenIfElse
            vpiName Identifier name:gen_rom_snd_scratch start:19:28 end:19:47:
            vpiFullName: dut2.gen_rom_snd_scratch
            vpiTypespec (1 items):
              UnsupportedTypespec name:BAD2 start:20:3 end:20:7:
                vpiParent: Begin name:gen_rom_snd_scratch
                vpiName Identifier name:BAD2 start:20:3 end:20:7:
            vpiStmt (1 items):
              RefInstance name:cond_module start:20:8 end:20:19:
                vpiParent: Begin name:gen_rom_snd_scratch
                vpiName: cond_module
                vpiTypespec RefTypespec name:BAD2 start:20:3 end:20:7:
                  vpiParent: RefInstance name:cond_module
                  vpiName: BAD2
                  vpiFullName: dut2.gen_rom_snd_scratch.cond_module.BAD2
                  vpiActual: UnsupportedTypespec name:BAD2
          vpiElseStmt Begin name:gen_rom_one_scratch start:21:10 end:23:4:
            vpiParent: GenIfElse
            vpiName Identifier name:gen_rom_one_scratch start:21:18 end:21:37:
            vpiFullName: dut2.gen_rom_one_scratch
            vpiTypespec (1 items):
              ModuleTypespec name:GOOD2 start:22:3 end:22:8:
                vpiParent: Begin name:gen_rom_one_scratch
                vpiName Identifier name:GOOD2 start:22:3 end:22:8:
                vpiDefName: GOOD2
                vpiModule: Module name:GOOD2
            vpiStmt (1 items):
              RefInstance name:cond_module start:22:9 end:22:20:
                vpiParent: Begin name:gen_rom_one_scratch
                vpiName: cond_module
                vpiTypespec RefTypespec name:GOOD2 start:22:3 end:22:8:
                  vpiParent: RefInstance name:cond_module
                  vpiName: GOOD2
                  vpiFullName: dut2.gen_rom_one_scratch.cond_module.GOOD2
                  vpiActual: ModuleTypespec name:GOOD2
  vpiTypespec (4 items):
    ModuleTypespec name:GOOD1:
      vpiParent: Design name:unnamed
      vpiName Identifier name:GOOD1 start:1:8 end:1:13:
      vpiModule: Module name:GOOD1
    ModuleTypespec name:GOOD2:
      vpiParent: Design name:unnamed
      vpiName Identifier name:GOOD2 start:4:8 end:4:13:
      vpiModule: Module name:GOOD2
    ModuleTypespec name:dut1:
      vpiParent: Design name:unnamed
      vpiName Identifier name:dut1 start:7:8 end:7:12:
      vpiModule: Module name:dut1
    ModuleTypespec name:dut2:
      vpiParent: Design name:unnamed
      vpiName Identifier name:dut2 start:17:8 end:17:12:
      vpiModule: Module name:dut2
===================
[  FATAL] : 0
[ SYNTAX] : 0
[  ERROR] : 0
[WARNING] : 4
[   NOTE] : 0
********************************************************************************
*                    End HLC SystemVerilog Compiler/Linter                     *
********************************************************************************

#**#**#**#**#**#**#**#**#**#**#**#**#**#**#**#**#**#**#**#**#**#**#**#**#**#**#**#**#**#**#**#**#**#**#**#**#**#**#**#**

Environment:
      test-name: IfElseGen/IfElseGen
   test-dirpath: ${HLC_DIR}/regression/IfElseGen/IfElseGen
  hldb-filepath: ${HLC_DIR}/regression/IfElseGen/IfElseGen/design.hldb
mounts-filepath: ${HLC_DIR}/regression/IfElseGen/IfElseGen/mounts.json


{'result': {'coverage': 100.0,
            'error_count': 0,
            'file_count': 1,
            'files': {'$Output/lib/work/dut.sv': {'post_len': 0,
                                                  'pre_len': 436}},
            'post_len': 0,
            'pre_len': 436,
            'test_name': 'IfElseGen/IfElseGen'}}

+-------------------------+----------+-----------+
| INPUT                   |   PRELEN |   POSTLEN |
+=========================+==========+===========+
| $Output/lib/work/dut.sv |      436 |         0 |
+=========================+==========+===========+
|                         |      436 |         0 |
+-------------------------+----------+-----------+

[   ERROR] : 0
[COVERAGE] : 100.0


#**#**#**#**#**#**#**#**#**#**#**#**#**#**#**#**#**#**#**#**#**#**#**#**#**#**#**#**#**#**#**#**#**#**#**#**#**#**#**#**

COMMAND: ${HLC_DIR}/regression/IfElseGen/IfElseGen/design.hldb ${HLC_DIR}/regression/IfElseGen/IfElseGen/reduced.hldb

==================== BEGIN REDUCTION RESULT ====================
Name                            Before   After   Added   Removed
----------------------------------------------------------------
----------------------------------------------------------------
Others                              64      64       0         0
----------------------------------------------------------------
                                    64      64       0         0
===================== END REDUCTION RESULT =====================
