********************************************************************************
*                   Begin HLC SystemVerilog Compiler/Linter                    *
********************************************************************************
Copyright (c) 2020 Apotell,
http://www.apache.org/licenses/LICENSE-2.0
VERSION: 1.84
COMMAND: -wd ../../../tests/MacroArgMismatch -d db -d ast dut.sv -nobuiltin -mt 0 -d dbstats -d cache -writepp -d db -nostdout -o ${HLC_DIR}/regression/MacroArgMismatch/MacroArgMismatch
[INF:CM5022] Creating log file "$Output/hlc.log".
[INF:PP5223] Preprocessing source file "$Source01/dut.sv".
[INF:PA5502] Parsing source file "$Source01/dut.sv".
AST_DEBUG_BEGIN
Count: 67
LIB: work
FILE<0>:$Source01/dut.sv
n<$Source01/dut.sv> u<66> t<Top_level_rule> c<1> l<2:1> el<7:1>
  n<> u<1> t<Null_rule> p<66> s<65> l<2:1> el<2:1>
  n<> u<65> t<Source_text> p<66> c<64> l<2:1> el<6:10>
    n<> u<64> t<Description> p<65> c<63> l<2:1> el<6:10>
      n<> u<63> t<Module_declaration> p<64> c<12> l<2:1> el<6:10>
        n<> u<12> t<Module_ansi_header> p<63> c<2> s<24> l<2:1> el<2:24>
          n<module> u<2> t<MODULE> p<12> s<3> l<2:1> el<2:7>
          n<test> u<3> t<SIMPLE_IDENTIFIER> p<12> s<4> l<2:8> el<2:12>
          n<> u<4> t<Package_import_declaration_list> p<12> s<11> l<2:12> el<2:12>
          n<> u<11> t<Port_declaration_list> p<12> c<10> l<2:12> el<2:23>
            n<> u<10> t<Ansi_port_declaration> p<11> c<8> l<2:13> el<2:22>
              n<> u<8> t<Net_port_header> p<10> c<5> s<9> l<2:13> el<2:18>
                n<> u<5> t<INPUT> p<8> s<7> l<2:13> el<2:18>
                n<> u<7> t<Net_port_type> p<8> c<6> l<2:19> el<2:19>
                  n<> u<6> t<Data_type_or_implicit> p<7> l<2:19> el<2:19>
              n<clk> u<9> t<SIMPLE_IDENTIFIER> p<10> l<2:19> el<2:22>
        n<> u<24> t<Non_port_module_item> p<63> c<23> s<61> l<3:1> el<3:7>
          n<> u<23> t<Module_or_generate_item> p<24> c<22> l<3:1> el<3:7>
            n<> u<22> t<Module_common_item> p<23> c<21> l<3:1> el<3:7>
              n<> u<21> t<Module_or_generate_item_declaration> p<22> c<20> l<3:1> el<3:7>
                n<> u<20> t<Package_or_generate_item_declaration> p<21> c<19> l<3:1> el<3:7>
                  n<> u<19> t<Data_declaration> p<20> c<18> l<3:1> el<3:7>
                    n<> u<18> t<Variable_declaration> p<19> c<14> l<3:1> el<3:7>
                      n<> u<14> t<Data_type> p<18> c<13> s<17> l<3:1> el<3:4>
                        n<> u<13> t<REG> p<14> l<3:1> el<3:4>
                      n<> u<17> t<Variable_decl_assignment_list> p<18> c<16> l<3:5> el<3:6>
                        n<> u<16> t<Variable_decl_assignment> p<17> c<15> l<3:5> el<3:6>
                          n<d> u<15> t<SIMPLE_IDENTIFIER> p<16> l<3:5> el<3:6>
        n<> u<61> t<Non_port_module_item> p<63> c<60> s<62> l<4:1> el<5:18>
          n<> u<60> t<Module_or_generate_item> p<61> c<59> l<4:1> el<5:18>
            n<> u<59> t<Module_common_item> p<60> c<58> l<4:1> el<5:18>
              n<> u<58> t<Always_construct> p<59> c<25> l<4:1> el<5:18>
                n<> u<25> t<ALWAYS> p<58> s<57> l<4:1> el<4:7>
                n<> u<57> t<Statement> p<58> c<56> l<4:8> el<5:18>
                  n<> u<56> t<Statement_item> p<57> c<55> l<4:8> el<5:18>
                    n<> u<55> t<Procedural_timing_control_statement> p<56> c<33> l<4:8> el<5:18>
                      n<> u<33> t<Procedural_timing_control> p<55> c<32> s<54> l<4:8> el<4:22>
                        n<> u<32> t<Event_control> p<33> c<31> l<4:8> el<4:22>
                          n<> u<31> t<Event_expression> p<32> c<26> l<4:10> el<4:21>
                            n<> u<26> t<POSEDGE> p<31> s<30> l<4:10> el<4:17>
                            n<> u<30> t<Expression> p<31> c<29> l<4:18> el<4:21>
                              n<> u<29> t<Primary> p<30> c<28> l<4:18> el<4:21>
                                n<> u<28> t<Primary_literal> p<29> c<27> l<4:18> el<4:21>
                                  n<clk> u<27> t<SIMPLE_IDENTIFIER> p<28> l<4:18> el<4:21>
                      n<> u<54> t<Statement_or_null> p<55> c<53> l<5:5> el<5:18>
                        n<> u<53> t<Statement> p<54> c<52> l<5:5> el<5:18>
                          n<> u<52> t<Statement_item> p<53> c<51> l<5:5> el<5:18>
                            n<> u<51> t<Nonblocking_assignment> p<52> c<38> l<5:5> el<5:17>
                              n<> u<38> t<Variable_lvalue> p<51> c<35> s<43> l<5:5> el<5:6>
                                n<> u<35> t<Ps_or_hierarchical_identifier> p<38> c<34> s<37> l<5:5> el<5:6>
                                  n<d> u<34> t<SIMPLE_IDENTIFIER> p<35> l<5:5> el<5:6>
                                n<> u<37> t<Select> p<38> c<36> l<5:7> el<5:7>
                                  n<> u<36> t<Bit_select> p<37> l<5:7> el<5:7>
                              n<> u<43> t<Delay_or_event_control> p<51> c<42> s<50> l<1:11> el<1:13>
                                n<> u<42> t<Delay_control> p<43> c<41> l<1:11> el<1:13>
                                  n<> u<41> t<Pound_delay_value> p<42> c<40> l<1:11> el<1:13>
                                    n<#1> u<40> t<Pound_time_literal> p<41> c<39> l<1:11> el<1:13>
                                      n<#1> u<39> t<POUND_DELAY> p<40> l<1:11> el<1:13>
                              n<> u<50> t<Expression> p<51> c<49> l<1:13> el<1:17>
                                n<> u<49> t<Expression> p<50> c<48> l<1:14> el<1:16>
                                  n<> u<48> t<TILDA> p<49> s<47> l<1:14> el<1:15>
                                  n<> u<47> t<Expression> p<49> c<46> l<1:15> el<1:16>
                                    n<> u<46> t<Primary> p<47> c<45> l<1:15> el<1:16>
                                      n<> u<45> t<Primary_literal> p<46> c<44> l<1:15> el<1:16>
                                        n<d> u<44> t<SIMPLE_IDENTIFIER> p<45> l<1:15> el<1:16>
        n<> u<62> t<ENDMODULE> p<63> l<6:1> el<6:10>
AST_DEBUG_END
[INF:CP5804] $Source01/dut.sv:2:1: Compile module "test".
[WRN:PA5506] $Source01/dut.sv:2:1: No timescale set for "test".
====== HLDB =======
Design name:unnamed:
  vpiName: unnamed
  vpiSourceFile (1 items):
    SourceFile name:dut.sv file:$Source01/dut.sv:
      vpiParent: Design name:unnamed
      vpiName: dut.sv
      vpiPreprocFile: "$Output/lib/work/dut.sv"
      vpiPreprocMacroDefinition (1 items):
        PreprocMacroDefinition name:D start:1:1 end:1:13:
          vpiParent: SourceFile name:dut.sv
          vpiName Identifier name:D start:1:9 end:1:10:
          vpiPMDType: define (1)
          vpiPMDToken (1 items):
            Identifier name:#1 start:1:11 end:1:13:
      vpiPreprocMacroInstance (1 items):
        PreprocMacroInstance name:D file:$Source01/dut.sv start:5:10 end:5:17 ppstart:5:10 ppend:5:16:
          vpiParent: SourceFile name:dut.sv
          vpiName Identifier name:D start:5:10 end:5:17:
          vpiPreprocMacroDefinition: PreprocMacroDefinition name:D
          vpiArgument (1 items):
            Identifier name:~d start:5:14 end:5:16:
          vpiPMIBody Identifier name:#1(~d) start:1:11 end:1:17:
  vpiAllModules (1 items):
    Module name:test file:$Source01/dut.sv start:2:1 end:6:10:
      vpiParent: Design name:unnamed
      vpiName Identifier name:test start:2:8 end:2:12:
      vpiFullName: test
      vpiVariable (1 items):
        Variable name:d start:3:5 end:3:6:
          vpiParent: Module name:test
          vpiTypespec RefTypespec start:3:1 end:3:4:
            vpiParent: Variable name:d
            vpiFullName: test.d
            vpiActual: LogicTypespec
          vpiName: d
          vpiFullName: test.d
      vpiTypespec (1 items):
        LogicTypespec:
          vpiParent: Module name:test
      vpiDefName: test
      vpiDefNetType: wire (1)
      vpiDefDelayMode: none (1)
      vpiUnconnDrive: highz (1)
      vpiLibrary RefObj name:work start:2:8 end:2:12:
        vpiParent: Module name:test
        vpiName: work
        vpiFullName: test.work
        vpiActual: Library name:work
      vpiCell: test
      vpiNet (1 items):
        Net name:clk start:2:19 end:2:22:
          vpiParent: Module name:test
          vpiTypespec RefTypespec:
            vpiParent: Net name:clk
            vpiFullName: test.clk
            vpiActual: LogicTypespec
          vpiName: clk
          vpiFullName: test.clk
          vpiNetType: wire (1)
      vpiPort (1 items):
        Port name:clk start:2:19 end:2:22:
          vpiParent: Module name:test
          vpiName: clk
          vpiDirection: input (1)
          vpiLowConn RefObj name:clk start:2:19 end:2:22:
            vpiParent: Port name:clk
            vpiName: clk
            vpiFullName: test.clk.clk
            vpiActual: Net name:clk
          vpiTypespec RefTypespec:
            vpiParent: Port name:clk
            vpiFullName: test.clk
            vpiActual: LogicTypespec
      vpiProcess (1 items):
        Always start:4:1 end:5:18:
          vpiParent: Module name:test
          vpiStmt EventControl start:4:8 end:5:18:
            vpiParent: Always
            vpiCondition Operation start:4:10 end:4:21:
              vpiParent: EventControl
              vpiOpType: posedge (39)
              vpiOperand (1 items):
                RefObj name:clk start:4:18 end:4:21:
                  vpiParent: Operation
                  vpiName: clk
                  vpiFullName: test.clk
                  vpiActual: Net name:clk
            vpiStmt Assignment start:5:5 end:5:17:
              vpiParent: EventControl
              vpiLhs RefObj name:d start:5:5 end:5:6:
                vpiParent: Assignment
                vpiName: d
                vpiFullName: test.d
                vpiActual: Variable name:d
              vpiRhs Operation start:1:14 end:1:16:
                vpiParent: Assignment
                vpiOpType: bitwise negation (4)
                vpiOperand (1 items):
                  RefObj name:d start:1:15 end:1:16:
                    vpiParent: Operation
                    vpiName: d
                    vpiFullName: test.d
                    vpiActual: Variable name:d
              vpiDelayControl DelayControl start:1:11 end:1:13:
                vpiParent: Assignment
                vpiDelay: 1
                vpiDelay Constant start:1:12 end:1:13:
                  vpiParent: DelayControl
                  vpiTypespec RefTypespec:
                    vpiParent: Constant
                    vpiFullName: test
                    vpiActual: IntTypespec
                  vpiConstType: int (7)
                  vpiSize: 32
                  vpiDecompile: "1"
                  vpiValue: 1
          vpiAlwaysType: always (1)
  vpiTypespec (2 items):
    ModuleTypespec name:test:
      vpiParent: Design name:unnamed
      vpiName Identifier name:test start:2:8 end:2:12:
      vpiDefName: test
      vpiModule: Module name:test
    IntTypespec:
      vpiParent: Design name:unnamed
      vpiSigned: true
  vpiLibrary (1 items):
    Library name:work:
      vpiParent: Design name:unnamed
      vpiName: work
===================
[  FATAL] : 0
[ SYNTAX] : 0
[  ERROR] : 0
[WARNING] : 1
[   NOTE] : 0
********************************************************************************
*                    End HLC SystemVerilog Compiler/Linter                     *
********************************************************************************

#**#**#**#**#**#**#**#**#**#**#**#**#**#**#**#**#**#**#**#**#**#**#**#**#**#**#**#**#**#**#**#**#**#**#**#**#**#**#**#**

Environment:
      test-name: MacroArgMismatch/MacroArgMismatch
   test-dirpath: ${HLC_DIR}/regression/MacroArgMismatch/MacroArgMismatch
  hldb-filepath: ${HLC_DIR}/regression/MacroArgMismatch/MacroArgMismatch/design.hldb
mounts-filepath: ${HLC_DIR}/regression/MacroArgMismatch/MacroArgMismatch/mounts.json


{'result': {'coverage': 100.0,
            'error_count': 0,
            'file_count': 1,
            'files': {'$Output/lib/work/dut.sv': {'post_len': 0,
                                                  'pre_len': 71}},
            'post_len': 0,
            'pre_len': 71,
            'test_name': 'MacroArgMismatch/MacroArgMismatch'}}

+-------------------------+----------+-----------+
| INPUT                   |   PRELEN |   POSTLEN |
+=========================+==========+===========+
| $Output/lib/work/dut.sv |       71 |         0 |
+=========================+==========+===========+
|                         |       71 |         0 |
+-------------------------+----------+-----------+

[   ERROR] : 0
[COVERAGE] : 100.0


#**#**#**#**#**#**#**#**#**#**#**#**#**#**#**#**#**#**#**#**#**#**#**#**#**#**#**#**#**#**#**#**#**#**#**#**#**#**#**#**

COMMAND: ${HLC_DIR}/regression/MacroArgMismatch/MacroArgMismatch/design.hldb ${HLC_DIR}/regression/MacroArgMismatch/MacroArgMismatch/reduced.hldb

==================== BEGIN REDUCTION RESULT ====================
Name                            Before   After   Added   Removed
----------------------------------------------------------------
----------------------------------------------------------------
Others                              35      35       0         0
----------------------------------------------------------------
                                    35      35       0         0
===================== END REDUCTION RESULT =====================
