********************************************************************************
*                   Begin HLC SystemVerilog Compiler/Linter                    *
********************************************************************************
Copyright (c) 2020 Apotell,
http://www.apache.org/licenses/LICENSE-2.0
VERSION: 1.84
COMMAND: -wd ../../../../tests/Google/chapter-21 -timescale=1ns/1ns -d ast -d db -nobuiltin 21.3--fwrite.sv -wd ${HLC_DIR}/third_party/UVM -I1800.2-2017-1.0/src -mt 0 -d dbstats -d cache -writepp -d db -nostdout -o ${HLC_DIR}/regression/Google/chapter-21/21.3--fwrite
[INF:CM5022] Creating log file "$Output/hlc.log".
[INF:PP5223] Preprocessing source file "$Source01/21.3--fwrite.sv".
[INF:PA5502] Parsing source file "$Source01/21.3--fwrite.sv".
AST_DEBUG_BEGIN
Count: 124
LIB: work
FILE<0>:$Source01/21.3--fwrite.sv
n<$Source01/21.3--fwrite.sv> u<123> t<Top_level_rule> c<1> l<16:1> el<30:1>
  n<> u<1> t<Null_rule> p<123> s<2> l<16:1> el<16:1>
  n<// Copyright (C) 2019-2021  The SymbiFlow Authors.> u<2> t<LINE_COMMENT> p<123> s<3> l<1:1> el<1:51>
  n<//> u<3> t<LINE_COMMENT> p<123> s<4> l<2:1> el<2:3>
  n<// Use of this source code is governed by a ISC-style> u<4> t<LINE_COMMENT> p<123> s<5> l<3:1> el<3:54>
  n<// license that can be found in the LICENSE file or at> u<5> t<LINE_COMMENT> p<123> s<6> l<4:1> el<4:55>
  n<// https://opensource.org/licenses/ISC> u<6> t<LINE_COMMENT> p<123> s<7> l<5:1> el<5:39>
  n<//> u<7> t<LINE_COMMENT> p<123> s<8> l<6:1> el<6:3>
  n<// SPDX-License-Identifier: ISC> u<8> t<LINE_COMMENT> p<123> s<9> l<7:1> el<7:32>
  n</*\n:name: fwrite_task\n:description: $fwrite test\n:tags: 21.3\n:type: simulation parsing\n*/> u<9> t<BLOCK_COMMENT> p<123> s<122> l<16:1> el<29:10>
  n<> u<122> t<Source_text> p<123> c<121> l<16:1> el<29:10>
    n<> u<121> t<Description> p<122> c<120> l<16:1> el<29:10>
      n<> u<120> t<Module_declaration> p<121> c<14> l<16:1> el<29:10>
        n<> u<14> t<Module_nonansi_header> p<120> c<10> s<27> l<16:1> el<16:14>
          n<module> u<10> t<MODULE> p<14> s<11> l<16:1> el<16:7>
          n<top> u<11> t<SIMPLE_IDENTIFIER> p<14> s<12> l<16:8> el<16:11>
          n<> u<12> t<Package_import_declaration_list> p<14> s<13> l<16:11> el<16:11>
          n<> u<13> t<Port_list> p<14> l<16:11> el<16:13>
        n<> u<27> t<Module_item> p<120> c<26> s<44> l<18:1> el<18:8>
          n<> u<26> t<Non_port_module_item> p<27> c<25> l<18:1> el<18:8>
            n<> u<25> t<Module_or_generate_item> p<26> c<24> l<18:1> el<18:8>
              n<> u<24> t<Module_common_item> p<25> c<23> l<18:1> el<18:8>
                n<> u<23> t<Module_or_generate_item_declaration> p<24> c<22> l<18:1> el<18:8>
                  n<> u<22> t<Package_or_generate_item_declaration> p<23> c<21> l<18:1> el<18:8>
                    n<> u<21> t<Data_declaration> p<22> c<20> l<18:1> el<18:8>
                      n<> u<20> t<Variable_declaration> p<21> c<16> l<18:1> el<18:8>
                        n<> u<16> t<Data_type> p<20> c<15> s<19> l<18:1> el<18:4>
                          n<> u<15> t<INT> p<16> l<18:1> el<18:4>
                        n<> u<19> t<Variable_decl_assignment_list> p<20> c<18> l<18:5> el<18:7>
                          n<> u<18> t<Variable_decl_assignment> p<19> c<17> l<18:5> el<18:7>
                            n<fd> u<17> t<SIMPLE_IDENTIFIER> p<18> l<18:5> el<18:7>
        n<> u<44> t<Module_item> p<120> c<43> s<100> l<19:1> el<19:20>
          n<> u<43> t<Non_port_module_item> p<44> c<42> l<19:1> el<19:20>
            n<> u<42> t<Module_or_generate_item> p<43> c<41> l<19:1> el<19:20>
              n<> u<41> t<Module_common_item> p<42> c<40> l<19:1> el<19:20>
                n<> u<40> t<Module_or_generate_item_declaration> p<41> c<39> l<19:1> el<19:20>
                  n<> u<39> t<Package_or_generate_item_declaration> p<40> c<38> l<19:1> el<19:20>
                    n<> u<38> t<Data_declaration> p<39> c<37> l<19:1> el<19:20>
                      n<> u<37> t<Variable_declaration> p<38> c<29> l<19:1> el<19:20>
                        n<> u<29> t<Data_type> p<37> c<28> s<36> l<19:1> el<19:7>
                          n<string> u<28> t<STRING> p<29> l<19:1> el<19:7>
                        n<> u<36> t<Variable_decl_assignment_list> p<37> c<35> l<19:8> el<19:19>
                          n<> u<35> t<Variable_decl_assignment> p<36> c<30> l<19:8> el<19:19>
                            n<str> u<30> t<SIMPLE_IDENTIFIER> p<35> s<34> l<19:8> el<19:11>
                            n<> u<34> t<Expression> p<35> c<33> l<19:14> el<19:19>
                              n<> u<33> t<Primary> p<34> c<32> l<19:14> el<19:19>
                                n<> u<32> t<Primary_literal> p<33> c<31> l<19:14> el<19:19>
                                  n<"abc"> u<31> t<QUOTED_STRING> p<32> l<19:14> el<19:19>
        n<> u<100> t<Module_item> p<120> c<99> s<118> l<21:1> el<24:4>
          n<> u<99> t<Non_port_module_item> p<100> c<98> l<21:1> el<24:4>
            n<> u<98> t<Module_or_generate_item> p<99> c<97> l<21:1> el<24:4>
              n<> u<97> t<Module_common_item> p<98> c<96> l<21:1> el<24:4>
                n<> u<96> t<Initial_construct> p<97> c<95> l<21:1> el<24:4>
                  n<> u<95> t<Statement_or_null> p<96> c<94> l<21:9> el<24:4>
                    n<> u<94> t<Statement> p<95> c<93> l<21:9> el<24:4>
                      n<> u<93> t<Statement_item> p<94> c<92> l<21:9> el<24:4>
                        n<> u<92> t<Seq_block> p<93> c<71> l<21:9> el<24:4>
                          n<> u<71> t<Statement_or_null> p<92> c<70> s<90> l<22:2> el<22:30>
                            n<> u<70> t<Statement> p<71> c<69> l<22:2> el<22:30>
                              n<> u<69> t<Statement_item> p<70> c<68> l<22:2> el<22:30>
                                n<> u<68> t<Blocking_assignment> p<69> c<67> l<22:2> el<22:29>
                                  n<> u<67> t<Variable_assignment> p<68> c<49> l<22:2> el<22:29>
                                    n<> u<49> t<Variable_lvalue> p<67> c<46> s<66> l<22:2> el<22:4>
                                      n<> u<46> t<Ps_or_hierarchical_identifier> p<49> c<45> s<48> l<22:2> el<22:4>
                                        n<fd> u<45> t<SIMPLE_IDENTIFIER> p<46> l<22:2> el<22:4>
                                      n<> u<48> t<Select> p<49> c<47> l<22:5> el<22:5>
                                        n<> u<47> t<Bit_select> p<48> l<22:5> el<22:5>
                                    n<> u<66> t<Expression> p<67> c<65> l<22:7> el<22:29>
                                      n<> u<65> t<Primary> p<66> c<64> l<22:7> el<22:29>
                                        n<> u<64> t<Subroutine_call> p<65> c<50> l<22:7> el<22:29>
                                          n<$> u<50> t<DOLLAR> p<64> s<51> l<22:7> el<22:8>
                                          n<fopen> u<51> t<SIMPLE_IDENTIFIER> p<64> s<62> l<22:8> el<22:13>
                                          n<> u<62> t<OPEN_PARENS> p<64> s<61> l<22:13> el<22:14>
                                          n<> u<61> t<Argument_list> p<64> c<55> s<63> l<22:14> el<22:28>
                                            n<> u<55> t<Expression> p<61> c<54> s<60> l<22:14> el<22:23>
                                              n<> u<54> t<Primary> p<55> c<53> l<22:14> el<22:23>
                                                n<> u<53> t<Primary_literal> p<54> c<52> l<22:14> el<22:23>
                                                  n<"tmp.txt"> u<52> t<QUOTED_STRING> p<53> l<22:14> el<22:23>
                                            n<> u<60> t<Argument> p<61> c<59> l<22:25> el<22:28>
                                              n<> u<59> t<Expression> p<60> c<58> l<22:25> el<22:28>
                                                n<> u<58> t<Primary> p<59> c<57> l<22:25> el<22:28>
                                                  n<> u<57> t<Primary_literal> p<58> c<56> l<22:25> el<22:28>
                                                    n<"w"> u<56> t<QUOTED_STRING> p<57> l<22:25> el<22:28>
                                          n<> u<63> t<CLOSE_PARENS> p<64> l<22:28> el<22:29>
                          n<> u<90> t<Statement_or_null> p<92> c<89> s<91> l<23:2> el<23:19>
                            n<> u<89> t<Statement> p<90> c<88> l<23:2> el<23:19>
                              n<> u<88> t<Statement_item> p<89> c<87> l<23:2> el<23:19>
                                n<> u<87> t<Subroutine_call_statement> p<88> c<86> l<23:2> el<23:19>
                                  n<> u<86> t<Subroutine_call> p<87> c<72> l<23:2> el<23:18>
                                    n<$> u<72> t<DOLLAR> p<86> s<73> l<23:2> el<23:3>
                                    n<fwrite> u<73> t<SIMPLE_IDENTIFIER> p<86> s<84> l<23:3> el<23:9>
                                    n<> u<84> t<OPEN_PARENS> p<86> s<83> l<23:9> el<23:10>
                                    n<> u<83> t<Argument_list> p<86> c<77> s<85> l<23:10> el<23:17>
                                      n<> u<77> t<Expression> p<83> c<76> s<82> l<23:10> el<23:12>
                                        n<> u<76> t<Primary> p<77> c<75> l<23:10> el<23:12>
                                          n<> u<75> t<Primary_literal> p<76> c<74> l<23:10> el<23:12>
                                            n<fd> u<74> t<SIMPLE_IDENTIFIER> p<75> l<23:10> el<23:12>
                                      n<> u<82> t<Argument> p<83> c<81> l<23:14> el<23:17>
                                        n<> u<81> t<Expression> p<82> c<80> l<23:14> el<23:17>
                                          n<> u<80> t<Primary> p<81> c<79> l<23:14> el<23:17>
                                            n<> u<79> t<Primary_literal> p<80> c<78> l<23:14> el<23:17>
                                              n<str> u<78> t<SIMPLE_IDENTIFIER> p<79> l<23:14> el<23:17>
                                    n<> u<85> t<CLOSE_PARENS> p<86> l<23:17> el<23:18>
                          n<> u<91> t<END> p<92> l<24:1> el<24:4>
        n<> u<118> t<Module_item> p<120> c<117> s<119> l<26:1> el<27:14>
          n<> u<117> t<Non_port_module_item> p<118> c<116> l<26:1> el<27:14>
            n<> u<116> t<Module_or_generate_item> p<117> c<115> l<26:1> el<27:14>
              n<> u<115> t<Module_common_item> p<116> c<114> l<26:1> el<27:14>
                n<> u<114> t<Final_construct> p<115> c<113> l<26:1> el<27:14>
                  n<> u<113> t<Statement> p<114> c<112> l<27:2> el<27:14>
                    n<> u<112> t<Statement_item> p<113> c<111> l<27:2> el<27:14>
                      n<> u<111> t<Subroutine_call_statement> p<112> c<110> l<27:2> el<27:14>
                        n<> u<110> t<Subroutine_call> p<111> c<101> l<27:2> el<27:13>
                          n<$> u<101> t<DOLLAR> p<110> s<102> l<27:2> el<27:3>
                          n<fclose> u<102> t<SIMPLE_IDENTIFIER> p<110> s<108> l<27:3> el<27:9>
                          n<> u<108> t<OPEN_PARENS> p<110> s<107> l<27:9> el<27:10>
                          n<> u<107> t<Argument_list> p<110> c<106> s<109> l<27:10> el<27:12>
                            n<> u<106> t<Expression> p<107> c<105> l<27:10> el<27:12>
                              n<> u<105> t<Primary> p<106> c<104> l<27:10> el<27:12>
                                n<> u<104> t<Primary_literal> p<105> c<103> l<27:10> el<27:12>
                                  n<fd> u<103> t<SIMPLE_IDENTIFIER> p<104> l<27:10> el<27:12>
                          n<> u<109> t<CLOSE_PARENS> p<110> l<27:12> el<27:13>
        n<> u<119> t<ENDMODULE> p<120> l<29:1> el<29:10>
AST_DEBUG_END
[INF:CP5804] $Source01/21.3--fwrite.sv:16:1: Compile module "top".
[INF:CM5028] Using global timescale: "1ns/1ns".
====== HLDB =======
Design name:unnamed:
  vpiName: unnamed
  vpiSourceFile (1 items):
    SourceFile name:21.3--fwrite.sv file:$Source01/21.3--fwrite.sv:
      vpiParent: Design name:unnamed
      vpiName: "21.3--fwrite.sv"
      vpiPreprocFile: "$Output/lib/work/21.3--fwrite.sv"
  vpiAllModules (1 items):
    Module name:top file:$Source01/21.3--fwrite.sv start:16:1 end:29:10:
      vpiParent: Design name:unnamed
      vpiName Identifier name:top start:16:8 end:16:11:
      vpiFullName: top
      vpiVariable (2 items):
        Variable name:fd start:18:5 end:18:7:
          vpiParent: Module name:top
          vpiTypespec RefTypespec start:18:1 end:18:4:
            vpiParent: Variable name:fd
            vpiFullName: top.fd
            vpiActual: IntTypespec
          vpiName: fd
          vpiFullName: top.fd
        Variable name:str start:19:8 end:19:11:
          vpiParent: Module name:top
          vpiTypespec RefTypespec start:19:1 end:19:7:
            vpiParent: Variable name:str
            vpiFullName: top.str
            vpiActual: StringTypespec
          vpiName: str
          vpiFullName: top.str
          vpiValue Constant start:19:14 end:19:19:
            vpiParent: Variable name:str
            vpiTypespec RefTypespec:
              vpiParent: Constant
              vpiFullName: top.str
              vpiActual: StringTypespec
            vpiConstType: string (6)
            vpiSize: 24
            vpiDecompile: "\"abc\""
            vpiValue: abc
      vpiDefName: top
      vpiDefNetType: wire (1)
      vpiLibrary RefObj name:work start:16:8 end:16:11:
        vpiParent: Module name:top
        vpiName: work
        vpiFullName: top.work
        vpiActual: Library name:work
      vpiCell: top
      vpiProcess (2 items):
        Initial start:21:1 end:24:4:
          vpiParent: Module name:top
          vpiStmt Begin start:21:9 end:24:4:
            vpiParent: Initial
            vpiFullName: top
            vpiStmt (2 items):
              Assignment start:22:2 end:22:29:
                vpiParent: Begin
                vpiBlocking: true
                vpiLhs RefObj name:fd start:22:2 end:22:4:
                  vpiParent: Assignment
                  vpiName: fd
                  vpiFullName: top.fd
                  vpiActual: Variable name:fd
                vpiRhs SysFuncCall name:$fopen start:22:7 end:22:29:
                  vpiParent: Assignment
                  vpiName Identifier name:$fopen start:22:7 end:22:13:
                  vpiArgument (2 items):
                    Constant start:22:14 end:22:23:
                      vpiParent: SysFuncCall name:$fopen
                      vpiTypespec RefTypespec:
                        vpiParent: Constant
                        vpiFullName: top
                        vpiActual: StringTypespec
                      vpiConstType: string (6)
                      vpiSize: 56
                      vpiDecompile: "\"tmp.txt\""
                      vpiValue: tmp.txt
                    Constant start:22:25 end:22:28:
                      vpiParent: SysFuncCall name:$fopen
                      vpiTypespec RefTypespec:
                        vpiParent: Constant
                        vpiFullName: top
                        vpiActual: StringTypespec
                      vpiConstType: string (6)
                      vpiSize: 8
                      vpiDecompile: "\"w\""
                      vpiValue: w
              SysTaskCall name:$fwrite start:23:2 end:23:18:
                vpiParent: Begin
                vpiName Identifier name:$fwrite start:23:2 end:23:9:
                vpiArgument (2 items):
                  RefObj name:fd start:23:10 end:23:12:
                    vpiParent: SysTaskCall name:$fwrite
                    vpiName: fd
                    vpiFullName: top.fd
                    vpiActual: Variable name:fd
                  RefObj name:str start:23:14 end:23:17:
                    vpiParent: SysTaskCall name:$fwrite
                    vpiName: str
                    vpiFullName: top.str
                    vpiActual: Variable name:str
        FinalStmt start:26:1 end:27:14:
          vpiParent: Module name:top
          vpiStmt SysTaskCall name:$fclose start:27:2 end:27:13:
            vpiParent: FinalStmt
            vpiName Identifier name:$fclose start:27:2 end:27:9:
            vpiArgument (1 items):
              RefObj name:fd start:27:10 end:27:12:
                vpiParent: SysTaskCall name:$fclose
                vpiName: fd
                vpiFullName: top.fd
                vpiActual: Variable name:fd
  vpiTypespec (3 items):
    ModuleTypespec name:top:
      vpiParent: Design name:unnamed
      vpiName Identifier name:top start:16:8 end:16:11:
      vpiDefName: top
      vpiModule: Module name:top
    IntTypespec:
      vpiParent: Design name:unnamed
      vpiSigned: true
    StringTypespec:
      vpiParent: Design name:unnamed
  vpiLibrary (1 items):
    Library name:work:
      vpiParent: Design name:unnamed
      vpiName: work
===================
[  FATAL] : 0
[ SYNTAX] : 0
[  ERROR] : 0
[WARNING] : 0
[   NOTE] : 0
********************************************************************************
*                    End HLC SystemVerilog Compiler/Linter                     *
********************************************************************************

#**#**#**#**#**#**#**#**#**#**#**#**#**#**#**#**#**#**#**#**#**#**#**#**#**#**#**#**#**#**#**#**#**#**#**#**#**#**#**#**

Environment:
      test-name: Google/chapter-21/21.3--fwrite
   test-dirpath: ${HLC_DIR}/regression/Google/chapter-21/21.3--fwrite
  hldb-filepath: ${HLC_DIR}/regression/Google/chapter-21/21.3--fwrite/design.hldb
mounts-filepath: ${HLC_DIR}/regression/Google/chapter-21/21.3--fwrite/mounts.json


{'result': {'coverage': 100.0,
            'error_count': 0,
            'file_count': 1,
            'files': {'$Output/lib/work/21.3--fwrite.sv': {'post_len': 0,
                                                           'pre_len': 126}},
            'post_len': 0,
            'pre_len': 126,
            'test_name': 'Google/chapter-21/21.3--fwrite'}}

+----------------------------------+----------+-----------+
| INPUT                            |   PRELEN |   POSTLEN |
+==================================+==========+===========+
| $Output/lib/work/21.3--fwrite.sv |      126 |         0 |
+==================================+==========+===========+
|                                  |      126 |         0 |
+----------------------------------+----------+-----------+

[   ERROR] : 0
[COVERAGE] : 100.0


#**#**#**#**#**#**#**#**#**#**#**#**#**#**#**#**#**#**#**#**#**#**#**#**#**#**#**#**#**#**#**#**#**#**#**#**#**#**#**#**

COMMAND: ${HLC_DIR}/regression/Google/chapter-21/21.3--fwrite/design.hldb ${HLC_DIR}/regression/Google/chapter-21/21.3--fwrite/reduced.hldb

==================== BEGIN REDUCTION RESULT ====================
Name                            Before   After   Added   Removed
----------------------------------------------------------------
----------------------------------------------------------------
Others                              34      34       0         0
----------------------------------------------------------------
                                    34      34       0         0
===================== END REDUCTION RESULT =====================
