********************************************************************************
*                   Begin HLC SystemVerilog Compiler/Linter                    *
********************************************************************************
Copyright (c) 2020 Apotell,
http://www.apache.org/licenses/LICENSE-2.0
VERSION: 1.84
COMMAND: -wd ../../../../../tests/Sky130Cell -DUNIT_DELAY -writepp -nobuiltin -timescale=1ns/1ns -d ast -d db cells/cells/sky130_fd_sc_hd__nor4.functional.v -mt 0 -mp 0 -d dbstats -d cache -d db -nostdout -o ${HLC_DIR}/regression/Sky130Cell/cells/cells/sky130_fd_sc_hd__nor4.functional
[INF:CM0023] Creating log file "$Output/hlc.log".
[INF:PP0122] Preprocessing source file "$Source01/cells/cells/sky130_fd_sc_hd__nor4.functional.v".
[INF:PA0201] Parsing source file "$Source01/cells/cells/sky130_fd_sc_hd__nor4.functional.v".
AST_DEBUG_BEGIN
Count: 164
LIB: work
FILE: f<14>:$Source01/cells/cells/sky130_fd_sc_hd__nor4.functional.v
n<$Source01/cells/cells/sky130_fd_sc_hd__nor4.functional.v> u<163> t<Top_level_rule> c<1> l<31:1> el<61:40>
  n<> u<1> t<Null_rule> p<163> s<2> l<31:1> el<31:1>
  n</*\n * Copyright 2020 The SkyWater PDK Authors\n *\n * Licensed under the Apache License, Version 2.0 (the "License");\n * you may not use this file except in compliance with the License.\n * You may obtain a copy of the License at\n *\n *     https://www.apache.org/licenses/LICENSE-2.0\n *\n * Unless required by applicable law or agreed to in writing, software\n * distributed under the License is distributed on an "AS IS" BASIS,\n * WITHOUT WARRANTIES OR CONDITIONS OF ANY KIND, either express or implied.\n * See the License for the specific language governing permissions and\n * limitations under the License.\n *\n * SPDX-License-Identifier: Apache-2.0\n*/> u<2> t<BLOCK_COMMENT> p<163> s<3> l<31:1> el<60:22>
  n</**\n * nor4: 4-input NOR.\n *\n *       Y = !(A | B | C | D)\n *\n * Verilog simulation functional model.\n */> u<3> t<BLOCK_COMMENT> p<163> s<161> l<31:1> el<60:22>
  n<> u<161> t<Source_text> p<163> c<12> s<162> l<31:1> el<60:22>
    n<> u<12> t<Description> p<161> c<11> s<16> l<31:1> el<31:21>
      n<> u<11> t<Top_directives> p<12> c<10> l<31:1> el<31:21>
        n<> u<10> t<Timescale_directive> p<11> c<6> l<31:1> el<31:21>
          n<1ns> u<6> t<Time_literal> p<10> c<4> s<9> l<31:12> el<31:15>
            n<1> u<4> t<INTEGRAL_NUMBER> p<6> s<5> l<31:12> el<31:13>
            n<ns> u<5> t<SIMPLE_IDENTIFIER> p<6> l<31:13> el<31:15>
          n<1ps> u<9> t<Time_literal> p<10> c<7> l<31:18> el<31:21>
            n<1> u<7> t<INTEGRAL_NUMBER> p<9> s<8> l<31:18> el<31:19>
            n<ps> u<8> t<SIMPLE_IDENTIFIER> p<9> l<31:19> el<31:21>
    n<> u<16> t<Description> p<161> c<15> s<19> l<32:1> el<32:22>
      n<> u<15> t<Top_directives> p<16> c<14> l<32:1> el<32:22>
        n<> u<14> t<Default_nettype_directive> p<15> c<13> l<32:1> el<32:22>
          n<none> u<13> t<SIMPLE_IDENTIFIER> p<14> l<32:18> el<32:22>
    n<> u<19> t<Description> p<161> c<18> s<153> l<34:1> el<34:12>
      n<> u<18> t<Top_directives> p<19> c<17> l<34:1> el<34:12>
        n<> u<17> t<Celldefine_directive> p<18> l<34:1> el<34:12>
    n<> u<153> t<Description> p<161> c<152> s<156> l<35:1> el<57:10>
      n<> u<152> t<Module_declaration> p<153> c<54> l<35:1> el<57:10>
        n<> u<54> t<Module_nonansi_header> p<152> c<20> s<55> l<35:1> el<41:3>
          n<module> u<20> t<Module_keyword> p<54> s<21> l<35:1> el<35:7>
          n<sky130_fd_sc_hd__nor4> u<21> t<SIMPLE_IDENTIFIER> p<54> s<22> l<35:8> el<35:29>
          n<> u<22> t<Package_import_declaration_list> p<54> s<53> l<35:30> el<35:30>
          n<> u<53> t<Port_list> p<54> c<28> l<35:30> el<41:2>
            n<> u<28> t<Port> p<53> c<27> s<34> l<36:5> el<36:6>
              n<> u<27> t<Port_expression> p<28> c<26> l<36:5> el<36:6>
                n<> u<26> t<Port_reference> p<27> c<23> l<36:5> el<36:6>
                  n<Y> u<23> t<SIMPLE_IDENTIFIER> p<26> s<25> l<36:5> el<36:6>
                  n<> u<25> t<Constant_select> p<26> c<24> l<36:6> el<36:6>
                    n<> u<24> t<Constant_bit_select> p<25> l<36:6> el<36:6>
            n<> u<34> t<Port> p<53> c<33> s<40> l<37:5> el<37:6>
              n<> u<33> t<Port_expression> p<34> c<32> l<37:5> el<37:6>
                n<> u<32> t<Port_reference> p<33> c<29> l<37:5> el<37:6>
                  n<A> u<29> t<SIMPLE_IDENTIFIER> p<32> s<31> l<37:5> el<37:6>
                  n<> u<31> t<Constant_select> p<32> c<30> l<37:6> el<37:6>
                    n<> u<30> t<Constant_bit_select> p<31> l<37:6> el<37:6>
            n<> u<40> t<Port> p<53> c<39> s<46> l<38:5> el<38:6>
              n<> u<39> t<Port_expression> p<40> c<38> l<38:5> el<38:6>
                n<> u<38> t<Port_reference> p<39> c<35> l<38:5> el<38:6>
                  n<B> u<35> t<SIMPLE_IDENTIFIER> p<38> s<37> l<38:5> el<38:6>
                  n<> u<37> t<Constant_select> p<38> c<36> l<38:6> el<38:6>
                    n<> u<36> t<Constant_bit_select> p<37> l<38:6> el<38:6>
            n<> u<46> t<Port> p<53> c<45> s<52> l<39:5> el<39:6>
              n<> u<45> t<Port_expression> p<46> c<44> l<39:5> el<39:6>
                n<> u<44> t<Port_reference> p<45> c<41> l<39:5> el<39:6>
                  n<C> u<41> t<SIMPLE_IDENTIFIER> p<44> s<43> l<39:5> el<39:6>
                  n<> u<43> t<Constant_select> p<44> c<42> l<39:6> el<39:6>
                    n<> u<42> t<Constant_bit_select> p<43> l<39:6> el<39:6>
            n<> u<52> t<Port> p<53> c<51> l<40:5> el<40:6>
              n<> u<51> t<Port_expression> p<52> c<50> l<40:5> el<40:6>
                n<> u<50> t<Port_reference> p<51> c<47> l<40:5> el<40:6>
                  n<D> u<47> t<SIMPLE_IDENTIFIER> p<50> s<49> l<40:5> el<40:6>
                  n<> u<49> t<Constant_select> p<50> c<48> l<41:1> el<41:1>
                    n<> u<48> t<Constant_bit_select> p<49> l<41:1> el<41:1>
        n<// Module ports> u<55> t<LINE_COMMENT> p<152> s<62> l<43:5> el<43:20>
        n<> u<62> t<Module_item> p<152> c<61> s<69> l<44:5> el<44:14>
          n<> u<61> t<Port_declaration> p<62> c<60> l<44:5> el<44:13>
            n<> u<60> t<Output_declaration> p<61> c<57> l<44:5> el<44:13>
              n<> u<57> t<Net_port_type> p<60> c<56> s<59> l<44:12> el<44:12>
                n<> u<56> t<Data_type_or_implicit> p<57> l<44:12> el<44:12>
              n<> u<59> t<Output_port_identifier_list> p<60> c<58> l<44:12> el<44:13>
                n<Y> u<58> t<SIMPLE_IDENTIFIER> p<59> l<44:12> el<44:13>
        n<> u<69> t<Module_item> p<152> c<68> s<76> l<45:5> el<45:14>
          n<> u<68> t<Port_declaration> p<69> c<67> l<45:5> el<45:13>
            n<> u<67> t<Input_declaration> p<68> c<64> l<45:5> el<45:13>
              n<> u<64> t<Net_port_type> p<67> c<63> s<66> l<45:12> el<45:12>
                n<> u<63> t<Data_type_or_implicit> p<64> l<45:12> el<45:12>
              n<> u<66> t<Port_identifier_list> p<67> c<65> l<45:12> el<45:13>
                n<A> u<65> t<SIMPLE_IDENTIFIER> p<66> l<45:12> el<45:13>
        n<> u<76> t<Module_item> p<152> c<75> s<83> l<46:5> el<46:14>
          n<> u<75> t<Port_declaration> p<76> c<74> l<46:5> el<46:13>
            n<> u<74> t<Input_declaration> p<75> c<71> l<46:5> el<46:13>
              n<> u<71> t<Net_port_type> p<74> c<70> s<73> l<46:12> el<46:12>
                n<> u<70> t<Data_type_or_implicit> p<71> l<46:12> el<46:12>
              n<> u<73> t<Port_identifier_list> p<74> c<72> l<46:12> el<46:13>
                n<B> u<72> t<SIMPLE_IDENTIFIER> p<73> l<46:12> el<46:13>
        n<> u<83> t<Module_item> p<152> c<82> s<90> l<47:5> el<47:14>
          n<> u<82> t<Port_declaration> p<83> c<81> l<47:5> el<47:13>
            n<> u<81> t<Input_declaration> p<82> c<78> l<47:5> el<47:13>
              n<> u<78> t<Net_port_type> p<81> c<77> s<80> l<47:12> el<47:12>
                n<> u<77> t<Data_type_or_implicit> p<78> l<47:12> el<47:12>
              n<> u<80> t<Port_identifier_list> p<81> c<79> l<47:12> el<47:13>
                n<C> u<79> t<SIMPLE_IDENTIFIER> p<80> l<47:12> el<47:13>
        n<> u<90> t<Module_item> p<152> c<89> s<91> l<48:5> el<48:14>
          n<> u<89> t<Port_declaration> p<90> c<88> l<48:5> el<48:13>
            n<> u<88> t<Input_declaration> p<89> c<85> l<48:5> el<48:13>
              n<> u<85> t<Net_port_type> p<88> c<84> s<87> l<48:12> el<48:12>
                n<> u<84> t<Data_type_or_implicit> p<85> l<48:12> el<48:12>
              n<> u<87> t<Port_identifier_list> p<88> c<86> l<48:12> el<48:13>
                n<D> u<86> t<SIMPLE_IDENTIFIER> p<87> l<48:12> el<48:13>
        n<// Local signals> u<91> t<LINE_COMMENT> p<152> s<103> l<50:5> el<50:21>
        n<> u<103> t<Module_item> p<152> c<102> s<104> l<51:5> el<51:21>
          n<> u<102> t<Non_port_module_item> p<103> c<101> l<51:5> el<51:21>
            n<> u<101> t<Module_or_generate_item> p<102> c<100> l<51:5> el<51:21>
              n<> u<100> t<Module_common_item> p<101> c<99> l<51:5> el<51:21>
                n<> u<99> t<Module_or_generate_item_declaration> p<100> c<98> l<51:5> el<51:21>
                  n<> u<98> t<Package_or_generate_item_declaration> p<99> c<97> l<51:5> el<51:21>
                    n<> u<97> t<Net_declaration> p<98> c<92> l<51:5> el<51:21>
                      n<> u<92> t<WIRE> p<97> s<93> l<51:5> el<51:9>
                      n<> u<93> t<Data_type_or_implicit> p<97> s<96> l<51:10> el<51:10>
                      n<> u<96> t<Net_decl_assignment_list> p<97> c<95> l<51:10> el<51:20>
                        n<> u<95> t<Net_decl_assignment> p<96> c<94> l<51:10> el<51:20>
                          n<nor0_out_Y> u<94> t<SIMPLE_IDENTIFIER> p<95> l<51:10> el<51:20>
        n<//  Name  Output      Other arguments> u<104> t<LINE_COMMENT> p<152> s<133> l<53:5> el<53:42>
        n<> u<133> t<Module_item> p<152> c<132> s<150> l<54:5> el<54:44>
          n<> u<132> t<Non_port_module_item> p<133> c<131> l<54:5> el<54:44>
            n<> u<131> t<Module_or_generate_item> p<132> c<130> l<54:5> el<54:44>
              n<> u<130> t<Gate_instantiation> p<131> c<105> l<54:5> el<54:44>
                n<> u<105> t<NOR> p<130> s<129> l<54:5> el<54:8>
                n<> u<129> t<N_input_gate_instance> p<130> c<107> l<54:9> el<54:43>
                  n<> u<107> t<Name_of_instance> p<129> c<106> s<112> l<54:9> el<54:13>
                    n<nor0> u<106> t<SIMPLE_IDENTIFIER> p<107> l<54:9> el<54:13>
                  n<> u<112> t<Net_lvalue> p<129> c<109> s<116> l<54:15> el<54:25>
                    n<> u<109> t<Ps_or_hierarchical_identifier> p<112> c<108> s<111> l<54:15> el<54:25>
                      n<nor0_out_Y> u<108> t<SIMPLE_IDENTIFIER> p<109> l<54:15> el<54:25>
                    n<> u<111> t<Constant_select> p<112> c<110> l<54:25> el<54:25>
                      n<> u<110> t<Constant_bit_select> p<111> l<54:25> el<54:25>
                  n<> u<116> t<Expression> p<129> c<115> s<120> l<54:27> el<54:28>
                    n<> u<115> t<Primary> p<116> c<114> l<54:27> el<54:28>
                      n<> u<114> t<Primary_literal> p<115> c<113> l<54:27> el<54:28>
                        n<A> u<113> t<SIMPLE_IDENTIFIER> p<114> l<54:27> el<54:28>
                  n<> u<120> t<Expression> p<129> c<119> s<124> l<54:30> el<54:31>
                    n<> u<119> t<Primary> p<120> c<118> l<54:30> el<54:31>
                      n<> u<118> t<Primary_literal> p<119> c<117> l<54:30> el<54:31>
                        n<B> u<117> t<SIMPLE_IDENTIFIER> p<118> l<54:30> el<54:31>
                  n<> u<124> t<Expression> p<129> c<123> s<128> l<54:33> el<54:34>
                    n<> u<123> t<Primary> p<124> c<122> l<54:33> el<54:34>
                      n<> u<122> t<Primary_literal> p<123> c<121> l<54:33> el<54:34>
                        n<C> u<121> t<SIMPLE_IDENTIFIER> p<122> l<54:33> el<54:34>
                  n<> u<128> t<Expression> p<129> c<127> l<54:36> el<54:37>
                    n<> u<127> t<Primary> p<128> c<126> l<54:36> el<54:37>
                      n<> u<126> t<Primary_literal> p<127> c<125> l<54:36> el<54:37>
                        n<D> u<125> t<SIMPLE_IDENTIFIER> p<126> l<54:36> el<54:37>
        n<> u<150> t<Module_item> p<152> c<149> s<151> l<55:5> el<55:44>
          n<> u<149> t<Non_port_module_item> p<150> c<148> l<55:5> el<55:44>
            n<> u<148> t<Module_or_generate_item> p<149> c<147> l<55:5> el<55:44>
              n<> u<147> t<Gate_instantiation> p<148> c<134> l<55:5> el<55:44>
                n<> u<134> t<BUF> p<147> s<146> l<55:5> el<55:8>
                n<> u<146> t<N_output_gate_instance> p<147> c<136> l<55:9> el<55:43>
                  n<> u<136> t<Name_of_instance> p<146> c<135> s<141> l<55:9> el<55:13>
                    n<buf0> u<135> t<SIMPLE_IDENTIFIER> p<136> l<55:9> el<55:13>
                  n<> u<141> t<Net_lvalue> p<146> c<138> s<145> l<55:15> el<55:16>
                    n<> u<138> t<Ps_or_hierarchical_identifier> p<141> c<137> s<140> l<55:15> el<55:16>
                      n<Y> u<137> t<SIMPLE_IDENTIFIER> p<138> l<55:15> el<55:16>
                    n<> u<140> t<Constant_select> p<141> c<139> l<55:25> el<55:25>
                      n<> u<139> t<Constant_bit_select> p<140> l<55:25> el<55:25>
                  n<> u<145> t<Expression> p<146> c<144> l<55:27> el<55:37>
                    n<> u<144> t<Primary> p<145> c<143> l<55:27> el<55:37>
                      n<> u<143> t<Primary_literal> p<144> c<142> l<55:27> el<55:37>
                        n<nor0_out_Y> u<142> t<SIMPLE_IDENTIFIER> p<143> l<55:27> el<55:37>
        n<> u<151> t<ENDMODULE> p<152> l<57:1> el<57:10>
    n<> u<156> t<Description> p<161> c<155> s<160> l<58:1> el<58:15>
      n<> u<155> t<Top_directives> p<156> c<154> l<58:1> el<58:15>
        n<> u<154> t<Endcelldefine_directive> p<155> l<58:1> el<58:15>
    n<> u<160> t<Description> p<161> c<159> l<60:1> el<60:22>
      n<> u<159> t<Top_directives> p<160> c<158> l<60:1> el<60:22>
        n<> u<158> t<Default_nettype_directive> p<159> c<157> l<60:1> el<60:22>
          n<> u<157> t<WIRE> p<158> l<60:18> el<60:22>
  n<// SKY130_FD_SC_HD__NOR4_FUNCTIONAL_V> u<162> t<LINE_COMMENT> p<163> l<61:3> el<61:40>
AST_DEBUG_END
[INF:CP0303] $Source01/cells/cells/sky130_fd_sc_hd__nor4.functional.v:35:1: Compile module "work@sky130_fd_sc_hd__nor4".
[INF:CM0029] Using global timescale: "1ns/1ns".
====== HLDB =======
Design name:unnamed:
  vpiName: unnamed
  vpiSourceFile (1 items):
    SourceFile name:sky130_fd_sc_hd__nor4.functional.v file:$Source01/cells/cells/sky130_fd_sc_hd__nor4.functional.v:
      vpiParent: Design name:unnamed
      vpiName: sky130_fd_sc_hd__nor4.functional.v
      vpiPreprocFile: "$Output/lib/work/cells/cells/sky130_fd_sc_hd__nor4.functional.v"
      vpiPreprocMacroDefinition (1 items):
        PreprocMacroDefinition name:SKY130_FD_SC_HD__NOR4_FUNCTIONAL_V start:21:1 end:22:1:
          vpiParent: SourceFile name:sky130_fd_sc_hd__nor4.functional.v
          vpiName Identifier name:SKY130_FD_SC_HD__NOR4_FUNCTIONAL_V start:21:9 end:21:43:
            vpiParent: PreprocMacroDefinition name:SKY130_FD_SC_HD__NOR4_FUNCTIONAL_V
            vpiName: SKY130_FD_SC_HD__NOR4_FUNCTIONAL_V
      vpiDefNetType: wire (1)
      vpiTimePrecision: -12
      vpiTimeUnit: -9
  vpiAllModules (1 items):
    Module name:work@sky130_fd_sc_hd__nor4 file:$Source01/cells/cells/sky130_fd_sc_hd__nor4.functional.v start:35:1 end:57:10:
      vpiParent: Design name:unnamed
      vpiName Identifier name:work@sky130_fd_sc_hd__nor4 start:35:8 end:35:29:
        vpiParent: Module name:work@sky130_fd_sc_hd__nor4
        vpiName: work@sky130_fd_sc_hd__nor4
      vpiFullName: work@sky130_fd_sc_hd__nor4
      vpiTypespec (1 items):
        LogicTypespec:
          vpiParent: Module name:work@sky130_fd_sc_hd__nor4
      vpiDefName: work@sky130_fd_sc_hd__nor4
      vpiDefNetType: none (12)
      vpiTimePrecision: -12
      vpiTimeUnit: -9
      vpiLibrary RefObj name:work:
        vpiParent: Module name:work@sky130_fd_sc_hd__nor4
        vpiName: work
        vpiFullName: work@sky130_fd_sc_hd__nor4.work
      vpiCell: sky130_fd_sc_hd__nor4
      vpiNet (6 items):
        Net name:Y start:44:12 end:44:13:
          vpiParent: Module name:work@sky130_fd_sc_hd__nor4
          vpiTypespec RefTypespec start:44:12 end:44:12:
            vpiParent: Net name:Y
            vpiFullName: work@sky130_fd_sc_hd__nor4.Y
            vpiActual: LogicTypespec
          vpiName: Y
          vpiFullName: work@sky130_fd_sc_hd__nor4.Y
        Net name:A start:45:12 end:45:13:
          vpiParent: Module name:work@sky130_fd_sc_hd__nor4
          vpiTypespec RefTypespec start:45:12 end:45:12:
            vpiParent: Net name:A
            vpiFullName: work@sky130_fd_sc_hd__nor4.A
            vpiActual: LogicTypespec
          vpiName: A
          vpiFullName: work@sky130_fd_sc_hd__nor4.A
        Net name:B start:46:12 end:46:13:
          vpiParent: Module name:work@sky130_fd_sc_hd__nor4
          vpiTypespec RefTypespec start:46:12 end:46:12:
            vpiParent: Net name:B
            vpiFullName: work@sky130_fd_sc_hd__nor4.B
            vpiActual: LogicTypespec
          vpiName: B
          vpiFullName: work@sky130_fd_sc_hd__nor4.B
        Net name:C start:47:12 end:47:13:
          vpiParent: Module name:work@sky130_fd_sc_hd__nor4
          vpiTypespec RefTypespec start:47:12 end:47:12:
            vpiParent: Net name:C
            vpiFullName: work@sky130_fd_sc_hd__nor4.C
            vpiActual: LogicTypespec
          vpiName: C
          vpiFullName: work@sky130_fd_sc_hd__nor4.C
        Net name:D start:48:12 end:48:13:
          vpiParent: Module name:work@sky130_fd_sc_hd__nor4
          vpiTypespec RefTypespec start:48:12 end:48:12:
            vpiParent: Net name:D
            vpiFullName: work@sky130_fd_sc_hd__nor4.D
            vpiActual: LogicTypespec
          vpiName: D
          vpiFullName: work@sky130_fd_sc_hd__nor4.D
        Net name:nor0_out_Y start:51:10 end:51:20:
          vpiParent: Module name:work@sky130_fd_sc_hd__nor4
          vpiTypespec RefTypespec start:51:10 end:51:10:
            vpiParent: Net name:nor0_out_Y
            vpiFullName: work@sky130_fd_sc_hd__nor4.nor0_out_Y
            vpiActual: LogicTypespec
          vpiName: nor0_out_Y
          vpiFullName: work@sky130_fd_sc_hd__nor4.nor0_out_Y
          vpiNetType: wire (1)
      vpiPort (5 items):
        Port name:Y start:36:5 end:36:6:
          vpiParent: Module name:work@sky130_fd_sc_hd__nor4
          vpiName: Y
          vpiDirection: output (2)
          vpiLowConn RefObj name:Y start:36:5 end:36:6:
            vpiParent: Port name:Y
            vpiName: Y
            vpiFullName: work@sky130_fd_sc_hd__nor4.Y.Y
            vpiActual: Net name:Y
          vpiTypespec RefTypespec start:44:12 end:44:12:
            vpiParent: Port name:Y
            vpiFullName: work@sky130_fd_sc_hd__nor4.Y
            vpiActual: LogicTypespec
        Port name:A start:37:5 end:37:6:
          vpiParent: Module name:work@sky130_fd_sc_hd__nor4
          vpiName: A
          vpiDirection: input (1)
          vpiLowConn RefObj name:A start:37:5 end:37:6:
            vpiParent: Port name:A
            vpiName: A
            vpiFullName: work@sky130_fd_sc_hd__nor4.A.A
            vpiActual: Net name:A
          vpiTypespec RefTypespec start:45:12 end:45:12:
            vpiParent: Port name:A
            vpiFullName: work@sky130_fd_sc_hd__nor4.A
            vpiActual: LogicTypespec
        Port name:B start:38:5 end:38:6:
          vpiParent: Module name:work@sky130_fd_sc_hd__nor4
          vpiName: B
          vpiDirection: input (1)
          vpiLowConn RefObj name:B start:38:5 end:38:6:
            vpiParent: Port name:B
            vpiName: B
            vpiFullName: work@sky130_fd_sc_hd__nor4.B.B
            vpiActual: Net name:B
          vpiTypespec RefTypespec start:46:12 end:46:12:
            vpiParent: Port name:B
            vpiFullName: work@sky130_fd_sc_hd__nor4.B
            vpiActual: LogicTypespec
        Port name:C start:39:5 end:39:6:
          vpiParent: Module name:work@sky130_fd_sc_hd__nor4
          vpiName: C
          vpiDirection: input (1)
          vpiLowConn RefObj name:C start:39:5 end:39:6:
            vpiParent: Port name:C
            vpiName: C
            vpiFullName: work@sky130_fd_sc_hd__nor4.C.C
            vpiActual: Net name:C
          vpiTypespec RefTypespec start:47:12 end:47:12:
            vpiParent: Port name:C
            vpiFullName: work@sky130_fd_sc_hd__nor4.C
            vpiActual: LogicTypespec
        Port name:D start:40:5 end:40:6:
          vpiParent: Module name:work@sky130_fd_sc_hd__nor4
          vpiName: D
          vpiDirection: input (1)
          vpiLowConn RefObj name:D start:40:5 end:40:6:
            vpiParent: Port name:D
            vpiName: D
            vpiFullName: work@sky130_fd_sc_hd__nor4.D.D
            vpiActual: Net name:D
          vpiTypespec RefTypespec start:48:12 end:48:12:
            vpiParent: Port name:D
            vpiFullName: work@sky130_fd_sc_hd__nor4.D
            vpiActual: LogicTypespec
      vpiPrimitive (2 items):
        Gate name:nor0 start:54:9 end:54:13:
          vpiParent: Module name:work@sky130_fd_sc_hd__nor4
          vpiName: nor0
          vpiFullName: work@sky130_fd_sc_hd__nor4.nor0
          vpiDefName Identifier name:work@nor start:54:5 end:54:8:
            vpiParent: Gate name:nor0
            vpiName: work@nor
          vpiPrimType: nor (3)
          vpiPrimTerm (5 items):
            PrimTerm start:54:15 end:54:25:
              vpiParent: Gate name:nor0
              vpiDirection: output (2)
              vpiExpr RefObj name:nor0_out_Y start:54:15 end:54:25:
                vpiParent: PrimTerm
                vpiName: nor0_out_Y
                vpiFullName: work@sky130_fd_sc_hd__nor4.nor0.nor0_out_Y
                vpiActual: Net name:nor0_out_Y
            PrimTerm start:54:27 end:54:28:
              vpiParent: Gate name:nor0
              vpiDirection: input (1)
              vpiTermIndex: 1
              vpiExpr RefObj name:A start:54:27 end:54:28:
                vpiParent: PrimTerm
                vpiName: A
                vpiFullName: work@sky130_fd_sc_hd__nor4.nor0.A
                vpiActual: Net name:A
            PrimTerm start:54:30 end:54:31:
              vpiParent: Gate name:nor0
              vpiDirection: input (1)
              vpiTermIndex: 2
              vpiExpr RefObj name:B start:54:30 end:54:31:
                vpiParent: PrimTerm
                vpiName: B
                vpiFullName: work@sky130_fd_sc_hd__nor4.nor0.B
                vpiActual: Net name:B
            PrimTerm start:54:33 end:54:34:
              vpiParent: Gate name:nor0
              vpiDirection: input (1)
              vpiTermIndex: 3
              vpiExpr RefObj name:C start:54:33 end:54:34:
                vpiParent: PrimTerm
                vpiName: C
                vpiFullName: work@sky130_fd_sc_hd__nor4.nor0.C
                vpiActual: Net name:C
            PrimTerm start:54:36 end:54:37:
              vpiParent: Gate name:nor0
              vpiDirection: input (1)
              vpiTermIndex: 4
              vpiExpr RefObj name:D start:54:36 end:54:37:
                vpiParent: PrimTerm
                vpiName: D
                vpiFullName: work@sky130_fd_sc_hd__nor4.nor0.D
                vpiActual: Net name:D
        Gate name:buf0 start:55:9 end:55:13:
          vpiParent: Module name:work@sky130_fd_sc_hd__nor4
          vpiName: buf0
          vpiFullName: work@sky130_fd_sc_hd__nor4.buf0
          vpiDefName Identifier name:work@buf start:55:5 end:55:8:
            vpiParent: Gate name:buf0
            vpiName: work@buf
          vpiPrimType: buf (7)
          vpiPrimTerm (2 items):
            PrimTerm start:55:15 end:55:16:
              vpiParent: Gate name:buf0
              vpiDirection: output (2)
              vpiExpr RefObj name:Y start:55:15 end:55:16:
                vpiParent: PrimTerm
                vpiName: Y
                vpiFullName: work@sky130_fd_sc_hd__nor4.buf0.Y
                vpiActual: Net name:Y
            PrimTerm start:55:27 end:55:37:
              vpiParent: Gate name:buf0
              vpiDirection: input (1)
              vpiTermIndex: 1
              vpiExpr RefObj name:nor0_out_Y start:55:27 end:55:37:
                vpiParent: PrimTerm
                vpiName: nor0_out_Y
                vpiFullName: work@sky130_fd_sc_hd__nor4.buf0.nor0_out_Y
                vpiActual: Net name:nor0_out_Y
  vpiTypespec (1 items):
    ModuleTypespec name:work@sky130_fd_sc_hd__nor4:
      vpiParent: Design name:unnamed
      vpiName Identifier name:work@sky130_fd_sc_hd__nor4 start:35:8 end:35:29:
        vpiParent: ModuleTypespec name:work@sky130_fd_sc_hd__nor4
        vpiName: work@sky130_fd_sc_hd__nor4
      vpiModule: Module name:work@sky130_fd_sc_hd__nor4
===================
[  FATAL] : 0
[ SYNTAX] : 0
[  ERROR] : 0
[WARNING] : 0
[   NOTE] : 0
********************************************************************************
*                    End HLC SystemVerilog Compiler/Linter                     *
********************************************************************************

#**#**#**#**#**#**#**#**#**#**#**#**#**#**#**#**#**#**#**#**#**#**#**#**#**#**#**#**#**#**#**#**#**#**#**#**#**#**#**#**

Environment:
      test-name: Sky130Cell/cells/cells/sky130_fd_sc_hd__nor4.functional
   test-dirpath: ${HLC_DIR}/regression/Sky130Cell/cells/cells/sky130_fd_sc_hd__nor4.functional
  hldb-filepath: ${HLC_DIR}/regression/Sky130Cell/cells/cells/sky130_fd_sc_hd__nor4.functional/design.hldb
mounts-filepath: ${HLC_DIR}/regression/Sky130Cell/cells/cells/sky130_fd_sc_hd__nor4.functional/mounts.json


{'result': {'coverage': 71.01,
            'error_count': 0,
            'file_count': 1,
            'files': {'$Output/lib/work/cells/cells/sky130_fd_sc_hd__nor4.functional.v': {'post_len': 80,
                                                                                          'pre_len': 276}},
            'post_len': 80,
            'pre_len': 276,
            'test_name': 'Sky130Cell/cells/cells/sky130_fd_sc_hd__nor4.functional'}}

+-----------------------------------------------------------------+----------+-----------+
| INPUT                                                           |   PRELEN |   POSTLEN |
+=================================================================+==========+===========+
| $Output/lib/work/cells/cells/sky130_fd_sc_hd__nor4.functional.v |      276 |        80 |
+=================================================================+==========+===========+
|                                                                 |      276 |        80 |
+-----------------------------------------------------------------+----------+-----------+

[   ERROR] : 0
[COVERAGE] : 71.01


#**#**#**#**#**#**#**#**#**#**#**#**#**#**#**#**#**#**#**#**#**#**#**#**#**#**#**#**#**#**#**#**#**#**#**#**#**#**#**#**

COMMAND: ${HLC_DIR}/regression/Sky130Cell/cells/cells/sky130_fd_sc_hd__nor4.functional/design.hldb ${HLC_DIR}/regression/Sky130Cell/cells/cells/sky130_fd_sc_hd__nor4.functional/reduced.hldb

==================== BEGIN REDUCTION RESULT ====================
Name                            Before   After   Added   Removed
----------------------------------------------------------------
----------------------------------------------------------------
Others                              55      55       0         0
----------------------------------------------------------------
                                    55      55       0         0
===================== END REDUCTION RESULT =====================
