********************************************************************************
*                   Begin HLC SystemVerilog Compiler/Linter                    *
********************************************************************************
Copyright (c) 2020 Apotell,
http://www.apache.org/licenses/LICENSE-2.0
VERSION: 1.84
COMMAND: -wd ../../../../tests/Google/chapter-11 -timescale=1ns/1ns -d ast -d db -nobuiltin 11.4.12.1--nested_repl_op-sim.sv -wd ${HLC_DIR}/third_party/UVM -I1800.2-2017-1.0/src -mt 0 -mp 0 -d dbstats -d cache -d db -nostdout -o ${HLC_DIR}/regression/Google/chapter-11/11.4.12.1--nested_repl_op-sim
[INF:CM0023] Creating log file "$Output/hlc.log".
[INF:PP0122] Preprocessing source file "$Source01/11.4.12.1--nested_repl_op-sim.sv".
[INF:PA0201] Parsing source file "$Source01/11.4.12.1--nested_repl_op-sim.sv".
AST_DEBUG_BEGIN
Count: 184
LIB: work
FILE: f<14>:$Source01/11.4.12.1--nested_repl_op-sim.sv
n<$Source01/11.4.12.1--nested_repl_op-sim.sv> u<183> t<Top_level_rule> c<1> l<16:1> el<30:1>
  n<> u<1> t<Null_rule> p<183> s<2> l<16:1> el<16:1>
  n<// Copyright (C) 2019-2021  The SymbiFlow Authors.> u<2> t<LINE_COMMENT> p<183> s<3> l<1:1> el<1:51>
  n<//> u<3> t<LINE_COMMENT> p<183> s<4> l<2:1> el<2:3>
  n<// Use of this source code is governed by a ISC-style> u<4> t<LINE_COMMENT> p<183> s<5> l<3:1> el<3:54>
  n<// license that can be found in the LICENSE file or at> u<5> t<LINE_COMMENT> p<183> s<6> l<4:1> el<4:55>
  n<// https://opensource.org/licenses/ISC> u<6> t<LINE_COMMENT> p<183> s<7> l<5:1> el<5:39>
  n<//> u<7> t<LINE_COMMENT> p<183> s<8> l<6:1> el<6:3>
  n<// SPDX-License-Identifier: ISC> u<8> t<LINE_COMMENT> p<183> s<9> l<7:1> el<7:32>
  n</*\n:name: nested_repl_op_sim\n:description: nested replication operator simulation test\n:type: simulation parsing\n:tags: 11.4.12.1\n*/> u<9> t<BLOCK_COMMENT> p<183> s<182> l<16:1> el<29:10>
  n<> u<182> t<Source_text> p<183> c<181> l<16:1> el<29:10>
    n<> u<181> t<Description> p<182> c<180> l<16:1> el<29:10>
      n<> u<180> t<Module_declaration> p<181> c<14> l<16:1> el<29:10>
        n<> u<14> t<Module_nonansi_header> p<180> c<10> s<37> l<16:1> el<16:14>
          n<module> u<10> t<MODULE> p<14> s<11> l<16:1> el<16:7>
          n<top> u<11> t<SIMPLE_IDENTIFIER> p<14> s<12> l<16:8> el<16:11>
          n<> u<12> t<Package_import_declaration_list> p<14> s<13> l<16:11> el<16:11>
          n<> u<13> t<Port_list> p<14> l<16:11> el<16:13>
        n<> u<37> t<Module_item> p<180> c<36> s<64> l<18:1> el<18:14>
          n<> u<36> t<Non_port_module_item> p<37> c<35> l<18:1> el<18:14>
            n<> u<35> t<Module_or_generate_item> p<36> c<34> l<18:1> el<18:14>
              n<> u<34> t<Module_common_item> p<35> c<33> l<18:1> el<18:14>
                n<> u<33> t<Module_or_generate_item_declaration> p<34> c<32> l<18:1> el<18:14>
                  n<> u<32> t<Package_or_generate_item_declaration> p<33> c<31> l<18:1> el<18:14>
                    n<> u<31> t<Data_declaration> p<32> c<30> l<18:1> el<18:14>
                      n<> u<30> t<Variable_declaration> p<31> c<26> l<18:1> el<18:14>
                        n<> u<26> t<Data_type> p<30> c<15> s<29> l<18:1> el<18:11>
                          n<> u<15> t<BIT> p<26> s<25> l<18:1> el<18:4>
                          n<> u<25> t<Packed_dimension> p<26> c<24> l<18:5> el<18:11>
                            n<> u<24> t<Constant_range> p<25> c<19> l<18:6> el<18:10>
                              n<> u<19> t<Constant_expression> p<24> c<18> s<23> l<18:6> el<18:8>
                                n<> u<18> t<Constant_primary> p<19> c<17> l<18:6> el<18:8>
                                  n<> u<17> t<Primary_literal> p<18> c<16> l<18:6> el<18:8>
                                    n<15> u<16> t<INTEGRAL_NUMBER> p<17> l<18:6> el<18:8>
                              n<> u<23> t<Constant_expression> p<24> c<22> l<18:9> el<18:10>
                                n<> u<22> t<Constant_primary> p<23> c<21> l<18:9> el<18:10>
                                  n<> u<21> t<Primary_literal> p<22> c<20> l<18:9> el<18:10>
                                    n<0> u<20> t<INTEGRAL_NUMBER> p<21> l<18:9> el<18:10>
                        n<> u<29> t<Variable_decl_assignment_list> p<30> c<28> l<18:12> el<18:13>
                          n<> u<28> t<Variable_decl_assignment> p<29> c<27> l<18:12> el<18:13>
                            n<a> u<27> t<SIMPLE_IDENTIFIER> p<28> l<18:12> el<18:13>
        n<> u<64> t<Module_item> p<180> c<63> s<91> l<20:1> el<20:21>
          n<> u<63> t<Non_port_module_item> p<64> c<62> l<20:1> el<20:21>
            n<> u<62> t<Module_or_generate_item> p<63> c<61> l<20:1> el<20:21>
              n<> u<61> t<Module_common_item> p<62> c<60> l<20:1> el<20:21>
                n<> u<60> t<Module_or_generate_item_declaration> p<61> c<59> l<20:1> el<20:21>
                  n<> u<59> t<Package_or_generate_item_declaration> p<60> c<58> l<20:1> el<20:21>
                    n<> u<58> t<Data_declaration> p<59> c<57> l<20:1> el<20:21>
                      n<> u<57> t<Variable_declaration> p<58> c<49> l<20:1> el<20:21>
                        n<> u<49> t<Data_type> p<57> c<38> s<56> l<20:1> el<20:10>
                          n<> u<38> t<BIT> p<49> s<48> l<20:1> el<20:4>
                          n<> u<48> t<Packed_dimension> p<49> c<47> l<20:5> el<20:10>
                            n<> u<47> t<Constant_range> p<48> c<42> l<20:6> el<20:9>
                              n<> u<42> t<Constant_expression> p<47> c<41> s<46> l<20:6> el<20:7>
                                n<> u<41> t<Constant_primary> p<42> c<40> l<20:6> el<20:7>
                                  n<> u<40> t<Primary_literal> p<41> c<39> l<20:6> el<20:7>
                                    n<1> u<39> t<INTEGRAL_NUMBER> p<40> l<20:6> el<20:7>
                              n<> u<46> t<Constant_expression> p<47> c<45> l<20:8> el<20:9>
                                n<> u<45> t<Constant_primary> p<46> c<44> l<20:8> el<20:9>
                                  n<> u<44> t<Primary_literal> p<45> c<43> l<20:8> el<20:9>
                                    n<0> u<43> t<INTEGRAL_NUMBER> p<44> l<20:8> el<20:9>
                        n<> u<56> t<Variable_decl_assignment_list> p<57> c<55> l<20:11> el<20:20>
                          n<> u<55> t<Variable_decl_assignment> p<56> c<50> l<20:11> el<20:20>
                            n<b> u<50> t<SIMPLE_IDENTIFIER> p<55> s<54> l<20:11> el<20:12>
                            n<> u<54> t<Expression> p<55> c<53> l<20:15> el<20:20>
                              n<> u<53> t<Primary> p<54> c<52> l<20:15> el<20:20>
                                n<> u<52> t<Primary_literal> p<53> c<51> l<20:15> el<20:20>
                                  n<2'b10> u<51> t<INTEGRAL_NUMBER> p<52> l<20:15> el<20:20>
        n<> u<91> t<Module_item> p<180> c<90> s<118> l<21:1> el<21:21>
          n<> u<90> t<Non_port_module_item> p<91> c<89> l<21:1> el<21:21>
            n<> u<89> t<Module_or_generate_item> p<90> c<88> l<21:1> el<21:21>
              n<> u<88> t<Module_common_item> p<89> c<87> l<21:1> el<21:21>
                n<> u<87> t<Module_or_generate_item_declaration> p<88> c<86> l<21:1> el<21:21>
                  n<> u<86> t<Package_or_generate_item_declaration> p<87> c<85> l<21:1> el<21:21>
                    n<> u<85> t<Data_declaration> p<86> c<84> l<21:1> el<21:21>
                      n<> u<84> t<Variable_declaration> p<85> c<76> l<21:1> el<21:21>
                        n<> u<76> t<Data_type> p<84> c<65> s<83> l<21:1> el<21:10>
                          n<> u<65> t<BIT> p<76> s<75> l<21:1> el<21:4>
                          n<> u<75> t<Packed_dimension> p<76> c<74> l<21:5> el<21:10>
                            n<> u<74> t<Constant_range> p<75> c<69> l<21:6> el<21:9>
                              n<> u<69> t<Constant_expression> p<74> c<68> s<73> l<21:6> el<21:7>
                                n<> u<68> t<Constant_primary> p<69> c<67> l<21:6> el<21:7>
                                  n<> u<67> t<Primary_literal> p<68> c<66> l<21:6> el<21:7>
                                    n<1> u<66> t<INTEGRAL_NUMBER> p<67> l<21:6> el<21:7>
                              n<> u<73> t<Constant_expression> p<74> c<72> l<21:8> el<21:9>
                                n<> u<72> t<Constant_primary> p<73> c<71> l<21:8> el<21:9>
                                  n<> u<71> t<Primary_literal> p<72> c<70> l<21:8> el<21:9>
                                    n<0> u<70> t<INTEGRAL_NUMBER> p<71> l<21:8> el<21:9>
                        n<> u<83> t<Variable_decl_assignment_list> p<84> c<82> l<21:11> el<21:20>
                          n<> u<82> t<Variable_decl_assignment> p<83> c<77> l<21:11> el<21:20>
                            n<c> u<77> t<SIMPLE_IDENTIFIER> p<82> s<81> l<21:11> el<21:12>
                            n<> u<81> t<Expression> p<82> c<80> l<21:15> el<21:20>
                              n<> u<80> t<Primary> p<81> c<79> l<21:15> el<21:20>
                                n<> u<79> t<Primary_literal> p<80> c<78> l<21:15> el<21:20>
                                  n<2'b01> u<78> t<INTEGRAL_NUMBER> p<79> l<21:15> el<21:20>
        n<> u<118> t<Module_item> p<180> c<117> s<178> l<22:1> el<22:23>
          n<> u<117> t<Non_port_module_item> p<118> c<116> l<22:1> el<22:23>
            n<> u<116> t<Module_or_generate_item> p<117> c<115> l<22:1> el<22:23>
              n<> u<115> t<Module_common_item> p<116> c<114> l<22:1> el<22:23>
                n<> u<114> t<Module_or_generate_item_declaration> p<115> c<113> l<22:1> el<22:23>
                  n<> u<113> t<Package_or_generate_item_declaration> p<114> c<112> l<22:1> el<22:23>
                    n<> u<112> t<Data_declaration> p<113> c<111> l<22:1> el<22:23>
                      n<> u<111> t<Variable_declaration> p<112> c<103> l<22:1> el<22:23>
                        n<> u<103> t<Data_type> p<111> c<92> s<110> l<22:1> el<22:10>
                          n<> u<92> t<BIT> p<103> s<102> l<22:1> el<22:4>
                          n<> u<102> t<Packed_dimension> p<103> c<101> l<22:5> el<22:10>
                            n<> u<101> t<Constant_range> p<102> c<96> l<22:6> el<22:9>
                              n<> u<96> t<Constant_expression> p<101> c<95> s<100> l<22:6> el<22:7>
                                n<> u<95> t<Constant_primary> p<96> c<94> l<22:6> el<22:7>
                                  n<> u<94> t<Primary_literal> p<95> c<93> l<22:6> el<22:7>
                                    n<3> u<93> t<INTEGRAL_NUMBER> p<94> l<22:6> el<22:7>
                              n<> u<100> t<Constant_expression> p<101> c<99> l<22:8> el<22:9>
                                n<> u<99> t<Constant_primary> p<100> c<98> l<22:8> el<22:9>
                                  n<> u<98> t<Primary_literal> p<99> c<97> l<22:8> el<22:9>
                                    n<0> u<97> t<INTEGRAL_NUMBER> p<98> l<22:8> el<22:9>
                        n<> u<110> t<Variable_decl_assignment_list> p<111> c<109> l<22:11> el<22:22>
                          n<> u<109> t<Variable_decl_assignment> p<110> c<104> l<22:11> el<22:22>
                            n<d> u<104> t<SIMPLE_IDENTIFIER> p<109> s<108> l<22:11> el<22:12>
                            n<> u<108> t<Expression> p<109> c<107> l<22:15> el<22:22>
                              n<> u<107> t<Primary> p<108> c<106> l<22:15> el<22:22>
                                n<> u<106> t<Primary_literal> p<107> c<105> l<22:15> el<22:22>
                                  n<4'b1111> u<105> t<INTEGRAL_NUMBER> p<106> l<22:15> el<22:22>
        n<> u<178> t<Module_item> p<180> c<177> s<179> l<24:1> el<27:4>
          n<> u<177> t<Non_port_module_item> p<178> c<176> l<24:1> el<27:4>
            n<> u<176> t<Module_or_generate_item> p<177> c<175> l<24:1> el<27:4>
              n<> u<175> t<Module_common_item> p<176> c<174> l<24:1> el<27:4>
                n<> u<174> t<Initial_construct> p<175> c<173> l<24:1> el<27:4>
                  n<> u<173> t<Statement_or_null> p<174> c<172> l<24:9> el<27:4>
                    n<> u<172> t<Statement> p<173> c<171> l<24:9> el<27:4>
                      n<> u<171> t<Statement_item> p<172> c<170> l<24:9> el<27:4>
                        n<> u<170> t<Seq_block> p<171> c<151> l<24:9> el<27:4>
                          n<> u<151> t<Statement_or_null> p<170> c<150> s<168> l<25:2> el<25:21>
                            n<> u<150> t<Statement> p<151> c<149> l<25:2> el<25:21>
                              n<> u<149> t<Statement_item> p<150> c<148> l<25:2> el<25:21>
                                n<> u<148> t<Blocking_assignment> p<149> c<147> l<25:2> el<25:20>
                                  n<> u<147> t<Variable_assignment> p<148> c<123> l<25:2> el<25:20>
                                    n<> u<123> t<Variable_lvalue> p<147> c<120> s<146> l<25:2> el<25:3>
                                      n<> u<120> t<Ps_or_hierarchical_identifier> p<123> c<119> s<122> l<25:2> el<25:3>
                                        n<a> u<119> t<SIMPLE_IDENTIFIER> p<120> l<25:2> el<25:3>
                                      n<> u<122> t<Select> p<123> c<121> l<25:4> el<25:4>
                                        n<> u<121> t<Bit_select> p<122> l<25:4> el<25:4>
                                    n<> u<146> t<Expression> p<147> c<145> l<25:6> el<25:20>
                                      n<> u<145> t<Primary> p<146> c<144> l<25:6> el<25:20>
                                        n<> u<144> t<Concatenation> p<145> c<139> l<25:6> el<25:20>
                                          n<> u<139> t<Expression> p<144> c<138> s<143> l<25:7> el<25:16>
                                            n<> u<138> t<Primary> p<139> c<137> l<25:7> el<25:16>
                                              n<> u<137> t<Multiple_concatenation> p<138> c<127> l<25:7> el<25:16>
                                                n<> u<127> t<Expression> p<137> c<126> s<136> l<25:8> el<25:9>
                                                  n<> u<126> t<Primary> p<127> c<125> l<25:8> el<25:9>
                                                    n<> u<125> t<Primary_literal> p<126> c<124> l<25:8> el<25:9>
                                                      n<3> u<124> t<INTEGRAL_NUMBER> p<125> l<25:8> el<25:9>
                                                n<> u<136> t<Concatenation> p<137> c<131> l<25:9> el<25:15>
                                                  n<> u<131> t<Expression> p<136> c<130> s<135> l<25:10> el<25:11>
                                                    n<> u<130> t<Primary> p<131> c<129> l<25:10> el<25:11>
                                                      n<> u<129> t<Primary_literal> p<130> c<128> l<25:10> el<25:11>
                                                        n<b> u<128> t<SIMPLE_IDENTIFIER> p<129> l<25:10> el<25:11>
                                                  n<> u<135> t<Expression> p<136> c<134> l<25:13> el<25:14>
                                                    n<> u<134> t<Primary> p<135> c<133> l<25:13> el<25:14>
                                                      n<> u<133> t<Primary_literal> p<134> c<132> l<25:13> el<25:14>
                                                        n<c> u<132> t<SIMPLE_IDENTIFIER> p<133> l<25:13> el<25:14>
                                          n<> u<143> t<Expression> p<144> c<142> l<25:18> el<25:19>
                                            n<> u<142> t<Primary> p<143> c<141> l<25:18> el<25:19>
                                              n<> u<141> t<Primary_literal> p<142> c<140> l<25:18> el<25:19>
                                                n<d> u<140> t<SIMPLE_IDENTIFIER> p<141> l<25:18> el<25:19>
                          n<> u<168> t<Statement_or_null> p<170> c<167> s<169> l<26:5> el<26:56>
                            n<> u<167> t<Statement> p<168> c<166> l<26:5> el<26:56>
                              n<> u<166> t<Statement_item> p<167> c<165> l<26:5> el<26:56>
                                n<> u<165> t<Subroutine_call_statement> p<166> c<164> l<26:5> el<26:56>
                                  n<> u<164> t<Subroutine_call> p<165> c<152> l<26:5> el<26:55>
                                    n<$> u<152> t<DOLLAR> p<164> s<153> l<26:5> el<26:6>
                                    n<display> u<153> t<SIMPLE_IDENTIFIER> p<164> s<163> l<26:6> el<26:13>
                                    n<> u<163> t<Argument_list> p<164> c<157> l<26:14> el<26:54>
                                      n<> u<157> t<Expression> p<163> c<156> s<162> l<26:14> el<26:51>
                                        n<> u<156> t<Primary> p<157> c<155> l<26:14> el<26:51>
                                          n<> u<155> t<Primary_literal> p<156> c<154> l<26:14> el<26:51>
                                            n<":assert: (0b1001100110011111 == %d)"> u<154> t<QUOTED_STRING> p<155> l<26:14> el<26:51>
                                      n<> u<162> t<Argument> p<163> c<161> l<26:53> el<26:54>
                                        n<> u<161> t<Expression> p<162> c<160> l<26:53> el<26:54>
                                          n<> u<160> t<Primary> p<161> c<159> l<26:53> el<26:54>
                                            n<> u<159> t<Primary_literal> p<160> c<158> l<26:53> el<26:54>
                                              n<a> u<158> t<SIMPLE_IDENTIFIER> p<159> l<26:53> el<26:54>
                          n<> u<169> t<END> p<170> l<27:1> el<27:4>
        n<> u<179> t<ENDMODULE> p<180> l<29:1> el<29:10>
AST_DEBUG_END
[INF:CP0303] $Source01/11.4.12.1--nested_repl_op-sim.sv:16:1: Compile module "top".
[INF:CM0029] Using global timescale: "1ns/1ns".
====== HLDB =======
Design name:unnamed:
  vpiName: unnamed
  vpiSourceFile (1 items):
    SourceFile name:11.4.12.1--nested_repl_op-sim.sv file:$Source01/11.4.12.1--nested_repl_op-sim.sv:
      vpiParent: Design name:unnamed
      vpiName: "11.4.12.1--nested_repl_op-sim.sv"
      vpiPreprocFile: "$Output/lib/work/11.4.12.1--nested_repl_op-sim.sv"
  vpiAllModules (1 items):
    Module name:top file:$Source01/11.4.12.1--nested_repl_op-sim.sv start:16:1 end:29:10:
      vpiParent: Design name:unnamed
      vpiName Identifier name:top start:16:8 end:16:11:
        vpiParent: Module name:top
        vpiName: top
      vpiFullName: top
      vpiVariable (4 items):
        Variable name:a start:18:12 end:18:13:
          vpiParent: Module name:top
          vpiTypespec RefTypespec start:18:1 end:18:11:
            vpiParent: Variable name:a
            vpiFullName: top.a
            vpiActual: BitTypespec
          vpiName: a
          vpiFullName: top.a
          vpiVector: true
        Variable name:b start:20:11 end:20:12:
          vpiParent: Module name:top
          vpiTypespec RefTypespec start:20:1 end:20:10:
            vpiParent: Variable name:b
            vpiFullName: top.b
            vpiActual: BitTypespec
          vpiName: b
          vpiFullName: top.b
          vpiVector: true
          vpiValue Constant start:20:15 end:20:20:
            vpiParent: Variable name:b
            vpiTypespec RefTypespec:
              vpiParent: Constant
              vpiFullName: top.b
              vpiActual: LogicTypespec
            vpiConstType: binary (3)
            vpiSize: 2
            vpiDecompile: "2'b10"
            vpiValue: "10"
        Variable name:c start:21:11 end:21:12:
          vpiParent: Module name:top
          vpiTypespec RefTypespec start:21:1 end:21:10:
            vpiParent: Variable name:c
            vpiFullName: top.c
            vpiActual: BitTypespec
          vpiName: c
          vpiFullName: top.c
          vpiVector: true
          vpiValue Constant start:21:15 end:21:20:
            vpiParent: Variable name:c
            vpiTypespec RefTypespec:
              vpiParent: Constant
              vpiFullName: top.c
              vpiActual: LogicTypespec
            vpiConstType: binary (3)
            vpiSize: 2
            vpiDecompile: "2'b01"
            vpiValue: "01"
        Variable name:d start:22:11 end:22:12:
          vpiParent: Module name:top
          vpiTypespec RefTypespec start:22:1 end:22:10:
            vpiParent: Variable name:d
            vpiFullName: top.d
            vpiActual: BitTypespec
          vpiName: d
          vpiFullName: top.d
          vpiVector: true
          vpiValue Constant start:22:15 end:22:22:
            vpiParent: Variable name:d
            vpiTypespec RefTypespec:
              vpiParent: Constant
              vpiFullName: top.d
              vpiActual: LogicTypespec
            vpiConstType: binary (3)
            vpiSize: 4
            vpiDecompile: "4'b1111"
            vpiValue: "1111"
      vpiTypespec (4 items):
        BitTypespec:
          vpiParent: Module name:top
          vpiRange (1 items):
            Range start:18:5 end:18:11:
              vpiParent: BitTypespec
              vpiLeftRange Constant start:18:6 end:18:8:
                vpiParent: Range
                vpiTypespec RefTypespec:
                  vpiParent: Constant
                  vpiFullName: top
                  vpiActual: IntTypespec
                vpiConstType: unsigned int (9)
                vpiSize: 64
                vpiDecompile: "15"
                vpiValue: 15
              vpiRightRange Constant start:18:9 end:18:10:
                vpiParent: Range
                vpiTypespec RefTypespec:
                  vpiParent: Constant
                  vpiFullName: top
                  vpiActual: IntTypespec
                vpiConstType: unsigned int (9)
                vpiSize: 64
                vpiDecompile: "0"
                vpiValue: 0
          vpiVector: true
        BitTypespec:
          vpiParent: Module name:top
          vpiRange (1 items):
            Range start:20:5 end:20:10:
              vpiParent: BitTypespec
              vpiLeftRange Constant start:20:6 end:20:7:
                vpiParent: Range
                vpiTypespec RefTypespec:
                  vpiParent: Constant
                  vpiFullName: top
                  vpiActual: IntTypespec
                vpiConstType: unsigned int (9)
                vpiSize: 64
                vpiDecompile: "1"
                vpiValue: 1
              vpiRightRange Constant start:20:8 end:20:9:
                vpiParent: Range
                vpiTypespec RefTypespec:
                  vpiParent: Constant
                  vpiFullName: top
                  vpiActual: IntTypespec
                vpiConstType: unsigned int (9)
                vpiSize: 64
                vpiDecompile: "0"
                vpiValue: 0
          vpiVector: true
        BitTypespec:
          vpiParent: Module name:top
          vpiRange (1 items):
            Range start:21:5 end:21:10:
              vpiParent: BitTypespec
              vpiLeftRange Constant start:21:6 end:21:7:
                vpiParent: Range
                vpiTypespec RefTypespec:
                  vpiParent: Constant
                  vpiFullName: top
                  vpiActual: IntTypespec
                vpiConstType: unsigned int (9)
                vpiSize: 64
                vpiDecompile: "1"
                vpiValue: 1
              vpiRightRange Constant start:21:8 end:21:9:
                vpiParent: Range
                vpiTypespec RefTypespec:
                  vpiParent: Constant
                  vpiFullName: top
                  vpiActual: IntTypespec
                vpiConstType: unsigned int (9)
                vpiSize: 64
                vpiDecompile: "0"
                vpiValue: 0
          vpiVector: true
        BitTypespec:
          vpiParent: Module name:top
          vpiRange (1 items):
            Range start:22:5 end:22:10:
              vpiParent: BitTypespec
              vpiLeftRange Constant start:22:6 end:22:7:
                vpiParent: Range
                vpiTypespec RefTypespec:
                  vpiParent: Constant
                  vpiFullName: top
                  vpiActual: IntTypespec
                vpiConstType: unsigned int (9)
                vpiSize: 64
                vpiDecompile: "3"
                vpiValue: 3
              vpiRightRange Constant start:22:8 end:22:9:
                vpiParent: Range
                vpiTypespec RefTypespec:
                  vpiParent: Constant
                  vpiFullName: top
                  vpiActual: IntTypespec
                vpiConstType: unsigned int (9)
                vpiSize: 64
                vpiDecompile: "0"
                vpiValue: 0
          vpiVector: true
      vpiDefName: top
      vpiDefNetType: wire (1)
      vpiLibrary RefObj name:work:
        vpiParent: Module name:top
        vpiName: work
        vpiFullName: top.work
      vpiCell: top
      vpiProcess (1 items):
        Initial start:24:1 end:27:4:
          vpiParent: Module name:top
          vpiStmt Begin start:24:9 end:27:4:
            vpiParent: Initial
            vpiFullName: top
            vpiStmt (2 items):
              Assignment start:25:2 end:25:20:
                vpiParent: Begin
                vpiBlocking: true
                vpiLhs RefObj name:a start:25:2 end:25:3:
                  vpiParent: Assignment
                  vpiName: a
                  vpiFullName: top.a
                  vpiActual: Variable name:a
                vpiRhs Operation start:25:6 end:25:20:
                  vpiParent: Assignment
                  vpiOpType: concatenation (33)
                  vpiOperand (2 items):
                    Operation start:25:7 end:25:16:
                      vpiParent: Operation
                      vpiOpType: multi-concatenation (34)
                      vpiOperand (2 items):
                        Constant start:25:8 end:25:9:
                          vpiParent: Operation
                          vpiTypespec RefTypespec:
                            vpiParent: Constant
                            vpiFullName: top
                            vpiActual: IntTypespec
                          vpiConstType: unsigned int (9)
                          vpiSize: 64
                          vpiDecompile: "3"
                          vpiValue: 3
                        Operation start:25:9 end:25:15:
                          vpiParent: Operation
                          vpiOpType: concatenation (33)
                          vpiOperand (2 items):
                            RefObj name:b start:25:10 end:25:11:
                              vpiParent: Operation
                              vpiName: b
                              vpiFullName: top.b
                              vpiActual: Variable name:b
                            RefObj name:c start:25:13 end:25:14:
                              vpiParent: Operation
                              vpiName: c
                              vpiFullName: top.c
                              vpiActual: Variable name:c
                    RefObj name:d start:25:18 end:25:19:
                      vpiParent: Operation
                      vpiName: d
                      vpiFullName: top.d
                      vpiActual: Variable name:d
              SysTaskCall name:$display start:26:5 end:26:55:
                vpiParent: Begin
                vpiName Identifier name:$display start:26:5 end:26:13:
                  vpiParent: SysTaskCall name:$display
                  vpiName: "$display"
                vpiArgument (2 items):
                  Constant start:26:14 end:26:51:
                    vpiParent: SysTaskCall name:$display
                    vpiTypespec RefTypespec:
                      vpiParent: Constant
                      vpiFullName: top
                      vpiActual: StringTypespec
                    vpiConstType: string (6)
                    vpiSize: 280
                    vpiDecompile: "\":assert: (0b1001100110011111 == %d)\""
                    vpiValue: ":assert: (0b1001100110011111 == %d)"
                  RefObj name:a start:26:53 end:26:54:
                    vpiParent: SysTaskCall name:$display
                    vpiName: a
                    vpiFullName: top.a
                    vpiActual: Variable name:a
  vpiTypespec (4 items):
    ModuleTypespec name:top:
      vpiParent: Design name:unnamed
      vpiName Identifier name:top start:16:8 end:16:11:
        vpiParent: ModuleTypespec name:top
        vpiName: top
      vpiModule: Module name:top
    IntTypespec:
      vpiParent: Design name:unnamed
      vpiSigned: true
    LogicTypespec:
      vpiParent: Design name:unnamed
    StringTypespec:
      vpiParent: Design name:unnamed
===================
[  FATAL] : 0
[ SYNTAX] : 0
[  ERROR] : 0
[WARNING] : 0
[   NOTE] : 0
********************************************************************************
*                    End HLC SystemVerilog Compiler/Linter                     *
********************************************************************************

#**#**#**#**#**#**#**#**#**#**#**#**#**#**#**#**#**#**#**#**#**#**#**#**#**#**#**#**#**#**#**#**#**#**#**#**#**#**#**#**

Environment:
      test-name: Google/chapter-11/11.4.12.1--nested_repl_op-sim
   test-dirpath: ${HLC_DIR}/regression/Google/chapter-11/11.4.12.1--nested_repl_op-sim
  hldb-filepath: ${HLC_DIR}/regression/Google/chapter-11/11.4.12.1--nested_repl_op-sim/design.hldb
mounts-filepath: ${HLC_DIR}/regression/Google/chapter-11/11.4.12.1--nested_repl_op-sim/mounts.json


{'result': {'coverage': 100.0,
            'error_count': 0,
            'file_count': 1,
            'files': {'$Output/lib/work/11.4.12.1--nested_repl_op-sim.sv': {'post_len': 0,
                                                                            'pre_len': 183}},
            'post_len': 0,
            'pre_len': 183,
            'test_name': 'Google/chapter-11/11.4.12.1--nested_repl_op-sim'}}

+---------------------------------------------------+----------+-----------+
| INPUT                                             |   PRELEN |   POSTLEN |
+===================================================+==========+===========+
| $Output/lib/work/11.4.12.1--nested_repl_op-sim.sv |      183 |         0 |
+===================================================+==========+===========+
|                                                   |      183 |         0 |
+---------------------------------------------------+----------+-----------+

[   ERROR] : 0
[COVERAGE] : 100.0


#**#**#**#**#**#**#**#**#**#**#**#**#**#**#**#**#**#**#**#**#**#**#**#**#**#**#**#**#**#**#**#**#**#**#**#**#**#**#**#**

COMMAND: ${HLC_DIR}/regression/Google/chapter-11/11.4.12.1--nested_repl_op-sim/design.hldb ${HLC_DIR}/regression/Google/chapter-11/11.4.12.1--nested_repl_op-sim/reduced.hldb

==================== BEGIN REDUCTION RESULT ====================
Name                            Before   After   Added   Removed
----------------------------------------------------------------
Constant                            13      13       1         1
Operation                            3       0       0         3
RefObj                               6       3       0         3
RefTypespec                         17      16       0         1
----------------------------------------------------------------
Others                              26      26       0         0
----------------------------------------------------------------
                                    65      58       1         8
===================== END REDUCTION RESULT =====================
