[INF:CM0023] Creating log file "$Output/hlc.log".
[INF:CM0020] Separate compilation-unit mode is on.
[INF:CP0303] $Source01/dut.sv:1:1: Compile module "work@fsm_class".
[WRN:PA0205] $Source01/dut.sv:1:1: No timescale set for "work@fsm_class".
====== UHDM =======
Design name:unnamed:
  vpiName: unnamed
  vpiSourceFiles (1 items):
    SourceFile name:dut.sv file:$Source01/dut.sv:
      vpiParent: Design name:unnamed
      vpiName: dut.sv
      vpiPreprocFile: "$Output/lib/work/dut.sv"
      vpiDefNetType: none (12)
  vpiAllModules (1 items):
    Module name:work@fsm_class file:$Source01/dut.sv start:1:1 end:87:10:
      vpiParent: Design name:unnamed
      vpiName Identifier name:work@fsm_class start:1:8 end:1:17:
        vpiParent: Module name:work@fsm_class
        vpiName: work@fsm_class
      vpiFullName: work@fsm_class
      vpiVariable (1 items):
        Variable name:P start:81:15 end:81:16:
          vpiParent: Module name:work@fsm_class
          vpiTypespec RefTypespec name:specificFSM start:81:3 end:81:14:
            vpiParent: Variable name:P
            vpiName: specificFSM
            vpiFullName: work@fsm_class.P.specificFSM
            vpiActual: ClassTypespec name:specificFSM
          vpiName: P
          vpiFullName: work@fsm_class.P
          vpiNetType: none (12)
      vpiTypespec (3 items):
        LogicTypespec:
          vpiParent: Module name:work@fsm_class
        ClassTypespec name:baseFsm:
          vpiParent: Module name:work@fsm_class
          vpiName: baseFsm
          vpiClassDefn: ClassDefn name:baseFsm
        ClassTypespec name:specificFSM:
          vpiParent: Module name:work@fsm_class
          vpiName: specificFSM
          vpiClassDefn: ClassDefn name:specificFSM
      vpiDefName: work@fsm_class
      vpiDefNetType: none (12)
      vpiClassDefn (2 items):
        ClassDefn name:baseFsm file:$Source01/dut.sv start:3:3 end:24:11:
          vpiParent: Module name:work@fsm_class
          vpiName Identifier name:baseFsm start:3:9 end:3:16:
            vpiParent: ClassDefn name:baseFsm
            vpiName: baseFsm
          vpiFullName: work@fsm_class::baseFsm
          vpiVariable (2 items):
            Variable name:current_state start:5:15 end:5:28:
              vpiParent: ClassDefn name:baseFsm
              vpiTypespec RefTypespec start:5:5 end:5:14:
                vpiParent: Variable name:current_state
                vpiFullName: work@fsm_class::baseFsm::current_state
                vpiActual: BitTypespec
              vpiName: current_state
              vpiFullName: work@fsm_class::baseFsm::current_state
            Variable name:next_state start:6:15 end:6:25:
              vpiParent: ClassDefn name:baseFsm
              vpiTypespec RefTypespec start:6:5 end:6:14:
                vpiParent: Variable name:next_state
                vpiFullName: work@fsm_class::baseFsm::next_state
                vpiActual: BitTypespec
              vpiName: next_state
              vpiFullName: work@fsm_class::baseFsm::next_state
          vpiTypespec (2 items):
            BitTypespec:
              vpiParent: ClassDefn name:baseFsm
              vpiRange (1 items):
                Range start:5:9 end:5:14:
                  vpiParent: BitTypespec
                  vpiLeftRange Constant start:5:10 end:5:11:
                    vpiParent: Range
                    vpiTypespec RefTypespec:
                      vpiParent: Constant
                      vpiFullName: work@fsm_class::baseFsm
                      vpiActual: IntTypespec
                    vpiConstType: unsigned int (9)
                    vpiSize: 64
                    vpiDecompile: "3"
                    vpiValue: 3
                  vpiRightRange Constant start:5:12 end:5:13:
                    vpiParent: Range
                    vpiTypespec RefTypespec:
                      vpiParent: Constant
                      vpiFullName: work@fsm_class::baseFsm
                      vpiActual: IntTypespec
                    vpiConstType: unsigned int (9)
                    vpiSize: 64
                    vpiDecompile: "0"
                    vpiValue: 0
              vpiVector: true
            BitTypespec:
              vpiParent: ClassDefn name:baseFsm
              vpiRange (1 items):
                Range start:6:9 end:6:14:
                  vpiParent: BitTypespec
                  vpiLeftRange Constant start:6:10 end:6:11:
                    vpiParent: Range
                    vpiTypespec RefTypespec:
                      vpiParent: Constant
                      vpiFullName: work@fsm_class::baseFsm
                      vpiActual: IntTypespec
                    vpiConstType: unsigned int (9)
                    vpiSize: 64
                    vpiDecompile: "3"
                    vpiValue: 3
                  vpiRightRange Constant start:6:12 end:6:13:
                    vpiParent: Range
                    vpiTypespec RefTypespec:
                      vpiParent: Constant
                      vpiFullName: work@fsm_class::baseFsm
                      vpiActual: IntTypespec
                    vpiConstType: unsigned int (9)
                    vpiSize: 64
                    vpiDecompile: "0"
                    vpiValue: 0
              vpiVector: true
          vpiMethod (2 items):
            Task name:next_state_transition start:8:5 end:14:12:
              vpiParent: ClassDefn name:baseFsm
              vpiName Identifier name:next_state_transition start:8:10 end:8:31:
                vpiParent: Task name:next_state_transition
                vpiName: next_state_transition
              vpiFullName: work@fsm_class::baseFsm::next_state_transition
              vpiIODecl (1 items):
                IODecl name:state_to_bit start:8:43 end:8:55:
                  vpiParent: Task name:next_state_transition
                  vpiName: state_to_bit
                  vpiDirection: input (1)
                  vpiTypespec RefTypespec start:8:39 end:8:42:
                    vpiParent: IODecl name:state_to_bit
                    vpiFullName: work@fsm_class::baseFsm::next_state_transition::state_to_bit
                    vpiActual: IntTypespec
              vpiStmt Begin start:10:7 end:13:10:
                vpiParent: Task name:next_state_transition
                vpiFullName: work@fsm_class::baseFsm::next_state_transition
                vpiTypespec (1 items):
                  BitTypespec:
                    vpiParent: Begin
                vpiStmt (2 items):
                  Assignment start:11:9 end:11:23:
                    vpiParent: Begin
                    vpiBlocking: true
                    vpiLhs RefObj name:next_state start:11:9 end:11:19:
                      vpiParent: Assignment
                      vpiName: next_state
                      vpiFullName: work@fsm_class::baseFsm::next_state_transition::next_state
                      vpiActual: Variable name:next_state
                    vpiRhs Constant start:11:22 end:11:23:
                      vpiParent: Assignment
                      vpiTypespec RefTypespec:
                        vpiParent: Constant
                        vpiFullName: work@fsm_class::baseFsm::next_state_transition
                        vpiActual: IntTypespec
                      vpiConstType: unsigned int (9)
                      vpiSize: 64
                      vpiDecompile: "0"
                      vpiValue: 0
                  Assignment start:12:9 end:12:41:
                    vpiParent: Begin
                    vpiBlocking: true
                    vpiLhs BitSelect name:next_state[state_to_bit] start:12:9 end:12:34:
                      vpiParent: Assignment
                      vpiName: next_state[state_to_bit]
                      vpiFullName: work@fsm_class::baseFsm::next_state_transition::next_state[state_to_bit]
                      vpiPrefix RefObj name:next_state start:12:9 end:12:19:
                        vpiParent: BitSelect name:next_state[state_to_bit]
                        vpiName: next_state
                        vpiFullName: work@fsm_class::baseFsm::next_state_transition::next_state
                        vpiActual: Variable name:next_state
                      vpiIndex RefObj name:state_to_bit start:12:21 end:12:33:
                        vpiParent: BitSelect name:next_state[state_to_bit]
                        vpiName: state_to_bit
                        vpiFullName: work@fsm_class::baseFsm::next_state_transition::state_to_bit
                        vpiActual: IODecl name:state_to_bit
                    vpiRhs Constant start:12:37 end:12:41:
                      vpiParent: Assignment
                      vpiTypespec RefTypespec:
                        vpiParent: Constant
                        vpiFullName: work@fsm_class::baseFsm::next_state_transition
                        vpiActual: BitTypespec
                      vpiConstType: binary (3)
                      vpiSize: 1
                      vpiDecompile: "1'b1"
                      vpiValue: 1
            Task name:current_state_transition start:15:5 end:23:12:
              vpiParent: ClassDefn name:baseFsm
              vpiName Identifier name:current_state_transition start:15:10 end:15:34:
                vpiParent: Task name:current_state_transition
                vpiName: current_state_transition
              vpiFullName: work@fsm_class::baseFsm::current_state_transition
              vpiTypespec (1 items):
                LogicTypespec:
                  vpiParent: Task name:current_state_transition
              vpiIODecl (1 items):
                IODecl name:reset start:15:48 end:15:53:
                  vpiParent: Task name:current_state_transition
                  vpiName: reset
                  vpiDirection: input (1)
                  vpiTypespec RefTypespec start:15:42 end:15:47:
                    vpiParent: IODecl name:reset
                    vpiFullName: work@fsm_class::baseFsm::current_state_transition::reset
                    vpiActual: LogicTypespec
              vpiStmt Begin start:17:7 end:22:10:
                vpiParent: Task name:current_state_transition
                vpiFullName: work@fsm_class::baseFsm::current_state_transition
                vpiStmt (1 items):
                  IfElse start:18:7 end:21:37:
                    vpiParent: Begin
                    vpiCondition RefObj name:reset start:18:11 end:18:16:
                      vpiParent: IfElse
                      vpiName: reset
                      vpiFullName: work@fsm_class::baseFsm::current_state_transition::reset
                      vpiActual: IODecl name:reset
                    vpiStmt Assignment start:19:9 end:19:26:
                      vpiParent: IfElse
                      vpiBlocking: true
                      vpiLhs RefObj name:current_state start:19:9 end:19:22:
                        vpiParent: Assignment
                        vpiName: current_state
                        vpiFullName: work@fsm_class::baseFsm::current_state_transition::current_state
                        vpiActual: Variable name:current_state
                      vpiRhs Constant start:19:25 end:19:26:
                        vpiParent: Assignment
                        vpiTypespec RefTypespec:
                          vpiParent: Constant
                          vpiFullName: work@fsm_class::baseFsm::current_state_transition
                          vpiActual: IntTypespec
                        vpiConstType: unsigned int (9)
                        vpiSize: 64
                        vpiDecompile: "0"
                        vpiValue: 0
                    vpiElseStmt Assignment start:21:9 end:21:36:
                      vpiParent: IfElse
                      vpiLhs RefObj name:current_state start:21:9 end:21:22:
                        vpiParent: Assignment
                        vpiName: current_state
                        vpiFullName: work@fsm_class::baseFsm::current_state_transition::current_state
                        vpiActual: Variable name:current_state
                      vpiRhs RefObj name:next_state start:21:26 end:21:36:
                        vpiParent: Assignment
                        vpiName: next_state
                        vpiFullName: work@fsm_class::baseFsm::current_state_transition::next_state
                        vpiActual: Variable name:next_state
        ClassDefn name:specificFSM file:$Source01/dut.sv start:26:3 end:79:11:
          vpiParent: Module name:work@fsm_class
          vpiName Identifier name:specificFSM start:26:9 end:26:20:
            vpiParent: ClassDefn name:specificFSM
            vpiName: specificFSM
          vpiFullName: work@fsm_class::specificFSM
          vpiParameter (4 items):
            Parameter name:STATE_00_BIT start:28:17 end:28:29:
              vpiParent: ClassDefn name:specificFSM
              vpiTypespec RefTypespec start:28:17 end:28:17:
                vpiParent: Parameter name:STATE_00_BIT
                vpiFullName: work@fsm_class::specificFSM::STATE_00_BIT
                vpiActual: LogicTypespec
              vpiName: STATE_00_BIT
              vpiFullName: work@fsm_class::specificFSM::STATE_00_BIT
              vpiLocalParam: true
            Parameter name:STATE_01_BIT start:29:17 end:29:29:
              vpiParent: ClassDefn name:specificFSM
              vpiTypespec RefTypespec start:29:17 end:29:17:
                vpiParent: Parameter name:STATE_01_BIT
                vpiFullName: work@fsm_class::specificFSM::STATE_01_BIT
                vpiActual: LogicTypespec
              vpiName: STATE_01_BIT
              vpiFullName: work@fsm_class::specificFSM::STATE_01_BIT
              vpiLocalParam: true
            Parameter name:STATE_10_BIT start:30:17 end:30:29:
              vpiParent: ClassDefn name:specificFSM
              vpiTypespec RefTypespec start:30:17 end:30:17:
                vpiParent: Parameter name:STATE_10_BIT
                vpiFullName: work@fsm_class::specificFSM::STATE_10_BIT
                vpiActual: LogicTypespec
              vpiName: STATE_10_BIT
              vpiFullName: work@fsm_class::specificFSM::STATE_10_BIT
              vpiLocalParam: true
            Parameter name:STATE_11_BIT start:31:17 end:31:29:
              vpiParent: ClassDefn name:specificFSM
              vpiTypespec RefTypespec start:31:17 end:31:17:
                vpiParent: Parameter name:STATE_11_BIT
                vpiFullName: work@fsm_class::specificFSM::STATE_11_BIT
                vpiActual: LogicTypespec
              vpiName: STATE_11_BIT
              vpiFullName: work@fsm_class::specificFSM::STATE_11_BIT
              vpiLocalParam: true
          vpiParamAssign (4 items):
            ParamAssign start:28:17 end:28:33:
              vpiParent: ClassDefn name:specificFSM
              vpiLhs RefObj name:STATE_00_BIT start:28:17 end:28:29:
                vpiParent: ParamAssign
                vpiName: STATE_00_BIT
                vpiFullName: work@fsm_class::specificFSM::STATE_00_BIT
                vpiActual: Parameter name:STATE_00_BIT
              vpiRhs Constant start:28:32 end:28:33:
                vpiParent: ParamAssign
                vpiTypespec RefTypespec:
                  vpiParent: Constant
                  vpiFullName: work@fsm_class::specificFSM
                  vpiActual: IntTypespec
                vpiConstType: unsigned int (9)
                vpiSize: 64
                vpiDecompile: "0"
                vpiValue: 0
            ParamAssign start:29:17 end:29:33:
              vpiParent: ClassDefn name:specificFSM
              vpiLhs RefObj name:STATE_01_BIT start:29:17 end:29:29:
                vpiParent: ParamAssign
                vpiName: STATE_01_BIT
                vpiFullName: work@fsm_class::specificFSM::STATE_01_BIT
                vpiActual: Parameter name:STATE_01_BIT
              vpiRhs Constant start:29:32 end:29:33:
                vpiParent: ParamAssign
                vpiTypespec RefTypespec:
                  vpiParent: Constant
                  vpiFullName: work@fsm_class::specificFSM
                  vpiActual: IntTypespec
                vpiConstType: unsigned int (9)
                vpiSize: 64
                vpiDecompile: "1"
                vpiValue: 1
            ParamAssign start:30:17 end:30:33:
              vpiParent: ClassDefn name:specificFSM
              vpiLhs RefObj name:STATE_10_BIT start:30:17 end:30:29:
                vpiParent: ParamAssign
                vpiName: STATE_10_BIT
                vpiFullName: work@fsm_class::specificFSM::STATE_10_BIT
                vpiActual: Parameter name:STATE_10_BIT
              vpiRhs Constant start:30:32 end:30:33:
                vpiParent: ParamAssign
                vpiTypespec RefTypespec:
                  vpiParent: Constant
                  vpiFullName: work@fsm_class::specificFSM
                  vpiActual: IntTypespec
                vpiConstType: unsigned int (9)
                vpiSize: 64
                vpiDecompile: "2"
                vpiValue: 2
            ParamAssign start:31:17 end:31:33:
              vpiParent: ClassDefn name:specificFSM
              vpiLhs RefObj name:STATE_11_BIT start:31:17 end:31:29:
                vpiParent: ParamAssign
                vpiName: STATE_11_BIT
                vpiFullName: work@fsm_class::specificFSM::STATE_11_BIT
                vpiActual: Parameter name:STATE_11_BIT
              vpiRhs Constant start:31:32 end:31:33:
                vpiParent: ParamAssign
                vpiTypespec RefTypespec:
                  vpiParent: Constant
                  vpiFullName: work@fsm_class::specificFSM
                  vpiActual: IntTypespec
                vpiConstType: unsigned int (9)
                vpiSize: 64
                vpiDecompile: "3"
                vpiValue: 3
          vpiTypespec (2 items):
            ClassTypespec name:baseFsm start:26:29 end:26:36:
              vpiParent: ClassDefn name:specificFSM
              vpiName: baseFsm
              vpiClassDefn: ClassDefn name:baseFsm
            LogicTypespec:
              vpiParent: ClassDefn name:specificFSM
          vpiExtends Extends start:26:21 end:26:28:
            vpiParent: ClassDefn name:specificFSM
            vpiClassTypespec RefTypespec name:baseFsm start:26:29 end:26:36:
              vpiParent: Extends
              vpiName: baseFsm
              vpiFullName: work@fsm_class::specificFSM::baseFsm
              vpiActual: ClassTypespec name:baseFsm
          vpiMethod (5 items):
            Task name:from_state_00 start:33:5 end:40:12:
              vpiParent: ClassDefn name:specificFSM
              vpiName Identifier name:from_state_00 start:33:10 end:33:23:
                vpiParent: Task name:from_state_00
                vpiName: from_state_00
              vpiFullName: work@fsm_class::specificFSM::from_state_00
              vpiStmt Begin:
                vpiParent: Task name:from_state_00
                vpiFullName: work@fsm_class::specificFSM::from_state_00
                vpiStmt (1 items):
                  Begin start:34:7 end:39:10:
                    vpiParent: Begin
                    vpiFullName: work@fsm_class::specificFSM::from_state_00
                    vpiStmt (1 items):
                      IfElse start:35:7 end:38:46:
                        vpiParent: Begin
                        vpiCondition RefObj name:x start:35:11 end:35:12:
                          vpiParent: IfElse
                          vpiName: x
                          vpiFullName: work@fsm_class::specificFSM::from_state_00::x
                          vpiActual: Net name:x
                        vpiStmt FuncCall name:next_state_transition start:36:9 end:36:45:
                          vpiParent: IfElse
                          vpiName Identifier name:next_state_transition start:36:9 end:36:30:
                            vpiParent: FuncCall name:next_state_transition
                            vpiName: next_state_transition
                          vpiArgument (1 items):
                            RefObj name:STATE_01_BIT start:36:32 end:36:44:
                              vpiParent: FuncCall name:next_state_transition
                              vpiName: STATE_01_BIT
                              vpiFullName: work@fsm_class::specificFSM::from_state_00::STATE_01_BIT
                              vpiActual: Parameter name:STATE_01_BIT
                        vpiElseStmt FuncCall name:next_state_transition start:38:9 end:38:45:
                          vpiParent: IfElse
                          vpiName Identifier name:next_state_transition start:38:9 end:38:30:
                            vpiParent: FuncCall name:next_state_transition
                            vpiName: next_state_transition
                          vpiArgument (1 items):
                            RefObj name:STATE_00_BIT start:38:32 end:38:44:
                              vpiParent: FuncCall name:next_state_transition
                              vpiName: STATE_00_BIT
                              vpiFullName: work@fsm_class::specificFSM::from_state_00::STATE_00_BIT
                              vpiActual: Parameter name:STATE_00_BIT
            Task name:from_state_01 start:42:5 end:49:12:
              vpiParent: ClassDefn name:specificFSM
              vpiName Identifier name:from_state_01 start:42:10 end:42:23:
                vpiParent: Task name:from_state_01
                vpiName: from_state_01
              vpiFullName: work@fsm_class::specificFSM::from_state_01
              vpiStmt Begin:
                vpiParent: Task name:from_state_01
                vpiFullName: work@fsm_class::specificFSM::from_state_01
                vpiStmt (1 items):
                  Begin start:43:7 end:48:10:
                    vpiParent: Begin
                    vpiFullName: work@fsm_class::specificFSM::from_state_01
                    vpiStmt (1 items):
                      IfElse start:44:9 end:47:49:
                        vpiParent: Begin
                        vpiCondition Operation start:44:13 end:44:15:
                          vpiParent: IfElse
                          vpiOpType: bitwise negation (4)
                          vpiOperand (1 items):
                            RefObj name:x start:44:14 end:44:15:
                              vpiParent: Operation
                              vpiName: x
                              vpiFullName: work@fsm_class::specificFSM::from_state_01::x
                              vpiActual: Net name:x
                        vpiStmt FuncCall name:next_state_transition start:45:12 end:45:48:
                          vpiParent: IfElse
                          vpiName Identifier name:next_state_transition start:45:12 end:45:33:
                            vpiParent: FuncCall name:next_state_transition
                            vpiName: next_state_transition
                          vpiArgument (1 items):
                            RefObj name:STATE_10_BIT start:45:35 end:45:47:
                              vpiParent: FuncCall name:next_state_transition
                              vpiName: STATE_10_BIT
                              vpiFullName: work@fsm_class::specificFSM::from_state_01::STATE_10_BIT
                              vpiActual: Parameter name:STATE_10_BIT
                        vpiElseStmt FuncCall name:next_state_transition start:47:12 end:47:48:
                          vpiParent: IfElse
                          vpiName Identifier name:next_state_transition start:47:12 end:47:33:
                            vpiParent: FuncCall name:next_state_transition
                            vpiName: next_state_transition
                          vpiArgument (1 items):
                            RefObj name:STATE_01_BIT start:47:35 end:47:47:
                              vpiParent: FuncCall name:next_state_transition
                              vpiName: STATE_01_BIT
                              vpiFullName: work@fsm_class::specificFSM::from_state_01::STATE_01_BIT
                              vpiActual: Parameter name:STATE_01_BIT
            Task name:from_state_10 start:51:5 end:58:12:
              vpiParent: ClassDefn name:specificFSM
              vpiName Identifier name:from_state_10 start:51:10 end:51:23:
                vpiParent: Task name:from_state_10
                vpiName: from_state_10
              vpiFullName: work@fsm_class::specificFSM::from_state_10
              vpiStmt Begin:
                vpiParent: Task name:from_state_10
                vpiFullName: work@fsm_class::specificFSM::from_state_10
                vpiStmt (1 items):
                  Begin start:52:7 end:57:10:
                    vpiParent: Begin
                    vpiFullName: work@fsm_class::specificFSM::from_state_10
                    vpiStmt (1 items):
                      IfElse start:53:9 end:56:49:
                        vpiParent: Begin
                        vpiCondition RefObj name:x start:53:13 end:53:14:
                          vpiParent: IfElse
                          vpiName: x
                          vpiFullName: work@fsm_class::specificFSM::from_state_10::x
                          vpiActual: Net name:x
                        vpiStmt FuncCall name:next_state_transition start:54:12 end:54:48:
                          vpiParent: IfElse
                          vpiName Identifier name:next_state_transition start:54:12 end:54:33:
                            vpiParent: FuncCall name:next_state_transition
                            vpiName: next_state_transition
                          vpiArgument (1 items):
                            RefObj name:STATE_11_BIT start:54:35 end:54:47:
                              vpiParent: FuncCall name:next_state_transition
                              vpiName: STATE_11_BIT
                              vpiFullName: work@fsm_class::specificFSM::from_state_10::STATE_11_BIT
                              vpiActual: Parameter name:STATE_11_BIT
                        vpiElseStmt FuncCall name:next_state_transition start:56:12 end:56:48:
                          vpiParent: IfElse
                          vpiName Identifier name:next_state_transition start:56:12 end:56:33:
                            vpiParent: FuncCall name:next_state_transition
                            vpiName: next_state_transition
                          vpiArgument (1 items):
                            RefObj name:STATE_10_BIT start:56:35 end:56:47:
                              vpiParent: FuncCall name:next_state_transition
                              vpiName: STATE_10_BIT
                              vpiFullName: work@fsm_class::specificFSM::from_state_10::STATE_10_BIT
                              vpiActual: Parameter name:STATE_10_BIT
            Task name:from_state_11 start:60:5 end:67:13:
              vpiParent: ClassDefn name:specificFSM
              vpiName Identifier name:from_state_11 start:60:10 end:60:23:
                vpiParent: Task name:from_state_11
                vpiName: from_state_11
              vpiFullName: work@fsm_class::specificFSM::from_state_11
              vpiStmt Begin:
                vpiParent: Task name:from_state_11
                vpiFullName: work@fsm_class::specificFSM::from_state_11
                vpiStmt (1 items):
                  Begin start:61:7 end:66:10:
                    vpiParent: Begin
                    vpiFullName: work@fsm_class::specificFSM::from_state_11
                    vpiStmt (1 items):
                      IfElse start:62:9 end:65:48:
                        vpiParent: Begin
                        vpiCondition RefObj name:x start:62:13 end:62:14:
                          vpiParent: IfElse
                          vpiName: x
                          vpiFullName: work@fsm_class::specificFSM::from_state_11::x
                          vpiActual: Net name:x
                        vpiStmt FuncCall name:next_state_transition start:63:11 end:63:47:
                          vpiParent: IfElse
                          vpiName Identifier name:next_state_transition start:63:11 end:63:32:
                            vpiParent: FuncCall name:next_state_transition
                            vpiName: next_state_transition
                          vpiArgument (1 items):
                            RefObj name:STATE_00_BIT start:63:34 end:63:46:
                              vpiParent: FuncCall name:next_state_transition
                              vpiName: STATE_00_BIT
                              vpiFullName: work@fsm_class::specificFSM::from_state_11::STATE_00_BIT
                              vpiActual: Parameter name:STATE_00_BIT
                        vpiElseStmt FuncCall name:next_state_transition start:65:11 end:65:47:
                          vpiParent: IfElse
                          vpiName Identifier name:next_state_transition start:65:11 end:65:32:
                            vpiParent: FuncCall name:next_state_transition
                            vpiName: next_state_transition
                          vpiArgument (1 items):
                            RefObj name:STATE_11_BIT start:65:34 end:65:46:
                              vpiParent: FuncCall name:next_state_transition
                              vpiName: STATE_11_BIT
                              vpiFullName: work@fsm_class::specificFSM::from_state_11::STATE_11_BIT
                              vpiActual: Parameter name:STATE_11_BIT
            Task name:main_comb start:69:6 end:78:12:
              vpiParent: ClassDefn name:specificFSM
              vpiName Identifier name:main_comb start:69:11 end:69:20:
                vpiParent: Task name:main_comb
                vpiName: main_comb
              vpiFullName: work@fsm_class::specificFSM::main_comb
              vpiStmt Begin:
                vpiParent: Task name:main_comb
                vpiFullName: work@fsm_class::specificFSM::main_comb
                vpiStmt (1 items):
                  Begin start:70:7 end:77:10:
                    vpiParent: Begin
                    vpiFullName: work@fsm_class::specificFSM::main_comb
                    vpiTypespec (1 items):
                      BitTypespec:
                        vpiParent: Begin
                    vpiStmt (1 items):
                      CaseStmt start:71:9 end:76:16:
                        vpiParent: Begin
                        vpiCaseType: exact (1)
                        vpiCondition Constant start:71:15 end:71:19:
                          vpiParent: CaseStmt
                          vpiTypespec RefTypespec:
                            vpiParent: Constant
                            vpiFullName: work@fsm_class::specificFSM::main_comb
                            vpiActual: BitTypespec
                          vpiConstType: binary (3)
                          vpiSize: 1
                          vpiDecompile: "1'b1"
                          vpiValue: 1
                        vpiCaseItem (4 items):
                          CaseItem start:72:11 end:72:54:
                            vpiParent: CaseStmt
                            vpiExpr (1 items):
                              BitSelect name:current_state[STATE_00_BIT] start:72:11 end:72:38:
                                vpiParent: CaseItem
                                vpiName: current_state[STATE_00_BIT]
                                vpiFullName: work@fsm_class::specificFSM::main_comb::current_state[STATE_00_BIT]
                                vpiPrefix RefObj name:current_state start:72:11 end:72:24:
                                  vpiParent: BitSelect name:current_state[STATE_00_BIT]
                                  vpiName: current_state
                                  vpiFullName: work@fsm_class::specificFSM::main_comb::current_state
                                  vpiActual: Variable name:current_state
                                vpiIndex RefObj name:STATE_00_BIT start:72:25 end:72:37:
                                  vpiParent: BitSelect name:current_state[STATE_00_BIT]
                                  vpiName: STATE_00_BIT
                                  vpiFullName: work@fsm_class::specificFSM::main_comb::STATE_00_BIT
                                  vpiActual: Parameter name:STATE_00_BIT
                            vpiStmt RefObj name:from_state_00 start:72:40 end:72:53:
                              vpiParent: CaseItem
                              vpiName: from_state_00
                              vpiFullName: work@fsm_class::specificFSM::main_comb::from_state_00
                              vpiActual: Task name:from_state_00
                          CaseItem start:73:11 end:73:54:
                            vpiParent: CaseStmt
                            vpiExpr (1 items):
                              BitSelect name:current_state[STATE_01_BIT] start:73:11 end:73:38:
                                vpiParent: CaseItem
                                vpiName: current_state[STATE_01_BIT]
                                vpiFullName: work@fsm_class::specificFSM::main_comb::current_state[STATE_01_BIT]
                                vpiPrefix RefObj name:current_state start:73:11 end:73:24:
                                  vpiParent: BitSelect name:current_state[STATE_01_BIT]
                                  vpiName: current_state
                                  vpiFullName: work@fsm_class::specificFSM::main_comb::current_state
                                  vpiActual: Variable name:current_state
                                vpiIndex RefObj name:STATE_01_BIT start:73:25 end:73:37:
                                  vpiParent: BitSelect name:current_state[STATE_01_BIT]
                                  vpiName: STATE_01_BIT
                                  vpiFullName: work@fsm_class::specificFSM::main_comb::STATE_01_BIT
                                  vpiActual: Parameter name:STATE_01_BIT
                            vpiStmt RefObj name:from_state_01 start:73:40 end:73:53:
                              vpiParent: CaseItem
                              vpiName: from_state_01
                              vpiFullName: work@fsm_class::specificFSM::main_comb::from_state_01
                              vpiActual: Task name:from_state_01
                          CaseItem start:74:11 end:74:54:
                            vpiParent: CaseStmt
                            vpiExpr (1 items):
                              BitSelect name:current_state[STATE_10_BIT] start:74:11 end:74:38:
                                vpiParent: CaseItem
                                vpiName: current_state[STATE_10_BIT]
                                vpiFullName: work@fsm_class::specificFSM::main_comb::current_state[STATE_10_BIT]
                                vpiPrefix RefObj name:current_state start:74:11 end:74:24:
                                  vpiParent: BitSelect name:current_state[STATE_10_BIT]
                                  vpiName: current_state
                                  vpiFullName: work@fsm_class::specificFSM::main_comb::current_state
                                  vpiActual: Variable name:current_state
                                vpiIndex RefObj name:STATE_10_BIT start:74:25 end:74:37:
                                  vpiParent: BitSelect name:current_state[STATE_10_BIT]
                                  vpiName: STATE_10_BIT
                                  vpiFullName: work@fsm_class::specificFSM::main_comb::STATE_10_BIT
                                  vpiActual: Parameter name:STATE_10_BIT
                            vpiStmt RefObj name:from_state_10 start:74:40 end:74:53:
                              vpiParent: CaseItem
                              vpiName: from_state_10
                              vpiFullName: work@fsm_class::specificFSM::main_comb::from_state_10
                              vpiActual: Task name:from_state_10
                          CaseItem start:75:11 end:75:54:
                            vpiParent: CaseStmt
                            vpiExpr (1 items):
                              BitSelect name:current_state[STATE_11_BIT] start:75:11 end:75:38:
                                vpiParent: CaseItem
                                vpiName: current_state[STATE_11_BIT]
                                vpiFullName: work@fsm_class::specificFSM::main_comb::current_state[STATE_11_BIT]
                                vpiPrefix RefObj name:current_state start:75:11 end:75:24:
                                  vpiParent: BitSelect name:current_state[STATE_11_BIT]
                                  vpiName: current_state
                                  vpiFullName: work@fsm_class::specificFSM::main_comb::current_state
                                  vpiActual: Variable name:current_state
                                vpiIndex RefObj name:STATE_11_BIT start:75:25 end:75:37:
                                  vpiParent: BitSelect name:current_state[STATE_11_BIT]
                                  vpiName: STATE_11_BIT
                                  vpiFullName: work@fsm_class::specificFSM::main_comb::STATE_11_BIT
                                  vpiActual: Parameter name:STATE_11_BIT
                            vpiStmt RefObj name:from_state_11 start:75:40 end:75:53:
                              vpiParent: CaseItem
                              vpiName: from_state_11
                              vpiFullName: work@fsm_class::specificFSM::main_comb::from_state_11
                              vpiActual: Task name:from_state_11
      vpiNet (3 items):
        Net name:clk start:1:25 end:1:28:
          vpiParent: Module name:work@fsm_class
          vpiTypespec RefTypespec start:1:19 end:1:24:
            vpiParent: Net name:clk
            vpiFullName: work@fsm_class.clk
            vpiActual: LogicTypespec
          vpiName: clk
          vpiFullName: work@fsm_class.clk
          vpiNetType: wire (1)
        Net name:reset start:1:36 end:1:41:
          vpiParent: Module name:work@fsm_class
          vpiTypespec RefTypespec start:1:30 end:1:35:
            vpiParent: Net name:reset
            vpiFullName: work@fsm_class.reset
            vpiActual: LogicTypespec
          vpiName: reset
          vpiFullName: work@fsm_class.reset
          vpiNetType: wire (1)
        Net name:x start:1:49 end:1:50:
          vpiParent: Module name:work@fsm_class
          vpiTypespec RefTypespec start:1:43 end:1:48:
            vpiParent: Net name:x
            vpiFullName: work@fsm_class.x
            vpiActual: LogicTypespec
          vpiName: x
          vpiFullName: work@fsm_class.x
          vpiNetType: wire (1)
      vpiPort (3 items):
        Port name:clk start:1:25 end:1:28:
          vpiParent: Module name:work@fsm_class
          vpiName: clk
          vpiDirection: input (1)
          vpiLowConn RefObj start:1:25 end:1:28:
            vpiParent: Port name:clk
            vpiFullName: work@fsm_class.clk
            vpiActual: Net name:clk
          vpiTypespec RefTypespec start:1:19 end:1:24:
            vpiParent: Port name:clk
            vpiFullName: work@fsm_class.clk
            vpiActual: LogicTypespec
        Port name:reset start:1:36 end:1:41:
          vpiParent: Module name:work@fsm_class
          vpiName: reset
          vpiDirection: input (1)
          vpiLowConn RefObj start:1:36 end:1:41:
            vpiParent: Port name:reset
            vpiFullName: work@fsm_class.reset
            vpiActual: Net name:reset
          vpiTypespec RefTypespec start:1:30 end:1:35:
            vpiParent: Port name:reset
            vpiFullName: work@fsm_class.reset
            vpiActual: LogicTypespec
        Port name:x start:1:49 end:1:50:
          vpiParent: Module name:work@fsm_class
          vpiName: x
          vpiDirection: input (1)
          vpiLowConn RefObj start:1:49 end:1:50:
            vpiParent: Port name:x
            vpiFullName: work@fsm_class.x
            vpiActual: Net name:x
          vpiTypespec RefTypespec start:1:43 end:1:48:
            vpiParent: Port name:x
            vpiFullName: work@fsm_class.x
            vpiActual: LogicTypespec
      vpiProcess (2 items):
        Always start:82:3 end:84:6:
          vpiParent: Module name:work@fsm_class
          vpiStmt EventControl start:82:10 end:84:6:
            vpiParent: Always
            vpiCondition Operation:
              vpiParent: EventControl
              vpiOpType: posedge (39)
              vpiOperand (1 items):
                RefObj name:clk start:82:20 end:82:23:
                  vpiParent: Operation
                  vpiName: clk
                  vpiFullName: work@fsm_class.clk
                  vpiActual: Net name:clk
            vpiStmt Begin start:82:24 end:84:6:
              vpiParent: EventControl
              vpiFullName: work@fsm_class
              vpiStmt (1 items):
                HierPath name:P.current_state_transition(0) start:83:5 end:83:33:
                  vpiParent: Begin
                  vpiName: P.current_state_transition(0)
                  vpiFullName: work@fsm_class.P.current_state_transition(0)
                  vpiActual (2 items):
                    RefObj name:P start:83:5 end:83:6:
                      vpiParent: HierPath name:P.current_state_transition(0)
                      vpiName: P
                      vpiFullName: work@fsm_class.P
                      vpiActual: Variable name:P
                    FuncCall name:current_state_transition start:83:7 end:83:34:
                      vpiParent: HierPath name:P.current_state_transition(0)
                      vpiName Identifier name:current_state_transition start:83:7 end:83:31:
                        vpiParent: FuncCall name:current_state_transition
                        vpiName: current_state_transition
                      vpiTaskFunc: Task name:current_state_transition
                      vpiArgument (1 items):
                        Constant start:83:32 end:83:33:
                          vpiParent: FuncCall name:current_state_transition
                          vpiTypespec RefTypespec:
                            vpiParent: Constant
                            vpiFullName: work@fsm_class.P.current_state_transition(0)
                            vpiActual: IntTypespec
                          vpiConstType: unsigned int (9)
                          vpiSize: 64
                          vpiDecompile: "0"
                          vpiValue: 0
          vpiAlwaysType: always (1)
        Always start:85:3 end:86:15:
          vpiParent: Module name:work@fsm_class
          vpiStmt EventControl start:85:10 end:86:15:
            vpiParent: Always
            vpiStmt HierPath name:P.main_comb start:86:3 end:86:14:
              vpiParent: EventControl
              vpiName: P.main_comb
              vpiFullName: work@fsm_class.P.main_comb
              vpiActual (2 items):
                RefObj name:P start:86:3 end:86:4:
                  vpiParent: HierPath name:P.main_comb
                  vpiName: P
                  vpiFullName: work@fsm_class.P
                  vpiActual: Variable name:P
                RefObj name:main_comb start:86:5 end:86:14:
                  vpiParent: HierPath name:P.main_comb
                  vpiName: main_comb
                  vpiFullName: work@fsm_class.main_comb
                  vpiActual: Task name:main_comb
          vpiAlwaysType: always (1)
  vpiTypespec (2 items):
    ModuleTypespec name:work@fsm_class:
      vpiParent: Design name:unnamed
      vpiName Identifier name:work@fsm_class start:1:8 end:1:17:
        vpiParent: ModuleTypespec name:work@fsm_class
        vpiName: work@fsm_class
      vpiModule: Module name:work@fsm_class
    IntTypespec:
      vpiParent: Design name:unnamed
      vpiSigned: true
===================

[  FATAL] : 0
[ SYNTAX] : 0
[  ERROR] : 0
[WARNING] : 1
[   NOTE] : 0

#**#**#**#**#**#**#**#**#**#**#**#**#**#**#**#**#**#**#**#**#**#**#**#**#**#**#**#**#**#**#**#**#**#**#**#**#**#**#**#**

Environment:
      test-name: ClassFsm/ClassFsm
   test-dirpath: ${SURELOG_DIR}/regression/ClassFsm/ClassFsm
  uhdm-filepath: ${SURELOG_DIR}/regression/ClassFsm/ClassFsm/surelog.uhdm
mounts-filepath: ${SURELOG_DIR}/regression/ClassFsm/ClassFsm/mounts.json


{'result': {'coverage': 100.0,
            'error_count': 0,
            'file_count': 1,
            'files': {'$Output/lib/work/dut.sv': {'post_len': 0,
                                                  'pre_len': 1312}},
            'post_len': 0,
            'pre_len': 1312,
            'test_name': 'ClassFsm/ClassFsm'}}

+-------------------------+----------+-----------+
| INPUT                   |   PRELEN |   POSTLEN |
+=========================+==========+===========+
| $Output/lib/work/dut.sv |     1312 |         0 |
+=========================+==========+===========+
|                         |     1312 |         0 |
+-------------------------+----------+-----------+

[   ERROR] : 0
[COVERAGE] : 100.0


#**#**#**#**#**#**#**#**#**#**#**#**#**#**#**#**#**#**#**#**#**#**#**#**#**#**#**#**#**#**#**#**#**#**#**#**#**#**#**#**

COMMAND: ${SURELOG_DIR}/regression/ClassFsm/ClassFsm/surelog.uhdm ${SURELOG_DIR}/regression/ClassFsm/ClassFsm/reduced.uhdm

==================== BEGIN REDUCTION RESULT ====================
Name                            Before   After   Added   Removed
----------------------------------------------------------------
----------------------------------------------------------------
Others                             199     199       0         0
----------------------------------------------------------------
                                   199     199       0         0
===================== END REDUCTION RESULT =====================
