********************************************************************************
*                   Begin HLC SystemVerilog Compiler/Linter                    *
********************************************************************************
Copyright (c) 2017-2023 Alain Dargelas,
http://www.apache.org/licenses/LICENSE-2.0
VERSION: 1.84
COMMAND: -wd ../../../../tests/Google/chapter-8 -timescale=1ns/1ns -d ast -d db -nobuiltin 8.26.3--type_access_implements_invalid.sv -wd ${HLC_DIR}/third_party/UVM -I1800.2-2017-1.0/src -mt 0 -mp 0 -d dbstats -d cache -d db -nostdout -o ${HLC_DIR}/regression/Google/chapter-8/8.26.3--type_access_implements_invalid
[INF:CM0023] Creating log file "$Output/hlc.log".
[INF:PP0122] Preprocessing source file "$Source01/8.26.3--type_access_implements_invalid.sv".
[INF:PA0201] Parsing source file "$Source01/8.26.3--type_access_implements_invalid.sv".
AST_DEBUG_BEGIN
Count: 129
LIB: work
FILE: f<14>:$Source01/8.26.3--type_access_implements_invalid.sv
n<$Source01/8.26.3--type_access_implements_invalid.sv> u<128> t<Top_level_rule> c<1> l<17:1> el<36:1>
  n<> u<1> t<Null_rule> p<128> s<2> l<17:1> el<17:1>
  n<// Copyright (C) 2019-2021  The SymbiFlow Authors.> u<2> t<LINE_COMMENT> p<128> s<3> l<1:1> el<1:51>
  n<//> u<3> t<LINE_COMMENT> p<128> s<4> l<2:1> el<2:3>
  n<// Use of this source code is governed by a ISC-style> u<4> t<LINE_COMMENT> p<128> s<5> l<3:1> el<3:54>
  n<// license that can be found in the LICENSE file or at> u<5> t<LINE_COMMENT> p<128> s<6> l<4:1> el<4:55>
  n<// https://opensource.org/licenses/ISC> u<6> t<LINE_COMMENT> p<128> s<7> l<5:1> el<5:39>
  n<//> u<7> t<LINE_COMMENT> p<128> s<8> l<6:1> el<6:3>
  n<// SPDX-License-Identifier: ISC> u<8> t<LINE_COMMENT> p<128> s<9> l<7:1> el<7:32>
  n</*\n:name: type_access_implements_invalid\n:description: access types from implemented class\n:should_fail_because: typedefs are not inherited by implements operator\n:tags: 8.26.3\n:type: simulation\n*/> u<9> t<BLOCK_COMMENT> p<128> s<127> l<17:1> el<35:10>
  n<> u<127> t<Source_text> p<128> c<126> l<17:1> el<35:10>
    n<> u<126> t<Description> p<127> c<125> l<17:1> el<35:10>
      n<> u<125> t<Module_declaration> p<126> c<14> l<17:1> el<35:10>
        n<> u<14> t<Module_nonansi_header> p<125> c<10> s<42> l<17:1> el<17:20>
          n<module> u<10> t<Module_keyword> p<14> s<11> l<17:1> el<17:7>
          n<class_tb> u<11> t<SIMPLE_IDENTIFIER> p<14> s<12> l<17:8> el<17:16>
          n<> u<12> t<Package_import_declaration_list> p<14> s<13> l<17:17> el<17:17>
          n<> u<13> t<Port_list> p<14> l<17:17> el<17:19>
        n<> u<42> t<Module_item> p<125> c<41> s<88> l<18:2> el<21:10>
          n<> u<41> t<Non_port_module_item> p<42> c<40> l<18:2> el<21:10>
            n<> u<40> t<Module_or_generate_item> p<41> c<39> l<18:2> el<21:10>
              n<> u<39> t<Module_common_item> p<40> c<38> l<18:2> el<21:10>
                n<> u<38> t<Module_or_generate_item_declaration> p<39> c<37> l<18:2> el<21:10>
                  n<> u<37> t<Package_or_generate_item_declaration> p<38> c<36> l<18:2> el<21:10>
                    n<> u<36> t<Interface_class_declaration> p<37> c<34> l<18:2> el<21:10>
                      n<> u<34> t<INTERFACE> p<36> s<15> l<18:2> el<18:11>
                      n<ihello> u<15> t<SIMPLE_IDENTIFIER> p<36> s<20> l<18:18> el<18:24>
                      n<> u<20> t<Interface_class_item> p<36> c<19> s<33> l<19:3> el<19:21>
                        n<> u<19> t<Type_declaration> p<20> c<17> l<19:3> el<19:21>
                          n<> u<17> t<Data_type> p<19> c<16> s<18> l<19:11> el<19:14>
                            n<> u<16> t<INT> p<17> l<19:11> el<19:14>
                          n<int_t> u<18> t<SIMPLE_IDENTIFIER> p<19> l<19:15> el<19:20>
                      n<> u<33> t<Interface_class_item> p<36> c<32> s<35> l<20:3> el<20:47>
                        n<> u<32> t<Interface_class_method> p<33> c<31> l<20:3> el<20:46>
                          n<> u<31> t<Method_prototype> p<32> c<30> l<20:16> el<20:46>
                            n<> u<30> t<Function_prototype> p<31> c<22> l<20:16> el<20:46>
                              n<> u<22> t<Function_data_type_or_implicit> p<30> c<21> s<23> l<20:25> el<20:29>
                                n<> u<21> t<Function_data_type> p<22> l<20:25> el<20:29>
                              n<hello> u<23> t<SIMPLE_IDENTIFIER> p<30> s<29> l<20:30> el<20:35>
                              n<> u<29> t<Tf_port_item_list> p<30> c<28> l<20:35> el<20:46>
                                n<> u<28> t<Tf_port_item> p<29> c<26> l<20:36> el<20:45>
                                  n<> u<26> t<Data_type_or_implicit> p<28> c<25> s<27> l<20:36> el<20:41>
                                    n<int_t> u<25> t<Data_type> p<26> c<24> l<20:36> el<20:41>
                                      n<int_t> u<24> t<SIMPLE_IDENTIFIER> p<25> l<20:36> el<20:41>
                                  n<val> u<27> t<SIMPLE_IDENTIFIER> p<28> l<20:42> el<20:45>
                      n<> u<35> t<ENDCLASS> p<36> l<21:2> el<21:10>
        n<> u<88> t<Module_item> p<125> c<87> s<96> l<23:2> el<27:10>
          n<> u<87> t<Non_port_module_item> p<88> c<86> l<23:2> el<27:10>
            n<> u<86> t<Module_or_generate_item> p<87> c<85> l<23:2> el<27:10>
              n<> u<85> t<Module_common_item> p<86> c<84> l<23:2> el<27:10>
                n<> u<84> t<Module_or_generate_item_declaration> p<85> c<83> l<23:2> el<27:10>
                  n<> u<83> t<Package_or_generate_item_declaration> p<84> c<82> l<23:2> el<27:10>
                    n<> u<82> t<Class_declaration> p<83> c<79> l<23:2> el<27:10>
                      n<> u<79> t<CLASS> p<82> s<43> l<23:2> el<23:7>
                      n<Hello> u<43> t<SIMPLE_IDENTIFIER> p<82> s<80> l<23:8> el<23:13>
                      n<> u<80> t<IMPLEMENTS> p<82> s<46> l<23:14> el<23:24>
                      n<> u<46> t<Interface_class_type> p<82> c<45> s<78> l<23:25> el<23:31>
                        n<> u<45> t<Ps_identifier> p<46> c<44> l<23:25> el<23:31>
                          n<ihello> u<44> t<SIMPLE_IDENTIFIER> p<45> l<23:25> el<23:31>
                      n<> u<78> t<Class_item> p<82> c<77> s<81> l<24:3> el<26:14>
                        n<> u<77> t<Class_method> p<78> c<47> l<24:3> el<26:14>
                          n<> u<47> t<VIRTUAL> p<77> s<76> l<24:3> el<24:10>
                          n<> u<76> t<Function_declaration> p<77> c<75> l<24:11> el<26:14>
                            n<> u<75> t<Function_body_declaration> p<76> c<49> l<24:20> el<26:14>
                              n<> u<49> t<Function_data_type_or_implicit> p<75> c<48> s<50> l<24:20> el<24:24>
                                n<> u<48> t<Function_data_type> p<49> l<24:20> el<24:24>
                              n<hello> u<50> t<SIMPLE_IDENTIFIER> p<75> s<56> l<24:25> el<24:30>
                              n<> u<56> t<Tf_port_item_list> p<75> c<55> s<73> l<24:30> el<24:41>
                                n<> u<55> t<Tf_port_item> p<56> c<53> l<24:31> el<24:40>
                                  n<> u<53> t<Data_type_or_implicit> p<55> c<52> s<54> l<24:31> el<24:36>
                                    n<int_t> u<52> t<Data_type> p<53> c<51> l<24:31> el<24:36>
                                      n<int_t> u<51> t<SIMPLE_IDENTIFIER> p<52> l<24:31> el<24:36>
                                  n<val> u<54> t<SIMPLE_IDENTIFIER> p<55> l<24:37> el<24:40>
                              n<> u<73> t<Function_statement_or_null> p<75> c<72> s<74> l<25:4> el<25:36>
                                n<> u<72> t<Statement> p<73> c<71> l<25:4> el<25:36>
                                  n<> u<71> t<Statement_item> p<72> c<70> l<25:4> el<25:36>
                                    n<> u<70> t<Subroutine_call_statement> p<71> c<69> l<25:4> el<25:36>
                                      n<> u<69> t<Subroutine_call> p<70> c<57> l<25:4> el<25:35>
                                        n<$> u<57> t<DOLLAR> p<69> s<58> l<25:4> el<25:5>
                                        n<display> u<58> t<SIMPLE_IDENTIFIER> p<69> s<68> l<25:5> el<25:12>
                                        n<> u<68> t<Argument_list> p<69> c<62> l<25:13> el<25:34>
                                          n<> u<62> t<Expression> p<68> c<61> s<67> l<25:13> el<25:29>
                                            n<> u<61> t<Primary> p<62> c<60> l<25:13> el<25:29>
                                              n<> u<60> t<Primary_literal> p<61> c<59> l<25:13> el<25:29>
                                                n<"hello world %d"> u<59> t<QUOTED_STRING> p<60> l<25:13> el<25:29>
                                          n<> u<67> t<Argument> p<68> c<66> l<25:31> el<25:34>
                                            n<> u<66> t<Expression> p<67> c<65> l<25:31> el<25:34>
                                              n<> u<65> t<Primary> p<66> c<64> l<25:31> el<25:34>
                                                n<> u<64> t<Primary_literal> p<65> c<63> l<25:31> el<25:34>
                                                  n<val> u<63> t<SIMPLE_IDENTIFIER> p<64> l<25:31> el<25:34>
                              n<> u<74> t<ENDFUNCTION> p<75> l<26:3> el<26:14>
                      n<> u<81> t<ENDCLASS> p<82> l<27:2> el<27:10>
        n<> u<96> t<Module_item> p<125> c<95> s<123> l<29:2> el<29:12>
          n<> u<95> t<Port_declaration> p<96> c<94> l<29:2> el<29:11>
            n<> u<94> t<Interface_port_declaration> p<95> c<90> l<29:2> el<29:11>
              n<Hello> u<90> t<Interface_identifier> p<94> c<89> s<93> l<29:2> el<29:7>
                n<Hello> u<89> t<SIMPLE_IDENTIFIER> p<90> l<29:2> el<29:7>
              n<> u<93> t<Interface_identifier_list> p<94> c<92> l<29:8> el<29:11>
                n<obj> u<92> t<Interface_identifier> p<93> c<91> l<29:8> el<29:11>
                  n<obj> u<91> t<SIMPLE_IDENTIFIER> p<92> l<29:8> el<29:11>
        n<> u<123> t<Module_item> p<125> c<122> s<124> l<31:2> el<34:5>
          n<> u<122> t<Non_port_module_item> p<123> c<121> l<31:2> el<34:5>
            n<> u<121> t<Module_or_generate_item> p<122> c<120> l<31:2> el<34:5>
              n<> u<120> t<Module_common_item> p<121> c<119> l<31:2> el<34:5>
                n<> u<119> t<Initial_construct> p<120> c<118> l<31:2> el<34:5>
                  n<> u<118> t<Statement_or_null> p<119> c<117> l<31:10> el<34:5>
                    n<> u<117> t<Statement> p<118> c<116> l<31:10> el<34:5>
                      n<> u<116> t<Statement_item> p<117> c<115> l<31:10> el<34:5>
                        n<> u<115> t<Seq_block> p<116> c<104> l<31:10> el<34:5>
                          n<> u<104> t<Statement_or_null> p<115> c<103> s<113> l<32:3> el<32:13>
                            n<> u<103> t<Statement> p<104> c<102> l<32:3> el<32:13>
                              n<> u<102> t<Statement_item> p<103> c<101> l<32:3> el<32:13>
                                n<> u<101> t<Blocking_assignment> p<102> c<97> l<32:3> el<32:12>
                                  n<obj> u<97> t<SIMPLE_IDENTIFIER> p<101> s<99> l<32:3> el<32:6>
                                  n<> u<99> t<Select> p<101> c<98> s<100> l<32:7> el<32:7>
                                    n<> u<98> t<Bit_select> p<99> l<32:7> el<32:7>
                                  n<> u<100> t<Class_new> p<101> l<32:9> el<32:12>
                          n<> u<113> t<Statement_or_null> p<115> c<112> s<114> l<33:3> el<33:15>
                            n<> u<112> t<Statement> p<113> c<111> l<33:3> el<33:15>
                              n<> u<111> t<Statement_item> p<112> c<110> l<33:3> el<33:15>
                                n<> u<110> t<Subroutine_call_statement> p<111> c<109> l<33:3> el<33:15>
                                  n<> u<109> t<Subroutine_call> p<110> c<105> l<33:3> el<33:14>
                                    n<obj> u<105> t<SIMPLE_IDENTIFIER> p<109> s<106> l<33:3> el<33:6>
                                    n<> u<106> t<Constant_bit_select> p<109> s<107> l<33:6> el<33:6>
                                    n<hello> u<107> t<SIMPLE_IDENTIFIER> p<109> s<108> l<33:7> el<33:12>
                                    n<> u<108> t<Argument_list> p<109> l<33:13> el<33:13>
                          n<> u<114> t<END> p<115> l<34:2> el<34:5>
        n<> u<124> t<ENDMODULE> p<125> l<35:1> el<35:10>
AST_DEBUG_END
[INF:CP0303] $Source01/8.26.3--type_access_implements_invalid.sv:17:1: Compile module "work@class_tb".
[INF:CM0029] Using global timescale: "1ns/1ns".
====== HLDB =======
Design name:unnamed:
  vpiName: unnamed
  vpiSourceFile (1 items):
    SourceFile name:8.26.3--type_access_implements_invalid.sv file:$Source01/8.26.3--type_access_implements_invalid.sv:
      vpiParent: Design name:unnamed
      vpiName: "8.26.3--type_access_implements_invalid.sv"
      vpiPreprocFile: "$Output/lib/work/8.26.3--type_access_implements_invalid.sv"
      vpiDefNetType: none (12)
  vpiAllModules (1 items):
    Module name:work@class_tb file:$Source01/8.26.3--type_access_implements_invalid.sv start:17:1 end:35:10:
      vpiParent: Design name:unnamed
      vpiName Identifier name:work@class_tb start:17:8 end:17:16:
        vpiParent: Module name:work@class_tb
        vpiName: work@class_tb
      vpiFullName: work@class_tb
      vpiTypespec (3 items):
        TypedefTypespec name:int_t start:19:3 end:19:21:
          vpiParent: Module name:work@class_tb
          vpiName Identifier name:int_t start:19:15 end:19:20:
            vpiParent: TypedefTypespec name:int_t
            vpiName: int_t
          vpiTypedefAlias RefTypespec start:19:11 end:19:14:
            vpiParent: TypedefTypespec name:int_t
            vpiFullName: work@class_tb.int_t
            vpiActual: IntTypespec
        ClassTypespec name:work@Hello:
          vpiParent: Module name:work@class_tb
          vpiName: work@Hello
          vpiClassDefn: ClassDefn name:work@Hello
        LogicTypespec:
          vpiParent: Module name:work@class_tb
      vpiDefName: work@class_tb
      vpiDefNetType: none (12)
      vpiLibrary RefObj name:work:
        vpiParent: Module name:work@class_tb
        vpiName: work
        vpiFullName: work@class_tb.work
      vpiCell: class_tb
      vpiClassDefn (1 items):
        ClassDefn name:work@Hello file:$Source01/8.26.3--type_access_implements_invalid.sv start:23:2 end:27:10:
          vpiParent: Module name:work@class_tb
          vpiName Identifier name:work@Hello start:23:8 end:23:13:
            vpiParent: ClassDefn name:work@Hello
            vpiName: work@Hello
          vpiFullName: work@class_tb::work@Hello
          vpiTypespec (1 items):
            UnsupportedTypespec name:ihello start:23:25 end:23:31:
              vpiParent: ClassDefn name:work@Hello
              vpiName Identifier name:ihello:
                vpiParent: UnsupportedTypespec name:ihello
                vpiName: ihello
          vpiClassType: userdefined class (3)
          vpiImplements Implements start:23:14 end:23:24:
            vpiParent: ClassDefn name:work@Hello
            vpiInterfaceTypespec (1 items):
              RefTypespec start:23:25 end:23:31:
                vpiParent: Implements
                vpiFullName: work@class_tb::work@Hello
                vpiActual: UnsupportedTypespec name:ihello
          vpiLibrary RefObj name:work:
            vpiParent: ClassDefn name:work@Hello
            vpiName: work
            vpiFullName: work@class_tb::work@Hello::work
          vpiCell: Hello
          vpiMethod (1 items):
            Function name:hello start:24:11 end:26:14:
              vpiParent: ClassDefn name:work@Hello
              vpiName Identifier name:hello start:24:25 end:24:30:
                vpiParent: Function name:hello
                vpiName: hello
              vpiFullName: work@class_tb::work@Hello::hello
              vpiTypespec (1 items):
                UnsupportedTypespec name:int_t start:24:31 end:24:36:
                  vpiParent: Function name:hello
                  vpiName Identifier name:int_t:
                    vpiParent: UnsupportedTypespec name:int_t
                    vpiName: int_t
              vpiVisibility: public (1)
              vpiVirtual: true
              vpiIODecl (1 items):
                IODecl name:val start:24:37 end:24:40:
                  vpiParent: Function name:hello
                  vpiName: val
                  vpiDirection: input (1)
                  vpiTypespec RefTypespec start:24:31 end:24:36:
                    vpiParent: IODecl name:val
                    vpiFullName: work@class_tb::work@Hello::hello::val
                    vpiActual: UnsupportedTypespec name:int_t
              vpiStmt SysFuncCall name:$display start:25:4 end:25:35:
                vpiParent: Function name:hello
                vpiName Identifier name:$display start:25:4 end:25:12:
                  vpiParent: SysFuncCall name:$display
                  vpiName: "$display"
                vpiArgument (2 items):
                  Constant start:25:13 end:25:29:
                    vpiParent: SysFuncCall name:$display
                    vpiTypespec RefTypespec:
                      vpiParent: Constant
                      vpiFullName: work@class_tb::work@Hello::hello
                      vpiActual: StringTypespec
                    vpiConstType: string (6)
                    vpiSize: 112
                    vpiDecompile: "\"hello world %d\""
                    vpiValue: hello world %d
                  RefObj name:val start:25:31 end:25:34:
                    vpiParent: SysFuncCall name:$display
                    vpiName: val
                    vpiFullName: work@class_tb::work@Hello::hello::val
                    vpiActual: IODecl name:val
              vpiReturn RefTypespec start:24:20 end:24:24:
                vpiParent: Function name:hello
                vpiFullName: work@class_tb::work@Hello::hello
                vpiActual: VoidTypespec
      vpiNet (1 items):
        Net name:obj start:29:8 end:29:11:
          vpiParent: Module name:work@class_tb
          vpiTypespec RefTypespec name:Hello start:29:2 end:29:7:
            vpiParent: Net name:obj
            vpiName: Hello
            vpiFullName: work@class_tb.obj.Hello
            vpiActual: LogicTypespec
          vpiName: obj
          vpiFullName: work@class_tb.obj
      vpiProcess (1 items):
        Initial start:31:2 end:34:5:
          vpiParent: Module name:work@class_tb
          vpiStmt Begin start:31:10 end:34:5:
            vpiParent: Initial
            vpiFullName: work@class_tb
            vpiStmt (2 items):
              Assignment start:32:3 end:32:12:
                vpiParent: Begin
                vpiBlocking: true
                vpiLhs RefObj name:obj start:32:3 end:32:6:
                  vpiParent: Assignment
                  vpiName: obj
                  vpiFullName: work@class_tb.obj
                  vpiActual: Net name:obj
                vpiRhs MethodFuncCall name:new start:32:9 end:32:12:
                  vpiParent: Assignment
                  vpiName Identifier name:new:
                    vpiParent: MethodFuncCall name:new
                    vpiName: new
              HierPath name:obj.hello() start:33:3 end:33:13:
                vpiParent: Begin
                vpiName: obj.hello()
                vpiFullName: work@class_tb.obj.hello()
                vpiPathElem (2 items):
                  RefObj name:obj start:33:3 end:33:6:
                    vpiParent: HierPath name:obj.hello()
                    vpiName: obj
                    vpiFullName: work@class_tb.obj
                    vpiActual: Net name:obj
                  FuncCall name:hello start:33:7 end:33:14:
                    vpiParent: HierPath name:obj.hello()
                    vpiName Identifier name:hello start:33:7 end:33:12:
                      vpiParent: FuncCall name:hello
                      vpiName: hello
  vpiTypespec (4 items):
    ModuleTypespec name:work@class_tb:
      vpiParent: Design name:unnamed
      vpiName Identifier name:work@class_tb start:17:8 end:17:16:
        vpiParent: ModuleTypespec name:work@class_tb
        vpiName: work@class_tb
      vpiModule: Module name:work@class_tb
    IntTypespec:
      vpiParent: Design name:unnamed
      vpiSigned: true
    VoidTypespec start:20:25 end:20:29:
      vpiParent: Design name:unnamed
    StringTypespec:
      vpiParent: Design name:unnamed
===================
[  FATAL] : 0
[ SYNTAX] : 0
[  ERROR] : 0
[WARNING] : 0
[   NOTE] : 0
********************************************************************************
*                    End HLC SystemVerilog Compiler/Linter                     *
********************************************************************************

#**#**#**#**#**#**#**#**#**#**#**#**#**#**#**#**#**#**#**#**#**#**#**#**#**#**#**#**#**#**#**#**#**#**#**#**#**#**#**#**

Environment:
      test-name: Google/chapter-8/8.26.3--type_access_implements_invalid
   test-dirpath: ${HLC_DIR}/regression/Google/chapter-8/8.26.3--type_access_implements_invalid
  hldb-filepath: ${HLC_DIR}/regression/Google/chapter-8/8.26.3--type_access_implements_invalid/design.hldb
mounts-filepath: ${HLC_DIR}/regression/Google/chapter-8/8.26.3--type_access_implements_invalid/mounts.json


{'result': {'coverage': 92.73,
            'error_count': 0,
            'file_count': 1,
            'files': {'$Output/lib/work/8.26.3--type_access_implements_invalid.sv': {'post_len': 21,
                                                                                     'pre_len': 289}},
            'post_len': 21,
            'pre_len': 289,
            'test_name': 'Google/chapter-8/8.26.3--type_access_implements_invalid'}}

+------------------------------------------------------------+----------+-----------+
| INPUT                                                      |   PRELEN |   POSTLEN |
+============================================================+==========+===========+
| $Output/lib/work/8.26.3--type_access_implements_invalid.sv |      289 |        21 |
+============================================================+==========+===========+
|                                                            |      289 |        21 |
+------------------------------------------------------------+----------+-----------+

[   ERROR] : 0
[COVERAGE] : 92.73


#**#**#**#**#**#**#**#**#**#**#**#**#**#**#**#**#**#**#**#**#**#**#**#**#**#**#**#**#**#**#**#**#**#**#**#**#**#**#**#**

COMMAND: ${HLC_DIR}/regression/Google/chapter-8/8.26.3--type_access_implements_invalid/design.hldb ${HLC_DIR}/regression/Google/chapter-8/8.26.3--type_access_implements_invalid/reduced.hldb

==================== BEGIN REDUCTION RESULT ====================
Name                            Before   After   Added   Removed
----------------------------------------------------------------
----------------------------------------------------------------
Others                              46      46       0         0
----------------------------------------------------------------
                                    46      46       0         0
===================== END REDUCTION RESULT =====================
