[INF:CM0023] Creating log file "$Output/hlc.log".
AST_DEBUG_BEGIN
Count: 45
LIB: work
FILE: $Source01/5.6--wrong-identifiers.sv
n<$Source01/5.6--wrong-identifiers.sv> u<44> t<Top_level_rule> c<1> l<16:1> el<19:10>
  n<> u<1> t<Null_rule> p<44> s<2> l<16:1> el<16:1>
  n<// Copyright (C) 2019-2021  The SymbiFlow Authors.> u<2> t<LINE_COMMENT> p<44> s<3> l<1:1> el<1:51>
  n<//> u<3> t<LINE_COMMENT> p<44> s<4> l<2:1> el<2:3>
  n<// Use of this source code is governed by a ISC-style> u<4> t<LINE_COMMENT> p<44> s<5> l<3:1> el<3:54>
  n<// license that can be found in the LICENSE file or at> u<5> t<LINE_COMMENT> p<44> s<6> l<4:1> el<4:55>
  n<// https://opensource.org/licenses/ISC> u<6> t<LINE_COMMENT> p<44> s<7> l<5:1> el<5:39>
  n<//> u<7> t<LINE_COMMENT> p<44> s<8> l<6:1> el<6:3>
  n<// SPDX-License-Identifier: ISC> u<8> t<LINE_COMMENT> p<44> s<9> l<7:1> el<7:32>
  n</*\n:name: wrong-identifiers\n:description: Identifiers that should not be accepted\n:should_fail_because: The first character of a simple identifier shall not be a digit or $\n:tags: 5.6\n*/> u<9> t<BLOCK_COMMENT> p<44> s<43> l<16:1> el<18:15>
  n<> u<43> t<Source_text> p<44> c<11> l<16:1> el<18:15>
    n<> u<11> t<Description> p<43> c<10> s<13> l<16:1> el<16:1>
      n<> u<10> t<Module_declaration> p<11> l<16:1> el<16:1>
    n<> u<13> t<Description> p<43> c<12> s<16> l<16:1> el<16:7>
      n<> u<12> t<Module_declaration> p<13> l<16:1> el<16:7>
    n<> u<16> t<Description> p<43> c<15> s<19> l<16:8> el<16:8>
      n<> u<15> t<Package_item> p<16> c<14> l<16:8> el<16:8>
        n<> u<14> t<Package_or_generate_item_declaration> p<15> l<16:8> el<16:8>
    n<> u<19> t<Description> p<43> c<18> s<22> l<16:8> el<16:21>
      n<> u<18> t<Package_item> p<19> c<17> l<16:8> el<16:21>
        n<> u<17> t<Package_or_generate_item_declaration> p<18> l<16:8> el<16:21>
    n<> u<22> t<Description> p<43> c<21> s<32> l<16:21> el<16:22>
      n<> u<21> t<Package_item> p<22> c<20> l<16:21> el<16:22>
        n<> u<20> t<Package_or_generate_item_declaration> p<21> l<16:21> el<16:22>
    n<> u<32> t<Description> p<43> c<31> s<42> l<17:3> el<17:15>
      n<> u<31> t<Package_item> p<32> c<30> l<17:3> el<17:15>
        n<> u<30> t<Package_or_generate_item_declaration> p<31> c<29> l<17:3> el<17:15>
          n<> u<29> t<Data_declaration> p<30> c<28> l<17:3> el<17:15>
            n<> u<28> t<Variable_declaration> p<29> c<24> l<17:3> el<17:15>
              n<> u<24> t<Data_type> p<28> c<23> s<27> l<17:3> el<17:6>
                n<> u<23> t<REG> p<24> l<17:3> el<17:6>
              n<> u<27> t<Variable_decl_assignment_list> p<28> c<26> l<17:7> el<17:14>
                n<> u<26> t<Variable_decl_assignment> p<27> c<25> l<17:7> el<17:14>
                  n<dollar> u<25> t<SIMPLE_IDENTIFIER> p<26> l<17:7> el<17:14>
    n<> u<42> t<Description> p<43> c<41> l<18:3> el<18:15>
      n<> u<41> t<Package_item> p<42> c<40> l<18:3> el<18:15>
        n<> u<40> t<Package_or_generate_item_declaration> p<41> c<39> l<18:3> el<18:15>
          n<> u<39> t<Data_declaration> p<40> c<38> l<18:3> el<18:15>
            n<> u<38> t<Variable_declaration> p<39> c<34> l<18:3> el<18:15>
              n<> u<34> t<Data_type> p<38> c<33> s<37> l<18:3> el<18:6>
                n<> u<33> t<REG> p<34> l<18:3> el<18:6>
              n<> u<37> t<Variable_decl_assignment_list> p<38> c<36> l<18:7> el<18:14>
                n<> u<36> t<Variable_decl_assignment> p<37> c<35> l<18:7> el<18:14>
                  n<number> u<35> t<SIMPLE_IDENTIFIER> p<36> l<18:7> el<18:14>
AST_DEBUG_END
[SNT:PA0207] $Source01/5.6--wrong-identifiers.sv:17:6: Syntax error: no viable alternative at input 'module identifiers();\n  reg $',
  reg $dollar;
      ^-- $Source01/5.6--wrong-identifiers.sv:17:6:.
[SNT:PA0207] $Source01/5.6--wrong-identifiers.sv:17:6: Syntax error: extraneous input '$' expecting {'this', 'randomize', 'sample', ESCAPED_IDENTIFIER, SIMPLE_IDENTIFIER},
  reg $dollar;
      ^-- $Source01/5.6--wrong-identifiers.sv:17:6:.
[SNT:PA0207] $Source01/5.6--wrong-identifiers.sv:18:6: Syntax error: extraneous input '0' expecting {'this', 'randomize', 'sample', ESCAPED_IDENTIFIER, SIMPLE_IDENTIFIER},
  reg 0number;
      ^-- $Source01/5.6--wrong-identifiers.sv:18:6:.
[SNT:PA0207] $Source01/5.6--wrong-identifiers.sv:19: Syntax error: extraneous input 'endmodule' expecting <EOF>,
endmodule
^-- $Source01/5.6--wrong-identifiers.sv:19:0:.
[INF:CM0029] Using global timescale: "1ns/1ns".
====== UHDM =======
Design name:unnamed:
  vpiName: unnamed
  vpiSourceFiles (1 items):
    SourceFile name:5.6--wrong-identifiers.sv file:$Source01/5.6--wrong-identifiers.sv:
      vpiParent: Design name:unnamed
      vpiName: "5.6--wrong-identifiers.sv"
      vpiPreprocFile: "$Output/lib/work/5.6--wrong-identifiers.sv"
      vpiDefNetType: none (12)
  vpiAllModules (2 items):
    Module file:$Source01/5.6--wrong-identifiers.sv start:16:1 end:16:1:
      vpiParent: Design name:unnamed
      vpiDefNetType: none (12)
    Module file:$Source01/5.6--wrong-identifiers.sv start:16:1 end:16:7:
      vpiParent: Design name:unnamed
      vpiDefNetType: none (12)
  vpiTypespec (3 items):
    ModuleTypespec:
      vpiParent: Design name:unnamed
      vpiModule: Module
    ModuleTypespec:
      vpiParent: Design name:unnamed
      vpiModule: Module
    LogicTypespec:
      vpiParent: Design name:unnamed
===================

[  FATAL] : 0
[ SYNTAX] : 4
[  ERROR] : 0
[WARNING] : 0
[   NOTE] : 0

#**#**#**#**#**#**#**#**#**#**#**#**#**#**#**#**#**#**#**#**#**#**#**#**#**#**#**#**#**#**#**#**#**#**#**#**#**#**#**#**

Environment:
      test-name: Google/chapter-5/5.6--wrong-identifiers
   test-dirpath: ${SURELOG_DIR}/regression/Google/chapter-5/5.6--wrong-identifiers
  uhdm-filepath: ${SURELOG_DIR}/regression/Google/chapter-5/5.6--wrong-identifiers/surelog.uhdm
mounts-filepath: ${SURELOG_DIR}/regression/Google/chapter-5/5.6--wrong-identifiers/mounts.json


{'result': {'coverage': 53.7,
            'error_count': 0,
            'file_count': 1,
            'files': {'$Output/lib/work/5.6--wrong-identifiers.sv': {'post_len': 25,
                                                                     'pre_len': 54}},
            'post_len': 25,
            'pre_len': 54,
            'test_name': 'Google/chapter-5/5.6--wrong-identifiers'}}

+--------------------------------------------+----------+-----------+
| INPUT                                      |   PRELEN |   POSTLEN |
+============================================+==========+===========+
| $Output/lib/work/5.6--wrong-identifiers.sv |       54 |        25 |
+============================================+==========+===========+
|                                            |       54 |        25 |
+--------------------------------------------+----------+-----------+

[   ERROR] : 0
[COVERAGE] : 53.7


#**#**#**#**#**#**#**#**#**#**#**#**#**#**#**#**#**#**#**#**#**#**#**#**#**#**#**#**#**#**#**#**#**#**#**#**#**#**#**#**

COMMAND: ${SURELOG_DIR}/regression/Google/chapter-5/5.6--wrong-identifiers/surelog.uhdm ${SURELOG_DIR}/regression/Google/chapter-5/5.6--wrong-identifiers/reduced.uhdm

==================== BEGIN REDUCTION RESULT ====================
Name                            Before   After   Added   Removed
----------------------------------------------------------------
----------------------------------------------------------------
Others                               7       7       0         0
----------------------------------------------------------------
                                     7       7       0         0
===================== END REDUCTION RESULT =====================
