********************************************************************************
*                   Begin HLC SystemVerilog Compiler/Linter                    *
********************************************************************************
Copyright (c) 2020 Apotell,
http://www.apache.org/licenses/LICENSE-2.0
VERSION: 1.84
COMMAND: -wd ../../../tests/Verilator +incdir+. -nobuiltin -timescale=1ns/1ns -d ast -d db t_lint_mod_paren_bad.v -mt 0 -mp 0 -d dbstats -d cache -d db -nostdout -o ${HLC_DIR}/regression/Verilator/t_lint_mod_paren_bad
[INF:CM0023] Creating log file "$Output/hlc.log".
[INF:PP0122] Preprocessing source file "$Source01/t_lint_mod_paren_bad.v".
[INF:PA0201] Parsing source file "$Source01/t_lint_mod_paren_bad.v".
[SNT:PA0207] $Source01/t_lint_mod_paren_bad.v:12:5: Syntax error: mismatched input '(' expecting ';',
   ) (
     ^-- $Source01/t_lint_mod_paren_bad.v:12:5:.
AST_DEBUG_BEGIN
Count: 51
LIB: work
FILE: f<13>:$Source01/t_lint_mod_paren_bad.v
n<$Source01/t_lint_mod_paren_bad.v> u<50> t<Top_level_rule> c<1> l<9:1> el<19:1>
  n<> u<1> t<Null_rule> p<50> s<2> l<9:1> el<9:1>
  n<// DESCRIPTION: Verilator: Verilog Test module> u<2> t<LINE_COMMENT> p<50> s<3> l<1:1> el<1:47>
  n<//> u<3> t<LINE_COMMENT> p<50> s<4> l<2:1> el<2:3>
  n<// This file ONLY is placed into the Public Domain, for any use,> u<4> t<LINE_COMMENT> p<50> s<5> l<3:1> el<3:65>
  n<// without warranty, 2018 by Wilson Snyder.> u<5> t<LINE_COMMENT> p<50> s<6> l<4:1> el<4:44>
  n<// Should have been:> u<6> t<LINE_COMMENT> p<50> s<7> l<6:1> el<6:21>
  n<//module t #(> u<7> t<LINE_COMMENT> p<50> s<49> l<7:1> el<7:14>
  n<> u<49> t<Source_text> p<50> c<48> l<9:1> el<18:10>
    n<> u<48> t<Description> p<49> c<47> l<9:1> el<18:10>
      n<> u<47> t<Module_declaration> p<48> c<21> l<9:1> el<18:10>
        n<> u<21> t<Module_ansi_header> p<47> c<8> s<23> l<9:1> el<13:13>
          n<module> u<8> t<Module_keyword> p<21> s<9> l<9:1> el<9:7>
          n<t> u<9> t<SIMPLE_IDENTIFIER> p<21> s<10> l<9:8> el<9:9>
          n<> u<10> t<Package_import_declaration_list> p<21> s<20> l<10:3> el<10:3>
          n<> u<20> t<Port_declaration_list> p<21> c<19> l<10:3> el<12:5>
            n<> u<19> t<Ansi_port_declaration> p<20> c<13> l<11:4> el<11:9>
              n<> u<13> t<Net_port_header> p<19> c<12> s<14> l<11:4> el<11:4>
                n<> u<12> t<Net_port_type> p<13> c<11> l<11:4> el<11:4>
                  n<> u<11> t<Data_type_or_implicit> p<12> l<11:4> el<11:4>
              n<FOO> u<14> t<SIMPLE_IDENTIFIER> p<19> s<18> l<11:4> el<11:7>
              n<> u<18> t<Constant_expression> p<19> c<17> l<11:8> el<11:9>
                n<> u<17> t<Constant_primary> p<18> c<16> l<11:8> el<11:9>
                  n<> u<16> t<Primary_literal> p<17> c<15> l<11:8> el<11:9>
                    n<1> u<15> t<INTEGRAL_NUMBER> p<16> l<11:8> el<11:9>
        n<> u<23> t<Non_port_module_item> p<47> c<22> s<25> l<13:14> el<13:14>
          n<> u<22> t<Module_or_generate_item> p<23> l<13:14> el<13:14>
        n<> u<25> t<Non_port_module_item> p<47> c<24> s<30> l<13:14> el<14:8>
          n<> u<24> t<Module_or_generate_item> p<25> l<13:14> el<14:8>
        n<> u<30> t<Non_port_module_item> p<47> c<29> s<45> l<14:8> el<14:9>
          n<> u<29> t<Module_or_generate_item> p<30> c<28> l<14:8> el<14:9>
            n<> u<28> t<Module_common_item> p<29> c<27> l<14:8> el<14:9>
              n<> u<27> t<Module_or_generate_item_declaration> p<28> c<26> l<14:8> el<14:9>
                n<> u<26> t<Package_or_generate_item_declaration> p<27> l<14:8> el<14:9>
        n<> u<45> t<Non_port_module_item> p<47> c<44> s<46> l<16:4> el<16:21>
          n<> u<44> t<Module_or_generate_item> p<45> c<43> l<16:4> el<16:21>
            n<> u<43> t<Module_common_item> p<44> c<42> l<16:4> el<16:21>
              n<> u<42> t<Continuous_assign> p<43> c<41> l<16:4> el<16:21>
                n<> u<41> t<Net_assignment_list> p<42> c<40> l<16:11> el<16:20>
                  n<> u<40> t<Net_assignment> p<41> c<35> l<16:11> el<16:20>
                    n<> u<35> t<Net_lvalue> p<40> c<32> s<39> l<16:11> el<16:14>
                      n<> u<32> t<Ps_or_hierarchical_identifier> p<35> c<31> s<34> l<16:11> el<16:14>
                        n<bar> u<31> t<SIMPLE_IDENTIFIER> p<32> l<16:11> el<16:14>
                      n<> u<34> t<Constant_select> p<35> c<33> l<16:15> el<16:15>
                        n<> u<33> t<Constant_bit_select> p<34> l<16:15> el<16:15>
                    n<> u<39> t<Expression> p<40> c<38> l<16:17> el<16:20>
                      n<> u<38> t<Primary> p<39> c<37> l<16:17> el<16:20>
                        n<> u<37> t<Primary_literal> p<38> c<36> l<16:17> el<16:20>
                          n<FOO> u<36> t<SIMPLE_IDENTIFIER> p<37> l<16:17> el<16:20>
        n<> u<46> t<ENDMODULE> p<47> l<18:1> el<18:10>
AST_DEBUG_END
[INF:CP0303] $Source01/t_lint_mod_paren_bad.v:9:1: Compile module "work@t".
[INF:CM0029] Using global timescale: "1ns/1ns".
[ERR:EL0535] $Source01/t_lint_mod_paren_bad.v:16:11: Illegal implicit net "id:17, name:bar".
====== HLDB =======
Design name:unnamed:
  vpiName: unnamed
  vpiSourceFile (1 items):
    SourceFile name:t_lint_mod_paren_bad.v file:$Source01/t_lint_mod_paren_bad.v:
      vpiParent: Design name:unnamed
      vpiName: t_lint_mod_paren_bad.v
      vpiPreprocFile: "$Output/lib/work/t_lint_mod_paren_bad.v"
      vpiDefNetType: none (12)
  vpiAllModules (1 items):
    Module name:work@t file:$Source01/t_lint_mod_paren_bad.v start:9:1 end:18:10:
      vpiParent: Design name:unnamed
      vpiName Identifier name:work@t start:9:8 end:9:9:
        vpiParent: Module name:work@t
        vpiName: work@t
      vpiFullName: work@t
      vpiTypespec (1 items):
        LogicTypespec:
          vpiParent: Module name:work@t
      vpiDefName: work@t
      vpiDefNetType: none (12)
      vpiLibrary RefObj name:work:
        vpiParent: Module name:work@t
        vpiName: work
        vpiFullName: work@t.work
      vpiCell: t
      vpiNet (1 items):
        Net name:FOO start:11:4 end:11:7:
          vpiParent: Module name:work@t
          vpiTypespec RefTypespec start:11:4 end:11:4:
            vpiParent: Net name:FOO
            vpiFullName: work@t.FOO
            vpiActual: LogicTypespec
          vpiName: FOO
          vpiFullName: work@t.FOO
          vpiNetType: wire (1)
          vpiValue Constant start:11:8 end:11:9:
            vpiParent: Net name:FOO
            vpiTypespec RefTypespec:
              vpiParent: Constant
              vpiFullName: work@t.FOO
              vpiActual: IntTypespec
            vpiConstType: unsigned int (9)
            vpiSize: 64
            vpiDecompile: "1"
            vpiValue: 1
      vpiPort (1 items):
        Port name:FOO start:11:4 end:11:7:
          vpiParent: Module name:work@t
          vpiName: FOO
          vpiDirection: inout (3)
          vpiLowConn RefObj start:11:4 end:11:7:
            vpiParent: Port name:FOO
            vpiFullName: work@t.FOO
            vpiActual: Net name:FOO
          vpiTypespec RefTypespec start:11:4 end:11:4:
            vpiParent: Port name:FOO
            vpiFullName: work@t.FOO
            vpiActual: LogicTypespec
      vpiContAssign (1 items):
        ContAssign start:16:11 end:16:20:
          vpiParent: Module name:work@t
          vpiLhs RefObj name:bar start:16:11 end:16:14:
            vpiParent: ContAssign
            vpiName: bar
            vpiFullName: work@t.bar
          vpiRhs RefObj name:FOO start:16:17 end:16:20:
            vpiParent: ContAssign
            vpiName: FOO
            vpiFullName: work@t.FOO
            vpiActual: Net name:FOO
  vpiTypespec (2 items):
    ModuleTypespec name:work@t:
      vpiParent: Design name:unnamed
      vpiName Identifier name:work@t start:9:8 end:9:9:
        vpiParent: ModuleTypespec name:work@t
        vpiName: work@t
      vpiModule: Module name:work@t
    IntTypespec:
      vpiParent: Design name:unnamed
      vpiSigned: true
===================
[  FATAL] : 0
[ SYNTAX] : 1
[  ERROR] : 1
[WARNING] : 0
[   NOTE] : 0
********************************************************************************
*                    End HLC SystemVerilog Compiler/Linter                     *
********************************************************************************

#**#**#**#**#**#**#**#**#**#**#**#**#**#**#**#**#**#**#**#**#**#**#**#**#**#**#**#**#**#**#**#**#**#**#**#**#**#**#**#**

Environment:
      test-name: Verilator/t_lint_mod_paren_bad
   test-dirpath: ${HLC_DIR}/regression/Verilator/t_lint_mod_paren_bad
  hldb-filepath: ${HLC_DIR}/regression/Verilator/t_lint_mod_paren_bad/design.hldb
mounts-filepath: ${HLC_DIR}/regression/Verilator/t_lint_mod_paren_bad/mounts.json


{'result': {'coverage': 94.55,
            'error_count': 0,
            'file_count': 1,
            'files': {'$Output/lib/work/t_lint_mod_paren_bad.v': {'post_len': 3,
                                                                  'pre_len': 55}},
            'post_len': 3,
            'pre_len': 55,
            'test_name': 'Verilator/t_lint_mod_paren_bad'}}

+-----------------------------------------+----------+-----------+
| INPUT                                   |   PRELEN |   POSTLEN |
+=========================================+==========+===========+
| $Output/lib/work/t_lint_mod_paren_bad.v |       55 |         3 |
+=========================================+==========+===========+
|                                         |       55 |         3 |
+-----------------------------------------+----------+-----------+

[   ERROR] : 0
[COVERAGE] : 94.55


#**#**#**#**#**#**#**#**#**#**#**#**#**#**#**#**#**#**#**#**#**#**#**#**#**#**#**#**#**#**#**#**#**#**#**#**#**#**#**#**

COMMAND: ${HLC_DIR}/regression/Verilator/t_lint_mod_paren_bad/design.hldb ${HLC_DIR}/regression/Verilator/t_lint_mod_paren_bad/reduced.hldb

==================== BEGIN REDUCTION RESULT ====================
Name                            Before   After   Added   Removed
----------------------------------------------------------------
----------------------------------------------------------------
Others                              19      19       0         0
----------------------------------------------------------------
                                    19      19       0         0
===================== END REDUCTION RESULT =====================
