[INF:CM0023] Creating log file "$Output/hlc.log".
AST_DEBUG_BEGIN
Count: 165
LIB: work
FILE: $Source01/std-6.1.2-contassign.v
n<$Source01/std-6.1.2-contassign.v> u<164> t<Top_level_rule> c<1> l<1:1> el<10:1>
  n<> u<1> t<Null_rule> p<164> s<163> l<1:1>
  n<> u<163> t<Source_text> p<164> c<162> l<1:1> el<9:10>
    n<> u<162> t<Description> p<163> c<161> l<1:1> el<9:10>
      n<> u<161> t<Module_declaration> p<162> c<36> l<1:1> el<9:10>
        n<> u<36> t<Module_nonansi_header> p<161> c<2> s<43> l<1:1> el<1:55>
          n<module> u<2> t<Module_keyword> p<36> s<3> l<1:1> el<1:7>
          n<adder> u<3> t<SIMPLE_IDENTIFIER> p<36> s<4> l<1:8> el<1:13>
          n<> u<4> t<Package_import_declaration_list> p<36> s<35> l<1:14> el<1:14>
          n<> u<35> t<Port_list> p<36> c<10> l<1:14> el<1:54>
            n<> u<10> t<Port> p<35> c<9> s<16> l<1:15> el<1:22>
              n<> u<9> t<Port_expression> p<10> c<8> l<1:15> el<1:22>
                n<> u<8> t<Port_reference> p<9> c<5> l<1:15> el<1:22>
                  n<sum_out> u<5> t<SIMPLE_IDENTIFIER> p<8> s<7> l<1:15> el<1:22>
                  n<> u<7> t<Constant_select> p<8> c<6> l<1:22> el<1:22>
                    n<> u<6> t<Constant_bit_select> p<7> l<1:22> el<1:22>
            n<> u<16> t<Port> p<35> c<15> s<22> l<1:24> el<1:33>
              n<> u<15> t<Port_expression> p<16> c<14> l<1:24> el<1:33>
                n<> u<14> t<Port_reference> p<15> c<11> l<1:24> el<1:33>
                  n<carry_out> u<11> t<SIMPLE_IDENTIFIER> p<14> s<13> l<1:24> el<1:33>
                  n<> u<13> t<Constant_select> p<14> c<12> l<1:33> el<1:33>
                    n<> u<12> t<Constant_bit_select> p<13> l<1:33> el<1:33>
            n<> u<22> t<Port> p<35> c<21> s<28> l<1:35> el<1:43>
              n<> u<21> t<Port_expression> p<22> c<20> l<1:35> el<1:43>
                n<> u<20> t<Port_reference> p<21> c<17> l<1:35> el<1:43>
                  n<carry_in> u<17> t<SIMPLE_IDENTIFIER> p<20> s<19> l<1:35> el<1:43>
                  n<> u<19> t<Constant_select> p<20> c<18> l<1:43> el<1:43>
                    n<> u<18> t<Constant_bit_select> p<19> l<1:43> el<1:43>
            n<> u<28> t<Port> p<35> c<27> s<34> l<1:45> el<1:48>
              n<> u<27> t<Port_expression> p<28> c<26> l<1:45> el<1:48>
                n<> u<26> t<Port_reference> p<27> c<23> l<1:45> el<1:48>
                  n<ina> u<23> t<SIMPLE_IDENTIFIER> p<26> s<25> l<1:45> el<1:48>
                  n<> u<25> t<Constant_select> p<26> c<24> l<1:48> el<1:48>
                    n<> u<24> t<Constant_bit_select> p<25> l<1:48> el<1:48>
            n<> u<34> t<Port> p<35> c<33> l<1:50> el<1:53>
              n<> u<33> t<Port_expression> p<34> c<32> l<1:50> el<1:53>
                n<> u<32> t<Port_reference> p<33> c<29> l<1:50> el<1:53>
                  n<inb> u<29> t<SIMPLE_IDENTIFIER> p<32> s<31> l<1:50> el<1:53>
                  n<> u<31> t<Constant_select> p<32> c<30> l<1:53> el<1:53>
                    n<> u<30> t<Constant_bit_select> p<31> l<1:53> el<1:53>
        n<> u<43> t<Module_item> p<161> c<42> s<60> l<2:1> el<2:18>
          n<> u<42> t<Port_declaration> p<43> c<41> l<2:1> el<2:17>
            n<> u<41> t<Output_declaration> p<42> c<38> l<2:1> el<2:17>
              n<> u<38> t<Net_port_type> p<41> c<37> s<40> l<2:8> el<2:8>
                n<> u<37> t<Data_type_or_implicit> p<38> l<2:8> el<2:8>
              n<> u<40> t<Port_identifier_list> p<41> c<39> l<2:8> el<2:17>
                n<carry_out> u<39> t<SIMPLE_IDENTIFIER> p<40> l<2:8> el<2:17>
        n<> u<60> t<Module_item> p<161> c<59> s<78> l<3:1> el<3:22>
          n<> u<59> t<Port_declaration> p<60> c<58> l<3:1> el<3:21>
            n<> u<58> t<Output_declaration> p<59> c<55> l<3:1> el<3:21>
              n<> u<55> t<Net_port_type> p<58> c<54> s<57> l<3:8> el<3:13>
                n<> u<54> t<Data_type_or_implicit> p<55> c<53> l<3:8> el<3:13>
                  n<> u<53> t<Packed_dimension> p<54> c<52> l<3:8> el<3:13>
                    n<> u<52> t<Constant_range> p<53> c<47> l<3:9> el<3:12>
                      n<> u<47> t<Constant_expression> p<52> c<46> s<51> l<3:9> el<3:10>
                        n<> u<46> t<Constant_primary> p<47> c<45> l<3:9> el<3:10>
                          n<> u<45> t<Primary_literal> p<46> c<44> l<3:9> el<3:10>
                            n<3> u<44> t<INTEGRAL_NUMBER> p<45> l<3:9> el<3:10>
                      n<> u<51> t<Constant_expression> p<52> c<50> l<3:11> el<3:12>
                        n<> u<50> t<Constant_primary> p<51> c<49> l<3:11> el<3:12>
                          n<> u<49> t<Primary_literal> p<50> c<48> l<3:11> el<3:12>
                            n<0> u<48> t<INTEGRAL_NUMBER> p<49> l<3:11> el<3:12>
              n<> u<57> t<Port_identifier_list> p<58> c<56> l<3:14> el<3:21>
                n<sum_out> u<56> t<SIMPLE_IDENTIFIER> p<57> l<3:14> el<3:21>
        n<> u<78> t<Module_item> p<161> c<77> s<85> l<4:1> el<4:22>
          n<> u<77> t<Port_declaration> p<78> c<76> l<4:1> el<4:21>
            n<> u<76> t<Input_declaration> p<77> c<72> l<4:1> el<4:21>
              n<> u<72> t<Net_port_type> p<76> c<71> s<75> l<4:7> el<4:12>
                n<> u<71> t<Data_type_or_implicit> p<72> c<70> l<4:7> el<4:12>
                  n<> u<70> t<Packed_dimension> p<71> c<69> l<4:7> el<4:12>
                    n<> u<69> t<Constant_range> p<70> c<64> l<4:8> el<4:11>
                      n<> u<64> t<Constant_expression> p<69> c<63> s<68> l<4:8> el<4:9>
                        n<> u<63> t<Constant_primary> p<64> c<62> l<4:8> el<4:9>
                          n<> u<62> t<Primary_literal> p<63> c<61> l<4:8> el<4:9>
                            n<3> u<61> t<INTEGRAL_NUMBER> p<62> l<4:8> el<4:9>
                      n<> u<68> t<Constant_expression> p<69> c<67> l<4:10> el<4:11>
                        n<> u<67> t<Constant_primary> p<68> c<66> l<4:10> el<4:11>
                          n<> u<66> t<Primary_literal> p<67> c<65> l<4:10> el<4:11>
                            n<0> u<65> t<INTEGRAL_NUMBER> p<66> l<4:10> el<4:11>
              n<> u<75> t<Port_identifier_list> p<76> c<73> l<4:13> el<4:21>
                n<ina> u<73> t<SIMPLE_IDENTIFIER> p<75> s<74> l<4:13> el<4:16>
                n<inb> u<74> t<SIMPLE_IDENTIFIER> p<75> l<4:18> el<4:21>
        n<> u<85> t<Module_item> p<161> c<84> s<99> l<5:1> el<5:16>
          n<> u<84> t<Port_declaration> p<85> c<83> l<5:1> el<5:15>
            n<> u<83> t<Input_declaration> p<84> c<80> l<5:1> el<5:15>
              n<> u<80> t<Net_port_type> p<83> c<79> s<82> l<5:7> el<5:7>
                n<> u<79> t<Data_type_or_implicit> p<80> l<5:7> el<5:7>
              n<> u<82> t<Port_identifier_list> p<83> c<81> l<5:7> el<5:15>
                n<carry_in> u<81> t<SIMPLE_IDENTIFIER> p<82> l<5:7> el<5:15>
        n<> u<99> t<Module_item> p<161> c<98> s<125> l<6:1> el<6:26>
          n<> u<98> t<Non_port_module_item> p<99> c<97> l<6:1> el<6:26>
            n<> u<97> t<Module_or_generate_item> p<98> c<96> l<6:1> el<6:26>
              n<> u<96> t<Module_common_item> p<97> c<95> l<6:1> el<6:26>
                n<> u<95> t<Module_or_generate_item_declaration> p<96> c<94> l<6:1> el<6:26>
                  n<> u<94> t<Package_or_generate_item_declaration> p<95> c<93> l<6:1> el<6:26>
                    n<> u<93> t<Net_declaration> p<94> c<86> l<6:1> el<6:26>
                      n<> u<86> t<WIRE> p<93> s<87> l<6:1> el<6:5>
                      n<> u<87> t<Data_type_or_implicit> p<93> s<92> l<6:6> el<6:6>
                      n<> u<92> t<Net_decl_assignment_list> p<93> c<89> l<6:6> el<6:25>
                        n<> u<89> t<Net_decl_assignment> p<92> c<88> s<91> l<6:6> el<6:15>
                          n<carry_out> u<88> t<SIMPLE_IDENTIFIER> p<89> l<6:6> el<6:15>
                        n<> u<91> t<Net_decl_assignment> p<92> c<90> l<6:17> el<6:25>
                          n<carry_in> u<90> t<SIMPLE_IDENTIFIER> p<91> l<6:17> el<6:25>
        n<> u<125> t<Module_item> p<161> c<124> s<159> l<7:1> el<7:30>
          n<> u<124> t<Non_port_module_item> p<125> c<123> l<7:1> el<7:30>
            n<> u<123> t<Module_or_generate_item> p<124> c<122> l<7:1> el<7:30>
              n<> u<122> t<Module_common_item> p<123> c<121> l<7:1> el<7:30>
                n<> u<121> t<Module_or_generate_item_declaration> p<122> c<120> l<7:1> el<7:30>
                  n<> u<120> t<Package_or_generate_item_declaration> p<121> c<119> l<7:1> el<7:30>
                    n<> u<119> t<Net_declaration> p<120> c<100> l<7:1> el<7:30>
                      n<> u<100> t<WIRE> p<119> s<111> l<7:1> el<7:5>
                      n<> u<111> t<Data_type_or_implicit> p<119> c<110> s<118> l<7:6> el<7:11>
                        n<> u<110> t<Packed_dimension> p<111> c<109> l<7:6> el<7:11>
                          n<> u<109> t<Constant_range> p<110> c<104> l<7:7> el<7:10>
                            n<> u<104> t<Constant_expression> p<109> c<103> s<108> l<7:7> el<7:8>
                              n<> u<103> t<Constant_primary> p<104> c<102> l<7:7> el<7:8>
                                n<> u<102> t<Primary_literal> p<103> c<101> l<7:7> el<7:8>
                                  n<3> u<101> t<INTEGRAL_NUMBER> p<102> l<7:7> el<7:8>
                            n<> u<108> t<Constant_expression> p<109> c<107> l<7:9> el<7:10>
                              n<> u<107> t<Constant_primary> p<108> c<106> l<7:9> el<7:10>
                                n<> u<106> t<Primary_literal> p<107> c<105> l<7:9> el<7:10>
                                  n<0> u<105> t<INTEGRAL_NUMBER> p<106> l<7:9> el<7:10>
                      n<> u<118> t<Net_decl_assignment_list> p<119> c<113> l<7:12> el<7:29>
                        n<> u<113> t<Net_decl_assignment> p<118> c<112> s<115> l<7:12> el<7:19>
                          n<sum_out> u<112> t<SIMPLE_IDENTIFIER> p<113> l<7:12> el<7:19>
                        n<> u<115> t<Net_decl_assignment> p<118> c<114> s<117> l<7:21> el<7:24>
                          n<ina> u<114> t<SIMPLE_IDENTIFIER> p<115> l<7:21> el<7:24>
                        n<> u<117> t<Net_decl_assignment> p<118> c<116> l<7:26> el<7:29>
                          n<inb> u<116> t<SIMPLE_IDENTIFIER> p<117> l<7:26> el<7:29>
        n<> u<159> t<Module_item> p<161> c<158> s<160> l<8:1> el<8:52>
          n<> u<158> t<Non_port_module_item> p<159> c<157> l<8:1> el<8:52>
            n<> u<157> t<Module_or_generate_item> p<158> c<156> l<8:1> el<8:52>
              n<> u<156> t<Module_common_item> p<157> c<155> l<8:1> el<8:52>
                n<> u<155> t<Continuous_assign> p<156> c<154> l<8:1> el<8:52>
                  n<> u<154> t<Net_assignment_list> p<155> c<153> l<8:8> el<8:51>
                    n<> u<153> t<Net_assignment> p<154> c<136> l<8:8> el<8:51>
                      n<> u<136> t<Net_lvalue> p<153> c<130> s<152> l<8:8> el<8:28>
                        n<> u<130> t<Net_lvalue> p<136> c<127> s<135> l<8:9> el<8:18>
                          n<> u<127> t<Ps_or_hierarchical_identifier> p<130> c<126> s<129> l<8:9> el<8:18>
                            n<carry_out> u<126> t<SIMPLE_IDENTIFIER> p<127> l<8:9> el<8:18>
                          n<> u<129> t<Constant_select> p<130> c<128> l<8:18> el<8:18>
                            n<> u<128> t<Constant_bit_select> p<129> l<8:18> el<8:18>
                        n<> u<135> t<Net_lvalue> p<136> c<132> l<8:20> el<8:27>
                          n<> u<132> t<Ps_or_hierarchical_identifier> p<135> c<131> s<134> l<8:20> el<8:27>
                            n<sum_out> u<131> t<SIMPLE_IDENTIFIER> p<132> l<8:20> el<8:27>
                          n<> u<134> t<Constant_select> p<135> c<133> l<8:27> el<8:27>
                            n<> u<133> t<Constant_bit_select> p<134> l<8:27> el<8:27>
                      n<> u<152> t<Expression> p<153> c<146> l<8:31> el<8:51>
                        n<> u<146> t<Expression> p<152> c<140> s<151> l<8:31> el<8:40>
                          n<> u<140> t<Expression> p<146> c<139> s<145> l<8:31> el<8:34>
                            n<> u<139> t<Primary> p<140> c<138> l<8:31> el<8:34>
                              n<> u<138> t<Primary_literal> p<139> c<137> l<8:31> el<8:34>
                                n<ina> u<137> t<SIMPLE_IDENTIFIER> p<138> l<8:31> el<8:34>
                          n<> u<145> t<BinaryOp_Plus> p<146> s<144> l<8:35> el<8:36>
                          n<> u<144> t<Expression> p<146> c<143> l<8:37> el<8:40>
                            n<> u<143> t<Primary> p<144> c<142> l<8:37> el<8:40>
                              n<> u<142> t<Primary_literal> p<143> c<141> l<8:37> el<8:40>
                                n<inb> u<141> t<SIMPLE_IDENTIFIER> p<142> l<8:37> el<8:40>
                        n<> u<151> t<BinaryOp_Plus> p<152> s<150> l<8:41> el<8:42>
                        n<> u<150> t<Expression> p<152> c<149> l<8:43> el<8:51>
                          n<> u<149> t<Primary> p<150> c<148> l<8:43> el<8:51>
                            n<> u<148> t<Primary_literal> p<149> c<147> l<8:43> el<8:51>
                              n<carry_in> u<147> t<SIMPLE_IDENTIFIER> p<148> l<8:43> el<8:51>
        n<> u<160> t<ENDMODULE> p<161> l<9:1> el<9:10>
AST_DEBUG_END
[INF:CP0303] $Source01/std-6.1.2-contassign.v:1:1: Compile module "work@adder".
[INF:CM0029] Using global timescale: "1ns/1ns".
====== UHDM =======
Design name:unnamed:
  vpiName: unnamed
  vpiSourceFiles (1 items):
    SourceFile name:std-6.1.2-contassign.v file:$Source01/std-6.1.2-contassign.v:
      vpiParent: Design name:unnamed
      vpiName: std-6.1.2-contassign.v
      vpiPreprocFile: "$Output/lib/work/std-6.1.2-contassign.v"
      vpiDefNetType: none (12)
  vpiAllModules (1 items):
    Module name:work@adder file:$Source01/std-6.1.2-contassign.v start:1:1 end:9:10:
      vpiParent: Design name:unnamed
      vpiName Identifier name:work@adder start:1:8 end:1:13:
        vpiParent: Module name:work@adder
        vpiName: work@adder
      vpiFullName: work@adder
      vpiTypespec (4 items):
        LogicTypespec:
          vpiParent: Module name:work@adder
        LogicTypespec:
          vpiParent: Module name:work@adder
          vpiRange (1 items):
            Range start:3:8 end:3:13:
              vpiParent: LogicTypespec
              vpiLeftRange Constant start:3:9 end:3:10:
                vpiParent: Range
                vpiTypespec RefTypespec:
                  vpiParent: Constant
                  vpiFullName: work@adder
                  vpiActual: IntTypespec
                vpiConstType: unsigned int (9)
                vpiSize: 64
                vpiDecompile: "3"
                vpiValue: 3
              vpiRightRange Constant start:3:11 end:3:12:
                vpiParent: Range
                vpiTypespec RefTypespec:
                  vpiParent: Constant
                  vpiFullName: work@adder
                  vpiActual: IntTypespec
                vpiConstType: unsigned int (9)
                vpiSize: 64
                vpiDecompile: "0"
                vpiValue: 0
          vpiVector: true
        LogicTypespec:
          vpiParent: Module name:work@adder
          vpiRange (1 items):
            Range start:4:7 end:4:12:
              vpiParent: LogicTypespec
              vpiLeftRange Constant start:4:8 end:4:9:
                vpiParent: Range
                vpiTypespec RefTypespec:
                  vpiParent: Constant
                  vpiFullName: work@adder
                  vpiActual: IntTypespec
                vpiConstType: unsigned int (9)
                vpiSize: 64
                vpiDecompile: "3"
                vpiValue: 3
              vpiRightRange Constant start:4:10 end:4:11:
                vpiParent: Range
                vpiTypespec RefTypespec:
                  vpiParent: Constant
                  vpiFullName: work@adder
                  vpiActual: IntTypespec
                vpiConstType: unsigned int (9)
                vpiSize: 64
                vpiDecompile: "0"
                vpiValue: 0
          vpiVector: true
        LogicTypespec:
          vpiParent: Module name:work@adder
          vpiRange (1 items):
            Range start:7:6 end:7:11:
              vpiParent: LogicTypespec
              vpiLeftRange Constant start:7:7 end:7:8:
                vpiParent: Range
                vpiTypespec RefTypespec:
                  vpiParent: Constant
                  vpiFullName: work@adder
                  vpiActual: IntTypespec
                vpiConstType: unsigned int (9)
                vpiSize: 64
                vpiDecompile: "3"
                vpiValue: 3
              vpiRightRange Constant start:7:9 end:7:10:
                vpiParent: Range
                vpiTypespec RefTypespec:
                  vpiParent: Constant
                  vpiFullName: work@adder
                  vpiActual: IntTypespec
                vpiConstType: unsigned int (9)
                vpiSize: 64
                vpiDecompile: "0"
                vpiValue: 0
          vpiVector: true
      vpiDefName: work@adder
      vpiDefNetType: none (12)
      vpiNet (5 items):
        Net name:sum_out start:3:14 end:3:21:
          vpiParent: Module name:work@adder
          vpiTypespec RefTypespec start:3:8 end:3:13:
            vpiParent: Net name:sum_out
            vpiFullName: work@adder.sum_out
            vpiActual: LogicTypespec
          vpiName: sum_out
          vpiFullName: work@adder.sum_out
          vpiNetType: wire (1)
        Net name:carry_out start:2:8 end:2:17:
          vpiParent: Module name:work@adder
          vpiTypespec RefTypespec start:2:8 end:2:8:
            vpiParent: Net name:carry_out
            vpiFullName: work@adder.carry_out
            vpiActual: LogicTypespec
          vpiName: carry_out
          vpiFullName: work@adder.carry_out
          vpiNetType: wire (1)
        Net name:carry_in start:5:7 end:5:15:
          vpiParent: Module name:work@adder
          vpiTypespec RefTypespec start:5:7 end:5:7:
            vpiParent: Net name:carry_in
            vpiFullName: work@adder.carry_in
            vpiActual: LogicTypespec
          vpiName: carry_in
          vpiFullName: work@adder.carry_in
          vpiNetType: wire (1)
        Net name:ina start:4:13 end:4:16:
          vpiParent: Module name:work@adder
          vpiTypespec RefTypespec start:4:7 end:4:12:
            vpiParent: Net name:ina
            vpiFullName: work@adder.ina
            vpiActual: LogicTypespec
          vpiName: ina
          vpiFullName: work@adder.ina
          vpiNetType: wire (1)
        Net name:inb start:4:18 end:4:21:
          vpiParent: Module name:work@adder
          vpiTypespec RefTypespec start:4:7 end:4:12:
            vpiParent: Net name:inb
            vpiFullName: work@adder.inb
            vpiActual: LogicTypespec
          vpiName: inb
          vpiFullName: work@adder.inb
          vpiNetType: wire (1)
      vpiPort (5 items):
        Port name:sum_out start:1:15 end:1:22:
          vpiParent: Module name:work@adder
          vpiName: sum_out
          vpiDirection: output (2)
          vpiLowConn RefObj name:sum_out start:1:15 end:1:22:
            vpiParent: Port name:sum_out
            vpiName: sum_out
            vpiFullName: work@adder.sum_out.sum_out
            vpiActual: Net name:sum_out
          vpiTypespec RefTypespec start:3:8 end:3:13:
            vpiParent: Port name:sum_out
            vpiFullName: work@adder.sum_out
            vpiActual: LogicTypespec
        Port name:carry_out start:1:24 end:1:33:
          vpiParent: Module name:work@adder
          vpiName: carry_out
          vpiDirection: output (2)
          vpiLowConn RefObj name:carry_out start:1:24 end:1:33:
            vpiParent: Port name:carry_out
            vpiName: carry_out
            vpiFullName: work@adder.carry_out.carry_out
            vpiActual: Net name:carry_out
          vpiTypespec RefTypespec start:2:8 end:2:8:
            vpiParent: Port name:carry_out
            vpiFullName: work@adder.carry_out
            vpiActual: LogicTypespec
        Port name:carry_in start:1:35 end:1:43:
          vpiParent: Module name:work@adder
          vpiName: carry_in
          vpiDirection: input (1)
          vpiLowConn RefObj name:carry_in start:1:35 end:1:43:
            vpiParent: Port name:carry_in
            vpiName: carry_in
            vpiFullName: work@adder.carry_in.carry_in
            vpiActual: Net name:carry_in
          vpiTypespec RefTypespec start:5:7 end:5:7:
            vpiParent: Port name:carry_in
            vpiFullName: work@adder.carry_in
            vpiActual: LogicTypespec
        Port name:ina start:1:45 end:1:48:
          vpiParent: Module name:work@adder
          vpiName: ina
          vpiDirection: input (1)
          vpiLowConn RefObj name:ina start:1:45 end:1:48:
            vpiParent: Port name:ina
            vpiName: ina
            vpiFullName: work@adder.ina.ina
            vpiActual: Net name:ina
          vpiTypespec RefTypespec start:4:7 end:4:12:
            vpiParent: Port name:ina
            vpiFullName: work@adder.ina
            vpiActual: LogicTypespec
        Port name:inb start:1:50 end:1:53:
          vpiParent: Module name:work@adder
          vpiName: inb
          vpiDirection: input (1)
          vpiLowConn RefObj name:inb start:1:50 end:1:53:
            vpiParent: Port name:inb
            vpiName: inb
            vpiFullName: work@adder.inb.inb
            vpiActual: Net name:inb
          vpiTypespec RefTypespec start:4:7 end:4:12:
            vpiParent: Port name:inb
            vpiFullName: work@adder.inb
            vpiActual: LogicTypespec
      vpiContAssign (1 items):
        ContAssign start:8:8 end:8:51:
          vpiParent: Module name:work@adder
          vpiLhs Operation start:8:8 end:8:28:
            vpiParent: ContAssign
            vpiOpType: concatenation (33)
            vpiOperand (2 items):
              RefObj name:carry_out start:8:9 end:8:18:
                vpiParent: Operation
                vpiName: carry_out
                vpiFullName: work@adder.carry_out
                vpiActual: Net name:carry_out
              RefObj name:sum_out start:8:20 end:8:27:
                vpiParent: Operation
                vpiName: sum_out
                vpiFullName: work@adder.sum_out
                vpiActual: Net name:sum_out
          vpiRhs Operation start:8:31 end:8:51:
            vpiParent: ContAssign
            vpiOpType: add (24)
            vpiOperand (2 items):
              Operation start:8:31 end:8:40:
                vpiParent: Operation
                vpiOpType: add (24)
                vpiOperand (2 items):
                  RefObj name:ina start:8:31 end:8:34:
                    vpiParent: Operation
                    vpiName: ina
                    vpiFullName: work@adder.ina
                    vpiActual: Net name:ina
                  RefObj name:inb start:8:37 end:8:40:
                    vpiParent: Operation
                    vpiName: inb
                    vpiFullName: work@adder.inb
                    vpiActual: Net name:inb
              RefObj name:carry_in start:8:43 end:8:51:
                vpiParent: Operation
                vpiName: carry_in
                vpiFullName: work@adder.carry_in
                vpiActual: Net name:carry_in
  vpiTypespec (2 items):
    ModuleTypespec name:work@adder:
      vpiParent: Design name:unnamed
      vpiName Identifier name:work@adder start:1:8 end:1:13:
        vpiParent: ModuleTypespec name:work@adder
        vpiName: work@adder
      vpiModule: Module name:work@adder
    IntTypespec:
      vpiParent: Design name:unnamed
      vpiSigned: true
===================

[  FATAL] : 0
[ SYNTAX] : 0
[  ERROR] : 0
[WARNING] : 0
[   NOTE] : 0

#**#**#**#**#**#**#**#**#**#**#**#**#**#**#**#**#**#**#**#**#**#**#**#**#**#**#**#**#**#**#**#**#**#**#**#**#**#**#**#**

Environment:
      test-name: UtdSV/std-6.1.2-contassign.v
   test-dirpath: ${SURELOG_DIR}/regression/UtdSV/std-6.1.2-contassign.v
  uhdm-filepath: ${SURELOG_DIR}/regression/UtdSV/std-6.1.2-contassign.v/surelog.uhdm
mounts-filepath: ${SURELOG_DIR}/regression/UtdSV/std-6.1.2-contassign.v/mounts.json


{'result': {'coverage': 86.36,
            'error_count': 0,
            'file_count': 1,
            'files': {'$Output/lib/work/std-6.1.2-contassign.v': {'post_len': 33,
                                                                  'pre_len': 242}},
            'post_len': 33,
            'pre_len': 242,
            'test_name': 'UtdSV/std-6.1.2-contassign.v'}}

+-----------------------------------------+----------+-----------+
| INPUT                                   |   PRELEN |   POSTLEN |
+=========================================+==========+===========+
| $Output/lib/work/std-6.1.2-contassign.v |      242 |        33 |
+=========================================+==========+===========+
|                                         |      242 |        33 |
+-----------------------------------------+----------+-----------+

[   ERROR] : 0
[COVERAGE] : 86.36


#**#**#**#**#**#**#**#**#**#**#**#**#**#**#**#**#**#**#**#**#**#**#**#**#**#**#**#**#**#**#**#**#**#**#**#**#**#**#**#**

COMMAND: ${SURELOG_DIR}/regression/UtdSV/std-6.1.2-contassign.v/surelog.uhdm ${SURELOG_DIR}/regression/UtdSV/std-6.1.2-contassign.v/reduced.uhdm

==================== BEGIN REDUCTION RESULT ====================
Name                            Before   After   Added   Removed
----------------------------------------------------------------
----------------------------------------------------------------
Others                              60      60       0         0
----------------------------------------------------------------
                                    60      60       0         0
===================== END REDUCTION RESULT =====================
