********************************************************************************
*                   Begin HLC SystemVerilog Compiler/Linter                    *
********************************************************************************
Copyright (c) 2020 Apotell,
http://www.apache.org/licenses/LICENSE-2.0
VERSION: 1.84
COMMAND: -wd ../../../../tests/Yosys +incdir+. -nobuiltin -timescale=1ns/1ns -d ast -d db sat/initval.v -mt 0 -d dbstats -d cache -writepp -d db -nostdout -o ${HLC_DIR}/regression/Yosys/sat/initval.v
[INF:CM5022] Creating log file "$Output/hlc.log".
[INF:PP5223] Preprocessing source file "$Source01/sat/initval.v".
[INF:PA5502] Parsing source file "$Source01/sat/initval.v".
AST_DEBUG_BEGIN
Count: 282
LIB: work
FILE<0>:$Source01/sat/initval.v
n<$Source01/sat/initval.v> u<281> t<Top_level_rule> c<1> l<1:1> el<16:1>
  n<> u<1> t<Null_rule> p<281> s<280> l<1:1>
  n<> u<280> t<Source_text> p<281> c<279> l<1:1> el<15:10>
    n<> u<279> t<Description> p<280> c<278> l<1:1> el<15:10>
      n<> u<278> t<Module_declaration> p<279> c<44> l<1:1> el<15:10>
        n<> u<44> t<Module_ansi_header> p<278> c<2> s<70> l<1:1> el<1:59>
          n<module> u<2> t<MODULE> p<44> s<3> l<1:1> el<1:7>
          n<test> u<3> t<SIMPLE_IDENTIFIER> p<44> s<4> l<1:8> el<1:12>
          n<> u<4> t<Package_import_declaration_list> p<44> s<43> l<1:12> el<1:12>
          n<> u<43> t<Port_declaration_list> p<44> c<10> l<1:12> el<1:58>
            n<> u<10> t<Ansi_port_declaration> p<43> c<8> s<26> l<1:13> el<1:22>
              n<> u<8> t<Net_port_header> p<10> c<5> s<9> l<1:13> el<1:18>
                n<> u<5> t<INPUT> p<8> s<7> l<1:13> el<1:18>
                n<> u<7> t<Net_port_type> p<8> c<6> l<1:19> el<1:19>
                  n<> u<6> t<Data_type_or_implicit> p<7> l<1:19> el<1:19>
              n<clk> u<9> t<SIMPLE_IDENTIFIER> p<10> l<1:19> el<1:22>
            n<> u<26> t<Ansi_port_declaration> p<43> c<24> s<42> l<1:24> el<1:39>
              n<> u<24> t<Net_port_header> p<26> c<11> s<25> l<1:24> el<1:35>
                n<> u<11> t<INPUT> p<24> s<23> l<1:24> el<1:29>
                n<> u<23> t<Net_port_type> p<24> c<22> l<1:30> el<1:35>
                  n<> u<22> t<Data_type_or_implicit> p<23> c<21> l<1:30> el<1:35>
                    n<> u<21> t<Packed_dimension> p<22> c<20> l<1:30> el<1:35>
                      n<> u<20> t<Constant_range> p<21> c<15> l<1:31> el<1:34>
                        n<> u<15> t<Constant_expression> p<20> c<14> s<19> l<1:31> el<1:32>
                          n<> u<14> t<Constant_primary> p<15> c<13> l<1:31> el<1:32>
                            n<> u<13> t<Primary_literal> p<14> c<12> l<1:31> el<1:32>
                              n<3> u<12> t<INTEGRAL_NUMBER> p<13> l<1:31> el<1:32>
                        n<> u<19> t<Constant_expression> p<20> c<18> l<1:33> el<1:34>
                          n<> u<18> t<Constant_primary> p<19> c<17> l<1:33> el<1:34>
                            n<> u<17> t<Primary_literal> p<18> c<16> l<1:33> el<1:34>
                              n<0> u<16> t<INTEGRAL_NUMBER> p<17> l<1:33> el<1:34>
              n<bar> u<25> t<SIMPLE_IDENTIFIER> p<26> l<1:36> el<1:39>
            n<> u<42> t<Ansi_port_declaration> p<43> c<40> l<1:41> el<1:57>
              n<> u<40> t<Net_port_header> p<42> c<27> s<41> l<1:41> el<1:53>
                n<> u<27> t<OUTPUT> p<40> s<39> l<1:41> el<1:47>
                n<> u<39> t<Net_port_type> p<40> c<38> l<1:48> el<1:53>
                  n<> u<38> t<Data_type_or_implicit> p<39> c<37> l<1:48> el<1:53>
                    n<> u<37> t<Packed_dimension> p<38> c<36> l<1:48> el<1:53>
                      n<> u<36> t<Constant_range> p<37> c<31> l<1:49> el<1:52>
                        n<> u<31> t<Constant_expression> p<36> c<30> s<35> l<1:49> el<1:50>
                          n<> u<30> t<Constant_primary> p<31> c<29> l<1:49> el<1:50>
                            n<> u<29> t<Primary_literal> p<30> c<28> l<1:49> el<1:50>
                              n<3> u<28> t<INTEGRAL_NUMBER> p<29> l<1:49> el<1:50>
                        n<> u<35> t<Constant_expression> p<36> c<34> l<1:51> el<1:52>
                          n<> u<34> t<Constant_primary> p<35> c<33> l<1:51> el<1:52>
                            n<> u<33> t<Primary_literal> p<34> c<32> l<1:51> el<1:52>
                              n<0> u<32> t<INTEGRAL_NUMBER> p<33> l<1:51> el<1:52>
              n<foo> u<41> t<SIMPLE_IDENTIFIER> p<42> l<1:54> el<1:57>
        n<> u<70> t<Non_port_module_item> p<278> c<69> s<96> l<2:3> el<2:21>
          n<> u<69> t<Module_or_generate_item> p<70> c<68> l<2:3> el<2:21>
            n<> u<68> t<Module_common_item> p<69> c<67> l<2:3> el<2:21>
              n<> u<67> t<Module_or_generate_item_declaration> p<68> c<66> l<2:3> el<2:21>
                n<> u<66> t<Package_or_generate_item_declaration> p<67> c<65> l<2:3> el<2:21>
                  n<> u<65> t<Data_declaration> p<66> c<64> l<2:3> el<2:21>
                    n<> u<64> t<Variable_declaration> p<65> c<56> l<2:3> el<2:21>
                      n<> u<56> t<Data_type> p<64> c<45> s<63> l<2:3> el<2:12>
                        n<> u<45> t<REG> p<56> s<55> l<2:3> el<2:6>
                        n<> u<55> t<Packed_dimension> p<56> c<54> l<2:7> el<2:12>
                          n<> u<54> t<Constant_range> p<55> c<49> l<2:8> el<2:11>
                            n<> u<49> t<Constant_expression> p<54> c<48> s<53> l<2:8> el<2:9>
                              n<> u<48> t<Constant_primary> p<49> c<47> l<2:8> el<2:9>
                                n<> u<47> t<Primary_literal> p<48> c<46> l<2:8> el<2:9>
                                  n<3> u<46> t<INTEGRAL_NUMBER> p<47> l<2:8> el<2:9>
                            n<> u<53> t<Constant_expression> p<54> c<52> l<2:10> el<2:11>
                              n<> u<52> t<Constant_primary> p<53> c<51> l<2:10> el<2:11>
                                n<> u<51> t<Primary_literal> p<52> c<50> l<2:10> el<2:11>
                                  n<0> u<50> t<INTEGRAL_NUMBER> p<51> l<2:10> el<2:11>
                      n<> u<63> t<Variable_decl_assignment_list> p<64> c<62> l<2:13> el<2:20>
                        n<> u<62> t<Variable_decl_assignment> p<63> c<57> l<2:13> el<2:20>
                          n<foo> u<57> t<SIMPLE_IDENTIFIER> p<62> s<61> l<2:13> el<2:16>
                          n<> u<61> t<Expression> p<62> c<60> l<2:19> el<2:20>
                            n<> u<60> t<Primary> p<61> c<59> l<2:19> el<2:20>
                              n<> u<59> t<Primary_literal> p<60> c<58> l<2:19> el<2:20>
                                n<0> u<58> t<INTEGRAL_NUMBER> p<59> l<2:19> el<2:20>
        n<> u<96> t<Non_port_module_item> p<278> c<95> s<142> l<3:3> el<3:26>
          n<> u<95> t<Module_or_generate_item> p<96> c<94> l<3:3> el<3:26>
            n<> u<94> t<Module_common_item> p<95> c<93> l<3:3> el<3:26>
              n<> u<93> t<Module_or_generate_item_declaration> p<94> c<92> l<3:3> el<3:26>
                n<> u<92> t<Package_or_generate_item_declaration> p<93> c<91> l<3:3> el<3:26>
                  n<> u<91> t<Data_declaration> p<92> c<90> l<3:3> el<3:26>
                    n<> u<90> t<Variable_declaration> p<91> c<82> l<3:3> el<3:26>
                      n<> u<82> t<Data_type> p<90> c<71> s<89> l<3:3> el<3:12>
                        n<> u<71> t<REG> p<82> s<81> l<3:3> el<3:6>
                        n<> u<81> t<Packed_dimension> p<82> c<80> l<3:7> el<3:12>
                          n<> u<80> t<Constant_range> p<81> c<75> l<3:8> el<3:11>
                            n<> u<75> t<Constant_expression> p<80> c<74> s<79> l<3:8> el<3:9>
                              n<> u<74> t<Constant_primary> p<75> c<73> l<3:8> el<3:9>
                                n<> u<73> t<Primary_literal> p<74> c<72> l<3:8> el<3:9>
                                  n<3> u<72> t<INTEGRAL_NUMBER> p<73> l<3:8> el<3:9>
                            n<> u<79> t<Constant_expression> p<80> c<78> l<3:10> el<3:11>
                              n<> u<78> t<Constant_primary> p<79> c<77> l<3:10> el<3:11>
                                n<> u<77> t<Primary_literal> p<78> c<76> l<3:10> el<3:11>
                                  n<0> u<76> t<INTEGRAL_NUMBER> p<77> l<3:10> el<3:11>
                      n<> u<89> t<Variable_decl_assignment_list> p<90> c<88> l<3:13> el<3:25>
                        n<> u<88> t<Variable_decl_assignment> p<89> c<83> l<3:13> el<3:25>
                          n<last_bar> u<83> t<SIMPLE_IDENTIFIER> p<88> s<87> l<3:13> el<3:21>
                          n<> u<87> t<Expression> p<88> c<86> l<3:24> el<3:25>
                            n<> u<86> t<Primary> p<87> c<85> l<3:24> el<3:25>
                              n<> u<85> t<Primary_literal> p<86> c<84> l<3:24> el<3:25>
                                n<0> u<84> t<INTEGRAL_NUMBER> p<85> l<3:24> el<3:25>
        n<> u<142> t<Non_port_module_item> p<278> c<141> s<193> l<5:3> el<6:26>
          n<> u<141> t<Module_or_generate_item> p<142> c<140> l<5:3> el<6:26>
            n<> u<140> t<Module_common_item> p<141> c<139> l<5:3> el<6:26>
              n<> u<139> t<Always_construct> p<140> c<97> l<5:3> el<6:26>
                n<> u<97> t<ALWAYS> p<139> s<138> l<5:3> el<5:9>
                n<> u<138> t<Statement> p<139> c<137> l<5:10> el<6:26>
                  n<> u<137> t<Statement_item> p<138> c<136> l<5:10> el<6:26>
                    n<> u<136> t<Procedural_timing_control_statement> p<137> c<100> l<5:10> el<6:26>
                      n<> u<100> t<Procedural_timing_control> p<136> c<99> s<135> l<5:10> el<5:12>
                        n<> u<99> t<Event_control> p<100> c<98> l<5:10> el<5:12>
                          n<> u<98> t<ATSTAR> p<99> l<5:10> el<5:12>
                      n<> u<135> t<Statement_or_null> p<136> c<134> l<6:5> el<6:26>
                        n<> u<134> t<Statement> p<135> c<133> l<6:5> el<6:26>
                          n<> u<133> t<Statement_item> p<134> c<132> l<6:5> el<6:26>
                            n<> u<132> t<Nonblocking_assignment> p<133> c<115> l<6:5> el<6:25>
                              n<> u<115> t<Variable_lvalue> p<132> c<102> s<131> l<6:5> el<6:13>
                                n<> u<102> t<Ps_or_hierarchical_identifier> p<115> c<101> s<114> l<6:5> el<6:8>
                                  n<foo> u<101> t<SIMPLE_IDENTIFIER> p<102> l<6:5> el<6:8>
                                n<> u<114> t<Select> p<115> c<103> l<6:8> el<6:13>
                                  n<> u<103> t<Bit_select> p<114> s<113> l<6:8> el<6:8>
                                  n<> u<113> t<Part_select_range> p<114> c<112> l<6:9> el<6:12>
                                    n<> u<112> t<Constant_range> p<113> c<107> l<6:9> el<6:12>
                                      n<> u<107> t<Constant_expression> p<112> c<106> s<111> l<6:9> el<6:10>
                                        n<> u<106> t<Constant_primary> p<107> c<105> l<6:9> el<6:10>
                                          n<> u<105> t<Primary_literal> p<106> c<104> l<6:9> el<6:10>
                                            n<1> u<104> t<INTEGRAL_NUMBER> p<105> l<6:9> el<6:10>
                                      n<> u<111> t<Constant_expression> p<112> c<110> l<6:11> el<6:12>
                                        n<> u<110> t<Constant_primary> p<111> c<109> l<6:11> el<6:12>
                                          n<> u<109> t<Primary_literal> p<110> c<108> l<6:11> el<6:12>
                                            n<0> u<108> t<INTEGRAL_NUMBER> p<109> l<6:11> el<6:12>
                              n<> u<131> t<Expression> p<132> c<130> l<6:17> el<6:25>
                                n<> u<130> t<Primary> p<131> c<129> l<6:17> el<6:25>
                                  n<> u<129> t<Subroutine_call> p<130> c<116> l<6:17> el<6:25>
                                    n<bar> u<116> t<SIMPLE_IDENTIFIER> p<129> s<128> l<6:17> el<6:20>
                                    n<> u<128> t<Select> p<129> c<117> l<6:20> el<6:25>
                                      n<> u<117> t<Bit_select> p<128> s<127> l<6:20> el<6:20>
                                      n<> u<127> t<Part_select_range> p<128> c<126> l<6:21> el<6:24>
                                        n<> u<126> t<Constant_range> p<127> c<121> l<6:21> el<6:24>
                                          n<> u<121> t<Constant_expression> p<126> c<120> s<125> l<6:21> el<6:22>
                                            n<> u<120> t<Constant_primary> p<121> c<119> l<6:21> el<6:22>
                                              n<> u<119> t<Primary_literal> p<120> c<118> l<6:21> el<6:22>
                                                n<1> u<118> t<INTEGRAL_NUMBER> p<119> l<6:21> el<6:22>
                                          n<> u<125> t<Constant_expression> p<126> c<124> l<6:23> el<6:24>
                                            n<> u<124> t<Constant_primary> p<125> c<123> l<6:23> el<6:24>
                                              n<> u<123> t<Primary_literal> p<124> c<122> l<6:23> el<6:24>
                                                n<0> u<122> t<INTEGRAL_NUMBER> p<123> l<6:23> el<6:24>
        n<> u<193> t<Non_port_module_item> p<278> c<192> s<222> l<8:3> el<9:26>
          n<> u<192> t<Module_or_generate_item> p<193> c<191> l<8:3> el<9:26>
            n<> u<191> t<Module_common_item> p<192> c<190> l<8:3> el<9:26>
              n<> u<190> t<Always_construct> p<191> c<143> l<8:3> el<9:26>
                n<> u<143> t<ALWAYS> p<190> s<189> l<8:3> el<8:9>
                n<> u<189> t<Statement> p<190> c<188> l<8:10> el<9:26>
                  n<> u<188> t<Statement_item> p<189> c<187> l<8:10> el<9:26>
                    n<> u<187> t<Procedural_timing_control_statement> p<188> c<151> l<8:10> el<9:26>
                      n<> u<151> t<Procedural_timing_control> p<187> c<150> s<186> l<8:10> el<8:24>
                        n<> u<150> t<Event_control> p<151> c<149> l<8:10> el<8:24>
                          n<> u<149> t<Event_expression> p<150> c<144> l<8:12> el<8:23>
                            n<> u<144> t<POSEDGE> p<149> s<148> l<8:12> el<8:19>
                            n<> u<148> t<Expression> p<149> c<147> l<8:20> el<8:23>
                              n<> u<147> t<Primary> p<148> c<146> l<8:20> el<8:23>
                                n<> u<146> t<Primary_literal> p<147> c<145> l<8:20> el<8:23>
                                  n<clk> u<145> t<SIMPLE_IDENTIFIER> p<146> l<8:20> el<8:23>
                      n<> u<186> t<Statement_or_null> p<187> c<185> l<9:5> el<9:26>
                        n<> u<185> t<Statement> p<186> c<184> l<9:5> el<9:26>
                          n<> u<184> t<Statement_item> p<185> c<183> l<9:5> el<9:26>
                            n<> u<183> t<Nonblocking_assignment> p<184> c<166> l<9:5> el<9:25>
                              n<> u<166> t<Variable_lvalue> p<183> c<153> s<182> l<9:5> el<9:13>
                                n<> u<153> t<Ps_or_hierarchical_identifier> p<166> c<152> s<165> l<9:5> el<9:8>
                                  n<foo> u<152> t<SIMPLE_IDENTIFIER> p<153> l<9:5> el<9:8>
                                n<> u<165> t<Select> p<166> c<154> l<9:8> el<9:13>
                                  n<> u<154> t<Bit_select> p<165> s<164> l<9:8> el<9:8>
                                  n<> u<164> t<Part_select_range> p<165> c<163> l<9:9> el<9:12>
                                    n<> u<163> t<Constant_range> p<164> c<158> l<9:9> el<9:12>
                                      n<> u<158> t<Constant_expression> p<163> c<157> s<162> l<9:9> el<9:10>
                                        n<> u<157> t<Constant_primary> p<158> c<156> l<9:9> el<9:10>
                                          n<> u<156> t<Primary_literal> p<157> c<155> l<9:9> el<9:10>
                                            n<3> u<155> t<INTEGRAL_NUMBER> p<156> l<9:9> el<9:10>
                                      n<> u<162> t<Constant_expression> p<163> c<161> l<9:11> el<9:12>
                                        n<> u<161> t<Constant_primary> p<162> c<160> l<9:11> el<9:12>
                                          n<> u<160> t<Primary_literal> p<161> c<159> l<9:11> el<9:12>
                                            n<2> u<159> t<INTEGRAL_NUMBER> p<160> l<9:11> el<9:12>
                              n<> u<182> t<Expression> p<183> c<181> l<9:17> el<9:25>
                                n<> u<181> t<Primary> p<182> c<180> l<9:17> el<9:25>
                                  n<> u<180> t<Subroutine_call> p<181> c<167> l<9:17> el<9:25>
                                    n<bar> u<167> t<SIMPLE_IDENTIFIER> p<180> s<179> l<9:17> el<9:20>
                                    n<> u<179> t<Select> p<180> c<168> l<9:20> el<9:25>
                                      n<> u<168> t<Bit_select> p<179> s<178> l<9:20> el<9:20>
                                      n<> u<178> t<Part_select_range> p<179> c<177> l<9:21> el<9:24>
                                        n<> u<177> t<Constant_range> p<178> c<172> l<9:21> el<9:24>
                                          n<> u<172> t<Constant_expression> p<177> c<171> s<176> l<9:21> el<9:22>
                                            n<> u<171> t<Constant_primary> p<172> c<170> l<9:21> el<9:22>
                                              n<> u<170> t<Primary_literal> p<171> c<169> l<9:21> el<9:22>
                                                n<3> u<169> t<INTEGRAL_NUMBER> p<170> l<9:21> el<9:22>
                                          n<> u<176> t<Constant_expression> p<177> c<175> l<9:23> el<9:24>
                                            n<> u<175> t<Constant_primary> p<176> c<174> l<9:23> el<9:24>
                                              n<> u<174> t<Primary_literal> p<175> c<173> l<9:23> el<9:24>
                                                n<2> u<173> t<INTEGRAL_NUMBER> p<174> l<9:23> el<9:24>
        n<> u<222> t<Non_port_module_item> p<278> c<221> s<276> l<11:3> el<12:21>
          n<> u<221> t<Module_or_generate_item> p<222> c<220> l<11:3> el<12:21>
            n<> u<220> t<Module_common_item> p<221> c<219> l<11:3> el<12:21>
              n<> u<219> t<Always_construct> p<220> c<194> l<11:3> el<12:21>
                n<> u<194> t<ALWAYS> p<219> s<218> l<11:3> el<11:9>
                n<> u<218> t<Statement> p<219> c<217> l<11:10> el<12:21>
                  n<> u<217> t<Statement_item> p<218> c<216> l<11:10> el<12:21>
                    n<> u<216> t<Procedural_timing_control_statement> p<217> c<202> l<11:10> el<12:21>
                      n<> u<202> t<Procedural_timing_control> p<216> c<201> s<215> l<11:10> el<11:24>
                        n<> u<201> t<Event_control> p<202> c<200> l<11:10> el<11:24>
                          n<> u<200> t<Event_expression> p<201> c<195> l<11:12> el<11:23>
                            n<> u<195> t<POSEDGE> p<200> s<199> l<11:12> el<11:19>
                            n<> u<199> t<Expression> p<200> c<198> l<11:20> el<11:23>
                              n<> u<198> t<Primary> p<199> c<197> l<11:20> el<11:23>
                                n<> u<197> t<Primary_literal> p<198> c<196> l<11:20> el<11:23>
                                  n<clk> u<196> t<SIMPLE_IDENTIFIER> p<197> l<11:20> el<11:23>
                      n<> u<215> t<Statement_or_null> p<216> c<214> l<12:5> el<12:21>
                        n<> u<214> t<Statement> p<215> c<213> l<12:5> el<12:21>
                          n<> u<213> t<Statement_item> p<214> c<212> l<12:5> el<12:21>
                            n<> u<212> t<Nonblocking_assignment> p<213> c<207> l<12:5> el<12:20>
                              n<> u<207> t<Variable_lvalue> p<212> c<204> s<211> l<12:5> el<12:13>
                                n<> u<204> t<Ps_or_hierarchical_identifier> p<207> c<203> s<206> l<12:5> el<12:13>
                                  n<last_bar> u<203> t<SIMPLE_IDENTIFIER> p<204> l<12:5> el<12:13>
                                n<> u<206> t<Select> p<207> c<205> l<12:14> el<12:14>
                                  n<> u<205> t<Bit_select> p<206> l<12:14> el<12:14>
                              n<> u<211> t<Expression> p<212> c<210> l<12:17> el<12:20>
                                n<> u<210> t<Primary> p<211> c<209> l<12:17> el<12:20>
                                  n<> u<209> t<Primary_literal> p<210> c<208> l<12:17> el<12:20>
                                    n<bar> u<208> t<SIMPLE_IDENTIFIER> p<209> l<12:17> el<12:20>
        n<> u<276> t<Non_port_module_item> p<278> c<275> s<277> l<14:3> el<14:54>
          n<> u<275> t<Module_or_generate_item> p<276> c<274> l<14:3> el<14:54>
            n<> u<274> t<Module_common_item> p<275> c<273> l<14:3> el<14:54>
              n<> u<273> t<Assertion_item> p<274> c<272> l<14:3> el<14:54>
                n<> u<272> t<Concurrent_assertion_item> p<273> c<271> l<14:3> el<14:54>
                  n<> u<271> t<Concurrent_assertion_statement> p<272> c<270> l<14:3> el<14:54>
                    n<> u<270> t<Assert_property_statement> p<271> c<267> l<14:3> el<14:54>
                      n<> u<267> t<Property_spec> p<270> c<266> s<269> l<14:20> el<14:52>
                        n<> u<266> t<Property_expr> p<267> c<265> l<14:20> el<14:52>
                          n<> u<265> t<Sequence_expr> p<266> c<264> l<14:20> el<14:52>
                            n<> u<264> t<Expression_or_dist> p<265> c<263> l<14:20> el<14:52>
                              n<> u<263> t<Expression> p<264> c<226> l<14:20> el<14:52>
                                n<> u<226> t<Expression> p<263> c<225> s<262> l<14:20> el<14:23>
                                  n<> u<225> t<Primary> p<226> c<224> l<14:20> el<14:23>
                                    n<> u<224> t<Primary_literal> p<225> c<223> l<14:20> el<14:23>
                                      n<foo> u<223> t<SIMPLE_IDENTIFIER> p<224> l<14:20> el<14:23>
                                n<> u<262> t<EQUIV> p<263> s<261> l<14:24> el<14:26>
                                n<> u<261> t<Expression> p<263> c<260> l<14:27> el<14:52>
                                  n<> u<260> t<Primary> p<261> c<259> l<14:27> el<14:52>
                                    n<> u<259> t<Concatenation> p<260> c<242> l<14:27> el<14:52>
                                      n<> u<242> t<Expression> p<259> c<241> s<258> l<14:28> el<14:41>
                                        n<> u<241> t<Primary> p<242> c<240> l<14:28> el<14:41>
                                          n<> u<240> t<Subroutine_call> p<241> c<227> l<14:28> el<14:41>
                                            n<last_bar> u<227> t<SIMPLE_IDENTIFIER> p<240> s<239> l<14:28> el<14:36>
                                            n<> u<239> t<Select> p<240> c<228> l<14:36> el<14:41>
                                              n<> u<228> t<Bit_select> p<239> s<238> l<14:36> el<14:36>
                                              n<> u<238> t<Part_select_range> p<239> c<237> l<14:37> el<14:40>
                                                n<> u<237> t<Constant_range> p<238> c<232> l<14:37> el<14:40>
                                                  n<> u<232> t<Constant_expression> p<237> c<231> s<236> l<14:37> el<14:38>
                                                    n<> u<231> t<Constant_primary> p<232> c<230> l<14:37> el<14:38>
                                                      n<> u<230> t<Primary_literal> p<231> c<229> l<14:37> el<14:38>
                                                        n<3> u<229> t<INTEGRAL_NUMBER> p<230> l<14:37> el<14:38>
                                                  n<> u<236> t<Constant_expression> p<237> c<235> l<14:39> el<14:40>
                                                    n<> u<235> t<Constant_primary> p<236> c<234> l<14:39> el<14:40>
                                                      n<> u<234> t<Primary_literal> p<235> c<233> l<14:39> el<14:40>
                                                        n<2> u<233> t<INTEGRAL_NUMBER> p<234> l<14:39> el<14:40>
                                      n<> u<258> t<Expression> p<259> c<257> l<14:43> el<14:51>
                                        n<> u<257> t<Primary> p<258> c<256> l<14:43> el<14:51>
                                          n<> u<256> t<Subroutine_call> p<257> c<243> l<14:43> el<14:51>
                                            n<bar> u<243> t<SIMPLE_IDENTIFIER> p<256> s<255> l<14:43> el<14:46>
                                            n<> u<255> t<Select> p<256> c<244> l<14:46> el<14:51>
                                              n<> u<244> t<Bit_select> p<255> s<254> l<14:46> el<14:46>
                                              n<> u<254> t<Part_select_range> p<255> c<253> l<14:47> el<14:50>
                                                n<> u<253> t<Constant_range> p<254> c<248> l<14:47> el<14:50>
                                                  n<> u<248> t<Constant_expression> p<253> c<247> s<252> l<14:47> el<14:48>
                                                    n<> u<247> t<Constant_primary> p<248> c<246> l<14:47> el<14:48>
                                                      n<> u<246> t<Primary_literal> p<247> c<245> l<14:47> el<14:48>
                                                        n<1> u<245> t<INTEGRAL_NUMBER> p<246> l<14:47> el<14:48>
                                                  n<> u<252> t<Constant_expression> p<253> c<251> l<14:49> el<14:50>
                                                    n<> u<251> t<Constant_primary> p<252> c<250> l<14:49> el<14:50>
                                                      n<> u<250> t<Primary_literal> p<251> c<249> l<14:49> el<14:50>
                                                        n<0> u<249> t<INTEGRAL_NUMBER> p<250> l<14:49> el<14:50>
                      n<> u<269> t<Action_block> p<270> c<268> l<14:53> el<14:54>
                        n<> u<268> t<Statement_or_null> p<269> l<14:53> el<14:54>
        n<> u<277> t<ENDMODULE> p<278> l<15:1> el<15:10>
AST_DEBUG_END
[INF:CP5804] $Source01/sat/initval.v:1:1: Compile module "test".
[NTE:CP5810] $Source01/sat/initval.v:1:54: Implicit port type (wire) for "foo".
[INF:CM5028] Using global timescale: "1ns/1ns".
====== HLDB =======
Design name:unnamed:
  vpiName: unnamed
  vpiSourceFile (1 items):
    SourceFile name:initval.v file:$Source01/sat/initval.v:
      vpiParent: Design name:unnamed
      vpiName: initval.v
      vpiPreprocFile: "$Output/lib/work/sat/initval.v"
  vpiAllModules (1 items):
    Module name:test file:$Source01/sat/initval.v start:1:1 end:15:10:
      vpiParent: Design name:unnamed
      vpiName Identifier name:test start:1:8 end:1:12:
      vpiFullName: test
      vpiConcurrentAssertions (1 items):
        Assert start:14:3 end:14:54:
          vpiParent: Module name:test
          vpiProperty PropertySpec start:14:20 end:14:52:
            vpiParent: Assert
            vpiPropertyExpr Operation start:14:20 end:14:52:
              vpiParent: PropertySpec
              vpiOpType: equal (14)
              vpiOperand (2 items):
                RefObj name:foo start:14:20 end:14:23:
                  vpiParent: Operation
                  vpiName: foo
                  vpiFullName: test.foo
                  vpiActual: Net name:foo
                Operation start:14:27 end:14:52:
                  vpiParent: Operation
                  vpiOpType: concatenation (33)
                  vpiOperand (2 items):
                    PartSelect name:last_bar[3:2] start:14:28 end:14:41:
                      vpiParent: Operation
                      vpiName: last_bar[3:2]
                      vpiFullName: test.last_bar[3:2]
                      vpiPrefix RefObj name:last_bar start:14:28 end:14:36:
                        vpiParent: PartSelect name:last_bar[3:2]
                        vpiName: last_bar
                        vpiFullName: test.last_bar[3:2].last_bar
                        vpiActual: Variable name:last_bar
                      vpiRange Range start:14:37 end:14:40:
                        vpiParent: PartSelect name:last_bar[3:2]
                        vpiLeftRange Constant start:14:37 end:14:38:
                          vpiParent: Range
                          vpiTypespec RefTypespec:
                            vpiParent: Constant
                            vpiFullName: test.last_bar[3:2]
                            vpiActual: IntTypespec
                          vpiConstType: unsigned int (9)
                          vpiSize: 64
                          vpiDecompile: "3"
                          vpiValue: 3
                        vpiRightRange Constant start:14:39 end:14:40:
                          vpiParent: Range
                          vpiTypespec RefTypespec:
                            vpiParent: Constant
                            vpiFullName: test.last_bar[3:2]
                            vpiActual: IntTypespec
                          vpiConstType: unsigned int (9)
                          vpiSize: 64
                          vpiDecompile: "2"
                          vpiValue: 2
                    PartSelect name:bar[1:0] start:14:43 end:14:51:
                      vpiParent: Operation
                      vpiName: bar[1:0]
                      vpiFullName: test.bar[1:0]
                      vpiPrefix RefObj name:bar start:14:43 end:14:46:
                        vpiParent: PartSelect name:bar[1:0]
                        vpiName: bar
                        vpiFullName: test.bar[1:0].bar
                        vpiActual: Net name:bar
                      vpiRange Range start:14:47 end:14:50:
                        vpiParent: PartSelect name:bar[1:0]
                        vpiLeftRange Constant start:14:47 end:14:48:
                          vpiParent: Range
                          vpiTypespec RefTypespec:
                            vpiParent: Constant
                            vpiFullName: test.bar[1:0]
                            vpiActual: IntTypespec
                          vpiConstType: unsigned int (9)
                          vpiSize: 64
                          vpiDecompile: "1"
                          vpiValue: 1
                        vpiRightRange Constant start:14:49 end:14:50:
                          vpiParent: Range
                          vpiTypespec RefTypespec:
                            vpiParent: Constant
                            vpiFullName: test.bar[1:0]
                            vpiActual: IntTypespec
                          vpiConstType: unsigned int (9)
                          vpiSize: 64
                          vpiDecompile: "0"
                          vpiValue: 0
      vpiVariable (2 items):
        Variable name:foo start:2:13 end:2:16:
          vpiParent: Module name:test
          vpiTypespec RefTypespec start:2:3 end:2:12:
            vpiParent: Variable name:foo
            vpiFullName: test.foo
            vpiActual: LogicTypespec
          vpiName: foo
          vpiFullName: test.foo
          vpiVector: true
          vpiValue Constant start:2:19 end:2:20:
            vpiParent: Variable name:foo
            vpiTypespec RefTypespec:
              vpiParent: Constant
              vpiFullName: test.foo
              vpiActual: IntTypespec
            vpiConstType: unsigned int (9)
            vpiSize: 64
            vpiDecompile: "0"
            vpiValue: 0
        Variable name:last_bar start:3:13 end:3:21:
          vpiParent: Module name:test
          vpiTypespec RefTypespec start:3:3 end:3:12:
            vpiParent: Variable name:last_bar
            vpiFullName: test.last_bar
            vpiActual: LogicTypespec
          vpiName: last_bar
          vpiFullName: test.last_bar
          vpiVector: true
          vpiValue Constant start:3:24 end:3:25:
            vpiParent: Variable name:last_bar
            vpiTypespec RefTypespec:
              vpiParent: Constant
              vpiFullName: test.last_bar
              vpiActual: IntTypespec
            vpiConstType: unsigned int (9)
            vpiSize: 64
            vpiDecompile: "0"
            vpiValue: 0
      vpiTypespec (5 items):
        LogicTypespec:
          vpiParent: Module name:test
        LogicTypespec:
          vpiParent: Module name:test
          vpiRange (1 items):
            Range start:1:30 end:1:35:
              vpiParent: LogicTypespec
              vpiLeftRange Constant start:1:31 end:1:32:
                vpiParent: Range
                vpiTypespec RefTypespec:
                  vpiParent: Constant
                  vpiFullName: test
                  vpiActual: IntTypespec
                vpiConstType: unsigned int (9)
                vpiSize: 64
                vpiDecompile: "3"
                vpiValue: 3
              vpiRightRange Constant start:1:33 end:1:34:
                vpiParent: Range
                vpiTypespec RefTypespec:
                  vpiParent: Constant
                  vpiFullName: test
                  vpiActual: IntTypespec
                vpiConstType: unsigned int (9)
                vpiSize: 64
                vpiDecompile: "0"
                vpiValue: 0
          vpiVector: true
        LogicTypespec:
          vpiParent: Module name:test
          vpiRange (1 items):
            Range start:1:48 end:1:53:
              vpiParent: LogicTypespec
              vpiLeftRange Constant start:1:49 end:1:50:
                vpiParent: Range
                vpiTypespec RefTypespec:
                  vpiParent: Constant
                  vpiFullName: test
                  vpiActual: IntTypespec
                vpiConstType: unsigned int (9)
                vpiSize: 64
                vpiDecompile: "3"
                vpiValue: 3
              vpiRightRange Constant start:1:51 end:1:52:
                vpiParent: Range
                vpiTypespec RefTypespec:
                  vpiParent: Constant
                  vpiFullName: test
                  vpiActual: IntTypespec
                vpiConstType: unsigned int (9)
                vpiSize: 64
                vpiDecompile: "0"
                vpiValue: 0
          vpiVector: true
        LogicTypespec:
          vpiParent: Module name:test
          vpiRange (1 items):
            Range start:2:7 end:2:12:
              vpiParent: LogicTypespec
              vpiLeftRange Constant start:2:8 end:2:9:
                vpiParent: Range
                vpiTypespec RefTypespec:
                  vpiParent: Constant
                  vpiFullName: test
                  vpiActual: IntTypespec
                vpiConstType: unsigned int (9)
                vpiSize: 64
                vpiDecompile: "3"
                vpiValue: 3
              vpiRightRange Constant start:2:10 end:2:11:
                vpiParent: Range
                vpiTypespec RefTypespec:
                  vpiParent: Constant
                  vpiFullName: test
                  vpiActual: IntTypespec
                vpiConstType: unsigned int (9)
                vpiSize: 64
                vpiDecompile: "0"
                vpiValue: 0
          vpiVector: true
        LogicTypespec:
          vpiParent: Module name:test
          vpiRange (1 items):
            Range start:3:7 end:3:12:
              vpiParent: LogicTypespec
              vpiLeftRange Constant start:3:8 end:3:9:
                vpiParent: Range
                vpiTypespec RefTypespec:
                  vpiParent: Constant
                  vpiFullName: test
                  vpiActual: IntTypespec
                vpiConstType: unsigned int (9)
                vpiSize: 64
                vpiDecompile: "3"
                vpiValue: 3
              vpiRightRange Constant start:3:10 end:3:11:
                vpiParent: Range
                vpiTypespec RefTypespec:
                  vpiParent: Constant
                  vpiFullName: test
                  vpiActual: IntTypespec
                vpiConstType: unsigned int (9)
                vpiSize: 64
                vpiDecompile: "0"
                vpiValue: 0
          vpiVector: true
      vpiDefName: test
      vpiDefNetType: wire (1)
      vpiLibrary RefObj name:work start:1:8 end:1:12:
        vpiParent: Module name:test
        vpiName: work
        vpiFullName: test.work
      vpiCell: test
      vpiNet (3 items):
        Net name:clk start:1:19 end:1:22:
          vpiParent: Module name:test
          vpiTypespec RefTypespec:
            vpiParent: Net name:clk
            vpiFullName: test.clk
            vpiActual: LogicTypespec
          vpiName: clk
          vpiFullName: test.clk
          vpiNetType: wire (1)
          vpiScalar: true
        Net name:bar start:1:36 end:1:39:
          vpiParent: Module name:test
          vpiTypespec RefTypespec start:1:30 end:1:35:
            vpiParent: Net name:bar
            vpiFullName: test.bar
            vpiActual: LogicTypespec
          vpiName: bar
          vpiFullName: test.bar
          vpiNetType: wire (1)
          vpiVector: true
        Net name:foo start:1:54 end:1:57:
          vpiParent: Module name:test
          vpiTypespec RefTypespec start:1:48 end:1:53:
            vpiParent: Net name:foo
            vpiFullName: test.foo
            vpiActual: LogicTypespec
          vpiName: foo
          vpiFullName: test.foo
          vpiNetType: wire (1)
          vpiVector: true
      vpiPort (3 items):
        Port name:clk start:1:19 end:1:22:
          vpiParent: Module name:test
          vpiName: clk
          vpiDirection: input (1)
          vpiLowConn RefObj name:clk start:1:19 end:1:22:
            vpiParent: Port name:clk
            vpiName: clk
            vpiFullName: test.clk.clk
            vpiActual: Net name:clk
          vpiTypespec RefTypespec:
            vpiParent: Port name:clk
            vpiFullName: test.clk
            vpiActual: LogicTypespec
        Port name:bar start:1:36 end:1:39:
          vpiParent: Module name:test
          vpiName: bar
          vpiDirection: input (1)
          vpiLowConn RefObj name:bar start:1:36 end:1:39:
            vpiParent: Port name:bar
            vpiName: bar
            vpiFullName: test.bar.bar
            vpiActual: Net name:bar
          vpiTypespec RefTypespec start:1:30 end:1:35:
            vpiParent: Port name:bar
            vpiFullName: test.bar
            vpiActual: LogicTypespec
        Port name:foo start:1:54 end:1:57:
          vpiParent: Module name:test
          vpiName: foo
          vpiDirection: output (2)
          vpiLowConn RefObj name:foo start:1:54 end:1:57:
            vpiParent: Port name:foo
            vpiName: foo
            vpiFullName: test.foo.foo
            vpiActual: Net name:foo
          vpiTypespec RefTypespec start:1:48 end:1:53:
            vpiParent: Port name:foo
            vpiFullName: test.foo
            vpiActual: LogicTypespec
      vpiProcess (3 items):
        Always start:5:3 end:6:26:
          vpiParent: Module name:test
          vpiStmt EventControl start:5:10 end:6:26:
            vpiParent: Always
            vpiStmt Assignment start:6:5 end:6:25:
              vpiParent: EventControl
              vpiLhs PartSelect name:foo[1:0] start:6:5 end:6:13:
                vpiParent: Assignment
                vpiName: foo[1:0]
                vpiFullName: test.foo[1:0]
                vpiPrefix RefObj name:foo start:6:5 end:6:8:
                  vpiParent: PartSelect name:foo[1:0]
                  vpiName: foo
                  vpiFullName: test.foo[1:0].foo
                  vpiActual: Net name:foo
                vpiRange Range start:6:9 end:6:12:
                  vpiParent: PartSelect name:foo[1:0]
                  vpiLeftRange Constant start:6:9 end:6:10:
                    vpiParent: Range
                    vpiTypespec RefTypespec:
                      vpiParent: Constant
                      vpiFullName: test.foo[1:0]
                      vpiActual: IntTypespec
                    vpiConstType: unsigned int (9)
                    vpiSize: 64
                    vpiDecompile: "1"
                    vpiValue: 1
                  vpiRightRange Constant start:6:11 end:6:12:
                    vpiParent: Range
                    vpiTypespec RefTypespec:
                      vpiParent: Constant
                      vpiFullName: test.foo[1:0]
                      vpiActual: IntTypespec
                    vpiConstType: unsigned int (9)
                    vpiSize: 64
                    vpiDecompile: "0"
                    vpiValue: 0
              vpiRhs PartSelect name:bar[1:0] start:6:17 end:6:25:
                vpiParent: Assignment
                vpiName: bar[1:0]
                vpiFullName: test.bar[1:0]
                vpiPrefix RefObj name:bar start:6:17 end:6:20:
                  vpiParent: PartSelect name:bar[1:0]
                  vpiName: bar
                  vpiFullName: test.bar[1:0].bar
                  vpiActual: Net name:bar
                vpiRange Range start:6:21 end:6:24:
                  vpiParent: PartSelect name:bar[1:0]
                  vpiLeftRange Constant start:6:21 end:6:22:
                    vpiParent: Range
                    vpiTypespec RefTypespec:
                      vpiParent: Constant
                      vpiFullName: test.bar[1:0]
                      vpiActual: IntTypespec
                    vpiConstType: unsigned int (9)
                    vpiSize: 64
                    vpiDecompile: "1"
                    vpiValue: 1
                  vpiRightRange Constant start:6:23 end:6:24:
                    vpiParent: Range
                    vpiTypespec RefTypespec:
                      vpiParent: Constant
                      vpiFullName: test.bar[1:0]
                      vpiActual: IntTypespec
                    vpiConstType: unsigned int (9)
                    vpiSize: 64
                    vpiDecompile: "0"
                    vpiValue: 0
            vpiIsImplicitControl: true
          vpiAlwaysType: always (1)
        Always start:8:3 end:9:26:
          vpiParent: Module name:test
          vpiStmt EventControl start:8:10 end:9:26:
            vpiParent: Always
            vpiCondition Operation start:8:12 end:8:23:
              vpiParent: EventControl
              vpiOpType: posedge (39)
              vpiOperand (1 items):
                RefObj name:clk start:8:20 end:8:23:
                  vpiParent: Operation
                  vpiName: clk
                  vpiFullName: test.clk
                  vpiActual: Net name:clk
            vpiStmt Assignment start:9:5 end:9:25:
              vpiParent: EventControl
              vpiLhs PartSelect name:foo[3:2] start:9:5 end:9:13:
                vpiParent: Assignment
                vpiName: foo[3:2]
                vpiFullName: test.foo[3:2]
                vpiPrefix RefObj name:foo start:9:5 end:9:8:
                  vpiParent: PartSelect name:foo[3:2]
                  vpiName: foo
                  vpiFullName: test.foo[3:2].foo
                  vpiActual: Net name:foo
                vpiRange Range start:9:9 end:9:12:
                  vpiParent: PartSelect name:foo[3:2]
                  vpiLeftRange Constant start:9:9 end:9:10:
                    vpiParent: Range
                    vpiTypespec RefTypespec:
                      vpiParent: Constant
                      vpiFullName: test.foo[3:2]
                      vpiActual: IntTypespec
                    vpiConstType: unsigned int (9)
                    vpiSize: 64
                    vpiDecompile: "3"
                    vpiValue: 3
                  vpiRightRange Constant start:9:11 end:9:12:
                    vpiParent: Range
                    vpiTypespec RefTypespec:
                      vpiParent: Constant
                      vpiFullName: test.foo[3:2]
                      vpiActual: IntTypespec
                    vpiConstType: unsigned int (9)
                    vpiSize: 64
                    vpiDecompile: "2"
                    vpiValue: 2
              vpiRhs PartSelect name:bar[3:2] start:9:17 end:9:25:
                vpiParent: Assignment
                vpiName: bar[3:2]
                vpiFullName: test.bar[3:2]
                vpiPrefix RefObj name:bar start:9:17 end:9:20:
                  vpiParent: PartSelect name:bar[3:2]
                  vpiName: bar
                  vpiFullName: test.bar[3:2].bar
                  vpiActual: Net name:bar
                vpiRange Range start:9:21 end:9:24:
                  vpiParent: PartSelect name:bar[3:2]
                  vpiLeftRange Constant start:9:21 end:9:22:
                    vpiParent: Range
                    vpiTypespec RefTypespec:
                      vpiParent: Constant
                      vpiFullName: test.bar[3:2]
                      vpiActual: IntTypespec
                    vpiConstType: unsigned int (9)
                    vpiSize: 64
                    vpiDecompile: "3"
                    vpiValue: 3
                  vpiRightRange Constant start:9:23 end:9:24:
                    vpiParent: Range
                    vpiTypespec RefTypespec:
                      vpiParent: Constant
                      vpiFullName: test.bar[3:2]
                      vpiActual: IntTypespec
                    vpiConstType: unsigned int (9)
                    vpiSize: 64
                    vpiDecompile: "2"
                    vpiValue: 2
          vpiAlwaysType: always (1)
        Always start:11:3 end:12:21:
          vpiParent: Module name:test
          vpiStmt EventControl start:11:10 end:12:21:
            vpiParent: Always
            vpiCondition Operation start:11:12 end:11:23:
              vpiParent: EventControl
              vpiOpType: posedge (39)
              vpiOperand (1 items):
                RefObj name:clk start:11:20 end:11:23:
                  vpiParent: Operation
                  vpiName: clk
                  vpiFullName: test.clk
                  vpiActual: Net name:clk
            vpiStmt Assignment start:12:5 end:12:20:
              vpiParent: EventControl
              vpiLhs RefObj name:last_bar start:12:5 end:12:13:
                vpiParent: Assignment
                vpiName: last_bar
                vpiFullName: test.last_bar
                vpiActual: Variable name:last_bar
              vpiRhs RefObj name:bar start:12:17 end:12:20:
                vpiParent: Assignment
                vpiName: bar
                vpiFullName: test.bar
                vpiActual: Net name:bar
          vpiAlwaysType: always (1)
  vpiTypespec (2 items):
    ModuleTypespec name:test:
      vpiParent: Design name:unnamed
      vpiName Identifier name:test start:1:8 end:1:12:
      vpiDefName: test
      vpiModule: Module name:test
    IntTypespec:
      vpiParent: Design name:unnamed
      vpiSigned: true
===================
[  FATAL] : 0
[ SYNTAX] : 0
[  ERROR] : 0
[WARNING] : 0
[   NOTE] : 1
********************************************************************************
*                    End HLC SystemVerilog Compiler/Linter                     *
********************************************************************************

#**#**#**#**#**#**#**#**#**#**#**#**#**#**#**#**#**#**#**#**#**#**#**#**#**#**#**#**#**#**#**#**#**#**#**#**#**#**#**#**

Environment:
      test-name: Yosys/sat/initval.v
   test-dirpath: ${HLC_DIR}/regression/Yosys/sat/initval.v
  hldb-filepath: ${HLC_DIR}/regression/Yosys/sat/initval.v/design.hldb
mounts-filepath: ${HLC_DIR}/regression/Yosys/sat/initval.v/mounts.json


{'result': {'coverage': 100.0,
            'error_count': 0,
            'file_count': 1,
            'files': {'$Output/lib/work/sat/initval.v': {'post_len': 0,
                                                         'pre_len': 268}},
            'post_len': 0,
            'pre_len': 268,
            'test_name': 'Yosys/sat/initval.v'}}

+--------------------------------+----------+-----------+
| INPUT                          |   PRELEN |   POSTLEN |
+================================+==========+===========+
| $Output/lib/work/sat/initval.v |      268 |         0 |
+================================+==========+===========+
|                                |      268 |         0 |
+--------------------------------+----------+-----------+

[   ERROR] : 0
[COVERAGE] : 100.0


#**#**#**#**#**#**#**#**#**#**#**#**#**#**#**#**#**#**#**#**#**#**#**#**#**#**#**#**#**#**#**#**#**#**#**#**#**#**#**#**

COMMAND: ${HLC_DIR}/regression/Yosys/sat/initval.v/design.hldb ${HLC_DIR}/regression/Yosys/sat/initval.v/reduced.hldb

==================== BEGIN REDUCTION RESULT ====================
Name                            Before   After   Added   Removed
----------------------------------------------------------------
----------------------------------------------------------------
Others                             118     118       0         0
----------------------------------------------------------------
                                   118     118       0         0
===================== END REDUCTION RESULT =====================
