********************************************************************************
*                   Begin HLC SystemVerilog Compiler/Linter                    *
********************************************************************************
Copyright (c) 2020 Apotell,
http://www.apache.org/licenses/LICENSE-2.0
VERSION: 1.84
COMMAND: -wd ../../../tests/PartSelectElab -fileunit -d db -sv dut.sv -nobuiltin -nocache -mt 0 -d dbstats -d cache -writepp -d db -nostdout -o ${HLC_DIR}/regression/PartSelectElab/PartSelectElab
[INF:CM0023] Creating log file "$Output/hlc.log".
[INF:CM0020] Separate compilation-unit mode is on.
[INF:PP0122] Preprocessing source file "$Source01/dut.sv".
[INF:PA0201] Parsing source file "$Source01/dut.sv".
[INF:CP0303] $Source01/dut.sv:1:1: Compile module "test".
[WRN:PA0205] $Source01/dut.sv:1:1: No timescale set for "test".
====== HLDB =======
Design name:unnamed:
  vpiName: unnamed
  vpiSourceFile (1 items):
    SourceFile name:dut.sv file:$Source01/dut.sv:
      vpiParent: Design name:unnamed
      vpiName: dut.sv
      vpiPreprocFile: "$Output/lib/work/dut.sv"
  vpiAllModules (1 items):
    Module name:test file:$Source01/dut.sv start:1:1 end:8:10:
      vpiParent: Design name:unnamed
      vpiName Identifier name:test start:1:8 end:1:12:
      vpiFullName: test
      vpiVariable (2 items):
        Variable name:state start:1:24 end:1:29:
          vpiParent: Module name:test
          vpiTypespec RefTypespec start:1:13 end:1:23:
            vpiParent: Variable name:state
            vpiFullName: test.state
            vpiActual: LogicTypespec
          vpiName: state
          vpiFullName: test.state
          vpiScalar: true
        Variable name:data start:2:12 end:2:16:
          vpiParent: Module name:test
          vpiTypespec RefTypespec start:2:1 end:2:11:
            vpiParent: Variable name:data
            vpiFullName: test.data
            vpiActual: LogicTypespec
          vpiName: data
          vpiFullName: test.data
          vpiVector: true
      vpiTypespec (2 items):
        LogicTypespec:
          vpiParent: Module name:test
        LogicTypespec:
          vpiParent: Module name:test
          vpiRange (1 items):
            Range start:2:5 end:2:11:
              vpiParent: LogicTypespec
              vpiLeftRange Constant start:2:6 end:2:8:
                vpiParent: Range
                vpiTypespec RefTypespec:
                  vpiParent: Constant
                  vpiFullName: test
                  vpiActual: IntTypespec
                vpiConstType: unsigned int (9)
                vpiSize: 64
                vpiDecompile: "15"
                vpiValue: 15
              vpiRightRange Constant start:2:9 end:2:10:
                vpiParent: Range
                vpiTypespec RefTypespec:
                  vpiParent: Constant
                  vpiFullName: test
                  vpiActual: IntTypespec
                vpiConstType: unsigned int (9)
                vpiSize: 64
                vpiDecompile: "0"
                vpiValue: 0
          vpiVector: true
      vpiDefName: test
      vpiDefNetType: wire (1)
      vpiLibrary RefObj name:work:
        vpiParent: Module name:test
        vpiName: work
        vpiFullName: test.work
      vpiCell: test
      vpiNet (1 items):
        Net name:clk start:1:37 end:1:40:
          vpiParent: Module name:test
          vpiTypespec RefTypespec start:1:31 end:1:36:
            vpiParent: Net name:clk
            vpiFullName: test.clk
            vpiActual: LogicTypespec
          vpiName: clk
          vpiFullName: test.clk
          vpiNetType: wire (1)
          vpiScalar: true
      vpiPort (2 items):
        Port name:state start:1:24 end:1:29:
          vpiParent: Module name:test
          vpiName: state
          vpiDirection: output (2)
          vpiLowConn RefObj name:state start:1:24 end:1:29:
            vpiParent: Port name:state
            vpiName: state
            vpiFullName: test.state.state
            vpiActual: Variable name:state
          vpiTypespec RefTypespec start:1:13 end:1:23:
            vpiParent: Port name:state
            vpiFullName: test.state
            vpiActual: LogicTypespec
        Port name:clk start:1:37 end:1:40:
          vpiParent: Module name:test
          vpiName: clk
          vpiDirection: input (1)
          vpiLowConn RefObj name:clk start:1:37 end:1:40:
            vpiParent: Port name:clk
            vpiName: clk
            vpiFullName: test.clk.clk
            vpiActual: Net name:clk
          vpiTypespec RefTypespec start:1:31 end:1:36:
            vpiParent: Port name:clk
            vpiFullName: test.clk
            vpiActual: LogicTypespec
      vpiProcess (1 items):
        Always start:4:1 end:6:4:
          vpiParent: Module name:test
          vpiStmt EventControl start:4:8 end:6:4:
            vpiParent: Always
            vpiCondition Operation start:4:10 end:4:21:
              vpiParent: EventControl
              vpiOpType: posedge (39)
              vpiOperand (1 items):
                RefObj name:clk start:4:18 end:4:21:
                  vpiParent: Operation
                  vpiName: clk
                  vpiFullName: test.clk
                  vpiActual: Net name:clk
            vpiStmt Begin start:4:23 end:6:4:
              vpiParent: EventControl
              vpiFullName: test
              vpiStmt (1 items):
                Assignment start:5:3 end:5:29:
                  vpiParent: Begin
                  vpiLhs PartSelect name:data[7:0] start:5:3 end:5:12:
                    vpiParent: Assignment
                    vpiName: data[7:0]
                    vpiFullName: test.data[7:0]
                    vpiPrefix RefObj name:data start:5:3 end:5:7:
                      vpiParent: PartSelect name:data[7:0]
                      vpiName: data
                      vpiFullName: test.data[7:0].data
                      vpiActual: Variable name:data
                    vpiRange Range start:5:8 end:5:11:
                      vpiParent: PartSelect name:data[7:0]
                      vpiLeftRange Constant start:5:8 end:5:9:
                        vpiParent: Range
                        vpiTypespec RefTypespec:
                          vpiParent: Constant
                          vpiFullName: test.data[7:0]
                          vpiActual: IntTypespec
                        vpiConstType: unsigned int (9)
                        vpiSize: 64
                        vpiDecompile: "7"
                        vpiValue: 7
                      vpiRightRange Constant start:5:10 end:5:11:
                        vpiParent: Range
                        vpiTypespec RefTypespec:
                          vpiParent: Constant
                          vpiFullName: test.data[7:0]
                          vpiActual: IntTypespec
                        vpiConstType: unsigned int (9)
                        vpiSize: 64
                        vpiDecompile: "0"
                        vpiValue: 0
                  vpiRhs Operation start:5:16 end:5:29:
                    vpiParent: Assignment
                    vpiOpType: add (24)
                    vpiOperand (2 items):
                      PartSelect name:data[7:0] start:5:16 end:5:25:
                        vpiParent: Operation
                        vpiName: data[7:0]
                        vpiFullName: test.data[7:0]
                        vpiPrefix RefObj name:data start:5:16 end:5:20:
                          vpiParent: PartSelect name:data[7:0]
                          vpiName: data
                          vpiFullName: test.data[7:0].data
                          vpiActual: Variable name:data
                        vpiRange Range start:5:21 end:5:24:
                          vpiParent: PartSelect name:data[7:0]
                          vpiLeftRange Constant start:5:21 end:5:22:
                            vpiParent: Range
                            vpiTypespec RefTypespec:
                              vpiParent: Constant
                              vpiFullName: test.data[7:0]
                              vpiActual: IntTypespec
                            vpiConstType: unsigned int (9)
                            vpiSize: 64
                            vpiDecompile: "7"
                            vpiValue: 7
                          vpiRightRange Constant start:5:23 end:5:24:
                            vpiParent: Range
                            vpiTypespec RefTypespec:
                              vpiParent: Constant
                              vpiFullName: test.data[7:0]
                              vpiActual: IntTypespec
                            vpiConstType: unsigned int (9)
                            vpiSize: 64
                            vpiDecompile: "0"
                            vpiValue: 0
                      Constant start:5:28 end:5:29:
                        vpiParent: Operation
                        vpiTypespec RefTypespec:
                          vpiParent: Constant
                          vpiFullName: test
                          vpiActual: IntTypespec
                        vpiConstType: unsigned int (9)
                        vpiSize: 64
                        vpiDecompile: "2"
                        vpiValue: 2
          vpiAlwaysType: always (1)
  vpiTypespec (2 items):
    ModuleTypespec name:test:
      vpiParent: Design name:unnamed
      vpiName Identifier name:test start:1:8 end:1:12:
      vpiModule: Module name:test
    IntTypespec:
      vpiParent: Design name:unnamed
      vpiSigned: true
===================
[  FATAL] : 0
[ SYNTAX] : 0
[  ERROR] : 0
[WARNING] : 1
[   NOTE] : 0
********************************************************************************
*                    End HLC SystemVerilog Compiler/Linter                     *
********************************************************************************

#**#**#**#**#**#**#**#**#**#**#**#**#**#**#**#**#**#**#**#**#**#**#**#**#**#**#**#**#**#**#**#**#**#**#**#**#**#**#**#**

Environment:
      test-name: PartSelectElab/PartSelectElab
   test-dirpath: ${HLC_DIR}/regression/PartSelectElab/PartSelectElab
  hldb-filepath: ${HLC_DIR}/regression/PartSelectElab/PartSelectElab/design.hldb
mounts-filepath: ${HLC_DIR}/regression/PartSelectElab/PartSelectElab/mounts.json


{'result': {'coverage': 100.0,
            'error_count': 0,
            'file_count': 1,
            'files': {'$Output/lib/work/dut.sv': {'post_len': 0,
                                                  'pre_len': 123}},
            'post_len': 0,
            'pre_len': 123,
            'test_name': 'PartSelectElab/PartSelectElab'}}

+-------------------------+----------+-----------+
| INPUT                   |   PRELEN |   POSTLEN |
+=========================+==========+===========+
| $Output/lib/work/dut.sv |      123 |         0 |
+=========================+==========+===========+
|                         |      123 |         0 |
+-------------------------+----------+-----------+

[   ERROR] : 0
[COVERAGE] : 100.0


#**#**#**#**#**#**#**#**#**#**#**#**#**#**#**#**#**#**#**#**#**#**#**#**#**#**#**#**#**#**#**#**#**#**#**#**#**#**#**#**

COMMAND: ${HLC_DIR}/regression/PartSelectElab/PartSelectElab/design.hldb ${HLC_DIR}/regression/PartSelectElab/PartSelectElab/reduced.hldb

==================== BEGIN REDUCTION RESULT ====================
Name                            Before   After   Added   Removed
----------------------------------------------------------------
----------------------------------------------------------------
Others                              50      50       0         0
----------------------------------------------------------------
                                    50      50       0         0
===================== END REDUCTION RESULT =====================
