********************************************************************************
*                   Begin HLC SystemVerilog Compiler/Linter                    *
********************************************************************************
Copyright (c) 2020 Apotell,
http://www.apache.org/licenses/LICENSE-2.0
VERSION: 1.84
COMMAND: -wd ../../../tests/Verilator +incdir+. -nobuiltin -timescale=1ns/1ns -d ast -d db t_var_dup2.v -mt 0 -mp 0 -d dbstats -d cache -d db -nostdout -o ${HLC_DIR}/regression/Verilator/t_var_dup2
[INF:CM0023] Creating log file "$Output/hlc.log".
[INF:PP0122] Preprocessing source file "$Source01/t_var_dup2.v".
[INF:PA0201] Parsing source file "$Source01/t_var_dup2.v".
AST_DEBUG_BEGIN
Count: 55
LIB: work
FILE: f<13>:$Source01/t_var_dup2.v
n<$Source01/t_var_dup2.v> u<54> t<Top_level_rule> c<1> l<7:1> el<15:1>
  n<> u<1> t<Null_rule> p<54> s<2> l<7:1> el<7:1>
  n<// DESCRIPTION: Verilator: Verilog Test module> u<2> t<LINE_COMMENT> p<54> s<3> l<1:1> el<1:47>
  n<//> u<3> t<LINE_COMMENT> p<54> s<4> l<2:1> el<2:3>
  n<// This file ONLY is placed into the Public Domain, for any use,> u<4> t<LINE_COMMENT> p<54> s<5> l<3:1> el<3:65>
  n<// without warranty, 2019 by Wilson Snyder.> u<5> t<LINE_COMMENT> p<54> s<6> l<4:1> el<4:44>
  n<// Legal with ANSI Verilog 2001 style ports> u<6> t<LINE_COMMENT> p<54> s<53> l<6:1> el<6:44>
  n<> u<53> t<Source_text> p<54> c<52> l<7:1> el<14:10>
    n<> u<52> t<Description> p<53> c<51> l<7:1> el<14:10>
      n<> u<51> t<Module_declaration> p<52> c<26> l<7:1> el<14:10>
        n<> u<26> t<Module_ansi_header> p<51> c<7> s<37> l<7:1> el<10:23>
          n<module> u<7> t<Module_keyword> p<26> s<8> l<7:1> el<7:7>
          n<t> u<8> t<SIMPLE_IDENTIFIER> p<26> s<9> l<7:8> el<7:9>
          n<> u<9> t<Package_import_declaration_list> p<26> s<25> l<8:3> el<8:3>
          n<> u<25> t<Port_declaration_list> p<26> c<16> l<8:3> el<10:22>
            n<> u<16> t<Ansi_port_declaration> p<25> c<14> s<24> l<9:4> el<9:21>
              n<> u<14> t<Net_port_header> p<16> c<10> s<15> l<9:4> el<9:15>
                n<> u<10> t<OUTPUT> p<14> s<13> l<9:4> el<9:10>
                n<> u<13> t<Net_port_type> p<14> c<11> l<9:11> el<9:15>
                  n<> u<11> t<WIRE> p<13> s<12> l<9:11> el<9:15>
                  n<> u<12> t<Data_type_or_implicit> p<13> l<9:16> el<9:16>
              n<ok_ow> u<15> t<SIMPLE_IDENTIFIER> p<16> l<9:16> el<9:21>
            n<> u<24> t<Ansi_port_declaration> p<25> c<22> l<10:4> el<10:21>
              n<> u<22> t<Net_port_header> p<24> c<17> s<23> l<10:4> el<10:14>
                n<> u<17> t<OUTPUT> p<22> s<21> l<10:4> el<10:10>
                n<> u<21> t<Net_port_type> p<22> c<20> l<10:11> el<10:14>
                  n<> u<20> t<Data_type_or_implicit> p<21> c<19> l<10:11> el<10:14>
                    n<> u<19> t<Data_type> p<20> c<18> l<10:11> el<10:14>
                      n<> u<18> t<REG> p<19> l<10:11> el<10:14>
              n<ok_or> u<23> t<SIMPLE_IDENTIFIER> p<24> l<10:16> el<10:21>
        n<> u<37> t<Non_port_module_item> p<51> c<36> s<49> l<12:4> el<12:16>
          n<> u<36> t<Module_or_generate_item> p<37> c<35> l<12:4> el<12:16>
            n<> u<35> t<Module_common_item> p<36> c<34> l<12:4> el<12:16>
              n<> u<34> t<Module_or_generate_item_declaration> p<35> c<33> l<12:4> el<12:16>
                n<> u<33> t<Package_or_generate_item_declaration> p<34> c<32> l<12:4> el<12:16>
                  n<> u<32> t<Net_declaration> p<33> c<27> l<12:4> el<12:16>
                    n<> u<27> t<WIRE> p<32> s<28> l<12:4> el<12:8>
                    n<> u<28> t<Data_type_or_implicit> p<32> s<31> l<12:9> el<12:9>
                    n<> u<31> t<Net_decl_assignment_list> p<32> c<30> l<12:9> el<12:15>
                      n<> u<30> t<Net_decl_assignment> p<31> c<29> l<12:9> el<12:15>
                        n<ok_o_w> u<29> t<SIMPLE_IDENTIFIER> p<30> l<12:9> el<12:15>
        n<> u<49> t<Non_port_module_item> p<51> c<48> s<50> l<13:4> el<13:17>
          n<> u<48> t<Module_or_generate_item> p<49> c<47> l<13:4> el<13:17>
            n<> u<47> t<Module_common_item> p<48> c<46> l<13:4> el<13:17>
              n<> u<46> t<Module_or_generate_item_declaration> p<47> c<45> l<13:4> el<13:17>
                n<> u<45> t<Package_or_generate_item_declaration> p<46> c<44> l<13:4> el<13:17>
                  n<> u<44> t<Data_declaration> p<45> c<43> l<13:4> el<13:17>
                    n<> u<43> t<Variable_declaration> p<44> c<39> l<13:4> el<13:17>
                      n<> u<39> t<Data_type> p<43> c<38> s<42> l<13:4> el<13:7>
                        n<> u<38> t<REG> p<39> l<13:4> el<13:7>
                      n<> u<42> t<Variable_decl_assignment_list> p<43> c<41> l<13:10> el<13:16>
                        n<> u<41> t<Variable_decl_assignment> p<42> c<40> l<13:10> el<13:16>
                          n<ok_o_r> u<40> t<SIMPLE_IDENTIFIER> p<41> l<13:10> el<13:16>
        n<> u<50> t<ENDMODULE> p<51> l<14:1> el<14:10>
AST_DEBUG_END
[INF:CP0303] $Source01/t_var_dup2.v:7:1: Compile module "work@t".
[INF:CM0029] Using global timescale: "1ns/1ns".
====== HLDB =======
Design name:unnamed:
  vpiName: unnamed
  vpiSourceFile (1 items):
    SourceFile name:t_var_dup2.v file:$Source01/t_var_dup2.v:
      vpiParent: Design name:unnamed
      vpiName: t_var_dup2.v
      vpiPreprocFile: "$Output/lib/work/t_var_dup2.v"
      vpiDefNetType: none (12)
  vpiAllModules (1 items):
    Module name:work@t file:$Source01/t_var_dup2.v start:7:1 end:14:10:
      vpiParent: Design name:unnamed
      vpiName Identifier name:work@t start:7:8 end:7:9:
        vpiParent: Module name:work@t
        vpiName: work@t
      vpiFullName: work@t
      vpiVariable (1 items):
        Variable name:ok_or start:10:16 end:10:21:
          vpiParent: Module name:work@t
          vpiTypespec RefTypespec start:10:4 end:10:14:
            vpiParent: Variable name:ok_or
            vpiFullName: work@t.ok_or
            vpiActual: LogicTypespec
          vpiName: ok_or
          vpiFullName: work@t.ok_or
          vpiNetType: none (12)
      vpiTypespec (1 items):
        LogicTypespec:
          vpiParent: Module name:work@t
      vpiDefName: work@t
      vpiDefNetType: none (12)
      vpiLibrary RefObj name:work:
        vpiParent: Module name:work@t
        vpiName: work
        vpiFullName: work@t.work
      vpiCell: t
      vpiNet (3 items):
        Net name:ok_ow start:9:16 end:9:21:
          vpiParent: Module name:work@t
          vpiTypespec RefTypespec start:9:4 end:9:15:
            vpiParent: Net name:ok_ow
            vpiFullName: work@t.ok_ow
            vpiActual: LogicTypespec
          vpiName: ok_ow
          vpiFullName: work@t.ok_ow
          vpiNetType: wire (1)
        Net name:ok_o_w start:12:9 end:12:15:
          vpiParent: Module name:work@t
          vpiTypespec RefTypespec start:12:9 end:12:9:
            vpiParent: Net name:ok_o_w
            vpiFullName: work@t.ok_o_w
            vpiActual: LogicTypespec
          vpiName: ok_o_w
          vpiFullName: work@t.ok_o_w
          vpiNetType: wire (1)
        Net name:ok_o_r start:13:10 end:13:16:
          vpiParent: Module name:work@t
          vpiTypespec RefTypespec start:13:4 end:13:7:
            vpiParent: Net name:ok_o_r
            vpiFullName: work@t.ok_o_r
            vpiActual: LogicTypespec
          vpiName: ok_o_r
          vpiFullName: work@t.ok_o_r
      vpiPort (2 items):
        Port name:ok_ow start:9:16 end:9:21:
          vpiParent: Module name:work@t
          vpiName: ok_ow
          vpiDirection: output (2)
          vpiLowConn RefObj start:9:16 end:9:21:
            vpiParent: Port name:ok_ow
            vpiFullName: work@t.ok_ow
            vpiActual: Net name:ok_ow
          vpiTypespec RefTypespec start:9:4 end:9:15:
            vpiParent: Port name:ok_ow
            vpiFullName: work@t.ok_ow
            vpiActual: LogicTypespec
        Port name:ok_or start:10:16 end:10:21:
          vpiParent: Module name:work@t
          vpiName: ok_or
          vpiDirection: output (2)
          vpiLowConn RefObj start:10:16 end:10:21:
            vpiParent: Port name:ok_or
            vpiFullName: work@t.ok_or
            vpiActual: Variable name:ok_or
          vpiTypespec RefTypespec start:10:4 end:10:14:
            vpiParent: Port name:ok_or
            vpiFullName: work@t.ok_or
            vpiActual: LogicTypespec
  vpiTypespec (1 items):
    ModuleTypespec name:work@t:
      vpiParent: Design name:unnamed
      vpiName Identifier name:work@t start:7:8 end:7:9:
        vpiParent: ModuleTypespec name:work@t
        vpiName: work@t
      vpiModule: Module name:work@t
===================
[  FATAL] : 0
[ SYNTAX] : 0
[  ERROR] : 0
[WARNING] : 0
[   NOTE] : 0
********************************************************************************
*                    End HLC SystemVerilog Compiler/Linter                     *
********************************************************************************

#**#**#**#**#**#**#**#**#**#**#**#**#**#**#**#**#**#**#**#**#**#**#**#**#**#**#**#**#**#**#**#**#**#**#**#**#**#**#**#**

Environment:
      test-name: Verilator/t_var_dup2
   test-dirpath: ${HLC_DIR}/regression/Verilator/t_var_dup2
  hldb-filepath: ${HLC_DIR}/regression/Verilator/t_var_dup2/design.hldb
mounts-filepath: ${HLC_DIR}/regression/Verilator/t_var_dup2/mounts.json


{'result': {'coverage': 100.0,
            'error_count': 0,
            'file_count': 1,
            'files': {'$Output/lib/work/t_var_dup2.v': {'post_len': 0,
                                                        'pre_len': 80}},
            'post_len': 0,
            'pre_len': 80,
            'test_name': 'Verilator/t_var_dup2'}}

+-------------------------------+----------+-----------+
| INPUT                         |   PRELEN |   POSTLEN |
+===============================+==========+===========+
| $Output/lib/work/t_var_dup2.v |       80 |         0 |
+===============================+==========+===========+
|                               |       80 |         0 |
+-------------------------------+----------+-----------+

[   ERROR] : 0
[COVERAGE] : 100.0


#**#**#**#**#**#**#**#**#**#**#**#**#**#**#**#**#**#**#**#**#**#**#**#**#**#**#**#**#**#**#**#**#**#**#**#**#**#**#**#**

COMMAND: ${HLC_DIR}/regression/Verilator/t_var_dup2/design.hldb ${HLC_DIR}/regression/Verilator/t_var_dup2/reduced.hldb

==================== BEGIN REDUCTION RESULT ====================
Name                            Before   After   Added   Removed
----------------------------------------------------------------
----------------------------------------------------------------
Others                              22      22       0         0
----------------------------------------------------------------
                                    22      22       0         0
===================== END REDUCTION RESULT =====================
