[INF:CM0023] Creating log file "$Output/hlc.log".
AST_DEBUG_BEGIN
Count: 154
LIB: work
FILE: $Source01/t_enum_public.v
n<$Source01/t_enum_public.v> u<153> t<Top_level_rule> c<1> l<6:1> el<33:1>
  n<> u<1> t<Null_rule> p<153> s<2> l<6:1> el<6:1>
  n<// DESCRIPTION: Verilator: Verilog Test module> u<2> t<LINE_COMMENT> p<153> s<3> l<1:1> el<1:47>
  n<//> u<3> t<LINE_COMMENT> p<153> s<4> l<2:1> el<2:3>
  n<// This file ONLY is placed into the Public Domain, for any use,> u<4> t<LINE_COMMENT> p<153> s<5> l<3:1> el<3:65>
  n<// without warranty, 2009 by Wilson Snyder.> u<5> t<LINE_COMMENT> p<153> s<152> l<4:1> el<4:44>
  n<> u<152> t<Source_text> p<153> c<41> l<6:1> el<32:10>
    n<> u<41> t<Description> p<152> c<40> s<77> l<6:1> el<10:11>
      n<> u<40> t<Package_declaration> p<41> c<6> l<6:1> el<10:11>
        n<> u<6> t<PACKAGE> p<40> s<7> l<6:1> el<6:8>
        n<p3> u<7> t<SIMPLE_IDENTIFIER> p<40> s<38> l<6:9> el<6:11>
        n<> u<38> t<Package_item> p<40> c<37> s<39> l<7:4> el<9:50>
          n<> u<37> t<Package_or_generate_item_declaration> p<38> c<36> l<7:4> el<9:50>
            n<> u<36> t<Data_declaration> p<37> c<35> l<7:4> el<9:50>
              n<> u<35> t<Type_declaration> p<36> c<32> l<7:4> el<9:50>
                n<> u<32> t<Data_type> p<35> c<19> s<33> l<7:12> el<9:23>
                  n<> u<19> t<Enum_base_type> p<32> c<8> s<25> l<7:17> el<7:28>
                    n<logic> u<8> t<SIMPLE_IDENTIFIER> p<19> s<18> l<7:17> el<7:22>
                    n<> u<18> t<Packed_dimension> p<19> c<17> l<7:23> el<7:28>
                      n<> u<17> t<Constant_range> p<18> c<12> l<7:24> el<7:27>
                        n<> u<12> t<Constant_expression> p<17> c<11> s<16> l<7:24> el<7:25>
                          n<> u<11> t<Constant_primary> p<12> c<10> l<7:24> el<7:25>
                            n<> u<10> t<Primary_literal> p<11> c<9> l<7:24> el<7:25>
                              n<2> u<9> t<INTEGRAL_NUMBER> p<10> l<7:24> el<7:25>
                        n<> u<16> t<Constant_expression> p<17> c<15> l<7:26> el<7:27>
                          n<> u<15> t<Constant_primary> p<16> c<14> l<7:26> el<7:27>
                            n<> u<14> t<Primary_literal> p<15> c<13> l<7:26> el<7:27>
                              n<0> u<13> t<INTEGRAL_NUMBER> p<14> l<7:26> el<7:27>
                  n<> u<25> t<Enum_name_declaration> p<32> c<20> s<31> l<8:11> el<8:22>
                    n<ZERO> u<20> t<SIMPLE_IDENTIFIER> p<25> s<24> l<8:11> el<8:15>
                    n<> u<24> t<Constant_expression> p<25> c<23> l<8:18> el<8:22>
                      n<> u<23> t<Constant_primary> p<24> c<22> l<8:18> el<8:22>
                        n<> u<22> t<Primary_literal> p<23> c<21> l<8:18> el<8:22>
                          n<3'b0> u<21> t<INTEGRAL_NUMBER> p<22> l<8:18> el<8:22>
                  n<> u<31> t<Enum_name_declaration> p<32> c<26> l<9:11> el<9:21>
                    n<ONE> u<26> t<SIMPLE_IDENTIFIER> p<31> s<30> l<9:11> el<9:14>
                    n<> u<30> t<Constant_expression> p<31> c<29> l<9:17> el<9:21>
                      n<> u<29> t<Constant_primary> p<30> c<28> l<9:17> el<9:21>
                        n<> u<28> t<Primary_literal> p<29> c<27> l<9:17> el<9:21>
                          n<3'b1> u<27> t<INTEGRAL_NUMBER> p<28> l<9:17> el<9:21>
                n<e3_t> u<33> t<SIMPLE_IDENTIFIER> p<35> s<34> l<9:24> el<9:28>
                n</*verilator public*/> u<34> t<BLOCK_COMMENT> p<35> l<9:24> el<9:28>
        n<> u<39> t<ENDPACKAGE> p<40> l<10:1> el<10:11>
    n<> u<77> t<Description> p<152> c<76> s<151> l<12:1> el<16:11>
      n<> u<76> t<Package_declaration> p<77> c<42> l<12:1> el<16:11>
        n<> u<42> t<PACKAGE> p<76> s<43> l<12:1> el<12:8>
        n<p62> u<43> t<SIMPLE_IDENTIFIER> p<76> s<74> l<12:9> el<12:12>
        n<> u<74> t<Package_item> p<76> c<73> s<75> l<13:4> el<15:52>
          n<> u<73> t<Package_or_generate_item_declaration> p<74> c<72> l<13:4> el<15:52>
            n<> u<72> t<Data_declaration> p<73> c<71> l<13:4> el<15:52>
              n<> u<71> t<Type_declaration> p<72> c<68> l<13:4> el<15:52>
                n<> u<68> t<Data_type> p<71> c<55> s<69> l<13:12> el<15:24>
                  n<> u<55> t<Enum_base_type> p<68> c<44> s<61> l<13:17> el<13:29>
                    n<logic> u<44> t<SIMPLE_IDENTIFIER> p<55> s<54> l<13:17> el<13:22>
                    n<> u<54> t<Packed_dimension> p<55> c<53> l<13:23> el<13:29>
                      n<> u<53> t<Constant_range> p<54> c<48> l<13:24> el<13:28>
                        n<> u<48> t<Constant_expression> p<53> c<47> s<52> l<13:24> el<13:26>
                          n<> u<47> t<Constant_primary> p<48> c<46> l<13:24> el<13:26>
                            n<> u<46> t<Primary_literal> p<47> c<45> l<13:24> el<13:26>
                              n<62> u<45> t<INTEGRAL_NUMBER> p<46> l<13:24> el<13:26>
                        n<> u<52> t<Constant_expression> p<53> c<51> l<13:27> el<13:28>
                          n<> u<51> t<Constant_primary> p<52> c<50> l<13:27> el<13:28>
                            n<> u<50> t<Primary_literal> p<51> c<49> l<13:27> el<13:28>
                              n<0> u<49> t<INTEGRAL_NUMBER> p<50> l<13:27> el<13:28>
                  n<> u<61> t<Enum_name_declaration> p<68> c<56> s<67> l<14:11> el<14:20>
                    n<ZERO> u<56> t<SIMPLE_IDENTIFIER> p<61> s<60> l<14:11> el<14:15>
                    n<> u<60> t<Constant_expression> p<61> c<59> l<14:18> el<14:20>
                      n<> u<59> t<Constant_primary> p<60> c<58> l<14:18> el<14:20>
                        n<> u<58> t<Primary_literal> p<59> c<57> l<14:18> el<14:20>
                          n<> u<57> t<TICK_0> p<58> l<14:18> el<14:20>
                  n<> u<67> t<Enum_name_declaration> p<68> c<62> l<15:11> el<15:22>
                    n<ALLONE> u<62> t<SIMPLE_IDENTIFIER> p<67> s<66> l<15:11> el<15:17>
                    n<> u<66> t<Constant_expression> p<67> c<65> l<15:20> el<15:22>
                      n<> u<65> t<Constant_primary> p<66> c<64> l<15:20> el<15:22>
                        n<> u<64> t<Primary_literal> p<65> c<63> l<15:20> el<15:22>
                          n<> u<63> t<TICK_1> p<64> l<15:20> el<15:22>
                n<e62_t> u<69> t<SIMPLE_IDENTIFIER> p<71> s<70> l<15:25> el<15:30>
                n</*verilator public*/> u<70> t<BLOCK_COMMENT> p<71> l<15:25> el<15:30>
        n<> u<75> t<ENDPACKAGE> p<76> l<16:1> el<16:11>
    n<> u<151> t<Description> p<152> c<150> l<18:1> el<32:10>
      n<> u<150> t<Module_declaration> p<151> c<83> l<18:1> el<32:10>
        n<> u<83> t<Module_nonansi_header> p<150> c<78> s<103> l<18:1> el<18:24>
          n<module> u<78> t<Module_keyword> p<83> s<79> l<18:1> el<18:7>
          n<t> u<79> t<SIMPLE_IDENTIFIER> p<83> s<80> l<18:8> el<18:9>
          n<> u<80> t<Package_import_declaration_list> p<83> s<81> l<18:10> el<18:10>
          n</*AUTOARG*/> u<81> t<BLOCK_COMMENT> p<83> s<82> l<18:10> el<18:23>
          n<> u<82> t<Port_list> p<83> l<18:10> el<18:23>
        n<> u<103> t<Module_item> p<150> c<102> s<148> l<20:4> el<24:14>
          n<> u<102> t<Non_port_module_item> p<103> c<101> l<20:4> el<24:14>
            n<> u<101> t<Module_or_generate_item> p<102> c<100> l<20:4> el<24:14>
              n<> u<100> t<Module_common_item> p<101> c<99> l<20:4> el<24:14>
                n<> u<99> t<Module_or_generate_item_declaration> p<100> c<98> l<20:4> el<24:14>
                  n<> u<98> t<Package_or_generate_item_declaration> p<99> c<97> l<20:4> el<24:14>
                    n<> u<97> t<Data_declaration> p<98> c<96> l<20:4> el<24:14>
                      n<> u<96> t<Variable_declaration> p<97> c<92> l<20:4> el<24:14>
                        n<> u<92> t<Data_type> p<96> c<85> s<95> l<20:4> el<24:5>
                          n<> u<85> t<Enum_base_type> p<92> c<84> s<87> l<20:9> el<20:16>
                            n<> u<84> t<INTEGER> p<85> l<20:9> el<20:16>
                          n<> u<87> t<Enum_name_declaration> p<92> c<86> s<89> l<21:4> el<21:8>
                            n<EI_A> u<86> t<SIMPLE_IDENTIFIER> p<87> l<21:4> el<21:8>
                          n<> u<89> t<Enum_name_declaration> p<92> c<88> s<91> l<22:4> el<22:8>
                            n<EI_B> u<88> t<SIMPLE_IDENTIFIER> p<89> l<22:4> el<22:8>
                          n<> u<91> t<Enum_name_declaration> p<92> c<90> l<23:4> el<23:8>
                            n<EI_C> u<90> t<SIMPLE_IDENTIFIER> p<91> l<23:4> el<23:8>
                        n<> u<95> t<Variable_decl_assignment_list> p<96> c<94> l<24:6> el<24:13>
                          n<> u<94> t<Variable_decl_assignment> p<95> c<93> l<24:6> el<24:13>
                            n<m_state> u<93> t<SIMPLE_IDENTIFIER> p<94> l<24:6> el<24:13>
        n<> u<148> t<Module_item> p<150> c<147> s<149> l<26:4> el<30:7>
          n<> u<147> t<Non_port_module_item> p<148> c<146> l<26:4> el<30:7>
            n<> u<146> t<Module_or_generate_item> p<147> c<145> l<26:4> el<30:7>
              n<> u<145> t<Module_common_item> p<146> c<144> l<26:4> el<30:7>
                n<> u<144> t<Initial_construct> p<145> c<143> l<26:4> el<30:7>
                  n<> u<143> t<Statement_or_null> p<144> c<142> l<26:12> el<30:7>
                    n<> u<142> t<Statement> p<143> c<141> l<26:12> el<30:7>
                      n<> u<141> t<Statement_item> p<142> c<140> l<26:12> el<30:7>
                        n<> u<140> t<Seq_block> p<141> c<117> l<26:12> el<30:7>
                          n<> u<117> t<Statement_or_null> p<140> c<116> s<129> l<27:7> el<27:22>
                            n<> u<116> t<Statement> p<117> c<115> l<27:7> el<27:22>
                              n<> u<115> t<Statement_item> p<116> c<114> l<27:7> el<27:22>
                                n<> u<114> t<Blocking_assignment> p<115> c<113> l<27:7> el<27:21>
                                  n<> u<113> t<Variable_assignment> p<114> c<108> l<27:7> el<27:21>
                                    n<> u<108> t<Variable_lvalue> p<113> c<105> s<112> l<27:7> el<27:14>
                                      n<> u<105> t<Ps_or_hierarchical_identifier> p<108> c<104> s<107> l<27:7> el<27:14>
                                        n<m_state> u<104> t<SIMPLE_IDENTIFIER> p<105> l<27:7> el<27:14>
                                      n<> u<107> t<Select> p<108> c<106> l<27:15> el<27:15>
                                        n<> u<106> t<Bit_select> p<107> l<27:15> el<27:15>
                                    n<> u<112> t<Expression> p<113> c<111> l<27:17> el<27:21>
                                      n<> u<111> t<Primary> p<112> c<110> l<27:17> el<27:21>
                                        n<> u<110> t<Primary_literal> p<111> c<109> l<27:17> el<27:21>
                                          n<EI_A> u<109> t<SIMPLE_IDENTIFIER> p<110> l<27:17> el<27:21>
                          n<> u<129> t<Statement_or_null> p<140> c<128> s<138> l<28:7> el<28:40>
                            n<> u<128> t<Statement> p<129> c<127> l<28:7> el<28:40>
                              n<> u<127> t<Statement_item> p<128> c<126> l<28:7> el<28:40>
                                n<> u<126> t<Subroutine_call_statement> p<127> c<125> l<28:7> el<28:40>
                                  n<> u<125> t<Subroutine_call> p<126> c<118> l<28:7> el<28:39>
                                    n<$> u<118> t<DOLLAR> p<125> s<119> l<28:7> el<28:8>
                                    n<write> u<119> t<SIMPLE_IDENTIFIER> p<125> s<124> l<28:8> el<28:13>
                                    n<> u<124> t<Argument_list> p<125> c<123> l<28:14> el<28:38>
                                      n<> u<123> t<Expression> p<124> c<122> l<28:14> el<28:38>
                                        n<> u<122> t<Primary> p<123> c<121> l<28:14> el<28:38>
                                          n<> u<121> t<Primary_literal> p<122> c<120> l<28:14> el<28:38>
                                            n<"*-* All Finished *-*\n"> u<120> t<QUOTED_STRING> p<121> l<28:14> el<28:38>
                          n<> u<138> t<Statement_or_null> p<140> c<137> s<139> l<29:7> el<29:15>
                            n<> u<137> t<Statement> p<138> c<136> l<29:7> el<29:15>
                              n<> u<136> t<Statement_item> p<137> c<135> l<29:7> el<29:15>
                                n<> u<135> t<Subroutine_call_statement> p<136> c<134> l<29:7> el<29:15>
                                  n<> u<134> t<Subroutine_call> p<135> c<130> l<29:7> el<29:14>
                                    n<$> u<130> t<DOLLAR> p<134> s<131> l<29:7> el<29:8>
                                    n<finish> u<131> t<SIMPLE_IDENTIFIER> p<134> s<133> l<29:8> el<29:14>
                                    n<> u<133> t<Select> p<134> c<132> l<29:14> el<29:14>
                                      n<> u<132> t<Bit_select> p<133> l<29:14> el<29:14>
                          n<> u<139> t<END> p<140> l<30:4> el<30:7>
        n<> u<149> t<ENDMODULE> p<150> l<32:1> el<32:10>
AST_DEBUG_END
[INF:CP0301] $Source01/t_enum_public.v:6:1: Compile package "work@p3".
[INF:CP0301] $Source01/t_enum_public.v:12:1: Compile package "work@p62".
[INF:CP0303] $Source01/t_enum_public.v:18:1: Compile module "work@t".
[INF:CM0029] Using global timescale: "1ns/1ns".
====== UHDM =======
Design name:unnamed:
  vpiName: unnamed
  vpiSourceFiles (1 items):
    SourceFile name:t_enum_public.v file:$Source01/t_enum_public.v:
      vpiParent: Design name:unnamed
      vpiName: t_enum_public.v
      vpiPreprocFile: "$Output/lib/work/t_enum_public.v"
      vpiDefNetType: none (12)
  vpiAllPackages (2 items):
    Package name:work@p3 file:$Source01/t_enum_public.v start:6:1 end:10:11:
      vpiParent: Design name:unnamed
      vpiName Identifier name:work@p3 start:6:9 end:6:11:
        vpiParent: Package name:work@p3
        vpiName: work@p3
      vpiFullName: work@p3
      vpiTypespec (4 items):
        UnsupportedTypespec name:logic start:7:17 end:7:28:
          vpiParent: Package name:work@p3
          vpiName Identifier name:logic:
            vpiParent: UnsupportedTypespec name:logic
            vpiName: logic
        ArrayTypespec:
          vpiParent: Package name:work@p3
          vpiArrayType: static (1)
          vpiPacked: true
          vpiRange Range start:7:23 end:7:28:
            vpiParent: ArrayTypespec
            vpiLeftRange Constant start:7:24 end:7:25:
              vpiParent: Range
              vpiTypespec RefTypespec:
                vpiParent: Constant
                vpiFullName: work@p3
                vpiActual: IntTypespec
              vpiConstType: unsigned int (9)
              vpiSize: 64
              vpiDecompile: "2"
              vpiValue: 2
            vpiRightRange Constant start:7:26 end:7:27:
              vpiParent: Range
              vpiTypespec RefTypespec:
                vpiParent: Constant
                vpiFullName: work@p3
                vpiActual: IntTypespec
              vpiConstType: unsigned int (9)
              vpiSize: 64
              vpiDecompile: "0"
              vpiValue: 0
          vpiElemTypespec RefTypespec name:logic:
            vpiParent: ArrayTypespec
            vpiName: logic
            vpiFullName: work@p3::logic
            vpiActual: UnsupportedTypespec name:logic
        EnumTypespec start:7:12 end:9:23:
          vpiParent: Package name:work@p3
          vpiBaseTypespec RefTypespec start:7:17 end:7:28:
            vpiParent: EnumTypespec
            vpiFullName: work@p3
            vpiActual: ArrayTypespec
          vpiEnumConst (2 items):
            EnumConst name:ZERO start:8:11 end:8:22:
              vpiParent: EnumTypespec
              vpiName Identifier name:ZERO start:8:11 end:8:15:
                vpiParent: EnumConst name:ZERO
                vpiName: ZERO
              vpiValue Constant start:8:18 end:8:22:
                vpiParent: EnumConst name:ZERO
                vpiTypespec RefTypespec:
                  vpiParent: Constant
                  vpiFullName: work@p3::ZERO
                  vpiActual: ArrayTypespec
                vpiConstType: binary (3)
                vpiSize: 3
                vpiDecompile: "3'b0"
                vpiValue: 0
            EnumConst name:ONE start:9:11 end:9:21:
              vpiParent: EnumTypespec
              vpiName Identifier name:ONE start:9:11 end:9:14:
                vpiParent: EnumConst name:ONE
                vpiName: ONE
              vpiValue Constant start:9:17 end:9:21:
                vpiParent: EnumConst name:ONE
                vpiTypespec RefTypespec:
                  vpiParent: Constant
                  vpiFullName: work@p3::ONE
                  vpiActual: ArrayTypespec
                vpiConstType: binary (3)
                vpiSize: 3
                vpiDecompile: "3'b1"
                vpiValue: 1
        TypedefTypespec name:e3_t start:7:4 end:9:50:
          vpiParent: Package name:work@p3
          vpiName Identifier name:e3_t start:9:24 end:9:28:
            vpiParent: TypedefTypespec name:e3_t
            vpiName: e3_t
          vpiTypedefAlias RefTypespec start:7:12 end:9:23:
            vpiParent: TypedefTypespec name:e3_t
            vpiFullName: work@p3::e3_t
            vpiActual: EnumTypespec
      vpiDefName: work@p3
      vpiDefNetType: none (12)
    Package name:work@p62 file:$Source01/t_enum_public.v start:12:1 end:16:11:
      vpiParent: Design name:unnamed
      vpiName Identifier name:work@p62 start:12:9 end:12:12:
        vpiParent: Package name:work@p62
        vpiName: work@p62
      vpiFullName: work@p62
      vpiTypespec (5 items):
        UnsupportedTypespec name:logic start:13:17 end:13:29:
          vpiParent: Package name:work@p62
          vpiName Identifier name:logic:
            vpiParent: UnsupportedTypespec name:logic
            vpiName: logic
        ArrayTypespec:
          vpiParent: Package name:work@p62
          vpiArrayType: static (1)
          vpiPacked: true
          vpiRange Range start:13:23 end:13:29:
            vpiParent: ArrayTypespec
            vpiLeftRange Constant start:13:24 end:13:26:
              vpiParent: Range
              vpiTypespec RefTypespec:
                vpiParent: Constant
                vpiFullName: work@p62
                vpiActual: IntTypespec
              vpiConstType: unsigned int (9)
              vpiSize: 64
              vpiDecompile: "62"
              vpiValue: 62
            vpiRightRange Constant start:13:27 end:13:28:
              vpiParent: Range
              vpiTypespec RefTypespec:
                vpiParent: Constant
                vpiFullName: work@p62
                vpiActual: IntTypespec
              vpiConstType: unsigned int (9)
              vpiSize: 64
              vpiDecompile: "0"
              vpiValue: 0
          vpiElemTypespec RefTypespec name:logic:
            vpiParent: ArrayTypespec
            vpiName: logic
            vpiFullName: work@p62::logic
            vpiActual: UnsupportedTypespec name:logic
        BitTypespec:
          vpiParent: Package name:work@p62
        EnumTypespec start:13:12 end:15:24:
          vpiParent: Package name:work@p62
          vpiBaseTypespec RefTypespec start:13:17 end:13:29:
            vpiParent: EnumTypespec
            vpiFullName: work@p62
            vpiActual: ArrayTypespec
          vpiEnumConst (2 items):
            EnumConst name:ZERO start:14:11 end:14:20:
              vpiParent: EnumTypespec
              vpiName Identifier name:ZERO start:14:11 end:14:15:
                vpiParent: EnumConst name:ZERO
                vpiName: ZERO
              vpiValue Constant start:14:18 end:14:20:
                vpiParent: EnumConst name:ZERO
                vpiTypespec RefTypespec:
                  vpiParent: Constant
                  vpiFullName: work@p62::ZERO
                  vpiActual: ArrayTypespec
                vpiConstType: binary (3)
                vpiSize: 1
                vpiDecompile: "'0"
                vpiValue: 0
            EnumConst name:ALLONE start:15:11 end:15:22:
              vpiParent: EnumTypespec
              vpiName Identifier name:ALLONE start:15:11 end:15:17:
                vpiParent: EnumConst name:ALLONE
                vpiName: ALLONE
              vpiValue Constant start:15:20 end:15:22:
                vpiParent: EnumConst name:ALLONE
                vpiTypespec RefTypespec:
                  vpiParent: Constant
                  vpiFullName: work@p62::ALLONE
                  vpiActual: ArrayTypespec
                vpiConstType: binary (3)
                vpiSize: 1
                vpiDecompile: "'1"
                vpiValue: 1
        TypedefTypespec name:e62_t start:13:4 end:15:52:
          vpiParent: Package name:work@p62
          vpiName Identifier name:e62_t start:15:25 end:15:30:
            vpiParent: TypedefTypespec name:e62_t
            vpiName: e62_t
          vpiTypedefAlias RefTypespec start:13:12 end:15:24:
            vpiParent: TypedefTypespec name:e62_t
            vpiFullName: work@p62::e62_t
            vpiActual: EnumTypespec
      vpiDefName: work@p62
      vpiDefNetType: none (12)
  vpiAllModules (1 items):
    Module name:work@t file:$Source01/t_enum_public.v start:18:1 end:32:10:
      vpiParent: Design name:unnamed
      vpiName Identifier name:work@t start:18:8 end:18:9:
        vpiParent: Module name:work@t
        vpiName: work@t
      vpiFullName: work@t
      vpiTypespec (2 items):
        IntegerTypespec:
          vpiParent: Module name:work@t
          vpiSigned: true
        EnumTypespec start:20:4 end:24:5:
          vpiParent: Module name:work@t
          vpiBaseTypespec RefTypespec start:20:9 end:20:16:
            vpiParent: EnumTypespec
            vpiFullName: work@t
            vpiActual: IntegerTypespec
          vpiEnumConst (3 items):
            EnumConst name:EI_A start:21:4 end:21:8:
              vpiParent: EnumTypespec
              vpiName Identifier name:EI_A start:21:4 end:21:8:
                vpiParent: EnumConst name:EI_A
                vpiName: EI_A
            EnumConst name:EI_B start:22:4 end:22:8:
              vpiParent: EnumTypespec
              vpiName Identifier name:EI_B start:22:4 end:22:8:
                vpiParent: EnumConst name:EI_B
                vpiName: EI_B
            EnumConst name:EI_C start:23:4 end:23:8:
              vpiParent: EnumTypespec
              vpiName Identifier name:EI_C start:23:4 end:23:8:
                vpiParent: EnumConst name:EI_C
                vpiName: EI_C
      vpiDefName: work@t
      vpiDefNetType: none (12)
      vpiNet (1 items):
        Net name:m_state start:24:6 end:24:13:
          vpiParent: Module name:work@t
          vpiTypespec RefTypespec start:20:4 end:24:5:
            vpiParent: Net name:m_state
            vpiFullName: work@t.m_state
            vpiActual: EnumTypespec
          vpiName: m_state
          vpiFullName: work@t.m_state
      vpiProcess (1 items):
        Initial start:26:4 end:30:7:
          vpiParent: Module name:work@t
          vpiStmt Begin start:26:12 end:30:7:
            vpiParent: Initial
            vpiFullName: work@t
            vpiStmt (3 items):
              Assignment start:27:7 end:27:21:
                vpiParent: Begin
                vpiBlocking: true
                vpiLhs RefObj name:m_state start:27:7 end:27:14:
                  vpiParent: Assignment
                  vpiName: m_state
                  vpiFullName: work@t.m_state
                  vpiActual: Net name:m_state
                vpiRhs RefObj name:EI_A start:27:17 end:27:21:
                  vpiParent: Assignment
                  vpiName: EI_A
                  vpiFullName: work@t.EI_A
                  vpiActual: EnumConst name:EI_A
              SysFuncCall name:$write start:28:7 end:28:39:
                vpiParent: Begin
                vpiName Identifier name:$write start:28:7 end:28:13:
                  vpiParent: SysFuncCall name:$write
                  vpiName: "$write"
                vpiArgument (1 items):
                  Constant start:28:14 end:28:38:
                    vpiParent: SysFuncCall name:$write
                    vpiTypespec RefTypespec:
                      vpiParent: Constant
                      vpiFullName: work@t
                      vpiActual: StringTypespec
                    vpiConstType: string (6)
                    vpiSize: 176
                    vpiDecompile: "\"*-* All Finished *-*\\n\""
                    vpiValue: *-* All Finished *-*\n
              SysFuncCall name:$finish start:29:7 end:29:14:
                vpiParent: Begin
                vpiName Identifier name:$finish start:29:7 end:29:14:
                  vpiParent: SysFuncCall name:$finish
                  vpiName: "$finish"
  vpiTypespec (4 items):
    IntTypespec:
      vpiParent: Design name:unnamed
      vpiSigned: true
    LogicTypespec:
      vpiParent: Design name:unnamed
    ModuleTypespec name:work@t:
      vpiParent: Design name:unnamed
      vpiName Identifier name:work@t start:18:8 end:18:9:
        vpiParent: ModuleTypespec name:work@t
        vpiName: work@t
      vpiModule: Module name:work@t
    StringTypespec:
      vpiParent: Design name:unnamed
===================

[  FATAL] : 0
[ SYNTAX] : 0
[  ERROR] : 0
[WARNING] : 0
[   NOTE] : 0

#**#**#**#**#**#**#**#**#**#**#**#**#**#**#**#**#**#**#**#**#**#**#**#**#**#**#**#**#**#**#**#**#**#**#**#**#**#**#**#**

Environment:
      test-name: Verilator/t_enum_public
   test-dirpath: ${SURELOG_DIR}/regression/Verilator/t_enum_public
  uhdm-filepath: ${SURELOG_DIR}/regression/Verilator/t_enum_public/surelog.uhdm
mounts-filepath: ${SURELOG_DIR}/regression/Verilator/t_enum_public/mounts.json


{'result': {'coverage': 100.0,
            'error_count': 0,
            'file_count': 1,
            'files': {'$Output/lib/work/t_enum_public.v': {'post_len': 0,
                                                           'pre_len': 340}},
            'post_len': 0,
            'pre_len': 340,
            'test_name': 'Verilator/t_enum_public'}}

+----------------------------------+----------+-----------+
| INPUT                            |   PRELEN |   POSTLEN |
+==================================+==========+===========+
| $Output/lib/work/t_enum_public.v |      340 |         0 |
+==================================+==========+===========+
|                                  |      340 |         0 |
+----------------------------------+----------+-----------+

[   ERROR] : 0
[COVERAGE] : 100.0


#**#**#**#**#**#**#**#**#**#**#**#**#**#**#**#**#**#**#**#**#**#**#**#**#**#**#**#**#**#**#**#**#**#**#**#**#**#**#**#**

COMMAND: ${SURELOG_DIR}/regression/Verilator/t_enum_public/surelog.uhdm ${SURELOG_DIR}/regression/Verilator/t_enum_public/reduced.uhdm

==================== BEGIN REDUCTION RESULT ====================
Name                            Before   After   Added   Removed
----------------------------------------------------------------
----------------------------------------------------------------
Others                              80      80       0         0
----------------------------------------------------------------
                                    80      80       0         0
===================== END REDUCTION RESULT =====================
