********************************************************************************
*                   Begin HLC SystemVerilog Compiler/Linter                    *
********************************************************************************
Copyright (c) 2020 Apotell,
http://www.apache.org/licenses/LICENSE-2.0
VERSION: 1.84
COMMAND: -wd ../../../tests/Verilator +incdir+. -nobuiltin -timescale=1ns/1ns -d ast -d db t_unroll_genf.v -mt 0 -d dbstats -d cache -writepp -d db -nostdout -o ${HLC_DIR}/regression/Verilator/t_unroll_genf
[INF:CM5022] Creating log file "$Output/hlc.log".
[INF:PP5223] Preprocessing source file "$Source01/t_unroll_genf.v".
[INF:PA5502] Parsing source file "$Source01/t_unroll_genf.v".
AST_DEBUG_BEGIN
Count: 156
LIB: work
FILE<0>:$Source01/t_unroll_genf.v
n<$Source01/t_unroll_genf.v> u<155> t<Top_level_rule> c<1> l<7:1> el<30:1>
  n<> u<1> t<Null_rule> p<155> s<2> l<7:1> el<7:1>
  n<// DESCRIPTION: Verilator: Verilog Test module> u<2> t<LINE_COMMENT> p<155> s<3> l<1:1> el<1:47>
  n<//> u<3> t<LINE_COMMENT> p<155> s<4> l<2:1> el<2:3>
  n<// This file ONLY is placed into the Public Domain, for any use,> u<4> t<LINE_COMMENT> p<155> s<5> l<3:1> el<3:65>
  n<// without warranty, 2004 by Wilson Snyder.> u<5> t<LINE_COMMENT> p<155> s<6> l<4:1> el<4:44>
  n<//bug830> u<6> t<LINE_COMMENT> p<155> s<154> l<6:1> el<6:9>
  n<> u<154> t<Source_text> p<155> c<14> l<7:1> el<29:10>
    n<> u<14> t<Description> p<154> c<13> s<51> l<7:1> el<8:10>
      n<> u<13> t<Module_declaration> p<14> c<11> l<7:1> el<8:10>
        n<> u<11> t<Module_nonansi_header> p<13> c<7> s<12> l<7:1> el<7:14>
          n<module> u<7> t<MODULE> p<11> s<8> l<7:1> el<7:7>
          n<sub> u<8> t<SIMPLE_IDENTIFIER> p<11> s<9> l<7:8> el<7:11>
          n<> u<9> t<Package_import_declaration_list> p<11> s<10> l<7:11> el<7:11>
          n<> u<10> t<Port_list> p<11> l<7:11> el<7:13>
        n<> u<12> t<ENDMODULE> p<13> l<8:1> el<8:10>
    n<> u<51> t<Description> p<154> c<50> s<153> l<10:1> el<14:12>
      n<> u<50> t<Package_item> p<51> c<49> l<10:1> el<14:12>
        n<> u<49> t<Package_or_generate_item_declaration> p<50> c<48> l<10:1> el<14:12>
          n<> u<48> t<Function_declaration> p<49> c<47> l<10:1> el<14:12>
            n<> u<47> t<Function_body_declaration> p<48> c<18> l<10:10> el<14:12>
              n<> u<18> t<Function_data_type_or_implicit> p<47> c<17> s<19> l<10:10> el<10:17>
                n<> u<17> t<Function_data_type> p<18> c<16> l<10:10> el<10:17>
                  n<> u<16> t<Data_type> p<17> c<15> l<10:10> el<10:17>
                    n<> u<15> t<INTEGER> p<16> l<10:10> el<10:17>
              n<cdiv> u<19> t<SIMPLE_IDENTIFIER> p<47> s<26> l<10:18> el<10:22>
              n<> u<26> t<Tf_port_item_list> p<47> c<25> s<45> l<10:22> el<10:39>
                n<> u<25> t<Tf_port_item> p<26> c<20> l<10:23> el<10:38>
                  n<> u<20> t<INPUT> p<25> s<23> l<10:23> el<10:28>
                  n<> u<23> t<Data_type_or_implicit> p<25> c<22> s<24> l<10:29> el<10:36>
                    n<> u<22> t<Data_type> p<23> c<21> l<10:29> el<10:36>
                      n<> u<21> t<INTEGER> p<22> l<10:29> el<10:36>
                  n<x> u<24> t<SIMPLE_IDENTIFIER> p<25> l<10:37> el<10:38>
              n<> u<45> t<Function_statement_or_null> p<47> c<44> s<46> l<11:4> el<13:7>
                n<> u<44> t<Statement> p<45> c<43> l<11:4> el<13:7>
                  n<> u<43> t<Statement_item> p<44> c<42> l<11:4> el<13:7>
                    n<> u<42> t<Seq_block> p<43> c<40> l<11:4> el<13:7>
                      n<> u<40> t<Statement_or_null> p<42> c<39> s<41> l<12:7> el<12:17>
                        n<> u<39> t<Statement> p<40> c<38> l<12:7> el<12:17>
                          n<> u<38> t<Statement_item> p<39> c<37> l<12:7> el<12:17>
                            n<> u<37> t<Blocking_assignment> p<38> c<36> l<12:7> el<12:16>
                              n<> u<36> t<Variable_assignment> p<37> c<31> l<12:7> el<12:16>
                                n<> u<31> t<Variable_lvalue> p<36> c<28> s<35> l<12:7> el<12:11>
                                  n<> u<28> t<Ps_or_hierarchical_identifier> p<31> c<27> s<30> l<12:7> el<12:11>
                                    n<cdiv> u<27> t<SIMPLE_IDENTIFIER> p<28> l<12:7> el<12:11>
                                  n<> u<30> t<Select> p<31> c<29> l<12:12> el<12:12>
                                    n<> u<29> t<Bit_select> p<30> l<12:12> el<12:12>
                                n<> u<35> t<Expression> p<36> c<34> l<12:14> el<12:16>
                                  n<> u<34> t<Primary> p<35> c<33> l<12:14> el<12:16>
                                    n<> u<33> t<Primary_literal> p<34> c<32> l<12:14> el<12:16>
                                      n<10> u<32> t<INTEGRAL_NUMBER> p<33> l<12:14> el<12:16>
                      n<> u<41> t<END> p<42> l<13:4> el<13:7>
              n<> u<46> t<ENDFUNCTION> p<47> l<14:1> el<14:12>
    n<> u<153> t<Description> p<154> c<152> l<16:1> el<29:10>
      n<> u<152> t<Module_declaration> p<153> c<57> l<16:1> el<29:10>
        n<> u<57> t<Module_nonansi_header> p<152> c<52> s<65> l<16:1> el<16:24>
          n<module> u<52> t<MODULE> p<57> s<53> l<16:1> el<16:7>
          n<t> u<53> t<SIMPLE_IDENTIFIER> p<57> s<54> l<16:8> el<16:9>
          n<> u<54> t<Package_import_declaration_list> p<57> s<55> l<16:10> el<16:10>
          n</*AUTOARG*/> u<55> t<BLOCK_COMMENT> p<57> s<56> l<16:10> el<16:23>
          n<> u<56> t<Port_list> p<57> l<16:10> el<16:23>
        n<> u<65> t<Module_item> p<152> c<64> s<117> l<18:4> el<18:13>
          n<> u<64> t<Non_port_module_item> p<65> c<63> l<18:4> el<18:13>
            n<> u<63> t<Module_or_generate_item> p<64> c<62> l<18:4> el<18:13>
              n<> u<62> t<Module_common_item> p<63> c<61> l<18:4> el<18:13>
                n<> u<61> t<Module_or_generate_item_declaration> p<62> c<60> l<18:4> el<18:13>
                  n<> u<60> t<Genvar_declaration> p<61> c<59> l<18:4> el<18:13>
                    n<> u<59> t<Identifier_list> p<60> c<58> l<18:11> el<18:12>
                      n<j> u<58> t<SIMPLE_IDENTIFIER> p<59> l<18:11> el<18:12>
        n<> u<117> t<Module_item> p<152> c<116> s<150> l<19:4> el<22:15>
          n<> u<116> t<Non_port_module_item> p<117> c<115> l<19:4> el<22:15>
            n<> u<115> t<Generate_region> p<116> c<113> l<19:4> el<22:15>
              n<> u<113> t<Generate_item> p<115> c<112> s<114> l<20:7> el<21:19>
                n<> u<112> t<Module_or_generate_item> p<113> c<111> l<20:7> el<21:19>
                  n<> u<111> t<Module_common_item> p<112> c<110> l<20:7> el<21:19>
                    n<> u<110> t<Loop_generate_construct> p<111> c<71> l<20:7> el<21:19>
                      n<> u<71> t<Genvar_initialization> p<110> c<66> s<88> l<20:12> el<20:17>
                        n<j> u<66> t<SIMPLE_IDENTIFIER> p<71> s<70> l<20:12> el<20:13>
                        n<> u<70> t<Constant_expression> p<71> c<69> l<20:16> el<20:17>
                          n<> u<69> t<Constant_primary> p<70> c<68> l<20:16> el<20:17>
                            n<> u<68> t<Primary_literal> p<69> c<67> l<20:16> el<20:17>
                              n<0> u<67> t<INTEGRAL_NUMBER> p<68> l<20:16> el<20:17>
                      n<> u<88> t<Constant_expression> p<110> c<75> s<100> l<20:19> el<20:31>
                        n<> u<75> t<Constant_expression> p<88> c<74> s<87> l<20:19> el<20:20>
                          n<> u<74> t<Constant_primary> p<75> c<73> l<20:19> el<20:20>
                            n<> u<73> t<Primary_literal> p<74> c<72> l<20:19> el<20:20>
                              n<j> u<72> t<SIMPLE_IDENTIFIER> p<73> l<20:19> el<20:20>
                        n<> u<87> t<LESS> p<88> s<86> l<20:21> el<20:22>
                        n<> u<86> t<Constant_expression> p<88> c<85> l<20:23> el<20:31>
                          n<> u<85> t<Constant_primary> p<86> c<84> l<20:23> el<20:31>
                            n<> u<84> t<Subroutine_call> p<85> c<76> l<20:23> el<20:31>
                              n<cdiv> u<76> t<SIMPLE_IDENTIFIER> p<84> s<82> l<20:23> el<20:27>
                              n<> u<82> t<OPEN_PARENS> p<84> s<81> l<20:27> el<20:28>
                              n<> u<81> t<Argument_list> p<84> c<80> s<83> l<20:28> el<20:30>
                                n<> u<80> t<Expression> p<81> c<79> l<20:28> el<20:30>
                                  n<> u<79> t<Primary> p<80> c<78> l<20:28> el<20:30>
                                    n<> u<78> t<Primary_literal> p<79> c<77> l<20:28> el<20:30>
                                      n<10> u<77> t<INTEGRAL_NUMBER> p<78> l<20:28> el<20:30>
                              n<> u<83> t<CLOSE_PARENS> p<84> l<20:30> el<20:31>
                      n<> u<100> t<Genvar_iteration> p<110> c<89> s<109> l<20:33> el<20:38>
                        n<j> u<89> t<SIMPLE_IDENTIFIER> p<100> s<99> l<20:33> el<20:34>
                        n<> u<99> t<Constant_expression> p<100> c<93> l<20:35> el<20:38>
                          n<> u<93> t<Constant_expression> p<99> c<92> s<98> l<20:35> el<20:36>
                            n<> u<92> t<Constant_primary> p<93> c<91> l<20:35> el<20:36>
                              n<> u<91> t<Primary_literal> p<92> c<90> l<20:35> el<20:36>
                                n<j> u<90> t<SIMPLE_IDENTIFIER> p<91> l<20:35> el<20:36>
                          n<> u<98> t<BinaryOp_Plus> p<99> s<97> l<20:36> el<20:37>
                          n<> u<97> t<Constant_expression> p<99> c<96> l<20:37> el<20:38>
                            n<> u<96> t<Constant_primary> p<97> c<95> l<20:37> el<20:38>
                              n<> u<95> t<Primary_literal> p<96> c<94> l<20:37> el<20:38>
                                n<1> u<94> t<INTEGRAL_NUMBER> p<95> l<20:37> el<20:38>
                      n<> u<109> t<Generate_item> p<110> c<108> l<21:9> el<21:19>
                        n<> u<108> t<Module_or_generate_item> p<109> c<107> l<21:9> el<21:19>
                          n<> u<107> t<Module_instantiation> p<108> c<101> l<21:9> el<21:19>
                            n<sub> u<101> t<SIMPLE_IDENTIFIER> p<107> s<106> l<21:9> el<21:12>
                            n<> u<106> t<Hierarchical_instance> p<107> c<103> l<21:13> el<21:18>
                              n<> u<103> t<Name_of_instance> p<106> c<102> s<105> l<21:13> el<21:16>
                                n<sub> u<102> t<SIMPLE_IDENTIFIER> p<103> l<21:13> el<21:16>
                              n<> u<105> t<Port_connection_list> p<106> c<104> l<21:17> el<21:17>
                                n<> u<104> t<Ordered_port_connection> p<105> l<21:17> el<21:17>
              n<> u<114> t<ENDGENERATE> p<115> l<22:4> el<22:15>
        n<> u<150> t<Module_item> p<152> c<149> s<151> l<24:4> el<27:7>
          n<> u<149> t<Non_port_module_item> p<150> c<148> l<24:4> el<27:7>
            n<> u<148> t<Module_or_generate_item> p<149> c<147> l<24:4> el<27:7>
              n<> u<147> t<Module_common_item> p<148> c<146> l<24:4> el<27:7>
                n<> u<146> t<Initial_construct> p<147> c<145> l<24:4> el<27:7>
                  n<> u<145> t<Statement_or_null> p<146> c<144> l<24:12> el<27:7>
                    n<> u<144> t<Statement> p<145> c<143> l<24:12> el<27:7>
                      n<> u<143> t<Statement_item> p<144> c<142> l<24:12> el<27:7>
                        n<> u<142> t<Seq_block> p<143> c<131> l<24:12> el<27:7>
                          n<> u<131> t<Statement_or_null> p<142> c<130> s<140> l<25:7> el<25:40>
                            n<> u<130> t<Statement> p<131> c<129> l<25:7> el<25:40>
                              n<> u<129> t<Statement_item> p<130> c<128> l<25:7> el<25:40>
                                n<> u<128> t<Subroutine_call_statement> p<129> c<127> l<25:7> el<25:40>
                                  n<> u<127> t<Subroutine_call> p<128> c<118> l<25:7> el<25:39>
                                    n<$> u<118> t<DOLLAR> p<127> s<119> l<25:7> el<25:8>
                                    n<write> u<119> t<SIMPLE_IDENTIFIER> p<127> s<125> l<25:8> el<25:13>
                                    n<> u<125> t<OPEN_PARENS> p<127> s<124> l<25:13> el<25:14>
                                    n<> u<124> t<Argument_list> p<127> c<123> s<126> l<25:14> el<25:38>
                                      n<> u<123> t<Expression> p<124> c<122> l<25:14> el<25:38>
                                        n<> u<122> t<Primary> p<123> c<121> l<25:14> el<25:38>
                                          n<> u<121> t<Primary_literal> p<122> c<120> l<25:14> el<25:38>
                                            n<"*-* All Finished *-*\n"> u<120> t<QUOTED_STRING> p<121> l<25:14> el<25:38>
                                    n<> u<126> t<CLOSE_PARENS> p<127> l<25:38> el<25:39>
                          n<> u<140> t<Statement_or_null> p<142> c<139> s<141> l<26:7> el<26:15>
                            n<> u<139> t<Statement> p<140> c<138> l<26:7> el<26:15>
                              n<> u<138> t<Statement_item> p<139> c<137> l<26:7> el<26:15>
                                n<> u<137> t<Subroutine_call_statement> p<138> c<136> l<26:7> el<26:15>
                                  n<> u<136> t<Subroutine_call> p<137> c<132> l<26:7> el<26:14>
                                    n<$> u<132> t<DOLLAR> p<136> s<133> l<26:7> el<26:8>
                                    n<finish> u<133> t<SIMPLE_IDENTIFIER> p<136> s<135> l<26:8> el<26:14>
                                    n<> u<135> t<Select> p<136> c<134> l<26:14> el<26:14>
                                      n<> u<134> t<Bit_select> p<135> l<26:14> el<26:14>
                          n<> u<141> t<END> p<142> l<27:4> el<27:7>
        n<> u<151> t<ENDMODULE> p<152> l<29:1> el<29:10>
AST_DEBUG_END
[INF:CP5804] $Source01/t_unroll_genf.v:7:1: Compile module "sub".
[INF:CP5804] $Source01/t_unroll_genf.v:16:1: Compile module "t".
[INF:CM5028] Using global timescale: "1ns/1ns".
====== HLDB =======
Design name:unnamed:
  vpiName: unnamed
  vpiSourceFile (1 items):
    SourceFile name:t_unroll_genf.v file:$Source01/t_unroll_genf.v:
      vpiParent: Design name:unnamed
      vpiName: t_unroll_genf.v
      vpiPreprocFile: "$Output/lib/work/t_unroll_genf.v"
  vpiAllModules (2 items):
    Module name:sub file:$Source01/t_unroll_genf.v start:7:1 end:8:10:
      vpiParent: Design name:unnamed
      vpiName Identifier name:sub start:7:8 end:7:11:
      vpiFullName: sub
      vpiDefName: sub
      vpiDefNetType: wire (1)
      vpiDefDelayMode: none (1)
      vpiUnconnDrive: highz (1)
      vpiLibrary RefObj name:work start:7:8 end:7:11:
        vpiParent: Module name:sub
        vpiName: work
        vpiFullName: sub.work
        vpiActual: Library name:work
      vpiCell: sub
    Module name:t file:$Source01/t_unroll_genf.v start:16:1 end:29:10:
      vpiParent: Design name:unnamed
      vpiName Identifier name:t start:16:8 end:16:9:
      vpiFullName: t
      vpiVariable (1 items):
        Variable name:j start:18:11 end:18:12:
          vpiParent: Module name:t
          vpiName: j
          vpiFullName: t.j
      vpiDefName: t
      vpiDefNetType: wire (1)
      vpiDefDelayMode: none (1)
      vpiUnconnDrive: highz (1)
      vpiLibrary RefObj name:work start:16:8 end:16:9:
        vpiParent: Module name:t
        vpiName: work
        vpiFullName: t.work
        vpiActual: Library name:work
      vpiCell: t
      vpiProcess (1 items):
        Initial start:24:4 end:27:7:
          vpiParent: Module name:t
          vpiStmt Begin start:24:12 end:27:7:
            vpiParent: Initial
            vpiFullName: t
            vpiStmt (2 items):
              SysTaskCall name:$write start:25:7 end:25:39:
                vpiParent: Begin
                vpiName Identifier name:$write start:25:7 end:25:13:
                vpiArgument (1 items):
                  NamedArgument start:25:14 end:25:38:
                    vpiParent: SysTaskCall name:$write
                    vpiHighConn Constant start:25:14 end:25:38:
                      vpiParent: NamedArgument
                      vpiTypespec RefTypespec:
                        vpiParent: Constant
                        vpiFullName: t
                        vpiActual: StringTypespec
                      vpiConstType: string (6)
                      vpiSize: 168
                      vpiDecompile: "\"*-* All Finished *-*\\n\""
                      vpiValue: "*-* All Finished *-*\\n"
              SysTaskCall name:$finish start:26:7 end:26:14:
                vpiParent: Begin
                vpiName Identifier name:$finish start:26:7 end:26:14:
                vpiIsProperty: true
      vpiGenStmt (1 items):
        GenRegion start:19:4 end:22:15:
          vpiParent: Module name:t
          vpiFullName: t
          vpiStmt GenFor start:20:7 end:21:19:
            vpiParent: GenRegion
            vpiFullName: t
            vpiVariable (1 items):
              Variable name:j start:20:12 end:20:13:
                vpiParent: GenFor
                vpiName: j
                vpiFullName: t.j
            vpiTypespec (1 items):
              ModuleTypespec name:sub start:21:9 end:21:12:
                vpiParent: GenFor
                vpiName Identifier name:sub start:21:9 end:21:12:
                vpiDefName: sub
                vpiModule: Module name:sub
            vpiForInitStmt (1 items):
              Assignment start:20:12 end:20:17:
                vpiParent: GenFor
                vpiLhs: Variable name:j
                vpiRhs Constant start:20:16 end:20:17:
                  vpiParent: Assignment
                  vpiTypespec RefTypespec:
                    vpiParent: Constant
                    vpiFullName: t
                    vpiActual: IntTypespec
                  vpiConstType: unsigned int (9)
                  vpiSize: 64
                  vpiDecompile: "0"
                  vpiValue: 0
            vpiForIncStmt (1 items):
              Assignment start:20:33 end:20:38:
                vpiParent: GenFor
                vpiBlocking: true
                vpiLhs RefObj name:j start:20:33 end:20:34:
                  vpiParent: Assignment
                  vpiName: j
                  vpiFullName: t.j
                  vpiActual: Variable name:j
                vpiRhs Operation start:20:35 end:20:38:
                  vpiParent: Assignment
                  vpiOpType: add (24)
                  vpiOperand (2 items):
                    RefObj name:j start:20:35 end:20:36:
                      vpiParent: Operation
                      vpiName: j
                      vpiFullName: t.j
                      vpiActual: Variable name:j
                    Constant start:20:37 end:20:38:
                      vpiParent: Operation
                      vpiTypespec RefTypespec:
                        vpiParent: Constant
                        vpiFullName: t
                        vpiActual: IntTypespec
                      vpiConstType: unsigned int (9)
                      vpiSize: 64
                      vpiDecompile: "1"
                      vpiValue: 1
            vpiCondition Operation start:20:19 end:20:31:
              vpiParent: GenFor
              vpiOpType: less than (20)
              vpiOperand (2 items):
                RefObj name:j start:20:19 end:20:20:
                  vpiParent: Operation
                  vpiName: j
                  vpiFullName: t.j
                  vpiActual: Variable name:j
                FuncCall name:cdiv start:20:23 end:20:31:
                  vpiParent: Operation
                  vpiName Identifier name:cdiv start:20:23 end:20:27:
                  vpiTaskFunc: Function name:cdiv
                  vpiArgument (1 items):
                    NamedArgument start:20:28 end:20:30:
                      vpiParent: FuncCall name:cdiv
                      vpiHighConn Constant start:20:28 end:20:30:
                        vpiParent: NamedArgument
                        vpiTypespec RefTypespec:
                          vpiParent: Constant
                          vpiFullName: t
                          vpiActual: IntTypespec
                        vpiConstType: unsigned int (9)
                        vpiSize: 64
                        vpiDecompile: "10"
                        vpiValue: 10
            vpiStmt Begin:
              vpiParent: GenFor
              vpiFullName: t
              vpiStmt (1 items):
                RefInstance name:sub start:21:13 end:21:16:
                  vpiParent: Begin
                  vpiName: sub
                  vpiTypespec RefTypespec name:sub start:21:9 end:21:12:
                    vpiParent: RefInstance name:sub
                    vpiName: sub
                    vpiFullName: t.sub.sub
                    vpiActual: ModuleTypespec name:sub
  vpiTypespec (4 items):
    ModuleTypespec name:sub:
      vpiParent: Design name:unnamed
      vpiName Identifier name:sub start:7:8 end:7:11:
      vpiDefName: sub
      vpiModule: Module name:sub
    IntTypespec:
      vpiParent: Design name:unnamed
      vpiSigned: true
    ModuleTypespec name:t:
      vpiParent: Design name:unnamed
      vpiName Identifier name:t start:16:8 end:16:9:
      vpiDefName: t
      vpiModule: Module name:t
    StringTypespec:
      vpiParent: Design name:unnamed
  vpiTaskFunc (1 items):
    Function name:cdiv start:10:1 end:14:12:
      vpiParent: Design name:unnamed
      vpiName Identifier name:cdiv start:10:18 end:10:22:
      vpiFullName: cdiv
      vpiTypespec (1 items):
        IntegerTypespec:
          vpiParent: Function name:cdiv
          vpiSigned: true
      vpiVisibility: public (1)
      vpiIODecl (1 items):
        IODecl name:x start:10:37 end:10:38:
          vpiParent: Function name:cdiv
          vpiName: x
          vpiDirection: input (1)
          vpiTypespec RefTypespec start:10:29 end:10:36:
            vpiParent: IODecl name:x
            vpiFullName: cdiv.x
            vpiActual: IntegerTypespec
      vpiStmt Begin start:11:4 end:13:7:
        vpiParent: Function name:cdiv
        vpiFullName: cdiv
        vpiStmt (1 items):
          Assignment start:12:7 end:12:16:
            vpiParent: Begin
            vpiBlocking: true
            vpiLhs RefObj name:cdiv start:12:7 end:12:11:
              vpiParent: Assignment
              vpiName: cdiv
              vpiFullName: cdiv.cdiv
              vpiActual: Function name:cdiv
            vpiRhs Constant start:12:14 end:12:16:
              vpiParent: Assignment
              vpiTypespec RefTypespec:
                vpiParent: Constant
                vpiFullName: cdiv
                vpiActual: IntTypespec
              vpiConstType: unsigned int (9)
              vpiSize: 64
              vpiDecompile: "10"
              vpiValue: 10
      vpiReturn RefTypespec start:10:10 end:10:17:
        vpiParent: Function name:cdiv
        vpiFullName: cdiv
        vpiActual: IntegerTypespec
  vpiLibrary (1 items):
    Library name:work:
      vpiParent: Design name:unnamed
      vpiName: work
===================
[  FATAL] : 0
[ SYNTAX] : 0
[  ERROR] : 0
[WARNING] : 0
[   NOTE] : 0
********************************************************************************
*                    End HLC SystemVerilog Compiler/Linter                     *
********************************************************************************

#**#**#**#**#**#**#**#**#**#**#**#**#**#**#**#**#**#**#**#**#**#**#**#**#**#**#**#**#**#**#**#**#**#**#**#**#**#**#**#**

Environment:
      test-name: Verilator/t_unroll_genf
   test-dirpath: ${HLC_DIR}/regression/Verilator/t_unroll_genf
  hldb-filepath: ${HLC_DIR}/regression/Verilator/t_unroll_genf/design.hldb
mounts-filepath: ${HLC_DIR}/regression/Verilator/t_unroll_genf/mounts.json


{'result': {'coverage': 100.0,
            'error_count': 0,
            'file_count': 1,
            'files': {'$Output/lib/work/t_unroll_genf.v': {'post_len': 0,
                                                           'pre_len': 249}},
            'post_len': 0,
            'pre_len': 249,
            'test_name': 'Verilator/t_unroll_genf'}}

+----------------------------------+----------+-----------+
| INPUT                            |   PRELEN |   POSTLEN |
+==================================+==========+===========+
| $Output/lib/work/t_unroll_genf.v |      249 |         0 |
+==================================+==========+===========+
|                                  |      249 |         0 |
+----------------------------------+----------+-----------+

[   ERROR] : 0
[COVERAGE] : 100.0


#**#**#**#**#**#**#**#**#**#**#**#**#**#**#**#**#**#**#**#**#**#**#**#**#**#**#**#**#**#**#**#**#**#**#**#**#**#**#**#**

COMMAND: ${HLC_DIR}/regression/Verilator/t_unroll_genf/design.hldb ${HLC_DIR}/regression/Verilator/t_unroll_genf/reduced.hldb

==================== BEGIN REDUCTION RESULT ====================
Name                            Before   After   Added   Removed
----------------------------------------------------------------
----------------------------------------------------------------
Others                              60      60       0         0
----------------------------------------------------------------
                                    60      60       0         0
===================== END REDUCTION RESULT =====================
