[INF:CM0023] Creating log file "$Output/hlc.log".
AST_DEBUG_BEGIN
Count: 421
LIB: work
FILE: $Source01/sky130_fd_sc_hd__dlrbn.functional.v
INCL f<72>: $Source01/../../models/udp_dlatch_pr/sky130_fd_sc_hd__udp_dlatch_pr.v
n<$Source01/sky130_fd_sc_hd__dlrbn.functional.v> u<420> t<Top_level_rule> c<1> l<30:1> el<68:41>
  n<> u<1> t<Null_rule> p<420> s<2> l<30:1> el<30:1>
  n</*\n * Copyright 2020 The SkyWater PDK Authors\n *\n * Licensed under the Apache License, Version 2.0 (the "License");\n * you may not use this file except in compliance with the License.\n * You may obtain a copy of the License at\n *\n *     https://www.apache.org/licenses/LICENSE-2.0\n *\n * Unless required by applicable law or agreed to in writing, software\n * distributed under the License is distributed on an "AS IS" BASIS,\n * WITHOUT WARRANTIES OR CONDITIONS OF ANY KIND, either express or implied.\n * See the License for the specific language governing permissions and\n * limitations under the License.\n *\n * SPDX-License-Identifier: Apache-2.0\n*/> u<2> t<BLOCK_COMMENT> p<420> s<3> l<30:1> el<67:22>
  n</**\n * dlrbn: Delay latch, inverted reset, inverted enable,\n *        complementary outputs.\n *\n * Verilog simulation functional model.\n */> u<3> t<BLOCK_COMMENT> p<420> s<418> l<30:1> el<67:22>
  n<> u<418> t<Source_text> p<420> c<12> s<419> l<30:1> el<67:22>
    n<> u<12> t<Description> p<418> c<11> s<16> l<30:1> el<30:21>
      n<> u<11> t<Top_directives> p<12> c<10> l<30:1> el<30:21>
        n<> u<10> t<Timescale_directive> p<11> c<6> l<30:1> el<30:21>
          n<> u<6> t<Time_literal> p<10> c<4> s<9> l<30:12> el<30:15>
            n<1> u<4> t<INTEGRAL_NUMBER> p<6> s<5> l<30:12> el<30:13>
            n<ns> u<5> t<Time_unit> p<6> l<30:13> el<30:15>
          n<> u<9> t<Time_literal> p<10> c<7> l<30:18> el<30:21>
            n<1> u<7> t<INTEGRAL_NUMBER> p<9> s<8> l<30:18> el<30:19>
            n<ps> u<8> t<Time_unit> p<9> l<30:19> el<30:21>
    n<> u<16> t<Description> p<418> c<15> s<17> l<31:1> el<31:22>
      n<> u<15> t<Top_directives> p<16> c<14> l<31:1> el<31:22>
        n<> u<14> t<Default_nettype_directive> p<15> c<13> l<31:1> el<31:22>
          n<none> u<13> t<SIMPLE_IDENTIFIER> p<14> l<31:18> el<31:22>
    n<// Import user defined primitives.> u<17> t<LINE_COMMENT> p<418> s<18> l<33:1> el<33:35>
    n</**\n * Copyright 2020 The SkyWater PDK Authors\n *\n * Licensed under the Apache License, Version 2.0 (the "License");\n * you may not use this file except in compliance with the License.\n * You may obtain a copy of the License at\n *\n *     https://www.apache.org/licenses/LICENSE-2.0\n *\n * Unless required by applicable law or agreed to in writing, software\n * distributed under the License is distributed on an "AS IS" BASIS,\n * WITHOUT WARRANTIES OR CONDITIONS OF ANY KIND, either express or implied.\n * See the License for the specific language governing permissions and\n * limitations under the License.\n *\n * SPDX-License-Identifier: Apache-2.0\n */> u<18> t<BLOCK_COMMENT> p<418> s<19> f<72> l<31:1> el<31:21>
    n</**\n * udp_dlatch$PR: D-latch, gated clear direct / gate active high\n *                (Q output UDP)\n *\n * Verilog primitive definition.\n *\n * WARNING: This file is autogenerated, do not modify directly!\n */> u<19> t<BLOCK_COMMENT> p<418> s<28> f<72> l<31:1> el<31:21>
    n<> u<28> t<Description> p<418> c<27> s<32> f<72> l<31:1> el<31:21>
      n<> u<27> t<Top_directives> p<28> c<26> f<72> l<31:1> el<31:21>
        n<> u<26> t<Timescale_directive> p<27> c<22> f<72> l<31:1> el<31:21>
          n<> u<22> t<Time_literal> p<26> c<20> s<25> f<72> l<31:12> el<31:15>
            n<1> u<20> t<INTEGRAL_NUMBER> p<22> s<21> f<72> l<31:12> el<31:13>
            n<ns> u<21> t<Time_unit> p<22> f<72> l<31:13> el<31:15>
          n<> u<25> t<Time_literal> p<26> c<23> f<72> l<31:18> el<31:21>
            n<1> u<23> t<INTEGRAL_NUMBER> p<25> s<24> f<72> l<31:18> el<31:19>
            n<ps> u<24> t<Time_unit> p<25> f<72> l<31:19> el<31:21>
    n<> u<32> t<Description> p<418> c<31> s<198> f<72> l<32:1> el<32:22>
      n<> u<31> t<Top_directives> p<32> c<30> f<72> l<32:1> el<32:22>
        n<> u<30> t<Default_nettype_directive> p<31> c<29> f<72> l<32:1> el<32:22>
          n<none> u<29> t<SIMPLE_IDENTIFIER> p<30> f<72> l<32:18> el<32:22>
    n<> u<198> t<Description> p<418> c<197> s<202> f<72> l<37:1> el<63:13>
      n<> u<197> t<Udp_declaration> p<198> c<40> f<72> l<37:1> el<63:13>
        n<> u<40> t<Udp_nonansi_declaration> p<197> c<33> s<43> f<72> l<37:1> el<42:3>
          n<> u<33> t<PRIMITIVE> p<40> s<34> f<72> l<37:1> el<37:10>
          n<sky130_fd_sc_hd__udp_dlatch$PR> u<34> t<SIMPLE_IDENTIFIER> p<40> s<39> f<72> l<37:11> el<37:41>
          n<> u<39> t<Udp_port_list> p<40> c<35> f<72> l<38:5> el<41:10>
            n<Q> u<35> t<SIMPLE_IDENTIFIER> p<39> s<36> f<72> l<38:5> el<38:6>
            n<D> u<36> t<SIMPLE_IDENTIFIER> p<39> s<37> f<72> l<39:5> el<39:6>
            n<GATE> u<37> t<SIMPLE_IDENTIFIER> p<39> s<38> f<72> l<40:5> el<40:9>
            n<RESET> u<38> t<SIMPLE_IDENTIFIER> p<39> f<72> l<41:5> el<41:10>
        n<> u<43> t<Udp_port_declaration> p<197> c<42> s<47> f<72> l<44:5> el<44:18>
          n<> u<42> t<Udp_output_declaration> p<43> c<41> f<72> l<44:5> el<44:13>
            n<Q> u<41> t<SIMPLE_IDENTIFIER> p<42> f<72> l<44:12> el<44:13>
        n<> u<47> t<Udp_port_declaration> p<197> c<46> s<51> f<72> l<45:5> el<45:18>
          n<> u<46> t<Udp_input_declaration> p<47> c<45> f<72> l<45:5> el<45:13>
            n<> u<45> t<Identifier_list> p<46> c<44> f<72> l<45:12> el<45:13>
              n<D> u<44> t<SIMPLE_IDENTIFIER> p<45> f<72> l<45:12> el<45:13>
        n<> u<51> t<Udp_port_declaration> p<197> c<50> s<55> f<72> l<46:5> el<46:18>
          n<> u<50> t<Udp_input_declaration> p<51> c<49> f<72> l<46:5> el<46:16>
            n<> u<49> t<Identifier_list> p<50> c<48> f<72> l<46:12> el<46:16>
              n<GATE> u<48> t<SIMPLE_IDENTIFIER> p<49> f<72> l<46:12> el<46:16>
        n<> u<55> t<Udp_port_declaration> p<197> c<54> s<58> f<72> l<47:5> el<47:18>
          n<> u<54> t<Udp_input_declaration> p<55> c<53> f<72> l<47:5> el<47:17>
            n<> u<53> t<Identifier_list> p<54> c<52> f<72> l<47:12> el<47:17>
              n<RESET> u<52> t<SIMPLE_IDENTIFIER> p<53> f<72> l<47:12> el<47:17>
        n<> u<58> t<Udp_port_declaration> p<197> c<57> s<195> f<72> l<49:5> el<49:11>
          n<> u<57> t<Udp_reg_declaration> p<58> c<56> f<72> l<49:5> el<49:10>
            n<Q> u<56> t<SIMPLE_IDENTIFIER> p<57> f<72> l<49:9> el<49:10>
        n<> u<195> t<Udp_body> p<197> c<59> s<196> f<72> l<51:5> el<62:13>
          n<//  D  GATE RESET :  Qt : Qt+1> u<59> t<LINE_COMMENT> p<195> s<194> f<72> l<52:6> el<52:36>
          n<> u<194> t<Sequential_body> p<195> c<71> f<72> l<51:5> el<62:13>
            n<> u<71> t<Sequential_entry> p<194> c<67> s<72> f<72> l<53:10> el<53:39>
              n<> u<67> t<Seq_input_list> p<71> c<66> s<69> f<72> l<53:10> el<53:21>
                n<> u<66> t<Level_input_list> p<67> c<61> f<72> l<53:10> el<53:21>
                  n<> u<61> t<Level_symbol> p<66> c<60> s<63> f<72> l<53:10> el<53:11>
                    n<> u<60> t<QMARK> p<61> f<72> l<53:10> el<53:11>
                  n<> u<63> t<Level_symbol> p<66> c<62> s<65> f<72> l<53:14> el<53:15>
                    n<0> u<62> t<INTEGRAL_NUMBER> p<63> f<72> l<53:14> el<53:15>
                  n<> u<65> t<Level_symbol> p<66> c<64> f<72> l<53:20> el<53:21>
                    n<0> u<64> t<INTEGRAL_NUMBER> p<65> f<72> l<53:20> el<53:21>
              n<> u<69> t<Level_symbol> p<71> c<68> s<70> f<72> l<53:27> el<53:28>
                n<> u<68> t<QMARK> p<69> f<72> l<53:27> el<53:28>
              n<> u<70> t<Next_state> p<71> f<72> l<53:33> el<53:34>
            n<// hold> u<72> t<LINE_COMMENT> p<194> s<86> f<72> l<53:40> el<53:47>
            n<> u<86> t<Sequential_entry> p<194> c<80> s<87> f<72> l<54:10> el<54:39>
              n<> u<80> t<Seq_input_list> p<86> c<79> s<82> f<72> l<54:10> el<54:21>
                n<> u<79> t<Level_input_list> p<80> c<74> f<72> l<54:10> el<54:21>
                  n<> u<74> t<Level_symbol> p<79> c<73> s<76> f<72> l<54:10> el<54:11>
                    n<0> u<73> t<INTEGRAL_NUMBER> p<74> f<72> l<54:10> el<54:11>
                  n<> u<76> t<Level_symbol> p<79> c<75> s<78> f<72> l<54:14> el<54:15>
                    n<1> u<75> t<INTEGRAL_NUMBER> p<76> f<72> l<54:14> el<54:15>
                  n<> u<78> t<Level_symbol> p<79> c<77> f<72> l<54:20> el<54:21>
                    n<0> u<77> t<INTEGRAL_NUMBER> p<78> f<72> l<54:20> el<54:21>
              n<> u<82> t<Level_symbol> p<86> c<81> s<85> f<72> l<54:27> el<54:28>
                n<> u<81> t<QMARK> p<82> f<72> l<54:27> el<54:28>
              n<> u<85> t<Next_state> p<86> c<84> f<72> l<54:33> el<54:34>
                n<> u<84> t<Output_symbol> p<85> c<83> f<72> l<54:33> el<54:34>
                  n<0> u<83> t<INTEGRAL_NUMBER> p<84> f<72> l<54:33> el<54:34>
            n<// pass 0> u<87> t<LINE_COMMENT> p<194> s<101> f<72> l<54:40> el<54:49>
            n<> u<101> t<Sequential_entry> p<194> c<95> s<102> f<72> l<55:10> el<55:39>
              n<> u<95> t<Seq_input_list> p<101> c<94> s<97> f<72> l<55:10> el<55:21>
                n<> u<94> t<Level_input_list> p<95> c<89> f<72> l<55:10> el<55:21>
                  n<> u<89> t<Level_symbol> p<94> c<88> s<91> f<72> l<55:10> el<55:11>
                    n<1> u<88> t<INTEGRAL_NUMBER> p<89> f<72> l<55:10> el<55:11>
                  n<> u<91> t<Level_symbol> p<94> c<90> s<93> f<72> l<55:14> el<55:15>
                    n<1> u<90> t<INTEGRAL_NUMBER> p<91> f<72> l<55:14> el<55:15>
                  n<> u<93> t<Level_symbol> p<94> c<92> f<72> l<55:20> el<55:21>
                    n<0> u<92> t<INTEGRAL_NUMBER> p<93> f<72> l<55:20> el<55:21>
              n<> u<97> t<Level_symbol> p<101> c<96> s<100> f<72> l<55:27> el<55:28>
                n<> u<96> t<QMARK> p<97> f<72> l<55:27> el<55:28>
              n<> u<100> t<Next_state> p<101> c<99> f<72> l<55:33> el<55:34>
                n<> u<99> t<Output_symbol> p<100> c<98> f<72> l<55:33> el<55:34>
                  n<1> u<98> t<INTEGRAL_NUMBER> p<99> f<72> l<55:33> el<55:34>
            n<// pass 1> u<102> t<LINE_COMMENT> p<194> s<116> f<72> l<55:40> el<55:49>
            n<> u<116> t<Sequential_entry> p<194> c<110> s<117> f<72> l<56:10> el<56:39>
              n<> u<110> t<Seq_input_list> p<116> c<109> s<112> f<72> l<56:10> el<56:21>
                n<> u<109> t<Level_input_list> p<110> c<104> f<72> l<56:10> el<56:21>
                  n<> u<104> t<Level_symbol> p<109> c<103> s<106> f<72> l<56:10> el<56:11>
                    n<> u<103> t<QMARK> p<104> f<72> l<56:10> el<56:11>
                  n<> u<106> t<Level_symbol> p<109> c<105> s<108> f<72> l<56:14> el<56:15>
                    n<> u<105> t<QMARK> p<106> f<72> l<56:14> el<56:15>
                  n<> u<108> t<Level_symbol> p<109> c<107> f<72> l<56:20> el<56:21>
                    n<1> u<107> t<INTEGRAL_NUMBER> p<108> f<72> l<56:20> el<56:21>
              n<> u<112> t<Level_symbol> p<116> c<111> s<115> f<72> l<56:27> el<56:28>
                n<> u<111> t<QMARK> p<112> f<72> l<56:27> el<56:28>
              n<> u<115> t<Next_state> p<116> c<114> f<72> l<56:33> el<56:34>
                n<> u<114> t<Output_symbol> p<115> c<113> f<72> l<56:33> el<56:34>
                  n<0> u<113> t<INTEGRAL_NUMBER> p<114> f<72> l<56:33> el<56:34>
            n<// async reset> u<117> t<LINE_COMMENT> p<194> s<131> f<72> l<56:40> el<56:54>
            n<> u<131> t<Sequential_entry> p<194> c<125> s<132> f<72> l<57:10> el<57:39>
              n<> u<125> t<Seq_input_list> p<131> c<124> s<127> f<72> l<57:10> el<57:21>
                n<> u<124> t<Level_input_list> p<125> c<119> f<72> l<57:10> el<57:21>
                  n<> u<119> t<Level_symbol> p<124> c<118> s<121> f<72> l<57:10> el<57:11>
                    n<0> u<118> t<INTEGRAL_NUMBER> p<119> f<72> l<57:10> el<57:11>
                  n<> u<121> t<Level_symbol> p<124> c<120> s<123> f<72> l<57:14> el<57:15>
                    n<1> u<120> t<INTEGRAL_NUMBER> p<121> f<72> l<57:14> el<57:15>
                  n<> u<123> t<Level_symbol> p<124> c<122> f<72> l<57:20> el<57:21>
                    n<> u<122> t<QMARK> p<123> f<72> l<57:20> el<57:21>
              n<> u<127> t<Level_symbol> p<131> c<126> s<130> f<72> l<57:27> el<57:28>
                n<> u<126> t<QMARK> p<127> f<72> l<57:27> el<57:28>
              n<> u<130> t<Next_state> p<131> c<129> f<72> l<57:33> el<57:34>
                n<> u<129> t<Output_symbol> p<130> c<128> f<72> l<57:33> el<57:34>
                  n<0> u<128> t<INTEGRAL_NUMBER> p<129> f<72> l<57:33> el<57:34>
            n<// reduce pessimism> u<132> t<LINE_COMMENT> p<194> s<146> f<72> l<57:40> el<57:59>
            n<> u<146> t<Sequential_entry> p<194> c<140> s<147> f<72> l<58:10> el<58:39>
              n<> u<140> t<Seq_input_list> p<146> c<139> s<142> f<72> l<58:10> el<58:21>
                n<> u<139> t<Level_input_list> p<140> c<134> f<72> l<58:10> el<58:21>
                  n<> u<134> t<Level_symbol> p<139> c<133> s<136> f<72> l<58:10> el<58:11>
                    n<0> u<133> t<INTEGRAL_NUMBER> p<134> f<72> l<58:10> el<58:11>
                  n<> u<136> t<Level_symbol> p<139> c<135> s<138> f<72> l<58:14> el<58:15>
                    n<x> u<135> t<SIMPLE_IDENTIFIER> p<136> f<72> l<58:14> el<58:15>
                  n<> u<138> t<Level_symbol> p<139> c<137> f<72> l<58:20> el<58:21>
                    n<0> u<137> t<INTEGRAL_NUMBER> p<138> f<72> l<58:20> el<58:21>
              n<> u<142> t<Level_symbol> p<146> c<141> s<145> f<72> l<58:27> el<58:28>
                n<0> u<141> t<INTEGRAL_NUMBER> p<142> f<72> l<58:27> el<58:28>
              n<> u<145> t<Next_state> p<146> c<144> f<72> l<58:33> el<58:34>
                n<> u<144> t<Output_symbol> p<145> c<143> f<72> l<58:33> el<58:34>
                  n<0> u<143> t<INTEGRAL_NUMBER> p<144> f<72> l<58:33> el<58:34>
            n<// reduce pessimism> u<147> t<LINE_COMMENT> p<194> s<161> f<72> l<58:40> el<58:59>
            n<> u<161> t<Sequential_entry> p<194> c<155> s<162> f<72> l<59:10> el<59:39>
              n<> u<155> t<Seq_input_list> p<161> c<154> s<157> f<72> l<59:10> el<59:21>
                n<> u<154> t<Level_input_list> p<155> c<149> f<72> l<59:10> el<59:21>
                  n<> u<149> t<Level_symbol> p<154> c<148> s<151> f<72> l<59:10> el<59:11>
                    n<1> u<148> t<INTEGRAL_NUMBER> p<149> f<72> l<59:10> el<59:11>
                  n<> u<151> t<Level_symbol> p<154> c<150> s<153> f<72> l<59:14> el<59:15>
                    n<x> u<150> t<SIMPLE_IDENTIFIER> p<151> f<72> l<59:14> el<59:15>
                  n<> u<153> t<Level_symbol> p<154> c<152> f<72> l<59:20> el<59:21>
                    n<0> u<152> t<INTEGRAL_NUMBER> p<153> f<72> l<59:20> el<59:21>
              n<> u<157> t<Level_symbol> p<161> c<156> s<160> f<72> l<59:27> el<59:28>
                n<1> u<156> t<INTEGRAL_NUMBER> p<157> f<72> l<59:27> el<59:28>
              n<> u<160> t<Next_state> p<161> c<159> f<72> l<59:33> el<59:34>
                n<> u<159> t<Output_symbol> p<160> c<158> f<72> l<59:33> el<59:34>
                  n<1> u<158> t<INTEGRAL_NUMBER> p<159> f<72> l<59:33> el<59:34>
            n<// reduce pessimism> u<162> t<LINE_COMMENT> p<194> s<176> f<72> l<59:40> el<59:59>
            n<> u<176> t<Sequential_entry> p<194> c<170> s<177> f<72> l<60:10> el<60:39>
              n<> u<170> t<Seq_input_list> p<176> c<169> s<172> f<72> l<60:10> el<60:21>
                n<> u<169> t<Level_input_list> p<170> c<164> f<72> l<60:10> el<60:21>
                  n<> u<164> t<Level_symbol> p<169> c<163> s<166> f<72> l<60:10> el<60:11>
                    n<> u<163> t<QMARK> p<164> f<72> l<60:10> el<60:11>
                  n<> u<166> t<Level_symbol> p<169> c<165> s<168> f<72> l<60:14> el<60:15>
                    n<0> u<165> t<INTEGRAL_NUMBER> p<166> f<72> l<60:14> el<60:15>
                  n<> u<168> t<Level_symbol> p<169> c<167> f<72> l<60:20> el<60:21>
                    n<x> u<167> t<SIMPLE_IDENTIFIER> p<168> f<72> l<60:20> el<60:21>
              n<> u<172> t<Level_symbol> p<176> c<171> s<175> f<72> l<60:27> el<60:28>
                n<0> u<171> t<INTEGRAL_NUMBER> p<172> f<72> l<60:27> el<60:28>
              n<> u<175> t<Next_state> p<176> c<174> f<72> l<60:33> el<60:34>
                n<> u<174> t<Output_symbol> p<175> c<173> f<72> l<60:33> el<60:34>
                  n<0> u<173> t<INTEGRAL_NUMBER> p<174> f<72> l<60:33> el<60:34>
            n<// reduce pessimism> u<177> t<LINE_COMMENT> p<194> s<191> f<72> l<60:40> el<60:59>
            n<> u<191> t<Sequential_entry> p<194> c<185> s<192> f<72> l<61:10> el<61:39>
              n<> u<185> t<Seq_input_list> p<191> c<184> s<187> f<72> l<61:10> el<61:21>
                n<> u<184> t<Level_input_list> p<185> c<179> f<72> l<61:10> el<61:21>
                  n<> u<179> t<Level_symbol> p<184> c<178> s<181> f<72> l<61:10> el<61:11>
                    n<0> u<178> t<INTEGRAL_NUMBER> p<179> f<72> l<61:10> el<61:11>
                  n<> u<181> t<Level_symbol> p<184> c<180> s<183> f<72> l<61:14> el<61:15>
                    n<x> u<180> t<SIMPLE_IDENTIFIER> p<181> f<72> l<61:14> el<61:15>
                  n<> u<183> t<Level_symbol> p<184> c<182> f<72> l<61:20> el<61:21>
                    n<x> u<182> t<SIMPLE_IDENTIFIER> p<183> f<72> l<61:20> el<61:21>
              n<> u<187> t<Level_symbol> p<191> c<186> s<190> f<72> l<61:27> el<61:28>
                n<0> u<186> t<INTEGRAL_NUMBER> p<187> f<72> l<61:27> el<61:28>
              n<> u<190> t<Next_state> p<191> c<189> f<72> l<61:33> el<61:34>
                n<> u<189> t<Output_symbol> p<190> c<188> f<72> l<61:33> el<61:34>
                  n<0> u<188> t<INTEGRAL_NUMBER> p<189> f<72> l<61:33> el<61:34>
            n<// reduce pessimism> u<192> t<LINE_COMMENT> p<194> s<193> f<72> l<61:40> el<61:59>
            n<> u<193> t<ENDTABLE> p<194> f<72> l<62:5> el<62:13>
        n<> u<196> t<ENDPRIMITIVE> p<197> f<72> l<63:1> el<63:13>
    n<> u<202> t<Description> p<418> c<201> s<205> f<72> l<66:1> el<66:22>
      n<> u<201> t<Top_directives> p<202> c<200> f<72> l<66:1> el<66:22>
        n<> u<200> t<Default_nettype_directive> p<201> c<199> f<72> l<66:1> el<66:22>
          n<> u<199> t<WIRE> p<200> f<72> l<66:18> el<66:22>
    n<> u<205> t<Description> p<418> c<204> s<410> l<36:1> el<36:12>
      n<> u<204> t<Top_directives> p<205> c<203> l<36:1> el<36:12>
        n<> u<203> t<Celldefine_directive> p<204> l<36:1> el<36:12>
    n<> u<410> t<Description> p<418> c<409> s<413> l<37:1> el<64:10>
      n<> u<409> t<Module_declaration> p<410> c<240> l<37:1> el<64:10>
        n<> u<240> t<Module_nonansi_header> p<409> c<206> s<241> l<37:1> el<43:3>
          n<module> u<206> t<Module_keyword> p<240> s<207> l<37:1> el<37:7>
          n<sky130_fd_sc_hd__dlrbn> u<207> t<SIMPLE_IDENTIFIER> p<240> s<208> l<37:8> el<37:30>
          n<> u<208> t<Package_import_declaration_list> p<240> s<239> l<37:31> el<37:31>
          n<> u<239> t<Port_list> p<240> c<214> l<37:31> el<43:2>
            n<> u<214> t<Port> p<239> c<213> s<220> l<38:5> el<38:6>
              n<> u<213> t<Port_expression> p<214> c<212> l<38:5> el<38:6>
                n<> u<212> t<Port_reference> p<213> c<209> l<38:5> el<38:6>
                  n<Q> u<209> t<SIMPLE_IDENTIFIER> p<212> s<211> l<38:5> el<38:6>
                  n<> u<211> t<Constant_select> p<212> c<210> l<38:12> el<38:12>
                    n<> u<210> t<Constant_bit_select> p<211> l<38:12> el<38:12>
            n<> u<220> t<Port> p<239> c<219> s<226> l<39:5> el<39:8>
              n<> u<219> t<Port_expression> p<220> c<218> l<39:5> el<39:8>
                n<> u<218> t<Port_reference> p<219> c<215> l<39:5> el<39:8>
                  n<Q_N> u<215> t<SIMPLE_IDENTIFIER> p<218> s<217> l<39:5> el<39:8>
                  n<> u<217> t<Constant_select> p<218> c<216> l<39:12> el<39:12>
                    n<> u<216> t<Constant_bit_select> p<217> l<39:12> el<39:12>
            n<> u<226> t<Port> p<239> c<225> s<232> l<40:5> el<40:12>
              n<> u<225> t<Port_expression> p<226> c<224> l<40:5> el<40:12>
                n<> u<224> t<Port_reference> p<225> c<221> l<40:5> el<40:12>
                  n<RESET_B> u<221> t<SIMPLE_IDENTIFIER> p<224> s<223> l<40:5> el<40:12>
                  n<> u<223> t<Constant_select> p<224> c<222> l<40:12> el<40:12>
                    n<> u<222> t<Constant_bit_select> p<223> l<40:12> el<40:12>
            n<> u<232> t<Port> p<239> c<231> s<238> l<41:5> el<41:6>
              n<> u<231> t<Port_expression> p<232> c<230> l<41:5> el<41:6>
                n<> u<230> t<Port_reference> p<231> c<227> l<41:5> el<41:6>
                  n<D> u<227> t<SIMPLE_IDENTIFIER> p<230> s<229> l<41:5> el<41:6>
                  n<> u<229> t<Constant_select> p<230> c<228> l<41:12> el<41:12>
                    n<> u<228> t<Constant_bit_select> p<229> l<41:12> el<41:12>
            n<> u<238> t<Port> p<239> c<237> l<42:5> el<42:11>
              n<> u<237> t<Port_expression> p<238> c<236> l<42:5> el<42:11>
                n<> u<236> t<Port_reference> p<237> c<233> l<42:5> el<42:11>
                  n<GATE_N> u<233> t<SIMPLE_IDENTIFIER> p<236> s<235> l<42:5> el<42:11>
                  n<> u<235> t<Constant_select> p<236> c<234> l<43:1> el<43:1>
                    n<> u<234> t<Constant_bit_select> p<235> l<43:1> el<43:1>
        n<// Module ports> u<241> t<LINE_COMMENT> p<409> s<248> l<45:5> el<45:20>
        n<> u<248> t<Module_item> p<409> c<247> s<255> l<46:5> el<46:20>
          n<> u<247> t<Port_declaration> p<248> c<246> l<46:5> el<46:13>
            n<> u<246> t<Output_declaration> p<247> c<243> l<46:5> el<46:13>
              n<> u<243> t<Net_port_type> p<246> c<242> s<245> l<46:12> el<46:12>
                n<> u<242> t<Data_type_or_implicit> p<243> l<46:12> el<46:12>
              n<> u<245> t<Port_identifier_list> p<246> c<244> l<46:12> el<46:13>
                n<Q> u<244> t<SIMPLE_IDENTIFIER> p<245> l<46:12> el<46:13>
        n<> u<255> t<Module_item> p<409> c<254> s<262> l<47:5> el<47:20>
          n<> u<254> t<Port_declaration> p<255> c<253> l<47:5> el<47:15>
            n<> u<253> t<Output_declaration> p<254> c<250> l<47:5> el<47:15>
              n<> u<250> t<Net_port_type> p<253> c<249> s<252> l<47:12> el<47:12>
                n<> u<249> t<Data_type_or_implicit> p<250> l<47:12> el<47:12>
              n<> u<252> t<Port_identifier_list> p<253> c<251> l<47:12> el<47:15>
                n<Q_N> u<251> t<SIMPLE_IDENTIFIER> p<252> l<47:12> el<47:15>
        n<> u<262> t<Module_item> p<409> c<261> s<269> l<48:5> el<48:20>
          n<> u<261> t<Port_declaration> p<262> c<260> l<48:5> el<48:19>
            n<> u<260> t<Input_declaration> p<261> c<257> l<48:5> el<48:19>
              n<> u<257> t<Net_port_type> p<260> c<256> s<259> l<48:12> el<48:12>
                n<> u<256> t<Data_type_or_implicit> p<257> l<48:12> el<48:12>
              n<> u<259> t<Port_identifier_list> p<260> c<258> l<48:12> el<48:19>
                n<RESET_B> u<258> t<SIMPLE_IDENTIFIER> p<259> l<48:12> el<48:19>
        n<> u<269> t<Module_item> p<409> c<268> s<276> l<49:5> el<49:20>
          n<> u<268> t<Port_declaration> p<269> c<267> l<49:5> el<49:13>
            n<> u<267> t<Input_declaration> p<268> c<264> l<49:5> el<49:13>
              n<> u<264> t<Net_port_type> p<267> c<263> s<266> l<49:12> el<49:12>
                n<> u<263> t<Data_type_or_implicit> p<264> l<49:12> el<49:12>
              n<> u<266> t<Port_identifier_list> p<267> c<265> l<49:12> el<49:13>
                n<D> u<265> t<SIMPLE_IDENTIFIER> p<266> l<49:12> el<49:13>
        n<> u<276> t<Module_item> p<409> c<275> s<277> l<50:5> el<50:20>
          n<> u<275> t<Port_declaration> p<276> c<274> l<50:5> el<50:18>
            n<> u<274> t<Input_declaration> p<275> c<271> l<50:5> el<50:18>
              n<> u<271> t<Net_port_type> p<274> c<270> s<273> l<50:12> el<50:12>
                n<> u<270> t<Data_type_or_implicit> p<271> l<50:12> el<50:12>
              n<> u<273> t<Port_identifier_list> p<274> c<272> l<50:12> el<50:18>
                n<GATE_N> u<272> t<SIMPLE_IDENTIFIER> p<273> l<50:12> el<50:18>
        n<// Local signals> u<277> t<LINE_COMMENT> p<409> s<289> l<52:5> el<52:21>
        n<> u<289> t<Module_item> p<409> c<288> s<301> l<53:5> el<53:18>
          n<> u<288> t<Non_port_module_item> p<289> c<287> l<53:5> el<53:18>
            n<> u<287> t<Module_or_generate_item> p<288> c<286> l<53:5> el<53:18>
              n<> u<286> t<Module_common_item> p<287> c<285> l<53:5> el<53:18>
                n<> u<285> t<Module_or_generate_item_declaration> p<286> c<284> l<53:5> el<53:18>
                  n<> u<284> t<Package_or_generate_item_declaration> p<285> c<283> l<53:5> el<53:18>
                    n<> u<283> t<Net_declaration> p<284> c<278> l<53:5> el<53:18>
                      n<> u<278> t<WIRE> p<283> s<279> l<53:5> el<53:9>
                      n<> u<279> t<Data_type_or_implicit> p<283> s<282> l<53:10> el<53:10>
                      n<> u<282> t<Net_decl_assignment_list> p<283> c<281> l<53:10> el<53:15>
                        n<> u<281> t<Net_decl_assignment> p<282> c<280> l<53:10> el<53:15>
                          n<RESET> u<280> t<SIMPLE_IDENTIFIER> p<281> l<53:10> el<53:15>
        n<> u<301> t<Module_item> p<409> c<300> s<313> l<54:5> el<54:18>
          n<> u<300> t<Non_port_module_item> p<301> c<299> l<54:5> el<54:18>
            n<> u<299> t<Module_or_generate_item> p<300> c<298> l<54:5> el<54:18>
              n<> u<298> t<Module_common_item> p<299> c<297> l<54:5> el<54:18>
                n<> u<297> t<Module_or_generate_item_declaration> p<298> c<296> l<54:5> el<54:18>
                  n<> u<296> t<Package_or_generate_item_declaration> p<297> c<295> l<54:5> el<54:18>
                    n<> u<295> t<Net_declaration> p<296> c<290> l<54:5> el<54:18>
                      n<> u<290> t<WIRE> p<295> s<291> l<54:5> el<54:9>
                      n<> u<291> t<Data_type_or_implicit> p<295> s<294> l<54:10> el<54:10>
                      n<> u<294> t<Net_decl_assignment_list> p<295> c<293> l<54:10> el<54:17>
                        n<> u<293> t<Net_decl_assignment> p<294> c<292> l<54:10> el<54:17>
                          n<intgate> u<292> t<SIMPLE_IDENTIFIER> p<293> l<54:10> el<54:17>
        n<> u<313> t<Module_item> p<409> c<312> s<314> l<55:5> el<55:18>
          n<> u<312> t<Non_port_module_item> p<313> c<311> l<55:5> el<55:18>
            n<> u<311> t<Module_or_generate_item> p<312> c<310> l<55:5> el<55:18>
              n<> u<310> t<Module_common_item> p<311> c<309> l<55:5> el<55:18>
                n<> u<309> t<Module_or_generate_item_declaration> p<310> c<308> l<55:5> el<55:18>
                  n<> u<308> t<Package_or_generate_item_declaration> p<309> c<307> l<55:5> el<55:18>
                    n<> u<307> t<Net_declaration> p<308> c<302> l<55:5> el<55:18>
                      n<> u<302> t<WIRE> p<307> s<303> l<55:5> el<55:9>
                      n<> u<303> t<Data_type_or_implicit> p<307> s<306> l<55:10> el<55:10>
                      n<> u<306> t<Net_decl_assignment_list> p<307> c<305> l<55:10> el<55:15>
                        n<> u<305> t<Net_decl_assignment> p<306> c<304> l<55:10> el<55:15>
                          n<buf_Q> u<304> t<SIMPLE_IDENTIFIER> p<305> l<55:10> el<55:15>
        n<//                             Delay       Name     Output   Other arguments> u<314> t<LINE_COMMENT> p<409> s<331> l<57:5> el<57:81>
        n<> u<331> t<Module_item> p<409> c<330> s<348> l<58:5> el<58:85>
          n<> u<330> t<Non_port_module_item> p<331> c<329> l<58:5> el<58:85>
            n<> u<329> t<Module_or_generate_item> p<330> c<328> l<58:5> el<58:85>
              n<> u<328> t<Gate_instantiation> p<329> c<315> l<58:5> el<58:85>
                n<> u<315> t<NOT> p<328> s<327> l<58:5> el<58:8>
                n<> u<327> t<N_output_gate_instance> p<328> c<317> l<58:48> el<58:84>
                  n<> u<317> t<Name_of_instance> p<327> c<316> s<322> l<58:48> el<58:52>
                    n<not0> u<316> t<SIMPLE_IDENTIFIER> p<317> l<58:48> el<58:52>
                  n<> u<322> t<Net_lvalue> p<327> c<319> s<326> l<58:57> el<58:62>
                    n<> u<319> t<Ps_or_hierarchical_identifier> p<322> c<318> s<321> l<58:57> el<58:62>
                      n<RESET> u<318> t<SIMPLE_IDENTIFIER> p<319> l<58:57> el<58:62>
                    n<> u<321> t<Constant_select> p<322> c<320> l<58:64> el<58:64>
                      n<> u<320> t<Constant_bit_select> p<321> l<58:64> el<58:64>
                  n<> u<326> t<Expression> p<327> c<325> l<58:66> el<58:73>
                    n<> u<325> t<Primary> p<326> c<324> l<58:66> el<58:73>
                      n<> u<324> t<Primary_literal> p<325> c<323> l<58:66> el<58:73>
                        n<RESET_B> u<323> t<SIMPLE_IDENTIFIER> p<324> l<58:66> el<58:73>
        n<> u<348> t<Module_item> p<409> c<347> s<373> l<59:5> el<59:85>
          n<> u<347> t<Non_port_module_item> p<348> c<346> l<59:5> el<59:85>
            n<> u<346> t<Module_or_generate_item> p<347> c<345> l<59:5> el<59:85>
              n<> u<345> t<Gate_instantiation> p<346> c<332> l<59:5> el<59:85>
                n<> u<332> t<NOT> p<345> s<344> l<59:5> el<59:8>
                n<> u<344> t<N_output_gate_instance> p<345> c<334> l<59:48> el<59:84>
                  n<> u<334> t<Name_of_instance> p<344> c<333> s<339> l<59:48> el<59:52>
                    n<not1> u<333> t<SIMPLE_IDENTIFIER> p<334> l<59:48> el<59:52>
                  n<> u<339> t<Net_lvalue> p<344> c<336> s<343> l<59:57> el<59:64>
                    n<> u<336> t<Ps_or_hierarchical_identifier> p<339> c<335> s<338> l<59:57> el<59:64>
                      n<intgate> u<335> t<SIMPLE_IDENTIFIER> p<336> l<59:57> el<59:64>
                    n<> u<338> t<Constant_select> p<339> c<337> l<59:64> el<59:64>
                      n<> u<337> t<Constant_bit_select> p<338> l<59:64> el<59:64>
                  n<> u<343> t<Expression> p<344> c<342> l<59:66> el<59:72>
                    n<> u<342> t<Primary> p<343> c<341> l<59:66> el<59:72>
                      n<> u<341> t<Primary_literal> p<342> c<340> l<59:66> el<59:72>
                        n<GATE_N> u<340> t<SIMPLE_IDENTIFIER> p<341> l<59:66> el<59:72>
        n<> u<373> t<Module_item> p<409> c<372> s<390> l<60:5> el<60:74>
          n<> u<372> t<Non_port_module_item> p<373> c<371> l<60:5> el<60:74>
            n<> u<371> t<Module_or_generate_item> p<372> c<370> l<60:5> el<60:74>
              n<> u<370> t<Udp_instantiation> p<371> c<349> l<60:5> el<60:74>
                n<sky130_fd_sc_hd__udp_dlatch$PR> u<349> t<SIMPLE_IDENTIFIER> p<370> s<369> l<60:5> el<60:35>
                n<> u<369> t<Udp_instance> p<370> c<351> l<60:37> el<60:73>
                  n<> u<351> t<Name_of_instance> p<369> c<350> s<356> l<60:37> el<60:44>
                    n<dlatch0> u<350> t<SIMPLE_IDENTIFIER> p<351> l<60:37> el<60:44>
                  n<> u<356> t<Net_lvalue> p<369> c<353> s<360> l<60:46> el<60:51>
                    n<> u<353> t<Ps_or_hierarchical_identifier> p<356> c<352> s<355> l<60:46> el<60:51>
                      n<buf_Q> u<352> t<SIMPLE_IDENTIFIER> p<353> l<60:46> el<60:51>
                    n<> u<355> t<Constant_select> p<356> c<354> l<60:53> el<60:53>
                      n<> u<354> t<Constant_bit_select> p<355> l<60:53> el<60:53>
                  n<> u<360> t<Expression> p<369> c<359> s<364> l<60:55> el<60:56>
                    n<> u<359> t<Primary> p<360> c<358> l<60:55> el<60:56>
                      n<> u<358> t<Primary_literal> p<359> c<357> l<60:55> el<60:56>
                        n<D> u<357> t<SIMPLE_IDENTIFIER> p<358> l<60:55> el<60:56>
                  n<> u<364> t<Expression> p<369> c<363> s<368> l<60:58> el<60:65>
                    n<> u<363> t<Primary> p<364> c<362> l<60:58> el<60:65>
                      n<> u<362> t<Primary_literal> p<363> c<361> l<60:58> el<60:65>
                        n<intgate> u<361> t<SIMPLE_IDENTIFIER> p<362> l<60:58> el<60:65>
                  n<> u<368> t<Expression> p<369> c<367> l<60:67> el<60:72>
                    n<> u<367> t<Primary> p<368> c<366> l<60:67> el<60:72>
                      n<> u<366> t<Primary_literal> p<367> c<365> l<60:67> el<60:72>
                        n<RESET> u<365> t<SIMPLE_IDENTIFIER> p<366> l<60:67> el<60:72>
        n<> u<390> t<Module_item> p<409> c<389> s<407> l<61:5> el<61:85>
          n<> u<389> t<Non_port_module_item> p<390> c<388> l<61:5> el<61:85>
            n<> u<388> t<Module_or_generate_item> p<389> c<387> l<61:5> el<61:85>
              n<> u<387> t<Gate_instantiation> p<388> c<374> l<61:5> el<61:85>
                n<> u<374> t<BUF> p<387> s<386> l<61:5> el<61:8>
                n<> u<386> t<N_output_gate_instance> p<387> c<376> l<61:48> el<61:84>
                  n<> u<376> t<Name_of_instance> p<386> c<375> s<381> l<61:48> el<61:52>
                    n<buf0> u<375> t<SIMPLE_IDENTIFIER> p<376> l<61:48> el<61:52>
                  n<> u<381> t<Net_lvalue> p<386> c<378> s<385> l<61:57> el<61:58>
                    n<> u<378> t<Ps_or_hierarchical_identifier> p<381> c<377> s<380> l<61:57> el<61:58>
                      n<Q> u<377> t<SIMPLE_IDENTIFIER> p<378> l<61:57> el<61:58>
                    n<> u<380> t<Constant_select> p<381> c<379> l<61:64> el<61:64>
                      n<> u<379> t<Constant_bit_select> p<380> l<61:64> el<61:64>
                  n<> u<385> t<Expression> p<386> c<384> l<61:66> el<61:71>
                    n<> u<384> t<Primary> p<385> c<383> l<61:66> el<61:71>
                      n<> u<383> t<Primary_literal> p<384> c<382> l<61:66> el<61:71>
                        n<buf_Q> u<382> t<SIMPLE_IDENTIFIER> p<383> l<61:66> el<61:71>
        n<> u<407> t<Module_item> p<409> c<406> s<408> l<62:5> el<62:85>
          n<> u<406> t<Non_port_module_item> p<407> c<405> l<62:5> el<62:85>
            n<> u<405> t<Module_or_generate_item> p<406> c<404> l<62:5> el<62:85>
              n<> u<404> t<Gate_instantiation> p<405> c<391> l<62:5> el<62:85>
                n<> u<391> t<NOT> p<404> s<403> l<62:5> el<62:8>
                n<> u<403> t<N_output_gate_instance> p<404> c<393> l<62:48> el<62:84>
                  n<> u<393> t<Name_of_instance> p<403> c<392> s<398> l<62:48> el<62:52>
                    n<not2> u<392> t<SIMPLE_IDENTIFIER> p<393> l<62:48> el<62:52>
                  n<> u<398> t<Net_lvalue> p<403> c<395> s<402> l<62:57> el<62:60>
                    n<> u<395> t<Ps_or_hierarchical_identifier> p<398> c<394> s<397> l<62:57> el<62:60>
                      n<Q_N> u<394> t<SIMPLE_IDENTIFIER> p<395> l<62:57> el<62:60>
                    n<> u<397> t<Constant_select> p<398> c<396> l<62:64> el<62:64>
                      n<> u<396> t<Constant_bit_select> p<397> l<62:64> el<62:64>
                  n<> u<402> t<Expression> p<403> c<401> l<62:66> el<62:71>
                    n<> u<401> t<Primary> p<402> c<400> l<62:66> el<62:71>
                      n<> u<400> t<Primary_literal> p<401> c<399> l<62:66> el<62:71>
                        n<buf_Q> u<399> t<SIMPLE_IDENTIFIER> p<400> l<62:66> el<62:71>
        n<> u<408> t<ENDMODULE> p<409> l<64:1> el<64:10>
    n<> u<413> t<Description> p<418> c<412> s<417> l<65:1> el<65:15>
      n<> u<412> t<Top_directives> p<413> c<411> l<65:1> el<65:15>
        n<> u<411> t<Endcelldefine_directive> p<412> l<65:1> el<65:15>
    n<> u<417> t<Description> p<418> c<416> l<67:1> el<67:22>
      n<> u<416> t<Top_directives> p<417> c<415> l<67:1> el<67:22>
        n<> u<415> t<Default_nettype_directive> p<416> c<414> l<67:1> el<67:22>
          n<> u<414> t<WIRE> p<415> l<67:18> el<67:22>
  n<// SKY130_FD_SC_HD__DLRBN_FUNCTIONAL_V> u<419> t<LINE_COMMENT> p<420> l<68:3> el<68:41>
AST_DEBUG_END
[INF:CP0305] $Source01/../../models/udp_dlatch_pr/sky130_fd_sc_hd__udp_dlatch_pr.v:37:11: Compile udp "sky130_fd_sc_hd__udp_dlatch$PR".
[INF:CP0303] $Source01/sky130_fd_sc_hd__dlrbn.functional.v:37:1: Compile module "work@sky130_fd_sc_hd__dlrbn".
[INF:CM0029] Using global timescale: "1ns/1ns".
====== UHDM =======
Design name:unnamed:
  vpiName: unnamed
  vpiSourceFile (1 items):
    SourceFile name:sky130_fd_sc_hd__dlrbn.functional.v file:$Source01/sky130_fd_sc_hd__dlrbn.functional.v:
      vpiParent: Design name:unnamed
      vpiName: sky130_fd_sc_hd__dlrbn.functional.v
      vpiPreprocFile: "$Output/lib/work/sky130_fd_sc_hd__dlrbn.functional.v"
      vpiIncludes (1 items):
        SourceFile name:../../models/udp_dlatch_pr/sky130_fd_sc_hd__udp_dlatch_pr.v file:$Source01/../../models/udp_dlatch_pr/sky130_fd_sc_hd__udp_dlatch_pr.v start:34:1 end:34:71:
          vpiParent: SourceFile name:sky130_fd_sc_hd__dlrbn.functional.v
          vpiName: "../../models/udp_dlatch_pr/sky130_fd_sc_hd__udp_dlatch_pr.v"
          vpiPreprocMacroDefinition (1 items):
            PreprocMacroDefinition name:SKY130_FD_SC_HD__UDP_DLATCH_PR_V start:20:1 end:21:1:
              vpiParent: SourceFile name:../../models/udp_dlatch_pr/sky130_fd_sc_hd__udp_dlatch_pr.v
              vpiName: SKY130_FD_SC_HD__UDP_DLATCH_PR_V
              vpiNameStartColumn: 9
          vpiDefNetType: none (12)
      vpiPreprocMacroDefinition (1 items):
        PreprocMacroDefinition name:SKY130_FD_SC_HD__DLRBN_FUNCTIONAL_V start:21:1 end:22:1:
          vpiParent: SourceFile name:sky130_fd_sc_hd__dlrbn.functional.v
          vpiName: SKY130_FD_SC_HD__DLRBN_FUNCTIONAL_V
          vpiNameStartColumn: 9
      vpiDefNetType: wire (1)
      vpiTimePrecision: -12
      vpiTimeUnit: -9
  vpiAllUdps (1 items):
    UdpDefn name:work@sky130_fd_sc_hd__udp_dlatch$PR start:37:1 end:63:13:
      vpiParent: Design name:unnamed
      vpiName Identifier name:work@sky130_fd_sc_hd__udp_dlatch$PR start:37:11 end:37:41:
        vpiParent: UdpDefn name:work@sky130_fd_sc_hd__udp_dlatch$PR
        vpiName: work@sky130_fd_sc_hd__udp_dlatch$PR
      vpiFullName: work@sky130_fd_sc_hd__udp_dlatch$PR
      vpiTypespec (1 items):
        LogicTypespec:
          vpiParent: UdpDefn name:work@sky130_fd_sc_hd__udp_dlatch$PR
      vpiIODecl (4 items):
        IODecl name:Q start:38:5 end:38:6:
          vpiParent: UdpDefn name:work@sky130_fd_sc_hd__udp_dlatch$PR
          vpiName: Q
          vpiDirection: output (2)
          vpiExpr Variable name:Q start:44:12 end:44:13:
            vpiParent: IODecl name:Q
            vpiTypespec RefTypespec:
              vpiParent: Variable name:Q
              vpiFullName: work@sky130_fd_sc_hd__udp_dlatch$PR.Q.Q
              vpiActual: LogicTypespec
            vpiName: Q
            vpiFullName: work@sky130_fd_sc_hd__udp_dlatch$PR.Q.Q
          vpiTypespec RefTypespec:
            vpiParent: IODecl name:Q
            vpiFullName: work@sky130_fd_sc_hd__udp_dlatch$PR.Q
            vpiActual: LogicTypespec
        IODecl name:D start:39:5 end:39:6:
          vpiParent: UdpDefn name:work@sky130_fd_sc_hd__udp_dlatch$PR
          vpiName: D
          vpiDirection: input (1)
          vpiExpr Variable name:D start:45:12 end:45:13:
            vpiParent: IODecl name:D
            vpiTypespec RefTypespec:
              vpiParent: Variable name:D
              vpiFullName: work@sky130_fd_sc_hd__udp_dlatch$PR.D.D
            vpiName: D
            vpiFullName: work@sky130_fd_sc_hd__udp_dlatch$PR.D.D
          vpiTypespec RefTypespec:
            vpiParent: IODecl name:D
            vpiFullName: work@sky130_fd_sc_hd__udp_dlatch$PR.D
        IODecl name:GATE start:40:5 end:40:9:
          vpiParent: UdpDefn name:work@sky130_fd_sc_hd__udp_dlatch$PR
          vpiName: GATE
          vpiDirection: input (1)
          vpiExpr Variable name:GATE start:46:12 end:46:16:
            vpiParent: IODecl name:GATE
            vpiTypespec RefTypespec:
              vpiParent: Variable name:GATE
              vpiFullName: work@sky130_fd_sc_hd__udp_dlatch$PR.GATE.GATE
            vpiName: GATE
            vpiFullName: work@sky130_fd_sc_hd__udp_dlatch$PR.GATE.GATE
          vpiTypespec RefTypespec:
            vpiParent: IODecl name:GATE
            vpiFullName: work@sky130_fd_sc_hd__udp_dlatch$PR.GATE
        IODecl name:RESET start:41:5 end:41:10:
          vpiParent: UdpDefn name:work@sky130_fd_sc_hd__udp_dlatch$PR
          vpiName: RESET
          vpiDirection: input (1)
          vpiExpr Variable name:RESET start:47:12 end:47:17:
            vpiParent: IODecl name:RESET
            vpiTypespec RefTypespec:
              vpiParent: Variable name:RESET
              vpiFullName: work@sky130_fd_sc_hd__udp_dlatch$PR.RESET.RESET
            vpiName: RESET
            vpiFullName: work@sky130_fd_sc_hd__udp_dlatch$PR.RESET.RESET
          vpiTypespec RefTypespec:
            vpiParent: IODecl name:RESET
            vpiFullName: work@sky130_fd_sc_hd__udp_dlatch$PR.RESET
      vpiTableEntry (9 items):
        TableEntry start:53:10 end:53:39:
          vpiParent: UdpDefn name:work@sky130_fd_sc_hd__udp_dlatch$PR
          vpiValue Constant start:53:10 end:53:39:
            vpiParent: TableEntry
            vpiTypespec RefTypespec:
              vpiParent: Constant
              vpiFullName: work@sky130_fd_sc_hd__udp_dlatch$PR
              vpiActual: StringTypespec
            vpiConstType: string (6)
            vpiSize: 3
            vpiDecompile: "? 0 0 : ? : -"
            vpiValue: ? 0 0 : ? : -
        TableEntry start:54:10 end:54:39:
          vpiParent: UdpDefn name:work@sky130_fd_sc_hd__udp_dlatch$PR
          vpiValue Constant start:54:10 end:54:39:
            vpiParent: TableEntry
            vpiTypespec RefTypespec:
              vpiParent: Constant
              vpiFullName: work@sky130_fd_sc_hd__udp_dlatch$PR
              vpiActual: StringTypespec
            vpiConstType: string (6)
            vpiSize: 3
            vpiDecompile: "0 1 0 : ? : 0"
            vpiValue: 0 1 0 : ? : 0
        TableEntry start:55:10 end:55:39:
          vpiParent: UdpDefn name:work@sky130_fd_sc_hd__udp_dlatch$PR
          vpiValue Constant start:55:10 end:55:39:
            vpiParent: TableEntry
            vpiTypespec RefTypespec:
              vpiParent: Constant
              vpiFullName: work@sky130_fd_sc_hd__udp_dlatch$PR
              vpiActual: StringTypespec
            vpiConstType: string (6)
            vpiSize: 3
            vpiDecompile: "1 1 0 : ? : 1"
            vpiValue: 1 1 0 : ? : 1
        TableEntry start:56:10 end:56:39:
          vpiParent: UdpDefn name:work@sky130_fd_sc_hd__udp_dlatch$PR
          vpiValue Constant start:56:10 end:56:39:
            vpiParent: TableEntry
            vpiTypespec RefTypespec:
              vpiParent: Constant
              vpiFullName: work@sky130_fd_sc_hd__udp_dlatch$PR
              vpiActual: StringTypespec
            vpiConstType: string (6)
            vpiSize: 3
            vpiDecompile: "? ? 1 : ? : 0"
            vpiValue: ? ? 1 : ? : 0
        TableEntry start:57:10 end:57:39:
          vpiParent: UdpDefn name:work@sky130_fd_sc_hd__udp_dlatch$PR
          vpiValue Constant start:57:10 end:57:39:
            vpiParent: TableEntry
            vpiTypespec RefTypespec:
              vpiParent: Constant
              vpiFullName: work@sky130_fd_sc_hd__udp_dlatch$PR
              vpiActual: StringTypespec
            vpiConstType: string (6)
            vpiSize: 3
            vpiDecompile: "0 1 ? : ? : 0"
            vpiValue: 0 1 ? : ? : 0
        TableEntry start:58:10 end:58:39:
          vpiParent: UdpDefn name:work@sky130_fd_sc_hd__udp_dlatch$PR
          vpiValue Constant start:58:10 end:58:39:
            vpiParent: TableEntry
            vpiTypespec RefTypespec:
              vpiParent: Constant
              vpiFullName: work@sky130_fd_sc_hd__udp_dlatch$PR
              vpiActual: StringTypespec
            vpiConstType: string (6)
            vpiSize: 3
            vpiDecompile: "0 x 0 : 0 : 0"
            vpiValue: 0 x 0 : 0 : 0
        TableEntry start:59:10 end:59:39:
          vpiParent: UdpDefn name:work@sky130_fd_sc_hd__udp_dlatch$PR
          vpiValue Constant start:59:10 end:59:39:
            vpiParent: TableEntry
            vpiTypespec RefTypespec:
              vpiParent: Constant
              vpiFullName: work@sky130_fd_sc_hd__udp_dlatch$PR
              vpiActual: StringTypespec
            vpiConstType: string (6)
            vpiSize: 3
            vpiDecompile: "1 x 0 : 1 : 1"
            vpiValue: 1 x 0 : 1 : 1
        TableEntry start:60:10 end:60:39:
          vpiParent: UdpDefn name:work@sky130_fd_sc_hd__udp_dlatch$PR
          vpiValue Constant start:60:10 end:60:39:
            vpiParent: TableEntry
            vpiTypespec RefTypespec:
              vpiParent: Constant
              vpiFullName: work@sky130_fd_sc_hd__udp_dlatch$PR
              vpiActual: StringTypespec
            vpiConstType: string (6)
            vpiSize: 3
            vpiDecompile: "? 0 x : 0 : 0"
            vpiValue: ? 0 x : 0 : 0
        TableEntry start:61:10 end:61:39:
          vpiParent: UdpDefn name:work@sky130_fd_sc_hd__udp_dlatch$PR
          vpiValue Constant start:61:10 end:61:39:
            vpiParent: TableEntry
            vpiTypespec RefTypespec:
              vpiParent: Constant
              vpiFullName: work@sky130_fd_sc_hd__udp_dlatch$PR
              vpiActual: StringTypespec
            vpiConstType: string (6)
            vpiSize: 3
            vpiDecompile: "0 x x : 0 : 0"
            vpiValue: 0 x x : 0 : 0
  vpiAllModules (1 items):
    Module name:work@sky130_fd_sc_hd__dlrbn file:$Source01/sky130_fd_sc_hd__dlrbn.functional.v start:37:1 end:64:10:
      vpiParent: Design name:unnamed
      vpiName Identifier name:work@sky130_fd_sc_hd__dlrbn start:37:8 end:37:30:
        vpiParent: Module name:work@sky130_fd_sc_hd__dlrbn
        vpiName: work@sky130_fd_sc_hd__dlrbn
      vpiFullName: work@sky130_fd_sc_hd__dlrbn
      vpiTypespec (2 items):
        LogicTypespec:
          vpiParent: Module name:work@sky130_fd_sc_hd__dlrbn
        UdpDefnTypespec name:work@sky130_fd_sc_hd__udp_dlatch$PR start:60:5 end:60:35:
          vpiParent: Module name:work@sky130_fd_sc_hd__dlrbn
          vpiName: work@sky130_fd_sc_hd__udp_dlatch$PR
      vpiDefName: work@sky130_fd_sc_hd__dlrbn
      vpiDefNetType: none (12)
      vpiTimePrecision: -12
      vpiTimeUnit: -9
      vpiLibrary RefObj name:work:
        vpiParent: Module name:work@sky130_fd_sc_hd__dlrbn
        vpiName: work
        vpiFullName: work@sky130_fd_sc_hd__dlrbn.work
      vpiCell: sky130_fd_sc_hd__dlrbn
      vpiNet (8 items):
        Net name:Q start:46:12 end:46:13:
          vpiParent: Module name:work@sky130_fd_sc_hd__dlrbn
          vpiTypespec RefTypespec start:46:12 end:46:12:
            vpiParent: Net name:Q
            vpiFullName: work@sky130_fd_sc_hd__dlrbn.Q
            vpiActual: LogicTypespec
          vpiName: Q
          vpiFullName: work@sky130_fd_sc_hd__dlrbn.Q
        Net name:Q_N start:47:12 end:47:15:
          vpiParent: Module name:work@sky130_fd_sc_hd__dlrbn
          vpiTypespec RefTypespec start:47:12 end:47:12:
            vpiParent: Net name:Q_N
            vpiFullName: work@sky130_fd_sc_hd__dlrbn.Q_N
            vpiActual: LogicTypespec
          vpiName: Q_N
          vpiFullName: work@sky130_fd_sc_hd__dlrbn.Q_N
        Net name:RESET_B start:48:12 end:48:19:
          vpiParent: Module name:work@sky130_fd_sc_hd__dlrbn
          vpiTypespec RefTypespec start:48:12 end:48:12:
            vpiParent: Net name:RESET_B
            vpiFullName: work@sky130_fd_sc_hd__dlrbn.RESET_B
            vpiActual: LogicTypespec
          vpiName: RESET_B
          vpiFullName: work@sky130_fd_sc_hd__dlrbn.RESET_B
        Net name:D start:49:12 end:49:13:
          vpiParent: Module name:work@sky130_fd_sc_hd__dlrbn
          vpiTypespec RefTypespec start:49:12 end:49:12:
            vpiParent: Net name:D
            vpiFullName: work@sky130_fd_sc_hd__dlrbn.D
            vpiActual: LogicTypespec
          vpiName: D
          vpiFullName: work@sky130_fd_sc_hd__dlrbn.D
        Net name:GATE_N start:50:12 end:50:18:
          vpiParent: Module name:work@sky130_fd_sc_hd__dlrbn
          vpiTypespec RefTypespec start:50:12 end:50:12:
            vpiParent: Net name:GATE_N
            vpiFullName: work@sky130_fd_sc_hd__dlrbn.GATE_N
            vpiActual: LogicTypespec
          vpiName: GATE_N
          vpiFullName: work@sky130_fd_sc_hd__dlrbn.GATE_N
        Net name:RESET start:53:10 end:53:15:
          vpiParent: Module name:work@sky130_fd_sc_hd__dlrbn
          vpiTypespec RefTypespec start:53:10 end:53:10:
            vpiParent: Net name:RESET
            vpiFullName: work@sky130_fd_sc_hd__dlrbn.RESET
            vpiActual: LogicTypespec
          vpiName: RESET
          vpiFullName: work@sky130_fd_sc_hd__dlrbn.RESET
          vpiNetType: wire (1)
        Net name:intgate start:54:10 end:54:17:
          vpiParent: Module name:work@sky130_fd_sc_hd__dlrbn
          vpiTypespec RefTypespec start:54:10 end:54:10:
            vpiParent: Net name:intgate
            vpiFullName: work@sky130_fd_sc_hd__dlrbn.intgate
            vpiActual: LogicTypespec
          vpiName: intgate
          vpiFullName: work@sky130_fd_sc_hd__dlrbn.intgate
          vpiNetType: wire (1)
        Net name:buf_Q start:55:10 end:55:15:
          vpiParent: Module name:work@sky130_fd_sc_hd__dlrbn
          vpiTypespec RefTypespec start:55:10 end:55:10:
            vpiParent: Net name:buf_Q
            vpiFullName: work@sky130_fd_sc_hd__dlrbn.buf_Q
            vpiActual: LogicTypespec
          vpiName: buf_Q
          vpiFullName: work@sky130_fd_sc_hd__dlrbn.buf_Q
          vpiNetType: wire (1)
      vpiPort (5 items):
        Port name:Q start:38:5 end:38:6:
          vpiParent: Module name:work@sky130_fd_sc_hd__dlrbn
          vpiName: Q
          vpiDirection: output (2)
          vpiLowConn RefObj name:Q start:38:5 end:38:6:
            vpiParent: Port name:Q
            vpiName: Q
            vpiFullName: work@sky130_fd_sc_hd__dlrbn.Q.Q
            vpiActual: Net name:Q
          vpiTypespec RefTypespec start:46:12 end:46:12:
            vpiParent: Port name:Q
            vpiFullName: work@sky130_fd_sc_hd__dlrbn.Q
            vpiActual: LogicTypespec
        Port name:Q_N start:39:5 end:39:8:
          vpiParent: Module name:work@sky130_fd_sc_hd__dlrbn
          vpiName: Q_N
          vpiDirection: output (2)
          vpiLowConn RefObj name:Q_N start:39:5 end:39:8:
            vpiParent: Port name:Q_N
            vpiName: Q_N
            vpiFullName: work@sky130_fd_sc_hd__dlrbn.Q_N.Q_N
            vpiActual: Net name:Q_N
          vpiTypespec RefTypespec start:47:12 end:47:12:
            vpiParent: Port name:Q_N
            vpiFullName: work@sky130_fd_sc_hd__dlrbn.Q_N
            vpiActual: LogicTypespec
        Port name:RESET_B start:40:5 end:40:12:
          vpiParent: Module name:work@sky130_fd_sc_hd__dlrbn
          vpiName: RESET_B
          vpiDirection: input (1)
          vpiLowConn RefObj name:RESET_B start:40:5 end:40:12:
            vpiParent: Port name:RESET_B
            vpiName: RESET_B
            vpiFullName: work@sky130_fd_sc_hd__dlrbn.RESET_B.RESET_B
            vpiActual: Net name:RESET_B
          vpiTypespec RefTypespec start:48:12 end:48:12:
            vpiParent: Port name:RESET_B
            vpiFullName: work@sky130_fd_sc_hd__dlrbn.RESET_B
            vpiActual: LogicTypespec
        Port name:D start:41:5 end:41:6:
          vpiParent: Module name:work@sky130_fd_sc_hd__dlrbn
          vpiName: D
          vpiDirection: input (1)
          vpiLowConn RefObj name:D start:41:5 end:41:6:
            vpiParent: Port name:D
            vpiName: D
            vpiFullName: work@sky130_fd_sc_hd__dlrbn.D.D
            vpiActual: Net name:D
          vpiTypespec RefTypespec start:49:12 end:49:12:
            vpiParent: Port name:D
            vpiFullName: work@sky130_fd_sc_hd__dlrbn.D
            vpiActual: LogicTypespec
        Port name:GATE_N start:42:5 end:42:11:
          vpiParent: Module name:work@sky130_fd_sc_hd__dlrbn
          vpiName: GATE_N
          vpiDirection: input (1)
          vpiLowConn RefObj name:GATE_N start:42:5 end:42:11:
            vpiParent: Port name:GATE_N
            vpiName: GATE_N
            vpiFullName: work@sky130_fd_sc_hd__dlrbn.GATE_N.GATE_N
            vpiActual: Net name:GATE_N
          vpiTypespec RefTypespec start:50:12 end:50:12:
            vpiParent: Port name:GATE_N
            vpiFullName: work@sky130_fd_sc_hd__dlrbn.GATE_N
            vpiActual: LogicTypespec
      vpiPrimitive (5 items):
        Gate name:not0 start:58:48 end:58:52:
          vpiParent: Module name:work@sky130_fd_sc_hd__dlrbn
          vpiName: not0
          vpiFullName: work@sky130_fd_sc_hd__dlrbn.not0
          vpiDefName Identifier name:work@not start:58:5 end:58:8:
            vpiParent: Gate name:not0
            vpiName: work@not
          vpiPrimType: not (8)
          vpiPrimTerm (2 items):
            PrimTerm start:58:57 end:58:62:
              vpiParent: Gate name:not0
              vpiDirection: output (2)
              vpiExpr RefObj name:RESET start:58:57 end:58:62:
                vpiParent: PrimTerm
                vpiName: RESET
                vpiFullName: work@sky130_fd_sc_hd__dlrbn.not0.RESET
                vpiActual: Net name:RESET
            PrimTerm start:58:66 end:58:73:
              vpiParent: Gate name:not0
              vpiDirection: input (1)
              vpiTermIndex: 1
              vpiExpr RefObj name:RESET_B start:58:66 end:58:73:
                vpiParent: PrimTerm
                vpiName: RESET_B
                vpiFullName: work@sky130_fd_sc_hd__dlrbn.not0.RESET_B
                vpiActual: Net name:RESET_B
        Gate name:not1 start:59:48 end:59:52:
          vpiParent: Module name:work@sky130_fd_sc_hd__dlrbn
          vpiName: not1
          vpiFullName: work@sky130_fd_sc_hd__dlrbn.not1
          vpiDefName Identifier name:work@not start:59:5 end:59:8:
            vpiParent: Gate name:not1
            vpiName: work@not
          vpiPrimType: not (8)
          vpiPrimTerm (2 items):
            PrimTerm start:59:57 end:59:64:
              vpiParent: Gate name:not1
              vpiDirection: output (2)
              vpiExpr RefObj name:intgate start:59:57 end:59:64:
                vpiParent: PrimTerm
                vpiName: intgate
                vpiFullName: work@sky130_fd_sc_hd__dlrbn.not1.intgate
                vpiActual: Net name:intgate
            PrimTerm start:59:66 end:59:72:
              vpiParent: Gate name:not1
              vpiDirection: input (1)
              vpiTermIndex: 1
              vpiExpr RefObj name:GATE_N start:59:66 end:59:72:
                vpiParent: PrimTerm
                vpiName: GATE_N
                vpiFullName: work@sky130_fd_sc_hd__dlrbn.not1.GATE_N
                vpiActual: Net name:GATE_N
        Udp name:dlatch0 file:$Source01/sky130_fd_sc_hd__dlrbn.functional.v start:60:37 end:60:44:
          vpiParent: Module name:work@sky130_fd_sc_hd__dlrbn
          vpiName: dlatch0
          vpiFullName: work@sky130_fd_sc_hd__dlrbn.dlatch0
          vpiDefName Identifier name:work@sky130_fd_sc_hd__udp_dlatch$PR start:60:5 end:60:35:
            vpiParent: Udp name:dlatch0
            vpiName: work@sky130_fd_sc_hd__udp_dlatch$PR
          vpiPrimTerm (4 items):
            PrimTerm start:60:46 end:60:51:
              vpiParent: Udp name:dlatch0
              vpiDirection: output (2)
              vpiExpr RefObj name:buf_Q start:60:46 end:60:51:
                vpiParent: PrimTerm
                vpiName: buf_Q
                vpiFullName: work@sky130_fd_sc_hd__dlrbn.dlatch0.buf_Q
                vpiActual: Net name:buf_Q
            PrimTerm start:60:55 end:60:56:
              vpiParent: Udp name:dlatch0
              vpiDirection: input (1)
              vpiTermIndex: 1
              vpiExpr RefObj name:D start:60:55 end:60:56:
                vpiParent: PrimTerm
                vpiName: D
                vpiFullName: work@sky130_fd_sc_hd__dlrbn.dlatch0.D
                vpiActual: Net name:D
            PrimTerm start:60:58 end:60:65:
              vpiParent: Udp name:dlatch0
              vpiDirection: input (1)
              vpiTermIndex: 2
              vpiExpr RefObj name:intgate start:60:58 end:60:65:
                vpiParent: PrimTerm
                vpiName: intgate
                vpiFullName: work@sky130_fd_sc_hd__dlrbn.dlatch0.intgate
                vpiActual: Net name:intgate
            PrimTerm start:60:67 end:60:72:
              vpiParent: Udp name:dlatch0
              vpiDirection: input (1)
              vpiTermIndex: 3
              vpiExpr RefObj name:RESET start:60:67 end:60:72:
                vpiParent: PrimTerm
                vpiName: RESET
                vpiFullName: work@sky130_fd_sc_hd__dlrbn.dlatch0.RESET
                vpiActual: Net name:RESET
        Gate name:buf0 start:61:48 end:61:52:
          vpiParent: Module name:work@sky130_fd_sc_hd__dlrbn
          vpiName: buf0
          vpiFullName: work@sky130_fd_sc_hd__dlrbn.buf0
          vpiDefName Identifier name:work@buf start:61:5 end:61:8:
            vpiParent: Gate name:buf0
            vpiName: work@buf
          vpiPrimType: buf (7)
          vpiPrimTerm (2 items):
            PrimTerm start:61:57 end:61:58:
              vpiParent: Gate name:buf0
              vpiDirection: output (2)
              vpiExpr RefObj name:Q start:61:57 end:61:58:
                vpiParent: PrimTerm
                vpiName: Q
                vpiFullName: work@sky130_fd_sc_hd__dlrbn.buf0.Q
                vpiActual: Net name:Q
            PrimTerm start:61:66 end:61:71:
              vpiParent: Gate name:buf0
              vpiDirection: input (1)
              vpiTermIndex: 1
              vpiExpr RefObj name:buf_Q start:61:66 end:61:71:
                vpiParent: PrimTerm
                vpiName: buf_Q
                vpiFullName: work@sky130_fd_sc_hd__dlrbn.buf0.buf_Q
                vpiActual: Net name:buf_Q
        Gate name:not2 start:62:48 end:62:52:
          vpiParent: Module name:work@sky130_fd_sc_hd__dlrbn
          vpiName: not2
          vpiFullName: work@sky130_fd_sc_hd__dlrbn.not2
          vpiDefName Identifier name:work@not start:62:5 end:62:8:
            vpiParent: Gate name:not2
            vpiName: work@not
          vpiPrimType: not (8)
          vpiPrimTerm (2 items):
            PrimTerm start:62:57 end:62:60:
              vpiParent: Gate name:not2
              vpiDirection: output (2)
              vpiExpr RefObj name:Q_N start:62:57 end:62:60:
                vpiParent: PrimTerm
                vpiName: Q_N
                vpiFullName: work@sky130_fd_sc_hd__dlrbn.not2.Q_N
                vpiActual: Net name:Q_N
            PrimTerm start:62:66 end:62:71:
              vpiParent: Gate name:not2
              vpiDirection: input (1)
              vpiTermIndex: 1
              vpiExpr RefObj name:buf_Q start:62:66 end:62:71:
                vpiParent: PrimTerm
                vpiName: buf_Q
                vpiFullName: work@sky130_fd_sc_hd__dlrbn.not2.buf_Q
                vpiActual: Net name:buf_Q
  vpiTypespec (4 items):
    IntTypespec:
      vpiParent: Design name:unnamed
      vpiSigned: true
    UdpDefnTypespec name:work@sky130_fd_sc_hd__udp_dlatch$PR:
      vpiParent: Design name:unnamed
      vpiName: work@sky130_fd_sc_hd__udp_dlatch$PR
    StringTypespec:
      vpiParent: Design name:unnamed
    ModuleTypespec name:work@sky130_fd_sc_hd__dlrbn:
      vpiParent: Design name:unnamed
      vpiName Identifier name:work@sky130_fd_sc_hd__dlrbn start:37:8 end:37:30:
        vpiParent: ModuleTypespec name:work@sky130_fd_sc_hd__dlrbn
        vpiName: work@sky130_fd_sc_hd__dlrbn
      vpiModule: Module name:work@sky130_fd_sc_hd__dlrbn
===================

[  FATAL] : 0
[ SYNTAX] : 0
[  ERROR] : 0
[WARNING] : 0
[   NOTE] : 0

#**#**#**#**#**#**#**#**#**#**#**#**#**#**#**#**#**#**#**#**#**#**#**#**#**#**#**#**#**#**#**#**#**#**#**#**#**#**#**#**

Environment:
      test-name: Sky130Cell/cells/cells/sky130_fd_sc_hd__dlrbn.functional
   test-dirpath: ${SURELOG_DIR}/regression/Sky130Cell/cells/cells/sky130_fd_sc_hd__dlrbn.functional
  uhdm-filepath: ${SURELOG_DIR}/regression/Sky130Cell/cells/cells/sky130_fd_sc_hd__dlrbn.functional/surelog.uhdm
mounts-filepath: ${SURELOG_DIR}/regression/Sky130Cell/cells/cells/sky130_fd_sc_hd__dlrbn.functional/mounts.json


{'result': {'coverage': 88.1,
            'error_count': 0,
            'file_count': 1,
            'files': {'$Output/lib/work/sky130_fd_sc_hd__dlrbn.functional.v': {'post_len': 136,
                                                                               'pre_len': 1143}},
            'post_len': 136,
            'pre_len': 1143,
            'test_name': 'Sky130Cell/cells/cells/sky130_fd_sc_hd__dlrbn.functional'}}

+------------------------------------------------------+----------+-----------+
| INPUT                                                |   PRELEN |   POSTLEN |
+======================================================+==========+===========+
| $Output/lib/work/sky130_fd_sc_hd__dlrbn.functional.v |     1143 |       136 |
+======================================================+==========+===========+
|                                                      |     1143 |       136 |
+------------------------------------------------------+----------+-----------+

[   ERROR] : 0
[COVERAGE] : 88.1


#**#**#**#**#**#**#**#**#**#**#**#**#**#**#**#**#**#**#**#**#**#**#**#**#**#**#**#**#**#**#**#**#**#**#**#**#**#**#**#**

COMMAND: ${SURELOG_DIR}/regression/Sky130Cell/cells/cells/sky130_fd_sc_hd__dlrbn.functional/surelog.uhdm ${SURELOG_DIR}/regression/Sky130Cell/cells/cells/sky130_fd_sc_hd__dlrbn.functional/reduced.uhdm

==================== BEGIN REDUCTION RESULT ====================
Name                            Before   After   Added   Removed
----------------------------------------------------------------
----------------------------------------------------------------
Others                             126     126       0         0
----------------------------------------------------------------
                                   126     126       0         0
===================== END REDUCTION RESULT =====================
