[INF:CM0023] Creating log file "${SURELOG_DIR}/regression/TaskProto/TaskProto/slpp_all/surelog.log".
AST_DEBUG_BEGIN
Count: 57
LIB: work
FILE: ${SURELOG_DIR}/tests/TaskProto/dut.sv
n<${SURELOG_DIR}/tests/TaskProto/dut.sv> u<56> t<Top_level_rule> c<1> l<1:1> el<8:1>
  n<> u<1> t<Null_rule> p<56> s<55> l<1:1>
  n<> u<55> t<Source_text> p<56> c<54> l<1:1> el<7:10>
    n<> u<54> t<Description> p<55> c<53> l<1:1> el<7:10>
      n<> u<53> t<Module_declaration> p<54> c<14> l<1:1> el<7:10>
        n<> u<14> t<Module_ansi_header> p<53> c<2> s<31> l<1:1> el<1:26>
          n<module> u<2> t<Module_keyword> p<14> s<3> l<1:1> el<1:7>
          n<top> u<3> t<SIMPLE_IDENTIFIER> p<14> s<4> l<1:8> el<1:11>
          n<> u<4> t<Package_import_declaration_list> p<14> s<13> l<1:11> el<1:11>
          n<> u<13> t<Port_declaration_list> p<14> c<12> l<1:11> el<1:25>
            n<> u<12> t<Ansi_port_declaration> p<13> c<10> l<1:12> el<1:24>
              n<> u<10> t<Net_port_header> p<12> c<5> s<11> l<1:12> el<1:22>
                n<> u<5> t<OUTPUT> p<10> s<9> l<1:12> el<1:18>
                n<> u<9> t<Net_port_type> p<10> c<8> l<1:19> el<1:22>
                  n<> u<8> t<Data_type_or_implicit> p<9> c<7> l<1:19> el<1:22>
                    n<> u<7> t<Data_type> p<8> c<6> l<1:19> el<1:22>
                      n<> u<6> t<INT> p<7> l<1:19> el<1:22>
              n<a> u<11> t<SIMPLE_IDENTIFIER> p<12> l<1:23> el<1:24>
        n<> u<31> t<Non_port_module_item> p<53> c<30> s<51> l<2:4> el<2:59>
          n<> u<30> t<Module_or_generate_item> p<31> c<29> l<2:4> el<2:59>
            n<> u<29> t<Module_common_item> p<30> c<28> l<2:4> el<2:59>
              n<> u<28> t<Module_or_generate_item_declaration> p<29> c<27> l<2:4> el<2:59>
                n<> u<27> t<Package_or_generate_item_declaration> p<28> c<26> l<2:4> el<2:59>
                  n<> u<26> t<Dpi_import_export> p<27> c<25> l<2:4> el<2:59>
                    n<> u<25> t<IMPORT> p<26> s<15> l<2:4> el<2:10>
                    n<"DPI-C"> u<15> t<QUOTED_STRING> p<26> s<24> l<2:11> el<2:18>
                    n<> u<24> t<Task_prototype> p<26> c<16> l<2:19> el<2:58>
                      n<test_output_argument> u<16> t<SIMPLE_IDENTIFIER> p<24> s<23> l<2:24> el<2:44>
                      n<> u<23> t<Tf_port_item_list> p<24> c<22> l<2:44> el<2:58>
                        n<> u<22> t<Tf_port_item> p<23> c<17> l<2:45> el<2:57>
                          n<> u<17> t<OUTPUT> p<22> s<20> l<2:45> el<2:51>
                          n<> u<20> t<Data_type_or_implicit> p<22> c<19> s<21> l<2:52> el<2:55>
                            n<> u<19> t<Data_type> p<20> c<18> l<2:52> el<2:55>
                              n<> u<18> t<INT> p<19> l<2:52> el<2:55>
                          n<o> u<21> t<SIMPLE_IDENTIFIER> p<22> l<2:56> el<2:57>
        n<> u<51> t<Non_port_module_item> p<53> c<50> s<52> l<4:4> el<6:7>
          n<> u<50> t<Module_or_generate_item> p<51> c<49> l<4:4> el<6:7>
            n<> u<49> t<Module_common_item> p<50> c<48> l<4:4> el<6:7>
              n<> u<48> t<Initial_construct> p<49> c<47> l<4:4> el<6:7>
                n<> u<47> t<Statement_or_null> p<48> c<46> l<4:12> el<6:7>
                  n<> u<46> t<Statement> p<47> c<45> l<4:12> el<6:7>
                    n<> u<45> t<Statement_item> p<46> c<44> l<4:12> el<6:7>
                      n<> u<44> t<Seq_block> p<45> c<42> l<4:12> el<6:7>
                        n<> u<42> t<Statement_or_null> p<44> c<41> s<43> l<5:7> el<5:31>
                          n<> u<41> t<Statement> p<42> c<40> l<5:7> el<5:31>
                            n<> u<40> t<Statement_item> p<41> c<39> l<5:7> el<5:31>
                              n<> u<39> t<Subroutine_call_statement> p<40> c<38> l<5:7> el<5:31>
                                n<> u<38> t<Subroutine_call> p<39> c<32> l<5:7> el<5:30>
                                  n<test_output_argument> u<32> t<SIMPLE_IDENTIFIER> p<38> s<37> l<5:7> el<5:27>
                                  n<> u<37> t<Argument_list> p<38> c<36> l<5:28> el<5:29>
                                    n<> u<36> t<Expression> p<37> c<35> l<5:28> el<5:29>
                                      n<> u<35> t<Primary> p<36> c<34> l<5:28> el<5:29>
                                        n<> u<34> t<Primary_literal> p<35> c<33> l<5:28> el<5:29>
                                          n<a> u<33> t<SIMPLE_IDENTIFIER> p<34> l<5:28> el<5:29>
                        n<> u<43> t<END> p<44> l<6:4> el<6:7>
        n<> u<52> t<ENDMODULE> p<53> l<7:1> el<7:10>
AST_DEBUG_END
[INF:CP0303] ${SURELOG_DIR}/tests/TaskProto/dut.sv:1:1: Compile module "work@top".
[WRN:PA0205] ${SURELOG_DIR}/tests/TaskProto/dut.sv:1:1: No timescale set for "work@top".
====== UHDM =======
Design name:unnamed:
  vpiName: unnamed
  vpiSourceFiles (1 items):
    SourceFile name:dut.sv file:${SURELOG_DIR}/tests/TaskProto/dut.sv:
      vpiParent: Design name:unnamed
      vpiName: dut.sv
      vpiPreprocFile: "${SURELOG_DIR}/regression/TaskProto/TaskProto/slpp_all/lib/work/dut.sv"
      vpiDefNetType: none (12)
  vpiAllModules (1 items):
    Module name:work@top file:${SURELOG_DIR}/tests/TaskProto/dut.sv start:1:1 end:7:10:
      vpiParent: Design name:unnamed
      vpiName Identifier name:work@top start:1:8 end:1:11:
        vpiParent: Module name:work@top
        vpiName: work@top
      vpiFullName: work@top
      vpiVariable (1 items):
        Variable name:a start:1:23 end:1:24:
          vpiParent: Module name:work@top
          vpiTypespec RefTypespec start:1:12 end:1:22:
            vpiParent: Variable name:a
            vpiFullName: work@top.a
            vpiActual: IntTypespec
          vpiName: a
          vpiFullName: work@top.a
          vpiNetType: none (12)
      vpiDefName: work@top
      vpiDefNetType: none (12)
      vpiTaskFuncDecl (1 items):
        TaskDecl name:test_output_argument start:2:4 end:2:59:
          vpiParent: Module name:work@top
          vpiName Identifier name:test_output_argument start:2:24 end:2:44:
            vpiParent: TaskDecl name:test_output_argument
            vpiName: test_output_argument
          vpiFullName: work@top.test_output_argument
          vpiDPICStr: <<invalid>> (1)
          vpiIODecl (1 items):
            IODecl name:o start:2:56 end:2:57:
              vpiParent: TaskDecl name:test_output_argument
              vpiName: o
              vpiDirection: output (2)
              vpiTypespec RefTypespec start:2:52 end:2:55:
                vpiParent: IODecl name:o
                vpiFullName: work@top.test_output_argument.o
                vpiActual: IntTypespec
      vpiPort (1 items):
        Port name:a start:1:23 end:1:24:
          vpiParent: Module name:work@top
          vpiName: a
          vpiDirection: output (2)
          vpiLowConn RefObj start:1:23 end:1:24:
            vpiParent: Port name:a
            vpiFullName: work@top.a
            vpiActual: Variable name:a
          vpiTypespec RefTypespec start:1:12 end:1:22:
            vpiParent: Port name:a
            vpiFullName: work@top.a
            vpiActual: IntTypespec
      vpiProcess (1 items):
        Initial start:4:4 end:6:7:
          vpiParent: Module name:work@top
          vpiStmt Begin start:4:12 end:6:7:
            vpiParent: Initial
            vpiFullName: work@top
            vpiStmt (1 items):
              FuncCall name:test_output_argument start:5:7 end:5:30:
                vpiParent: Begin
                vpiName Identifier name:test_output_argument start:5:7 end:5:27:
                  vpiParent: FuncCall name:test_output_argument
                  vpiName: test_output_argument
                vpiArgument (1 items):
                  RefObj name:a start:5:28 end:5:29:
                    vpiParent: FuncCall name:test_output_argument
                    vpiName: a
                    vpiFullName: work@top.a
                    vpiActual: Variable name:a
  vpiTypespec (2 items):
    ModuleTypespec name:work@top:
      vpiParent: Design name:unnamed
      vpiName Identifier name:work@top start:1:8 end:1:11:
        vpiParent: ModuleTypespec name:work@top
        vpiName: work@top
      vpiModule: Module name:work@top
    IntTypespec:
      vpiParent: Design name:unnamed
      vpiSigned: true
===================

[  FATAL] : 0
[ SYNTAX] : 0
[  ERROR] : 0
[WARNING] : 1
[   NOTE] : 0

#**#**#**#**#**#**#**#**#**#**#**#**#**#**#**#**#**#**#**#**#**#**#**#**#**#**#**#**#**#**#**#**#**#**#**#**#**#**#**#**

Environment:
    test-name: TaskProto/TaskProto
 test-dirpath: ${SURELOG_DIR}/regression/TaskProto/TaskProto
 slpp_dirpath: ${SURELOG_DIR}/regression/TaskProto/TaskProto/slpp_all
uhdm-filepath: ${SURELOG_DIR}/regression/TaskProto/TaskProto/slpp_all/surelog.uhdm


{'result': {'coverage': 100.0,
            'error_count': 0,
            'file_count': 1,
            'files': {PosixPath('${SURELOG_DIR}/regression/TaskProto/TaskProto/slpp_all/lib/work/dut.sv'): {'post_len': 0,
                                                                                                                                 'pre_len': 129}},
            'post_len': 0,
            'pre_len': 129,
            'test_name': 'TaskProto/TaskProto'}}

+--------------------------+----------+-----------+
| INPUT                    |   PRELEN |   POSTLEN |
+==========================+==========+===========+
| slpp_all/lib/work/dut.sv |      129 |         0 |
+==========================+==========+===========+
|                          |      129 |         0 |
+--------------------------+----------+-----------+

[   ERROR] : 0
[COVERAGE] : 100.0


#**#**#**#**#**#**#**#**#**#**#**#**#**#**#**#**#**#**#**#**#**#**#**#**#**#**#**#**#**#**#**#**#**#**#**#**#**#**#**#**

COMMAND: ${SURELOG_DIR}/regression/TaskProto/TaskProto/slpp_all/surelog.uhdm ${SURELOG_DIR}/regression/TaskProto/TaskProto/slpp_all/reduced.uhdm

==================== BEGIN REDUCTION RESULT ====================
Name                            Before   After   Added   Removed
----------------------------------------------------------------
----------------------------------------------------------------
Others                              21      21       0         0
----------------------------------------------------------------
                                    21      21       0         0
===================== END REDUCTION RESULT =====================
