[INF:CM0023] Creating log file "${SURELOG_DIR}/regression/Yosys/opt/opt_share_cat_multiuser.v/slpp_all/surelog.log".
AST_DEBUG_BEGIN
Count: 316
LIB: work
FILE: ${SURELOG_DIR}/tests/Yosys/opt/opt_share_cat_multiuser.v
n<${SURELOG_DIR}/tests/Yosys/opt/opt_share_cat_multiuser.v> u<315> t<Top_level_rule> c<1> l<1:1> el<23:1>
  n<> u<1> t<Null_rule> p<315> s<314> l<1:1>
  n<> u<314> t<Source_text> p<315> c<313> l<1:1> el<22:10>
    n<> u<313> t<Description> p<314> c<312> l<1:1> el<22:10>
      n<> u<312> t<Module_declaration> p<313> c<94> l<1:1> el<22:10>
        n<> u<94> t<Module_ansi_header> p<312> c<2> s<125> l<1:1> el<8:5>
          n<module> u<2> t<Module_keyword> p<94> s<3> l<1:1> el<1:7>
          n<opt_share_test> u<3> t<SIMPLE_IDENTIFIER> p<94> s<4> l<1:8> el<1:22>
          n<> u<4> t<Package_import_declaration_list> p<94> s<93> l<1:22> el<1:22>
          n<> u<93> t<Port_declaration_list> p<94> c<20> l<1:22> el<8:4>
            n<> u<20> t<Ansi_port_declaration> p<93> c<18> s<36> l<2:3> el<2:22>
              n<> u<18> t<Net_port_header> p<20> c<5> s<19> l<2:3> el<2:15>
                n<> u<5> t<INPUT> p<18> s<17> l<2:3> el<2:8>
                n<> u<17> t<Net_port_type> p<18> c<16> l<2:9> el<2:15>
                  n<> u<16> t<Data_type_or_implicit> p<17> c<15> l<2:9> el<2:15>
                    n<> u<15> t<Packed_dimension> p<16> c<14> l<2:9> el<2:15>
                      n<> u<14> t<Constant_range> p<15> c<9> l<2:10> el<2:14>
                        n<> u<9> t<Constant_expression> p<14> c<8> s<13> l<2:10> el<2:12>
                          n<> u<8> t<Constant_primary> p<9> c<7> l<2:10> el<2:12>
                            n<> u<7> t<Primary_literal> p<8> c<6> l<2:10> el<2:12>
                              n<15> u<6> t<INTEGRAL_NUMBER> p<7> l<2:10> el<2:12>
                        n<> u<13> t<Constant_expression> p<14> c<12> l<2:13> el<2:14>
                          n<> u<12> t<Constant_primary> p<13> c<11> l<2:13> el<2:14>
                            n<> u<11> t<Primary_literal> p<12> c<10> l<2:13> el<2:14>
                              n<0> u<10> t<INTEGRAL_NUMBER> p<11> l<2:13> el<2:14>
              n<a> u<19> t<SIMPLE_IDENTIFIER> p<20> l<2:21> el<2:22>
            n<> u<36> t<Ansi_port_declaration> p<93> c<34> s<52> l<3:3> el<3:22>
              n<> u<34> t<Net_port_header> p<36> c<21> s<35> l<3:3> el<3:15>
                n<> u<21> t<INPUT> p<34> s<33> l<3:3> el<3:8>
                n<> u<33> t<Net_port_type> p<34> c<32> l<3:9> el<3:15>
                  n<> u<32> t<Data_type_or_implicit> p<33> c<31> l<3:9> el<3:15>
                    n<> u<31> t<Packed_dimension> p<32> c<30> l<3:9> el<3:15>
                      n<> u<30> t<Constant_range> p<31> c<25> l<3:10> el<3:14>
                        n<> u<25> t<Constant_expression> p<30> c<24> s<29> l<3:10> el<3:12>
                          n<> u<24> t<Constant_primary> p<25> c<23> l<3:10> el<3:12>
                            n<> u<23> t<Primary_literal> p<24> c<22> l<3:10> el<3:12>
                              n<15> u<22> t<INTEGRAL_NUMBER> p<23> l<3:10> el<3:12>
                        n<> u<29> t<Constant_expression> p<30> c<28> l<3:13> el<3:14>
                          n<> u<28> t<Constant_primary> p<29> c<27> l<3:13> el<3:14>
                            n<> u<27> t<Primary_literal> p<28> c<26> l<3:13> el<3:14>
                              n<0> u<26> t<INTEGRAL_NUMBER> p<27> l<3:13> el<3:14>
              n<b> u<35> t<SIMPLE_IDENTIFIER> p<36> l<3:21> el<3:22>
            n<> u<52> t<Ansi_port_declaration> p<93> c<50> s<68> l<4:3> el<4:22>
              n<> u<50> t<Net_port_header> p<52> c<37> s<51> l<4:3> el<4:15>
                n<> u<37> t<INPUT> p<50> s<49> l<4:3> el<4:8>
                n<> u<49> t<Net_port_type> p<50> c<48> l<4:9> el<4:15>
                  n<> u<48> t<Data_type_or_implicit> p<49> c<47> l<4:9> el<4:15>
                    n<> u<47> t<Packed_dimension> p<48> c<46> l<4:9> el<4:15>
                      n<> u<46> t<Constant_range> p<47> c<41> l<4:10> el<4:14>
                        n<> u<41> t<Constant_expression> p<46> c<40> s<45> l<4:10> el<4:12>
                          n<> u<40> t<Constant_primary> p<41> c<39> l<4:10> el<4:12>
                            n<> u<39> t<Primary_literal> p<40> c<38> l<4:10> el<4:12>
                              n<15> u<38> t<INTEGRAL_NUMBER> p<39> l<4:10> el<4:12>
                        n<> u<45> t<Constant_expression> p<46> c<44> l<4:13> el<4:14>
                          n<> u<44> t<Constant_primary> p<45> c<43> l<4:13> el<4:14>
                            n<> u<43> t<Primary_literal> p<44> c<42> l<4:13> el<4:14>
                              n<0> u<42> t<INTEGRAL_NUMBER> p<43> l<4:13> el<4:14>
              n<c> u<51> t<SIMPLE_IDENTIFIER> p<52> l<4:21> el<4:22>
            n<> u<68> t<Ansi_port_declaration> p<93> c<66> s<74> l<5:3> el<5:22>
              n<> u<66> t<Net_port_header> p<68> c<53> s<67> l<5:3> el<5:15>
                n<> u<53> t<INPUT> p<66> s<65> l<5:3> el<5:8>
                n<> u<65> t<Net_port_type> p<66> c<64> l<5:9> el<5:15>
                  n<> u<64> t<Data_type_or_implicit> p<65> c<63> l<5:9> el<5:15>
                    n<> u<63> t<Packed_dimension> p<64> c<62> l<5:9> el<5:15>
                      n<> u<62> t<Constant_range> p<63> c<57> l<5:10> el<5:14>
                        n<> u<57> t<Constant_expression> p<62> c<56> s<61> l<5:10> el<5:12>
                          n<> u<56> t<Constant_primary> p<57> c<55> l<5:10> el<5:12>
                            n<> u<55> t<Primary_literal> p<56> c<54> l<5:10> el<5:12>
                              n<15> u<54> t<INTEGRAL_NUMBER> p<55> l<5:10> el<5:12>
                        n<> u<61> t<Constant_expression> p<62> c<60> l<5:13> el<5:14>
                          n<> u<60> t<Constant_primary> p<61> c<59> l<5:13> el<5:14>
                            n<> u<59> t<Primary_literal> p<60> c<58> l<5:13> el<5:14>
                              n<0> u<58> t<INTEGRAL_NUMBER> p<59> l<5:13> el<5:14>
              n<d> u<67> t<SIMPLE_IDENTIFIER> p<68> l<5:21> el<5:22>
            n<> u<74> t<Ansi_port_declaration> p<93> c<72> s<92> l<6:3> el<6:24>
              n<> u<72> t<Net_port_header> p<74> c<69> s<73> l<6:3> el<6:8>
                n<> u<69> t<INPUT> p<72> s<71> l<6:3> el<6:8>
                n<> u<71> t<Net_port_type> p<72> c<70> l<6:21> el<6:21>
                  n<> u<70> t<Data_type_or_implicit> p<71> l<6:21> el<6:21>
              n<sel> u<73> t<SIMPLE_IDENTIFIER> p<74> l<6:21> el<6:24>
            n<> u<92> t<Ansi_port_declaration> p<93> c<90> l<7:3> el<7:24>
              n<> u<90> t<Net_port_header> p<92> c<75> s<91> l<7:3> el<7:20>
                n<> u<75> t<OUTPUT> p<90> s<89> l<7:3> el<7:9>
                n<> u<89> t<Net_port_type> p<90> c<88> l<7:10> el<7:20>
                  n<> u<88> t<Data_type_or_implicit> p<89> c<87> l<7:10> el<7:20>
                    n<> u<87> t<Data_type> p<88> c<76> l<7:10> el<7:20>
                      n<> u<76> t<REG> p<87> s<86> l<7:10> el<7:13>
                      n<> u<86> t<Packed_dimension> p<87> c<85> l<7:14> el<7:20>
                        n<> u<85> t<Constant_range> p<86> c<80> l<7:15> el<7:19>
                          n<> u<80> t<Constant_expression> p<85> c<79> s<84> l<7:15> el<7:17>
                            n<> u<79> t<Constant_primary> p<80> c<78> l<7:15> el<7:17>
                              n<> u<78> t<Primary_literal> p<79> c<77> l<7:15> el<7:17>
                                n<47> u<77> t<INTEGRAL_NUMBER> p<78> l<7:15> el<7:17>
                          n<> u<84> t<Constant_expression> p<85> c<83> l<7:18> el<7:19>
                            n<> u<83> t<Constant_primary> p<84> c<82> l<7:18> el<7:19>
                              n<> u<82> t<Primary_literal> p<83> c<81> l<7:18> el<7:19>
                                n<0> u<81> t<INTEGRAL_NUMBER> p<82> l<7:18> el<7:19>
              n<res> u<91> t<SIMPLE_IDENTIFIER> p<92> l<7:21> el<7:24>
        n<> u<125> t<Non_port_module_item> p<312> c<124> s<156> l<10:3> el<10:35>
          n<> u<124> t<Module_or_generate_item> p<125> c<123> l<10:3> el<10:35>
            n<> u<123> t<Module_common_item> p<124> c<122> l<10:3> el<10:35>
              n<> u<122> t<Module_or_generate_item_declaration> p<123> c<121> l<10:3> el<10:35>
                n<> u<121> t<Package_or_generate_item_declaration> p<122> c<120> l<10:3> el<10:35>
                  n<> u<120> t<Net_declaration> p<121> c<95> l<10:3> el<10:35>
                    n<> u<95> t<WIRE> p<120> s<106> l<10:3> el<10:7>
                    n<> u<106> t<Data_type_or_implicit> p<120> c<105> s<119> l<10:8> el<10:14>
                      n<> u<105> t<Packed_dimension> p<106> c<104> l<10:8> el<10:14>
                        n<> u<104> t<Constant_range> p<105> c<99> l<10:9> el<10:13>
                          n<> u<99> t<Constant_expression> p<104> c<98> s<103> l<10:9> el<10:11>
                            n<> u<98> t<Constant_primary> p<99> c<97> l<10:9> el<10:11>
                              n<> u<97> t<Primary_literal> p<98> c<96> l<10:9> el<10:11>
                                n<15> u<96> t<INTEGRAL_NUMBER> p<97> l<10:9> el<10:11>
                          n<> u<103> t<Constant_expression> p<104> c<102> l<10:12> el<10:13>
                            n<> u<102> t<Constant_primary> p<103> c<101> l<10:12> el<10:13>
                              n<> u<101> t<Primary_literal> p<102> c<100> l<10:12> el<10:13>
                                n<0> u<100> t<INTEGRAL_NUMBER> p<101> l<10:12> el<10:13>
                    n<> u<119> t<Net_decl_assignment_list> p<120> c<118> l<10:21> el<10:34>
                      n<> u<118> t<Net_decl_assignment> p<119> c<107> l<10:21> el<10:34>
                        n<add_res> u<107> t<SIMPLE_IDENTIFIER> p<118> s<117> l<10:21> el<10:28>
                        n<> u<117> t<Expression> p<118> c<111> l<10:31> el<10:34>
                          n<> u<111> t<Expression> p<117> c<110> s<116> l<10:31> el<10:32>
                            n<> u<110> t<Primary> p<111> c<109> l<10:31> el<10:32>
                              n<> u<109> t<Primary_literal> p<110> c<108> l<10:31> el<10:32>
                                n<a> u<108> t<SIMPLE_IDENTIFIER> p<109> l<10:31> el<10:32>
                          n<> u<116> t<BinaryOp_Plus> p<117> s<115> l<10:32> el<10:33>
                          n<> u<115> t<Expression> p<117> c<114> l<10:33> el<10:34>
                            n<> u<114> t<Primary> p<115> c<113> l<10:33> el<10:34>
                              n<> u<113> t<Primary_literal> p<114> c<112> l<10:33> el<10:34>
                                n<b> u<112> t<SIMPLE_IDENTIFIER> p<113> l<10:33> el<10:34>
        n<> u<156> t<Non_port_module_item> p<312> c<155> s<194> l<11:3> el<11:35>
          n<> u<155> t<Module_or_generate_item> p<156> c<154> l<11:3> el<11:35>
            n<> u<154> t<Module_common_item> p<155> c<153> l<11:3> el<11:35>
              n<> u<153> t<Module_or_generate_item_declaration> p<154> c<152> l<11:3> el<11:35>
                n<> u<152> t<Package_or_generate_item_declaration> p<153> c<151> l<11:3> el<11:35>
                  n<> u<151> t<Net_declaration> p<152> c<126> l<11:3> el<11:35>
                    n<> u<126> t<WIRE> p<151> s<137> l<11:3> el<11:7>
                    n<> u<137> t<Data_type_or_implicit> p<151> c<136> s<150> l<11:8> el<11:14>
                      n<> u<136> t<Packed_dimension> p<137> c<135> l<11:8> el<11:14>
                        n<> u<135> t<Constant_range> p<136> c<130> l<11:9> el<11:13>
                          n<> u<130> t<Constant_expression> p<135> c<129> s<134> l<11:9> el<11:11>
                            n<> u<129> t<Constant_primary> p<130> c<128> l<11:9> el<11:11>
                              n<> u<128> t<Primary_literal> p<129> c<127> l<11:9> el<11:11>
                                n<15> u<127> t<INTEGRAL_NUMBER> p<128> l<11:9> el<11:11>
                          n<> u<134> t<Constant_expression> p<135> c<133> l<11:12> el<11:13>
                            n<> u<133> t<Constant_primary> p<134> c<132> l<11:12> el<11:13>
                              n<> u<132> t<Primary_literal> p<133> c<131> l<11:12> el<11:13>
                                n<0> u<131> t<INTEGRAL_NUMBER> p<132> l<11:12> el<11:13>
                    n<> u<150> t<Net_decl_assignment_list> p<151> c<149> l<11:21> el<11:34>
                      n<> u<149> t<Net_decl_assignment> p<150> c<138> l<11:21> el<11:34>
                        n<sub_res> u<138> t<SIMPLE_IDENTIFIER> p<149> s<148> l<11:21> el<11:28>
                        n<> u<148> t<Expression> p<149> c<142> l<11:31> el<11:34>
                          n<> u<142> t<Expression> p<148> c<141> s<147> l<11:31> el<11:32>
                            n<> u<141> t<Primary> p<142> c<140> l<11:31> el<11:32>
                              n<> u<140> t<Primary_literal> p<141> c<139> l<11:31> el<11:32>
                                n<a> u<139> t<SIMPLE_IDENTIFIER> p<140> l<11:31> el<11:32>
                          n<> u<147> t<BinaryOp_Minus> p<148> s<146> l<11:32> el<11:33>
                          n<> u<146> t<Expression> p<148> c<145> l<11:33> el<11:34>
                            n<> u<145> t<Primary> p<146> c<144> l<11:33> el<11:34>
                              n<> u<144> t<Primary_literal> p<145> c<143> l<11:33> el<11:34>
                                n<b> u<143> t<SIMPLE_IDENTIFIER> p<144> l<11:33> el<11:34>
        n<> u<194> t<Non_port_module_item> p<312> c<193> s<232> l<12:3> el<12:43>
          n<> u<193> t<Module_or_generate_item> p<194> c<192> l<12:3> el<12:43>
            n<> u<192> t<Module_common_item> p<193> c<191> l<12:3> el<12:43>
              n<> u<191> t<Module_or_generate_item_declaration> p<192> c<190> l<12:3> el<12:43>
                n<> u<190> t<Package_or_generate_item_declaration> p<191> c<189> l<12:3> el<12:43>
                  n<> u<189> t<Net_declaration> p<190> c<157> l<12:3> el<12:43>
                    n<> u<157> t<WIRE> p<189> s<168> l<12:3> el<12:7>
                    n<> u<168> t<Data_type_or_implicit> p<189> c<167> s<188> l<12:8> el<12:15>
                      n<> u<167> t<Packed_dimension> p<168> c<166> l<12:8> el<12:15>
                        n<> u<166> t<Constant_range> p<167> c<161> l<12:9> el<12:14>
                          n<> u<161> t<Constant_expression> p<166> c<160> s<165> l<12:9> el<12:11>
                            n<> u<160> t<Constant_primary> p<161> c<159> l<12:9> el<12:11>
                              n<> u<159> t<Primary_literal> p<160> c<158> l<12:9> el<12:11>
                                n<31> u<158> t<INTEGRAL_NUMBER> p<159> l<12:9> el<12:11>
                          n<> u<165> t<Constant_expression> p<166> c<164> l<12:13> el<12:14>
                            n<> u<164> t<Constant_primary> p<165> c<163> l<12:13> el<12:14>
                              n<> u<163> t<Primary_literal> p<164> c<162> l<12:13> el<12:14>
                                n<0> u<162> t<INTEGRAL_NUMBER> p<163> l<12:13> el<12:14>
                    n<> u<188> t<Net_decl_assignment_list> p<189> c<187> l<12:21> el<12:42>
                      n<> u<187> t<Net_decl_assignment> p<188> c<169> l<12:21> el<12:42>
                        n<cat1> u<169> t<SIMPLE_IDENTIFIER> p<187> s<186> l<12:21> el<12:25>
                        n<> u<186> t<Expression> p<187> c<185> l<12:28> el<12:42>
                          n<> u<185> t<Primary> p<186> c<184> l<12:28> el<12:42>
                            n<> u<184> t<Concatenation> p<185> c<173> l<12:28> el<12:42>
                              n<> u<173> t<Expression> p<184> c<172> s<183> l<12:29> el<12:36>
                                n<> u<172> t<Primary> p<173> c<171> l<12:29> el<12:36>
                                  n<> u<171> t<Primary_literal> p<172> c<170> l<12:29> el<12:36>
                                    n<add_res> u<170> t<SIMPLE_IDENTIFIER> p<171> l<12:29> el<12:36>
                              n<> u<183> t<Expression> p<184> c<177> l<12:38> el<12:41>
                                n<> u<177> t<Expression> p<183> c<176> s<182> l<12:38> el<12:39>
                                  n<> u<176> t<Primary> p<177> c<175> l<12:38> el<12:39>
                                    n<> u<175> t<Primary_literal> p<176> c<174> l<12:38> el<12:39>
                                      n<c> u<174> t<SIMPLE_IDENTIFIER> p<175> l<12:38> el<12:39>
                                n<> u<182> t<BinaryOp_Plus> p<183> s<181> l<12:39> el<12:40>
                                n<> u<181> t<Expression> p<183> c<180> l<12:40> el<12:41>
                                  n<> u<180> t<Primary> p<181> c<179> l<12:40> el<12:41>
                                    n<> u<179> t<Primary_literal> p<180> c<178> l<12:40> el<12:41>
                                      n<d> u<178> t<SIMPLE_IDENTIFIER> p<179> l<12:40> el<12:41>
        n<> u<232> t<Non_port_module_item> p<312> c<231> s<310> l<13:3> el<13:43>
          n<> u<231> t<Module_or_generate_item> p<232> c<230> l<13:3> el<13:43>
            n<> u<230> t<Module_common_item> p<231> c<229> l<13:3> el<13:43>
              n<> u<229> t<Module_or_generate_item_declaration> p<230> c<228> l<13:3> el<13:43>
                n<> u<228> t<Package_or_generate_item_declaration> p<229> c<227> l<13:3> el<13:43>
                  n<> u<227> t<Net_declaration> p<228> c<195> l<13:3> el<13:43>
                    n<> u<195> t<WIRE> p<227> s<206> l<13:3> el<13:7>
                    n<> u<206> t<Data_type_or_implicit> p<227> c<205> s<226> l<13:8> el<13:15>
                      n<> u<205> t<Packed_dimension> p<206> c<204> l<13:8> el<13:15>
                        n<> u<204> t<Constant_range> p<205> c<199> l<13:9> el<13:14>
                          n<> u<199> t<Constant_expression> p<204> c<198> s<203> l<13:9> el<13:11>
                            n<> u<198> t<Constant_primary> p<199> c<197> l<13:9> el<13:11>
                              n<> u<197> t<Primary_literal> p<198> c<196> l<13:9> el<13:11>
                                n<31> u<196> t<INTEGRAL_NUMBER> p<197> l<13:9> el<13:11>
                          n<> u<203> t<Constant_expression> p<204> c<202> l<13:13> el<13:14>
                            n<> u<202> t<Constant_primary> p<203> c<201> l<13:13> el<13:14>
                              n<> u<201> t<Primary_literal> p<202> c<200> l<13:13> el<13:14>
                                n<0> u<200> t<INTEGRAL_NUMBER> p<201> l<13:13> el<13:14>
                    n<> u<226> t<Net_decl_assignment_list> p<227> c<225> l<13:21> el<13:42>
                      n<> u<225> t<Net_decl_assignment> p<226> c<207> l<13:21> el<13:42>
                        n<cat2> u<207> t<SIMPLE_IDENTIFIER> p<225> s<224> l<13:21> el<13:25>
                        n<> u<224> t<Expression> p<225> c<223> l<13:28> el<13:42>
                          n<> u<223> t<Primary> p<224> c<222> l<13:28> el<13:42>
                            n<> u<222> t<Concatenation> p<223> c<211> l<13:28> el<13:42>
                              n<> u<211> t<Expression> p<222> c<210> s<221> l<13:29> el<13:36>
                                n<> u<210> t<Primary> p<211> c<209> l<13:29> el<13:36>
                                  n<> u<209> t<Primary_literal> p<210> c<208> l<13:29> el<13:36>
                                    n<sub_res> u<208> t<SIMPLE_IDENTIFIER> p<209> l<13:29> el<13:36>
                              n<> u<221> t<Expression> p<222> c<215> l<13:38> el<13:41>
                                n<> u<215> t<Expression> p<221> c<214> s<220> l<13:38> el<13:39>
                                  n<> u<214> t<Primary> p<215> c<213> l<13:38> el<13:39>
                                    n<> u<213> t<Primary_literal> p<214> c<212> l<13:38> el<13:39>
                                      n<c> u<212> t<SIMPLE_IDENTIFIER> p<213> l<13:38> el<13:39>
                                n<> u<220> t<BinaryOp_Minus> p<221> s<219> l<13:39> el<13:40>
                                n<> u<219> t<Expression> p<221> c<218> l<13:40> el<13:41>
                                  n<> u<218> t<Primary> p<219> c<217> l<13:40> el<13:41>
                                    n<> u<217> t<Primary_literal> p<218> c<216> l<13:40> el<13:41>
                                      n<d> u<216> t<SIMPLE_IDENTIFIER> p<217> l<13:40> el<13:41>
        n<> u<310> t<Non_port_module_item> p<312> c<309> s<311> l<15:3> el<20:6>
          n<> u<309> t<Module_or_generate_item> p<310> c<308> l<15:3> el<20:6>
            n<> u<308> t<Module_common_item> p<309> c<307> l<15:3> el<20:6>
              n<> u<307> t<Always_construct> p<308> c<233> l<15:3> el<20:6>
                n<> u<233> t<ALWAYS> p<307> s<306> l<15:3> el<15:9>
                n<> u<306> t<Statement> p<307> c<305> l<15:10> el<20:6>
                  n<> u<305> t<Statement_item> p<306> c<304> l<15:10> el<20:6>
                    n<> u<304> t<Procedural_timing_control_statement> p<305> c<235> l<15:10> el<20:6>
                      n<> u<235> t<Procedural_timing_control> p<304> c<234> s<303> l<15:10> el<15:12>
                        n<> u<234> t<Event_control> p<235> l<15:10> el<15:12>
                      n<> u<303> t<Statement_or_null> p<304> c<302> l<15:13> el<20:6>
                        n<> u<302> t<Statement> p<303> c<301> l<15:13> el<20:6>
                          n<> u<301> t<Statement_item> p<302> c<300> l<15:13> el<20:6>
                            n<> u<300> t<Seq_block> p<301> c<298> l<15:13> el<20:6>
                              n<> u<298> t<Statement_or_null> p<300> c<297> s<299> l<16:5> el<19:12>
                                n<> u<297> t<Statement> p<298> c<296> l<16:5> el<19:12>
                                  n<> u<296> t<Statement_item> p<297> c<295> l<16:5> el<19:12>
                                    n<> u<295> t<Case_statement> p<296> c<237> l<16:5> el<19:12>
                                      n<> u<237> t<Case_keyword> p<295> c<236> s<241> l<16:5> el<16:9>
                                        n<> u<236> t<CASE> p<237> l<16:5> el<16:9>
                                      n<> u<241> t<Expression> p<295> c<240> s<267> l<16:10> el<16:13>
                                        n<> u<240> t<Primary> p<241> c<239> l<16:10> el<16:13>
                                          n<> u<239> t<Primary_literal> p<240> c<238> l<16:10> el<16:13>
                                            n<sel> u<238> t<SIMPLE_IDENTIFIER> p<239> l<16:10> el<16:13>
                                      n<> u<267> t<Case_item> p<295> c<245> s<293> l<17:7> el<17:32>
                                        n<> u<245> t<Expression> p<267> c<244> s<266> l<17:7> el<17:8>
                                          n<> u<244> t<Primary> p<245> c<243> l<17:7> el<17:8>
                                            n<> u<243> t<Primary_literal> p<244> c<242> l<17:7> el<17:8>
                                              n<0> u<242> t<INTEGRAL_NUMBER> p<243> l<17:7> el<17:8>
                                        n<> u<266> t<Statement_or_null> p<267> c<265> l<17:10> el<17:32>
                                          n<> u<265> t<Statement> p<266> c<264> l<17:10> el<17:32>
                                            n<> u<264> t<Statement_item> p<265> c<263> l<17:10> el<17:32>
                                              n<> u<263> t<Blocking_assignment> p<264> c<262> l<17:10> el<17:31>
                                                n<> u<262> t<Variable_assignment> p<263> c<250> l<17:10> el<17:31>
                                                  n<> u<250> t<Variable_lvalue> p<262> c<247> s<261> l<17:10> el<17:13>
                                                    n<> u<247> t<Ps_or_hierarchical_identifier> p<250> c<246> s<249> l<17:10> el<17:13>
                                                      n<res> u<246> t<SIMPLE_IDENTIFIER> p<247> l<17:10> el<17:13>
                                                    n<> u<249> t<Select> p<250> c<248> l<17:14> el<17:14>
                                                      n<> u<248> t<Bit_select> p<249> l<17:14> el<17:14>
                                                  n<> u<261> t<Expression> p<262> c<260> l<17:16> el<17:31>
                                                    n<> u<260> t<Primary> p<261> c<259> l<17:16> el<17:31>
                                                      n<> u<259> t<Concatenation> p<260> c<254> l<17:16> el<17:31>
                                                        n<> u<254> t<Expression> p<259> c<253> s<258> l<17:17> el<17:21>
                                                          n<> u<253> t<Primary> p<254> c<252> l<17:17> el<17:21>
                                                            n<> u<252> t<Primary_literal> p<253> c<251> l<17:17> el<17:21>
                                                              n<cat1> u<251> t<SIMPLE_IDENTIFIER> p<252> l<17:17> el<17:21>
                                                        n<> u<258> t<Expression> p<259> c<257> l<17:23> el<17:30>
                                                          n<> u<257> t<Primary> p<258> c<256> l<17:23> el<17:30>
                                                            n<> u<256> t<Primary_literal> p<257> c<255> l<17:23> el<17:30>
                                                              n<add_res> u<255> t<SIMPLE_IDENTIFIER> p<256> l<17:23> el<17:30>
                                      n<> u<293> t<Case_item> p<295> c<271> s<294> l<18:7> el<18:32>
                                        n<> u<271> t<Expression> p<293> c<270> s<292> l<18:7> el<18:8>
                                          n<> u<270> t<Primary> p<271> c<269> l<18:7> el<18:8>
                                            n<> u<269> t<Primary_literal> p<270> c<268> l<18:7> el<18:8>
                                              n<1> u<268> t<INTEGRAL_NUMBER> p<269> l<18:7> el<18:8>
                                        n<> u<292> t<Statement_or_null> p<293> c<291> l<18:10> el<18:32>
                                          n<> u<291> t<Statement> p<292> c<290> l<18:10> el<18:32>
                                            n<> u<290> t<Statement_item> p<291> c<289> l<18:10> el<18:32>
                                              n<> u<289> t<Blocking_assignment> p<290> c<288> l<18:10> el<18:31>
                                                n<> u<288> t<Variable_assignment> p<289> c<276> l<18:10> el<18:31>
                                                  n<> u<276> t<Variable_lvalue> p<288> c<273> s<287> l<18:10> el<18:13>
                                                    n<> u<273> t<Ps_or_hierarchical_identifier> p<276> c<272> s<275> l<18:10> el<18:13>
                                                      n<res> u<272> t<SIMPLE_IDENTIFIER> p<273> l<18:10> el<18:13>
                                                    n<> u<275> t<Select> p<276> c<274> l<18:14> el<18:14>
                                                      n<> u<274> t<Bit_select> p<275> l<18:14> el<18:14>
                                                  n<> u<287> t<Expression> p<288> c<286> l<18:16> el<18:31>
                                                    n<> u<286> t<Primary> p<287> c<285> l<18:16> el<18:31>
                                                      n<> u<285> t<Concatenation> p<286> c<280> l<18:16> el<18:31>
                                                        n<> u<280> t<Expression> p<285> c<279> s<284> l<18:17> el<18:21>
                                                          n<> u<279> t<Primary> p<280> c<278> l<18:17> el<18:21>
                                                            n<> u<278> t<Primary_literal> p<279> c<277> l<18:17> el<18:21>
                                                              n<cat2> u<277> t<SIMPLE_IDENTIFIER> p<278> l<18:17> el<18:21>
                                                        n<> u<284> t<Expression> p<285> c<283> l<18:23> el<18:30>
                                                          n<> u<283> t<Primary> p<284> c<282> l<18:23> el<18:30>
                                                            n<> u<282> t<Primary_literal> p<283> c<281> l<18:23> el<18:30>
                                                              n<add_res> u<281> t<SIMPLE_IDENTIFIER> p<282> l<18:23> el<18:30>
                                      n<> u<294> t<ENDCASE> p<295> l<19:5> el<19:12>
                              n<> u<299> t<END> p<300> l<20:3> el<20:6>
        n<> u<311> t<ENDMODULE> p<312> l<22:1> el<22:10>
AST_DEBUG_END
[INF:CP0303] ${SURELOG_DIR}/tests/Yosys/opt/opt_share_cat_multiuser.v:1:1: Compile module "work@opt_share_test".
[INF:CM0029] Using global timescale: "1ns/1ns".
====== UHDM =======
Design name:unnamed:
  vpiName: unnamed
  vpiSourceFiles (1 items):
    SourceFile name:opt_share_cat_multiuser.v file:${SURELOG_DIR}/tests/Yosys/opt/opt_share_cat_multiuser.v:
      vpiParent: Design name:unnamed
      vpiName: opt_share_cat_multiuser.v
      vpiPreprocFile: "${SURELOG_DIR}/regression/Yosys/opt/opt_share_cat_multiuser.v/slpp_all/lib/work/opt/opt_share_cat_multiuser.v"
      vpiDefNetType: none (12)
  vpiAllModules (1 items):
    Module name:work@opt_share_test file:${SURELOG_DIR}/tests/Yosys/opt/opt_share_cat_multiuser.v start:1:1 end:22:10:
      vpiParent: Design name:unnamed
      vpiName Identifier name:work@opt_share_test start:1:8 end:1:22:
        vpiParent: Module name:work@opt_share_test
        vpiName: work@opt_share_test
      vpiFullName: work@opt_share_test
      vpiVariable (1 items):
        Variable name:res start:7:21 end:7:24:
          vpiParent: Module name:work@opt_share_test
          vpiTypespec RefTypespec start:7:3 end:7:20:
            vpiParent: Variable name:res
            vpiFullName: work@opt_share_test.res
            vpiActual: LogicTypespec
          vpiName: res
          vpiFullName: work@opt_share_test.res
          vpiNetType: none (12)
      vpiTypespec (10 items):
        LogicTypespec:
          vpiParent: Module name:work@opt_share_test
          vpiRange (1 items):
            Range start:2:9 end:2:15:
              vpiParent: LogicTypespec
              vpiLeftRange Constant start:2:10 end:2:12:
                vpiParent: Range
                vpiTypespec RefTypespec:
                  vpiParent: Constant
                  vpiFullName: work@opt_share_test
                  vpiActual: IntTypespec
                vpiConstType: unsigned int (9)
                vpiSize: 64
                vpiDecompile: "15"
                vpiValue: 15
              vpiRightRange Constant start:2:13 end:2:14:
                vpiParent: Range
                vpiTypespec RefTypespec:
                  vpiParent: Constant
                  vpiFullName: work@opt_share_test
                  vpiActual: IntTypespec
                vpiConstType: unsigned int (9)
                vpiSize: 64
                vpiDecompile: "0"
                vpiValue: 0
          vpiVector: true
        LogicTypespec:
          vpiParent: Module name:work@opt_share_test
          vpiRange (1 items):
            Range start:3:9 end:3:15:
              vpiParent: LogicTypespec
              vpiLeftRange Constant start:3:10 end:3:12:
                vpiParent: Range
                vpiTypespec RefTypespec:
                  vpiParent: Constant
                  vpiFullName: work@opt_share_test
                  vpiActual: IntTypespec
                vpiConstType: unsigned int (9)
                vpiSize: 64
                vpiDecompile: "15"
                vpiValue: 15
              vpiRightRange Constant start:3:13 end:3:14:
                vpiParent: Range
                vpiTypespec RefTypespec:
                  vpiParent: Constant
                  vpiFullName: work@opt_share_test
                  vpiActual: IntTypespec
                vpiConstType: unsigned int (9)
                vpiSize: 64
                vpiDecompile: "0"
                vpiValue: 0
          vpiVector: true
        LogicTypespec:
          vpiParent: Module name:work@opt_share_test
          vpiRange (1 items):
            Range start:4:9 end:4:15:
              vpiParent: LogicTypespec
              vpiLeftRange Constant start:4:10 end:4:12:
                vpiParent: Range
                vpiTypespec RefTypespec:
                  vpiParent: Constant
                  vpiFullName: work@opt_share_test
                  vpiActual: IntTypespec
                vpiConstType: unsigned int (9)
                vpiSize: 64
                vpiDecompile: "15"
                vpiValue: 15
              vpiRightRange Constant start:4:13 end:4:14:
                vpiParent: Range
                vpiTypespec RefTypespec:
                  vpiParent: Constant
                  vpiFullName: work@opt_share_test
                  vpiActual: IntTypespec
                vpiConstType: unsigned int (9)
                vpiSize: 64
                vpiDecompile: "0"
                vpiValue: 0
          vpiVector: true
        LogicTypespec:
          vpiParent: Module name:work@opt_share_test
          vpiRange (1 items):
            Range start:5:9 end:5:15:
              vpiParent: LogicTypespec
              vpiLeftRange Constant start:5:10 end:5:12:
                vpiParent: Range
                vpiTypespec RefTypespec:
                  vpiParent: Constant
                  vpiFullName: work@opt_share_test
                  vpiActual: IntTypespec
                vpiConstType: unsigned int (9)
                vpiSize: 64
                vpiDecompile: "15"
                vpiValue: 15
              vpiRightRange Constant start:5:13 end:5:14:
                vpiParent: Range
                vpiTypespec RefTypespec:
                  vpiParent: Constant
                  vpiFullName: work@opt_share_test
                  vpiActual: IntTypespec
                vpiConstType: unsigned int (9)
                vpiSize: 64
                vpiDecompile: "0"
                vpiValue: 0
          vpiVector: true
        LogicTypespec:
          vpiParent: Module name:work@opt_share_test
        LogicTypespec:
          vpiParent: Module name:work@opt_share_test
          vpiRange (1 items):
            Range start:7:14 end:7:20:
              vpiParent: LogicTypespec
              vpiLeftRange Constant start:7:15 end:7:17:
                vpiParent: Range
                vpiTypespec RefTypespec:
                  vpiParent: Constant
                  vpiFullName: work@opt_share_test
                  vpiActual: IntTypespec
                vpiConstType: unsigned int (9)
                vpiSize: 64
                vpiDecompile: "47"
                vpiValue: 47
              vpiRightRange Constant start:7:18 end:7:19:
                vpiParent: Range
                vpiTypespec RefTypespec:
                  vpiParent: Constant
                  vpiFullName: work@opt_share_test
                  vpiActual: IntTypespec
                vpiConstType: unsigned int (9)
                vpiSize: 64
                vpiDecompile: "0"
                vpiValue: 0
          vpiVector: true
        LogicTypespec:
          vpiParent: Module name:work@opt_share_test
          vpiRange (1 items):
            Range start:10:8 end:10:14:
              vpiParent: LogicTypespec
              vpiLeftRange Constant start:10:9 end:10:11:
                vpiParent: Range
                vpiTypespec RefTypespec:
                  vpiParent: Constant
                  vpiFullName: work@opt_share_test
                  vpiActual: IntTypespec
                vpiConstType: unsigned int (9)
                vpiSize: 64
                vpiDecompile: "15"
                vpiValue: 15
              vpiRightRange Constant start:10:12 end:10:13:
                vpiParent: Range
                vpiTypespec RefTypespec:
                  vpiParent: Constant
                  vpiFullName: work@opt_share_test
                  vpiActual: IntTypespec
                vpiConstType: unsigned int (9)
                vpiSize: 64
                vpiDecompile: "0"
                vpiValue: 0
          vpiVector: true
        LogicTypespec:
          vpiParent: Module name:work@opt_share_test
          vpiRange (1 items):
            Range start:11:8 end:11:14:
              vpiParent: LogicTypespec
              vpiLeftRange Constant start:11:9 end:11:11:
                vpiParent: Range
                vpiTypespec RefTypespec:
                  vpiParent: Constant
                  vpiFullName: work@opt_share_test
                  vpiActual: IntTypespec
                vpiConstType: unsigned int (9)
                vpiSize: 64
                vpiDecompile: "15"
                vpiValue: 15
              vpiRightRange Constant start:11:12 end:11:13:
                vpiParent: Range
                vpiTypespec RefTypespec:
                  vpiParent: Constant
                  vpiFullName: work@opt_share_test
                  vpiActual: IntTypespec
                vpiConstType: unsigned int (9)
                vpiSize: 64
                vpiDecompile: "0"
                vpiValue: 0
          vpiVector: true
        LogicTypespec:
          vpiParent: Module name:work@opt_share_test
          vpiRange (1 items):
            Range start:12:8 end:12:15:
              vpiParent: LogicTypespec
              vpiLeftRange Constant start:12:9 end:12:11:
                vpiParent: Range
                vpiTypespec RefTypespec:
                  vpiParent: Constant
                  vpiFullName: work@opt_share_test
                  vpiActual: IntTypespec
                vpiConstType: unsigned int (9)
                vpiSize: 64
                vpiDecompile: "31"
                vpiValue: 31
              vpiRightRange Constant start:12:13 end:12:14:
                vpiParent: Range
                vpiTypespec RefTypespec:
                  vpiParent: Constant
                  vpiFullName: work@opt_share_test
                  vpiActual: IntTypespec
                vpiConstType: unsigned int (9)
                vpiSize: 64
                vpiDecompile: "0"
                vpiValue: 0
          vpiVector: true
        LogicTypespec:
          vpiParent: Module name:work@opt_share_test
          vpiRange (1 items):
            Range start:13:8 end:13:15:
              vpiParent: LogicTypespec
              vpiLeftRange Constant start:13:9 end:13:11:
                vpiParent: Range
                vpiTypespec RefTypespec:
                  vpiParent: Constant
                  vpiFullName: work@opt_share_test
                  vpiActual: IntTypespec
                vpiConstType: unsigned int (9)
                vpiSize: 64
                vpiDecompile: "31"
                vpiValue: 31
              vpiRightRange Constant start:13:13 end:13:14:
                vpiParent: Range
                vpiTypespec RefTypespec:
                  vpiParent: Constant
                  vpiFullName: work@opt_share_test
                  vpiActual: IntTypespec
                vpiConstType: unsigned int (9)
                vpiSize: 64
                vpiDecompile: "0"
                vpiValue: 0
          vpiVector: true
      vpiDefName: work@opt_share_test
      vpiDefNetType: none (12)
      vpiNet (9 items):
        Net name:a start:2:21 end:2:22:
          vpiParent: Module name:work@opt_share_test
          vpiTypespec RefTypespec start:2:3 end:2:15:
            vpiParent: Net name:a
            vpiFullName: work@opt_share_test.a
            vpiActual: LogicTypespec
          vpiName: a
          vpiFullName: work@opt_share_test.a
          vpiNetType: wire (1)
        Net name:b start:3:21 end:3:22:
          vpiParent: Module name:work@opt_share_test
          vpiTypespec RefTypespec start:3:3 end:3:15:
            vpiParent: Net name:b
            vpiFullName: work@opt_share_test.b
            vpiActual: LogicTypespec
          vpiName: b
          vpiFullName: work@opt_share_test.b
          vpiNetType: wire (1)
        Net name:c start:4:21 end:4:22:
          vpiParent: Module name:work@opt_share_test
          vpiTypespec RefTypespec start:4:3 end:4:15:
            vpiParent: Net name:c
            vpiFullName: work@opt_share_test.c
            vpiActual: LogicTypespec
          vpiName: c
          vpiFullName: work@opt_share_test.c
          vpiNetType: wire (1)
        Net name:d start:5:21 end:5:22:
          vpiParent: Module name:work@opt_share_test
          vpiTypespec RefTypespec start:5:3 end:5:15:
            vpiParent: Net name:d
            vpiFullName: work@opt_share_test.d
            vpiActual: LogicTypespec
          vpiName: d
          vpiFullName: work@opt_share_test.d
          vpiNetType: wire (1)
        Net name:sel start:6:21 end:6:24:
          vpiParent: Module name:work@opt_share_test
          vpiTypespec RefTypespec start:6:3 end:6:8:
            vpiParent: Net name:sel
            vpiFullName: work@opt_share_test.sel
            vpiActual: LogicTypespec
          vpiName: sel
          vpiFullName: work@opt_share_test.sel
          vpiNetType: wire (1)
        Net name:add_res start:10:21 end:10:28:
          vpiParent: Module name:work@opt_share_test
          vpiTypespec RefTypespec start:10:8 end:10:14:
            vpiParent: Net name:add_res
            vpiFullName: work@opt_share_test.add_res
            vpiActual: LogicTypespec
          vpiName: add_res
          vpiFullName: work@opt_share_test.add_res
          vpiNetType: wire (1)
          vpiValue Operation start:10:31 end:10:34:
            vpiParent: Net name:add_res
            vpiOpType: add (24)
            vpiOperand (2 items):
              RefObj name:a start:10:31 end:10:32:
                vpiParent: Operation
                vpiName: a
                vpiFullName: work@opt_share_test.add_res.a
                vpiActual: Net name:a
              RefObj name:b start:10:33 end:10:34:
                vpiParent: Operation
                vpiName: b
                vpiFullName: work@opt_share_test.add_res.b
                vpiActual: Net name:b
        Net name:sub_res start:11:21 end:11:28:
          vpiParent: Module name:work@opt_share_test
          vpiTypespec RefTypespec start:11:8 end:11:14:
            vpiParent: Net name:sub_res
            vpiFullName: work@opt_share_test.sub_res
            vpiActual: LogicTypespec
          vpiName: sub_res
          vpiFullName: work@opt_share_test.sub_res
          vpiNetType: wire (1)
          vpiValue Operation start:11:31 end:11:34:
            vpiParent: Net name:sub_res
            vpiOpType: subtract (11)
            vpiOperand (2 items):
              RefObj name:a start:11:31 end:11:32:
                vpiParent: Operation
                vpiName: a
                vpiFullName: work@opt_share_test.sub_res.a
                vpiActual: Net name:a
              RefObj name:b start:11:33 end:11:34:
                vpiParent: Operation
                vpiName: b
                vpiFullName: work@opt_share_test.sub_res.b
                vpiActual: Net name:b
        Net name:cat1 start:12:21 end:12:25:
          vpiParent: Module name:work@opt_share_test
          vpiTypespec RefTypespec start:12:8 end:12:15:
            vpiParent: Net name:cat1
            vpiFullName: work@opt_share_test.cat1
            vpiActual: LogicTypespec
          vpiName: cat1
          vpiFullName: work@opt_share_test.cat1
          vpiNetType: wire (1)
          vpiValue Operation start:12:28 end:12:42:
            vpiParent: Net name:cat1
            vpiOpType: concatenation (33)
            vpiOperand (2 items):
              RefObj name:add_res start:12:29 end:12:36:
                vpiParent: Operation
                vpiName: add_res
                vpiFullName: work@opt_share_test.cat1.add_res
                vpiActual: Net name:add_res
              Operation start:12:38 end:12:41:
                vpiParent: Operation
                vpiOpType: add (24)
                vpiOperand (2 items):
                  RefObj name:c start:12:38 end:12:39:
                    vpiParent: Operation
                    vpiName: c
                    vpiFullName: work@opt_share_test.cat1.c
                    vpiActual: Net name:c
                  RefObj name:d start:12:40 end:12:41:
                    vpiParent: Operation
                    vpiName: d
                    vpiFullName: work@opt_share_test.cat1.d
                    vpiActual: Net name:d
        Net name:cat2 start:13:21 end:13:25:
          vpiParent: Module name:work@opt_share_test
          vpiTypespec RefTypespec start:13:8 end:13:15:
            vpiParent: Net name:cat2
            vpiFullName: work@opt_share_test.cat2
            vpiActual: LogicTypespec
          vpiName: cat2
          vpiFullName: work@opt_share_test.cat2
          vpiNetType: wire (1)
          vpiValue Operation start:13:28 end:13:42:
            vpiParent: Net name:cat2
            vpiOpType: concatenation (33)
            vpiOperand (2 items):
              RefObj name:sub_res start:13:29 end:13:36:
                vpiParent: Operation
                vpiName: sub_res
                vpiFullName: work@opt_share_test.cat2.sub_res
                vpiActual: Net name:sub_res
              Operation start:13:38 end:13:41:
                vpiParent: Operation
                vpiOpType: subtract (11)
                vpiOperand (2 items):
                  RefObj name:c start:13:38 end:13:39:
                    vpiParent: Operation
                    vpiName: c
                    vpiFullName: work@opt_share_test.cat2.c
                    vpiActual: Net name:c
                  RefObj name:d start:13:40 end:13:41:
                    vpiParent: Operation
                    vpiName: d
                    vpiFullName: work@opt_share_test.cat2.d
                    vpiActual: Net name:d
      vpiPort (6 items):
        Port name:a start:2:21 end:2:22:
          vpiParent: Module name:work@opt_share_test
          vpiName: a
          vpiDirection: input (1)
          vpiLowConn RefObj start:2:21 end:2:22:
            vpiParent: Port name:a
            vpiFullName: work@opt_share_test.a
            vpiActual: Net name:a
          vpiTypespec RefTypespec start:2:3 end:2:15:
            vpiParent: Port name:a
            vpiFullName: work@opt_share_test.a
            vpiActual: LogicTypespec
        Port name:b start:3:21 end:3:22:
          vpiParent: Module name:work@opt_share_test
          vpiName: b
          vpiDirection: input (1)
          vpiLowConn RefObj start:3:21 end:3:22:
            vpiParent: Port name:b
            vpiFullName: work@opt_share_test.b
            vpiActual: Net name:b
          vpiTypespec RefTypespec start:3:3 end:3:15:
            vpiParent: Port name:b
            vpiFullName: work@opt_share_test.b
            vpiActual: LogicTypespec
        Port name:c start:4:21 end:4:22:
          vpiParent: Module name:work@opt_share_test
          vpiName: c
          vpiDirection: input (1)
          vpiLowConn RefObj start:4:21 end:4:22:
            vpiParent: Port name:c
            vpiFullName: work@opt_share_test.c
            vpiActual: Net name:c
          vpiTypespec RefTypespec start:4:3 end:4:15:
            vpiParent: Port name:c
            vpiFullName: work@opt_share_test.c
            vpiActual: LogicTypespec
        Port name:d start:5:21 end:5:22:
          vpiParent: Module name:work@opt_share_test
          vpiName: d
          vpiDirection: input (1)
          vpiLowConn RefObj start:5:21 end:5:22:
            vpiParent: Port name:d
            vpiFullName: work@opt_share_test.d
            vpiActual: Net name:d
          vpiTypespec RefTypespec start:5:3 end:5:15:
            vpiParent: Port name:d
            vpiFullName: work@opt_share_test.d
            vpiActual: LogicTypespec
        Port name:sel start:6:21 end:6:24:
          vpiParent: Module name:work@opt_share_test
          vpiName: sel
          vpiDirection: input (1)
          vpiLowConn RefObj start:6:21 end:6:24:
            vpiParent: Port name:sel
            vpiFullName: work@opt_share_test.sel
            vpiActual: Net name:sel
          vpiTypespec RefTypespec start:6:3 end:6:8:
            vpiParent: Port name:sel
            vpiFullName: work@opt_share_test.sel
            vpiActual: LogicTypespec
        Port name:res start:7:21 end:7:24:
          vpiParent: Module name:work@opt_share_test
          vpiName: res
          vpiDirection: output (2)
          vpiLowConn RefObj start:7:21 end:7:24:
            vpiParent: Port name:res
            vpiFullName: work@opt_share_test.res
            vpiActual: Variable name:res
          vpiTypespec RefTypespec start:7:3 end:7:20:
            vpiParent: Port name:res
            vpiFullName: work@opt_share_test.res
            vpiActual: LogicTypespec
      vpiProcess (1 items):
        Always start:15:3 end:20:6:
          vpiParent: Module name:work@opt_share_test
          vpiStmt EventControl start:15:10 end:20:6:
            vpiParent: Always
            vpiStmt Begin start:15:13 end:20:6:
              vpiParent: EventControl
              vpiFullName: work@opt_share_test
              vpiStmt (1 items):
                CaseStmt start:16:5 end:19:12:
                  vpiParent: Begin
                  vpiCaseType: exact (1)
                  vpiCondition RefObj name:sel start:16:10 end:16:13:
                    vpiParent: CaseStmt
                    vpiName: sel
                    vpiFullName: work@opt_share_test.sel
                    vpiActual: Net name:sel
                  vpiCaseItem (2 items):
                    CaseItem start:17:7 end:17:32:
                      vpiParent: CaseStmt
                      vpiExpr (1 items):
                        Constant start:17:7 end:17:8:
                          vpiParent: CaseItem
                          vpiTypespec RefTypespec:
                            vpiParent: Constant
                            vpiFullName: work@opt_share_test
                            vpiActual: IntTypespec
                          vpiConstType: unsigned int (9)
                          vpiSize: 64
                          vpiDecompile: "0"
                          vpiValue: 0
                      vpiStmt Assignment start:17:10 end:17:31:
                        vpiParent: CaseItem
                        vpiBlocking: true
                        vpiLhs RefObj name:res start:17:10 end:17:13:
                          vpiParent: Assignment
                          vpiName: res
                          vpiFullName: work@opt_share_test.res
                          vpiActual: Variable name:res
                        vpiRhs Operation start:17:16 end:17:31:
                          vpiParent: Assignment
                          vpiOpType: concatenation (33)
                          vpiOperand (2 items):
                            RefObj name:cat1 start:17:17 end:17:21:
                              vpiParent: Operation
                              vpiName: cat1
                              vpiFullName: work@opt_share_test.cat1
                              vpiActual: Net name:cat1
                            RefObj name:add_res start:17:23 end:17:30:
                              vpiParent: Operation
                              vpiName: add_res
                              vpiFullName: work@opt_share_test.add_res
                              vpiActual: Net name:add_res
                    CaseItem start:18:7 end:18:32:
                      vpiParent: CaseStmt
                      vpiExpr (1 items):
                        Constant start:18:7 end:18:8:
                          vpiParent: CaseItem
                          vpiTypespec RefTypespec:
                            vpiParent: Constant
                            vpiFullName: work@opt_share_test
                            vpiActual: IntTypespec
                          vpiConstType: unsigned int (9)
                          vpiSize: 64
                          vpiDecompile: "1"
                          vpiValue: 1
                      vpiStmt Assignment start:18:10 end:18:31:
                        vpiParent: CaseItem
                        vpiBlocking: true
                        vpiLhs RefObj name:res start:18:10 end:18:13:
                          vpiParent: Assignment
                          vpiName: res
                          vpiFullName: work@opt_share_test.res
                          vpiActual: Variable name:res
                        vpiRhs Operation start:18:16 end:18:31:
                          vpiParent: Assignment
                          vpiOpType: concatenation (33)
                          vpiOperand (2 items):
                            RefObj name:cat2 start:18:17 end:18:21:
                              vpiParent: Operation
                              vpiName: cat2
                              vpiFullName: work@opt_share_test.cat2
                              vpiActual: Net name:cat2
                            RefObj name:add_res start:18:23 end:18:30:
                              vpiParent: Operation
                              vpiName: add_res
                              vpiFullName: work@opt_share_test.add_res
                              vpiActual: Net name:add_res
          vpiAlwaysType: always (1)
  vpiTypespec (2 items):
    ModuleTypespec name:work@opt_share_test:
      vpiParent: Design name:unnamed
      vpiName Identifier name:work@opt_share_test start:1:8 end:1:22:
        vpiParent: ModuleTypespec name:work@opt_share_test
        vpiName: work@opt_share_test
      vpiModule: Module name:work@opt_share_test
    IntTypespec:
      vpiParent: Design name:unnamed
      vpiSigned: true
===================

[  FATAL] : 0
[ SYNTAX] : 0
[  ERROR] : 0
[WARNING] : 0
[   NOTE] : 0

#**#**#**#**#**#**#**#**#**#**#**#**#**#**#**#**#**#**#**#**#**#**#**#**#**#**#**#**#**#**#**#**#**#**#**#**#**#**#**#**

Environment:
    test-name: Yosys/opt/opt_share_cat_multiuser.v
 test-dirpath: ${SURELOG_DIR}/regression/Yosys/opt/opt_share_cat_multiuser.v
 slpp_dirpath: ${SURELOG_DIR}/regression/Yosys/opt/opt_share_cat_multiuser.v/slpp_all
uhdm-filepath: ${SURELOG_DIR}/regression/Yosys/opt/opt_share_cat_multiuser.v/slpp_all/surelog.uhdm


{'result': {'coverage': 100.0,
            'error_count': 0,
            'file_count': 1,
            'files': {PosixPath('${SURELOG_DIR}/regression/Yosys/opt/opt_share_cat_multiuser.v/slpp_all/lib/work/opt/opt_share_cat_multiuser.v'): {'post_len': 0,
                                                                                                                                                                        'pre_len': 384}},
            'post_len': 0,
            'pre_len': 384,
            'test_name': 'Yosys/opt/opt_share_cat_multiuser.v'}}

+-------------------------------------------------+----------+-----------+
| INPUT                                           |   PRELEN |   POSTLEN |
+=================================================+==========+===========+
| slpp_all/lib/work/opt/opt_share_cat_multiuser.v |      384 |         0 |
+=================================================+==========+===========+
|                                                 |      384 |         0 |
+-------------------------------------------------+----------+-----------+

[   ERROR] : 0
[COVERAGE] : 100.0


#**#**#**#**#**#**#**#**#**#**#**#**#**#**#**#**#**#**#**#**#**#**#**#**#**#**#**#**#**#**#**#**#**#**#**#**#**#**#**#**

COMMAND: ${SURELOG_DIR}/regression/Yosys/opt/opt_share_cat_multiuser.v/slpp_all/surelog.uhdm ${SURELOG_DIR}/regression/Yosys/opt/opt_share_cat_multiuser.v/slpp_all/reduced.uhdm

==================== BEGIN REDUCTION RESULT ====================
Name                            Before   After   Added   Removed
----------------------------------------------------------------
----------------------------------------------------------------
Others                             137     137       0         0
----------------------------------------------------------------
                                   137     137       0         0
===================== END REDUCTION RESULT =====================
