********************************************************************************
*                   Begin HLC SystemVerilog Compiler/Linter                    *
********************************************************************************
Copyright (c) 2020 Apotell,
http://www.apache.org/licenses/LICENSE-2.0
VERSION: 1.84
COMMAND: -wd ../../../../../tests/Sky130Cell -DUNIT_DELAY -writepp -nobuiltin -timescale=1ns/1ns -d ast -d db cells/cells/sky130_fd_sc_hd__dfrtp.functional.v -mt 0 -mp 0 -d dbstats -d cache -d db -nostdout -o ${HLC_DIR}/regression/Sky130Cell/cells/cells/sky130_fd_sc_hd__dfrtp.functional
[INF:CM0023] Creating log file "$Output/hlc.log".
[INF:PP0122] Preprocessing source file "$Source01/cells/cells/sky130_fd_sc_hd__dfrtp.functional.v".
[INF:PA0201] Parsing source file "$Source01/cells/cells/sky130_fd_sc_hd__dfrtp.functional.v".
AST_DEBUG_BEGIN
Count: 400
LIB: work
FILE: f<14>:$Source01/cells/cells/sky130_fd_sc_hd__dfrtp.functional.v
INCL f<74>: $Source01/models/udp_dff_pr/sky130_fd_sc_hd__udp_dff_pr.v
n<$Source01/cells/cells/sky130_fd_sc_hd__dfrtp.functional.v> u<399> t<Top_level_rule> c<1> l<29:1> el<62:41>
  n<> u<1> t<Null_rule> p<399> s<2> l<29:1> el<29:1>
  n</*\n * Copyright 2020 The SkyWater PDK Authors\n *\n * Licensed under the Apache License, Version 2.0 (the "License");\n * you may not use this file except in compliance with the License.\n * You may obtain a copy of the License at\n *\n *     https://www.apache.org/licenses/LICENSE-2.0\n *\n * Unless required by applicable law or agreed to in writing, software\n * distributed under the License is distributed on an "AS IS" BASIS,\n * WITHOUT WARRANTIES OR CONDITIONS OF ANY KIND, either express or implied.\n * See the License for the specific language governing permissions and\n * limitations under the License.\n *\n * SPDX-License-Identifier: Apache-2.0\n*/> u<2> t<BLOCK_COMMENT> p<399> s<3> l<29:1> el<61:22>
  n</**\n * dfrtp: Delay flop, inverted reset, single output.\n *\n * Verilog simulation functional model.\n */> u<3> t<BLOCK_COMMENT> p<399> s<397> l<29:1> el<61:22>
  n<> u<397> t<Source_text> p<399> c<12> s<398> l<29:1> el<61:22>
    n<> u<12> t<Description> p<397> c<11> s<16> l<29:1> el<29:21>
      n<> u<11> t<Top_directives> p<12> c<10> l<29:1> el<29:21>
        n<> u<10> t<Timescale_directive> p<11> c<6> l<29:1> el<29:21>
          n<1ns> u<6> t<Time_literal> p<10> c<4> s<9> l<29:12> el<29:15>
            n<1> u<4> t<INTEGRAL_NUMBER> p<6> s<5> l<29:12> el<29:13>
            n<ns> u<5> t<SIMPLE_IDENTIFIER> p<6> l<29:13> el<29:15>
          n<1ps> u<9> t<Time_literal> p<10> c<7> l<29:18> el<29:21>
            n<1> u<7> t<INTEGRAL_NUMBER> p<9> s<8> l<29:18> el<29:19>
            n<ps> u<8> t<SIMPLE_IDENTIFIER> p<9> l<29:19> el<29:21>
    n<> u<16> t<Description> p<397> c<15> s<17> l<30:1> el<30:22>
      n<> u<15> t<Top_directives> p<16> c<14> l<30:1> el<30:22>
        n<> u<14> t<Default_nettype_directive> p<15> c<13> l<30:1> el<30:22>
          n<none> u<13> t<SIMPLE_IDENTIFIER> p<14> l<30:18> el<30:22>
    n<// Import user defined primitives.> u<17> t<LINE_COMMENT> p<397> s<18> l<32:1> el<32:35>
    n</**\n * Copyright 2020 The SkyWater PDK Authors\n *\n * Licensed under the Apache License, Version 2.0 (the "License");\n * you may not use this file except in compliance with the License.\n * You may obtain a copy of the License at\n *\n *     https://www.apache.org/licenses/LICENSE-2.0\n *\n * Unless required by applicable law or agreed to in writing, software\n * distributed under the License is distributed on an "AS IS" BASIS,\n * WITHOUT WARRANTIES OR CONDITIONS OF ANY KIND, either express or implied.\n * See the License for the specific language governing permissions and\n * limitations under the License.\n *\n * SPDX-License-Identifier: Apache-2.0\n */> u<18> t<BLOCK_COMMENT> p<397> s<19> f<74> l<30:1> el<30:21>
    n</**\n * udp_dff$PR: Positive edge triggered D flip-flop with active high\n *\n * Verilog primitive definition.\n *\n * WARNING: This file is autogenerated, do not modify directly!\n */> u<19> t<BLOCK_COMMENT> p<397> s<28> f<74> l<30:1> el<30:21>
    n<> u<28> t<Description> p<397> c<27> s<32> f<74> l<30:1> el<30:21>
      n<> u<27> t<Top_directives> p<28> c<26> f<74> l<30:1> el<30:21>
        n<> u<26> t<Timescale_directive> p<27> c<22> f<74> l<30:1> el<30:21>
          n<1ns> u<22> t<Time_literal> p<26> c<20> s<25> f<74> l<30:12> el<30:15>
            n<1> u<20> t<INTEGRAL_NUMBER> p<22> s<21> f<74> l<30:12> el<30:13>
            n<ns> u<21> t<SIMPLE_IDENTIFIER> p<22> f<74> l<30:13> el<30:15>
          n<1ps> u<25> t<Time_literal> p<26> c<23> f<74> l<30:18> el<30:21>
            n<1> u<23> t<INTEGRAL_NUMBER> p<25> s<24> f<74> l<30:18> el<30:19>
            n<ps> u<24> t<SIMPLE_IDENTIFIER> p<25> f<74> l<30:19> el<30:21>
    n<> u<32> t<Description> p<397> c<31> s<236> f<74> l<31:1> el<31:22>
      n<> u<31> t<Top_directives> p<32> c<30> f<74> l<31:1> el<31:22>
        n<> u<30> t<Default_nettype_directive> p<31> c<29> f<74> l<31:1> el<31:22>
          n<none> u<29> t<SIMPLE_IDENTIFIER> p<30> f<74> l<31:18> el<31:22>
    n<> u<236> t<Description> p<397> c<235> s<240> f<74> l<36:1> el<64:13>
      n<> u<235> t<Udp_declaration> p<236> c<40> f<74> l<36:1> el<64:13>
        n<> u<40> t<Udp_nonansi_declaration> p<235> c<33> s<43> f<74> l<36:1> el<41:3>
          n<> u<33> t<PRIMITIVE> p<40> s<34> f<74> l<36:1> el<36:10>
          n<sky130_fd_sc_hd__udp_dff$PR> u<34> t<SIMPLE_IDENTIFIER> p<40> s<39> f<74> l<36:11> el<36:38>
          n<> u<39> t<Udp_port_list> p<40> c<35> f<74> l<37:5> el<40:10>
            n<Q> u<35> t<SIMPLE_IDENTIFIER> p<39> s<36> f<74> l<37:5> el<37:6>
            n<D> u<36> t<SIMPLE_IDENTIFIER> p<39> s<37> f<74> l<38:5> el<38:6>
            n<CLK> u<37> t<SIMPLE_IDENTIFIER> p<39> s<38> f<74> l<39:5> el<39:8>
            n<RESET> u<38> t<SIMPLE_IDENTIFIER> p<39> f<74> l<40:5> el<40:10>
        n<> u<43> t<Udp_port_declaration> p<235> c<42> s<47> f<74> l<43:5> el<43:18>
          n<> u<42> t<Udp_output_declaration> p<43> c<41> f<74> l<43:5> el<43:13>
            n<Q> u<41> t<SIMPLE_IDENTIFIER> p<42> f<74> l<43:12> el<43:13>
        n<> u<47> t<Udp_port_declaration> p<235> c<46> s<51> f<74> l<44:5> el<44:18>
          n<> u<46> t<Udp_input_declaration> p<47> c<45> f<74> l<44:5> el<44:13>
            n<> u<45> t<Identifier_list> p<46> c<44> f<74> l<44:12> el<44:13>
              n<D> u<44> t<SIMPLE_IDENTIFIER> p<45> f<74> l<44:12> el<44:13>
        n<> u<51> t<Udp_port_declaration> p<235> c<50> s<55> f<74> l<45:5> el<45:18>
          n<> u<50> t<Udp_input_declaration> p<51> c<49> f<74> l<45:5> el<45:15>
            n<> u<49> t<Identifier_list> p<50> c<48> f<74> l<45:12> el<45:15>
              n<CLK> u<48> t<SIMPLE_IDENTIFIER> p<49> f<74> l<45:12> el<45:15>
        n<> u<55> t<Udp_port_declaration> p<235> c<54> s<58> f<74> l<46:5> el<46:18>
          n<> u<54> t<Udp_input_declaration> p<55> c<53> f<74> l<46:5> el<46:17>
            n<> u<53> t<Identifier_list> p<54> c<52> f<74> l<46:12> el<46:17>
              n<RESET> u<52> t<SIMPLE_IDENTIFIER> p<53> f<74> l<46:12> el<46:17>
        n<> u<58> t<Udp_port_declaration> p<235> c<57> s<233> f<74> l<48:5> el<48:11>
          n<> u<57> t<Udp_reg_declaration> p<58> c<56> f<74> l<48:5> el<48:10>
            n<Q> u<56> t<SIMPLE_IDENTIFIER> p<57> f<74> l<48:9> el<48:10>
        n<> u<233> t<Udp_body> p<235> c<59> s<234> f<74> l<50:5> el<63:13>
          n<//  D  CLK  RESET :  Qt : Qt+1> u<59> t<LINE_COMMENT> p<233> s<232> f<74> l<51:6> el<51:36>
          n<> u<232> t<Sequential_body> p<233> c<72> f<74> l<50:5> el<63:13>
            n<> u<72> t<Sequential_entry> p<232> c<68> s<73> f<74> l<52:10> el<52:39>
              n<> u<68> t<Seq_input_list> p<72> c<67> s<70> f<74> l<52:10> el<52:21>
                n<> u<67> t<Edge_input_list> p<68> c<62> f<74> l<52:10> el<52:21>
                  n<> u<62> t<Edge_indicator> p<67> c<61> s<64> f<74> l<52:10> el<52:11>
                    n<> u<61> t<Edge_symbol> p<62> c<60> f<74> l<52:10> el<52:11>
                      n<> u<60> t<BinaryOp_Mult> p<61> f<74> l<52:10> el<52:11>
                  n<> u<64> t<Level_symbol> p<67> c<63> s<66> f<74> l<52:14> el<52:15>
                    n<b> u<63> t<SIMPLE_IDENTIFIER> p<64> f<74> l<52:14> el<52:15>
                  n<> u<66> t<Level_symbol> p<67> c<65> f<74> l<52:20> el<52:21>
                    n<0> u<65> t<INTEGRAL_NUMBER> p<66> f<74> l<52:20> el<52:21>
              n<> u<70> t<Level_symbol> p<72> c<69> s<71> f<74> l<52:27> el<52:28>
                n<> u<69> t<QMARK> p<70> f<74> l<52:27> el<52:28>
              n<> u<71> t<Next_state> p<72> f<74> l<52:33> el<52:34>
            n<// data event, hold unless CP==x> u<73> t<LINE_COMMENT> p<232> s<88> f<74> l<52:40> el<52:72>
            n<> u<88> t<Sequential_entry> p<232> c<84> s<89> f<74> l<53:10> el<53:39>
              n<> u<84> t<Seq_input_list> p<88> c<83> s<86> f<74> l<53:10> el<53:21>
                n<> u<83> t<Edge_input_list> p<84> c<75> f<74> l<53:10> el<53:21>
                  n<> u<75> t<Level_symbol> p<83> c<74> s<80> f<74> l<53:10> el<53:11>
                    n<> u<74> t<QMARK> p<75> f<74> l<53:10> el<53:11>
                  n<> u<80> t<Edge_indicator> p<83> c<77> s<82> f<74> l<53:13> el<53:17>
                    n<> u<77> t<Level_symbol> p<80> c<76> s<79> f<74> l<53:14> el<53:15>
                      n<> u<76> t<QMARK> p<77> f<74> l<53:14> el<53:15>
                    n<> u<79> t<Level_symbol> p<80> c<78> f<74> l<53:15> el<53:16>
                      n<0> u<78> t<INTEGRAL_NUMBER> p<79> f<74> l<53:15> el<53:16>
                  n<> u<82> t<Level_symbol> p<83> c<81> f<74> l<53:20> el<53:21>
                    n<0> u<81> t<INTEGRAL_NUMBER> p<82> f<74> l<53:20> el<53:21>
              n<> u<86> t<Level_symbol> p<88> c<85> s<87> f<74> l<53:27> el<53:28>
                n<> u<85> t<QMARK> p<86> f<74> l<53:27> el<53:28>
              n<> u<87> t<Next_state> p<88> f<74> l<53:33> el<53:34>
            n<// CP => 0, hold> u<89> t<LINE_COMMENT> p<232> s<104> f<74> l<53:40> el<53:56>
            n<> u<104> t<Sequential_entry> p<232> c<100> s<105> f<74> l<54:10> el<54:39>
              n<> u<100> t<Seq_input_list> p<104> c<99> s<102> f<74> l<54:10> el<54:23>
                n<> u<99> t<Edge_input_list> p<100> c<91> f<74> l<54:10> el<54:23>
                  n<> u<91> t<Level_symbol> p<99> c<90> s<93> f<74> l<54:10> el<54:11>
                    n<> u<90> t<QMARK> p<91> f<74> l<54:10> el<54:11>
                  n<> u<93> t<Level_symbol> p<99> c<92> s<98> f<74> l<54:14> el<54:15>
                    n<b> u<92> t<SIMPLE_IDENTIFIER> p<93> f<74> l<54:14> el<54:15>
                  n<> u<98> t<Edge_indicator> p<99> c<95> f<74> l<54:19> el<54:23>
                    n<> u<95> t<Level_symbol> p<98> c<94> s<97> f<74> l<54:20> el<54:21>
                      n<> u<94> t<QMARK> p<95> f<74> l<54:20> el<54:21>
                    n<> u<97> t<Level_symbol> p<98> c<96> f<74> l<54:21> el<54:22>
                      n<0> u<96> t<INTEGRAL_NUMBER> p<97> f<74> l<54:21> el<54:22>
              n<> u<102> t<Level_symbol> p<104> c<101> s<103> f<74> l<54:27> el<54:28>
                n<> u<101> t<QMARK> p<102> f<74> l<54:27> el<54:28>
              n<> u<103> t<Next_state> p<104> f<74> l<54:33> el<54:34>
            n<// R => 0, hold unless CP==x> u<105> t<LINE_COMMENT> p<232> s<119> f<74> l<54:40> el<54:68>
            n<> u<119> t<Sequential_entry> p<232> c<113> s<120> f<74> l<55:10> el<55:39>
              n<> u<113> t<Seq_input_list> p<119> c<112> s<115> f<74> l<55:10> el<55:21>
                n<> u<112> t<Level_input_list> p<113> c<107> f<74> l<55:10> el<55:21>
                  n<> u<107> t<Level_symbol> p<112> c<106> s<109> f<74> l<55:10> el<55:11>
                    n<> u<106> t<QMARK> p<107> f<74> l<55:10> el<55:11>
                  n<> u<109> t<Level_symbol> p<112> c<108> s<111> f<74> l<55:14> el<55:15>
                    n<> u<108> t<QMARK> p<109> f<74> l<55:14> el<55:15>
                  n<> u<111> t<Level_symbol> p<112> c<110> f<74> l<55:20> el<55:21>
                    n<1> u<110> t<INTEGRAL_NUMBER> p<111> f<74> l<55:20> el<55:21>
              n<> u<115> t<Level_symbol> p<119> c<114> s<118> f<74> l<55:27> el<55:28>
                n<> u<114> t<QMARK> p<115> f<74> l<55:27> el<55:28>
              n<> u<118> t<Next_state> p<119> c<117> f<74> l<55:33> el<55:34>
                n<> u<117> t<Output_symbol> p<118> c<116> f<74> l<55:33> el<55:34>
                  n<0> u<116> t<INTEGRAL_NUMBER> p<117> f<74> l<55:33> el<55:34>
            n<// async reset> u<120> t<LINE_COMMENT> p<232> s<134> f<74> l<55:40> el<55:54>
            n<> u<134> t<Sequential_entry> p<232> c<128> s<135> f<74> l<56:10> el<56:39>
              n<> u<128> t<Seq_input_list> p<134> c<127> s<130> f<74> l<56:10> el<56:21>
                n<> u<127> t<Level_input_list> p<128> c<122> f<74> l<56:10> el<56:21>
                  n<> u<122> t<Level_symbol> p<127> c<121> s<124> f<74> l<56:10> el<56:11>
                    n<0> u<121> t<INTEGRAL_NUMBER> p<122> f<74> l<56:10> el<56:11>
                  n<> u<124> t<Level_symbol> p<127> c<123> s<126> f<74> l<56:14> el<56:15>
                    n<r> u<123> t<SIMPLE_IDENTIFIER> p<124> f<74> l<56:14> el<56:15>
                  n<> u<126> t<Level_symbol> p<127> c<125> f<74> l<56:20> el<56:21>
                    n<> u<125> t<QMARK> p<126> f<74> l<56:20> el<56:21>
              n<> u<130> t<Level_symbol> p<134> c<129> s<133> f<74> l<56:27> el<56:28>
                n<> u<129> t<QMARK> p<130> f<74> l<56:27> el<56:28>
              n<> u<133> t<Next_state> p<134> c<132> f<74> l<56:33> el<56:34>
                n<> u<132> t<Output_symbol> p<133> c<131> f<74> l<56:33> el<56:34>
                  n<0> u<131> t<INTEGRAL_NUMBER> p<132> f<74> l<56:33> el<56:34>
            n<// clock data on CP> u<135> t<LINE_COMMENT> p<232> s<149> f<74> l<56:40> el<56:59>
            n<> u<149> t<Sequential_entry> p<232> c<143> s<150> f<74> l<57:10> el<57:39>
              n<> u<143> t<Seq_input_list> p<149> c<142> s<145> f<74> l<57:10> el<57:21>
                n<> u<142> t<Level_input_list> p<143> c<137> f<74> l<57:10> el<57:21>
                  n<> u<137> t<Level_symbol> p<142> c<136> s<139> f<74> l<57:10> el<57:11>
                    n<1> u<136> t<INTEGRAL_NUMBER> p<137> f<74> l<57:10> el<57:11>
                  n<> u<139> t<Level_symbol> p<142> c<138> s<141> f<74> l<57:14> el<57:15>
                    n<r> u<138> t<SIMPLE_IDENTIFIER> p<139> f<74> l<57:14> el<57:15>
                  n<> u<141> t<Level_symbol> p<142> c<140> f<74> l<57:20> el<57:21>
                    n<0> u<140> t<INTEGRAL_NUMBER> p<141> f<74> l<57:20> el<57:21>
              n<> u<145> t<Level_symbol> p<149> c<144> s<148> f<74> l<57:27> el<57:28>
                n<> u<144> t<QMARK> p<145> f<74> l<57:27> el<57:28>
              n<> u<148> t<Next_state> p<149> c<147> f<74> l<57:33> el<57:34>
                n<> u<147> t<Output_symbol> p<148> c<146> f<74> l<57:33> el<57:34>
                  n<1> u<146> t<INTEGRAL_NUMBER> p<147> f<74> l<57:33> el<57:34>
            n<// clock data on CP> u<150> t<LINE_COMMENT> p<232> s<165> f<74> l<57:40> el<57:59>
            n<> u<165> t<Sequential_entry> p<232> c<159> s<166> f<74> l<58:10> el<58:39>
              n<> u<159> t<Seq_input_list> p<165> c<158> s<161> f<74> l<58:10> el<58:21>
                n<> u<158> t<Edge_input_list> p<159> c<152> f<74> l<58:10> el<58:21>
                  n<> u<152> t<Level_symbol> p<158> c<151> s<155> f<74> l<58:10> el<58:11>
                    n<0> u<151> t<INTEGRAL_NUMBER> p<152> f<74> l<58:10> el<58:11>
                  n<> u<155> t<Edge_indicator> p<158> c<154> s<157> f<74> l<58:13> el<58:17>
                    n<> u<154> t<Level_symbol> p<155> c<153> f<74> l<58:14> el<58:16>
                      n<x1> u<153> t<SIMPLE_IDENTIFIER> p<154> f<74> l<58:14> el<58:16>
                  n<> u<157> t<Level_symbol> p<158> c<156> f<74> l<58:20> el<58:21>
                    n<> u<156> t<QMARK> p<157> f<74> l<58:20> el<58:21>
              n<> u<161> t<Level_symbol> p<165> c<160> s<164> f<74> l<58:27> el<58:28>
                n<0> u<160> t<INTEGRAL_NUMBER> p<161> f<74> l<58:27> el<58:28>
              n<> u<164> t<Next_state> p<165> c<163> f<74> l<58:33> el<58:34>
                n<> u<163> t<Output_symbol> p<164> c<162> f<74> l<58:33> el<58:34>
                  n<0> u<162> t<INTEGRAL_NUMBER> p<163> f<74> l<58:33> el<58:34>
            n<// possible CP, hold when D==Q==0> u<166> t<LINE_COMMENT> p<232> s<181> f<74> l<58:40> el<58:73>
            n<> u<181> t<Sequential_entry> p<232> c<175> s<182> f<74> l<59:10> el<59:39>
              n<> u<175> t<Seq_input_list> p<181> c<174> s<177> f<74> l<59:10> el<59:21>
                n<> u<174> t<Edge_input_list> p<175> c<168> f<74> l<59:10> el<59:21>
                  n<> u<168> t<Level_symbol> p<174> c<167> s<171> f<74> l<59:10> el<59:11>
                    n<1> u<167> t<INTEGRAL_NUMBER> p<168> f<74> l<59:10> el<59:11>
                  n<> u<171> t<Edge_indicator> p<174> c<170> s<173> f<74> l<59:13> el<59:17>
                    n<> u<170> t<Level_symbol> p<171> c<169> f<74> l<59:14> el<59:16>
                      n<x1> u<169> t<SIMPLE_IDENTIFIER> p<170> f<74> l<59:14> el<59:16>
                  n<> u<173> t<Level_symbol> p<174> c<172> f<74> l<59:20> el<59:21>
                    n<0> u<172> t<INTEGRAL_NUMBER> p<173> f<74> l<59:20> el<59:21>
              n<> u<177> t<Level_symbol> p<181> c<176> s<180> f<74> l<59:27> el<59:28>
                n<1> u<176> t<INTEGRAL_NUMBER> p<177> f<74> l<59:27> el<59:28>
              n<> u<180> t<Next_state> p<181> c<179> f<74> l<59:33> el<59:34>
                n<> u<179> t<Output_symbol> p<180> c<178> f<74> l<59:33> el<59:34>
                  n<1> u<178> t<INTEGRAL_NUMBER> p<179> f<74> l<59:33> el<59:34>
            n<// possible CP, hold when D==Q==1> u<182> t<LINE_COMMENT> p<232> s<196> f<74> l<59:40> el<59:73>
            n<> u<196> t<Sequential_entry> p<232> c<190> s<197> f<74> l<60:10> el<60:39>
              n<> u<190> t<Seq_input_list> p<196> c<189> s<192> f<74> l<60:10> el<60:21>
                n<> u<189> t<Level_input_list> p<190> c<184> f<74> l<60:10> el<60:21>
                  n<> u<184> t<Level_symbol> p<189> c<183> s<186> f<74> l<60:10> el<60:11>
                    n<0> u<183> t<INTEGRAL_NUMBER> p<184> f<74> l<60:10> el<60:11>
                  n<> u<186> t<Level_symbol> p<189> c<185> s<188> f<74> l<60:14> el<60:15>
                    n<x> u<185> t<SIMPLE_IDENTIFIER> p<186> f<74> l<60:14> el<60:15>
                  n<> u<188> t<Level_symbol> p<189> c<187> f<74> l<60:20> el<60:21>
                    n<> u<187> t<QMARK> p<188> f<74> l<60:20> el<60:21>
              n<> u<192> t<Level_symbol> p<196> c<191> s<195> f<74> l<60:27> el<60:28>
                n<0> u<191> t<INTEGRAL_NUMBER> p<192> f<74> l<60:27> el<60:28>
              n<> u<195> t<Next_state> p<196> c<194> f<74> l<60:33> el<60:34>
                n<> u<194> t<Output_symbol> p<195> c<193> f<74> l<60:33> el<60:34>
                  n<0> u<193> t<INTEGRAL_NUMBER> p<194> f<74> l<60:33> el<60:34>
            n<// unkown CP, hold when D==Q==0> u<197> t<LINE_COMMENT> p<232> s<211> f<74> l<60:40> el<60:71>
            n<> u<211> t<Sequential_entry> p<232> c<205> s<212> f<74> l<61:10> el<61:39>
              n<> u<205> t<Seq_input_list> p<211> c<204> s<207> f<74> l<61:10> el<61:21>
                n<> u<204> t<Level_input_list> p<205> c<199> f<74> l<61:10> el<61:21>
                  n<> u<199> t<Level_symbol> p<204> c<198> s<201> f<74> l<61:10> el<61:11>
                    n<1> u<198> t<INTEGRAL_NUMBER> p<199> f<74> l<61:10> el<61:11>
                  n<> u<201> t<Level_symbol> p<204> c<200> s<203> f<74> l<61:14> el<61:15>
                    n<x> u<200> t<SIMPLE_IDENTIFIER> p<201> f<74> l<61:14> el<61:15>
                  n<> u<203> t<Level_symbol> p<204> c<202> f<74> l<61:20> el<61:21>
                    n<0> u<202> t<INTEGRAL_NUMBER> p<203> f<74> l<61:20> el<61:21>
              n<> u<207> t<Level_symbol> p<211> c<206> s<210> f<74> l<61:27> el<61:28>
                n<1> u<206> t<INTEGRAL_NUMBER> p<207> f<74> l<61:27> el<61:28>
              n<> u<210> t<Next_state> p<211> c<209> f<74> l<61:33> el<61:34>
                n<> u<209> t<Output_symbol> p<210> c<208> f<74> l<61:33> el<61:34>
                  n<1> u<208> t<INTEGRAL_NUMBER> p<209> f<74> l<61:33> el<61:34>
            n<// unkown CP, hold when D==Q==1> u<212> t<LINE_COMMENT> p<232> s<229> f<74> l<61:40> el<61:71>
            n<> u<229> t<Sequential_entry> p<232> c<223> s<230> f<74> l<62:10> el<62:39>
              n<> u<223> t<Seq_input_list> p<229> c<222> s<225> f<74> l<62:10> el<62:23>
                n<> u<222> t<Edge_input_list> p<223> c<214> f<74> l<62:10> el<62:23>
                  n<> u<214> t<Level_symbol> p<222> c<213> s<216> f<74> l<62:10> el<62:11>
                    n<> u<213> t<QMARK> p<214> f<74> l<62:10> el<62:11>
                  n<> u<216> t<Level_symbol> p<222> c<215> s<221> f<74> l<62:14> el<62:15>
                    n<b> u<215> t<SIMPLE_IDENTIFIER> p<216> f<74> l<62:14> el<62:15>
                  n<> u<221> t<Edge_indicator> p<222> c<218> f<74> l<62:19> el<62:23>
                    n<> u<218> t<Level_symbol> p<221> c<217> s<220> f<74> l<62:20> el<62:21>
                      n<> u<217> t<QMARK> p<218> f<74> l<62:20> el<62:21>
                    n<> u<220> t<Level_symbol> p<221> c<219> f<74> l<62:21> el<62:22>
                      n<x> u<219> t<SIMPLE_IDENTIFIER> p<220> f<74> l<62:21> el<62:22>
              n<> u<225> t<Level_symbol> p<229> c<224> s<228> f<74> l<62:27> el<62:28>
                n<0> u<224> t<INTEGRAL_NUMBER> p<225> f<74> l<62:27> el<62:28>
              n<> u<228> t<Next_state> p<229> c<227> f<74> l<62:33> el<62:34>
                n<> u<227> t<Output_symbol> p<228> c<226> f<74> l<62:33> el<62:34>
                  n<0> u<226> t<INTEGRAL_NUMBER> p<227> f<74> l<62:33> el<62:34>
            n<// R=>x, hold when Q==0 unless CP==x> u<230> t<LINE_COMMENT> p<232> s<231> f<74> l<62:40> el<62:76>
            n<> u<231> t<ENDTABLE> p<232> f<74> l<63:5> el<63:13>
        n<> u<234> t<ENDPRIMITIVE> p<235> f<74> l<64:1> el<64:13>
    n<> u<240> t<Description> p<397> c<239> s<243> f<74> l<67:1> el<67:22>
      n<> u<239> t<Top_directives> p<240> c<238> f<74> l<67:1> el<67:22>
        n<> u<238> t<Default_nettype_directive> p<239> c<237> f<74> l<67:1> el<67:22>
          n<> u<237> t<WIRE> p<238> f<74> l<67:18> el<67:22>
    n<> u<243> t<Description> p<397> c<242> s<389> l<35:1> el<35:12>
      n<> u<242> t<Top_directives> p<243> c<241> l<35:1> el<35:12>
        n<> u<241> t<Celldefine_directive> p<242> l<35:1> el<35:12>
    n<> u<389> t<Description> p<397> c<388> s<392> l<36:1> el<58:10>
      n<> u<388> t<Module_declaration> p<389> c<272> l<36:1> el<58:10>
        n<> u<272> t<Module_nonansi_header> p<388> c<244> s<273> l<36:1> el<41:3>
          n<module> u<244> t<Module_keyword> p<272> s<245> l<36:1> el<36:7>
          n<sky130_fd_sc_hd__dfrtp> u<245> t<SIMPLE_IDENTIFIER> p<272> s<246> l<36:8> el<36:30>
          n<> u<246> t<Package_import_declaration_list> p<272> s<271> l<36:31> el<36:31>
          n<> u<271> t<Port_list> p<272> c<252> l<36:31> el<41:2>
            n<> u<252> t<Port> p<271> c<251> s<258> l<37:5> el<37:6>
              n<> u<251> t<Port_expression> p<252> c<250> l<37:5> el<37:6>
                n<> u<250> t<Port_reference> p<251> c<247> l<37:5> el<37:6>
                  n<Q> u<247> t<SIMPLE_IDENTIFIER> p<250> s<249> l<37:5> el<37:6>
                  n<> u<249> t<Constant_select> p<250> c<248> l<37:12> el<37:12>
                    n<> u<248> t<Constant_bit_select> p<249> l<37:12> el<37:12>
            n<> u<258> t<Port> p<271> c<257> s<264> l<38:5> el<38:8>
              n<> u<257> t<Port_expression> p<258> c<256> l<38:5> el<38:8>
                n<> u<256> t<Port_reference> p<257> c<253> l<38:5> el<38:8>
                  n<CLK> u<253> t<SIMPLE_IDENTIFIER> p<256> s<255> l<38:5> el<38:8>
                  n<> u<255> t<Constant_select> p<256> c<254> l<38:12> el<38:12>
                    n<> u<254> t<Constant_bit_select> p<255> l<38:12> el<38:12>
            n<> u<264> t<Port> p<271> c<263> s<270> l<39:5> el<39:6>
              n<> u<263> t<Port_expression> p<264> c<262> l<39:5> el<39:6>
                n<> u<262> t<Port_reference> p<263> c<259> l<39:5> el<39:6>
                  n<D> u<259> t<SIMPLE_IDENTIFIER> p<262> s<261> l<39:5> el<39:6>
                  n<> u<261> t<Constant_select> p<262> c<260> l<39:12> el<39:12>
                    n<> u<260> t<Constant_bit_select> p<261> l<39:12> el<39:12>
            n<> u<270> t<Port> p<271> c<269> l<40:5> el<40:12>
              n<> u<269> t<Port_expression> p<270> c<268> l<40:5> el<40:12>
                n<> u<268> t<Port_reference> p<269> c<265> l<40:5> el<40:12>
                  n<RESET_B> u<265> t<SIMPLE_IDENTIFIER> p<268> s<267> l<40:5> el<40:12>
                  n<> u<267> t<Constant_select> p<268> c<266> l<41:1> el<41:1>
                    n<> u<266> t<Constant_bit_select> p<267> l<41:1> el<41:1>
        n<// Module ports> u<273> t<LINE_COMMENT> p<388> s<280> l<43:5> el<43:20>
        n<> u<280> t<Module_item> p<388> c<279> s<287> l<44:5> el<44:20>
          n<> u<279> t<Port_declaration> p<280> c<278> l<44:5> el<44:13>
            n<> u<278> t<Output_declaration> p<279> c<275> l<44:5> el<44:13>
              n<> u<275> t<Net_port_type> p<278> c<274> s<277> l<44:12> el<44:12>
                n<> u<274> t<Data_type_or_implicit> p<275> l<44:12> el<44:12>
              n<> u<277> t<Port_identifier_list> p<278> c<276> l<44:12> el<44:13>
                n<Q> u<276> t<SIMPLE_IDENTIFIER> p<277> l<44:12> el<44:13>
        n<> u<287> t<Module_item> p<388> c<286> s<294> l<45:5> el<45:20>
          n<> u<286> t<Port_declaration> p<287> c<285> l<45:5> el<45:15>
            n<> u<285> t<Input_declaration> p<286> c<282> l<45:5> el<45:15>
              n<> u<282> t<Net_port_type> p<285> c<281> s<284> l<45:12> el<45:12>
                n<> u<281> t<Data_type_or_implicit> p<282> l<45:12> el<45:12>
              n<> u<284> t<Port_identifier_list> p<285> c<283> l<45:12> el<45:15>
                n<CLK> u<283> t<SIMPLE_IDENTIFIER> p<284> l<45:12> el<45:15>
        n<> u<294> t<Module_item> p<388> c<293> s<301> l<46:5> el<46:20>
          n<> u<293> t<Port_declaration> p<294> c<292> l<46:5> el<46:13>
            n<> u<292> t<Input_declaration> p<293> c<289> l<46:5> el<46:13>
              n<> u<289> t<Net_port_type> p<292> c<288> s<291> l<46:12> el<46:12>
                n<> u<288> t<Data_type_or_implicit> p<289> l<46:12> el<46:12>
              n<> u<291> t<Port_identifier_list> p<292> c<290> l<46:12> el<46:13>
                n<D> u<290> t<SIMPLE_IDENTIFIER> p<291> l<46:12> el<46:13>
        n<> u<301> t<Module_item> p<388> c<300> s<302> l<47:5> el<47:20>
          n<> u<300> t<Port_declaration> p<301> c<299> l<47:5> el<47:19>
            n<> u<299> t<Input_declaration> p<300> c<296> l<47:5> el<47:19>
              n<> u<296> t<Net_port_type> p<299> c<295> s<298> l<47:12> el<47:12>
                n<> u<295> t<Data_type_or_implicit> p<296> l<47:12> el<47:12>
              n<> u<298> t<Port_identifier_list> p<299> c<297> l<47:12> el<47:19>
                n<RESET_B> u<297> t<SIMPLE_IDENTIFIER> p<298> l<47:12> el<47:19>
        n<// Local signals> u<302> t<LINE_COMMENT> p<388> s<314> l<49:5> el<49:21>
        n<> u<314> t<Module_item> p<388> c<313> s<326> l<50:5> el<50:16>
          n<> u<313> t<Non_port_module_item> p<314> c<312> l<50:5> el<50:16>
            n<> u<312> t<Module_or_generate_item> p<313> c<311> l<50:5> el<50:16>
              n<> u<311> t<Module_common_item> p<312> c<310> l<50:5> el<50:16>
                n<> u<310> t<Module_or_generate_item_declaration> p<311> c<309> l<50:5> el<50:16>
                  n<> u<309> t<Package_or_generate_item_declaration> p<310> c<308> l<50:5> el<50:16>
                    n<> u<308> t<Net_declaration> p<309> c<303> l<50:5> el<50:16>
                      n<> u<303> t<WIRE> p<308> s<304> l<50:5> el<50:9>
                      n<> u<304> t<Data_type_or_implicit> p<308> s<307> l<50:10> el<50:10>
                      n<> u<307> t<Net_decl_assignment_list> p<308> c<306> l<50:10> el<50:15>
                        n<> u<306> t<Net_decl_assignment> p<307> c<305> l<50:10> el<50:15>
                          n<buf_Q> u<305> t<SIMPLE_IDENTIFIER> p<306> l<50:10> el<50:15>
        n<> u<326> t<Module_item> p<388> c<325> s<327> l<51:5> el<51:16>
          n<> u<325> t<Non_port_module_item> p<326> c<324> l<51:5> el<51:16>
            n<> u<324> t<Module_or_generate_item> p<325> c<323> l<51:5> el<51:16>
              n<> u<323> t<Module_common_item> p<324> c<322> l<51:5> el<51:16>
                n<> u<322> t<Module_or_generate_item_declaration> p<323> c<321> l<51:5> el<51:16>
                  n<> u<321> t<Package_or_generate_item_declaration> p<322> c<320> l<51:5> el<51:16>
                    n<> u<320> t<Net_declaration> p<321> c<315> l<51:5> el<51:16>
                      n<> u<315> t<WIRE> p<320> s<316> l<51:5> el<51:9>
                      n<> u<316> t<Data_type_or_implicit> p<320> s<319> l<51:10> el<51:10>
                      n<> u<319> t<Net_decl_assignment_list> p<320> c<318> l<51:10> el<51:15>
                        n<> u<318> t<Net_decl_assignment> p<319> c<317> l<51:10> el<51:15>
                          n<RESET> u<317> t<SIMPLE_IDENTIFIER> p<318> l<51:10> el<51:15>
        n<//                          Delay       Name  Output  Other arguments> u<327> t<LINE_COMMENT> p<388> s<344> l<53:5> el<53:74>
        n<> u<344> t<Module_item> p<388> c<343> s<369> l<54:5> el<54:76>
          n<> u<343> t<Non_port_module_item> p<344> c<342> l<54:5> el<54:76>
            n<> u<342> t<Module_or_generate_item> p<343> c<341> l<54:5> el<54:76>
              n<> u<341> t<Gate_instantiation> p<342> c<328> l<54:5> el<54:76>
                n<> u<328> t<NOT> p<341> s<340> l<54:5> el<54:8>
                n<> u<340> t<N_output_gate_instance> p<341> c<330> l<54:45> el<54:75>
                  n<> u<330> t<Name_of_instance> p<340> c<329> s<335> l<54:45> el<54:49>
                    n<not0> u<329> t<SIMPLE_IDENTIFIER> p<330> l<54:45> el<54:49>
                  n<> u<335> t<Net_lvalue> p<340> c<332> s<339> l<54:51> el<54:56>
                    n<> u<332> t<Ps_or_hierarchical_identifier> p<335> c<331> s<334> l<54:51> el<54:56>
                      n<RESET> u<331> t<SIMPLE_IDENTIFIER> p<332> l<54:51> el<54:56>
                    n<> u<334> t<Constant_select> p<335> c<333> l<54:57> el<54:57>
                      n<> u<333> t<Constant_bit_select> p<334> l<54:57> el<54:57>
                  n<> u<339> t<Expression> p<340> c<338> l<54:59> el<54:66>
                    n<> u<338> t<Primary> p<339> c<337> l<54:59> el<54:66>
                      n<> u<337> t<Primary_literal> p<338> c<336> l<54:59> el<54:66>
                        n<RESET_B> u<336> t<SIMPLE_IDENTIFIER> p<337> l<54:59> el<54:66>
        n<> u<369> t<Module_item> p<388> c<368> s<386> l<55:5> el<55:65>
          n<> u<368> t<Non_port_module_item> p<369> c<367> l<55:5> el<55:65>
            n<> u<367> t<Module_or_generate_item> p<368> c<366> l<55:5> el<55:65>
              n<> u<366> t<Udp_instantiation> p<367> c<345> l<55:5> el<55:65>
                n<sky130_fd_sc_hd__udp_dff$PR> u<345> t<SIMPLE_IDENTIFIER> p<366> s<365> l<55:5> el<55:32>
                n<> u<365> t<Udp_instance> p<366> c<347> l<55:34> el<55:64>
                  n<> u<347> t<Name_of_instance> p<365> c<346> s<352> l<55:34> el<55:38>
                    n<dff0> u<346> t<SIMPLE_IDENTIFIER> p<347> l<55:34> el<55:38>
                  n<> u<352> t<Net_lvalue> p<365> c<349> s<356> l<55:40> el<55:45>
                    n<> u<349> t<Ps_or_hierarchical_identifier> p<352> c<348> s<351> l<55:40> el<55:45>
                      n<buf_Q> u<348> t<SIMPLE_IDENTIFIER> p<349> l<55:40> el<55:45>
                    n<> u<351> t<Constant_select> p<352> c<350> l<55:46> el<55:46>
                      n<> u<350> t<Constant_bit_select> p<351> l<55:46> el<55:46>
                  n<> u<356> t<Expression> p<365> c<355> s<360> l<55:48> el<55:49>
                    n<> u<355> t<Primary> p<356> c<354> l<55:48> el<55:49>
                      n<> u<354> t<Primary_literal> p<355> c<353> l<55:48> el<55:49>
                        n<D> u<353> t<SIMPLE_IDENTIFIER> p<354> l<55:48> el<55:49>
                  n<> u<360> t<Expression> p<365> c<359> s<364> l<55:51> el<55:54>
                    n<> u<359> t<Primary> p<360> c<358> l<55:51> el<55:54>
                      n<> u<358> t<Primary_literal> p<359> c<357> l<55:51> el<55:54>
                        n<CLK> u<357> t<SIMPLE_IDENTIFIER> p<358> l<55:51> el<55:54>
                  n<> u<364> t<Expression> p<365> c<363> l<55:56> el<55:61>
                    n<> u<363> t<Primary> p<364> c<362> l<55:56> el<55:61>
                      n<> u<362> t<Primary_literal> p<363> c<361> l<55:56> el<55:61>
                        n<RESET> u<361> t<SIMPLE_IDENTIFIER> p<362> l<55:56> el<55:61>
        n<> u<386> t<Module_item> p<388> c<385> s<387> l<56:5> el<56:76>
          n<> u<385> t<Non_port_module_item> p<386> c<384> l<56:5> el<56:76>
            n<> u<384> t<Module_or_generate_item> p<385> c<383> l<56:5> el<56:76>
              n<> u<383> t<Gate_instantiation> p<384> c<370> l<56:5> el<56:76>
                n<> u<370> t<BUF> p<383> s<382> l<56:5> el<56:8>
                n<> u<382> t<N_output_gate_instance> p<383> c<372> l<56:45> el<56:75>
                  n<> u<372> t<Name_of_instance> p<382> c<371> s<377> l<56:45> el<56:49>
                    n<buf0> u<371> t<SIMPLE_IDENTIFIER> p<372> l<56:45> el<56:49>
                  n<> u<377> t<Net_lvalue> p<382> c<374> s<381> l<56:51> el<56:52>
                    n<> u<374> t<Ps_or_hierarchical_identifier> p<377> c<373> s<376> l<56:51> el<56:52>
                      n<Q> u<373> t<SIMPLE_IDENTIFIER> p<374> l<56:51> el<56:52>
                    n<> u<376> t<Constant_select> p<377> c<375> l<56:57> el<56:57>
                      n<> u<375> t<Constant_bit_select> p<376> l<56:57> el<56:57>
                  n<> u<381> t<Expression> p<382> c<380> l<56:59> el<56:64>
                    n<> u<380> t<Primary> p<381> c<379> l<56:59> el<56:64>
                      n<> u<379> t<Primary_literal> p<380> c<378> l<56:59> el<56:64>
                        n<buf_Q> u<378> t<SIMPLE_IDENTIFIER> p<379> l<56:59> el<56:64>
        n<> u<387> t<ENDMODULE> p<388> l<58:1> el<58:10>
    n<> u<392> t<Description> p<397> c<391> s<396> l<59:1> el<59:15>
      n<> u<391> t<Top_directives> p<392> c<390> l<59:1> el<59:15>
        n<> u<390> t<Endcelldefine_directive> p<391> l<59:1> el<59:15>
    n<> u<396> t<Description> p<397> c<395> l<61:1> el<61:22>
      n<> u<395> t<Top_directives> p<396> c<394> l<61:1> el<61:22>
        n<> u<394> t<Default_nettype_directive> p<395> c<393> l<61:1> el<61:22>
          n<> u<393> t<WIRE> p<394> l<61:18> el<61:22>
  n<// SKY130_FD_SC_HD__DFRTP_FUNCTIONAL_V> u<398> t<LINE_COMMENT> p<399> l<62:3> el<62:41>
AST_DEBUG_END
[INF:CP0305] $Source01/models/udp_dff_pr/sky130_fd_sc_hd__udp_dff_pr.v:36:11: Compile udp "sky130_fd_sc_hd__udp_dff$PR".
[INF:CP0303] $Source01/cells/cells/sky130_fd_sc_hd__dfrtp.functional.v:36:1: Compile module "work@sky130_fd_sc_hd__dfrtp".
[INF:CM0029] Using global timescale: "1ns/1ns".
====== HLDB =======
Design name:unnamed:
  vpiName: unnamed
  vpiSourceFile (1 items):
    SourceFile name:sky130_fd_sc_hd__dfrtp.functional.v file:$Source01/cells/cells/sky130_fd_sc_hd__dfrtp.functional.v:
      vpiParent: Design name:unnamed
      vpiName: sky130_fd_sc_hd__dfrtp.functional.v
      vpiPreprocFile: "$Output/lib/work/cells/cells/sky130_fd_sc_hd__dfrtp.functional.v"
      vpiIncludes (1 items):
        SourceFile name:../../models/udp_dff_pr/sky130_fd_sc_hd__udp_dff_pr.v file:$Source01/models/udp_dff_pr/sky130_fd_sc_hd__udp_dff_pr.v start:33:1 end:33:65:
          vpiParent: SourceFile name:sky130_fd_sc_hd__dfrtp.functional.v
          vpiName: "../../models/udp_dff_pr/sky130_fd_sc_hd__udp_dff_pr.v"
          vpiPreprocMacroDefinition (1 items):
            PreprocMacroDefinition name:SKY130_FD_SC_HD__UDP_DFF_PR_V start:20:1 end:21:1:
              vpiParent: SourceFile name:../../models/udp_dff_pr/sky130_fd_sc_hd__udp_dff_pr.v
              vpiName: SKY130_FD_SC_HD__UDP_DFF_PR_V
              vpiNameStartColumn: 9
          vpiDefNetType: none (12)
      vpiPreprocMacroDefinition (1 items):
        PreprocMacroDefinition name:SKY130_FD_SC_HD__DFRTP_FUNCTIONAL_V start:21:1 end:22:1:
          vpiParent: SourceFile name:sky130_fd_sc_hd__dfrtp.functional.v
          vpiName: SKY130_FD_SC_HD__DFRTP_FUNCTIONAL_V
          vpiNameStartColumn: 9
      vpiDefNetType: wire (1)
      vpiTimePrecision: -12
      vpiTimeUnit: -9
  vpiAllUdps (1 items):
    UdpDefn name:work@sky130_fd_sc_hd__udp_dff$PR start:36:1 end:64:13:
      vpiParent: Design name:unnamed
      vpiName Identifier name:work@sky130_fd_sc_hd__udp_dff$PR start:36:11 end:36:38:
        vpiParent: UdpDefn name:work@sky130_fd_sc_hd__udp_dff$PR
        vpiName: work@sky130_fd_sc_hd__udp_dff$PR
      vpiFullName: work@sky130_fd_sc_hd__udp_dff$PR
      vpiTypespec (1 items):
        LogicTypespec:
          vpiParent: UdpDefn name:work@sky130_fd_sc_hd__udp_dff$PR
      vpiIODecl (4 items):
        IODecl name:Q start:37:5 end:37:6:
          vpiParent: UdpDefn name:work@sky130_fd_sc_hd__udp_dff$PR
          vpiName: Q
          vpiDirection: output (2)
          vpiExpr Variable name:Q start:43:12 end:43:13:
            vpiParent: IODecl name:Q
            vpiTypespec RefTypespec:
              vpiParent: Variable name:Q
              vpiFullName: work@sky130_fd_sc_hd__udp_dff$PR.Q.Q
              vpiActual: LogicTypespec
            vpiName: Q
            vpiFullName: work@sky130_fd_sc_hd__udp_dff$PR.Q.Q
          vpiTypespec RefTypespec:
            vpiParent: IODecl name:Q
            vpiFullName: work@sky130_fd_sc_hd__udp_dff$PR.Q
            vpiActual: LogicTypespec
        IODecl name:D start:38:5 end:38:6:
          vpiParent: UdpDefn name:work@sky130_fd_sc_hd__udp_dff$PR
          vpiName: D
          vpiDirection: input (1)
          vpiExpr Variable name:D start:44:12 end:44:13:
            vpiParent: IODecl name:D
            vpiTypespec RefTypespec:
              vpiParent: Variable name:D
              vpiFullName: work@sky130_fd_sc_hd__udp_dff$PR.D.D
            vpiName: D
            vpiFullName: work@sky130_fd_sc_hd__udp_dff$PR.D.D
          vpiTypespec RefTypespec:
            vpiParent: IODecl name:D
            vpiFullName: work@sky130_fd_sc_hd__udp_dff$PR.D
        IODecl name:CLK start:39:5 end:39:8:
          vpiParent: UdpDefn name:work@sky130_fd_sc_hd__udp_dff$PR
          vpiName: CLK
          vpiDirection: input (1)
          vpiExpr Variable name:CLK start:45:12 end:45:15:
            vpiParent: IODecl name:CLK
            vpiTypespec RefTypespec:
              vpiParent: Variable name:CLK
              vpiFullName: work@sky130_fd_sc_hd__udp_dff$PR.CLK.CLK
            vpiName: CLK
            vpiFullName: work@sky130_fd_sc_hd__udp_dff$PR.CLK.CLK
          vpiTypespec RefTypespec:
            vpiParent: IODecl name:CLK
            vpiFullName: work@sky130_fd_sc_hd__udp_dff$PR.CLK
        IODecl name:RESET start:40:5 end:40:10:
          vpiParent: UdpDefn name:work@sky130_fd_sc_hd__udp_dff$PR
          vpiName: RESET
          vpiDirection: input (1)
          vpiExpr Variable name:RESET start:46:12 end:46:17:
            vpiParent: IODecl name:RESET
            vpiTypespec RefTypespec:
              vpiParent: Variable name:RESET
              vpiFullName: work@sky130_fd_sc_hd__udp_dff$PR.RESET.RESET
            vpiName: RESET
            vpiFullName: work@sky130_fd_sc_hd__udp_dff$PR.RESET.RESET
          vpiTypespec RefTypespec:
            vpiParent: IODecl name:RESET
            vpiFullName: work@sky130_fd_sc_hd__udp_dff$PR.RESET
      vpiTableEntry (11 items):
        TableEntry start:52:10 end:52:39:
          vpiParent: UdpDefn name:work@sky130_fd_sc_hd__udp_dff$PR
          vpiValue Constant start:52:10 end:52:39:
            vpiParent: TableEntry
            vpiTypespec RefTypespec:
              vpiParent: Constant
              vpiFullName: work@sky130_fd_sc_hd__udp_dff$PR
              vpiActual: StringTypespec
            vpiConstType: string (6)
            vpiSize: 3
            vpiDecompile: " b 0 : ? : -"
            vpiValue: "b 0 : ? : -"
        TableEntry start:53:10 end:53:39:
          vpiParent: UdpDefn name:work@sky130_fd_sc_hd__udp_dff$PR
          vpiValue Constant start:53:10 end:53:39:
            vpiParent: TableEntry
            vpiTypespec RefTypespec:
              vpiParent: Constant
              vpiFullName: work@sky130_fd_sc_hd__udp_dff$PR
              vpiActual: StringTypespec
            vpiConstType: string (6)
            vpiSize: 3
            vpiDecompile: "? (?0) 0 : ? : -"
            vpiValue: "? (?0) 0 : ? : -"
        TableEntry start:54:10 end:54:39:
          vpiParent: UdpDefn name:work@sky130_fd_sc_hd__udp_dff$PR
          vpiValue Constant start:54:10 end:54:39:
            vpiParent: TableEntry
            vpiTypespec RefTypespec:
              vpiParent: Constant
              vpiFullName: work@sky130_fd_sc_hd__udp_dff$PR
              vpiActual: StringTypespec
            vpiConstType: string (6)
            vpiSize: 3
            vpiDecompile: "? b (?0) : ? : -"
            vpiValue: "? b (?0) : ? : -"
        TableEntry start:55:10 end:55:39:
          vpiParent: UdpDefn name:work@sky130_fd_sc_hd__udp_dff$PR
          vpiValue Constant start:55:10 end:55:39:
            vpiParent: TableEntry
            vpiTypespec RefTypespec:
              vpiParent: Constant
              vpiFullName: work@sky130_fd_sc_hd__udp_dff$PR
              vpiActual: StringTypespec
            vpiConstType: string (6)
            vpiSize: 3
            vpiDecompile: "? ? 1 : ? : 0"
            vpiValue: "? ? 1 : ? : 0"
        TableEntry start:56:10 end:56:39:
          vpiParent: UdpDefn name:work@sky130_fd_sc_hd__udp_dff$PR
          vpiValue Constant start:56:10 end:56:39:
            vpiParent: TableEntry
            vpiTypespec RefTypespec:
              vpiParent: Constant
              vpiFullName: work@sky130_fd_sc_hd__udp_dff$PR
              vpiActual: StringTypespec
            vpiConstType: string (6)
            vpiSize: 3
            vpiDecompile: "0 r ? : ? : 0"
            vpiValue: "0 r ? : ? : 0"
        TableEntry start:57:10 end:57:39:
          vpiParent: UdpDefn name:work@sky130_fd_sc_hd__udp_dff$PR
          vpiValue Constant start:57:10 end:57:39:
            vpiParent: TableEntry
            vpiTypespec RefTypespec:
              vpiParent: Constant
              vpiFullName: work@sky130_fd_sc_hd__udp_dff$PR
              vpiActual: StringTypespec
            vpiConstType: string (6)
            vpiSize: 3
            vpiDecompile: "1 r 0 : ? : 1"
            vpiValue: "1 r 0 : ? : 1"
        TableEntry start:58:10 end:58:39:
          vpiParent: UdpDefn name:work@sky130_fd_sc_hd__udp_dff$PR
          vpiValue Constant start:58:10 end:58:39:
            vpiParent: TableEntry
            vpiTypespec RefTypespec:
              vpiParent: Constant
              vpiFullName: work@sky130_fd_sc_hd__udp_dff$PR
              vpiActual: StringTypespec
            vpiConstType: string (6)
            vpiSize: 3
            vpiDecompile: "0 (x1) ? : 0 : 0"
            vpiValue: "0 (x1) ? : 0 : 0"
        TableEntry start:59:10 end:59:39:
          vpiParent: UdpDefn name:work@sky130_fd_sc_hd__udp_dff$PR
          vpiValue Constant start:59:10 end:59:39:
            vpiParent: TableEntry
            vpiTypespec RefTypespec:
              vpiParent: Constant
              vpiFullName: work@sky130_fd_sc_hd__udp_dff$PR
              vpiActual: StringTypespec
            vpiConstType: string (6)
            vpiSize: 3
            vpiDecompile: "1 (x1) 0 : 1 : 1"
            vpiValue: "1 (x1) 0 : 1 : 1"
        TableEntry start:60:10 end:60:39:
          vpiParent: UdpDefn name:work@sky130_fd_sc_hd__udp_dff$PR
          vpiValue Constant start:60:10 end:60:39:
            vpiParent: TableEntry
            vpiTypespec RefTypespec:
              vpiParent: Constant
              vpiFullName: work@sky130_fd_sc_hd__udp_dff$PR
              vpiActual: StringTypespec
            vpiConstType: string (6)
            vpiSize: 3
            vpiDecompile: "0 x ? : 0 : 0"
            vpiValue: "0 x ? : 0 : 0"
        TableEntry start:61:10 end:61:39:
          vpiParent: UdpDefn name:work@sky130_fd_sc_hd__udp_dff$PR
          vpiValue Constant start:61:10 end:61:39:
            vpiParent: TableEntry
            vpiTypespec RefTypespec:
              vpiParent: Constant
              vpiFullName: work@sky130_fd_sc_hd__udp_dff$PR
              vpiActual: StringTypespec
            vpiConstType: string (6)
            vpiSize: 3
            vpiDecompile: "1 x 0 : 1 : 1"
            vpiValue: "1 x 0 : 1 : 1"
        TableEntry start:62:10 end:62:39:
          vpiParent: UdpDefn name:work@sky130_fd_sc_hd__udp_dff$PR
          vpiValue Constant start:62:10 end:62:39:
            vpiParent: TableEntry
            vpiTypespec RefTypespec:
              vpiParent: Constant
              vpiFullName: work@sky130_fd_sc_hd__udp_dff$PR
              vpiActual: StringTypespec
            vpiConstType: string (6)
            vpiSize: 3
            vpiDecompile: "? b (?x) : 0 : 0"
            vpiValue: "? b (?x) : 0 : 0"
  vpiAllModules (1 items):
    Module name:work@sky130_fd_sc_hd__dfrtp file:$Source01/cells/cells/sky130_fd_sc_hd__dfrtp.functional.v start:36:1 end:58:10:
      vpiParent: Design name:unnamed
      vpiName Identifier name:work@sky130_fd_sc_hd__dfrtp start:36:8 end:36:30:
        vpiParent: Module name:work@sky130_fd_sc_hd__dfrtp
        vpiName: work@sky130_fd_sc_hd__dfrtp
      vpiFullName: work@sky130_fd_sc_hd__dfrtp
      vpiTypespec (2 items):
        LogicTypespec:
          vpiParent: Module name:work@sky130_fd_sc_hd__dfrtp
        UdpDefnTypespec name:work@sky130_fd_sc_hd__udp_dff$PR start:55:5 end:55:32:
          vpiParent: Module name:work@sky130_fd_sc_hd__dfrtp
          vpiName: work@sky130_fd_sc_hd__udp_dff$PR
      vpiDefName: work@sky130_fd_sc_hd__dfrtp
      vpiDefNetType: none (12)
      vpiTimePrecision: -12
      vpiTimeUnit: -9
      vpiLibrary RefObj name:work:
        vpiParent: Module name:work@sky130_fd_sc_hd__dfrtp
        vpiName: work
        vpiFullName: work@sky130_fd_sc_hd__dfrtp.work
      vpiCell: sky130_fd_sc_hd__dfrtp
      vpiNet (6 items):
        Net name:Q start:44:12 end:44:13:
          vpiParent: Module name:work@sky130_fd_sc_hd__dfrtp
          vpiTypespec RefTypespec start:44:12 end:44:12:
            vpiParent: Net name:Q
            vpiFullName: work@sky130_fd_sc_hd__dfrtp.Q
            vpiActual: LogicTypespec
          vpiName: Q
          vpiFullName: work@sky130_fd_sc_hd__dfrtp.Q
        Net name:CLK start:45:12 end:45:15:
          vpiParent: Module name:work@sky130_fd_sc_hd__dfrtp
          vpiTypespec RefTypespec start:45:12 end:45:12:
            vpiParent: Net name:CLK
            vpiFullName: work@sky130_fd_sc_hd__dfrtp.CLK
            vpiActual: LogicTypespec
          vpiName: CLK
          vpiFullName: work@sky130_fd_sc_hd__dfrtp.CLK
        Net name:D start:46:12 end:46:13:
          vpiParent: Module name:work@sky130_fd_sc_hd__dfrtp
          vpiTypespec RefTypespec start:46:12 end:46:12:
            vpiParent: Net name:D
            vpiFullName: work@sky130_fd_sc_hd__dfrtp.D
            vpiActual: LogicTypespec
          vpiName: D
          vpiFullName: work@sky130_fd_sc_hd__dfrtp.D
        Net name:RESET_B start:47:12 end:47:19:
          vpiParent: Module name:work@sky130_fd_sc_hd__dfrtp
          vpiTypespec RefTypespec start:47:12 end:47:12:
            vpiParent: Net name:RESET_B
            vpiFullName: work@sky130_fd_sc_hd__dfrtp.RESET_B
            vpiActual: LogicTypespec
          vpiName: RESET_B
          vpiFullName: work@sky130_fd_sc_hd__dfrtp.RESET_B
        Net name:buf_Q start:50:10 end:50:15:
          vpiParent: Module name:work@sky130_fd_sc_hd__dfrtp
          vpiTypespec RefTypespec start:50:10 end:50:10:
            vpiParent: Net name:buf_Q
            vpiFullName: work@sky130_fd_sc_hd__dfrtp.buf_Q
            vpiActual: LogicTypespec
          vpiName: buf_Q
          vpiFullName: work@sky130_fd_sc_hd__dfrtp.buf_Q
          vpiNetType: wire (1)
        Net name:RESET start:51:10 end:51:15:
          vpiParent: Module name:work@sky130_fd_sc_hd__dfrtp
          vpiTypespec RefTypespec start:51:10 end:51:10:
            vpiParent: Net name:RESET
            vpiFullName: work@sky130_fd_sc_hd__dfrtp.RESET
            vpiActual: LogicTypespec
          vpiName: RESET
          vpiFullName: work@sky130_fd_sc_hd__dfrtp.RESET
          vpiNetType: wire (1)
      vpiPort (4 items):
        Port name:Q start:37:5 end:37:6:
          vpiParent: Module name:work@sky130_fd_sc_hd__dfrtp
          vpiName: Q
          vpiDirection: output (2)
          vpiLowConn RefObj name:Q start:37:5 end:37:6:
            vpiParent: Port name:Q
            vpiName: Q
            vpiFullName: work@sky130_fd_sc_hd__dfrtp.Q.Q
            vpiActual: Net name:Q
          vpiTypespec RefTypespec start:44:12 end:44:12:
            vpiParent: Port name:Q
            vpiFullName: work@sky130_fd_sc_hd__dfrtp.Q
            vpiActual: LogicTypespec
        Port name:CLK start:38:5 end:38:8:
          vpiParent: Module name:work@sky130_fd_sc_hd__dfrtp
          vpiName: CLK
          vpiDirection: input (1)
          vpiLowConn RefObj name:CLK start:38:5 end:38:8:
            vpiParent: Port name:CLK
            vpiName: CLK
            vpiFullName: work@sky130_fd_sc_hd__dfrtp.CLK.CLK
            vpiActual: Net name:CLK
          vpiTypespec RefTypespec start:45:12 end:45:12:
            vpiParent: Port name:CLK
            vpiFullName: work@sky130_fd_sc_hd__dfrtp.CLK
            vpiActual: LogicTypespec
        Port name:D start:39:5 end:39:6:
          vpiParent: Module name:work@sky130_fd_sc_hd__dfrtp
          vpiName: D
          vpiDirection: input (1)
          vpiLowConn RefObj name:D start:39:5 end:39:6:
            vpiParent: Port name:D
            vpiName: D
            vpiFullName: work@sky130_fd_sc_hd__dfrtp.D.D
            vpiActual: Net name:D
          vpiTypespec RefTypespec start:46:12 end:46:12:
            vpiParent: Port name:D
            vpiFullName: work@sky130_fd_sc_hd__dfrtp.D
            vpiActual: LogicTypespec
        Port name:RESET_B start:40:5 end:40:12:
          vpiParent: Module name:work@sky130_fd_sc_hd__dfrtp
          vpiName: RESET_B
          vpiDirection: input (1)
          vpiLowConn RefObj name:RESET_B start:40:5 end:40:12:
            vpiParent: Port name:RESET_B
            vpiName: RESET_B
            vpiFullName: work@sky130_fd_sc_hd__dfrtp.RESET_B.RESET_B
            vpiActual: Net name:RESET_B
          vpiTypespec RefTypespec start:47:12 end:47:12:
            vpiParent: Port name:RESET_B
            vpiFullName: work@sky130_fd_sc_hd__dfrtp.RESET_B
            vpiActual: LogicTypespec
      vpiPrimitive (3 items):
        Gate name:not0 start:54:45 end:54:49:
          vpiParent: Module name:work@sky130_fd_sc_hd__dfrtp
          vpiName: not0
          vpiFullName: work@sky130_fd_sc_hd__dfrtp.not0
          vpiDefName Identifier name:work@not start:54:5 end:54:8:
            vpiParent: Gate name:not0
            vpiName: work@not
          vpiPrimType: not (8)
          vpiPrimTerm (2 items):
            PrimTerm start:54:51 end:54:56:
              vpiParent: Gate name:not0
              vpiDirection: output (2)
              vpiExpr RefObj name:RESET start:54:51 end:54:56:
                vpiParent: PrimTerm
                vpiName: RESET
                vpiFullName: work@sky130_fd_sc_hd__dfrtp.not0.RESET
                vpiActual: Net name:RESET
            PrimTerm start:54:59 end:54:66:
              vpiParent: Gate name:not0
              vpiDirection: input (1)
              vpiTermIndex: 1
              vpiExpr RefObj name:RESET_B start:54:59 end:54:66:
                vpiParent: PrimTerm
                vpiName: RESET_B
                vpiFullName: work@sky130_fd_sc_hd__dfrtp.not0.RESET_B
                vpiActual: Net name:RESET_B
        Udp name:dff0 file:$Source01/cells/cells/sky130_fd_sc_hd__dfrtp.functional.v start:55:34 end:55:38:
          vpiParent: Module name:work@sky130_fd_sc_hd__dfrtp
          vpiName: dff0
          vpiFullName: work@sky130_fd_sc_hd__dfrtp.dff0
          vpiDefName Identifier name:work@sky130_fd_sc_hd__udp_dff$PR start:55:5 end:55:32:
            vpiParent: Udp name:dff0
            vpiName: work@sky130_fd_sc_hd__udp_dff$PR
          vpiPrimTerm (4 items):
            PrimTerm start:55:40 end:55:45:
              vpiParent: Udp name:dff0
              vpiDirection: output (2)
              vpiExpr RefObj name:buf_Q start:55:40 end:55:45:
                vpiParent: PrimTerm
                vpiName: buf_Q
                vpiFullName: work@sky130_fd_sc_hd__dfrtp.dff0.buf_Q
                vpiActual: Net name:buf_Q
            PrimTerm start:55:48 end:55:49:
              vpiParent: Udp name:dff0
              vpiDirection: input (1)
              vpiTermIndex: 1
              vpiExpr RefObj name:D start:55:48 end:55:49:
                vpiParent: PrimTerm
                vpiName: D
                vpiFullName: work@sky130_fd_sc_hd__dfrtp.dff0.D
                vpiActual: Net name:D
            PrimTerm start:55:51 end:55:54:
              vpiParent: Udp name:dff0
              vpiDirection: input (1)
              vpiTermIndex: 2
              vpiExpr RefObj name:CLK start:55:51 end:55:54:
                vpiParent: PrimTerm
                vpiName: CLK
                vpiFullName: work@sky130_fd_sc_hd__dfrtp.dff0.CLK
                vpiActual: Net name:CLK
            PrimTerm start:55:56 end:55:61:
              vpiParent: Udp name:dff0
              vpiDirection: input (1)
              vpiTermIndex: 3
              vpiExpr RefObj name:RESET start:55:56 end:55:61:
                vpiParent: PrimTerm
                vpiName: RESET
                vpiFullName: work@sky130_fd_sc_hd__dfrtp.dff0.RESET
                vpiActual: Net name:RESET
        Gate name:buf0 start:56:45 end:56:49:
          vpiParent: Module name:work@sky130_fd_sc_hd__dfrtp
          vpiName: buf0
          vpiFullName: work@sky130_fd_sc_hd__dfrtp.buf0
          vpiDefName Identifier name:work@buf start:56:5 end:56:8:
            vpiParent: Gate name:buf0
            vpiName: work@buf
          vpiPrimType: buf (7)
          vpiPrimTerm (2 items):
            PrimTerm start:56:51 end:56:52:
              vpiParent: Gate name:buf0
              vpiDirection: output (2)
              vpiExpr RefObj name:Q start:56:51 end:56:52:
                vpiParent: PrimTerm
                vpiName: Q
                vpiFullName: work@sky130_fd_sc_hd__dfrtp.buf0.Q
                vpiActual: Net name:Q
            PrimTerm start:56:59 end:56:64:
              vpiParent: Gate name:buf0
              vpiDirection: input (1)
              vpiTermIndex: 1
              vpiExpr RefObj name:buf_Q start:56:59 end:56:64:
                vpiParent: PrimTerm
                vpiName: buf_Q
                vpiFullName: work@sky130_fd_sc_hd__dfrtp.buf0.buf_Q
                vpiActual: Net name:buf_Q
  vpiTypespec (3 items):
    UdpDefnTypespec name:work@sky130_fd_sc_hd__udp_dff$PR:
      vpiParent: Design name:unnamed
      vpiName: work@sky130_fd_sc_hd__udp_dff$PR
    StringTypespec:
      vpiParent: Design name:unnamed
    ModuleTypespec name:work@sky130_fd_sc_hd__dfrtp:
      vpiParent: Design name:unnamed
      vpiName Identifier name:work@sky130_fd_sc_hd__dfrtp start:36:8 end:36:30:
        vpiParent: ModuleTypespec name:work@sky130_fd_sc_hd__dfrtp
        vpiName: work@sky130_fd_sc_hd__dfrtp
      vpiModule: Module name:work@sky130_fd_sc_hd__dfrtp
===================
[  FATAL] : 0
[ SYNTAX] : 0
[  ERROR] : 0
[WARNING] : 0
[   NOTE] : 0
********************************************************************************
*                    End HLC SystemVerilog Compiler/Linter                     *
********************************************************************************

#**#**#**#**#**#**#**#**#**#**#**#**#**#**#**#**#**#**#**#**#**#**#**#**#**#**#**#**#**#**#**#**#**#**#**#**#**#**#**#**

Environment:
      test-name: Sky130Cell/cells/cells/sky130_fd_sc_hd__dfrtp.functional
   test-dirpath: ${HLC_DIR}/regression/Sky130Cell/cells/cells/sky130_fd_sc_hd__dfrtp.functional
  hldb-filepath: ${HLC_DIR}/regression/Sky130Cell/cells/cells/sky130_fd_sc_hd__dfrtp.functional/design.hldb
mounts-filepath: ${HLC_DIR}/regression/Sky130Cell/cells/cells/sky130_fd_sc_hd__dfrtp.functional/mounts.json


{'result': {'coverage': 86.01,
            'error_count': 0,
            'file_count': 1,
            'files': {'$Output/lib/work/cells/cells/sky130_fd_sc_hd__dfrtp.functional.v': {'post_len': 136,
                                                                                           'pre_len': 972}},
            'post_len': 136,
            'pre_len': 972,
            'test_name': 'Sky130Cell/cells/cells/sky130_fd_sc_hd__dfrtp.functional'}}

+------------------------------------------------------------------+----------+-----------+
| INPUT                                                            |   PRELEN |   POSTLEN |
+==================================================================+==========+===========+
| $Output/lib/work/cells/cells/sky130_fd_sc_hd__dfrtp.functional.v |      972 |       136 |
+==================================================================+==========+===========+
|                                                                  |      972 |       136 |
+------------------------------------------------------------------+----------+-----------+

[   ERROR] : 0
[COVERAGE] : 86.01


#**#**#**#**#**#**#**#**#**#**#**#**#**#**#**#**#**#**#**#**#**#**#**#**#**#**#**#**#**#**#**#**#**#**#**#**#**#**#**#**

COMMAND: ${HLC_DIR}/regression/Sky130Cell/cells/cells/sky130_fd_sc_hd__dfrtp.functional/design.hldb ${HLC_DIR}/regression/Sky130Cell/cells/cells/sky130_fd_sc_hd__dfrtp.functional/reduced.hldb

==================== BEGIN REDUCTION RESULT ====================
Name                            Before   After   Added   Removed
----------------------------------------------------------------
----------------------------------------------------------------
Others                             112     112       0         0
----------------------------------------------------------------
                                   112     112       0         0
===================== END REDUCTION RESULT =====================
