********************************************************************************
*                   Begin HLC SystemVerilog Compiler/Linter                    *
********************************************************************************
Copyright (c) 2020 Apotell,
http://www.apache.org/licenses/LICENSE-2.0
VERSION: 1.84
COMMAND: -wd ../../../tests/Sequence -d db -d ast sequence20.sv -nobuiltin -mt 0 -d dbstats -d cache -writepp -d db -nostdout -o ${HLC_DIR}/regression/Sequence/sequence20
[INF:CM5022] Creating log file "$Output/hlc.log".
[INF:PP5223] Preprocessing source file "$Source01/sequence20.sv".
[INF:PA5502] Parsing source file "$Source01/sequence20.sv".
AST_DEBUG_BEGIN
Count: 237
LIB: work
FILE<0>:$Source01/sequence20.sv
n<$Source01/sequence20.sv> u<236> t<Top_level_rule> c<1> l<1:1> el<21:10>
  n<> u<1> t<Null_rule> p<236> s<235> l<1:1>
  n<> u<235> t<Source_text> p<236> c<234> l<1:1> el<21:10>
    n<> u<234> t<Description> p<235> c<233> l<1:1> el<21:10>
      n<> u<233> t<Module_declaration> p<234> c<5> l<1:1> el<21:10>
        n<> u<5> t<Module_ansi_header> p<233> c<2> s<17> l<1:1> el<1:11>
          n<module> u<2> t<MODULE> p<5> s<3> l<1:1> el<1:7>
          n<tb> u<3> t<SIMPLE_IDENTIFIER> p<5> s<4> l<1:8> el<1:10>
          n<> u<4> t<Package_import_declaration_list> p<5> l<1:10> el<1:10>
        n<> u<17> t<Non_port_module_item> p<233> c<16> s<46> l<2:3> el<2:11>
          n<> u<16> t<Module_or_generate_item> p<17> c<15> l<2:3> el<2:11>
            n<> u<15> t<Module_common_item> p<16> c<14> l<2:3> el<2:11>
              n<> u<14> t<Module_or_generate_item_declaration> p<15> c<13> l<2:3> el<2:11>
                n<> u<13> t<Package_or_generate_item_declaration> p<14> c<12> l<2:3> el<2:11>
                  n<> u<12> t<Data_declaration> p<13> c<11> l<2:3> el<2:11>
                    n<> u<11> t<Variable_declaration> p<12> c<7> l<2:3> el<2:11>
                      n<> u<7> t<Data_type> p<11> c<6> s<10> l<2:3> el<2:6>
                        n<> u<6> t<BIT> p<7> l<2:3> el<2:6>
                      n<> u<10> t<Variable_decl_assignment_list> p<11> c<9> l<2:7> el<2:10>
                        n<> u<9> t<Variable_decl_assignment> p<10> c<8> l<2:7> el<2:10>
                          n<clk> u<8> t<SIMPLE_IDENTIFIER> p<9> l<2:7> el<2:10>
        n<> u<46> t<Non_port_module_item> p<233> c<45> s<60> l<2:12> el<2:33>
          n<> u<45> t<Module_or_generate_item> p<46> c<44> l<2:12> el<2:33>
            n<> u<44> t<Module_common_item> p<45> c<43> l<2:12> el<2:33>
              n<> u<43> t<Always_construct> p<44> c<18> l<2:12> el<2:33>
                n<> u<18> t<ALWAYS> p<43> s<42> l<2:12> el<2:18>
                n<> u<42> t<Statement> p<43> c<41> l<2:19> el<2:33>
                  n<> u<41> t<Statement_item> p<42> c<40> l<2:19> el<2:33>
                    n<> u<40> t<Procedural_timing_control_statement> p<41> c<23> l<2:19> el<2:33>
                      n<> u<23> t<Procedural_timing_control> p<40> c<22> s<39> l<2:19> el<2:21>
                        n<> u<22> t<Delay_control> p<23> c<21> l<2:19> el<2:21>
                          n<> u<21> t<Pound_delay_value> p<22> c<20> l<2:19> el<2:21>
                            n<#5> u<20> t<Pound_time_literal> p<21> c<19> l<2:19> el<2:21>
                              n<#5> u<19> t<POUND_DELAY> p<20> l<2:19> el<2:21>
                      n<> u<39> t<Statement_or_null> p<40> c<38> l<2:22> el<2:33>
                        n<> u<38> t<Statement> p<39> c<37> l<2:22> el<2:33>
                          n<> u<37> t<Statement_item> p<38> c<36> l<2:22> el<2:33>
                            n<> u<36> t<Blocking_assignment> p<37> c<35> l<2:22> el<2:32>
                              n<> u<35> t<Variable_assignment> p<36> c<28> l<2:22> el<2:32>
                                n<> u<28> t<Variable_lvalue> p<35> c<25> s<34> l<2:22> el<2:25>
                                  n<> u<25> t<Ps_or_hierarchical_identifier> p<28> c<24> s<27> l<2:22> el<2:25>
                                    n<clk> u<24> t<SIMPLE_IDENTIFIER> p<25> l<2:22> el<2:25>
                                  n<> u<27> t<Select> p<28> c<26> l<2:26> el<2:26>
                                    n<> u<26> t<Bit_select> p<27> l<2:26> el<2:26>
                                n<> u<34> t<Expression> p<35> c<33> l<2:28> el<2:32>
                                  n<> u<33> t<TILDA> p<34> s<32> l<2:28> el<2:29>
                                  n<> u<32> t<Expression> p<34> c<31> l<2:29> el<2:32>
                                    n<> u<31> t<Primary> p<32> c<30> l<2:29> el<2:32>
                                      n<> u<30> t<Primary_literal> p<31> c<29> l<2:29> el<2:32>
                                        n<clk> u<29> t<SIMPLE_IDENTIFIER> p<30> l<2:29> el<2:32>
        n<> u<60> t<Non_port_module_item> p<233> c<59> s<86> l<3:3> el<3:11>
          n<> u<59> t<Module_or_generate_item> p<60> c<58> l<3:3> el<3:11>
            n<> u<58> t<Module_common_item> p<59> c<57> l<3:3> el<3:11>
              n<> u<57> t<Module_or_generate_item_declaration> p<58> c<56> l<3:3> el<3:11>
                n<> u<56> t<Package_or_generate_item_declaration> p<57> c<55> l<3:3> el<3:11>
                  n<> u<55> t<Data_declaration> p<56> c<54> l<3:3> el<3:11>
                    n<> u<54> t<Variable_declaration> p<55> c<48> l<3:3> el<3:11>
                      n<> u<48> t<Data_type> p<54> c<47> s<53> l<3:3> el<3:6>
                        n<> u<47> t<BIT> p<48> l<3:3> el<3:6>
                      n<> u<53> t<Variable_decl_assignment_list> p<54> c<50> l<3:7> el<3:10>
                        n<> u<50> t<Variable_decl_assignment> p<53> c<49> s<52> l<3:7> el<3:8>
                          n<a> u<49> t<SIMPLE_IDENTIFIER> p<50> l<3:7> el<3:8>
                        n<> u<52> t<Variable_decl_assignment> p<53> c<51> l<3:9> el<3:10>
                          n<b> u<51> t<SIMPLE_IDENTIFIER> p<52> l<3:9> el<3:10>
        n<> u<86> t<Non_port_module_item> p<233> c<85> s<112> l<5:3> el<7:14>
          n<> u<85> t<Module_or_generate_item> p<86> c<84> l<5:3> el<7:14>
            n<> u<84> t<Module_common_item> p<85> c<83> l<5:3> el<7:14>
              n<> u<83> t<Module_or_generate_item_declaration> p<84> c<82> l<5:3> el<7:14>
                n<> u<82> t<Package_or_generate_item_declaration> p<83> c<81> l<5:3> el<7:14>
                  n<> u<81> t<Assertion_item_declaration> p<82> c<80> l<5:3> el<7:14>
                    n<> u<80> t<Sequence_declaration> p<81> c<61> l<5:3> el<7:14>
                      n<seq_delay_star> u<61> t<SIMPLE_IDENTIFIER> p<80> s<77> l<5:12> el<5:26>
                      n<> u<77> t<Sequence_expr> p<80> c<67> s<78> l<6:5> el<6:14>
                        n<> u<67> t<Sequence_expr> p<77> c<66> s<70> l<6:5> el<6:6>
                          n<> u<66> t<Expression_or_dist> p<67> c<65> l<6:5> el<6:6>
                            n<> u<65> t<Expression> p<66> c<64> l<6:5> el<6:6>
                              n<> u<64> t<Primary> p<65> c<63> l<6:5> el<6:6>
                                n<> u<63> t<Primary_literal> p<64> c<62> l<6:5> el<6:6>
                                  n<a> u<62> t<SIMPLE_IDENTIFIER> p<63> l<6:5> el<6:6>
                        n<> u<70> t<Cycle_delay_range> p<77> c<68> s<76> l<6:7> el<6:12>
                          n<##> u<68> t<POUND_POUND_DELAY> p<70> s<69> l<6:7> el<6:9>
                          n<> u<69> t<STAR> p<70> l<6:9> el<6:12>
                        n<> u<76> t<Sequence_expr> p<77> c<75> l<6:13> el<6:14>
                          n<> u<75> t<Expression_or_dist> p<76> c<74> l<6:13> el<6:14>
                            n<> u<74> t<Expression> p<75> c<73> l<6:13> el<6:14>
                              n<> u<73> t<Primary> p<74> c<72> l<6:13> el<6:14>
                                n<> u<72> t<Primary_literal> p<73> c<71> l<6:13> el<6:14>
                                  n<b> u<71> t<SIMPLE_IDENTIFIER> p<72> l<6:13> el<6:14>
                      n<// any delay (including 0)> u<78> t<LINE_COMMENT> p<80> s<79> l<6:17> el<6:43>
                      n<> u<79> t<ENDSEQUENCE> p<80> l<7:3> el<7:14>
        n<> u<112> t<Non_port_module_item> p<233> c<111> s<135> l<9:3> el<11:14>
          n<> u<111> t<Module_or_generate_item> p<112> c<110> l<9:3> el<11:14>
            n<> u<110> t<Module_common_item> p<111> c<109> l<9:3> el<11:14>
              n<> u<109> t<Module_or_generate_item_declaration> p<110> c<108> l<9:3> el<11:14>
                n<> u<108> t<Package_or_generate_item_declaration> p<109> c<107> l<9:3> el<11:14>
                  n<> u<107> t<Assertion_item_declaration> p<108> c<106> l<9:3> el<11:14>
                    n<> u<106> t<Sequence_declaration> p<107> c<87> l<9:3> el<11:14>
                      n<seq_delay_plus> u<87> t<SIMPLE_IDENTIFIER> p<106> s<103> l<9:12> el<9:26>
                      n<> u<103> t<Sequence_expr> p<106> c<93> s<104> l<10:5> el<10:14>
                        n<> u<93> t<Sequence_expr> p<103> c<92> s<96> l<10:5> el<10:6>
                          n<> u<92> t<Expression_or_dist> p<93> c<91> l<10:5> el<10:6>
                            n<> u<91> t<Expression> p<92> c<90> l<10:5> el<10:6>
                              n<> u<90> t<Primary> p<91> c<89> l<10:5> el<10:6>
                                n<> u<89> t<Primary_literal> p<90> c<88> l<10:5> el<10:6>
                                  n<a> u<88> t<SIMPLE_IDENTIFIER> p<89> l<10:5> el<10:6>
                        n<> u<96> t<Cycle_delay_range> p<103> c<94> s<102> l<10:7> el<10:12>
                          n<##> u<94> t<POUND_POUND_DELAY> p<96> s<95> l<10:7> el<10:9>
                          n<> u<95> t<PLUS> p<96> l<10:10> el<10:11>
                        n<> u<102> t<Sequence_expr> p<103> c<101> l<10:13> el<10:14>
                          n<> u<101> t<Expression_or_dist> p<102> c<100> l<10:13> el<10:14>
                            n<> u<100> t<Expression> p<101> c<99> l<10:13> el<10:14>
                              n<> u<99> t<Primary> p<100> c<98> l<10:13> el<10:14>
                                n<> u<98> t<Primary_literal> p<99> c<97> l<10:13> el<10:14>
                                  n<b> u<97> t<SIMPLE_IDENTIFIER> p<98> l<10:13> el<10:14>
                      n<// delay >=1> u<104> t<LINE_COMMENT> p<106> s<105> l<10:17> el<10:29>
                      n<> u<105> t<ENDSEQUENCE> p<106> l<11:3> el<11:14>
        n<> u<135> t<Non_port_module_item> p<233> c<134> s<158> l<13:3> el<13:50>
          n<> u<134> t<Module_or_generate_item> p<135> c<133> l<13:3> el<13:50>
            n<> u<133> t<Module_common_item> p<134> c<132> l<13:3> el<13:50>
              n<> u<132> t<Assertion_item> p<133> c<131> l<13:3> el<13:50>
                n<> u<131> t<Concurrent_assertion_item> p<132> c<130> l<13:3> el<13:50>
                  n<> u<130> t<Concurrent_assertion_statement> p<131> c<129> l<13:3> el<13:50>
                    n<> u<129> t<Assert_property_statement> p<130> c<126> l<13:3> el<13:50>
                      n<> u<126> t<Property_spec> p<129> c<119> s<128> l<13:19> el<13:48>
                        n<> u<119> t<Clocking_event> p<126> c<118> s<125> l<13:19> el<13:33>
                          n<> u<118> t<Event_expression> p<119> c<113> l<13:21> el<13:32>
                            n<> u<113> t<POSEDGE> p<118> s<117> l<13:21> el<13:28>
                            n<> u<117> t<Expression> p<118> c<116> l<13:29> el<13:32>
                              n<> u<116> t<Primary> p<117> c<115> l<13:29> el<13:32>
                                n<> u<115> t<Primary_literal> p<116> c<114> l<13:29> el<13:32>
                                  n<clk> u<114> t<SIMPLE_IDENTIFIER> p<115> l<13:29> el<13:32>
                        n<> u<125> t<Property_expr> p<126> c<124> l<13:34> el<13:48>
                          n<> u<124> t<Sequence_expr> p<125> c<123> l<13:34> el<13:48>
                            n<> u<123> t<Sequence_instance> p<124> c<122> l<13:34> el<13:48>
                              n<> u<122> t<Ps_or_hierarchical_sequence_identifier> p<123> c<121> l<13:34> el<13:48>
                                n<> u<121> t<Ps_or_hierarchical_array_identifier> p<122> c<120> l<13:34> el<13:48>
                                  n<seq_delay_star> u<120> t<SIMPLE_IDENTIFIER> p<121> l<13:34> el<13:48>
                      n<> u<128> t<Action_block> p<129> c<127> l<13:49> el<13:50>
                        n<> u<127> t<Statement_or_null> p<128> l<13:49> el<13:50>
        n<> u<158> t<Non_port_module_item> p<233> c<157> s<231> l<14:3> el<14:50>
          n<> u<157> t<Module_or_generate_item> p<158> c<156> l<14:3> el<14:50>
            n<> u<156> t<Module_common_item> p<157> c<155> l<14:3> el<14:50>
              n<> u<155> t<Assertion_item> p<156> c<154> l<14:3> el<14:50>
                n<> u<154> t<Concurrent_assertion_item> p<155> c<153> l<14:3> el<14:50>
                  n<> u<153> t<Concurrent_assertion_statement> p<154> c<152> l<14:3> el<14:50>
                    n<> u<152> t<Assert_property_statement> p<153> c<149> l<14:3> el<14:50>
                      n<> u<149> t<Property_spec> p<152> c<142> s<151> l<14:19> el<14:48>
                        n<> u<142> t<Clocking_event> p<149> c<141> s<148> l<14:19> el<14:33>
                          n<> u<141> t<Event_expression> p<142> c<136> l<14:21> el<14:32>
                            n<> u<136> t<POSEDGE> p<141> s<140> l<14:21> el<14:28>
                            n<> u<140> t<Expression> p<141> c<139> l<14:29> el<14:32>
                              n<> u<139> t<Primary> p<140> c<138> l<14:29> el<14:32>
                                n<> u<138> t<Primary_literal> p<139> c<137> l<14:29> el<14:32>
                                  n<clk> u<137> t<SIMPLE_IDENTIFIER> p<138> l<14:29> el<14:32>
                        n<> u<148> t<Property_expr> p<149> c<147> l<14:34> el<14:48>
                          n<> u<147> t<Sequence_expr> p<148> c<146> l<14:34> el<14:48>
                            n<> u<146> t<Sequence_instance> p<147> c<145> l<14:34> el<14:48>
                              n<> u<145> t<Ps_or_hierarchical_sequence_identifier> p<146> c<144> l<14:34> el<14:48>
                                n<> u<144> t<Ps_or_hierarchical_array_identifier> p<145> c<143> l<14:34> el<14:48>
                                  n<seq_delay_plus> u<143> t<SIMPLE_IDENTIFIER> p<144> l<14:34> el<14:48>
                      n<> u<151> t<Action_block> p<152> c<150> l<14:49> el<14:50>
                        n<> u<150> t<Statement_or_null> p<151> l<14:49> el<14:50>
        n<> u<231> t<Non_port_module_item> p<233> c<230> s<232> l<16:3> el<20:6>
          n<> u<230> t<Module_or_generate_item> p<231> c<229> l<16:3> el<20:6>
            n<> u<229> t<Module_common_item> p<230> c<228> l<16:3> el<20:6>
              n<> u<228> t<Initial_construct> p<229> c<227> l<16:3> el<20:6>
                n<> u<227> t<Statement_or_null> p<228> c<226> l<16:11> el<20:6>
                  n<> u<226> t<Statement> p<227> c<225> l<16:11> el<20:6>
                    n<> u<225> t<Statement_item> p<226> c<224> l<16:11> el<20:6>
                      n<> u<224> t<Seq_block> p<225> c<181> l<16:11> el<20:6>
                        n<> u<181> t<Statement_or_null> p<224> c<180> s<204> l<17:5> el<17:13>
                          n<> u<180> t<Statement> p<181> c<179> l<17:5> el<17:13>
                            n<> u<179> t<Statement_item> p<180> c<178> l<17:5> el<17:13>
                              n<> u<178> t<Procedural_timing_control_statement> p<179> c<163> l<17:5> el<17:13>
                                n<> u<163> t<Procedural_timing_control> p<178> c<162> s<177> l<17:5> el<17:8>
                                  n<> u<162> t<Delay_control> p<163> c<161> l<17:5> el<17:8>
                                    n<> u<161> t<Pound_delay_value> p<162> c<160> l<17:5> el<17:8>
                                      n<#10> u<160> t<Pound_time_literal> p<161> c<159> l<17:5> el<17:8>
                                        n<#10> u<159> t<POUND_DELAY> p<160> l<17:5> el<17:8>
                                n<> u<177> t<Statement_or_null> p<178> c<176> l<17:9> el<17:13>
                                  n<> u<176> t<Statement> p<177> c<175> l<17:9> el<17:13>
                                    n<> u<175> t<Statement_item> p<176> c<174> l<17:9> el<17:13>
                                      n<> u<174> t<Blocking_assignment> p<175> c<173> l<17:9> el<17:12>
                                        n<> u<173> t<Variable_assignment> p<174> c<168> l<17:9> el<17:12>
                                          n<> u<168> t<Variable_lvalue> p<173> c<165> s<172> l<17:9> el<17:10>
                                            n<> u<165> t<Ps_or_hierarchical_identifier> p<168> c<164> s<167> l<17:9> el<17:10>
                                              n<a> u<164> t<SIMPLE_IDENTIFIER> p<165> l<17:9> el<17:10>
                                            n<> u<167> t<Select> p<168> c<166> l<17:10> el<17:10>
                                              n<> u<166> t<Bit_select> p<167> l<17:10> el<17:10>
                                          n<> u<172> t<Expression> p<173> c<171> l<17:11> el<17:12>
                                            n<> u<171> t<Primary> p<172> c<170> l<17:11> el<17:12>
                                              n<> u<170> t<Primary_literal> p<171> c<169> l<17:11> el<17:12>
                                                n<1> u<169> t<INTEGRAL_NUMBER> p<170> l<17:11> el<17:12>
                        n<> u<204> t<Statement_or_null> p<224> c<203> s<222> l<18:5> el<18:13>
                          n<> u<203> t<Statement> p<204> c<202> l<18:5> el<18:13>
                            n<> u<202> t<Statement_item> p<203> c<201> l<18:5> el<18:13>
                              n<> u<201> t<Procedural_timing_control_statement> p<202> c<186> l<18:5> el<18:13>
                                n<> u<186> t<Procedural_timing_control> p<201> c<185> s<200> l<18:5> el<18:8>
                                  n<> u<185> t<Delay_control> p<186> c<184> l<18:5> el<18:8>
                                    n<> u<184> t<Pound_delay_value> p<185> c<183> l<18:5> el<18:8>
                                      n<#30> u<183> t<Pound_time_literal> p<184> c<182> l<18:5> el<18:8>
                                        n<#30> u<182> t<POUND_DELAY> p<183> l<18:5> el<18:8>
                                n<> u<200> t<Statement_or_null> p<201> c<199> l<18:9> el<18:13>
                                  n<> u<199> t<Statement> p<200> c<198> l<18:9> el<18:13>
                                    n<> u<198> t<Statement_item> p<199> c<197> l<18:9> el<18:13>
                                      n<> u<197> t<Blocking_assignment> p<198> c<196> l<18:9> el<18:12>
                                        n<> u<196> t<Variable_assignment> p<197> c<191> l<18:9> el<18:12>
                                          n<> u<191> t<Variable_lvalue> p<196> c<188> s<195> l<18:9> el<18:10>
                                            n<> u<188> t<Ps_or_hierarchical_identifier> p<191> c<187> s<190> l<18:9> el<18:10>
                                              n<b> u<187> t<SIMPLE_IDENTIFIER> p<188> l<18:9> el<18:10>
                                            n<> u<190> t<Select> p<191> c<189> l<18:10> el<18:10>
                                              n<> u<189> t<Bit_select> p<190> l<18:10> el<18:10>
                                          n<> u<195> t<Expression> p<196> c<194> l<18:11> el<18:12>
                                            n<> u<194> t<Primary> p<195> c<193> l<18:11> el<18:12>
                                              n<> u<193> t<Primary_literal> p<194> c<192> l<18:11> el<18:12>
                                                n<1> u<192> t<INTEGRAL_NUMBER> p<193> l<18:11> el<18:12>
                        n<> u<222> t<Statement_or_null> p<224> c<221> s<223> l<19:5> el<19:17>
                          n<> u<221> t<Statement> p<222> c<220> l<19:5> el<19:17>
                            n<> u<220> t<Statement_item> p<221> c<219> l<19:5> el<19:17>
                              n<> u<219> t<Procedural_timing_control_statement> p<220> c<209> l<19:5> el<19:17>
                                n<> u<209> t<Procedural_timing_control> p<219> c<208> s<218> l<19:5> el<19:8>
                                  n<> u<208> t<Delay_control> p<209> c<207> l<19:5> el<19:8>
                                    n<> u<207> t<Pound_delay_value> p<208> c<206> l<19:5> el<19:8>
                                      n<#50> u<206> t<Pound_time_literal> p<207> c<205> l<19:5> el<19:8>
                                        n<#50> u<205> t<POUND_DELAY> p<206> l<19:5> el<19:8>
                                n<> u<218> t<Statement_or_null> p<219> c<217> l<19:9> el<19:17>
                                  n<> u<217> t<Statement> p<218> c<216> l<19:9> el<19:17>
                                    n<> u<216> t<Statement_item> p<217> c<215> l<19:9> el<19:17>
                                      n<> u<215> t<Subroutine_call_statement> p<216> c<214> l<19:9> el<19:17>
                                        n<> u<214> t<Subroutine_call> p<215> c<210> l<19:9> el<19:16>
                                          n<$> u<210> t<DOLLAR> p<214> s<211> l<19:9> el<19:10>
                                          n<finish> u<211> t<SIMPLE_IDENTIFIER> p<214> s<213> l<19:10> el<19:16>
                                          n<> u<213> t<Select> p<214> c<212> l<19:16> el<19:16>
                                            n<> u<212> t<Bit_select> p<213> l<19:16> el<19:16>
                        n<> u<223> t<END> p<224> l<20:3> el<20:6>
        n<> u<232> t<ENDMODULE> p<233> l<21:1> el<21:10>
AST_DEBUG_END
[INF:CP5804] $Source01/sequence20.sv:1:1: Compile module "tb".
[WRN:PA5506] $Source01/sequence20.sv:1:1: No timescale set for "tb".
====== HLDB =======
Design name:unnamed:
  vpiName: unnamed
  vpiSourceFile (1 items):
    SourceFile name:sequence20.sv file:$Source01/sequence20.sv:
      vpiParent: Design name:unnamed
      vpiName: sequence20.sv
      vpiPreprocFile: "$Output/lib/work/sequence20.sv"
  vpiAllModules (1 items):
    Module name:tb file:$Source01/sequence20.sv start:1:1 end:21:10:
      vpiParent: Design name:unnamed
      vpiName Identifier name:tb start:1:8 end:1:10:
      vpiFullName: tb
      vpiSequenceDecl (2 items):
        SequenceDecl name:seq_delay_star start:5:3 end:7:14:
          vpiParent: Module name:tb
          vpiName Identifier name:seq_delay_star start:5:12 end:5:26:
          vpiFullName: tb.seq_delay_star
          vpiExpr Operation start:6:5 end:6:14:
            vpiParent: SequenceDecl name:seq_delay_star
            vpiOpType: binary cycle delay (71)
            vpiOperand (3 items):
              RefObj name:a start:6:5 end:6:6:
                vpiParent: Operation
                vpiName: a
                vpiFullName: tb.seq_delay_star.a
                vpiActual: Variable name:a
              Range start:6:7 end:6:12:
                vpiParent: Operation
                vpiLeftRange Constant:
                  vpiParent: Range
                  vpiTypespec RefTypespec:
                    vpiParent: Constant
                    vpiFullName: tb.seq_delay_star
                    vpiActual: IntTypespec
                  vpiConstType: int (7)
                  vpiDecompile: "0"
                  vpiValue: 0
                vpiRightRange Constant:
                  vpiParent: Range
                  vpiTypespec RefTypespec:
                    vpiParent: Constant
                    vpiFullName: tb.seq_delay_star
                    vpiActual: StringTypespec
                  vpiConstType: unbounded (11)
                  vpiDecompile: "$"
                  vpiValue: "$"
              RefObj name:b start:6:13 end:6:14:
                vpiParent: Operation
                vpiName: b
                vpiFullName: tb.seq_delay_star.b
                vpiActual: Variable name:b
        SequenceDecl name:seq_delay_plus start:9:3 end:11:14:
          vpiParent: Module name:tb
          vpiName Identifier name:seq_delay_plus start:9:12 end:9:26:
          vpiFullName: tb.seq_delay_plus
          vpiExpr Operation start:10:5 end:10:14:
            vpiParent: SequenceDecl name:seq_delay_plus
            vpiOpType: binary cycle delay (71)
            vpiOperand (3 items):
              RefObj name:a start:10:5 end:10:6:
                vpiParent: Operation
                vpiName: a
                vpiFullName: tb.seq_delay_plus.a
                vpiActual: Variable name:a
              Range start:10:7 end:10:12:
                vpiParent: Operation
                vpiLeftRange Constant:
                  vpiParent: Range
                  vpiTypespec RefTypespec:
                    vpiParent: Constant
                    vpiFullName: tb.seq_delay_plus
                    vpiActual: IntTypespec
                  vpiConstType: int (7)
                  vpiDecompile: "1"
                  vpiValue: 1
                vpiRightRange Constant:
                  vpiParent: Range
                  vpiTypespec RefTypespec:
                    vpiParent: Constant
                    vpiFullName: tb.seq_delay_plus
                    vpiActual: StringTypespec
                  vpiConstType: unbounded (11)
                  vpiDecompile: "$"
                  vpiValue: "$"
              RefObj name:b start:10:13 end:10:14:
                vpiParent: Operation
                vpiName: b
                vpiFullName: tb.seq_delay_plus.b
                vpiActual: Variable name:b
      vpiConcurrentAssertions (2 items):
        Assert start:13:3 end:13:50:
          vpiParent: Module name:tb
          vpiProperty PropertySpec start:13:19 end:13:48:
            vpiParent: Assert
            vpiClockingEvent Operation start:13:21 end:13:32:
              vpiParent: PropertySpec
              vpiOpType: posedge (39)
              vpiOperand (1 items):
                RefObj name:clk start:13:29 end:13:32:
                  vpiParent: Operation
                  vpiName: clk
                  vpiFullName: tb.clk
                  vpiActual: Variable name:clk
            vpiPropertyExpr SequenceInst name:seq_delay_star start:13:34 end:13:48:
              vpiParent: PropertySpec
              vpiName: seq_delay_star
              vpiSequenceDecl: SequenceDecl name:seq_delay_star
        Assert start:14:3 end:14:50:
          vpiParent: Module name:tb
          vpiProperty PropertySpec start:14:19 end:14:48:
            vpiParent: Assert
            vpiClockingEvent Operation start:14:21 end:14:32:
              vpiParent: PropertySpec
              vpiOpType: posedge (39)
              vpiOperand (1 items):
                RefObj name:clk start:14:29 end:14:32:
                  vpiParent: Operation
                  vpiName: clk
                  vpiFullName: tb.clk
                  vpiActual: Variable name:clk
            vpiPropertyExpr SequenceInst name:seq_delay_plus start:14:34 end:14:48:
              vpiParent: PropertySpec
              vpiName: seq_delay_plus
              vpiSequenceDecl: SequenceDecl name:seq_delay_plus
      vpiVariable (3 items):
        Variable name:clk start:2:7 end:2:10:
          vpiParent: Module name:tb
          vpiTypespec RefTypespec start:2:3 end:2:6:
            vpiParent: Variable name:clk
            vpiFullName: tb.clk
            vpiActual: BitTypespec
          vpiName: clk
          vpiFullName: tb.clk
        Variable name:a start:3:7 end:3:8:
          vpiParent: Module name:tb
          vpiTypespec RefTypespec start:3:3 end:3:6:
            vpiParent: Variable name:a
            vpiFullName: tb.a
            vpiActual: BitTypespec
          vpiName: a
          vpiFullName: tb.a
        Variable name:b start:3:9 end:3:10:
          vpiParent: Module name:tb
          vpiTypespec RefTypespec start:3:3 end:3:6:
            vpiParent: Variable name:b
            vpiFullName: tb.b
            vpiActual: BitTypespec
          vpiName: b
          vpiFullName: tb.b
      vpiTypespec (3 items):
        BitTypespec:
          vpiParent: Module name:tb
        SequenceTypespec name:seq_delay_star:
          vpiParent: Module name:tb
          vpiName: seq_delay_star
          vpiSequenceDecl: SequenceDecl name:seq_delay_star
        SequenceTypespec name:seq_delay_plus:
          vpiParent: Module name:tb
          vpiName: seq_delay_plus
          vpiSequenceDecl: SequenceDecl name:seq_delay_plus
      vpiDefName: tb
      vpiDefNetType: wire (1)
      vpiDefDelayMode: none (1)
      vpiUnconnDrive: highz (1)
      vpiLibrary RefObj name:work start:1:8 end:1:10:
        vpiParent: Module name:tb
        vpiName: work
        vpiFullName: tb.work
        vpiActual: Library name:work
      vpiCell: tb
      vpiProcess (2 items):
        Always start:2:12 end:2:33:
          vpiParent: Module name:tb
          vpiStmt DelayControl start:2:19 end:2:33:
            vpiParent: Always
            vpiDelay: 5
            vpiStmt Assignment start:2:22 end:2:32:
              vpiParent: DelayControl
              vpiBlocking: true
              vpiLhs RefObj name:clk start:2:22 end:2:25:
                vpiParent: Assignment
                vpiName: clk
                vpiFullName: tb.clk
                vpiActual: Variable name:clk
              vpiRhs Operation start:2:28 end:2:32:
                vpiParent: Assignment
                vpiOpType: bitwise negation (4)
                vpiOperand (1 items):
                  RefObj name:clk start:2:29 end:2:32:
                    vpiParent: Operation
                    vpiName: clk
                    vpiFullName: tb.clk
                    vpiActual: Variable name:clk
            vpiDelay Constant start:2:20 end:2:21:
              vpiParent: DelayControl
              vpiTypespec RefTypespec:
                vpiParent: Constant
                vpiFullName: tb
                vpiActual: IntTypespec
              vpiConstType: int (7)
              vpiSize: 32
              vpiDecompile: "5"
              vpiValue: 5
          vpiAlwaysType: always (1)
        Initial start:16:3 end:20:6:
          vpiParent: Module name:tb
          vpiStmt Begin start:16:11 end:20:6:
            vpiParent: Initial
            vpiFullName: tb
            vpiStmt (3 items):
              DelayControl start:17:5 end:17:13:
                vpiParent: Begin
                vpiDelay: 10
                vpiStmt Assignment start:17:9 end:17:12:
                  vpiParent: DelayControl
                  vpiBlocking: true
                  vpiLhs RefObj name:a start:17:9 end:17:10:
                    vpiParent: Assignment
                    vpiName: a
                    vpiFullName: tb.a
                    vpiActual: Variable name:a
                  vpiRhs Constant start:17:11 end:17:12:
                    vpiParent: Assignment
                    vpiTypespec RefTypespec:
                      vpiParent: Constant
                      vpiFullName: tb
                      vpiActual: IntTypespec
                    vpiConstType: unsigned int (9)
                    vpiSize: 64
                    vpiDecompile: "1"
                    vpiValue: 1
                vpiDelay Constant start:17:6 end:17:8:
                  vpiParent: DelayControl
                  vpiTypespec RefTypespec:
                    vpiParent: Constant
                    vpiFullName: tb
                    vpiActual: IntTypespec
                  vpiConstType: int (7)
                  vpiSize: 32
                  vpiDecompile: "10"
                  vpiValue: 10
              DelayControl start:18:5 end:18:13:
                vpiParent: Begin
                vpiDelay: 30
                vpiStmt Assignment start:18:9 end:18:12:
                  vpiParent: DelayControl
                  vpiBlocking: true
                  vpiLhs RefObj name:b start:18:9 end:18:10:
                    vpiParent: Assignment
                    vpiName: b
                    vpiFullName: tb.b
                    vpiActual: Variable name:b
                  vpiRhs Constant start:18:11 end:18:12:
                    vpiParent: Assignment
                    vpiTypespec RefTypespec:
                      vpiParent: Constant
                      vpiFullName: tb
                      vpiActual: IntTypespec
                    vpiConstType: unsigned int (9)
                    vpiSize: 64
                    vpiDecompile: "1"
                    vpiValue: 1
                vpiDelay Constant start:18:6 end:18:8:
                  vpiParent: DelayControl
                  vpiTypespec RefTypespec:
                    vpiParent: Constant
                    vpiFullName: tb
                    vpiActual: IntTypespec
                  vpiConstType: int (7)
                  vpiSize: 32
                  vpiDecompile: "30"
                  vpiValue: 30
              DelayControl start:19:5 end:19:17:
                vpiParent: Begin
                vpiDelay: 50
                vpiStmt SysTaskCall name:$finish start:19:9 end:19:16:
                  vpiParent: DelayControl
                  vpiName Identifier name:$finish start:19:9 end:19:16:
                  vpiIsProperty: true
                vpiDelay Constant start:19:6 end:19:8:
                  vpiParent: DelayControl
                  vpiTypespec RefTypespec:
                    vpiParent: Constant
                    vpiFullName: tb
                    vpiActual: IntTypespec
                  vpiConstType: int (7)
                  vpiSize: 32
                  vpiDecompile: "50"
                  vpiValue: 50
  vpiTypespec (3 items):
    ModuleTypespec name:tb:
      vpiParent: Design name:unnamed
      vpiName Identifier name:tb start:1:8 end:1:10:
      vpiDefName: tb
      vpiModule: Module name:tb
    IntTypespec:
      vpiParent: Design name:unnamed
      vpiSigned: true
    StringTypespec:
      vpiParent: Design name:unnamed
  vpiLibrary (1 items):
    Library name:work:
      vpiParent: Design name:unnamed
      vpiName: work
===================
[  FATAL] : 0
[ SYNTAX] : 0
[  ERROR] : 0
[WARNING] : 1
[   NOTE] : 0
********************************************************************************
*                    End HLC SystemVerilog Compiler/Linter                     *
********************************************************************************

#**#**#**#**#**#**#**#**#**#**#**#**#**#**#**#**#**#**#**#**#**#**#**#**#**#**#**#**#**#**#**#**#**#**#**#**#**#**#**#**

Environment:
      test-name: Sequence/sequence20
   test-dirpath: ${HLC_DIR}/regression/Sequence/sequence20
  hldb-filepath: ${HLC_DIR}/regression/Sequence/sequence20/design.hldb
mounts-filepath: ${HLC_DIR}/regression/Sequence/sequence20/mounts.json


{'result': {'coverage': 100.0,
            'error_count': 0,
            'file_count': 1,
            'files': {'$Output/lib/work/sequence20.sv': {'post_len': 0,
                                                         'pre_len': 285}},
            'post_len': 0,
            'pre_len': 285,
            'test_name': 'Sequence/sequence20'}}

+--------------------------------+----------+-----------+
| INPUT                          |   PRELEN |   POSTLEN |
+================================+==========+===========+
| $Output/lib/work/sequence20.sv |      285 |         0 |
+================================+==========+===========+
|                                |      285 |         0 |
+--------------------------------+----------+-----------+

[   ERROR] : 0
[COVERAGE] : 100.0


#**#**#**#**#**#**#**#**#**#**#**#**#**#**#**#**#**#**#**#**#**#**#**#**#**#**#**#**#**#**#**#**#**#**#**#**#**#**#**#**

COMMAND: ${HLC_DIR}/regression/Sequence/sequence20/design.hldb ${HLC_DIR}/regression/Sequence/sequence20/reduced.hldb

==================== BEGIN REDUCTION RESULT ====================
Name                            Before   After   Added   Removed
----------------------------------------------------------------
----------------------------------------------------------------
Others                              78      78       0         0
----------------------------------------------------------------
                                    78      78       0         0
===================== END REDUCTION RESULT =====================
