********************************************************************************
*                   Begin HLC SystemVerilog Compiler/Linter                    *
********************************************************************************
Copyright (c) 2020 Apotell,
http://www.apache.org/licenses/LICENSE-2.0
VERSION: 1.84
COMMAND: -wd ../../../tests/HighLow -d db -d ast dut.sv -nobuiltin -mt 0 -d dbstats -d cache -writepp -d db -nostdout -o ${HLC_DIR}/regression/HighLow/HighLow
[INF:CM5022] Creating log file "$Output/hlc.log".
[INF:PP5223] Preprocessing source file "$Source01/dut.sv".
[INF:PA5502] Parsing source file "$Source01/dut.sv".
AST_DEBUG_BEGIN
Count: 287
LIB: work
FILE<0>:$Source01/dut.sv
n<$Source01/dut.sv> u<286> t<Top_level_rule> c<1> l<1:1> el<27:1>
  n<> u<1> t<Null_rule> p<286> s<285> l<1:1>
  n<> u<285> t<Source_text> p<286> c<9> l<1:1> el<26:10>
    n<> u<9> t<Description> p<285> c<8> s<284> l<1:1> el<2:10>
      n<> u<8> t<Module_declaration> p<9> c<6> l<1:1> el<2:10>
        n<> u<6> t<Module_nonansi_header> p<8> c<2> s<7> l<1:1> el<1:15>
          n<module> u<2> t<MODULE> p<6> s<3> l<1:1> el<1:7>
          n<GOOD> u<3> t<SIMPLE_IDENTIFIER> p<6> s<4> l<1:8> el<1:12>
          n<> u<4> t<Package_import_declaration_list> p<6> s<5> l<1:12> el<1:12>
          n<> u<5> t<Port_list> p<6> l<1:12> el<1:14>
        n<> u<7> t<ENDMODULE> p<8> l<2:1> el<2:10>
    n<> u<284> t<Description> p<285> c<283> l<4:1> el<26:10>
      n<> u<283> t<Module_declaration> p<284> c<14> l<4:1> el<26:10>
        n<> u<14> t<Module_nonansi_header> p<283> c<10> s<41> l<4:1> el<4:15>
          n<module> u<10> t<MODULE> p<14> s<11> l<4:1> el<4:7>
          n<top> u<11> t<SIMPLE_IDENTIFIER> p<14> s<12> l<4:8> el<4:11>
          n<> u<12> t<Package_import_declaration_list> p<14> s<13> l<4:12> el<4:12>
          n<> u<13> t<Port_list> p<14> l<4:12> el<4:14>
        n<> u<41> t<Module_item> p<283> c<40> s<66> l<6:3> el<6:26>
          n<> u<40> t<Non_port_module_item> p<41> c<39> l<6:3> el<6:26>
            n<> u<39> t<Module_or_generate_item> p<40> c<38> l<6:3> el<6:26>
              n<> u<38> t<Module_common_item> p<39> c<37> l<6:3> el<6:26>
                n<> u<37> t<Module_or_generate_item_declaration> p<38> c<36> l<6:3> el<6:26>
                  n<> u<36> t<Package_or_generate_item_declaration> p<37> c<35> l<6:3> el<6:26>
                    n<> u<35> t<Parameter_declaration> p<36> c<25> l<6:3> el<6:25>
                      n<> u<25> t<Data_type_or_implicit> p<35> c<24> s<34> l<6:13> el<6:18>
                        n<> u<24> t<Packed_dimension> p<25> c<23> l<6:13> el<6:18>
                          n<> u<23> t<Constant_range> p<24> c<18> l<6:14> el<6:17>
                            n<> u<18> t<Constant_expression> p<23> c<17> s<22> l<6:14> el<6:15>
                              n<> u<17> t<Constant_primary> p<18> c<16> l<6:14> el<6:15>
                                n<> u<16> t<Primary_literal> p<17> c<15> l<6:14> el<6:15>
                                  n<2> u<15> t<INTEGRAL_NUMBER> p<16> l<6:14> el<6:15>
                            n<> u<22> t<Constant_expression> p<23> c<21> l<6:16> el<6:17>
                              n<> u<21> t<Constant_primary> p<22> c<20> l<6:16> el<6:17>
                                n<> u<20> t<Primary_literal> p<21> c<19> l<6:16> el<6:17>
                                  n<1> u<19> t<INTEGRAL_NUMBER> p<20> l<6:16> el<6:17>
                      n<> u<34> t<Param_assignment_list> p<35> c<33> l<6:19> el<6:25>
                        n<> u<33> t<Param_assignment> p<34> c<26> l<6:19> el<6:25>
                          n<a> u<26> t<SIMPLE_IDENTIFIER> p<33> s<32> l<6:19> el<6:20>
                          n<> u<32> t<Constant_param_expression> p<33> c<31> l<6:23> el<6:25>
                            n<> u<31> t<Constant_mintypmax_expression> p<32> c<30> l<6:23> el<6:25>
                              n<> u<30> t<Constant_expression> p<31> c<29> l<6:23> el<6:25>
                                n<> u<29> t<Constant_primary> p<30> c<28> l<6:23> el<6:25>
                                  n<> u<28> t<Primary_literal> p<29> c<27> l<6:23> el<6:25>
                                    n<10> u<27> t<INTEGRAL_NUMBER> p<28> l<6:23> el<6:25>
        n<> u<66> t<Module_item> p<283> c<65> s<91> l<7:3> el<7:30>
          n<> u<65> t<Non_port_module_item> p<66> c<64> l<7:3> el<7:30>
            n<> u<64> t<Module_or_generate_item> p<65> c<63> l<7:3> el<7:30>
              n<> u<63> t<Module_common_item> p<64> c<62> l<7:3> el<7:30>
                n<> u<62> t<Module_or_generate_item_declaration> p<63> c<61> l<7:3> el<7:30>
                  n<> u<61> t<Package_or_generate_item_declaration> p<62> c<60> l<7:3> el<7:30>
                    n<> u<60> t<Parameter_declaration> p<61> c<42> l<7:3> el<7:29>
                      n<> u<42> t<Data_type_or_implicit> p<60> s<59> l<7:14> el<7:14>
                      n<> u<59> t<Param_assignment_list> p<60> c<58> l<7:14> el<7:29>
                        n<> u<58> t<Param_assignment> p<59> c<43> l<7:14> el<7:29>
                          n<high> u<43> t<SIMPLE_IDENTIFIER> p<58> s<57> l<7:14> el<7:18>
                          n<> u<57> t<Constant_param_expression> p<58> c<56> l<7:21> el<7:29>
                            n<> u<56> t<Constant_mintypmax_expression> p<57> c<55> l<7:21> el<7:29>
                              n<> u<55> t<Constant_expression> p<56> c<54> l<7:21> el<7:29>
                                n<> u<54> t<Constant_primary> p<55> c<53> l<7:21> el<7:29>
                                  n<> u<53> t<Subroutine_call> p<54> c<44> l<7:21> el<7:29>
                                    n<$> u<44> t<DOLLAR> p<53> s<45> l<7:21> el<7:22>
                                    n<high> u<45> t<SIMPLE_IDENTIFIER> p<53> s<51> l<7:22> el<7:26>
                                    n<> u<51> t<OPEN_PARENS> p<53> s<50> l<7:26> el<7:27>
                                    n<> u<50> t<Argument_list> p<53> c<49> s<52> l<7:27> el<7:28>
                                      n<> u<49> t<Expression> p<50> c<48> l<7:27> el<7:28>
                                        n<> u<48> t<Primary> p<49> c<47> l<7:27> el<7:28>
                                          n<> u<47> t<Primary_literal> p<48> c<46> l<7:27> el<7:28>
                                            n<a> u<46> t<SIMPLE_IDENTIFIER> p<47> l<7:27> el<7:28>
                                    n<> u<52> t<CLOSE_PARENS> p<53> l<7:28> el<7:29>
        n<> u<91> t<Module_item> p<283> c<90> s<116> l<8:3> el<8:28>
          n<> u<90> t<Non_port_module_item> p<91> c<89> l<8:3> el<8:28>
            n<> u<89> t<Module_or_generate_item> p<90> c<88> l<8:3> el<8:28>
              n<> u<88> t<Module_common_item> p<89> c<87> l<8:3> el<8:28>
                n<> u<87> t<Module_or_generate_item_declaration> p<88> c<86> l<8:3> el<8:28>
                  n<> u<86> t<Package_or_generate_item_declaration> p<87> c<85> l<8:3> el<8:28>
                    n<> u<85> t<Parameter_declaration> p<86> c<67> l<8:3> el<8:27>
                      n<> u<67> t<Data_type_or_implicit> p<85> s<84> l<8:14> el<8:14>
                      n<> u<84> t<Param_assignment_list> p<85> c<83> l<8:14> el<8:27>
                        n<> u<83> t<Param_assignment> p<84> c<68> l<8:14> el<8:27>
                          n<low> u<68> t<SIMPLE_IDENTIFIER> p<83> s<82> l<8:14> el<8:17>
                          n<> u<82> t<Constant_param_expression> p<83> c<81> l<8:20> el<8:27>
                            n<> u<81> t<Constant_mintypmax_expression> p<82> c<80> l<8:20> el<8:27>
                              n<> u<80> t<Constant_expression> p<81> c<79> l<8:20> el<8:27>
                                n<> u<79> t<Constant_primary> p<80> c<78> l<8:20> el<8:27>
                                  n<> u<78> t<Subroutine_call> p<79> c<69> l<8:20> el<8:27>
                                    n<$> u<69> t<DOLLAR> p<78> s<70> l<8:20> el<8:21>
                                    n<low> u<70> t<SIMPLE_IDENTIFIER> p<78> s<76> l<8:21> el<8:24>
                                    n<> u<76> t<OPEN_PARENS> p<78> s<75> l<8:24> el<8:25>
                                    n<> u<75> t<Argument_list> p<78> c<74> s<77> l<8:25> el<8:26>
                                      n<> u<74> t<Expression> p<75> c<73> l<8:25> el<8:26>
                                        n<> u<73> t<Primary> p<74> c<72> l<8:25> el<8:26>
                                          n<> u<72> t<Primary_literal> p<73> c<71> l<8:25> el<8:26>
                                            n<a> u<71> t<SIMPLE_IDENTIFIER> p<72> l<8:25> el<8:26>
                                    n<> u<77> t<CLOSE_PARENS> p<78> l<8:26> el<8:27>
        n<> u<116> t<Module_item> p<283> c<115> s<141> l<9:3> el<9:30>
          n<> u<115> t<Non_port_module_item> p<116> c<114> l<9:3> el<9:30>
            n<> u<114> t<Module_or_generate_item> p<115> c<113> l<9:3> el<9:30>
              n<> u<113> t<Module_common_item> p<114> c<112> l<9:3> el<9:30>
                n<> u<112> t<Module_or_generate_item_declaration> p<113> c<111> l<9:3> el<9:30>
                  n<> u<111> t<Package_or_generate_item_declaration> p<112> c<110> l<9:3> el<9:30>
                    n<> u<110> t<Parameter_declaration> p<111> c<92> l<9:3> el<9:29>
                      n<> u<92> t<Data_type_or_implicit> p<110> s<109> l<9:14> el<9:14>
                      n<> u<109> t<Param_assignment_list> p<110> c<108> l<9:14> el<9:29>
                        n<> u<108> t<Param_assignment> p<109> c<93> l<9:14> el<9:29>
                          n<left> u<93> t<SIMPLE_IDENTIFIER> p<108> s<107> l<9:14> el<9:18>
                          n<> u<107> t<Constant_param_expression> p<108> c<106> l<9:21> el<9:29>
                            n<> u<106> t<Constant_mintypmax_expression> p<107> c<105> l<9:21> el<9:29>
                              n<> u<105> t<Constant_expression> p<106> c<104> l<9:21> el<9:29>
                                n<> u<104> t<Constant_primary> p<105> c<103> l<9:21> el<9:29>
                                  n<> u<103> t<Subroutine_call> p<104> c<94> l<9:21> el<9:29>
                                    n<$> u<94> t<DOLLAR> p<103> s<95> l<9:21> el<9:22>
                                    n<left> u<95> t<SIMPLE_IDENTIFIER> p<103> s<101> l<9:22> el<9:26>
                                    n<> u<101> t<OPEN_PARENS> p<103> s<100> l<9:26> el<9:27>
                                    n<> u<100> t<Argument_list> p<103> c<99> s<102> l<9:27> el<9:28>
                                      n<> u<99> t<Expression> p<100> c<98> l<9:27> el<9:28>
                                        n<> u<98> t<Primary> p<99> c<97> l<9:27> el<9:28>
                                          n<> u<97> t<Primary_literal> p<98> c<96> l<9:27> el<9:28>
                                            n<a> u<96> t<SIMPLE_IDENTIFIER> p<97> l<9:27> el<9:28>
                                    n<> u<102> t<CLOSE_PARENS> p<103> l<9:28> el<9:29>
        n<> u<141> t<Module_item> p<283> c<140> s<165> l<10:3> el<10:32>
          n<> u<140> t<Non_port_module_item> p<141> c<139> l<10:3> el<10:32>
            n<> u<139> t<Module_or_generate_item> p<140> c<138> l<10:3> el<10:32>
              n<> u<138> t<Module_common_item> p<139> c<137> l<10:3> el<10:32>
                n<> u<137> t<Module_or_generate_item_declaration> p<138> c<136> l<10:3> el<10:32>
                  n<> u<136> t<Package_or_generate_item_declaration> p<137> c<135> l<10:3> el<10:32>
                    n<> u<135> t<Parameter_declaration> p<136> c<117> l<10:3> el<10:31>
                      n<> u<117> t<Data_type_or_implicit> p<135> s<134> l<10:14> el<10:14>
                      n<> u<134> t<Param_assignment_list> p<135> c<133> l<10:14> el<10:31>
                        n<> u<133> t<Param_assignment> p<134> c<118> l<10:14> el<10:31>
                          n<right> u<118> t<SIMPLE_IDENTIFIER> p<133> s<132> l<10:14> el<10:19>
                          n<> u<132> t<Constant_param_expression> p<133> c<131> l<10:22> el<10:31>
                            n<> u<131> t<Constant_mintypmax_expression> p<132> c<130> l<10:22> el<10:31>
                              n<> u<130> t<Constant_expression> p<131> c<129> l<10:22> el<10:31>
                                n<> u<129> t<Constant_primary> p<130> c<128> l<10:22> el<10:31>
                                  n<> u<128> t<Subroutine_call> p<129> c<119> l<10:22> el<10:31>
                                    n<$> u<119> t<DOLLAR> p<128> s<120> l<10:22> el<10:23>
                                    n<right> u<120> t<SIMPLE_IDENTIFIER> p<128> s<126> l<10:23> el<10:28>
                                    n<> u<126> t<OPEN_PARENS> p<128> s<125> l<10:28> el<10:29>
                                    n<> u<125> t<Argument_list> p<128> c<124> s<127> l<10:29> el<10:30>
                                      n<> u<124> t<Expression> p<125> c<123> l<10:29> el<10:30>
                                        n<> u<123> t<Primary> p<124> c<122> l<10:29> el<10:30>
                                          n<> u<122> t<Primary_literal> p<123> c<121> l<10:29> el<10:30>
                                            n<a> u<121> t<SIMPLE_IDENTIFIER> p<122> l<10:29> el<10:30>
                                    n<> u<127> t<CLOSE_PARENS> p<128> l<10:30> el<10:31>
        n<> u<165> t<Module_item> p<283> c<164> s<194> l<12:3> el<12:25>
          n<> u<164> t<Non_port_module_item> p<165> c<163> l<12:3> el<12:25>
            n<> u<163> t<Module_or_generate_item> p<164> c<162> l<12:3> el<12:25>
              n<> u<162> t<Module_common_item> p<163> c<161> l<12:3> el<12:25>
                n<> u<161> t<Continuous_assign> p<162> c<160> l<12:3> el<12:25>
                  n<> u<160> t<Net_assignment_list> p<161> c<159> l<12:10> el<12:24>
                    n<> u<159> t<Net_assignment> p<160> c<146> l<12:10> el<12:24>
                      n<> u<146> t<Net_lvalue> p<159> c<143> s<158> l<12:10> el<12:13>
                        n<> u<143> t<Ps_or_hierarchical_identifier> p<146> c<142> s<145> l<12:10> el<12:13>
                          n<ccc> u<142> t<SIMPLE_IDENTIFIER> p<143> l<12:10> el<12:13>
                        n<> u<145> t<Constant_select> p<146> c<144> l<12:14> el<12:14>
                          n<> u<144> t<Constant_bit_select> p<145> l<12:14> el<12:14>
                      n<> u<158> t<Expression> p<159> c<157> l<12:16> el<12:24>
                        n<> u<157> t<Primary> p<158> c<156> l<12:16> el<12:24>
                          n<> u<156> t<Subroutine_call> p<157> c<147> l<12:16> el<12:24>
                            n<$> u<147> t<DOLLAR> p<156> s<148> l<12:16> el<12:17>
                            n<high> u<148> t<SIMPLE_IDENTIFIER> p<156> s<154> l<12:17> el<12:21>
                            n<> u<154> t<OPEN_PARENS> p<156> s<153> l<12:21> el<12:22>
                            n<> u<153> t<Argument_list> p<156> c<152> s<155> l<12:22> el<12:23>
                              n<> u<152> t<Expression> p<153> c<151> l<12:22> el<12:23>
                                n<> u<151> t<Primary> p<152> c<150> l<12:22> el<12:23>
                                  n<> u<150> t<Primary_literal> p<151> c<149> l<12:22> el<12:23>
                                    n<a> u<149> t<SIMPLE_IDENTIFIER> p<150> l<12:22> el<12:23>
                            n<> u<155> t<CLOSE_PARENS> p<156> l<12:23> el<12:24>
        n<> u<194> t<Module_item> p<283> c<193> s<223> l<14:3> el<16:6>
          n<> u<193> t<Non_port_module_item> p<194> c<192> l<14:3> el<16:6>
            n<> u<192> t<Module_or_generate_item> p<193> c<191> l<14:3> el<16:6>
              n<> u<191> t<Module_common_item> p<192> c<190> l<14:3> el<16:6>
                n<> u<190> t<Conditional_generate_construct> p<191> c<189> l<14:3> el<16:6>
                  n<> u<189> t<If_generate_construct> p<190> c<188> l<14:3> el<16:6>
                    n<> u<188> t<IF> p<189> s<175> l<14:3> el<14:5>
                    n<> u<175> t<Constant_expression> p<189> c<169> s<187> l<14:7> el<14:16>
                      n<> u<169> t<Constant_expression> p<175> c<168> s<174> l<14:7> el<14:11>
                        n<> u<168> t<Constant_primary> p<169> c<167> l<14:7> el<14:11>
                          n<> u<167> t<Primary_literal> p<168> c<166> l<14:7> el<14:11>
                            n<high> u<166> t<SIMPLE_IDENTIFIER> p<167> l<14:7> el<14:11>
                      n<> u<174> t<EQUIV> p<175> s<173> l<14:12> el<14:14>
                      n<> u<173> t<Constant_expression> p<175> c<172> l<14:15> el<14:16>
                        n<> u<172> t<Constant_primary> p<173> c<171> l<14:15> el<14:16>
                          n<> u<171> t<Primary_literal> p<172> c<170> l<14:15> el<14:16>
                            n<2> u<170> t<INTEGRAL_NUMBER> p<171> l<14:15> el<14:16>
                    n<> u<187> t<Generate_item> p<189> c<186> l<14:18> el<16:6>
                      n<> u<186> t<Generate_begin_end_block> p<187> c<184> l<14:18> el<16:6>
                        n<> u<184> t<Generate_item> p<186> c<183> s<185> l<15:5> el<15:18>
                          n<> u<183> t<Module_or_generate_item> p<184> c<182> l<15:5> el<15:18>
                            n<> u<182> t<Module_instantiation> p<183> c<176> l<15:5> el<15:18>
                              n<GOOD> u<176> t<SIMPLE_IDENTIFIER> p<182> s<181> l<15:5> el<15:9>
                              n<> u<181> t<Hierarchical_instance> p<182> c<178> l<15:10> el<15:17>
                                n<> u<178> t<Name_of_instance> p<181> c<177> s<180> l<15:10> el<15:15>
                                  n<good1> u<177> t<SIMPLE_IDENTIFIER> p<178> l<15:10> el<15:15>
                                n<> u<180> t<Port_connection_list> p<181> c<179> l<15:16> el<15:16>
                                  n<> u<179> t<Ordered_port_connection> p<180> l<15:16> el<15:16>
                        n<> u<185> t<END> p<186> l<16:3> el<16:6>
        n<> u<223> t<Module_item> p<283> c<222> s<252> l<17:3> el<19:6>
          n<> u<222> t<Non_port_module_item> p<223> c<221> l<17:3> el<19:6>
            n<> u<221> t<Module_or_generate_item> p<222> c<220> l<17:3> el<19:6>
              n<> u<220> t<Module_common_item> p<221> c<219> l<17:3> el<19:6>
                n<> u<219> t<Conditional_generate_construct> p<220> c<218> l<17:3> el<19:6>
                  n<> u<218> t<If_generate_construct> p<219> c<217> l<17:3> el<19:6>
                    n<> u<217> t<IF> p<218> s<204> l<17:3> el<17:5>
                    n<> u<204> t<Constant_expression> p<218> c<198> s<216> l<17:7> el<17:15>
                      n<> u<198> t<Constant_expression> p<204> c<197> s<203> l<17:7> el<17:10>
                        n<> u<197> t<Constant_primary> p<198> c<196> l<17:7> el<17:10>
                          n<> u<196> t<Primary_literal> p<197> c<195> l<17:7> el<17:10>
                            n<low> u<195> t<SIMPLE_IDENTIFIER> p<196> l<17:7> el<17:10>
                      n<> u<203> t<EQUIV> p<204> s<202> l<17:11> el<17:13>
                      n<> u<202> t<Constant_expression> p<204> c<201> l<17:14> el<17:15>
                        n<> u<201> t<Constant_primary> p<202> c<200> l<17:14> el<17:15>
                          n<> u<200> t<Primary_literal> p<201> c<199> l<17:14> el<17:15>
                            n<1> u<199> t<INTEGRAL_NUMBER> p<200> l<17:14> el<17:15>
                    n<> u<216> t<Generate_item> p<218> c<215> l<17:17> el<19:6>
                      n<> u<215> t<Generate_begin_end_block> p<216> c<213> l<17:17> el<19:6>
                        n<> u<213> t<Generate_item> p<215> c<212> s<214> l<18:5> el<18:18>
                          n<> u<212> t<Module_or_generate_item> p<213> c<211> l<18:5> el<18:18>
                            n<> u<211> t<Module_instantiation> p<212> c<205> l<18:5> el<18:18>
                              n<GOOD> u<205> t<SIMPLE_IDENTIFIER> p<211> s<210> l<18:5> el<18:9>
                              n<> u<210> t<Hierarchical_instance> p<211> c<207> l<18:10> el<18:17>
                                n<> u<207> t<Name_of_instance> p<210> c<206> s<209> l<18:10> el<18:15>
                                  n<good2> u<206> t<SIMPLE_IDENTIFIER> p<207> l<18:10> el<18:15>
                                n<> u<209> t<Port_connection_list> p<210> c<208> l<18:16> el<18:16>
                                  n<> u<208> t<Ordered_port_connection> p<209> l<18:16> el<18:16>
                        n<> u<214> t<END> p<215> l<19:3> el<19:6>
        n<> u<252> t<Module_item> p<283> c<251> s<281> l<20:3> el<22:6>
          n<> u<251> t<Non_port_module_item> p<252> c<250> l<20:3> el<22:6>
            n<> u<250> t<Module_or_generate_item> p<251> c<249> l<20:3> el<22:6>
              n<> u<249> t<Module_common_item> p<250> c<248> l<20:3> el<22:6>
                n<> u<248> t<Conditional_generate_construct> p<249> c<247> l<20:3> el<22:6>
                  n<> u<247> t<If_generate_construct> p<248> c<246> l<20:3> el<22:6>
                    n<> u<246> t<IF> p<247> s<233> l<20:3> el<20:5>
                    n<> u<233> t<Constant_expression> p<247> c<227> s<245> l<20:7> el<20:16>
                      n<> u<227> t<Constant_expression> p<233> c<226> s<232> l<20:7> el<20:11>
                        n<> u<226> t<Constant_primary> p<227> c<225> l<20:7> el<20:11>
                          n<> u<225> t<Primary_literal> p<226> c<224> l<20:7> el<20:11>
                            n<left> u<224> t<SIMPLE_IDENTIFIER> p<225> l<20:7> el<20:11>
                      n<> u<232> t<EQUIV> p<233> s<231> l<20:12> el<20:14>
                      n<> u<231> t<Constant_expression> p<233> c<230> l<20:15> el<20:16>
                        n<> u<230> t<Constant_primary> p<231> c<229> l<20:15> el<20:16>
                          n<> u<229> t<Primary_literal> p<230> c<228> l<20:15> el<20:16>
                            n<2> u<228> t<INTEGRAL_NUMBER> p<229> l<20:15> el<20:16>
                    n<> u<245> t<Generate_item> p<247> c<244> l<20:18> el<22:6>
                      n<> u<244> t<Generate_begin_end_block> p<245> c<242> l<20:18> el<22:6>
                        n<> u<242> t<Generate_item> p<244> c<241> s<243> l<21:5> el<21:18>
                          n<> u<241> t<Module_or_generate_item> p<242> c<240> l<21:5> el<21:18>
                            n<> u<240> t<Module_instantiation> p<241> c<234> l<21:5> el<21:18>
                              n<GOOD> u<234> t<SIMPLE_IDENTIFIER> p<240> s<239> l<21:5> el<21:9>
                              n<> u<239> t<Hierarchical_instance> p<240> c<236> l<21:10> el<21:17>
                                n<> u<236> t<Name_of_instance> p<239> c<235> s<238> l<21:10> el<21:15>
                                  n<good3> u<235> t<SIMPLE_IDENTIFIER> p<236> l<21:10> el<21:15>
                                n<> u<238> t<Port_connection_list> p<239> c<237> l<21:16> el<21:16>
                                  n<> u<237> t<Ordered_port_connection> p<238> l<21:16> el<21:16>
                        n<> u<243> t<END> p<244> l<22:3> el<22:6>
        n<> u<281> t<Module_item> p<283> c<280> s<282> l<23:3> el<25:6>
          n<> u<280> t<Non_port_module_item> p<281> c<279> l<23:3> el<25:6>
            n<> u<279> t<Module_or_generate_item> p<280> c<278> l<23:3> el<25:6>
              n<> u<278> t<Module_common_item> p<279> c<277> l<23:3> el<25:6>
                n<> u<277> t<Conditional_generate_construct> p<278> c<276> l<23:3> el<25:6>
                  n<> u<276> t<If_generate_construct> p<277> c<275> l<23:3> el<25:6>
                    n<> u<275> t<IF> p<276> s<262> l<23:3> el<23:5>
                    n<> u<262> t<Constant_expression> p<276> c<256> s<274> l<23:7> el<23:17>
                      n<> u<256> t<Constant_expression> p<262> c<255> s<261> l<23:7> el<23:12>
                        n<> u<255> t<Constant_primary> p<256> c<254> l<23:7> el<23:12>
                          n<> u<254> t<Primary_literal> p<255> c<253> l<23:7> el<23:12>
                            n<right> u<253> t<SIMPLE_IDENTIFIER> p<254> l<23:7> el<23:12>
                      n<> u<261> t<EQUIV> p<262> s<260> l<23:13> el<23:15>
                      n<> u<260> t<Constant_expression> p<262> c<259> l<23:16> el<23:17>
                        n<> u<259> t<Constant_primary> p<260> c<258> l<23:16> el<23:17>
                          n<> u<258> t<Primary_literal> p<259> c<257> l<23:16> el<23:17>
                            n<1> u<257> t<INTEGRAL_NUMBER> p<258> l<23:16> el<23:17>
                    n<> u<274> t<Generate_item> p<276> c<273> l<23:19> el<25:6>
                      n<> u<273> t<Generate_begin_end_block> p<274> c<271> l<23:19> el<25:6>
                        n<> u<271> t<Generate_item> p<273> c<270> s<272> l<24:5> el<24:18>
                          n<> u<270> t<Module_or_generate_item> p<271> c<269> l<24:5> el<24:18>
                            n<> u<269> t<Module_instantiation> p<270> c<263> l<24:5> el<24:18>
                              n<GOOD> u<263> t<SIMPLE_IDENTIFIER> p<269> s<268> l<24:5> el<24:9>
                              n<> u<268> t<Hierarchical_instance> p<269> c<265> l<24:10> el<24:17>
                                n<> u<265> t<Name_of_instance> p<268> c<264> s<267> l<24:10> el<24:15>
                                  n<good4> u<264> t<SIMPLE_IDENTIFIER> p<265> l<24:10> el<24:15>
                                n<> u<267> t<Port_connection_list> p<268> c<266> l<24:16> el<24:16>
                                  n<> u<266> t<Ordered_port_connection> p<267> l<24:16> el<24:16>
                        n<> u<272> t<END> p<273> l<25:3> el<25:6>
        n<> u<282> t<ENDMODULE> p<283> l<26:1> el<26:10>
AST_DEBUG_END
[INF:CP5804] $Source01/dut.sv:1:1: Compile module "GOOD".
[INF:CP5804] $Source01/dut.sv:4:1: Compile module "top".
[WRN:PA5506] $Source01/dut.sv:1:1: No timescale set for "GOOD".
[WRN:PA5506] $Source01/dut.sv:4:1: No timescale set for "top".
====== HLDB =======
Design name:unnamed:
  vpiName: unnamed
  vpiSourceFile (1 items):
    SourceFile name:dut.sv file:$Source01/dut.sv:
      vpiParent: Design name:unnamed
      vpiName: dut.sv
      vpiPreprocFile: "$Output/lib/work/dut.sv"
  vpiAllModules (2 items):
    Module name:GOOD file:$Source01/dut.sv start:1:1 end:2:10:
      vpiParent: Design name:unnamed
      vpiName Identifier name:GOOD start:1:8 end:1:12:
      vpiFullName: GOOD
      vpiDefName: GOOD
      vpiDefNetType: wire (1)
      vpiLibrary RefObj name:work start:1:8 end:1:12:
        vpiParent: Module name:GOOD
        vpiName: work
        vpiFullName: GOOD.work
        vpiActual: Library name:work
      vpiCell: GOOD
    Module name:top file:$Source01/dut.sv start:4:1 end:26:10:
      vpiParent: Design name:unnamed
      vpiName Identifier name:top start:4:8 end:4:11:
      vpiFullName: top
      vpiParameter (5 items):
        Parameter name:a start:6:19 end:6:20:
          vpiParent: Module name:top
          vpiTypespec RefTypespec start:6:13 end:6:18:
            vpiParent: Parameter name:a
            vpiFullName: top.a
            vpiActual: LogicTypespec
          vpiName: a
          vpiFullName: top.a
        Parameter name:high start:7:14 end:7:18:
          vpiParent: Module name:top
          vpiTypespec RefTypespec:
            vpiParent: Parameter name:high
            vpiFullName: top.high
            vpiActual: LogicTypespec
          vpiName: high
          vpiFullName: top.high
        Parameter name:low start:8:14 end:8:17:
          vpiParent: Module name:top
          vpiTypespec RefTypespec:
            vpiParent: Parameter name:low
            vpiFullName: top.low
            vpiActual: LogicTypespec
          vpiName: low
          vpiFullName: top.low
        Parameter name:left start:9:14 end:9:18:
          vpiParent: Module name:top
          vpiTypespec RefTypespec:
            vpiParent: Parameter name:left
            vpiFullName: top.left
            vpiActual: LogicTypespec
          vpiName: left
          vpiFullName: top.left
        Parameter name:right start:10:14 end:10:19:
          vpiParent: Module name:top
          vpiTypespec RefTypespec:
            vpiParent: Parameter name:right
            vpiFullName: top.right
            vpiActual: LogicTypespec
          vpiName: right
          vpiFullName: top.right
      vpiParamAssign (5 items):
        ParamAssign start:6:19 end:6:25:
          vpiParent: Module name:top
          vpiLhs RefObj name:a start:6:19 end:6:20:
            vpiParent: ParamAssign
            vpiName: a
            vpiFullName: top.a
            vpiActual: Parameter name:a
          vpiRhs Constant start:6:23 end:6:25:
            vpiParent: ParamAssign
            vpiTypespec RefTypespec:
              vpiParent: Constant
              vpiFullName: top
              vpiActual: IntTypespec
            vpiConstType: unsigned int (9)
            vpiSize: 64
            vpiDecompile: "10"
            vpiValue: 10
        ParamAssign start:7:14 end:7:29:
          vpiParent: Module name:top
          vpiLhs RefObj name:high start:7:14 end:7:18:
            vpiParent: ParamAssign
            vpiName: high
            vpiFullName: top.high
            vpiActual: Parameter name:high
          vpiRhs SysFuncCall name:$high start:7:21 end:7:29:
            vpiParent: ParamAssign
            vpiName Identifier name:$high start:7:21 end:7:26:
            vpiArgument (1 items):
              RefObj name:a start:7:27 end:7:28:
                vpiParent: SysFuncCall name:$high
                vpiName: a
                vpiFullName: top.a
                vpiActual: Parameter name:a
        ParamAssign start:8:14 end:8:27:
          vpiParent: Module name:top
          vpiLhs RefObj name:low start:8:14 end:8:17:
            vpiParent: ParamAssign
            vpiName: low
            vpiFullName: top.low
            vpiActual: Parameter name:low
          vpiRhs SysFuncCall name:$low start:8:20 end:8:27:
            vpiParent: ParamAssign
            vpiName Identifier name:$low start:8:20 end:8:24:
            vpiArgument (1 items):
              RefObj name:a start:8:25 end:8:26:
                vpiParent: SysFuncCall name:$low
                vpiName: a
                vpiFullName: top.a
                vpiActual: Parameter name:a
        ParamAssign start:9:14 end:9:29:
          vpiParent: Module name:top
          vpiLhs RefObj name:left start:9:14 end:9:18:
            vpiParent: ParamAssign
            vpiName: left
            vpiFullName: top.left
            vpiActual: Parameter name:left
          vpiRhs SysFuncCall name:$left start:9:21 end:9:29:
            vpiParent: ParamAssign
            vpiName Identifier name:$left start:9:21 end:9:26:
            vpiArgument (1 items):
              RefObj name:a start:9:27 end:9:28:
                vpiParent: SysFuncCall name:$left
                vpiName: a
                vpiFullName: top.a
                vpiActual: Parameter name:a
        ParamAssign start:10:14 end:10:31:
          vpiParent: Module name:top
          vpiLhs RefObj name:right start:10:14 end:10:19:
            vpiParent: ParamAssign
            vpiName: right
            vpiFullName: top.right
            vpiActual: Parameter name:right
          vpiRhs SysFuncCall name:$right start:10:22 end:10:31:
            vpiParent: ParamAssign
            vpiName Identifier name:$right start:10:22 end:10:28:
            vpiArgument (1 items):
              RefObj name:a start:10:29 end:10:30:
                vpiParent: SysFuncCall name:$right
                vpiName: a
                vpiFullName: top.a
                vpiActual: Parameter name:a
      vpiTypespec (2 items):
        LogicTypespec:
          vpiParent: Module name:top
          vpiRange (1 items):
            Range start:6:13 end:6:18:
              vpiParent: LogicTypespec
              vpiLeftRange Constant start:6:14 end:6:15:
                vpiParent: Range
                vpiTypespec RefTypespec:
                  vpiParent: Constant
                  vpiFullName: top
                  vpiActual: IntTypespec
                vpiConstType: unsigned int (9)
                vpiSize: 64
                vpiDecompile: "2"
                vpiValue: 2
              vpiRightRange Constant start:6:16 end:6:17:
                vpiParent: Range
                vpiTypespec RefTypespec:
                  vpiParent: Constant
                  vpiFullName: top
                  vpiActual: IntTypespec
                vpiConstType: unsigned int (9)
                vpiSize: 64
                vpiDecompile: "1"
                vpiValue: 1
          vpiVector: true
        LogicTypespec:
          vpiParent: Module name:top
      vpiDefName: top
      vpiDefNetType: wire (1)
      vpiLibrary RefObj name:work start:4:8 end:4:11:
        vpiParent: Module name:top
        vpiName: work
        vpiFullName: top.work
        vpiActual: Library name:work
      vpiCell: top
      vpiContAssign (1 items):
        ContAssign start:12:10 end:12:24:
          vpiParent: Module name:top
          vpiLhs RefObj name:ccc start:12:10 end:12:13:
            vpiParent: ContAssign
            vpiName: ccc
            vpiFullName: top.ccc
          vpiRhs SysFuncCall name:$high start:12:16 end:12:24:
            vpiParent: ContAssign
            vpiName Identifier name:$high start:12:16 end:12:21:
            vpiArgument (1 items):
              RefObj name:a start:12:22 end:12:23:
                vpiParent: SysFuncCall name:$high
                vpiName: a
                vpiFullName: top.a
                vpiActual: Parameter name:a
      vpiGenStmt (4 items):
        GenIf start:14:3 end:16:6:
          vpiParent: Module name:top
          vpiCondition Operation start:14:7 end:14:16:
            vpiParent: GenIf
            vpiOpType: equal (14)
            vpiOperand (2 items):
              RefObj name:high start:14:7 end:14:11:
                vpiParent: Operation
                vpiName: high
                vpiFullName: top.high
                vpiActual: Parameter name:high
              Constant start:14:15 end:14:16:
                vpiParent: Operation
                vpiTypespec RefTypespec:
                  vpiParent: Constant
                  vpiFullName: top
                  vpiActual: IntTypespec
                vpiConstType: unsigned int (9)
                vpiSize: 64
                vpiDecompile: "2"
                vpiValue: 2
          vpiStmt Begin start:14:18 end:16:6:
            vpiParent: GenIf
            vpiFullName: top
            vpiTypespec (1 items):
              ModuleTypespec name:GOOD start:15:5 end:15:9:
                vpiParent: Begin
                vpiName Identifier name:GOOD start:15:5 end:15:9:
                vpiDefName: GOOD
                vpiModule: Module name:GOOD
            vpiStmt (1 items):
              RefInstance name:good1 start:15:10 end:15:15:
                vpiParent: Begin
                vpiName: good1
                vpiTypespec RefTypespec name:GOOD start:15:5 end:15:9:
                  vpiParent: RefInstance name:good1
                  vpiName: GOOD
                  vpiFullName: top.good1.GOOD
                  vpiActual: ModuleTypespec name:GOOD
        GenIf start:17:3 end:19:6:
          vpiParent: Module name:top
          vpiCondition Operation start:17:7 end:17:15:
            vpiParent: GenIf
            vpiOpType: equal (14)
            vpiOperand (2 items):
              RefObj name:low start:17:7 end:17:10:
                vpiParent: Operation
                vpiName: low
                vpiFullName: top.low
                vpiActual: Parameter name:low
              Constant start:17:14 end:17:15:
                vpiParent: Operation
                vpiTypespec RefTypespec:
                  vpiParent: Constant
                  vpiFullName: top
                  vpiActual: IntTypespec
                vpiConstType: unsigned int (9)
                vpiSize: 64
                vpiDecompile: "1"
                vpiValue: 1
          vpiStmt Begin start:17:17 end:19:6:
            vpiParent: GenIf
            vpiFullName: top
            vpiTypespec (1 items):
              ModuleTypespec name:GOOD start:18:5 end:18:9:
                vpiParent: Begin
                vpiName Identifier name:GOOD start:18:5 end:18:9:
                vpiDefName: GOOD
                vpiModule: Module name:GOOD
            vpiStmt (1 items):
              RefInstance name:good2 start:18:10 end:18:15:
                vpiParent: Begin
                vpiName: good2
                vpiTypespec RefTypespec name:GOOD start:18:5 end:18:9:
                  vpiParent: RefInstance name:good2
                  vpiName: GOOD
                  vpiFullName: top.good2.GOOD
                  vpiActual: ModuleTypespec name:GOOD
        GenIf start:20:3 end:22:6:
          vpiParent: Module name:top
          vpiCondition Operation start:20:7 end:20:16:
            vpiParent: GenIf
            vpiOpType: equal (14)
            vpiOperand (2 items):
              RefObj name:left start:20:7 end:20:11:
                vpiParent: Operation
                vpiName: left
                vpiFullName: top.left
                vpiActual: Parameter name:left
              Constant start:20:15 end:20:16:
                vpiParent: Operation
                vpiTypespec RefTypespec:
                  vpiParent: Constant
                  vpiFullName: top
                  vpiActual: IntTypespec
                vpiConstType: unsigned int (9)
                vpiSize: 64
                vpiDecompile: "2"
                vpiValue: 2
          vpiStmt Begin start:20:18 end:22:6:
            vpiParent: GenIf
            vpiFullName: top
            vpiTypespec (1 items):
              ModuleTypespec name:GOOD start:21:5 end:21:9:
                vpiParent: Begin
                vpiName Identifier name:GOOD start:21:5 end:21:9:
                vpiDefName: GOOD
                vpiModule: Module name:GOOD
            vpiStmt (1 items):
              RefInstance name:good3 start:21:10 end:21:15:
                vpiParent: Begin
                vpiName: good3
                vpiTypespec RefTypespec name:GOOD start:21:5 end:21:9:
                  vpiParent: RefInstance name:good3
                  vpiName: GOOD
                  vpiFullName: top.good3.GOOD
                  vpiActual: ModuleTypespec name:GOOD
        GenIf start:23:3 end:25:6:
          vpiParent: Module name:top
          vpiCondition Operation start:23:7 end:23:17:
            vpiParent: GenIf
            vpiOpType: equal (14)
            vpiOperand (2 items):
              RefObj name:right start:23:7 end:23:12:
                vpiParent: Operation
                vpiName: right
                vpiFullName: top.right
                vpiActual: Parameter name:right
              Constant start:23:16 end:23:17:
                vpiParent: Operation
                vpiTypespec RefTypespec:
                  vpiParent: Constant
                  vpiFullName: top
                  vpiActual: IntTypespec
                vpiConstType: unsigned int (9)
                vpiSize: 64
                vpiDecompile: "1"
                vpiValue: 1
          vpiStmt Begin start:23:19 end:25:6:
            vpiParent: GenIf
            vpiFullName: top
            vpiTypespec (1 items):
              ModuleTypespec name:GOOD start:24:5 end:24:9:
                vpiParent: Begin
                vpiName Identifier name:GOOD start:24:5 end:24:9:
                vpiDefName: GOOD
                vpiModule: Module name:GOOD
            vpiStmt (1 items):
              RefInstance name:good4 start:24:10 end:24:15:
                vpiParent: Begin
                vpiName: good4
                vpiTypespec RefTypespec name:GOOD start:24:5 end:24:9:
                  vpiParent: RefInstance name:good4
                  vpiName: GOOD
                  vpiFullName: top.good4.GOOD
                  vpiActual: ModuleTypespec name:GOOD
  vpiTypespec (3 items):
    ModuleTypespec name:GOOD:
      vpiParent: Design name:unnamed
      vpiName Identifier name:GOOD start:1:8 end:1:12:
      vpiDefName: GOOD
      vpiModule: Module name:GOOD
    ModuleTypespec name:top:
      vpiParent: Design name:unnamed
      vpiName Identifier name:top start:4:8 end:4:11:
      vpiDefName: top
      vpiModule: Module name:top
    IntTypespec:
      vpiParent: Design name:unnamed
      vpiSigned: true
  vpiLibrary (1 items):
    Library name:work:
      vpiParent: Design name:unnamed
      vpiName: work
===================
[  FATAL] : 0
[ SYNTAX] : 0
[  ERROR] : 0
[WARNING] : 2
[   NOTE] : 0
********************************************************************************
*                    End HLC SystemVerilog Compiler/Linter                     *
********************************************************************************

#**#**#**#**#**#**#**#**#**#**#**#**#**#**#**#**#**#**#**#**#**#**#**#**#**#**#**#**#**#**#**#**#**#**#**#**#**#**#**#**

Environment:
      test-name: HighLow/HighLow
   test-dirpath: ${HLC_DIR}/regression/HighLow/HighLow
  hldb-filepath: ${HLC_DIR}/regression/HighLow/HighLow/design.hldb
mounts-filepath: ${HLC_DIR}/regression/HighLow/HighLow/mounts.json


{'result': {'coverage': 100.0,
            'error_count': 0,
            'file_count': 1,
            'files': {'$Output/lib/work/dut.sv': {'post_len': 0,
                                                  'pre_len': 343}},
            'post_len': 0,
            'pre_len': 343,
            'test_name': 'HighLow/HighLow'}}

+-------------------------+----------+-----------+
| INPUT                   |   PRELEN |   POSTLEN |
+=========================+==========+===========+
| $Output/lib/work/dut.sv |      343 |         0 |
+=========================+==========+===========+
|                         |      343 |         0 |
+-------------------------+----------+-----------+

[   ERROR] : 0
[COVERAGE] : 100.0


#**#**#**#**#**#**#**#**#**#**#**#**#**#**#**#**#**#**#**#**#**#**#**#**#**#**#**#**#**#**#**#**#**#**#**#**#**#**#**#**

COMMAND: ${HLC_DIR}/regression/HighLow/HighLow/design.hldb ${HLC_DIR}/regression/HighLow/HighLow/reduced.hldb

==================== BEGIN REDUCTION RESULT ====================
Name                            Before   After   Added   Removed
----------------------------------------------------------------
----------------------------------------------------------------
Others                             100     100       0         0
----------------------------------------------------------------
                                   100     100       0         0
===================== END REDUCTION RESULT =====================
