********************************************************************************
*                   Begin HLC SystemVerilog Compiler/Linter                    *
********************************************************************************
Copyright (c) 2020 Apotell,
http://www.apache.org/licenses/LICENSE-2.0
VERSION: 1.84
COMMAND: -wd ../../../../tests/NetsAndVariables/NonAnsi -d ast -d db Behavior.sv -nobuiltin -mt 0 -d dbstats -d cache -writepp -d db -nostdout -o ${HLC_DIR}/regression/NetsAndVariables/NonAnsi/Behavior
[INF:CM0023] Creating log file "$Output/hlc.log".
[INF:PP0122] Preprocessing source file "$Source01/Behavior.sv".
[INF:PA0201] Parsing source file "$Source01/Behavior.sv".
AST_DEBUG_BEGIN
Count: 264
LIB: work
FILE<0>:$Source01/Behavior.sv
n<$Source01/Behavior.sv> u<263> t<Top_level_rule> c<1> l<17:1> el<44:1>
  n<> u<1> t<Null_rule> p<263> s<2> l<17:1> el<17:1>
  n</*\n Copyright 2020 Apotell\n\n Licensed under the Apache License, Version 2.0 (the "License");\n you may not use this file except in compliance with the License.\n You may obtain a copy of the License at\n\n http://www.apache.org/licenses/LICENSE-2.0\n\n Unless required by applicable law or agreed to in writing, software\n distributed under the License is distributed on an "AS IS" BASIS,\n WITHOUT WARRANTIES OR CONDITIONS OF ANY KIND, either express or implied.\n See the License for the specific language governing permissions and\n limitations under the License.\n*/> u<2> t<BLOCK_COMMENT> p<263> s<262> l<17:1> el<43:22>
  n<> u<262> t<Source_text> p<263> c<6> l<17:1> el<43:22>
    n<> u<6> t<Description> p<262> c<5> s<257> l<17:1> el<17:22>
      n<> u<5> t<Top_directives> p<6> c<4> l<17:1> el<17:22>
        n<> u<4> t<Default_nettype_directive> p<5> c<3> l<17:1> el<17:22>
          n<> u<3> t<WIRE> p<4> l<17:18> el<17:22>
    n<> u<257> t<Description> p<262> c<256> s<261> l<19:1> el<41:10>
      n<> u<256> t<Module_declaration> p<257> c<29> l<19:1> el<41:10>
        n<> u<29> t<Module_nonansi_header> p<256> c<7> s<36> l<19:1> el<19:44>
          n<module> u<7> t<MODULE> p<29> s<8> l<19:1> el<19:7>
          n<nets_and_variables_nonansi> u<8> t<SIMPLE_IDENTIFIER> p<29> s<9> l<19:8> el<19:34>
          n<> u<9> t<Package_import_declaration_list> p<29> s<28> l<19:34> el<19:34>
          n<> u<28> t<Port_list> p<29> c<15> l<19:34> el<19:43>
            n<> u<15> t<Port> p<28> c<14> s<21> l<19:35> el<19:36>
              n<> u<14> t<Port_expression> p<15> c<13> l<19:35> el<19:36>
                n<> u<13> t<Port_reference> p<14> c<10> l<19:35> el<19:36>
                  n<a> u<10> t<SIMPLE_IDENTIFIER> p<13> s<12> l<19:35> el<19:36>
                  n<> u<12> t<Constant_select> p<13> c<11> l<19:36> el<19:36>
                    n<> u<11> t<Constant_bit_select> p<12> l<19:36> el<19:36>
            n<> u<21> t<Port> p<28> c<20> s<27> l<19:38> el<19:39>
              n<> u<20> t<Port_expression> p<21> c<19> l<19:38> el<19:39>
                n<> u<19> t<Port_reference> p<20> c<16> l<19:38> el<19:39>
                  n<b> u<16> t<SIMPLE_IDENTIFIER> p<19> s<18> l<19:38> el<19:39>
                  n<> u<18> t<Constant_select> p<19> c<17> l<19:39> el<19:39>
                    n<> u<17> t<Constant_bit_select> p<18> l<19:39> el<19:39>
            n<> u<27> t<Port> p<28> c<26> l<19:41> el<19:42>
              n<> u<26> t<Port_expression> p<27> c<25> l<19:41> el<19:42>
                n<> u<25> t<Port_reference> p<26> c<22> l<19:41> el<19:42>
                  n<y> u<22> t<SIMPLE_IDENTIFIER> p<25> s<24> l<19:41> el<19:42>
                  n<> u<24> t<Constant_select> p<25> c<23> l<19:42> el<19:42>
                    n<> u<23> t<Constant_bit_select> p<24> l<19:42> el<19:42>
        n<> u<36> t<Module_item> p<256> c<35> s<43> l<20:3> el<20:11>
          n<> u<35> t<Port_declaration> p<36> c<34> l<20:3> el<20:10>
            n<> u<34> t<Input_declaration> p<35> c<31> l<20:3> el<20:10>
              n<> u<31> t<Net_port_type> p<34> c<30> s<33> l<20:9> el<20:9>
                n<> u<30> t<Data_type_or_implicit> p<31> l<20:9> el<20:9>
              n<> u<33> t<Port_identifier_list> p<34> c<32> l<20:9> el<20:10>
                n<a> u<32> t<SIMPLE_IDENTIFIER> p<33> l<20:9> el<20:10>
        n<> u<43> t<Module_item> p<256> c<42> s<50> l<21:3> el<21:11>
          n<> u<42> t<Port_declaration> p<43> c<41> l<21:3> el<21:10>
            n<> u<41> t<Input_declaration> p<42> c<38> l<21:3> el<21:10>
              n<> u<38> t<Net_port_type> p<41> c<37> s<40> l<21:9> el<21:9>
                n<> u<37> t<Data_type_or_implicit> p<38> l<21:9> el<21:9>
              n<> u<40> t<Port_identifier_list> p<41> c<39> l<21:9> el<21:10>
                n<b> u<39> t<SIMPLE_IDENTIFIER> p<40> l<21:9> el<21:10>
        n<> u<50> t<Module_item> p<256> c<49> s<62> l<22:3> el<22:12>
          n<> u<49> t<Port_declaration> p<50> c<48> l<22:3> el<22:11>
            n<> u<48> t<Output_declaration> p<49> c<45> l<22:3> el<22:11>
              n<> u<45> t<Net_port_type> p<48> c<44> s<47> l<22:10> el<22:10>
                n<> u<44> t<Data_type_or_implicit> p<45> l<22:10> el<22:10>
              n<> u<47> t<Output_port_identifier_list> p<48> c<46> l<22:10> el<22:11>
                n<y> u<46> t<SIMPLE_IDENTIFIER> p<47> l<22:10> el<22:11>
        n<> u<62> t<Module_item> p<256> c<61> s<84> l<24:3> el<24:11>
          n<> u<61> t<Non_port_module_item> p<62> c<60> l<24:3> el<24:11>
            n<> u<60> t<Module_or_generate_item> p<61> c<59> l<24:3> el<24:11>
              n<> u<59> t<Module_common_item> p<60> c<58> l<24:3> el<24:11>
                n<> u<58> t<Module_or_generate_item_declaration> p<59> c<57> l<24:3> el<24:11>
                  n<> u<57> t<Package_or_generate_item_declaration> p<58> c<56> l<24:3> el<24:11>
                    n<> u<56> t<Net_declaration> p<57> c<51> l<24:3> el<24:11>
                      n<> u<51> t<WIRE> p<56> s<52> l<24:3> el<24:7>
                      n<> u<52> t<Data_type_or_implicit> p<56> s<55> l<24:8> el<24:8>
                      n<> u<55> t<Net_decl_assignment_list> p<56> c<54> l<24:8> el<24:10>
                        n<> u<54> t<Net_decl_assignment> p<55> c<53> l<24:8> el<24:10>
                          n<w0> u<53> t<SIMPLE_IDENTIFIER> p<54> l<24:8> el<24:10>
        n<> u<84> t<Module_item> p<256> c<83> s<97> l<25:3> el<25:20>
          n<> u<83> t<Non_port_module_item> p<84> c<82> l<25:3> el<25:20>
            n<> u<82> t<Module_or_generate_item> p<83> c<81> l<25:3> el<25:20>
              n<> u<81> t<Module_common_item> p<82> c<80> l<25:3> el<25:20>
                n<> u<80> t<Module_or_generate_item_declaration> p<81> c<79> l<25:3> el<25:20>
                  n<> u<79> t<Package_or_generate_item_declaration> p<80> c<78> l<25:3> el<25:20>
                    n<> u<78> t<Net_declaration> p<79> c<63> l<25:3> el<25:20>
                      n<> u<63> t<WIRE> p<78> s<74> l<25:3> el<25:7>
                      n<> u<74> t<Data_type_or_implicit> p<78> c<73> s<77> l<25:8> el<25:13>
                        n<> u<73> t<Packed_dimension> p<74> c<72> l<25:8> el<25:13>
                          n<> u<72> t<Constant_range> p<73> c<67> l<25:9> el<25:12>
                            n<> u<67> t<Constant_expression> p<72> c<66> s<71> l<25:9> el<25:10>
                              n<> u<66> t<Constant_primary> p<67> c<65> l<25:9> el<25:10>
                                n<> u<65> t<Primary_literal> p<66> c<64> l<25:9> el<25:10>
                                  n<3> u<64> t<INTEGRAL_NUMBER> p<65> l<25:9> el<25:10>
                            n<> u<71> t<Constant_expression> p<72> c<70> l<25:11> el<25:12>
                              n<> u<70> t<Constant_primary> p<71> c<69> l<25:11> el<25:12>
                                n<> u<69> t<Primary_literal> p<70> c<68> l<25:11> el<25:12>
                                  n<0> u<68> t<INTEGRAL_NUMBER> p<69> l<25:11> el<25:12>
                      n<> u<77> t<Net_decl_assignment_list> p<78> c<76> l<25:14> el<25:19>
                        n<> u<76> t<Net_decl_assignment> p<77> c<75> l<25:14> el<25:19>
                          n<w_bus> u<75> t<SIMPLE_IDENTIFIER> p<76> l<25:14> el<25:19>
        n<> u<97> t<Module_item> p<256> c<96> s<110> l<26:3> el<26:19>
          n<> u<96> t<Non_port_module_item> p<97> c<95> l<26:3> el<26:19>
            n<> u<95> t<Module_or_generate_item> p<96> c<94> l<26:3> el<26:19>
              n<> u<94> t<Module_common_item> p<95> c<93> l<26:3> el<26:19>
                n<> u<93> t<Module_or_generate_item_declaration> p<94> c<92> l<26:3> el<26:19>
                  n<> u<92> t<Package_or_generate_item_declaration> p<93> c<91> l<26:3> el<26:19>
                    n<> u<91> t<Data_declaration> p<92> c<90> l<26:3> el<26:19>
                      n<> u<90> t<Variable_declaration> p<91> c<86> l<26:3> el<26:19>
                        n<> u<86> t<Data_type> p<90> c<85> s<89> l<26:3> el<26:8>
                          n<> u<85> t<LOGIC> p<86> l<26:3> el<26:8>
                        n<> u<89> t<Variable_decl_assignment_list> p<90> c<88> l<26:9> el<26:18>
                          n<> u<88> t<Variable_decl_assignment> p<89> c<87> l<26:9> el<26:18>
                            n<var_logic> u<87> t<SIMPLE_IDENTIFIER> p<88> l<26:9> el<26:18>
        n<> u<110> t<Module_item> p<256> c<109> s<111> l<27:3> el<27:15>
          n<> u<109> t<Non_port_module_item> p<110> c<108> l<27:3> el<27:15>
            n<> u<108> t<Module_or_generate_item> p<109> c<107> l<27:3> el<27:15>
              n<> u<107> t<Module_common_item> p<108> c<106> l<27:3> el<27:15>
                n<> u<106> t<Module_or_generate_item_declaration> p<107> c<105> l<27:3> el<27:15>
                  n<> u<105> t<Package_or_generate_item_declaration> p<106> c<104> l<27:3> el<27:15>
                    n<> u<104> t<Data_declaration> p<105> c<103> l<27:3> el<27:15>
                      n<> u<103> t<Variable_declaration> p<104> c<99> l<27:3> el<27:15>
                        n<> u<99> t<Data_type> p<103> c<98> s<102> l<27:3> el<27:6>
                          n<> u<98> t<REG> p<99> l<27:3> el<27:6>
                        n<> u<102> t<Variable_decl_assignment_list> p<103> c<101> l<27:7> el<27:14>
                          n<> u<101> t<Variable_decl_assignment> p<102> c<100> l<27:7> el<27:14>
                            n<var_reg> u<100> t<SIMPLE_IDENTIFIER> p<101> l<27:7> el<27:14>
        n<// Implicit net declaration by continuous assignment> u<111> t<LINE_COMMENT> p<256> s<133> l<29:3> el<29:55>
        n<> u<133> t<Module_item> p<256> c<132> s<155> l<30:3> el<30:39>
          n<> u<132> t<Non_port_module_item> p<133> c<131> l<30:3> el<30:39>
            n<> u<131> t<Module_or_generate_item> p<132> c<130> l<30:3> el<30:39>
              n<> u<130> t<Module_common_item> p<131> c<129> l<30:3> el<30:39>
                n<> u<129> t<Continuous_assign> p<130> c<128> l<30:3> el<30:39>
                  n<> u<128> t<Net_assignment_list> p<129> c<127> l<30:10> el<30:38>
                    n<> u<127> t<Net_assignment> p<128> c<116> l<30:10> el<30:38>
                      n<> u<116> t<Net_lvalue> p<127> c<113> s<126> l<30:10> el<30:30>
                        n<> u<113> t<Ps_or_hierarchical_identifier> p<116> c<112> s<115> l<30:10> el<30:30>
                          n<implicit_net_nonansi> u<112> t<SIMPLE_IDENTIFIER> p<113> l<30:10> el<30:30>
                        n<> u<115> t<Constant_select> p<116> c<114> l<30:31> el<30:31>
                          n<> u<114> t<Constant_bit_select> p<115> l<30:31> el<30:31>
                      n<> u<126> t<Expression> p<127> c<120> l<30:33> el<30:38>
                        n<> u<120> t<Expression> p<126> c<119> s<125> l<30:33> el<30:34>
                          n<> u<119> t<Primary> p<120> c<118> l<30:33> el<30:34>
                            n<> u<118> t<Primary_literal> p<119> c<117> l<30:33> el<30:34>
                              n<a> u<117> t<SIMPLE_IDENTIFIER> p<118> l<30:33> el<30:34>
                        n<> u<125> t<BinaryOp_BitwAnd> p<126> s<124> l<30:35> el<30:36>
                        n<> u<124> t<Expression> p<126> c<123> l<30:37> el<30:38>
                          n<> u<123> t<Primary> p<124> c<122> l<30:37> el<30:38>
                            n<> u<122> t<Primary_literal> p<123> c<121> l<30:37> el<30:38>
                              n<b> u<121> t<SIMPLE_IDENTIFIER> p<122> l<30:37> el<30:38>
        n<> u<155> t<Module_item> p<256> c<154> s<175> l<32:3> el<32:21>
          n<> u<154> t<Non_port_module_item> p<155> c<153> l<32:3> el<32:21>
            n<> u<153> t<Module_or_generate_item> p<154> c<152> l<32:3> el<32:21>
              n<> u<152> t<Module_common_item> p<153> c<151> l<32:3> el<32:21>
                n<> u<151> t<Continuous_assign> p<152> c<150> l<32:3> el<32:21>
                  n<> u<150> t<Net_assignment_list> p<151> c<149> l<32:10> el<32:20>
                    n<> u<149> t<Net_assignment> p<150> c<138> l<32:10> el<32:20>
                      n<> u<138> t<Net_lvalue> p<149> c<135> s<148> l<32:10> el<32:12>
                        n<> u<135> t<Ps_or_hierarchical_identifier> p<138> c<134> s<137> l<32:10> el<32:12>
                          n<w0> u<134> t<SIMPLE_IDENTIFIER> p<135> l<32:10> el<32:12>
                        n<> u<137> t<Constant_select> p<138> c<136> l<32:13> el<32:13>
                          n<> u<136> t<Constant_bit_select> p<137> l<32:13> el<32:13>
                      n<> u<148> t<Expression> p<149> c<142> l<32:15> el<32:20>
                        n<> u<142> t<Expression> p<148> c<141> s<147> l<32:15> el<32:16>
                          n<> u<141> t<Primary> p<142> c<140> l<32:15> el<32:16>
                            n<> u<140> t<Primary_literal> p<141> c<139> l<32:15> el<32:16>
                              n<a> u<139> t<SIMPLE_IDENTIFIER> p<140> l<32:15> el<32:16>
                        n<> u<147> t<BinaryOp_BitwOr> p<148> s<146> l<32:17> el<32:18>
                        n<> u<146> t<Expression> p<148> c<145> l<32:19> el<32:20>
                          n<> u<145> t<Primary> p<146> c<144> l<32:19> el<32:20>
                            n<> u<144> t<Primary_literal> p<145> c<143> l<32:19> el<32:20>
                              n<b> u<143> t<SIMPLE_IDENTIFIER> p<144> l<32:19> el<32:20>
        n<> u<175> t<Module_item> p<256> c<174> s<238> l<33:3> el<33:23>
          n<> u<174> t<Non_port_module_item> p<175> c<173> l<33:3> el<33:23>
            n<> u<173> t<Module_or_generate_item> p<174> c<172> l<33:3> el<33:23>
              n<> u<172> t<Module_common_item> p<173> c<171> l<33:3> el<33:23>
                n<> u<171> t<Continuous_assign> p<172> c<170> l<33:3> el<33:23>
                  n<> u<170> t<Net_assignment_list> p<171> c<169> l<33:10> el<33:22>
                    n<> u<169> t<Net_assignment> p<170> c<164> l<33:10> el<33:22>
                      n<> u<164> t<Net_lvalue> p<169> c<157> s<168> l<33:10> el<33:18>
                        n<> u<157> t<Ps_or_hierarchical_identifier> p<164> c<156> s<163> l<33:10> el<33:15>
                          n<w_bus> u<156> t<SIMPLE_IDENTIFIER> p<157> l<33:10> el<33:15>
                        n<> u<163> t<Constant_select> p<164> c<162> l<33:15> el<33:18>
                          n<> u<162> t<Constant_bit_select> p<163> c<161> l<33:15> el<33:18>
                            n<> u<161> t<Constant_expression> p<162> c<160> l<33:16> el<33:17>
                              n<> u<160> t<Constant_primary> p<161> c<159> l<33:16> el<33:17>
                                n<> u<159> t<Primary_literal> p<160> c<158> l<33:16> el<33:17>
                                  n<0> u<158> t<INTEGRAL_NUMBER> p<159> l<33:16> el<33:17>
                      n<> u<168> t<Expression> p<169> c<167> l<33:21> el<33:22>
                        n<> u<167> t<Primary> p<168> c<166> l<33:21> el<33:22>
                          n<> u<166> t<Primary_literal> p<167> c<165> l<33:21> el<33:22>
                            n<a> u<165> t<SIMPLE_IDENTIFIER> p<166> l<33:21> el<33:22>
        n<> u<238> t<Module_item> p<256> c<237> s<254> l<35:3> el<38:6>
          n<> u<237> t<Non_port_module_item> p<238> c<236> l<35:3> el<38:6>
            n<> u<236> t<Module_or_generate_item> p<237> c<235> l<35:3> el<38:6>
              n<> u<235> t<Module_common_item> p<236> c<234> l<35:3> el<38:6>
                n<> u<234> t<Always_construct> p<235> c<176> l<35:3> el<38:6>
                  n<> u<176> t<ALWAYS_COMB> p<234> s<233> l<35:3> el<35:14>
                  n<> u<233> t<Statement> p<234> c<232> l<35:15> el<38:6>
                    n<> u<232> t<Statement_item> p<233> c<231> l<35:15> el<38:6>
                      n<> u<231> t<Seq_block> p<232> c<196> l<35:15> el<38:6>
                        n<> u<196> t<Statement_or_null> p<231> c<195> s<229> l<36:5> el<36:23>
                          n<> u<195> t<Statement> p<196> c<194> l<36:5> el<36:23>
                            n<> u<194> t<Statement_item> p<195> c<193> l<36:5> el<36:23>
                              n<> u<193> t<Blocking_assignment> p<194> c<192> l<36:5> el<36:22>
                                n<> u<192> t<Variable_assignment> p<193> c<181> l<36:5> el<36:22>
                                  n<> u<181> t<Variable_lvalue> p<192> c<178> s<191> l<36:5> el<36:14>
                                    n<> u<178> t<Ps_or_hierarchical_identifier> p<181> c<177> s<180> l<36:5> el<36:14>
                                      n<var_logic> u<177> t<SIMPLE_IDENTIFIER> p<178> l<36:5> el<36:14>
                                    n<> u<180> t<Select> p<181> c<179> l<36:15> el<36:15>
                                      n<> u<179> t<Bit_select> p<180> l<36:15> el<36:15>
                                  n<> u<191> t<Expression> p<192> c<185> l<36:17> el<36:22>
                                    n<> u<185> t<Expression> p<191> c<184> s<190> l<36:17> el<36:18>
                                      n<> u<184> t<Primary> p<185> c<183> l<36:17> el<36:18>
                                        n<> u<183> t<Primary_literal> p<184> c<182> l<36:17> el<36:18>
                                          n<a> u<182> t<SIMPLE_IDENTIFIER> p<183> l<36:17> el<36:18>
                                    n<> u<190> t<BinaryOp_BitwXor> p<191> s<189> l<36:19> el<36:20>
                                    n<> u<189> t<Expression> p<191> c<188> l<36:21> el<36:22>
                                      n<> u<188> t<Primary> p<189> c<187> l<36:21> el<36:22>
                                        n<> u<187> t<Primary_literal> p<188> c<186> l<36:21> el<36:22>
                                          n<b> u<186> t<SIMPLE_IDENTIFIER> p<187> l<36:21> el<36:22>
                        n<> u<229> t<Statement_or_null> p<231> c<228> s<230> l<37:5> el<37:33>
                          n<> u<228> t<Statement> p<229> c<227> l<37:5> el<37:33>
                            n<> u<227> t<Statement_item> p<228> c<226> l<37:5> el<37:33>
                              n<> u<226> t<Blocking_assignment> p<227> c<225> l<37:5> el<37:32>
                                n<> u<225> t<Variable_assignment> p<226> c<201> l<37:5> el<37:32>
                                  n<> u<201> t<Variable_lvalue> p<225> c<198> s<224> l<37:5> el<37:12>
                                    n<> u<198> t<Ps_or_hierarchical_identifier> p<201> c<197> s<200> l<37:5> el<37:12>
                                      n<var_reg> u<197> t<SIMPLE_IDENTIFIER> p<198> l<37:5> el<37:12>
                                    n<> u<200> t<Select> p<201> c<199> l<37:13> el<37:13>
                                      n<> u<199> t<Bit_select> p<200> l<37:13> el<37:13>
                                  n<> u<224> t<Expression> p<225> c<223> l<37:15> el<37:32>
                                    n<> u<223> t<Primary> p<224> c<222> l<37:15> el<37:32>
                                      n<> u<222> t<Concatenation> p<223> c<217> l<37:15> el<37:32>
                                        n<> u<217> t<Expression> p<222> c<216> s<221> l<37:16> el<37:28>
                                          n<> u<216> t<Primary> p<217> c<215> l<37:16> el<37:28>
                                            n<> u<215> t<Subroutine_call> p<216> c<202> l<37:16> el<37:28>
                                              n<var_reg> u<202> t<SIMPLE_IDENTIFIER> p<215> s<214> l<37:16> el<37:23>
                                              n<> u<214> t<Select> p<215> c<203> l<37:23> el<37:28>
                                                n<> u<203> t<Bit_select> p<214> s<213> l<37:23> el<37:23>
                                                n<> u<213> t<Part_select_range> p<214> c<212> l<37:24> el<37:27>
                                                  n<> u<212> t<Constant_range> p<213> c<207> l<37:24> el<37:27>
                                                    n<> u<207> t<Constant_expression> p<212> c<206> s<211> l<37:24> el<37:25>
                                                      n<> u<206> t<Constant_primary> p<207> c<205> l<37:24> el<37:25>
                                                        n<> u<205> t<Primary_literal> p<206> c<204> l<37:24> el<37:25>
                                                          n<6> u<204> t<INTEGRAL_NUMBER> p<205> l<37:24> el<37:25>
                                                    n<> u<211> t<Constant_expression> p<212> c<210> l<37:26> el<37:27>
                                                      n<> u<210> t<Constant_primary> p<211> c<209> l<37:26> el<37:27>
                                                        n<> u<209> t<Primary_literal> p<210> c<208> l<37:26> el<37:27>
                                                          n<0> u<208> t<INTEGRAL_NUMBER> p<209> l<37:26> el<37:27>
                                        n<> u<221> t<Expression> p<222> c<220> l<37:30> el<37:31>
                                          n<> u<220> t<Primary> p<221> c<219> l<37:30> el<37:31>
                                            n<> u<219> t<Primary_literal> p<220> c<218> l<37:30> el<37:31>
                                              n<a> u<218> t<SIMPLE_IDENTIFIER> p<219> l<37:30> el<37:31>
                        n<> u<230> t<END> p<231> l<38:3> el<38:6>
        n<> u<254> t<Module_item> p<256> c<253> s<255> l<40:3> el<40:17>
          n<> u<253> t<Non_port_module_item> p<254> c<252> l<40:3> el<40:17>
            n<> u<252> t<Module_or_generate_item> p<253> c<251> l<40:3> el<40:17>
              n<> u<251> t<Module_common_item> p<252> c<250> l<40:3> el<40:17>
                n<> u<250> t<Continuous_assign> p<251> c<249> l<40:3> el<40:17>
                  n<> u<249> t<Net_assignment_list> p<250> c<248> l<40:10> el<40:16>
                    n<> u<248> t<Net_assignment> p<249> c<243> l<40:10> el<40:16>
                      n<> u<243> t<Net_lvalue> p<248> c<240> s<247> l<40:10> el<40:11>
                        n<> u<240> t<Ps_or_hierarchical_identifier> p<243> c<239> s<242> l<40:10> el<40:11>
                          n<y> u<239> t<SIMPLE_IDENTIFIER> p<240> l<40:10> el<40:11>
                        n<> u<242> t<Constant_select> p<243> c<241> l<40:12> el<40:12>
                          n<> u<241> t<Constant_bit_select> p<242> l<40:12> el<40:12>
                      n<> u<247> t<Expression> p<248> c<246> l<40:14> el<40:16>
                        n<> u<246> t<Primary> p<247> c<245> l<40:14> el<40:16>
                          n<> u<245> t<Primary_literal> p<246> c<244> l<40:14> el<40:16>
                            n<w0> u<244> t<SIMPLE_IDENTIFIER> p<245> l<40:14> el<40:16>
        n<> u<255> t<ENDMODULE> p<256> l<41:1> el<41:10>
    n<> u<261> t<Description> p<262> c<260> l<43:1> el<43:22>
      n<> u<260> t<Top_directives> p<261> c<259> l<43:1> el<43:22>
        n<> u<259> t<Default_nettype_directive> p<260> c<258> l<43:1> el<43:22>
          n<> u<258> t<NONE> p<259> l<43:18> el<43:22>
AST_DEBUG_END
[INF:CP0303] $Source01/Behavior.sv:19:1: Compile module "nets_and_variables_nonansi".
[WRN:PA0205] $Source01/Behavior.sv:19:1: No timescale set for "nets_and_variables_nonansi".
====== HLDB =======
Design name:unnamed:
  vpiName: unnamed
  vpiSourceFile (1 items):
    SourceFile name:Behavior.sv file:$Source01/Behavior.sv:
      vpiParent: Design name:unnamed
      vpiName: Behavior.sv
      vpiPreprocFile: "$Output/lib/work/Behavior.sv"
      vpiDirective (2 items):
        GenericDirective start:17:1 end:17:22:
          vpiParent: SourceFile name:Behavior.sv
          vpiDirectiveType: default_nettype (6)
          vpiValue Constant start:17:18 end:17:22:
            vpiParent: GenericDirective
            vpiTypespec RefTypespec:
              vpiParent: Constant
              vpiFullName: Behavior.sv
              vpiActual: IntTypespec
            vpiDecompile: "1"
        GenericDirective start:43:1 end:43:22:
          vpiParent: SourceFile name:Behavior.sv
          vpiDirectiveType: default_nettype (6)
          vpiValue Constant start:43:18 end:43:22:
            vpiParent: GenericDirective
            vpiTypespec RefTypespec:
              vpiParent: Constant
              vpiFullName: Behavior.sv
              vpiActual: IntTypespec
            vpiDecompile: "12"
  vpiAllModules (1 items):
    Module name:nets_and_variables_nonansi file:$Source01/Behavior.sv start:19:1 end:41:10:
      vpiParent: Design name:unnamed
      vpiName Identifier name:nets_and_variables_nonansi start:19:8 end:19:34:
        vpiParent: Module name:nets_and_variables_nonansi
        vpiName: nets_and_variables_nonansi
      vpiFullName: nets_and_variables_nonansi
      vpiVariable (2 items):
        Variable name:var_logic start:26:9 end:26:18:
          vpiParent: Module name:nets_and_variables_nonansi
          vpiTypespec RefTypespec start:26:3 end:26:8:
            vpiParent: Variable name:var_logic
            vpiFullName: nets_and_variables_nonansi.var_logic
            vpiActual: LogicTypespec
          vpiName: var_logic
          vpiFullName: nets_and_variables_nonansi.var_logic
          vpiScalar: true
        Variable name:var_reg start:27:7 end:27:14:
          vpiParent: Module name:nets_and_variables_nonansi
          vpiTypespec RefTypespec start:27:3 end:27:6:
            vpiParent: Variable name:var_reg
            vpiFullName: nets_and_variables_nonansi.var_reg
            vpiActual: LogicTypespec
          vpiName: var_reg
          vpiFullName: nets_and_variables_nonansi.var_reg
          vpiScalar: true
      vpiTypespec (2 items):
        LogicTypespec:
          vpiParent: Module name:nets_and_variables_nonansi
        LogicTypespec:
          vpiParent: Module name:nets_and_variables_nonansi
          vpiRange (1 items):
            Range start:25:8 end:25:13:
              vpiParent: LogicTypespec
              vpiLeftRange Constant start:25:9 end:25:10:
                vpiParent: Range
                vpiTypespec RefTypespec:
                  vpiParent: Constant
                  vpiFullName: nets_and_variables_nonansi
                  vpiActual: IntTypespec
                vpiConstType: unsigned int (9)
                vpiSize: 64
                vpiDecompile: "3"
                vpiValue: 3
              vpiRightRange Constant start:25:11 end:25:12:
                vpiParent: Range
                vpiTypespec RefTypespec:
                  vpiParent: Constant
                  vpiFullName: nets_and_variables_nonansi
                  vpiActual: IntTypespec
                vpiConstType: unsigned int (9)
                vpiSize: 64
                vpiDecompile: "0"
                vpiValue: 0
          vpiVector: true
      vpiDefName: nets_and_variables_nonansi
      vpiDefNetType: wire (1)
      vpiLibrary RefObj name:work:
        vpiParent: Module name:nets_and_variables_nonansi
        vpiName: work
        vpiFullName: nets_and_variables_nonansi.work
      vpiCell: nets_and_variables_nonansi
      vpiNet (5 items):
        Net name:a start:20:9 end:20:10:
          vpiParent: Module name:nets_and_variables_nonansi
          vpiTypespec RefTypespec start:20:9 end:20:9:
            vpiParent: Net name:a
            vpiFullName: nets_and_variables_nonansi.a
            vpiActual: LogicTypespec
          vpiName: a
          vpiFullName: nets_and_variables_nonansi.a
          vpiNetType: wire (1)
          vpiScalar: true
        Net name:b start:21:9 end:21:10:
          vpiParent: Module name:nets_and_variables_nonansi
          vpiTypespec RefTypespec start:21:9 end:21:9:
            vpiParent: Net name:b
            vpiFullName: nets_and_variables_nonansi.b
            vpiActual: LogicTypespec
          vpiName: b
          vpiFullName: nets_and_variables_nonansi.b
          vpiNetType: wire (1)
          vpiScalar: true
        Net name:y start:22:10 end:22:11:
          vpiParent: Module name:nets_and_variables_nonansi
          vpiTypespec RefTypespec start:22:10 end:22:10:
            vpiParent: Net name:y
            vpiFullName: nets_and_variables_nonansi.y
            vpiActual: LogicTypespec
          vpiName: y
          vpiFullName: nets_and_variables_nonansi.y
          vpiNetType: wire (1)
          vpiScalar: true
        Net name:w0 start:24:8 end:24:10:
          vpiParent: Module name:nets_and_variables_nonansi
          vpiTypespec RefTypespec start:24:8 end:24:8:
            vpiParent: Net name:w0
            vpiFullName: nets_and_variables_nonansi.w0
            vpiActual: LogicTypespec
          vpiName: w0
          vpiFullName: nets_and_variables_nonansi.w0
          vpiNetType: wire (1)
          vpiScalar: true
        Net name:w_bus start:25:14 end:25:19:
          vpiParent: Module name:nets_and_variables_nonansi
          vpiTypespec RefTypespec start:25:8 end:25:13:
            vpiParent: Net name:w_bus
            vpiFullName: nets_and_variables_nonansi.w_bus
            vpiActual: LogicTypespec
          vpiName: w_bus
          vpiFullName: nets_and_variables_nonansi.w_bus
          vpiNetType: wire (1)
          vpiVector: true
      vpiPort (3 items):
        Port name:a start:19:35 end:19:36:
          vpiParent: Module name:nets_and_variables_nonansi
          vpiName: a
          vpiDirection: input (1)
          vpiLowConn RefObj name:a start:20:9 end:20:10:
            vpiParent: Port name:a
            vpiName: a
            vpiFullName: nets_and_variables_nonansi.a.a
            vpiActual: Net name:a
          vpiTypespec RefTypespec start:20:9 end:20:9:
            vpiParent: Port name:a
            vpiFullName: nets_and_variables_nonansi.a
            vpiActual: LogicTypespec
        Port name:b start:19:38 end:19:39:
          vpiParent: Module name:nets_and_variables_nonansi
          vpiName: b
          vpiDirection: input (1)
          vpiLowConn RefObj name:b start:21:9 end:21:10:
            vpiParent: Port name:b
            vpiName: b
            vpiFullName: nets_and_variables_nonansi.b.b
            vpiActual: Net name:b
          vpiTypespec RefTypespec start:21:9 end:21:9:
            vpiParent: Port name:b
            vpiFullName: nets_and_variables_nonansi.b
            vpiActual: LogicTypespec
        Port name:y start:19:41 end:19:42:
          vpiParent: Module name:nets_and_variables_nonansi
          vpiName: y
          vpiDirection: output (2)
          vpiLowConn RefObj name:y start:22:10 end:22:11:
            vpiParent: Port name:y
            vpiName: y
            vpiFullName: nets_and_variables_nonansi.y.y
            vpiActual: Net name:y
          vpiTypespec RefTypespec start:22:10 end:22:10:
            vpiParent: Port name:y
            vpiFullName: nets_and_variables_nonansi.y
            vpiActual: LogicTypespec
      vpiProcess (1 items):
        Always start:35:3 end:38:6:
          vpiParent: Module name:nets_and_variables_nonansi
          vpiStmt Begin start:35:15 end:38:6:
            vpiParent: Always
            vpiFullName: nets_and_variables_nonansi
            vpiStmt (2 items):
              Assignment start:36:5 end:36:22:
                vpiParent: Begin
                vpiBlocking: true
                vpiLhs RefObj name:var_logic start:36:5 end:36:14:
                  vpiParent: Assignment
                  vpiName: var_logic
                  vpiFullName: nets_and_variables_nonansi.var_logic
                  vpiActual: Variable name:var_logic
                vpiRhs Operation start:36:17 end:36:22:
                  vpiParent: Assignment
                  vpiOpType: bitwise xor (30)
                  vpiOperand (2 items):
                    RefObj name:a start:36:17 end:36:18:
                      vpiParent: Operation
                      vpiName: a
                      vpiFullName: nets_and_variables_nonansi.a
                      vpiActual: Net name:a
                    RefObj name:b start:36:21 end:36:22:
                      vpiParent: Operation
                      vpiName: b
                      vpiFullName: nets_and_variables_nonansi.b
                      vpiActual: Net name:b
              Assignment start:37:5 end:37:32:
                vpiParent: Begin
                vpiBlocking: true
                vpiLhs RefObj name:var_reg start:37:5 end:37:12:
                  vpiParent: Assignment
                  vpiName: var_reg
                  vpiFullName: nets_and_variables_nonansi.var_reg
                  vpiActual: Variable name:var_reg
                vpiRhs Operation start:37:15 end:37:32:
                  vpiParent: Assignment
                  vpiOpType: concatenation (33)
                  vpiOperand (2 items):
                    PartSelect name:var_reg[6:0] start:37:16 end:37:28:
                      vpiParent: Operation
                      vpiName: var_reg[6:0]
                      vpiFullName: nets_and_variables_nonansi.var_reg[6:0]
                      vpiPrefix RefObj name:var_reg start:37:16 end:37:23:
                        vpiParent: PartSelect name:var_reg[6:0]
                        vpiName: var_reg
                        vpiFullName: nets_and_variables_nonansi.var_reg[6:0].var_reg
                        vpiActual: Variable name:var_reg
                      vpiRange Range start:37:24 end:37:27:
                        vpiParent: PartSelect name:var_reg[6:0]
                        vpiLeftRange Constant start:37:24 end:37:25:
                          vpiParent: Range
                          vpiTypespec RefTypespec:
                            vpiParent: Constant
                            vpiFullName: nets_and_variables_nonansi.var_reg[6:0]
                            vpiActual: IntTypespec
                          vpiConstType: unsigned int (9)
                          vpiSize: 64
                          vpiDecompile: "6"
                          vpiValue: 6
                        vpiRightRange Constant start:37:26 end:37:27:
                          vpiParent: Range
                          vpiTypespec RefTypespec:
                            vpiParent: Constant
                            vpiFullName: nets_and_variables_nonansi.var_reg[6:0]
                            vpiActual: IntTypespec
                          vpiConstType: unsigned int (9)
                          vpiSize: 64
                          vpiDecompile: "0"
                          vpiValue: 0
                    RefObj name:a start:37:30 end:37:31:
                      vpiParent: Operation
                      vpiName: a
                      vpiFullName: nets_and_variables_nonansi.a
                      vpiActual: Net name:a
          vpiAlwaysType: comb (2)
      vpiContAssign (4 items):
        ContAssign start:30:10 end:30:38:
          vpiParent: Module name:nets_and_variables_nonansi
          vpiLhs RefObj name:implicit_net_nonansi start:30:10 end:30:30:
            vpiParent: ContAssign
            vpiName: implicit_net_nonansi
            vpiFullName: nets_and_variables_nonansi.implicit_net_nonansi
          vpiRhs Operation start:30:33 end:30:38:
            vpiParent: ContAssign
            vpiOpType: bitwise and (28)
            vpiOperand (2 items):
              RefObj name:a start:30:33 end:30:34:
                vpiParent: Operation
                vpiName: a
                vpiFullName: nets_and_variables_nonansi.a
                vpiActual: Net name:a
              RefObj name:b start:30:37 end:30:38:
                vpiParent: Operation
                vpiName: b
                vpiFullName: nets_and_variables_nonansi.b
                vpiActual: Net name:b
        ContAssign start:32:10 end:32:20:
          vpiParent: Module name:nets_and_variables_nonansi
          vpiLhs RefObj name:w0 start:32:10 end:32:12:
            vpiParent: ContAssign
            vpiName: w0
            vpiFullName: nets_and_variables_nonansi.w0
            vpiActual: Net name:w0
          vpiRhs Operation start:32:15 end:32:20:
            vpiParent: ContAssign
            vpiOpType: bitwise or (29)
            vpiOperand (2 items):
              RefObj name:a start:32:15 end:32:16:
                vpiParent: Operation
                vpiName: a
                vpiFullName: nets_and_variables_nonansi.a
                vpiActual: Net name:a
              RefObj name:b start:32:19 end:32:20:
                vpiParent: Operation
                vpiName: b
                vpiFullName: nets_and_variables_nonansi.b
                vpiActual: Net name:b
        ContAssign start:33:10 end:33:22:
          vpiParent: Module name:nets_and_variables_nonansi
          vpiLhs BitSelect name:w_bus[0] start:33:10 end:33:18:
            vpiParent: ContAssign
            vpiName: w_bus[0]
            vpiFullName: nets_and_variables_nonansi.w_bus[0]
            vpiPrefix RefObj name:w_bus start:33:10 end:33:15:
              vpiParent: BitSelect name:w_bus[0]
              vpiName: w_bus
              vpiFullName: nets_and_variables_nonansi.w_bus
              vpiActual: Net name:w_bus
            vpiIndex Constant start:33:16 end:33:17:
              vpiParent: BitSelect name:w_bus[0]
              vpiTypespec RefTypespec:
                vpiParent: Constant
                vpiFullName: nets_and_variables_nonansi.w_bus[0]
                vpiActual: IntTypespec
              vpiConstType: unsigned int (9)
              vpiSize: 64
              vpiDecompile: "0"
              vpiValue: 0
          vpiRhs RefObj name:a start:33:21 end:33:22:
            vpiParent: ContAssign
            vpiName: a
            vpiFullName: nets_and_variables_nonansi.a
            vpiActual: Net name:a
        ContAssign start:40:10 end:40:16:
          vpiParent: Module name:nets_and_variables_nonansi
          vpiLhs RefObj name:y start:40:10 end:40:11:
            vpiParent: ContAssign
            vpiName: y
            vpiFullName: nets_and_variables_nonansi.y
            vpiActual: Net name:y
          vpiRhs RefObj name:w0 start:40:14 end:40:16:
            vpiParent: ContAssign
            vpiName: w0
            vpiFullName: nets_and_variables_nonansi.w0
            vpiActual: Net name:w0
  vpiTypespec (3 items):
    IntTypespec:
      vpiParent: Design name:unnamed
    ModuleTypespec name:nets_and_variables_nonansi:
      vpiParent: Design name:unnamed
      vpiName Identifier name:nets_and_variables_nonansi start:19:8 end:19:34:
        vpiParent: ModuleTypespec name:nets_and_variables_nonansi
        vpiName: nets_and_variables_nonansi
      vpiModule: Module name:nets_and_variables_nonansi
    IntTypespec:
      vpiParent: Design name:unnamed
      vpiSigned: true
===================
[  FATAL] : 0
[ SYNTAX] : 0
[  ERROR] : 0
[WARNING] : 1
[   NOTE] : 0
********************************************************************************
*                    End HLC SystemVerilog Compiler/Linter                     *
********************************************************************************

#**#**#**#**#**#**#**#**#**#**#**#**#**#**#**#**#**#**#**#**#**#**#**#**#**#**#**#**#**#**#**#**#**#**#**#**#**#**#**#**

Environment:
      test-name: NetsAndVariables/NonAnsi/Behavior
   test-dirpath: ${HLC_DIR}/regression/NetsAndVariables/NonAnsi/Behavior
  hldb-filepath: ${HLC_DIR}/regression/NetsAndVariables/NonAnsi/Behavior/design.hldb
mounts-filepath: ${HLC_DIR}/regression/NetsAndVariables/NonAnsi/Behavior/mounts.json


{'result': {'coverage': 100.0,
            'error_count': 0,
            'file_count': 1,
            'files': {'$Output/lib/work/Behavior.sv': {'post_len': 0,
                                                       'pre_len': 326}},
            'post_len': 0,
            'pre_len': 326,
            'test_name': 'NetsAndVariables/NonAnsi/Behavior'}}

+------------------------------+----------+-----------+
| INPUT                        |   PRELEN |   POSTLEN |
+==============================+==========+===========+
| $Output/lib/work/Behavior.sv |      326 |         0 |
+==============================+==========+===========+
|                              |      326 |         0 |
+------------------------------+----------+-----------+

[   ERROR] : 0
[COVERAGE] : 100.0


#**#**#**#**#**#**#**#**#**#**#**#**#**#**#**#**#**#**#**#**#**#**#**#**#**#**#**#**#**#**#**#**#**#**#**#**#**#**#**#**

COMMAND: ${HLC_DIR}/regression/NetsAndVariables/NonAnsi/Behavior/design.hldb ${HLC_DIR}/regression/NetsAndVariables/NonAnsi/Behavior/reduced.hldb

==================== BEGIN REDUCTION RESULT ====================
Name                            Before   After   Added   Removed
----------------------------------------------------------------
----------------------------------------------------------------
Others                              82      82       0         0
----------------------------------------------------------------
                                    82      82       0         0
===================== END REDUCTION RESULT =====================
