********************************************
*  SURELOG SystemVerilog  Compiler/Linter  *
********************************************
Copyright (c) 2017-2023 Alain Dargelas,
http://www.apache.org/licenses/LICENSE-2.0
VERSION: 1.84
COMMAND: -wd ../../../../tests/Google/chapter-11 -parse -timescale=1ns/1ns -d ast -d uhdm -nobuiltin 11.4.11--cond_op-sim.sv -wd ${SURELOG_DIR}/third_party/UVM -I1800.2-2017-1.0/src -mt 0 -mp 0 -d uhdmstats -d cache -d uhdm -nostdout -o ${SURELOG_DIR}/regression/Google/chapter-11/11.4.11--cond_op-sim
[INF:CM0023] Creating log file "$Output/hlc.log".
[INF:PP0122] Preprocessing source file "$Source01/11.4.11--cond_op-sim.sv".
[INF:PA0201] Parsing source file "$Source01/11.4.11--cond_op-sim.sv".
AST_DEBUG_BEGIN
Count: 125
LIB: work
FILE: f<14>:$Source01/11.4.11--cond_op-sim.sv
n<$Source01/11.4.11--cond_op-sim.sv> u<124> t<Top_level_rule> c<1> l<16:1> el<28:1>
  n<> u<1> t<Null_rule> p<124> s<2> l<16:1> el<16:1>
  n<// Copyright (C) 2019-2021  The SymbiFlow Authors.> u<2> t<LINE_COMMENT> p<124> s<3> l<1:1> el<1:51>
  n<//> u<3> t<LINE_COMMENT> p<124> s<4> l<2:1> el<2:3>
  n<// Use of this source code is governed by a ISC-style> u<4> t<LINE_COMMENT> p<124> s<5> l<3:1> el<3:54>
  n<// license that can be found in the LICENSE file or at> u<5> t<LINE_COMMENT> p<124> s<6> l<4:1> el<4:55>
  n<// https://opensource.org/licenses/ISC> u<6> t<LINE_COMMENT> p<124> s<7> l<5:1> el<5:39>
  n<//> u<7> t<LINE_COMMENT> p<124> s<8> l<6:1> el<6:3>
  n<// SPDX-License-Identifier: ISC> u<8> t<LINE_COMMENT> p<124> s<9> l<7:1> el<7:32>
  n</*\n:name: cond_op_sim\n:description: ?: operator simulation test\n:type: simulation parsing\n:tags: 11.4.11\n*/> u<9> t<BLOCK_COMMENT> p<124> s<123> l<16:1> el<27:10>
  n<> u<123> t<Source_text> p<124> c<122> l<16:1> el<27:10>
    n<> u<122> t<Description> p<123> c<121> l<16:1> el<27:10>
      n<> u<121> t<Module_declaration> p<122> c<14> l<16:1> el<27:10>
        n<> u<14> t<Module_nonansi_header> p<121> c<10> s<31> l<16:1> el<16:14>
          n<module> u<10> t<Module_keyword> p<14> s<11> l<16:1> el<16:7>
          n<top> u<11> t<SIMPLE_IDENTIFIER> p<14> s<12> l<16:8> el<16:11>
          n<> u<12> t<Package_import_declaration_list> p<14> s<13> l<16:11> el<16:11>
          n<> u<13> t<Port_list> p<14> l<16:11> el<16:13>
        n<> u<31> t<Module_item> p<121> c<30> s<48> l<18:1> el<18:12>
          n<> u<30> t<Non_port_module_item> p<31> c<29> l<18:1> el<18:12>
            n<> u<29> t<Module_or_generate_item> p<30> c<28> l<18:1> el<18:12>
              n<> u<28> t<Module_common_item> p<29> c<27> l<18:1> el<18:12>
                n<> u<27> t<Module_or_generate_item_declaration> p<28> c<26> l<18:1> el<18:12>
                  n<> u<26> t<Package_or_generate_item_declaration> p<27> c<25> l<18:1> el<18:12>
                    n<> u<25> t<Data_declaration> p<26> c<24> l<18:1> el<18:12>
                      n<> u<24> t<Variable_declaration> p<25> c<16> l<18:1> el<18:12>
                        n<> u<16> t<Data_type> p<24> c<15> s<23> l<18:1> el<18:4>
                          n<> u<15> t<INT> p<16> l<18:1> el<18:4>
                        n<> u<23> t<Variable_decl_assignment_list> p<24> c<22> l<18:5> el<18:11>
                          n<> u<22> t<Variable_decl_assignment> p<23> c<17> l<18:5> el<18:11>
                            n<a> u<17> t<SIMPLE_IDENTIFIER> p<22> s<21> l<18:5> el<18:6>
                            n<> u<21> t<Expression> p<22> c<20> l<18:9> el<18:11>
                              n<> u<20> t<Primary> p<21> c<19> l<18:9> el<18:11>
                                n<> u<19> t<Primary_literal> p<20> c<18> l<18:9> el<18:11>
                                  n<12> u<18> t<INTEGRAL_NUMBER> p<19> l<18:9> el<18:11>
        n<> u<48> t<Module_item> p<121> c<47> s<61> l<19:1> el<19:11>
          n<> u<47> t<Non_port_module_item> p<48> c<46> l<19:1> el<19:11>
            n<> u<46> t<Module_or_generate_item> p<47> c<45> l<19:1> el<19:11>
              n<> u<45> t<Module_common_item> p<46> c<44> l<19:1> el<19:11>
                n<> u<44> t<Module_or_generate_item_declaration> p<45> c<43> l<19:1> el<19:11>
                  n<> u<43> t<Package_or_generate_item_declaration> p<44> c<42> l<19:1> el<19:11>
                    n<> u<42> t<Data_declaration> p<43> c<41> l<19:1> el<19:11>
                      n<> u<41> t<Variable_declaration> p<42> c<33> l<19:1> el<19:11>
                        n<> u<33> t<Data_type> p<41> c<32> s<40> l<19:1> el<19:4>
                          n<> u<32> t<INT> p<33> l<19:1> el<19:4>
                        n<> u<40> t<Variable_decl_assignment_list> p<41> c<39> l<19:5> el<19:10>
                          n<> u<39> t<Variable_decl_assignment> p<40> c<34> l<19:5> el<19:10>
                            n<b> u<34> t<SIMPLE_IDENTIFIER> p<39> s<38> l<19:5> el<19:6>
                            n<> u<38> t<Expression> p<39> c<37> l<19:9> el<19:10>
                              n<> u<37> t<Primary> p<38> c<36> l<19:9> el<19:10>
                                n<> u<36> t<Primary_literal> p<37> c<35> l<19:9> el<19:10>
                                  n<5> u<35> t<INTEGRAL_NUMBER> p<36> l<19:9> el<19:10>
        n<> u<61> t<Module_item> p<121> c<60> s<119> l<20:1> el<20:7>
          n<> u<60> t<Non_port_module_item> p<61> c<59> l<20:1> el<20:7>
            n<> u<59> t<Module_or_generate_item> p<60> c<58> l<20:1> el<20:7>
              n<> u<58> t<Module_common_item> p<59> c<57> l<20:1> el<20:7>
                n<> u<57> t<Module_or_generate_item_declaration> p<58> c<56> l<20:1> el<20:7>
                  n<> u<56> t<Package_or_generate_item_declaration> p<57> c<55> l<20:1> el<20:7>
                    n<> u<55> t<Data_declaration> p<56> c<54> l<20:1> el<20:7>
                      n<> u<54> t<Variable_declaration> p<55> c<50> l<20:1> el<20:7>
                        n<> u<50> t<Data_type> p<54> c<49> s<53> l<20:1> el<20:4>
                          n<> u<49> t<INT> p<50> l<20:1> el<20:4>
                        n<> u<53> t<Variable_decl_assignment_list> p<54> c<52> l<20:5> el<20:6>
                          n<> u<52> t<Variable_decl_assignment> p<53> c<51> l<20:5> el<20:6>
                            n<c> u<51> t<SIMPLE_IDENTIFIER> p<52> l<20:5> el<20:6>
        n<> u<119> t<Module_item> p<121> c<118> s<120> l<22:1> el<25:4>
          n<> u<118> t<Non_port_module_item> p<119> c<117> l<22:1> el<25:4>
            n<> u<117> t<Module_or_generate_item> p<118> c<116> l<22:1> el<25:4>
              n<> u<116> t<Module_common_item> p<117> c<115> l<22:1> el<25:4>
                n<> u<115> t<Initial_construct> p<116> c<114> l<22:1> el<25:4>
                  n<> u<114> t<Statement_or_null> p<115> c<113> l<22:9> el<25:4>
                    n<> u<113> t<Statement> p<114> c<112> l<22:9> el<25:4>
                      n<> u<112> t<Statement_item> p<113> c<111> l<22:9> el<25:4>
                        n<> u<111> t<Seq_block> p<112> c<92> l<22:9> el<25:4>
                          n<> u<92> t<Statement_or_null> p<111> c<91> s<109> l<23:2> el<23:24>
                            n<> u<91> t<Statement> p<92> c<90> l<23:2> el<23:24>
                              n<> u<90> t<Statement_item> p<91> c<89> l<23:2> el<23:24>
                                n<> u<89> t<Blocking_assignment> p<90> c<88> l<23:2> el<23:23>
                                  n<> u<88> t<Variable_assignment> p<89> c<66> l<23:2> el<23:23>
                                    n<> u<66> t<Variable_lvalue> p<88> c<63> s<87> l<23:2> el<23:3>
                                      n<> u<63> t<Ps_or_hierarchical_identifier> p<66> c<62> s<65> l<23:2> el<23:3>
                                        n<c> u<62> t<SIMPLE_IDENTIFIER> p<63> l<23:2> el<23:3>
                                      n<> u<65> t<Select> p<66> c<64> l<23:4> el<23:4>
                                        n<> u<64> t<Bit_select> p<65> l<23:4> el<23:4>
                                    n<> u<87> t<Expression> p<88> c<77> l<23:6> el<23:23>
                                      n<> u<77> t<Expression> p<87> c<76> s<86> l<23:6> el<23:13>
                                        n<> u<76> t<Expression> p<77> c<70> l<23:7> el<23:12>
                                          n<> u<70> t<Expression> p<76> c<69> s<75> l<23:7> el<23:8>
                                            n<> u<69> t<Primary> p<70> c<68> l<23:7> el<23:8>
                                              n<> u<68> t<Primary_literal> p<69> c<67> l<23:7> el<23:8>
                                                n<a> u<67> t<SIMPLE_IDENTIFIER> p<68> l<23:7> el<23:8>
                                          n<> u<75> t<GREATER> p<76> s<74> l<23:9> el<23:10>
                                          n<> u<74> t<Expression> p<76> c<73> l<23:11> el<23:12>
                                            n<> u<73> t<Primary> p<74> c<72> l<23:11> el<23:12>
                                              n<> u<72> t<Primary_literal> p<73> c<71> l<23:11> el<23:12>
                                                n<b> u<71> t<SIMPLE_IDENTIFIER> p<72> l<23:11> el<23:12>
                                      n<> u<86> t<QMARK> p<87> s<81> l<23:14> el<23:15>
                                      n<> u<81> t<Expression> p<87> c<80> s<85> l<23:16> el<23:18>
                                        n<> u<80> t<Primary> p<81> c<79> l<23:16> el<23:18>
                                          n<> u<79> t<Primary_literal> p<80> c<78> l<23:16> el<23:18>
                                            n<11> u<78> t<INTEGRAL_NUMBER> p<79> l<23:16> el<23:18>
                                      n<> u<85> t<Expression> p<87> c<84> l<23:21> el<23:23>
                                        n<> u<84> t<Primary> p<85> c<83> l<23:21> el<23:23>
                                          n<> u<83> t<Primary_literal> p<84> c<82> l<23:21> el<23:23>
                                            n<13> u<82> t<INTEGRAL_NUMBER> p<83> l<23:21> el<23:23>
                          n<> u<109> t<Statement_or_null> p<111> c<108> s<110> l<24:5> el<24:40>
                            n<> u<108> t<Statement> p<109> c<107> l<24:5> el<24:40>
                              n<> u<107> t<Statement_item> p<108> c<106> l<24:5> el<24:40>
                                n<> u<106> t<Subroutine_call_statement> p<107> c<105> l<24:5> el<24:40>
                                  n<> u<105> t<Subroutine_call> p<106> c<93> l<24:5> el<24:39>
                                    n<$> u<93> t<DOLLAR> p<105> s<94> l<24:5> el<24:6>
                                    n<display> u<94> t<SIMPLE_IDENTIFIER> p<105> s<104> l<24:6> el<24:13>
                                    n<> u<104> t<Argument_list> p<105> c<98> l<24:14> el<24:38>
                                      n<> u<98> t<Expression> p<104> c<97> s<103> l<24:14> el<24:35>
                                        n<> u<97> t<Primary> p<98> c<96> l<24:14> el<24:35>
                                          n<> u<96> t<Primary_literal> p<97> c<95> l<24:14> el<24:35>
                                            n<":assert: (11 == %d)"> u<95> t<QUOTED_STRING> p<96> l<24:14> el<24:35>
                                      n<> u<103> t<Argument> p<104> c<102> l<24:37> el<24:38>
                                        n<> u<102> t<Expression> p<103> c<101> l<24:37> el<24:38>
                                          n<> u<101> t<Primary> p<102> c<100> l<24:37> el<24:38>
                                            n<> u<100> t<Primary_literal> p<101> c<99> l<24:37> el<24:38>
                                              n<c> u<99> t<SIMPLE_IDENTIFIER> p<100> l<24:37> el<24:38>
                          n<> u<110> t<END> p<111> l<25:1> el<25:4>
        n<> u<120> t<ENDMODULE> p<121> l<27:1> el<27:10>
AST_DEBUG_END
[INF:CP0303] $Source01/11.4.11--cond_op-sim.sv:16:1: Compile module "work@top".
[INF:CM0029] Using global timescale: "1ns/1ns".
====== UHDM =======
Design name:unnamed:
  vpiName: unnamed
  vpiSourceFile (1 items):
    SourceFile name:11.4.11--cond_op-sim.sv file:$Source01/11.4.11--cond_op-sim.sv:
      vpiParent: Design name:unnamed
      vpiName: "11.4.11--cond_op-sim.sv"
      vpiPreprocFile: "$Output/lib/work/11.4.11--cond_op-sim.sv"
      vpiDefNetType: none (12)
  vpiAllModules (1 items):
    Module name:work@top file:$Source01/11.4.11--cond_op-sim.sv start:16:1 end:27:10:
      vpiParent: Design name:unnamed
      vpiName Identifier name:work@top start:16:8 end:16:11:
        vpiParent: Module name:work@top
        vpiName: work@top
      vpiFullName: work@top
      vpiDefName: work@top
      vpiDefNetType: none (12)
      vpiLibrary RefObj name:work:
        vpiParent: Module name:work@top
        vpiName: work
        vpiFullName: work@top.work
      vpiCell: top
      vpiNet (3 items):
        Net name:a start:18:5 end:18:6:
          vpiParent: Module name:work@top
          vpiTypespec RefTypespec start:18:1 end:18:4:
            vpiParent: Net name:a
            vpiFullName: work@top.a
            vpiActual: IntTypespec
          vpiName: a
          vpiFullName: work@top.a
          vpiValue Constant start:18:9 end:18:11:
            vpiParent: Net name:a
            vpiTypespec RefTypespec:
              vpiParent: Constant
              vpiFullName: work@top.a
              vpiActual: IntTypespec
            vpiConstType: unsigned int (9)
            vpiSize: 64
            vpiDecompile: "12"
            vpiValue: 12
        Net name:b start:19:5 end:19:6:
          vpiParent: Module name:work@top
          vpiTypespec RefTypespec start:19:1 end:19:4:
            vpiParent: Net name:b
            vpiFullName: work@top.b
            vpiActual: IntTypespec
          vpiName: b
          vpiFullName: work@top.b
          vpiValue Constant start:19:9 end:19:10:
            vpiParent: Net name:b
            vpiTypespec RefTypespec:
              vpiParent: Constant
              vpiFullName: work@top.b
              vpiActual: IntTypespec
            vpiConstType: unsigned int (9)
            vpiSize: 64
            vpiDecompile: "5"
            vpiValue: 5
        Net name:c start:20:5 end:20:6:
          vpiParent: Module name:work@top
          vpiTypespec RefTypespec start:20:1 end:20:4:
            vpiParent: Net name:c
            vpiFullName: work@top.c
            vpiActual: IntTypespec
          vpiName: c
          vpiFullName: work@top.c
      vpiProcess (1 items):
        Initial start:22:1 end:25:4:
          vpiParent: Module name:work@top
          vpiStmt Begin start:22:9 end:25:4:
            vpiParent: Initial
            vpiFullName: work@top
            vpiStmt (2 items):
              Assignment start:23:2 end:23:23:
                vpiParent: Begin
                vpiBlocking: true
                vpiLhs RefObj name:c start:23:2 end:23:3:
                  vpiParent: Assignment
                  vpiName: c
                  vpiFullName: work@top.c
                  vpiActual: Net name:c
                vpiRhs Operation start:23:6 end:23:23:
                  vpiParent: Assignment
                  vpiOpType: condition (32)
                  vpiOperand (3 items):
                    Operation start:23:7 end:23:12:
                      vpiParent: Operation
                      vpiOpType: greater than (18)
                      vpiOperand (2 items):
                        RefObj name:a start:23:7 end:23:8:
                          vpiParent: Operation
                          vpiName: a
                          vpiFullName: work@top.a
                          vpiActual: Net name:a
                        RefObj name:b start:23:11 end:23:12:
                          vpiParent: Operation
                          vpiName: b
                          vpiFullName: work@top.b
                          vpiActual: Net name:b
                    Constant start:23:16 end:23:18:
                      vpiParent: Operation
                      vpiTypespec RefTypespec:
                        vpiParent: Constant
                        vpiFullName: work@top
                        vpiActual: IntTypespec
                      vpiConstType: unsigned int (9)
                      vpiSize: 64
                      vpiDecompile: "11"
                      vpiValue: 11
                    Constant start:23:21 end:23:23:
                      vpiParent: Operation
                      vpiTypespec RefTypespec:
                        vpiParent: Constant
                        vpiFullName: work@top
                        vpiActual: IntTypespec
                      vpiConstType: unsigned int (9)
                      vpiSize: 64
                      vpiDecompile: "13"
                      vpiValue: 13
              SysFuncCall name:$display start:24:5 end:24:39:
                vpiParent: Begin
                vpiName Identifier name:$display start:24:5 end:24:13:
                  vpiParent: SysFuncCall name:$display
                  vpiName: "$display"
                vpiArgument (2 items):
                  Constant start:24:14 end:24:35:
                    vpiParent: SysFuncCall name:$display
                    vpiTypespec RefTypespec:
                      vpiParent: Constant
                      vpiFullName: work@top
                      vpiActual: StringTypespec
                    vpiConstType: string (6)
                    vpiSize: 152
                    vpiDecompile: "\":assert: (11 == %d)\""
                    vpiValue: ":assert: (11 == %d)"
                  RefObj name:c start:24:37 end:24:38:
                    vpiParent: SysFuncCall name:$display
                    vpiName: c
                    vpiFullName: work@top.c
                    vpiActual: Net name:c
  vpiTypespec (3 items):
    ModuleTypespec name:work@top:
      vpiParent: Design name:unnamed
      vpiName Identifier name:work@top start:16:8 end:16:11:
        vpiParent: ModuleTypespec name:work@top
        vpiName: work@top
      vpiModule: Module name:work@top
    IntTypespec:
      vpiParent: Design name:unnamed
      vpiSigned: true
    StringTypespec:
      vpiParent: Design name:unnamed
===================
[  FATAL] : 0
[ SYNTAX] : 0
[  ERROR] : 0
[WARNING] : 0
[   NOTE] : 0
********************************************
*   End SURELOG SVerilog Compiler/Linter   *
********************************************

#**#**#**#**#**#**#**#**#**#**#**#**#**#**#**#**#**#**#**#**#**#**#**#**#**#**#**#**#**#**#**#**#**#**#**#**#**#**#**#**

Environment:
      test-name: Google/chapter-11/11.4.11--cond_op-sim
   test-dirpath: ${SURELOG_DIR}/regression/Google/chapter-11/11.4.11--cond_op-sim
  uhdm-filepath: ${SURELOG_DIR}/regression/Google/chapter-11/11.4.11--cond_op-sim/surelog.uhdm
mounts-filepath: ${SURELOG_DIR}/regression/Google/chapter-11/11.4.11--cond_op-sim/mounts.json


{'result': {'coverage': 100.0,
            'error_count': 0,
            'file_count': 1,
            'files': {'$Output/lib/work/11.4.11--cond_op-sim.sv': {'post_len': 0,
                                                                   'pre_len': 122}},
            'post_len': 0,
            'pre_len': 122,
            'test_name': 'Google/chapter-11/11.4.11--cond_op-sim'}}

+------------------------------------------+----------+-----------+
| INPUT                                    |   PRELEN |   POSTLEN |
+==========================================+==========+===========+
| $Output/lib/work/11.4.11--cond_op-sim.sv |      122 |         0 |
+==========================================+==========+===========+
|                                          |      122 |         0 |
+------------------------------------------+----------+-----------+

[   ERROR] : 0
[COVERAGE] : 100.0


#**#**#**#**#**#**#**#**#**#**#**#**#**#**#**#**#**#**#**#**#**#**#**#**#**#**#**#**#**#**#**#**#**#**#**#**#**#**#**#**

COMMAND: ${SURELOG_DIR}/regression/Google/chapter-11/11.4.11--cond_op-sim/surelog.uhdm ${SURELOG_DIR}/regression/Google/chapter-11/11.4.11--cond_op-sim/reduced.uhdm

==================== BEGIN REDUCTION RESULT ====================
Name                            Before   After   Added   Removed
----------------------------------------------------------------
Constant                             5       3       0         2
Operation                            2       0       0         2
RefObj                               5       3       0         2
RefTypespec                          8       6       0         2
----------------------------------------------------------------
Others                              16      16       0         0
----------------------------------------------------------------
                                    36      28       0         8
===================== END REDUCTION RESULT =====================
