[INF:CM0023] Creating log file "${SURELOG_DIR}/regression/Google/chapter-12/12.7.3--foreach/surelog.log".
AST_DEBUG_BEGIN
Count: 100
LIB: work
FILE: ${SURELOG_DIR}/tests/Google/chapter-12/12.7.3--foreach.sv
n<${SURELOG_DIR}/tests/Google/chapter-12/12.7.3--foreach.sv> u<99> t<Top_level_rule> c<1> l<15:1> el<22:1>
  n<> u<1> t<Null_rule> p<99> s<2> l<15:1> el<15:1>
  n<// Copyright (C) 2019-2021  The SymbiFlow Authors.> u<2> t<LINE_COMMENT> p<99> s<3> l<1:1> el<1:51>
  n<//> u<3> t<LINE_COMMENT> p<99> s<4> l<2:1> el<2:3>
  n<// Use of this source code is governed by a ISC-style> u<4> t<LINE_COMMENT> p<99> s<5> l<3:1> el<3:54>
  n<// license that can be found in the LICENSE file or at> u<5> t<LINE_COMMENT> p<99> s<6> l<4:1> el<4:55>
  n<// https://opensource.org/licenses/ISC> u<6> t<LINE_COMMENT> p<99> s<7> l<5:1> el<5:39>
  n<//> u<7> t<LINE_COMMENT> p<99> s<8> l<6:1> el<6:3>
  n<// SPDX-License-Identifier: ISC> u<8> t<LINE_COMMENT> p<99> s<9> l<7:1> el<7:32>
  n</*\n:name: foreach_loop\n:description: A module testing foreach loop\n:tags: 12.7.3\n*/> u<9> t<BLOCK_COMMENT> p<99> s<98> l<15:1> el<21:10>
  n<> u<98> t<Source_text> p<99> c<97> l<15:1> el<21:10>
    n<> u<97> t<Description> p<98> c<96> l<15:1> el<21:10>
      n<> u<96> t<Module_declaration> p<97> c<14> l<15:1> el<21:10>
        n<> u<14> t<Module_nonansi_header> p<96> c<10> s<53> l<15:1> el<15:22>
          n<module> u<10> t<Module_keyword> p<14> s<11> l<15:1> el<15:7>
          n<foreach_tb> u<11> t<SIMPLE_IDENTIFIER> p<14> s<12> l<15:8> el<15:18>
          n<> u<12> t<Package_import_declaration_list> p<14> s<13> l<15:19> el<15:19>
          n<> u<13> t<Port_list> p<14> l<15:19> el<15:21>
        n<> u<53> t<Module_item> p<96> c<52> s<94> l<16:2> el<16:50>
          n<> u<52> t<Non_port_module_item> p<53> c<51> l<16:2> el<16:50>
            n<> u<51> t<Module_or_generate_item> p<52> c<50> l<16:2> el<16:50>
              n<> u<50> t<Module_common_item> p<51> c<49> l<16:2> el<16:50>
                n<> u<49> t<Module_or_generate_item_declaration> p<50> c<48> l<16:2> el<16:50>
                  n<> u<48> t<Package_or_generate_item_declaration> p<49> c<47> l<16:2> el<16:50>
                    n<> u<47> t<Data_declaration> p<48> c<46> l<16:2> el<16:50>
                      n<> u<46> t<Variable_declaration> p<47> c<16> l<16:2> el<16:50>
                        n<string> u<16> t<Data_type> p<46> c<15> s<45> l<16:2> el<16:8>
                          n<string> u<15> t<String_type> p<16> l<16:2> el<16:8>
                        n<> u<45> t<Variable_decl_assignment_list> p<46> c<44> l<16:9> el<16:49>
                          n<> u<44> t<Variable_decl_assignment> p<45> c<17> l<16:9> el<16:49>
                            n<test> u<17> t<SIMPLE_IDENTIFIER> p<44> s<23> l<16:9> el<16:13>
                            n<> u<23> t<Variable_dimension> p<44> c<22> s<43> l<16:14> el<16:17>
                              n<> u<22> t<Unpacked_dimension> p<23> c<21> l<16:14> el<16:17>
                                n<> u<21> t<Constant_expression> p<22> c<20> l<16:15> el<16:16>
                                  n<> u<20> t<Constant_primary> p<21> c<19> l<16:15> el<16:16>
                                    n<> u<19> t<Primary_literal> p<20> c<18> l<16:15> el<16:16>
                                      n<4> u<18> t<INTEGRAL_NUMBER> p<19> l<16:15> el<16:16>
                            n<> u<43> t<Expression> p<44> c<42> l<16:20> el<16:49>
                              n<> u<42> t<Primary> p<43> c<41> l<16:20> el<16:49>
                                n<> u<41> t<Assignment_pattern_expression> p<42> c<40> l<16:20> el<16:49>
                                  n<> u<40> t<Assignment_pattern> p<41> c<27> l<16:20> el<16:49>
                                    n<> u<27> t<Expression> p<40> c<26> s<31> l<16:22> el<16:27>
                                      n<> u<26> t<Primary> p<27> c<25> l<16:22> el<16:27>
                                        n<> u<25> t<Primary_literal> p<26> c<24> l<16:22> el<16:27>
                                          n<"111"> u<24> t<QUOTED_STRING> p<25> l<16:22> el<16:27>
                                    n<> u<31> t<Expression> p<40> c<30> s<35> l<16:29> el<16:34>
                                      n<> u<30> t<Primary> p<31> c<29> l<16:29> el<16:34>
                                        n<> u<29> t<Primary_literal> p<30> c<28> l<16:29> el<16:34>
                                          n<"222"> u<28> t<QUOTED_STRING> p<29> l<16:29> el<16:34>
                                    n<> u<35> t<Expression> p<40> c<34> s<39> l<16:36> el<16:41>
                                      n<> u<34> t<Primary> p<35> c<33> l<16:36> el<16:41>
                                        n<> u<33> t<Primary_literal> p<34> c<32> l<16:36> el<16:41>
                                          n<"333"> u<32> t<QUOTED_STRING> p<33> l<16:36> el<16:41>
                                    n<> u<39> t<Expression> p<40> c<38> l<16:43> el<16:48>
                                      n<> u<38> t<Primary> p<39> c<37> l<16:43> el<16:48>
                                        n<> u<37> t<Primary_literal> p<38> c<36> l<16:43> el<16:48>
                                          n<"444"> u<36> t<QUOTED_STRING> p<37> l<16:43> el<16:48>
        n<> u<94> t<Module_item> p<96> c<93> s<95> l<17:2> el<20:5>
          n<> u<93> t<Non_port_module_item> p<94> c<92> l<17:2> el<20:5>
            n<> u<92> t<Module_or_generate_item> p<93> c<91> l<17:2> el<20:5>
              n<> u<91> t<Module_common_item> p<92> c<90> l<17:2> el<20:5>
                n<> u<90> t<Initial_construct> p<91> c<89> l<17:2> el<20:5>
                  n<> u<89> t<Statement_or_null> p<90> c<88> l<17:10> el<20:5>
                    n<> u<88> t<Statement> p<89> c<87> l<17:10> el<20:5>
                      n<> u<87> t<Statement_item> p<88> c<86> l<17:10> el<20:5>
                        n<> u<86> t<Seq_block> p<87> c<84> l<17:10> el<20:5>
                          n<> u<84> t<Statement_or_null> p<86> c<83> s<85> l<18:3> el<19:25>
                            n<> u<83> t<Statement> p<84> c<82> l<18:3> el<19:25>
                              n<> u<82> t<Statement_item> p<83> c<81> l<18:3> el<19:25>
                                n<> u<81> t<Loop_statement> p<82> c<80> l<18:3> el<19:25>
                                  n<> u<80> t<FOREACH> p<81> s<55> l<18:3> el<18:10>
                                  n<> u<55> t<Ps_or_hierarchical_array_identifier> p<81> c<54> s<57> l<18:11> el<18:15>
                                    n<test> u<54> t<SIMPLE_IDENTIFIER> p<55> l<18:11> el<18:15>
                                  n<> u<57> t<Loop_variables> p<81> c<56> s<79> l<18:16> el<18:17>
                                    n<i> u<56> t<SIMPLE_IDENTIFIER> p<57> l<18:16> el<18:17>
                                  n<> u<79> t<Statement> p<81> c<78> l<19:4> el<19:25>
                                    n<> u<78> t<Statement_item> p<79> c<77> l<19:4> el<19:25>
                                      n<> u<77> t<Subroutine_call_statement> p<78> c<76> l<19:4> el<19:25>
                                        n<> u<76> t<Subroutine_call> p<77> c<58> l<19:4> el<19:24>
                                          n<$> u<58> t<DOLLAR> p<76> s<59> l<19:4> el<19:5>
                                          n<display> u<59> t<SIMPLE_IDENTIFIER> p<76> s<75> l<19:5> el<19:12>
                                          n<> u<75> t<Argument_list> p<76> c<63> l<19:13> el<19:23>
                                            n<> u<63> t<Expression> p<75> c<62> s<74> l<19:13> el<19:14>
                                              n<> u<62> t<Primary> p<63> c<61> l<19:13> el<19:14>
                                                n<> u<61> t<Primary_literal> p<62> c<60> l<19:13> el<19:14>
                                                  n<i> u<60> t<SIMPLE_IDENTIFIER> p<61> l<19:13> el<19:14>
                                            n<> u<74> t<Argument> p<75> c<73> l<19:16> el<19:23>
                                              n<> u<73> t<Expression> p<74> c<72> l<19:16> el<19:23>
                                                n<> u<72> t<Primary> p<73> c<71> l<19:16> el<19:23>
                                                  n<> u<71> t<Subroutine_call> p<72> c<64> l<19:16> el<19:23>
                                                    n<test> u<64> t<SIMPLE_IDENTIFIER> p<71> s<70> l<19:16> el<19:20>
                                                    n<> u<70> t<Select> p<71> c<69> l<19:20> el<19:23>
                                                      n<> u<69> t<Bit_select> p<70> c<68> l<19:20> el<19:23>
                                                        n<> u<68> t<Expression> p<69> c<67> l<19:21> el<19:22>
                                                          n<> u<67> t<Primary> p<68> c<66> l<19:21> el<19:22>
                                                            n<> u<66> t<Primary_literal> p<67> c<65> l<19:21> el<19:22>
                                                              n<i> u<65> t<SIMPLE_IDENTIFIER> p<66> l<19:21> el<19:22>
                          n<> u<85> t<END> p<86> l<20:2> el<20:5>
        n<> u<95> t<ENDMODULE> p<96> l<21:1> el<21:10>
AST_DEBUG_END
[INF:CP0303] ${SURELOG_DIR}/tests/Google/chapter-12/12.7.3--foreach.sv:15:1: Compile module "work@foreach_tb".
[INF:CM0029] Using global timescale: "1ns/1ns".
====== UHDM =======
Design name:unnamed:
  vpiName: unnamed
  vpiSourceFiles (1 items):
    SourceFile name:12.7.3--foreach.sv file:${SURELOG_DIR}/tests/Google/chapter-12/12.7.3--foreach.sv:
      vpiParent: Design name:unnamed
      vpiName: "12.7.3--foreach.sv"
      vpiPreprocFile: "${SURELOG_DIR}/regression/Google/chapter-12/12.7.3--foreach/lib/work/12.7.3--foreach.sv"
      vpiDefNetType: none (12)
  vpiAllModules (1 items):
    Module name:work@foreach_tb file:${SURELOG_DIR}/tests/Google/chapter-12/12.7.3--foreach.sv start:15:1 end:21:10:
      vpiParent: Design name:unnamed
      vpiName Identifier name:work@foreach_tb start:15:8 end:15:18:
        vpiParent: Module name:work@foreach_tb
        vpiName: work@foreach_tb
      vpiFullName: work@foreach_tb
      vpiTypespec (1 items):
        ArrayTypespec:
          vpiParent: Module name:work@foreach_tb
          vpiArrayType: static (1)
          vpiRange Range start:16:14 end:16:17:
            vpiParent: ArrayTypespec
            vpiLeftRange Operation:
              vpiParent: Range
              vpiOpType: subtract (11)
              vpiOperand (1 items):
                Constant start:16:15 end:16:16:
                  vpiParent: Operation
                  vpiTypespec RefTypespec:
                    vpiParent: Constant
                    vpiFullName: work@foreach_tb
                    vpiActual: IntTypespec
                  vpiConstType: unsigned int (9)
                  vpiSize: 64
                  vpiDecompile: "4"
                  vpiValue: 4
          vpiElemTypespec RefTypespec name:string start:16:2 end:16:8:
            vpiParent: ArrayTypespec
            vpiName: string
            vpiFullName: work@foreach_tb.string
            vpiActual: StringTypespec
      vpiDefName: work@foreach_tb
      vpiDefNetType: none (12)
      vpiNet (1 items):
        Net name:test start:16:9 end:16:13:
          vpiParent: Module name:work@foreach_tb
          vpiTypespec RefTypespec:
            vpiParent: Net name:test
            vpiFullName: work@foreach_tb.test
            vpiActual: ArrayTypespec
          vpiName: test
          vpiFullName: work@foreach_tb.test
          vpiValue Operation start:16:20 end:16:49:
            vpiParent: Net name:test
            vpiOpType: assign pattern (75)
            vpiOperand (4 items):
              Constant start:16:22 end:16:27:
                vpiParent: Operation
                vpiTypespec RefTypespec:
                  vpiParent: Constant
                  vpiFullName: work@foreach_tb.test
                  vpiActual: StringTypespec
                vpiConstType: string (6)
                vpiSize: 24
                vpiDecompile: "\"111\""
                vpiValue: 111
              Constant start:16:29 end:16:34:
                vpiParent: Operation
                vpiTypespec RefTypespec:
                  vpiParent: Constant
                  vpiFullName: work@foreach_tb.test
                  vpiActual: StringTypespec
                vpiConstType: string (6)
                vpiSize: 24
                vpiDecompile: "\"222\""
                vpiValue: 222
              Constant start:16:36 end:16:41:
                vpiParent: Operation
                vpiTypespec RefTypespec:
                  vpiParent: Constant
                  vpiFullName: work@foreach_tb.test
                  vpiActual: StringTypespec
                vpiConstType: string (6)
                vpiSize: 24
                vpiDecompile: "\"333\""
                vpiValue: 333
              Constant start:16:43 end:16:48:
                vpiParent: Operation
                vpiTypespec RefTypespec:
                  vpiParent: Constant
                  vpiFullName: work@foreach_tb.test
                  vpiActual: StringTypespec
                vpiConstType: string (6)
                vpiSize: 24
                vpiDecompile: "\"444\""
                vpiValue: 444
      vpiProcess (1 items):
        Initial start:17:2 end:20:5:
          vpiParent: Module name:work@foreach_tb
          vpiStmt Begin start:17:10 end:20:5:
            vpiParent: Initial
            vpiFullName: work@foreach_tb
            vpiStmt (1 items):
              ForeachStmt start:18:3 end:19:25:
                vpiParent: Begin
                vpiFullName: work@foreach_tb
                vpiVariable (1 items):
                  Variable name:i start:18:16 end:18:17:
                    vpiParent: ForeachStmt
                    vpiName: i
                    vpiFullName: work@foreach_tb.i
                vpiVariable RefObj name:test start:18:11 end:18:15:
                  vpiParent: ForeachStmt
                  vpiName: test
                  vpiFullName: work@foreach_tb.test
                  vpiActual: Net name:test
                vpiLoopVars (1 items):
                  Variable name:i
                vpiStmt SysFuncCall name:$display start:19:4 end:19:24:
                  vpiParent: ForeachStmt
                  vpiName Identifier name:$display start:19:4 end:19:12:
                    vpiParent: SysFuncCall name:$display
                    vpiName: "$display"
                  vpiArgument (2 items):
                    RefObj name:i start:19:13 end:19:14:
                      vpiParent: SysFuncCall name:$display
                      vpiName: i
                      vpiFullName: work@foreach_tb.i
                      vpiActual: Variable name:i
                    BitSelect name:test[i] start:19:16 end:19:23:
                      vpiParent: SysFuncCall name:$display
                      vpiName: test[i]
                      vpiFullName: work@foreach_tb.test[i]
                      vpiPrefix RefObj name:test start:19:16 end:19:20:
                        vpiParent: BitSelect name:test[i]
                        vpiName: test
                        vpiFullName: work@foreach_tb.test
                        vpiActual: Net name:test
                      vpiIndex RefObj name:i start:19:21 end:19:22:
                        vpiParent: BitSelect name:test[i]
                        vpiName: i
                        vpiFullName: work@foreach_tb.i
                        vpiActual: Variable name:i
  vpiTypespec (3 items):
    ModuleTypespec name:work@foreach_tb:
      vpiParent: Design name:unnamed
      vpiName Identifier name:work@foreach_tb start:15:8 end:15:18:
        vpiParent: ModuleTypespec name:work@foreach_tb
        vpiName: work@foreach_tb
      vpiModule: Module name:work@foreach_tb
    StringTypespec:
      vpiParent: Design name:unnamed
    IntTypespec:
      vpiParent: Design name:unnamed
      vpiSigned: true
===================

[  FATAL] : 0
[ SYNTAX] : 0
[  ERROR] : 0
[WARNING] : 0
[   NOTE] : 0

#**#**#**#**#**#**#**#**#**#**#**#**#**#**#**#**#**#**#**#**#**#**#**#**#**#**#**#**#**#**#**#**#**#**#**#**#**#**#**#**

Environment:
    test-name: Google/chapter-12/12.7.3--foreach
 test-dirpath: ${SURELOG_DIR}/regression/Google/chapter-12/12.7.3--foreach
uhdm-filepath: ${SURELOG_DIR}/regression/Google/chapter-12/12.7.3--foreach/surelog.uhdm


{'result': {'coverage': 100.0,
            'error_count': 0,
            'file_count': 1,
            'files': {PosixPath('${SURELOG_DIR}/regression/Google/chapter-12/12.7.3--foreach/lib/work/12.7.3--foreach.sv'): {'post_len': 0,
                                                                                                                                                  'pre_len': 131}},
            'post_len': 0,
            'pre_len': 131,
            'test_name': 'Google/chapter-12/12.7.3--foreach'}}

+-----------------------------+----------+-----------+
| INPUT                       |   PRELEN |   POSTLEN |
+=============================+==========+===========+
| lib/work/12.7.3--foreach.sv |      131 |         0 |
+=============================+==========+===========+
|                             |      131 |         0 |
+-----------------------------+----------+-----------+

[   ERROR] : 0
[COVERAGE] : 100.0


#**#**#**#**#**#**#**#**#**#**#**#**#**#**#**#**#**#**#**#**#**#**#**#**#**#**#**#**#**#**#**#**#**#**#**#**#**#**#**#**

COMMAND: ${SURELOG_DIR}/regression/Google/chapter-12/12.7.3--foreach/surelog.uhdm ${SURELOG_DIR}/regression/Google/chapter-12/12.7.3--foreach/reduced.uhdm

==================== BEGIN REDUCTION RESULT ====================
Name                            Before   After   Added   Removed
----------------------------------------------------------------
----------------------------------------------------------------
Others                              36      36       0         0
----------------------------------------------------------------
                                    36      36       0         0
===================== END REDUCTION RESULT =====================
