********************************************************************************
*                   Begin HLC SystemVerilog Compiler/Linter                    *
********************************************************************************
Copyright (c) 2020 Apotell,
http://www.apache.org/licenses/LICENSE-2.0
VERSION: 1.84
COMMAND: -wd ../../../tests/Verilator +incdir+. -nobuiltin -timescale=1ns/1ns -d ast -d db t_preproc_ttempty.v -mt 0 -mp 0 -d dbstats -d cache -d db -nostdout -o ${HLC_DIR}/regression/Verilator/t_preproc_ttempty
[INF:CM0023] Creating log file "$Output/hlc.log".
[INF:PP0122] Preprocessing source file "$Source01/t_preproc_ttempty.v".
[INF:PA0201] Parsing source file "$Source01/t_preproc_ttempty.v".
AST_DEBUG_BEGIN
Count: 9
LIB: work
FILE: f<13>:$Source01/t_preproc_ttempty.v
n<$Source01/t_preproc_ttempty.v> u<8> t<Top_level_rule> c<1> l<9:1> el<9:1>
  n<> u<1> t<Null_rule> p<8> s<2> l<9:1> el<9:1>
  n<> u<2> t<Source_text> p<8> s<3> l<9:1> el<9:1>
  n<// DESCRIPTION: Verilator: Verilog Test module> u<3> t<LINE_COMMENT> p<8> s<4> l<1:1> el<1:47>
  n<//> u<4> t<LINE_COMMENT> p<8> s<5> l<2:1> el<2:3>
  n<// This file ONLY is placed into the Public Domain, for any use,> u<5> t<LINE_COMMENT> p<8> s<6> l<3:1> el<3:65>
  n<// without warranty, 2017 by Wilson Snyder.> u<6> t<LINE_COMMENT> p<8> s<7> l<4:1> el<4:44>
  n<//`define TARGET_PACKAGE> u<7> t<LINE_COMMENT> p<8> l<6:1> el<6:25>
AST_DEBUG_END
[INF:CM0029] Using global timescale: "1ns/1ns".
====== HLDB =======
Design name:unnamed:
  vpiName: unnamed
  vpiSourceFile (1 items):
    SourceFile name:t_preproc_ttempty.v file:$Source01/t_preproc_ttempty.v:
      vpiParent: Design name:unnamed
      vpiName: t_preproc_ttempty.v
      vpiPreprocFile: "$Output/lib/work/t_preproc_ttempty.v"
      vpiPreprocMacroDefinition (1 items):
        PreprocMacroDefinition name:TARGET_PACKAGE_ start:8:1 end:8:41:
          vpiParent: SourceFile name:t_preproc_ttempty.v
          vpiName Identifier name:TARGET_PACKAGE_ start:8:9 end:8:24:
            vpiParent: PreprocMacroDefinition name:TARGET_PACKAGE_
            vpiName: TARGET_PACKAGE_
          vpiPMDType: define (1)
          vpiPMDToken (2 items):
            Identifier name:`` start:8:24 end:8:26:
              vpiParent: PreprocMacroDefinition name:TARGET_PACKAGE_
              vpiName: "``"
            Identifier name:`TARGET_PACKAGE start:8:26 end:8:41:
              vpiParent: PreprocMacroDefinition name:TARGET_PACKAGE_
              vpiName: "`TARGET_PACKAGE"
      vpiDefNetType: none (12)
===================
[  FATAL] : 0
[ SYNTAX] : 0
[  ERROR] : 0
[WARNING] : 0
[   NOTE] : 0
********************************************************************************
*                    End HLC SystemVerilog Compiler/Linter                     *
********************************************************************************

#**#**#**#**#**#**#**#**#**#**#**#**#**#**#**#**#**#**#**#**#**#**#**#**#**#**#**#**#**#**#**#**#**#**#**#**#**#**#**#**

Environment:
      test-name: Verilator/t_preproc_ttempty
   test-dirpath: ${HLC_DIR}/regression/Verilator/t_preproc_ttempty
  hldb-filepath: ${HLC_DIR}/regression/Verilator/t_preproc_ttempty/design.hldb
mounts-filepath: ${HLC_DIR}/regression/Verilator/t_preproc_ttempty/mounts.json


{'result': {'coverage': 0,
            'error_count': 0,
            'file_count': 1,
            'files': {'$Output/lib/work/t_preproc_ttempty.v': {'post_len': 0,
                                                               'pre_len': 0}},
            'post_len': 0,
            'pre_len': 0,
            'test_name': 'Verilator/t_preproc_ttempty'}}

+--------------------------------------+----------+-----------+
| INPUT                                |   PRELEN |   POSTLEN |
+======================================+==========+===========+
| $Output/lib/work/t_preproc_ttempty.v |        0 |         0 |
+======================================+==========+===========+
|                                      |        0 |         0 |
+--------------------------------------+----------+-----------+

[   ERROR] : 0
[COVERAGE] : 0


#**#**#**#**#**#**#**#**#**#**#**#**#**#**#**#**#**#**#**#**#**#**#**#**#**#**#**#**#**#**#**#**#**#**#**#**#**#**#**#**

COMMAND: ${HLC_DIR}/regression/Verilator/t_preproc_ttempty/design.hldb ${HLC_DIR}/regression/Verilator/t_preproc_ttempty/reduced.hldb

==================== BEGIN REDUCTION RESULT ====================
Name                            Before   After   Added   Removed
----------------------------------------------------------------
----------------------------------------------------------------
Others                               6       6       0         0
----------------------------------------------------------------
                                     6       6       0         0
===================== END REDUCTION RESULT =====================
