********************************************************************************
*                   Begin HLC SystemVerilog Compiler/Linter                    *
********************************************************************************
Copyright (c) 2020 Apotell,
http://www.apache.org/licenses/LICENSE-2.0
VERSION: 1.84
COMMAND: -wd ../../../tests/Verilator +incdir+. -nobuiltin -timescale=1ns/1ns -d ast -d db t_struct_anon.v -mt 0 -d dbstats -d cache -writepp -d db -nostdout -o ${HLC_DIR}/regression/Verilator/t_struct_anon
[INF:CM5022] Creating log file "$Output/hlc.log".
[INF:PP5223] Preprocessing source file "$Source01/t_struct_anon.v".
[INF:PA5502] Parsing source file "$Source01/t_struct_anon.v".
AST_DEBUG_BEGIN
Count: 217
LIB: work
FILE<0>:$Source01/t_struct_anon.v
n<$Source01/t_struct_anon.v> u<216> t<Top_level_rule> c<1> l<7:1> el<26:1>
  n<> u<1> t<Null_rule> p<216> s<2> l<7:1> el<7:1>
  n<// DESCRIPTION: Verilator: Verilog Test module> u<2> t<LINE_COMMENT> p<216> s<3> l<1:1> el<1:47>
  n<//> u<3> t<LINE_COMMENT> p<216> s<4> l<2:1> el<2:3>
  n<// This file ONLY is placed into the Public Domain, for any use,> u<4> t<LINE_COMMENT> p<216> s<5> l<3:1> el<3:65>
  n<// without warranty, 2013 by Wilson Snyder.> u<5> t<LINE_COMMENT> p<216> s<6> l<4:1> el<4:44>
  n<// Anonymous> u<6> t<LINE_COMMENT> p<216> s<215> l<6:1> el<6:13>
  n<> u<215> t<Source_text> p<216> c<54> l<7:1> el<25:10>
    n<> u<54> t<Description> p<215> c<53> s<102> l<7:1> el<10:11>
      n<> u<53> t<Package_item> p<54> c<52> l<7:1> el<10:11>
        n<> u<52> t<Package_or_generate_item_declaration> p<53> c<51> l<7:1> el<10:11>
          n<> u<51> t<Data_declaration> p<52> c<50> l<7:1> el<10:11>
            n<> u<50> t<Variable_declaration> p<51> c<46> l<7:1> el<10:11>
              n<> u<46> t<Data_type> p<50> c<8> s<49> l<7:1> el<10:2>
                n<> u<8> t<Struct_union> p<46> c<7> s<9> l<7:1> el<7:7>
                  n<> u<7> t<STRUCT> p<8> l<7:1> el<7:7>
                n<> u<9> t<PACKED> p<46> s<27> l<7:8> el<7:14>
                n<> u<27> t<Struct_union_member> p<46> c<23> s<45> l<8:5> el<8:23>
                  n<> u<23> t<Data_type_or_void> p<27> c<22> s<26> l<8:5> el<8:17>
                    n<> u<22> t<Data_type> p<23> c<11> l<8:5> el<8:17>
                      n<> u<11> t<Class_type> p<22> c<10> s<21> l<8:5> el<8:10>
                        n<logic> u<10> t<SIMPLE_IDENTIFIER> p<11> l<8:5> el<8:10>
                      n<> u<21> t<Packed_dimension> p<22> c<20> l<8:11> el<8:17>
                        n<> u<20> t<Constant_range> p<21> c<15> l<8:12> el<8:16>
                          n<> u<15> t<Constant_expression> p<20> c<14> s<19> l<8:12> el<8:14>
                            n<> u<14> t<Constant_primary> p<15> c<13> l<8:12> el<8:14>
                              n<> u<13> t<Primary_literal> p<14> c<12> l<8:12> el<8:14>
                                n<31> u<12> t<INTEGRAL_NUMBER> p<13> l<8:12> el<8:14>
                          n<> u<19> t<Constant_expression> p<20> c<18> l<8:15> el<8:16>
                            n<> u<18> t<Constant_primary> p<19> c<17> l<8:15> el<8:16>
                              n<> u<17> t<Primary_literal> p<18> c<16> l<8:15> el<8:16>
                                n<0> u<16> t<INTEGRAL_NUMBER> p<17> l<8:15> el<8:16>
                  n<> u<26> t<Variable_decl_assignment_list> p<27> c<25> l<8:18> el<8:22>
                    n<> u<25> t<Variable_decl_assignment> p<26> c<24> l<8:18> el<8:22>
                      n<val1> u<24> t<SIMPLE_IDENTIFIER> p<25> l<8:18> el<8:22>
                n<> u<45> t<Struct_union_member> p<46> c<41> l<9:5> el<9:23>
                  n<> u<41> t<Data_type_or_void> p<45> c<40> s<44> l<9:5> el<9:17>
                    n<> u<40> t<Data_type> p<41> c<29> l<9:5> el<9:17>
                      n<> u<29> t<Class_type> p<40> c<28> s<39> l<9:5> el<9:10>
                        n<logic> u<28> t<SIMPLE_IDENTIFIER> p<29> l<9:5> el<9:10>
                      n<> u<39> t<Packed_dimension> p<40> c<38> l<9:11> el<9:17>
                        n<> u<38> t<Constant_range> p<39> c<33> l<9:12> el<9:16>
                          n<> u<33> t<Constant_expression> p<38> c<32> s<37> l<9:12> el<9:14>
                            n<> u<32> t<Constant_primary> p<33> c<31> l<9:12> el<9:14>
                              n<> u<31> t<Primary_literal> p<32> c<30> l<9:12> el<9:14>
                                n<31> u<30> t<INTEGRAL_NUMBER> p<31> l<9:12> el<9:14>
                          n<> u<37> t<Constant_expression> p<38> c<36> l<9:15> el<9:16>
                            n<> u<36> t<Constant_primary> p<37> c<35> l<9:15> el<9:16>
                              n<> u<35> t<Primary_literal> p<36> c<34> l<9:15> el<9:16>
                                n<0> u<34> t<INTEGRAL_NUMBER> p<35> l<9:15> el<9:16>
                  n<> u<44> t<Variable_decl_assignment_list> p<45> c<43> l<9:18> el<9:22>
                    n<> u<43> t<Variable_decl_assignment> p<44> c<42> l<9:18> el<9:22>
                      n<val2> u<42> t<SIMPLE_IDENTIFIER> p<43> l<9:18> el<9:22>
              n<> u<49> t<Variable_decl_assignment_list> p<50> c<48> l<10:3> el<10:10>
                n<> u<48> t<Variable_decl_assignment> p<49> c<47> l<10:3> el<10:10>
                  n<struct1> u<47> t<SIMPLE_IDENTIFIER> p<48> l<10:3> el<10:10>
    n<> u<102> t<Description> p<215> c<101> s<214> l<12:1> el<15:11>
      n<> u<101> t<Package_item> p<102> c<100> l<12:1> el<15:11>
        n<> u<100> t<Package_or_generate_item_declaration> p<101> c<99> l<12:1> el<15:11>
          n<> u<99> t<Data_declaration> p<100> c<98> l<12:1> el<15:11>
            n<> u<98> t<Variable_declaration> p<99> c<94> l<12:1> el<15:11>
              n<> u<94> t<Data_type> p<98> c<56> s<97> l<12:1> el<15:2>
                n<> u<56> t<Struct_union> p<94> c<55> s<57> l<12:1> el<12:7>
                  n<> u<55> t<STRUCT> p<56> l<12:1> el<12:7>
                n<> u<57> t<PACKED> p<94> s<75> l<12:8> el<12:14>
                n<> u<75> t<Struct_union_member> p<94> c<71> s<93> l<13:5> el<13:23>
                  n<> u<71> t<Data_type_or_void> p<75> c<70> s<74> l<13:5> el<13:17>
                    n<> u<70> t<Data_type> p<71> c<59> l<13:5> el<13:17>
                      n<> u<59> t<Class_type> p<70> c<58> s<69> l<13:5> el<13:10>
                        n<logic> u<58> t<SIMPLE_IDENTIFIER> p<59> l<13:5> el<13:10>
                      n<> u<69> t<Packed_dimension> p<70> c<68> l<13:11> el<13:17>
                        n<> u<68> t<Constant_range> p<69> c<63> l<13:12> el<13:16>
                          n<> u<63> t<Constant_expression> p<68> c<62> s<67> l<13:12> el<13:14>
                            n<> u<62> t<Constant_primary> p<63> c<61> l<13:12> el<13:14>
                              n<> u<61> t<Primary_literal> p<62> c<60> l<13:12> el<13:14>
                                n<31> u<60> t<INTEGRAL_NUMBER> p<61> l<13:12> el<13:14>
                          n<> u<67> t<Constant_expression> p<68> c<66> l<13:15> el<13:16>
                            n<> u<66> t<Constant_primary> p<67> c<65> l<13:15> el<13:16>
                              n<> u<65> t<Primary_literal> p<66> c<64> l<13:15> el<13:16>
                                n<0> u<64> t<INTEGRAL_NUMBER> p<65> l<13:15> el<13:16>
                  n<> u<74> t<Variable_decl_assignment_list> p<75> c<73> l<13:18> el<13:22>
                    n<> u<73> t<Variable_decl_assignment> p<74> c<72> l<13:18> el<13:22>
                      n<val3> u<72> t<SIMPLE_IDENTIFIER> p<73> l<13:18> el<13:22>
                n<> u<93> t<Struct_union_member> p<94> c<89> l<14:5> el<14:23>
                  n<> u<89> t<Data_type_or_void> p<93> c<88> s<92> l<14:5> el<14:17>
                    n<> u<88> t<Data_type> p<89> c<77> l<14:5> el<14:17>
                      n<> u<77> t<Class_type> p<88> c<76> s<87> l<14:5> el<14:10>
                        n<logic> u<76> t<SIMPLE_IDENTIFIER> p<77> l<14:5> el<14:10>
                      n<> u<87> t<Packed_dimension> p<88> c<86> l<14:11> el<14:17>
                        n<> u<86> t<Constant_range> p<87> c<81> l<14:12> el<14:16>
                          n<> u<81> t<Constant_expression> p<86> c<80> s<85> l<14:12> el<14:14>
                            n<> u<80> t<Constant_primary> p<81> c<79> l<14:12> el<14:14>
                              n<> u<79> t<Primary_literal> p<80> c<78> l<14:12> el<14:14>
                                n<31> u<78> t<INTEGRAL_NUMBER> p<79> l<14:12> el<14:14>
                          n<> u<85> t<Constant_expression> p<86> c<84> l<14:15> el<14:16>
                            n<> u<84> t<Constant_primary> p<85> c<83> l<14:15> el<14:16>
                              n<> u<83> t<Primary_literal> p<84> c<82> l<14:15> el<14:16>
                                n<0> u<82> t<INTEGRAL_NUMBER> p<83> l<14:15> el<14:16>
                  n<> u<92> t<Variable_decl_assignment_list> p<93> c<91> l<14:18> el<14:22>
                    n<> u<91> t<Variable_decl_assignment> p<92> c<90> l<14:18> el<14:22>
                      n<val4> u<90> t<SIMPLE_IDENTIFIER> p<91> l<14:18> el<14:22>
              n<> u<97> t<Variable_decl_assignment_list> p<98> c<96> l<15:3> el<15:10>
                n<> u<96> t<Variable_decl_assignment> p<97> c<95> l<15:3> el<15:10>
                  n<struct2> u<95> t<SIMPLE_IDENTIFIER> p<96> l<15:3> el<15:10>
    n<> u<214> t<Description> p<215> c<213> l<17:1> el<25:10>
      n<> u<213> t<Module_declaration> p<214> c<139> l<17:1> el<25:10>
        n<> u<139> t<Module_ansi_header> p<213> c<103> s<157> l<17:1> el<20:3>
          n<module> u<103> t<MODULE> p<139> s<104> l<17:1> el<17:7>
          n<t> u<104> t<SIMPLE_IDENTIFIER> p<139> s<105> l<17:8> el<17:9>
          n<> u<105> t<Package_import_declaration_list> p<139> s<138> l<17:10> el<17:10>
          n<> u<138> t<Port_declaration_list> p<139> c<121> l<17:10> el<20:2>
            n<> u<121> t<Ansi_port_declaration> p<138> c<119> s<137> l<18:5> el<18:22>
              n<> u<119> t<Net_port_header> p<121> c<106> s<120> l<18:5> el<18:18>
                n<> u<106> t<OUTPUT> p<119> s<118> l<18:5> el<18:11>
                n<> u<118> t<Net_port_type> p<119> c<117> l<18:12> el<18:18>
                  n<> u<117> t<Data_type_or_implicit> p<118> c<116> l<18:12> el<18:18>
                    n<> u<116> t<Packed_dimension> p<117> c<115> l<18:12> el<18:18>
                      n<> u<115> t<Constant_range> p<116> c<110> l<18:13> el<18:17>
                        n<> u<110> t<Constant_expression> p<115> c<109> s<114> l<18:13> el<18:15>
                          n<> u<109> t<Constant_primary> p<110> c<108> l<18:13> el<18:15>
                            n<> u<108> t<Primary_literal> p<109> c<107> l<18:13> el<18:15>
                              n<63> u<107> t<INTEGRAL_NUMBER> p<108> l<18:13> el<18:15>
                        n<> u<114> t<Constant_expression> p<115> c<113> l<18:16> el<18:17>
                          n<> u<113> t<Constant_primary> p<114> c<112> l<18:16> el<18:17>
                            n<> u<112> t<Primary_literal> p<113> c<111> l<18:16> el<18:17>
                              n<0> u<111> t<INTEGRAL_NUMBER> p<112> l<18:16> el<18:17>
              n<s1> u<120> t<SIMPLE_IDENTIFIER> p<121> l<18:20> el<18:22>
            n<> u<137> t<Ansi_port_declaration> p<138> c<135> l<19:5> el<19:22>
              n<> u<135> t<Net_port_header> p<137> c<122> s<136> l<19:5> el<19:18>
                n<> u<122> t<OUTPUT> p<135> s<134> l<19:5> el<19:11>
                n<> u<134> t<Net_port_type> p<135> c<133> l<19:12> el<19:18>
                  n<> u<133> t<Data_type_or_implicit> p<134> c<132> l<19:12> el<19:18>
                    n<> u<132> t<Packed_dimension> p<133> c<131> l<19:12> el<19:18>
                      n<> u<131> t<Constant_range> p<132> c<126> l<19:13> el<19:17>
                        n<> u<126> t<Constant_expression> p<131> c<125> s<130> l<19:13> el<19:15>
                          n<> u<125> t<Constant_primary> p<126> c<124> l<19:13> el<19:15>
                            n<> u<124> t<Primary_literal> p<125> c<123> l<19:13> el<19:15>
                              n<63> u<123> t<INTEGRAL_NUMBER> p<124> l<19:13> el<19:15>
                        n<> u<130> t<Constant_expression> p<131> c<129> l<19:16> el<19:17>
                          n<> u<129> t<Constant_primary> p<130> c<128> l<19:16> el<19:17>
                            n<> u<128> t<Primary_literal> p<129> c<127> l<19:16> el<19:17>
                              n<0> u<127> t<INTEGRAL_NUMBER> p<128> l<19:16> el<19:17>
              n<s2> u<136> t<SIMPLE_IDENTIFIER> p<137> l<19:20> el<19:22>
        n<> u<157> t<Non_port_module_item> p<213> c<156> s<175> l<21:4> el<21:44>
          n<> u<156> t<Module_or_generate_item> p<157> c<155> l<21:4> el<21:44>
            n<> u<155> t<Module_common_item> p<156> c<154> l<21:4> el<21:44>
              n<> u<154> t<Initial_construct> p<155> c<153> l<21:4> el<21:44>
                n<> u<153> t<Statement_or_null> p<154> c<152> l<21:12> el<21:44>
                  n<> u<152> t<Statement> p<153> c<151> l<21:12> el<21:44>
                    n<> u<151> t<Statement_item> p<152> c<150> l<21:12> el<21:44>
                      n<> u<150> t<Blocking_assignment> p<151> c<149> l<21:12> el<21:43>
                        n<> u<149> t<Variable_assignment> p<150> c<144> l<21:12> el<21:43>
                          n<> u<144> t<Variable_lvalue> p<149> c<141> s<148> l<21:12> el<21:19>
                            n<> u<141> t<Ps_or_hierarchical_identifier> p<144> c<140> s<143> l<21:12> el<21:19>
                              n<struct1> u<140> t<SIMPLE_IDENTIFIER> p<141> l<21:12> el<21:19>
                            n<> u<143> t<Select> p<144> c<142> l<21:20> el<21:20>
                              n<> u<142> t<Bit_select> p<143> l<21:20> el<21:20>
                          n<> u<148> t<Expression> p<149> c<147> l<21:22> el<21:43>
                            n<> u<147> t<Primary> p<148> c<146> l<21:22> el<21:43>
                              n<> u<146> t<Primary_literal> p<147> c<145> l<21:22> el<21:43>
                                n<64'h123456789_abcdef0> u<145> t<INTEGRAL_NUMBER> p<146> l<21:22> el<21:43>
        n<> u<175> t<Non_port_module_item> p<213> c<174> s<193> l<22:4> el<22:29>
          n<> u<174> t<Module_or_generate_item> p<175> c<173> l<22:4> el<22:29>
            n<> u<173> t<Module_common_item> p<174> c<172> l<22:4> el<22:29>
              n<> u<172> t<Always_construct> p<173> c<158> l<22:4> el<22:29>
                n<> u<158> t<ALWAYS_COMB> p<172> s<171> l<22:4> el<22:15>
                n<> u<171> t<Statement> p<172> c<170> l<22:16> el<22:29>
                  n<> u<170> t<Statement_item> p<171> c<169> l<22:16> el<22:29>
                    n<> u<169> t<Blocking_assignment> p<170> c<168> l<22:16> el<22:28>
                      n<> u<168> t<Variable_assignment> p<169> c<163> l<22:16> el<22:28>
                        n<> u<163> t<Variable_lvalue> p<168> c<160> s<167> l<22:16> el<22:18>
                          n<> u<160> t<Ps_or_hierarchical_identifier> p<163> c<159> s<162> l<22:16> el<22:18>
                            n<s1> u<159> t<SIMPLE_IDENTIFIER> p<160> l<22:16> el<22:18>
                          n<> u<162> t<Select> p<163> c<161> l<22:19> el<22:19>
                            n<> u<161> t<Bit_select> p<162> l<22:19> el<22:19>
                        n<> u<167> t<Expression> p<168> c<166> l<22:21> el<22:28>
                          n<> u<166> t<Primary> p<167> c<165> l<22:21> el<22:28>
                            n<> u<165> t<Primary_literal> p<166> c<164> l<22:21> el<22:28>
                              n<struct1> u<164> t<SIMPLE_IDENTIFIER> p<165> l<22:21> el<22:28>
        n<> u<193> t<Non_port_module_item> p<213> c<192> s<211> l<23:4> el<23:44>
          n<> u<192> t<Module_or_generate_item> p<193> c<191> l<23:4> el<23:44>
            n<> u<191> t<Module_common_item> p<192> c<190> l<23:4> el<23:44>
              n<> u<190> t<Initial_construct> p<191> c<189> l<23:4> el<23:44>
                n<> u<189> t<Statement_or_null> p<190> c<188> l<23:12> el<23:44>
                  n<> u<188> t<Statement> p<189> c<187> l<23:12> el<23:44>
                    n<> u<187> t<Statement_item> p<188> c<186> l<23:12> el<23:44>
                      n<> u<186> t<Blocking_assignment> p<187> c<185> l<23:12> el<23:43>
                        n<> u<185> t<Variable_assignment> p<186> c<180> l<23:12> el<23:43>
                          n<> u<180> t<Variable_lvalue> p<185> c<177> s<184> l<23:12> el<23:19>
                            n<> u<177> t<Ps_or_hierarchical_identifier> p<180> c<176> s<179> l<23:12> el<23:19>
                              n<struct2> u<176> t<SIMPLE_IDENTIFIER> p<177> l<23:12> el<23:19>
                            n<> u<179> t<Select> p<180> c<178> l<23:20> el<23:20>
                              n<> u<178> t<Bit_select> p<179> l<23:20> el<23:20>
                          n<> u<184> t<Expression> p<185> c<183> l<23:22> el<23:43>
                            n<> u<183> t<Primary> p<184> c<182> l<23:22> el<23:43>
                              n<> u<182> t<Primary_literal> p<183> c<181> l<23:22> el<23:43>
                                n<64'h123456789_abcdef0> u<181> t<INTEGRAL_NUMBER> p<182> l<23:22> el<23:43>
        n<> u<211> t<Non_port_module_item> p<213> c<210> s<212> l<24:4> el<24:29>
          n<> u<210> t<Module_or_generate_item> p<211> c<209> l<24:4> el<24:29>
            n<> u<209> t<Module_common_item> p<210> c<208> l<24:4> el<24:29>
              n<> u<208> t<Always_construct> p<209> c<194> l<24:4> el<24:29>
                n<> u<194> t<ALWAYS_COMB> p<208> s<207> l<24:4> el<24:15>
                n<> u<207> t<Statement> p<208> c<206> l<24:16> el<24:29>
                  n<> u<206> t<Statement_item> p<207> c<205> l<24:16> el<24:29>
                    n<> u<205> t<Blocking_assignment> p<206> c<204> l<24:16> el<24:28>
                      n<> u<204> t<Variable_assignment> p<205> c<199> l<24:16> el<24:28>
                        n<> u<199> t<Variable_lvalue> p<204> c<196> s<203> l<24:16> el<24:18>
                          n<> u<196> t<Ps_or_hierarchical_identifier> p<199> c<195> s<198> l<24:16> el<24:18>
                            n<s2> u<195> t<SIMPLE_IDENTIFIER> p<196> l<24:16> el<24:18>
                          n<> u<198> t<Select> p<199> c<197> l<24:19> el<24:19>
                            n<> u<197> t<Bit_select> p<198> l<24:19> el<24:19>
                        n<> u<203> t<Expression> p<204> c<202> l<24:21> el<24:28>
                          n<> u<202> t<Primary> p<203> c<201> l<24:21> el<24:28>
                            n<> u<201> t<Primary_literal> p<202> c<200> l<24:21> el<24:28>
                              n<struct2> u<200> t<SIMPLE_IDENTIFIER> p<201> l<24:21> el<24:28>
        n<> u<212> t<ENDMODULE> p<213> l<25:1> el<25:10>
AST_DEBUG_END
[INF:CP5804] $Source01/t_struct_anon.v:17:1: Compile module "t".
[NTE:CP5810] $Source01/t_struct_anon.v:18:20: Implicit port type (wire) for "s1".
[NTE:CP5810] $Source01/t_struct_anon.v:19:20: Implicit port type (wire) for "s2".
[WRN:CP5851] $Source01/t_struct_anon.v:8:5: Failed to bind "logic".
[WRN:CP5851] $Source01/t_struct_anon.v:9:5: Failed to bind "logic".
[WRN:CP5851] $Source01/t_struct_anon.v:13:5: Failed to bind "logic".
[WRN:CP5851] $Source01/t_struct_anon.v:14:5: Failed to bind "logic".
[INF:CM5028] Using global timescale: "1ns/1ns".
[ERR:DB2019] $Source01/t_struct_anon.v:22:16: Illegal lhs of type wire "s1".
[ERR:DB2019] $Source01/t_struct_anon.v:24:16: Illegal lhs of type wire "s2".
====== HLDB =======
Design name:unnamed:
  vpiName: unnamed
  vpiSourceFile (1 items):
    SourceFile name:t_struct_anon.v file:$Source01/t_struct_anon.v:
      vpiParent: Design name:unnamed
      vpiName: t_struct_anon.v
      vpiPreprocFile: "$Output/lib/work/t_struct_anon.v"
  vpiAllModules (1 items):
    Module name:t file:$Source01/t_struct_anon.v start:17:1 end:25:10:
      vpiParent: Design name:unnamed
      vpiName Identifier name:t start:17:8 end:17:9:
      vpiFullName: t
      vpiTypespec (2 items):
        LogicTypespec:
          vpiParent: Module name:t
          vpiRange (1 items):
            Range start:18:12 end:18:18:
              vpiParent: LogicTypespec
              vpiLeftRange Constant start:18:13 end:18:15:
                vpiParent: Range
                vpiTypespec RefTypespec:
                  vpiParent: Constant
                  vpiFullName: t
                  vpiActual: IntTypespec
                vpiConstType: unsigned int (9)
                vpiSize: 64
                vpiDecompile: "63"
                vpiValue: 63
              vpiRightRange Constant start:18:16 end:18:17:
                vpiParent: Range
                vpiTypespec RefTypespec:
                  vpiParent: Constant
                  vpiFullName: t
                  vpiActual: IntTypespec
                vpiConstType: unsigned int (9)
                vpiSize: 64
                vpiDecompile: "0"
                vpiValue: 0
          vpiVector: true
        LogicTypespec:
          vpiParent: Module name:t
          vpiRange (1 items):
            Range start:19:12 end:19:18:
              vpiParent: LogicTypespec
              vpiLeftRange Constant start:19:13 end:19:15:
                vpiParent: Range
                vpiTypespec RefTypespec:
                  vpiParent: Constant
                  vpiFullName: t
                  vpiActual: IntTypespec
                vpiConstType: unsigned int (9)
                vpiSize: 64
                vpiDecompile: "63"
                vpiValue: 63
              vpiRightRange Constant start:19:16 end:19:17:
                vpiParent: Range
                vpiTypespec RefTypespec:
                  vpiParent: Constant
                  vpiFullName: t
                  vpiActual: IntTypespec
                vpiConstType: unsigned int (9)
                vpiSize: 64
                vpiDecompile: "0"
                vpiValue: 0
          vpiVector: true
      vpiDefName: t
      vpiDefNetType: wire (1)
      vpiDefDelayMode: none (1)
      vpiUnconnDrive: highz (1)
      vpiLibrary RefObj name:work start:17:8 end:17:9:
        vpiParent: Module name:t
        vpiName: work
        vpiFullName: t.work
        vpiActual: Library name:work
      vpiCell: t
      vpiNet (2 items):
        Net name:s1 start:18:20 end:18:22:
          vpiParent: Module name:t
          vpiTypespec RefTypespec start:18:12 end:18:18:
            vpiParent: Net name:s1
            vpiFullName: t.s1
            vpiActual: LogicTypespec
          vpiName: s1
          vpiFullName: t.s1
          vpiNetType: wire (1)
        Net name:s2 start:19:20 end:19:22:
          vpiParent: Module name:t
          vpiTypespec RefTypespec start:19:12 end:19:18:
            vpiParent: Net name:s2
            vpiFullName: t.s2
            vpiActual: LogicTypespec
          vpiName: s2
          vpiFullName: t.s2
          vpiNetType: wire (1)
      vpiPort (2 items):
        Port name:s1 start:18:20 end:18:22:
          vpiParent: Module name:t
          vpiName: s1
          vpiDirection: output (2)
          vpiLowConn RefObj name:s1 start:18:20 end:18:22:
            vpiParent: Port name:s1
            vpiName: s1
            vpiFullName: t.s1.s1
            vpiActual: Net name:s1
          vpiTypespec RefTypespec start:18:12 end:18:18:
            vpiParent: Port name:s1
            vpiFullName: t.s1
            vpiActual: LogicTypespec
        Port name:s2 start:19:20 end:19:22:
          vpiParent: Module name:t
          vpiName: s2
          vpiDirection: output (2)
          vpiLowConn RefObj name:s2 start:19:20 end:19:22:
            vpiParent: Port name:s2
            vpiName: s2
            vpiFullName: t.s2.s2
            vpiActual: Net name:s2
          vpiTypespec RefTypespec start:19:12 end:19:18:
            vpiParent: Port name:s2
            vpiFullName: t.s2
            vpiActual: LogicTypespec
      vpiProcess (4 items):
        Initial start:21:4 end:21:44:
          vpiParent: Module name:t
          vpiStmt Assignment start:21:12 end:21:43:
            vpiParent: Initial
            vpiBlocking: true
            vpiLhs RefObj name:struct1 start:21:12 end:21:19:
              vpiParent: Assignment
              vpiName: struct1
              vpiFullName: t.struct1
              vpiActual: Variable name:struct1
            vpiRhs Constant start:21:22 end:21:43:
              vpiParent: Assignment
              vpiTypespec RefTypespec:
                vpiParent: Constant
                vpiFullName: t
                vpiActual: LongIntTypespec
              vpiConstType: hexadecimal (5)
              vpiSize: 64
              vpiDecompile: "64'h123456789_abcdef0"
              vpiValue: "123456789abcdef0"
        Always start:22:4 end:22:29:
          vpiParent: Module name:t
          vpiStmt Assignment start:22:16 end:22:28:
            vpiParent: Always
            vpiBlocking: true
            vpiLhs RefObj name:s1 start:22:16 end:22:18:
              vpiParent: Assignment
              vpiName: s1
              vpiFullName: t.s1
              vpiActual: Net name:s1
            vpiRhs RefObj name:struct1 start:22:21 end:22:28:
              vpiParent: Assignment
              vpiName: struct1
              vpiFullName: t.struct1
              vpiActual: Variable name:struct1
          vpiAlwaysType: comb (2)
        Initial start:23:4 end:23:44:
          vpiParent: Module name:t
          vpiStmt Assignment start:23:12 end:23:43:
            vpiParent: Initial
            vpiBlocking: true
            vpiLhs RefObj name:struct2 start:23:12 end:23:19:
              vpiParent: Assignment
              vpiName: struct2
              vpiFullName: t.struct2
              vpiActual: Variable name:struct2
            vpiRhs Constant start:23:22 end:23:43:
              vpiParent: Assignment
              vpiTypespec RefTypespec:
                vpiParent: Constant
                vpiFullName: t
                vpiActual: LongIntTypespec
              vpiConstType: hexadecimal (5)
              vpiSize: 64
              vpiDecompile: "64'h123456789_abcdef0"
              vpiValue: "123456789abcdef0"
        Always start:24:4 end:24:29:
          vpiParent: Module name:t
          vpiStmt Assignment start:24:16 end:24:28:
            vpiParent: Always
            vpiBlocking: true
            vpiLhs RefObj name:s2 start:24:16 end:24:18:
              vpiParent: Assignment
              vpiName: s2
              vpiFullName: t.s2
              vpiActual: Net name:s2
            vpiRhs RefObj name:struct2 start:24:21 end:24:28:
              vpiParent: Assignment
              vpiName: struct2
              vpiFullName: t.struct2
              vpiActual: Variable name:struct2
          vpiAlwaysType: comb (2)
  vpiTypespec (9 items):
    IntTypespec:
      vpiParent: Design name:unnamed
      vpiSigned: true
    ArrayTypespec:
      vpiParent: Design name:unnamed
      vpiArrayType: static (1)
      vpiPacked: true
      vpiRange Range start:8:11 end:8:17:
        vpiParent: ArrayTypespec
        vpiLeftRange Constant start:8:12 end:8:14:
          vpiParent: Range
          vpiTypespec RefTypespec:
            vpiParent: Constant
            vpiActual: IntTypespec
          vpiConstType: unsigned int (9)
          vpiSize: 64
          vpiDecompile: "31"
          vpiValue: 31
        vpiRightRange Constant start:8:15 end:8:16:
          vpiParent: Range
          vpiTypespec RefTypespec:
            vpiParent: Constant
            vpiActual: IntTypespec
          vpiConstType: unsigned int (9)
          vpiSize: 64
          vpiDecompile: "0"
          vpiValue: 0
      vpiElemTypespec RefTypespec name:logic start:8:5 end:8:10:
        vpiParent: ArrayTypespec
        vpiName: logic
        vpiFullName: logic
    ArrayTypespec:
      vpiParent: Design name:unnamed
      vpiArrayType: static (1)
      vpiPacked: true
      vpiRange Range start:9:11 end:9:17:
        vpiParent: ArrayTypespec
        vpiLeftRange Constant start:9:12 end:9:14:
          vpiParent: Range
          vpiTypespec RefTypespec:
            vpiParent: Constant
            vpiActual: IntTypespec
          vpiConstType: unsigned int (9)
          vpiSize: 64
          vpiDecompile: "31"
          vpiValue: 31
        vpiRightRange Constant start:9:15 end:9:16:
          vpiParent: Range
          vpiTypespec RefTypespec:
            vpiParent: Constant
            vpiActual: IntTypespec
          vpiConstType: unsigned int (9)
          vpiSize: 64
          vpiDecompile: "0"
          vpiValue: 0
      vpiElemTypespec RefTypespec name:logic start:9:5 end:9:10:
        vpiParent: ArrayTypespec
        vpiName: logic
        vpiFullName: logic
    StructTypespec start:7:1 end:10:2:
      vpiParent: Design name:unnamed
      vpiStruct: Struct
    ArrayTypespec:
      vpiParent: Design name:unnamed
      vpiArrayType: static (1)
      vpiPacked: true
      vpiRange Range start:13:11 end:13:17:
        vpiParent: ArrayTypespec
        vpiLeftRange Constant start:13:12 end:13:14:
          vpiParent: Range
          vpiTypespec RefTypespec:
            vpiParent: Constant
            vpiActual: IntTypespec
          vpiConstType: unsigned int (9)
          vpiSize: 64
          vpiDecompile: "31"
          vpiValue: 31
        vpiRightRange Constant start:13:15 end:13:16:
          vpiParent: Range
          vpiTypespec RefTypespec:
            vpiParent: Constant
            vpiActual: IntTypespec
          vpiConstType: unsigned int (9)
          vpiSize: 64
          vpiDecompile: "0"
          vpiValue: 0
      vpiElemTypespec RefTypespec name:logic start:13:5 end:13:10:
        vpiParent: ArrayTypespec
        vpiName: logic
        vpiFullName: logic
    ArrayTypespec:
      vpiParent: Design name:unnamed
      vpiArrayType: static (1)
      vpiPacked: true
      vpiRange Range start:14:11 end:14:17:
        vpiParent: ArrayTypespec
        vpiLeftRange Constant start:14:12 end:14:14:
          vpiParent: Range
          vpiTypespec RefTypespec:
            vpiParent: Constant
            vpiActual: IntTypespec
          vpiConstType: unsigned int (9)
          vpiSize: 64
          vpiDecompile: "31"
          vpiValue: 31
        vpiRightRange Constant start:14:15 end:14:16:
          vpiParent: Range
          vpiTypespec RefTypespec:
            vpiParent: Constant
            vpiActual: IntTypespec
          vpiConstType: unsigned int (9)
          vpiSize: 64
          vpiDecompile: "0"
          vpiValue: 0
      vpiElemTypespec RefTypespec name:logic start:14:5 end:14:10:
        vpiParent: ArrayTypespec
        vpiName: logic
        vpiFullName: logic
    StructTypespec start:12:1 end:15:2:
      vpiParent: Design name:unnamed
      vpiStruct: Struct
    ModuleTypespec name:t:
      vpiParent: Design name:unnamed
      vpiName Identifier name:t start:17:8 end:17:9:
      vpiDefName: t
      vpiModule: Module name:t
    LongIntTypespec:
      vpiParent: Design name:unnamed
  vpiVariable (2 items):
    Variable name:struct1 start:10:3 end:10:10:
      vpiParent: Design name:unnamed
      vpiTypespec RefTypespec start:7:1 end:10:2:
        vpiParent: Variable name:struct1
        vpiFullName: struct1
        vpiActual: StructTypespec
      vpiName: struct1
      vpiFullName: struct1
    Variable name:struct2 start:15:3 end:15:10:
      vpiParent: Design name:unnamed
      vpiTypespec RefTypespec start:12:1 end:15:2:
        vpiParent: Variable name:struct2
        vpiFullName: struct2
        vpiActual: StructTypespec
      vpiName: struct2
      vpiFullName: struct2
  vpiStruct (2 items):
    Struct start:7:1 end:10:2:
      vpiParent: Design name:unnamed
      vpiPacked: true
      vpiTypespecMember (2 items):
        TypespecMember name:val1 start:8:18 end:8:22:
          vpiParent: Struct
          vpiName: val1
          vpiTypespec RefTypespec name:logic [31:0] start:8:5 end:8:17:
            vpiParent: TypespecMember name:val1
            vpiName: logic [31:0]
            vpiFullName: val1.logic [31:0]
            vpiActual: ArrayTypespec
        TypespecMember name:val2 start:9:18 end:9:22:
          vpiParent: Struct
          vpiName: val2
          vpiTypespec RefTypespec name:logic [31:0] start:9:5 end:9:17:
            vpiParent: TypespecMember name:val2
            vpiName: logic [31:0]
            vpiFullName: val2.logic [31:0]
            vpiActual: ArrayTypespec
    Struct start:12:1 end:15:2:
      vpiParent: Design name:unnamed
      vpiPacked: true
      vpiTypespecMember (2 items):
        TypespecMember name:val3 start:13:18 end:13:22:
          vpiParent: Struct
          vpiName: val3
          vpiTypespec RefTypespec name:logic [31:0] start:13:5 end:13:17:
            vpiParent: TypespecMember name:val3
            vpiName: logic [31:0]
            vpiFullName: val3.logic [31:0]
            vpiActual: ArrayTypespec
        TypespecMember name:val4 start:14:18 end:14:22:
          vpiParent: Struct
          vpiName: val4
          vpiTypespec RefTypespec name:logic [31:0] start:14:5 end:14:17:
            vpiParent: TypespecMember name:val4
            vpiName: logic [31:0]
            vpiFullName: val4.logic [31:0]
            vpiActual: ArrayTypespec
  vpiLibrary (1 items):
    Library name:work:
      vpiParent: Design name:unnamed
      vpiName: work
===================
[  FATAL] : 0
[ SYNTAX] : 0
[  ERROR] : 2
[WARNING] : 4
[   NOTE] : 2
********************************************************************************
*                    End HLC SystemVerilog Compiler/Linter                     *
********************************************************************************

#**#**#**#**#**#**#**#**#**#**#**#**#**#**#**#**#**#**#**#**#**#**#**#**#**#**#**#**#**#**#**#**#**#**#**#**#**#**#**#**

Environment:
      test-name: Verilator/t_struct_anon
   test-dirpath: ${HLC_DIR}/regression/Verilator/t_struct_anon
  hldb-filepath: ${HLC_DIR}/regression/Verilator/t_struct_anon/design.hldb
mounts-filepath: ${HLC_DIR}/regression/Verilator/t_struct_anon/mounts.json


{'result': {'coverage': 100.0,
            'error_count': 0,
            'file_count': 1,
            'files': {'$Output/lib/work/t_struct_anon.v': {'post_len': 0,
                                                           'pre_len': 308}},
            'post_len': 0,
            'pre_len': 308,
            'test_name': 'Verilator/t_struct_anon'}}

+----------------------------------+----------+-----------+
| INPUT                            |   PRELEN |   POSTLEN |
+==================================+==========+===========+
| $Output/lib/work/t_struct_anon.v |      308 |         0 |
+==================================+==========+===========+
|                                  |      308 |         0 |
+----------------------------------+----------+-----------+

[   ERROR] : 0
[COVERAGE] : 100.0


#**#**#**#**#**#**#**#**#**#**#**#**#**#**#**#**#**#**#**#**#**#**#**#**#**#**#**#**#**#**#**#**#**#**#**#**#**#**#**#**

COMMAND: ${HLC_DIR}/regression/Verilator/t_struct_anon/design.hldb ${HLC_DIR}/regression/Verilator/t_struct_anon/reduced.hldb

==================== BEGIN REDUCTION RESULT ====================
Name                            Before   After   Added   Removed
----------------------------------------------------------------
----------------------------------------------------------------
Others                              94      94       0         0
----------------------------------------------------------------
                                    94      94       0         0
===================== END REDUCTION RESULT =====================
