********************************************************************************
*                   Begin HLC SystemVerilog Compiler/Linter                    *
********************************************************************************
Copyright (c) 2020 Apotell,
http://www.apache.org/licenses/LICENSE-2.0
VERSION: 1.84
COMMAND: -wd ../../../tests/Verilator +incdir+. -nobuiltin -timescale=1ns/1ns -d ast -d db t_preproc_ifdef.v -mt 0 -d dbstats -d cache -writepp -d db -nostdout -o ${HLC_DIR}/regression/Verilator/t_preproc_ifdef
[INF:CM5022] Creating log file "$Output/hlc.log".
[INF:PP5223] Preprocessing source file "$Source01/t_preproc_ifdef.v".
[INF:PA5502] Parsing source file "$Source01/t_preproc_ifdef.v".
AST_DEBUG_BEGIN
Count: 233
LIB: work
FILE<0>:$Source01/t_preproc_ifdef.v
n<$Source01/t_preproc_ifdef.v> u<232> t<Top_level_rule> c<1> l<6:1> el<44:1>
  n<> u<1> t<Null_rule> p<232> s<2> l<6:1> el<6:1>
  n<// DESCRIPTION: Verilator: Verilog Test module> u<2> t<LINE_COMMENT> p<232> s<3> l<1:1> el<1:47>
  n<//> u<3> t<LINE_COMMENT> p<232> s<4> l<2:1> el<2:3>
  n<// This file ONLY is placed into the Public Domain, for any use,> u<4> t<LINE_COMMENT> p<232> s<5> l<3:1> el<3:65>
  n<// without warranty, 2007 by Wilson Snyder.> u<5> t<LINE_COMMENT> p<232> s<231> l<4:1> el<4:44>
  n<> u<231> t<Source_text> p<232> c<230> l<6:1> el<43:10>
    n<> u<230> t<Description> p<231> c<229> l<6:1> el<43:10>
      n<> u<229> t<Module_declaration> p<230> c<11> l<6:1> el<43:10>
        n<> u<11> t<Module_nonansi_header> p<229> c<6> s<24> l<6:1> el<6:24>
          n<module> u<6> t<MODULE> p<11> s<7> l<6:1> el<6:7>
          n<t> u<7> t<SIMPLE_IDENTIFIER> p<11> s<8> l<6:8> el<6:9>
          n<> u<8> t<Package_import_declaration_list> p<11> s<9> l<6:10> el<6:10>
          n</*AUTOARG*/> u<9> t<BLOCK_COMMENT> p<11> s<10> l<6:10> el<6:23>
          n<> u<10> t<Port_list> p<11> l<6:10> el<6:23>
        n<> u<24> t<Module_item> p<229> c<23> s<227> l<7:4> el<7:16>
          n<> u<23> t<Non_port_module_item> p<24> c<22> l<7:4> el<7:16>
            n<> u<22> t<Module_or_generate_item> p<23> c<21> l<7:4> el<7:16>
              n<> u<21> t<Module_common_item> p<22> c<20> l<7:4> el<7:16>
                n<> u<20> t<Module_or_generate_item_declaration> p<21> c<19> l<7:4> el<7:16>
                  n<> u<19> t<Package_or_generate_item_declaration> p<20> c<18> l<7:4> el<7:16>
                    n<> u<18> t<Data_declaration> p<19> c<17> l<7:4> el<7:16>
                      n<> u<17> t<Variable_declaration> p<18> c<13> l<7:4> el<7:16>
                        n<> u<13> t<Data_type> p<17> c<12> s<16> l<7:4> el<7:11>
                          n<> u<12> t<INTEGER> p<13> l<7:4> el<7:11>
                        n<> u<16> t<Variable_decl_assignment_list> p<17> c<15> l<7:12> el<7:15>
                          n<> u<15> t<Variable_decl_assignment> p<16> c<14> l<7:12> el<7:15>
                            n<num> u<14> t<SIMPLE_IDENTIFIER> p<15> l<7:12> el<7:15>
        n<> u<227> t<Module_item> p<229> c<226> s<228> l<8:4> el<42:7>
          n<> u<226> t<Non_port_module_item> p<227> c<225> l<8:4> el<42:7>
            n<> u<225> t<Module_or_generate_item> p<226> c<224> l<8:4> el<42:7>
              n<> u<224> t<Module_common_item> p<225> c<223> l<8:4> el<42:7>
                n<> u<223> t<Initial_construct> p<224> c<222> l<8:4> el<42:7>
                  n<> u<222> t<Statement_or_null> p<223> c<221> l<8:12> el<42:7>
                    n<> u<221> t<Statement> p<222> c<220> l<8:12> el<42:7>
                      n<> u<220> t<Statement_item> p<221> c<219> l<8:12> el<42:7>
                        n<> u<219> t<Seq_block> p<220> c<38> l<8:12> el<42:7>
                          n<> u<38> t<Statement_or_null> p<219> c<37> s<52> l<9:7> el<9:15>
                            n<> u<37> t<Statement> p<38> c<36> l<9:7> el<9:15>
                              n<> u<36> t<Statement_item> p<37> c<35> l<9:7> el<9:15>
                                n<> u<35> t<Blocking_assignment> p<36> c<34> l<9:7> el<9:14>
                                  n<> u<34> t<Variable_assignment> p<35> c<29> l<9:7> el<9:14>
                                    n<> u<29> t<Variable_lvalue> p<34> c<26> s<33> l<9:7> el<9:10>
                                      n<> u<26> t<Ps_or_hierarchical_identifier> p<29> c<25> s<28> l<9:7> el<9:10>
                                        n<num> u<25> t<SIMPLE_IDENTIFIER> p<26> l<9:7> el<9:10>
                                      n<> u<28> t<Select> p<29> c<27> l<9:11> el<9:11>
                                        n<> u<27> t<Bit_select> p<28> l<9:11> el<9:11>
                                    n<> u<33> t<Expression> p<34> c<32> l<9:13> el<9:14>
                                      n<> u<32> t<Primary> p<33> c<31> l<9:13> el<9:14>
                                        n<> u<31> t<Primary_literal> p<32> c<30> l<9:13> el<9:14>
                                          n<0> u<30> t<INTEGRAL_NUMBER> p<31> l<9:13> el<9:14>
                          n<> u<52> t<Statement_or_null> p<219> c<51> s<72> l<17:2> el<17:17>
                            n<> u<51> t<Statement> p<52> c<50> l<17:2> el<17:17>
                              n<> u<50> t<Statement_item> p<51> c<49> l<17:2> el<17:17>
                                n<> u<49> t<Subroutine_call_statement> p<50> c<48> l<17:2> el<17:17>
                                  n<> u<48> t<Subroutine_call> p<49> c<39> l<17:2> el<17:16>
                                    n<$> u<39> t<DOLLAR> p<48> s<40> l<17:2> el<17:3>
                                    n<display> u<40> t<SIMPLE_IDENTIFIER> p<48> s<46> l<17:3> el<17:10>
                                    n<> u<46> t<OPEN_PARENS> p<48> s<45> l<17:10> el<17:11>
                                    n<> u<45> t<Argument_list> p<48> c<44> s<47> l<17:11> el<17:15>
                                      n<> u<44> t<Expression> p<45> c<43> l<17:11> el<17:15>
                                        n<> u<43> t<Primary> p<44> c<42> l<17:11> el<17:15>
                                          n<> u<42> t<Primary_literal> p<43> c<41> l<17:11> el<17:15>
                                            n<"1A"> u<41> t<QUOTED_STRING> p<42> l<17:11> el<17:15>
                                    n<> u<47> t<CLOSE_PARENS> p<48> l<17:15> el<17:16>
                          n<> u<72> t<Statement_or_null> p<219> c<71> s<86> l<17:18> el<17:32>
                            n<> u<71> t<Statement> p<72> c<70> l<17:18> el<17:32>
                              n<> u<70> t<Statement_item> p<71> c<69> l<17:18> el<17:32>
                                n<> u<69> t<Blocking_assignment> p<70> c<68> l<17:18> el<17:31>
                                  n<> u<68> t<Variable_assignment> p<69> c<57> l<17:18> el<17:31>
                                    n<> u<57> t<Variable_lvalue> p<68> c<54> s<67> l<17:18> el<17:21>
                                      n<> u<54> t<Ps_or_hierarchical_identifier> p<57> c<53> s<56> l<17:18> el<17:21>
                                        n<num> u<53> t<SIMPLE_IDENTIFIER> p<54> l<17:18> el<17:21>
                                      n<> u<56> t<Select> p<57> c<55> l<17:22> el<17:22>
                                        n<> u<55> t<Bit_select> p<56> l<17:22> el<17:22>
                                    n<> u<67> t<Expression> p<68> c<61> l<17:24> el<17:31>
                                      n<> u<61> t<Expression> p<67> c<60> s<66> l<17:24> el<17:27>
                                        n<> u<60> t<Primary> p<61> c<59> l<17:24> el<17:27>
                                          n<> u<59> t<Primary_literal> p<60> c<58> l<17:24> el<17:27>
                                            n<num> u<58> t<SIMPLE_IDENTIFIER> p<59> l<17:24> el<17:27>
                                      n<> u<66> t<BinaryOp_Plus> p<67> s<65> l<17:28> el<17:29>
                                      n<> u<65> t<Expression> p<67> c<64> l<17:30> el<17:31>
                                        n<> u<64> t<Primary> p<65> c<63> l<17:30> el<17:31>
                                          n<> u<63> t<Primary_literal> p<64> c<62> l<17:30> el<17:31>
                                            n<1> u<62> t<INTEGRAL_NUMBER> p<63> l<17:30> el<17:31>
                          n<> u<86> t<Statement_or_null> p<219> c<85> s<106> l<19:2> el<19:17>
                            n<> u<85> t<Statement> p<86> c<84> l<19:2> el<19:17>
                              n<> u<84> t<Statement_item> p<85> c<83> l<19:2> el<19:17>
                                n<> u<83> t<Subroutine_call_statement> p<84> c<82> l<19:2> el<19:17>
                                  n<> u<82> t<Subroutine_call> p<83> c<73> l<19:2> el<19:16>
                                    n<$> u<73> t<DOLLAR> p<82> s<74> l<19:2> el<19:3>
                                    n<display> u<74> t<SIMPLE_IDENTIFIER> p<82> s<80> l<19:3> el<19:10>
                                    n<> u<80> t<OPEN_PARENS> p<82> s<79> l<19:10> el<19:11>
                                    n<> u<79> t<Argument_list> p<82> c<78> s<81> l<19:11> el<19:15>
                                      n<> u<78> t<Expression> p<79> c<77> l<19:11> el<19:15>
                                        n<> u<77> t<Primary> p<78> c<76> l<19:11> el<19:15>
                                          n<> u<76> t<Primary_literal> p<77> c<75> l<19:11> el<19:15>
                                            n<"2A"> u<75> t<QUOTED_STRING> p<76> l<19:11> el<19:15>
                                    n<> u<81> t<CLOSE_PARENS> p<82> l<19:15> el<19:16>
                          n<> u<106> t<Statement_or_null> p<219> c<105> s<120> l<19:18> el<19:32>
                            n<> u<105> t<Statement> p<106> c<104> l<19:18> el<19:32>
                              n<> u<104> t<Statement_item> p<105> c<103> l<19:18> el<19:32>
                                n<> u<103> t<Blocking_assignment> p<104> c<102> l<19:18> el<19:31>
                                  n<> u<102> t<Variable_assignment> p<103> c<91> l<19:18> el<19:31>
                                    n<> u<91> t<Variable_lvalue> p<102> c<88> s<101> l<19:18> el<19:21>
                                      n<> u<88> t<Ps_or_hierarchical_identifier> p<91> c<87> s<90> l<19:18> el<19:21>
                                        n<num> u<87> t<SIMPLE_IDENTIFIER> p<88> l<19:18> el<19:21>
                                      n<> u<90> t<Select> p<91> c<89> l<19:22> el<19:22>
                                        n<> u<89> t<Bit_select> p<90> l<19:22> el<19:22>
                                    n<> u<101> t<Expression> p<102> c<95> l<19:24> el<19:31>
                                      n<> u<95> t<Expression> p<101> c<94> s<100> l<19:24> el<19:27>
                                        n<> u<94> t<Primary> p<95> c<93> l<19:24> el<19:27>
                                          n<> u<93> t<Primary_literal> p<94> c<92> l<19:24> el<19:27>
                                            n<num> u<92> t<SIMPLE_IDENTIFIER> p<93> l<19:24> el<19:27>
                                      n<> u<100> t<BinaryOp_Plus> p<101> s<99> l<19:28> el<19:29>
                                      n<> u<99> t<Expression> p<101> c<98> l<19:30> el<19:31>
                                        n<> u<98> t<Primary> p<99> c<97> l<19:30> el<19:31>
                                          n<> u<97> t<Primary_literal> p<98> c<96> l<19:30> el<19:31>
                                            n<1> u<96> t<INTEGRAL_NUMBER> p<97> l<19:30> el<19:31>
                          n<> u<120> t<Statement_or_null> p<219> c<119> s<140> l<22:3> el<22:18>
                            n<> u<119> t<Statement> p<120> c<118> l<22:3> el<22:18>
                              n<> u<118> t<Statement_item> p<119> c<117> l<22:3> el<22:18>
                                n<> u<117> t<Subroutine_call_statement> p<118> c<116> l<22:3> el<22:18>
                                  n<> u<116> t<Subroutine_call> p<117> c<107> l<22:3> el<22:17>
                                    n<$> u<107> t<DOLLAR> p<116> s<108> l<22:3> el<22:4>
                                    n<display> u<108> t<SIMPLE_IDENTIFIER> p<116> s<114> l<22:4> el<22:11>
                                    n<> u<114> t<OPEN_PARENS> p<116> s<113> l<22:11> el<22:12>
                                    n<> u<113> t<Argument_list> p<116> c<112> s<115> l<22:12> el<22:16>
                                      n<> u<112> t<Expression> p<113> c<111> l<22:12> el<22:16>
                                        n<> u<111> t<Primary> p<112> c<110> l<22:12> el<22:16>
                                          n<> u<110> t<Primary_literal> p<111> c<109> l<22:12> el<22:16>
                                            n<"3A"> u<109> t<QUOTED_STRING> p<110> l<22:12> el<22:16>
                                    n<> u<115> t<CLOSE_PARENS> p<116> l<22:16> el<22:17>
                          n<> u<140> t<Statement_or_null> p<219> c<139> s<217> l<22:19> el<22:33>
                            n<> u<139> t<Statement> p<140> c<138> l<22:19> el<22:33>
                              n<> u<138> t<Statement_item> p<139> c<137> l<22:19> el<22:33>
                                n<> u<137> t<Blocking_assignment> p<138> c<136> l<22:19> el<22:32>
                                  n<> u<136> t<Variable_assignment> p<137> c<125> l<22:19> el<22:32>
                                    n<> u<125> t<Variable_lvalue> p<136> c<122> s<135> l<22:19> el<22:22>
                                      n<> u<122> t<Ps_or_hierarchical_identifier> p<125> c<121> s<124> l<22:19> el<22:22>
                                        n<num> u<121> t<SIMPLE_IDENTIFIER> p<122> l<22:19> el<22:22>
                                      n<> u<124> t<Select> p<125> c<123> l<22:23> el<22:23>
                                        n<> u<123> t<Bit_select> p<124> l<22:23> el<22:23>
                                    n<> u<135> t<Expression> p<136> c<129> l<22:25> el<22:32>
                                      n<> u<129> t<Expression> p<135> c<128> s<134> l<22:25> el<22:28>
                                        n<> u<128> t<Primary> p<129> c<127> l<22:25> el<22:28>
                                          n<> u<127> t<Primary_literal> p<128> c<126> l<22:25> el<22:28>
                                            n<num> u<126> t<SIMPLE_IDENTIFIER> p<127> l<22:25> el<22:28>
                                      n<> u<134> t<BinaryOp_Plus> p<135> s<133> l<22:29> el<22:30>
                                      n<> u<133> t<Expression> p<135> c<132> l<22:31> el<22:32>
                                        n<> u<132> t<Primary> p<133> c<131> l<22:31> el<22:32>
                                          n<> u<131> t<Primary_literal> p<132> c<130> l<22:31> el<22:32>
                                            n<1> u<130> t<INTEGRAL_NUMBER> p<131> l<22:31> el<22:32>
                          n<> u<217> t<Statement_or_null> p<219> c<216> s<218> l<34:7> el<41:10>
                            n<> u<216> t<Statement> p<217> c<215> l<34:7> el<41:10>
                              n<> u<215> t<Statement_item> p<216> c<214> l<34:7> el<41:10>
                                n<> u<214> t<Conditional_statement> p<215> c<152> l<34:7> el<41:10>
                                  n<> u<152> t<Cond_predicate> p<214> c<151> s<180> l<34:11> el<34:19>
                                    n<> u<151> t<Expression_or_cond_pattern> p<152> c<150> l<34:11> el<34:19>
                                      n<> u<150> t<Expression> p<151> c<144> l<34:11> el<34:19>
                                        n<> u<144> t<Expression> p<150> c<143> s<149> l<34:11> el<34:14>
                                          n<> u<143> t<Primary> p<144> c<142> l<34:11> el<34:14>
                                            n<> u<142> t<Primary_literal> p<143> c<141> l<34:11> el<34:14>
                                              n<num> u<141> t<SIMPLE_IDENTIFIER> p<142> l<34:11> el<34:14>
                                        n<> u<149> t<EQUIV> p<150> s<148> l<34:15> el<34:17>
                                        n<> u<148> t<Expression> p<150> c<147> l<34:18> el<34:19>
                                          n<> u<147> t<Primary> p<148> c<146> l<34:18> el<34:19>
                                            n<> u<146> t<Primary_literal> p<147> c<145> l<34:18> el<34:19>
                                              n<3> u<145> t<INTEGRAL_NUMBER> p<146> l<34:18> el<34:19>
                                  n<> u<180> t<Statement_or_null> p<214> c<179> s<213> l<34:21> el<37:10>
                                    n<> u<179> t<Statement> p<180> c<178> l<34:21> el<37:10>
                                      n<> u<178> t<Statement_item> p<179> c<177> l<34:21> el<37:10>
                                        n<> u<177> t<Seq_block> p<178> c<166> l<34:21> el<37:10>
                                          n<> u<166> t<Statement_or_null> p<177> c<165> s<175> l<35:3> el<35:36>
                                            n<> u<165> t<Statement> p<166> c<164> l<35:3> el<35:36>
                                              n<> u<164> t<Statement_item> p<165> c<163> l<35:3> el<35:36>
                                                n<> u<163> t<Subroutine_call_statement> p<164> c<162> l<35:3> el<35:36>
                                                  n<> u<162> t<Subroutine_call> p<163> c<153> l<35:3> el<35:35>
                                                    n<$> u<153> t<DOLLAR> p<162> s<154> l<35:3> el<35:4>
                                                    n<write> u<154> t<SIMPLE_IDENTIFIER> p<162> s<160> l<35:4> el<35:9>
                                                    n<> u<160> t<OPEN_PARENS> p<162> s<159> l<35:9> el<35:10>
                                                    n<> u<159> t<Argument_list> p<162> c<158> s<161> l<35:10> el<35:34>
                                                      n<> u<158> t<Expression> p<159> c<157> l<35:10> el<35:34>
                                                        n<> u<157> t<Primary> p<158> c<156> l<35:10> el<35:34>
                                                          n<> u<156> t<Primary_literal> p<157> c<155> l<35:10> el<35:34>
                                                            n<"*-* All Finished *-*\n"> u<155> t<QUOTED_STRING> p<156> l<35:10> el<35:34>
                                                    n<> u<161> t<CLOSE_PARENS> p<162> l<35:34> el<35:35>
                                          n<> u<175> t<Statement_or_null> p<177> c<174> s<176> l<36:3> el<36:11>
                                            n<> u<174> t<Statement> p<175> c<173> l<36:3> el<36:11>
                                              n<> u<173> t<Statement_item> p<174> c<172> l<36:3> el<36:11>
                                                n<> u<172> t<Subroutine_call_statement> p<173> c<171> l<36:3> el<36:11>
                                                  n<> u<171> t<Subroutine_call> p<172> c<167> l<36:3> el<36:10>
                                                    n<$> u<167> t<DOLLAR> p<171> s<168> l<36:3> el<36:4>
                                                    n<finish> u<168> t<SIMPLE_IDENTIFIER> p<171> s<170> l<36:4> el<36:10>
                                                    n<> u<170> t<Select> p<171> c<169> l<36:10> el<36:10>
                                                      n<> u<169> t<Bit_select> p<170> l<36:10> el<36:10>
                                          n<> u<176> t<END> p<177> l<37:7> el<37:10>
                                  n<> u<213> t<Statement_or_null> p<214> c<212> l<38:12> el<41:10>
                                    n<> u<212> t<Statement> p<213> c<211> l<38:12> el<41:10>
                                      n<> u<211> t<Statement_item> p<212> c<210> l<38:12> el<41:10>
                                        n<> u<210> t<Seq_block> p<211> c<199> l<38:12> el<41:10>
                                          n<> u<199> t<Statement_or_null> p<210> c<198> s<208> l<39:3> el<39:43>
                                            n<> u<198> t<Statement> p<199> c<197> l<39:3> el<39:43>
                                              n<> u<197> t<Statement_item> p<198> c<196> l<39:3> el<39:43>
                                                n<> u<196> t<Subroutine_call_statement> p<197> c<195> l<39:3> el<39:43>
                                                  n<> u<195> t<Subroutine_call> p<196> c<181> l<39:3> el<39:42>
                                                    n<$> u<181> t<DOLLAR> p<195> s<182> l<39:3> el<39:4>
                                                    n<write> u<182> t<SIMPLE_IDENTIFIER> p<195> s<193> l<39:4> el<39:9>
                                                    n<> u<193> t<OPEN_PARENS> p<195> s<192> l<39:9> el<39:10>
                                                    n<> u<192> t<Argument_list> p<195> c<186> s<194> l<39:10> el<39:41>
                                                      n<> u<186> t<Expression> p<192> c<185> s<191> l<39:10> el<39:36>
                                                        n<> u<185> t<Primary> p<186> c<184> l<39:10> el<39:36>
                                                          n<> u<184> t<Primary_literal> p<185> c<183> l<39:10> el<39:36>
                                                            n<"%%Error: Bad count: %d\n"> u<183> t<QUOTED_STRING> p<184> l<39:10> el<39:36>
                                                      n<> u<191> t<Argument> p<192> c<190> l<39:38> el<39:41>
                                                        n<> u<190> t<Expression> p<191> c<189> l<39:38> el<39:41>
                                                          n<> u<189> t<Primary> p<190> c<188> l<39:38> el<39:41>
                                                            n<> u<188> t<Primary_literal> p<189> c<187> l<39:38> el<39:41>
                                                              n<num> u<187> t<SIMPLE_IDENTIFIER> p<188> l<39:38> el<39:41>
                                                    n<> u<194> t<CLOSE_PARENS> p<195> l<39:41> el<39:42>
                                          n<> u<208> t<Statement_or_null> p<210> c<207> s<209> l<40:3> el<40:9>
                                            n<> u<207> t<Statement> p<208> c<206> l<40:3> el<40:9>
                                              n<> u<206> t<Statement_item> p<207> c<205> l<40:3> el<40:9>
                                                n<> u<205> t<Subroutine_call_statement> p<206> c<204> l<40:3> el<40:9>
                                                  n<> u<204> t<Subroutine_call> p<205> c<200> l<40:3> el<40:8>
                                                    n<$> u<200> t<DOLLAR> p<204> s<201> l<40:3> el<40:4>
                                                    n<stop> u<201> t<SIMPLE_IDENTIFIER> p<204> s<203> l<40:4> el<40:8>
                                                    n<> u<203> t<Select> p<204> c<202> l<40:8> el<40:8>
                                                      n<> u<202> t<Bit_select> p<203> l<40:8> el<40:8>
                                          n<> u<209> t<END> p<210> l<41:7> el<41:10>
                          n<> u<218> t<END> p<219> l<42:4> el<42:7>
        n<> u<228> t<ENDMODULE> p<229> l<43:1> el<43:10>
AST_DEBUG_END
[INF:CP5804] $Source01/t_preproc_ifdef.v:6:1: Compile module "t".
[INF:CM5028] Using global timescale: "1ns/1ns".
====== HLDB =======
Design name:unnamed:
  vpiName: unnamed
  vpiSourceFile (1 items):
    SourceFile name:t_preproc_ifdef.v file:$Source01/t_preproc_ifdef.v:
      vpiParent: Design name:unnamed
      vpiName: t_preproc_ifdef.v
      vpiPreprocFile: "$Output/lib/work/t_preproc_ifdef.v"
      vpiPreprocMacroDefinition (2 items):
        PreprocMacroDefinition name:EMPTY_TRUE start:11:1 end:12:1:
          vpiParent: SourceFile name:t_preproc_ifdef.v
          vpiName Identifier name:EMPTY_TRUE start:11:9 end:11:19:
          vpiPMDType: define (1)
        PreprocMacroDefinition name:A start:16:1 end:17:1:
          vpiParent: SourceFile name:t_preproc_ifdef.v
          vpiName Identifier name:A start:16:9 end:16:10:
          vpiPMDType: define (1)
  vpiAllModules (1 items):
    Module name:t file:$Source01/t_preproc_ifdef.v start:6:1 end:43:10:
      vpiParent: Design name:unnamed
      vpiName Identifier name:t start:6:8 end:6:9:
      vpiFullName: t
      vpiVariable (1 items):
        Variable name:num start:7:12 end:7:15:
          vpiParent: Module name:t
          vpiTypespec RefTypespec start:7:4 end:7:11:
            vpiParent: Variable name:num
            vpiFullName: t.num
            vpiActual: IntegerTypespec
          vpiName: num
          vpiFullName: t.num
      vpiTypespec (1 items):
        IntegerTypespec:
          vpiParent: Module name:t
          vpiSigned: true
      vpiDefName: t
      vpiDefNetType: wire (1)
      vpiLibrary RefObj name:work start:6:8 end:6:9:
        vpiParent: Module name:t
        vpiName: work
        vpiFullName: t.work
      vpiCell: t
      vpiProcess (1 items):
        Initial start:8:4 end:42:7:
          vpiParent: Module name:t
          vpiStmt Begin start:8:12 end:42:7:
            vpiParent: Initial
            vpiFullName: t
            vpiStmt (8 items):
              Assignment start:9:7 end:9:14:
                vpiParent: Begin
                vpiBlocking: true
                vpiLhs RefObj name:num start:9:7 end:9:10:
                  vpiParent: Assignment
                  vpiName: num
                  vpiFullName: t.num
                  vpiActual: Variable name:num
                vpiRhs Constant start:9:13 end:9:14:
                  vpiParent: Assignment
                  vpiTypespec RefTypespec:
                    vpiParent: Constant
                    vpiFullName: t
                    vpiActual: IntTypespec
                  vpiConstType: unsigned int (9)
                  vpiSize: 64
                  vpiDecompile: "0"
                  vpiValue: 0
              SysTaskCall name:$display start:17:2 end:17:16:
                vpiParent: Begin
                vpiName Identifier name:$display start:17:2 end:17:10:
                vpiArgument (1 items):
                  Constant start:17:11 end:17:15:
                    vpiParent: SysTaskCall name:$display
                    vpiTypespec RefTypespec:
                      vpiParent: Constant
                      vpiFullName: t
                      vpiActual: StringTypespec
                    vpiConstType: string (6)
                    vpiSize: 16
                    vpiDecompile: "\"1A\""
                    vpiValue: "1A"
              Assignment start:17:18 end:17:31:
                vpiParent: Begin
                vpiBlocking: true
                vpiLhs RefObj name:num start:17:18 end:17:21:
                  vpiParent: Assignment
                  vpiName: num
                  vpiFullName: t.num
                  vpiActual: Variable name:num
                vpiRhs Operation start:17:24 end:17:31:
                  vpiParent: Assignment
                  vpiOpType: add (24)
                  vpiOperand (2 items):
                    RefObj name:num start:17:24 end:17:27:
                      vpiParent: Operation
                      vpiName: num
                      vpiFullName: t.num
                      vpiActual: Variable name:num
                    Constant start:17:30 end:17:31:
                      vpiParent: Operation
                      vpiTypespec RefTypespec:
                        vpiParent: Constant
                        vpiFullName: t
                        vpiActual: IntTypespec
                      vpiConstType: unsigned int (9)
                      vpiSize: 64
                      vpiDecompile: "1"
                      vpiValue: 1
              SysTaskCall name:$display start:19:2 end:19:16:
                vpiParent: Begin
                vpiName Identifier name:$display start:19:2 end:19:10:
                vpiArgument (1 items):
                  Constant start:19:11 end:19:15:
                    vpiParent: SysTaskCall name:$display
                    vpiTypespec RefTypespec:
                      vpiParent: Constant
                      vpiFullName: t
                      vpiActual: StringTypespec
                    vpiConstType: string (6)
                    vpiSize: 16
                    vpiDecompile: "\"2A\""
                    vpiValue: "2A"
              Assignment start:19:18 end:19:31:
                vpiParent: Begin
                vpiBlocking: true
                vpiLhs RefObj name:num start:19:18 end:19:21:
                  vpiParent: Assignment
                  vpiName: num
                  vpiFullName: t.num
                  vpiActual: Variable name:num
                vpiRhs Operation start:19:24 end:19:31:
                  vpiParent: Assignment
                  vpiOpType: add (24)
                  vpiOperand (2 items):
                    RefObj name:num start:19:24 end:19:27:
                      vpiParent: Operation
                      vpiName: num
                      vpiFullName: t.num
                      vpiActual: Variable name:num
                    Constant start:19:30 end:19:31:
                      vpiParent: Operation
                      vpiTypespec RefTypespec:
                        vpiParent: Constant
                        vpiFullName: t
                        vpiActual: IntTypespec
                      vpiConstType: unsigned int (9)
                      vpiSize: 64
                      vpiDecompile: "1"
                      vpiValue: 1
              SysTaskCall name:$display start:22:3 end:22:17:
                vpiParent: Begin
                vpiName Identifier name:$display start:22:3 end:22:11:
                vpiArgument (1 items):
                  Constant start:22:12 end:22:16:
                    vpiParent: SysTaskCall name:$display
                    vpiTypespec RefTypespec:
                      vpiParent: Constant
                      vpiFullName: t
                      vpiActual: StringTypespec
                    vpiConstType: string (6)
                    vpiSize: 16
                    vpiDecompile: "\"3A\""
                    vpiValue: "3A"
              Assignment start:22:19 end:22:32:
                vpiParent: Begin
                vpiBlocking: true
                vpiLhs RefObj name:num start:22:19 end:22:22:
                  vpiParent: Assignment
                  vpiName: num
                  vpiFullName: t.num
                  vpiActual: Variable name:num
                vpiRhs Operation start:22:25 end:22:32:
                  vpiParent: Assignment
                  vpiOpType: add (24)
                  vpiOperand (2 items):
                    RefObj name:num start:22:25 end:22:28:
                      vpiParent: Operation
                      vpiName: num
                      vpiFullName: t.num
                      vpiActual: Variable name:num
                    Constant start:22:31 end:22:32:
                      vpiParent: Operation
                      vpiTypespec RefTypespec:
                        vpiParent: Constant
                        vpiFullName: t
                        vpiActual: IntTypespec
                      vpiConstType: unsigned int (9)
                      vpiSize: 64
                      vpiDecompile: "1"
                      vpiValue: 1
              IfElse start:34:7 end:41:10:
                vpiParent: Begin
                vpiCondition Operation start:34:11 end:34:19:
                  vpiParent: IfElse
                  vpiOpType: equal (14)
                  vpiOperand (2 items):
                    RefObj name:num start:34:11 end:34:14:
                      vpiParent: Operation
                      vpiName: num
                      vpiFullName: t.num
                      vpiActual: Variable name:num
                    Constant start:34:18 end:34:19:
                      vpiParent: Operation
                      vpiTypespec RefTypespec:
                        vpiParent: Constant
                        vpiFullName: t
                        vpiActual: IntTypespec
                      vpiConstType: unsigned int (9)
                      vpiSize: 64
                      vpiDecompile: "3"
                      vpiValue: 3
                vpiStmt Begin start:34:21 end:37:10:
                  vpiParent: IfElse
                  vpiFullName: t
                  vpiStmt (2 items):
                    SysTaskCall name:$write start:35:3 end:35:35:
                      vpiParent: Begin
                      vpiName Identifier name:$write start:35:3 end:35:9:
                      vpiArgument (1 items):
                        Constant start:35:10 end:35:34:
                          vpiParent: SysTaskCall name:$write
                          vpiTypespec RefTypespec:
                            vpiParent: Constant
                            vpiFullName: t
                            vpiActual: StringTypespec
                          vpiConstType: string (6)
                          vpiSize: 168
                          vpiDecompile: "\"*-* All Finished *-*\\n\""
                          vpiValue: "*-* All Finished *-*\\n"
                    SysTaskCall name:$finish start:36:3 end:36:10:
                      vpiParent: Begin
                      vpiName Identifier name:$finish start:36:3 end:36:10:
                      vpiIsProperty: true
                vpiElseStmt Begin start:38:12 end:41:10:
                  vpiParent: IfElse
                  vpiFullName: t
                  vpiStmt (2 items):
                    SysTaskCall name:$write start:39:3 end:39:42:
                      vpiParent: Begin
                      vpiName Identifier name:$write start:39:3 end:39:9:
                      vpiArgument (2 items):
                        Constant start:39:10 end:39:36:
                          vpiParent: SysTaskCall name:$write
                          vpiTypespec RefTypespec:
                            vpiParent: Constant
                            vpiFullName: t
                            vpiActual: StringTypespec
                          vpiConstType: string (6)
                          vpiSize: 184
                          vpiDecompile: "\"%%Error: Bad count: %d\\n\""
                          vpiValue: "%%Error: Bad count: %d\\n"
                        RefObj name:num start:39:38 end:39:41:
                          vpiParent: SysTaskCall name:$write
                          vpiName: num
                          vpiFullName: t.num
                          vpiActual: Variable name:num
                    SysTaskCall name:$stop start:40:3 end:40:8:
                      vpiParent: Begin
                      vpiName Identifier name:$stop start:40:3 end:40:8:
                      vpiIsProperty: true
  vpiTypespec (3 items):
    ModuleTypespec name:t:
      vpiParent: Design name:unnamed
      vpiName Identifier name:t start:6:8 end:6:9:
      vpiDefName: t
      vpiModule: Module name:t
    IntTypespec:
      vpiParent: Design name:unnamed
      vpiSigned: true
    StringTypespec:
      vpiParent: Design name:unnamed
  vpiLibrary (1 items):
    Library name:work:
      vpiParent: Design name:unnamed
      vpiName: work
===================
[  FATAL] : 0
[ SYNTAX] : 0
[  ERROR] : 0
[WARNING] : 0
[   NOTE] : 0
********************************************************************************
*                    End HLC SystemVerilog Compiler/Linter                     *
********************************************************************************

#**#**#**#**#**#**#**#**#**#**#**#**#**#**#**#**#**#**#**#**#**#**#**#**#**#**#**#**#**#**#**#**#**#**#**#**#**#**#**#**

Environment:
      test-name: Verilator/t_preproc_ifdef
   test-dirpath: ${HLC_DIR}/regression/Verilator/t_preproc_ifdef
  hldb-filepath: ${HLC_DIR}/regression/Verilator/t_preproc_ifdef/design.hldb
mounts-filepath: ${HLC_DIR}/regression/Verilator/t_preproc_ifdef/mounts.json


{'result': {'coverage': 100.0,
            'error_count': 0,
            'file_count': 1,
            'files': {'$Output/lib/work/t_preproc_ifdef.v': {'post_len': 0,
                                                             'pre_len': 280}},
            'post_len': 0,
            'pre_len': 280,
            'test_name': 'Verilator/t_preproc_ifdef'}}

+------------------------------------+----------+-----------+
| INPUT                              |   PRELEN |   POSTLEN |
+====================================+==========+===========+
| $Output/lib/work/t_preproc_ifdef.v |      280 |         0 |
+====================================+==========+===========+
|                                    |      280 |         0 |
+------------------------------------+----------+-----------+

[   ERROR] : 0
[COVERAGE] : 100.0


#**#**#**#**#**#**#**#**#**#**#**#**#**#**#**#**#**#**#**#**#**#**#**#**#**#**#**#**#**#**#**#**#**#**#**#**#**#**#**#**

COMMAND: ${HLC_DIR}/regression/Verilator/t_preproc_ifdef/design.hldb ${HLC_DIR}/regression/Verilator/t_preproc_ifdef/reduced.hldb

==================== BEGIN REDUCTION RESULT ====================
Name                            Before   After   Added   Removed
----------------------------------------------------------------
----------------------------------------------------------------
Others                              73      73       0         0
----------------------------------------------------------------
                                    73      73       0         0
===================== END REDUCTION RESULT =====================
