********************************************************************************
*                   Begin HLC SystemVerilog Compiler/Linter                    *
********************************************************************************
Copyright (c) 2020 Apotell,
http://www.apache.org/licenses/LICENSE-2.0
VERSION: 1.84
COMMAND: -wd ../../../tests/StructNetUnionTypespec -d db -d ast dut.sv -mt 0 -d dbstats -d cache -writepp -d db -nostdout -o ${HLC_DIR}/regression/StructNetUnionTypespec/StructNetUnionTypespec
[INF:CM5022] Creating log file "$Output/hlc.log".
[INF:PP5223] Preprocessing source file "$Source01/dut.sv".
[INF:PP5223] Preprocessing source file "$Scratch/0_builtin.sv".
[INF:PA5502] Parsing source file "$Source01/dut.sv".
[INF:PA5502] Parsing source file "$Scratch/0_builtin.sv".
AST_DEBUG_BEGIN
Count: 188
LIB: work
FILE<0>:$Source01/dut.sv
n<$Source01/dut.sv> u<187> t<Top_level_rule> c<1> l<1:1> el<23:1>
  n<> u<1> t<Null_rule> p<187> s<186> l<1:1>
  n<> u<186> t<Source_text> p<187> c<87> l<1:1> el<22:10>
    n<> u<87> t<Description> p<186> c<86> s<185> l<1:1> el<11:10>
      n<> u<86> t<Module_declaration> p<87> c<14> l<1:1> el<11:10>
        n<> u<14> t<Module_ansi_header> p<86> c<2> s<42> l<1:1> el<1:37>
          n<module> u<2> t<MODULE> p<14> s<3> l<1:1> el<1:7>
          n<AnonymousUnion> u<3> t<SIMPLE_IDENTIFIER> p<14> s<4> l<1:8> el<1:22>
          n<> u<4> t<Package_import_declaration_list> p<14> s<13> l<1:22> el<1:22>
          n<> u<13> t<Port_declaration_list> p<14> c<12> l<1:22> el<1:36>
            n<> u<12> t<Ansi_port_declaration> p<13> c<10> l<1:23> el<1:35>
              n<> u<10> t<Net_port_header> p<12> c<5> s<11> l<1:23> el<1:33>
                n<> u<5> t<OUTPUT> p<10> s<9> l<1:23> el<1:29>
                n<> u<9> t<Net_port_type> p<10> c<8> l<1:30> el<1:33>
                  n<> u<8> t<Data_type_or_implicit> p<9> c<7> l<1:30> el<1:33>
                    n<> u<7> t<Data_type> p<8> c<6> l<1:30> el<1:33>
                      n<> u<6> t<INT> p<7> l<1:30> el<1:33>
              n<o> u<11> t<SIMPLE_IDENTIFIER> p<12> l<1:34> el<1:35>
        n<> u<42> t<Non_port_module_item> p<86> c<41> s<84> l<2:4> el<5:9>
          n<> u<41> t<Module_or_generate_item> p<42> c<40> l<2:4> el<5:9>
            n<> u<40> t<Module_common_item> p<41> c<39> l<2:4> el<5:9>
              n<> u<39> t<Module_or_generate_item_declaration> p<40> c<38> l<2:4> el<5:9>
                n<> u<38> t<Package_or_generate_item_declaration> p<39> c<37> l<2:4> el<5:9>
                  n<> u<37> t<Data_declaration> p<38> c<36> l<2:4> el<5:9>
                    n<> u<36> t<Variable_declaration> p<37> c<32> l<2:4> el<5:9>
                      n<> u<32> t<Data_type> p<36> c<16> s<35> l<2:4> el<5:5>
                        n<> u<16> t<Struct_union> p<32> c<15> s<17> l<2:4> el<2:9>
                          n<> u<15> t<UNION> p<16> l<2:4> el<2:9>
                        n<> u<17> t<PACKED> p<32> s<24> l<2:10> el<2:16>
                        n<> u<24> t<Struct_union_member> p<32> c<20> s<31> l<3:7> el<3:14>
                          n<> u<20> t<Data_type_or_void> p<24> c<19> s<23> l<3:7> el<3:10>
                            n<> u<19> t<Data_type> p<20> c<18> l<3:7> el<3:10>
                              n<> u<18> t<INT> p<19> l<3:7> el<3:10>
                          n<> u<23> t<Variable_decl_assignment_list> p<24> c<22> l<3:11> el<3:13>
                            n<> u<22> t<Variable_decl_assignment> p<23> c<21> l<3:11> el<3:13>
                              n<v1> u<21> t<SIMPLE_IDENTIFIER> p<22> l<3:11> el<3:13>
                        n<> u<31> t<Struct_union_member> p<32> c<27> l<4:7> el<4:14>
                          n<> u<27> t<Data_type_or_void> p<31> c<26> s<30> l<4:7> el<4:10>
                            n<> u<26> t<Data_type> p<27> c<25> l<4:7> el<4:10>
                              n<> u<25> t<INT> p<26> l<4:7> el<4:10>
                          n<> u<30> t<Variable_decl_assignment_list> p<31> c<29> l<4:11> el<4:13>
                            n<> u<29> t<Variable_decl_assignment> p<30> c<28> l<4:11> el<4:13>
                              n<v2> u<28> t<SIMPLE_IDENTIFIER> p<29> l<4:11> el<4:13>
                      n<> u<35> t<Variable_decl_assignment_list> p<36> c<34> l<5:6> el<5:8>
                        n<> u<34> t<Variable_decl_assignment> p<35> c<33> l<5:6> el<5:8>
                          n<un> u<33> t<SIMPLE_IDENTIFIER> p<34> l<5:6> el<5:8>
        n<> u<84> t<Non_port_module_item> p<86> c<83> s<85> l<7:4> el<10:7>
          n<> u<83> t<Module_or_generate_item> p<84> c<82> l<7:4> el<10:7>
            n<> u<82> t<Module_common_item> p<83> c<81> l<7:4> el<10:7>
              n<> u<81> t<Initial_construct> p<82> c<80> l<7:4> el<10:7>
                n<> u<80> t<Statement_or_null> p<81> c<79> l<7:12> el<10:7>
                  n<> u<79> t<Statement> p<80> c<78> l<7:12> el<10:7>
                    n<> u<78> t<Statement_item> p<79> c<77> l<7:12> el<10:7>
                      n<> u<77> t<Seq_block> p<78> c<57> l<7:12> el<10:7>
                        n<> u<57> t<Statement_or_null> p<77> c<56> s<75> l<8:7> el<8:17>
                          n<> u<56> t<Statement> p<57> c<55> l<8:7> el<8:17>
                            n<> u<55> t<Statement_item> p<56> c<54> l<8:7> el<8:17>
                              n<> u<54> t<Blocking_assignment> p<55> c<53> l<8:7> el<8:16>
                                n<> u<53> t<Variable_assignment> p<54> c<48> l<8:7> el<8:16>
                                  n<> u<48> t<Variable_lvalue> p<53> c<44> s<52> l<8:7> el<8:12>
                                    n<> u<44> t<Ps_or_hierarchical_identifier> p<48> c<43> s<47> l<8:7> el<8:9>
                                      n<un> u<43> t<SIMPLE_IDENTIFIER> p<44> l<8:7> el<8:9>
                                    n<> u<47> t<Select> p<48> c<45> l<8:9> el<8:12>
                                      n<v1> u<45> t<SIMPLE_IDENTIFIER> p<47> s<46> l<8:10> el<8:12>
                                      n<> u<46> t<Bit_select> p<47> l<8:13> el<8:13>
                                  n<> u<52> t<Expression> p<53> c<51> l<8:15> el<8:16>
                                    n<> u<51> t<Primary> p<52> c<50> l<8:15> el<8:16>
                                      n<> u<50> t<Primary_literal> p<51> c<49> l<8:15> el<8:16>
                                        n<1> u<49> t<INTEGRAL_NUMBER> p<50> l<8:15> el<8:16>
                        n<> u<75> t<Statement_or_null> p<77> c<74> s<76> l<9:7> el<9:17>
                          n<> u<74> t<Statement> p<75> c<73> l<9:7> el<9:17>
                            n<> u<73> t<Statement_item> p<74> c<72> l<9:7> el<9:17>
                              n<> u<72> t<Blocking_assignment> p<73> c<71> l<9:7> el<9:16>
                                n<> u<71> t<Variable_assignment> p<72> c<62> l<9:7> el<9:16>
                                  n<> u<62> t<Variable_lvalue> p<71> c<59> s<70> l<9:7> el<9:8>
                                    n<> u<59> t<Ps_or_hierarchical_identifier> p<62> c<58> s<61> l<9:7> el<9:8>
                                      n<o> u<58> t<SIMPLE_IDENTIFIER> p<59> l<9:7> el<9:8>
                                    n<> u<61> t<Select> p<62> c<60> l<9:9> el<9:9>
                                      n<> u<60> t<Bit_select> p<61> l<9:9> el<9:9>
                                  n<> u<70> t<Expression> p<71> c<69> l<9:11> el<9:16>
                                    n<> u<69> t<Primary> p<70> c<68> l<9:11> el<9:16>
                                      n<> u<68> t<Subroutine_call> p<69> c<63> l<9:11> el<9:16>
                                        n<un> u<63> t<SIMPLE_IDENTIFIER> p<68> s<64> l<9:11> el<9:13>
                                        n<> u<64> t<Constant_bit_select> p<68> s<65> l<9:13> el<9:13>
                                        n<v2> u<65> t<SIMPLE_IDENTIFIER> p<68> s<67> l<9:14> el<9:16>
                                        n<> u<67> t<Select> p<68> c<66> l<9:16> el<9:16>
                                          n<> u<66> t<Bit_select> p<67> l<9:16> el<9:16>
                        n<> u<76> t<END> p<77> l<10:4> el<10:7>
        n<> u<85> t<ENDMODULE> p<86> l<11:1> el<11:10>
    n<> u<185> t<Description> p<186> c<184> l<13:1> el<22:10>
      n<> u<184> t<Module_declaration> p<185> c<110> l<13:1> el<22:10>
        n<> u<110> t<Module_ansi_header> p<184> c<88> s<141> l<13:1> el<13:56>
          n<module> u<88> t<MODULE> p<110> s<89> l<13:1> el<13:7>
          n<AssignToUnionAndReadField> u<89> t<SIMPLE_IDENTIFIER> p<110> s<90> l<13:8> el<13:33>
          n<> u<90> t<Package_import_declaration_list> p<110> s<109> l<13:33> el<13:33>
          n<> u<109> t<Port_declaration_list> p<110> c<108> l<13:33> el<13:55>
            n<> u<108> t<Ansi_port_declaration> p<109> c<106> l<13:34> el<13:54>
              n<> u<106> t<Net_port_header> p<108> c<91> s<107> l<13:34> el<13:52>
                n<> u<91> t<OUTPUT> p<106> s<105> l<13:34> el<13:40>
                n<> u<105> t<Net_port_type> p<106> c<104> l<13:41> el<13:52>
                  n<> u<104> t<Data_type_or_implicit> p<105> c<103> l<13:41> el<13:52>
                    n<> u<103> t<Data_type> p<104> c<92> l<13:41> el<13:52>
                      n<> u<92> t<LOGIC> p<103> s<102> l<13:41> el<13:46>
                      n<> u<102> t<Packed_dimension> p<103> c<101> l<13:47> el<13:52>
                        n<> u<101> t<Constant_range> p<102> c<96> l<13:48> el<13:51>
                          n<> u<96> t<Constant_expression> p<101> c<95> s<100> l<13:48> el<13:49>
                            n<> u<95> t<Constant_primary> p<96> c<94> l<13:48> el<13:49>
                              n<> u<94> t<Primary_literal> p<95> c<93> l<13:48> el<13:49>
                                n<3> u<93> t<INTEGRAL_NUMBER> p<94> l<13:48> el<13:49>
                          n<> u<100> t<Constant_expression> p<101> c<99> l<13:50> el<13:51>
                            n<> u<99> t<Constant_primary> p<100> c<98> l<13:50> el<13:51>
                              n<> u<98> t<Primary_literal> p<99> c<97> l<13:50> el<13:51>
                                n<0> u<97> t<INTEGRAL_NUMBER> p<98> l<13:50> el<13:51>
              n<o> u<107> t<SIMPLE_IDENTIFIER> p<108> l<13:53> el<13:54>
        n<> u<141> t<Non_port_module_item> p<184> c<140> s<182> l<14:4> el<16:9>
          n<> u<140> t<Module_or_generate_item> p<141> c<139> l<14:4> el<16:9>
            n<> u<139> t<Module_common_item> p<140> c<138> l<14:4> el<16:9>
              n<> u<138> t<Module_or_generate_item_declaration> p<139> c<137> l<14:4> el<16:9>
                n<> u<137> t<Package_or_generate_item_declaration> p<138> c<136> l<14:4> el<16:9>
                  n<> u<136> t<Data_declaration> p<137> c<135> l<14:4> el<16:9>
                    n<> u<135> t<Variable_declaration> p<136> c<131> l<14:4> el<16:9>
                      n<> u<131> t<Data_type> p<135> c<112> s<134> l<14:4> el<16:5>
                        n<> u<112> t<Struct_union> p<131> c<111> s<113> l<14:4> el<14:9>
                          n<> u<111> t<UNION> p<112> l<14:4> el<14:9>
                        n<> u<113> t<PACKED> p<131> s<130> l<14:10> el<14:16>
                        n<> u<130> t<Struct_union_member> p<131> c<126> l<15:7> el<15:23>
                          n<> u<126> t<Data_type_or_void> p<130> c<125> s<129> l<15:7> el<15:16>
                            n<> u<125> t<Data_type> p<126> c<114> l<15:7> el<15:16>
                              n<> u<114> t<BIT> p<125> s<124> l<15:7> el<15:10>
                              n<> u<124> t<Packed_dimension> p<125> c<123> l<15:11> el<15:16>
                                n<> u<123> t<Constant_range> p<124> c<118> l<15:12> el<15:15>
                                  n<> u<118> t<Constant_expression> p<123> c<117> s<122> l<15:12> el<15:13>
                                    n<> u<117> t<Constant_primary> p<118> c<116> l<15:12> el<15:13>
                                      n<> u<116> t<Primary_literal> p<117> c<115> l<15:12> el<15:13>
                                        n<3> u<115> t<INTEGRAL_NUMBER> p<116> l<15:12> el<15:13>
                                  n<> u<122> t<Constant_expression> p<123> c<121> l<15:14> el<15:15>
                                    n<> u<121> t<Constant_primary> p<122> c<120> l<15:14> el<15:15>
                                      n<> u<120> t<Primary_literal> p<121> c<119> l<15:14> el<15:15>
                                        n<0> u<119> t<INTEGRAL_NUMBER> p<120> l<15:14> el<15:15>
                          n<> u<129> t<Variable_decl_assignment_list> p<130> c<128> l<15:17> el<15:22>
                            n<> u<128> t<Variable_decl_assignment> p<129> c<127> l<15:17> el<15:22>
                              n<field> u<127> t<SIMPLE_IDENTIFIER> p<128> l<15:17> el<15:22>
                      n<> u<134> t<Variable_decl_assignment_list> p<135> c<133> l<16:6> el<16:8>
                        n<> u<133> t<Variable_decl_assignment> p<134> c<132> l<16:6> el<16:8>
                          n<un> u<132> t<SIMPLE_IDENTIFIER> p<133> l<16:6> el<16:8>
        n<> u<182> t<Non_port_module_item> p<184> c<181> s<183> l<18:4> el<21:7>
          n<> u<181> t<Module_or_generate_item> p<182> c<180> l<18:4> el<21:7>
            n<> u<180> t<Module_common_item> p<181> c<179> l<18:4> el<21:7>
              n<> u<179> t<Initial_construct> p<180> c<178> l<18:4> el<21:7>
                n<> u<178> t<Statement_or_null> p<179> c<177> l<18:12> el<21:7>
                  n<> u<177> t<Statement> p<178> c<176> l<18:12> el<21:7>
                    n<> u<176> t<Statement_item> p<177> c<175> l<18:12> el<21:7>
                      n<> u<175> t<Seq_block> p<176> c<155> l<18:12> el<21:7>
                        n<> u<155> t<Statement_or_null> p<175> c<154> s<173> l<19:7> el<19:17>
                          n<> u<154> t<Statement> p<155> c<153> l<19:7> el<19:17>
                            n<> u<153> t<Statement_item> p<154> c<152> l<19:7> el<19:17>
                              n<> u<152> t<Blocking_assignment> p<153> c<151> l<19:7> el<19:16>
                                n<> u<151> t<Variable_assignment> p<152> c<146> l<19:7> el<19:16>
                                  n<> u<146> t<Variable_lvalue> p<151> c<143> s<150> l<19:7> el<19:9>
                                    n<> u<143> t<Ps_or_hierarchical_identifier> p<146> c<142> s<145> l<19:7> el<19:9>
                                      n<un> u<142> t<SIMPLE_IDENTIFIER> p<143> l<19:7> el<19:9>
                                    n<> u<145> t<Select> p<146> c<144> l<19:10> el<19:10>
                                      n<> u<144> t<Bit_select> p<145> l<19:10> el<19:10>
                                  n<> u<150> t<Expression> p<151> c<149> l<19:12> el<19:16>
                                    n<> u<149> t<Primary> p<150> c<148> l<19:12> el<19:16>
                                      n<> u<148> t<Primary_literal> p<149> c<147> l<19:12> el<19:16>
                                        n<4'hA> u<147> t<INTEGRAL_NUMBER> p<148> l<19:12> el<19:16>
                        n<> u<173> t<Statement_or_null> p<175> c<172> s<174> l<20:7> el<20:20>
                          n<> u<172> t<Statement> p<173> c<171> l<20:7> el<20:20>
                            n<> u<171> t<Statement_item> p<172> c<170> l<20:7> el<20:20>
                              n<> u<170> t<Blocking_assignment> p<171> c<169> l<20:7> el<20:19>
                                n<> u<169> t<Variable_assignment> p<170> c<160> l<20:7> el<20:19>
                                  n<> u<160> t<Variable_lvalue> p<169> c<157> s<168> l<20:7> el<20:8>
                                    n<> u<157> t<Ps_or_hierarchical_identifier> p<160> c<156> s<159> l<20:7> el<20:8>
                                      n<o> u<156> t<SIMPLE_IDENTIFIER> p<157> l<20:7> el<20:8>
                                    n<> u<159> t<Select> p<160> c<158> l<20:9> el<20:9>
                                      n<> u<158> t<Bit_select> p<159> l<20:9> el<20:9>
                                  n<> u<168> t<Expression> p<169> c<167> l<20:11> el<20:19>
                                    n<> u<167> t<Primary> p<168> c<166> l<20:11> el<20:19>
                                      n<> u<166> t<Subroutine_call> p<167> c<161> l<20:11> el<20:19>
                                        n<un> u<161> t<SIMPLE_IDENTIFIER> p<166> s<162> l<20:11> el<20:13>
                                        n<> u<162> t<Constant_bit_select> p<166> s<163> l<20:13> el<20:13>
                                        n<field> u<163> t<SIMPLE_IDENTIFIER> p<166> s<165> l<20:14> el<20:19>
                                        n<> u<165> t<Select> p<166> c<164> l<20:19> el<20:19>
                                          n<> u<164> t<Bit_select> p<165> l<20:19> el<20:19>
                        n<> u<174> t<END> p<175> l<21:4> el<21:7>
        n<> u<183> t<ENDMODULE> p<184> l<22:1> el<22:10>
AST_DEBUG_END
[INF:CP5804] $Source01/dut.sv:1:1: Compile module "AnonymousUnion".
[INF:CP5804] $Source01/dut.sv:13:1: Compile module "AssignToUnionAndReadField".
[WRN:PA5506] $Source01/dut.sv:1:1: No timescale set for "AnonymousUnion".
[WRN:PA5506] $Source01/dut.sv:13:1: No timescale set for "AssignToUnionAndReadField".
====== HLDB =======
Design name:unnamed:
  vpiName: unnamed
  vpiSourceFile (1 items):
    SourceFile name:dut.sv file:$Source01/dut.sv:
      vpiParent: Design name:unnamed
      vpiName: dut.sv
      vpiPreprocFile: "$Output/lib/work/dut.sv"
  vpiAllModules (2 items):
    Module name:AnonymousUnion file:$Source01/dut.sv start:1:1 end:11:10:
      vpiParent: Design name:unnamed
      vpiName Identifier name:AnonymousUnion start:1:8 end:1:22:
      vpiFullName: AnonymousUnion
      vpiUnion (1 items):
        Union start:2:4 end:5:5:
          vpiParent: Module name:AnonymousUnion
          vpiPacked: true
          vpiTypespecMember (2 items):
            TypespecMember name:v1 start:3:11 end:3:13:
              vpiParent: Union
              vpiName: v1
              vpiTypespec RefTypespec start:3:7 end:3:10:
                vpiParent: TypespecMember name:v1
                vpiFullName: AnonymousUnion.v1
                vpiActual: IntTypespec
            TypespecMember name:v2 start:4:11 end:4:13:
              vpiParent: Union
              vpiName: v2
              vpiTypespec RefTypespec start:4:7 end:4:10:
                vpiParent: TypespecMember name:v2
                vpiFullName: AnonymousUnion.v2
                vpiActual: IntTypespec
      vpiVariable (2 items):
        Variable name:o start:1:34 end:1:35:
          vpiParent: Module name:AnonymousUnion
          vpiTypespec RefTypespec start:1:30 end:1:33:
            vpiParent: Variable name:o
            vpiFullName: AnonymousUnion.o
            vpiActual: IntTypespec
          vpiName: o
          vpiFullName: AnonymousUnion.o
        Variable name:un start:5:6 end:5:8:
          vpiParent: Module name:AnonymousUnion
          vpiTypespec RefTypespec start:2:4 end:5:5:
            vpiParent: Variable name:un
            vpiFullName: AnonymousUnion.un
            vpiActual: UnionTypespec
          vpiName: un
          vpiFullName: AnonymousUnion.un
      vpiTypespec (1 items):
        UnionTypespec start:2:4 end:5:5:
          vpiParent: Module name:AnonymousUnion
          vpiUnion: Union
      vpiDefName: AnonymousUnion
      vpiDefNetType: wire (1)
      vpiLibrary RefObj name:work start:1:8 end:1:22:
        vpiParent: Module name:AnonymousUnion
        vpiName: work
        vpiFullName: AnonymousUnion.work
      vpiCell: AnonymousUnion
      vpiPort (1 items):
        Port name:o start:1:34 end:1:35:
          vpiParent: Module name:AnonymousUnion
          vpiName: o
          vpiDirection: output (2)
          vpiLowConn RefObj name:o start:1:34 end:1:35:
            vpiParent: Port name:o
            vpiName: o
            vpiFullName: AnonymousUnion.o.o
            vpiActual: Variable name:o
          vpiTypespec RefTypespec start:1:30 end:1:33:
            vpiParent: Port name:o
            vpiFullName: AnonymousUnion.o
            vpiActual: IntTypespec
      vpiProcess (1 items):
        Initial start:7:4 end:10:7:
          vpiParent: Module name:AnonymousUnion
          vpiStmt Begin start:7:12 end:10:7:
            vpiParent: Initial
            vpiFullName: AnonymousUnion
            vpiStmt (2 items):
              Assignment start:8:7 end:8:16:
                vpiParent: Begin
                vpiBlocking: true
                vpiLhs RefObj name:un.v1 start:8:7 end:8:12:
                  vpiParent: Assignment
                  vpiName: un.v1
                  vpiFullName: AnonymousUnion.un.v1
                  vpiPathElem (2 items):
                    RefObj name:un start:8:7 end:8:9:
                      vpiParent: RefObj name:un.v1
                      vpiName: un
                      vpiFullName: AnonymousUnion.un
                      vpiActual: Variable name:un
                    RefObj name:v1 start:8:10 end:8:12:
                      vpiParent: RefObj name:un.v1
                      vpiName: v1
                      vpiFullName: AnonymousUnion.v1
                      vpiActual: TypespecMember name:v1
                vpiRhs Constant start:8:15 end:8:16:
                  vpiParent: Assignment
                  vpiTypespec RefTypespec:
                    vpiParent: Constant
                    vpiFullName: AnonymousUnion
                    vpiActual: IntTypespec
                  vpiConstType: unsigned int (9)
                  vpiSize: 64
                  vpiDecompile: "1"
                  vpiValue: 1
              Assignment start:9:7 end:9:16:
                vpiParent: Begin
                vpiBlocking: true
                vpiLhs RefObj name:o start:9:7 end:9:8:
                  vpiParent: Assignment
                  vpiName: o
                  vpiFullName: AnonymousUnion.o
                  vpiActual: Variable name:o
                vpiRhs RefObj name:un.v2 start:9:11 end:9:16:
                  vpiParent: Assignment
                  vpiName: un.v2
                  vpiFullName: AnonymousUnion.un.v2
                  vpiPathElem (2 items):
                    RefObj name:un start:9:11 end:9:13:
                      vpiParent: RefObj name:un.v2
                      vpiName: un
                      vpiFullName: AnonymousUnion.un
                      vpiActual: Variable name:un
                    RefObj name:v2 start:9:14 end:9:16:
                      vpiParent: RefObj name:un.v2
                      vpiName: v2
                      vpiFullName: AnonymousUnion.v2
                      vpiActual: TypespecMember name:v2
    Module name:AssignToUnionAndReadField file:$Source01/dut.sv start:13:1 end:22:10:
      vpiParent: Design name:unnamed
      vpiName Identifier name:AssignToUnionAndReadField start:13:8 end:13:33:
      vpiFullName: AssignToUnionAndReadField
      vpiUnion (1 items):
        Union start:14:4 end:16:5:
          vpiParent: Module name:AssignToUnionAndReadField
          vpiPacked: true
          vpiTypespecMember (1 items):
            TypespecMember name:field start:15:17 end:15:22:
              vpiParent: Union
              vpiName: field
              vpiTypespec RefTypespec start:15:7 end:15:16:
                vpiParent: TypespecMember name:field
                vpiFullName: AssignToUnionAndReadField.field
                vpiActual: BitTypespec
      vpiVariable (2 items):
        Variable name:o start:13:53 end:13:54:
          vpiParent: Module name:AssignToUnionAndReadField
          vpiTypespec RefTypespec start:13:41 end:13:52:
            vpiParent: Variable name:o
            vpiFullName: AssignToUnionAndReadField.o
            vpiActual: LogicTypespec
          vpiName: o
          vpiFullName: AssignToUnionAndReadField.o
          vpiVector: true
        Variable name:un start:16:6 end:16:8:
          vpiParent: Module name:AssignToUnionAndReadField
          vpiTypespec RefTypespec start:14:4 end:16:5:
            vpiParent: Variable name:un
            vpiFullName: AssignToUnionAndReadField.un
            vpiActual: UnionTypespec
          vpiName: un
          vpiFullName: AssignToUnionAndReadField.un
      vpiTypespec (3 items):
        LogicTypespec:
          vpiParent: Module name:AssignToUnionAndReadField
          vpiRange (1 items):
            Range start:13:47 end:13:52:
              vpiParent: LogicTypespec
              vpiLeftRange Constant start:13:48 end:13:49:
                vpiParent: Range
                vpiTypespec RefTypespec:
                  vpiParent: Constant
                  vpiFullName: AssignToUnionAndReadField
                  vpiActual: IntTypespec
                vpiConstType: unsigned int (9)
                vpiSize: 64
                vpiDecompile: "3"
                vpiValue: 3
              vpiRightRange Constant start:13:50 end:13:51:
                vpiParent: Range
                vpiTypespec RefTypespec:
                  vpiParent: Constant
                  vpiFullName: AssignToUnionAndReadField
                  vpiActual: IntTypespec
                vpiConstType: unsigned int (9)
                vpiSize: 64
                vpiDecompile: "0"
                vpiValue: 0
          vpiVector: true
        BitTypespec:
          vpiParent: Module name:AssignToUnionAndReadField
          vpiRange (1 items):
            Range start:15:11 end:15:16:
              vpiParent: BitTypespec
              vpiLeftRange Constant start:15:12 end:15:13:
                vpiParent: Range
                vpiTypespec RefTypespec:
                  vpiParent: Constant
                  vpiFullName: AssignToUnionAndReadField
                  vpiActual: IntTypespec
                vpiConstType: unsigned int (9)
                vpiSize: 64
                vpiDecompile: "3"
                vpiValue: 3
              vpiRightRange Constant start:15:14 end:15:15:
                vpiParent: Range
                vpiTypespec RefTypespec:
                  vpiParent: Constant
                  vpiFullName: AssignToUnionAndReadField
                  vpiActual: IntTypespec
                vpiConstType: unsigned int (9)
                vpiSize: 64
                vpiDecompile: "0"
                vpiValue: 0
          vpiVector: true
        UnionTypespec start:14:4 end:16:5:
          vpiParent: Module name:AssignToUnionAndReadField
          vpiUnion: Union
      vpiDefName: AssignToUnionAndReadField
      vpiDefNetType: wire (1)
      vpiLibrary RefObj name:work start:13:8 end:13:33:
        vpiParent: Module name:AssignToUnionAndReadField
        vpiName: work
        vpiFullName: AssignToUnionAndReadField.work
      vpiCell: AssignToUnionAndReadField
      vpiPort (1 items):
        Port name:o start:13:53 end:13:54:
          vpiParent: Module name:AssignToUnionAndReadField
          vpiName: o
          vpiDirection: output (2)
          vpiLowConn RefObj name:o start:13:53 end:13:54:
            vpiParent: Port name:o
            vpiName: o
            vpiFullName: AssignToUnionAndReadField.o.o
            vpiActual: Variable name:o
          vpiTypespec RefTypespec start:13:41 end:13:52:
            vpiParent: Port name:o
            vpiFullName: AssignToUnionAndReadField.o
            vpiActual: LogicTypespec
      vpiProcess (1 items):
        Initial start:18:4 end:21:7:
          vpiParent: Module name:AssignToUnionAndReadField
          vpiStmt Begin start:18:12 end:21:7:
            vpiParent: Initial
            vpiFullName: AssignToUnionAndReadField
            vpiStmt (2 items):
              Assignment start:19:7 end:19:16:
                vpiParent: Begin
                vpiBlocking: true
                vpiLhs RefObj name:un start:19:7 end:19:9:
                  vpiParent: Assignment
                  vpiName: un
                  vpiFullName: AssignToUnionAndReadField.un
                  vpiActual: Variable name:un
                vpiRhs Constant start:19:12 end:19:16:
                  vpiParent: Assignment
                  vpiTypespec RefTypespec:
                    vpiParent: Constant
                    vpiFullName: AssignToUnionAndReadField
                    vpiActual: IntTypespec
                  vpiConstType: hexadecimal (5)
                  vpiSize: 4
                  vpiDecompile: "4'hA"
                  vpiValue: A
              Assignment start:20:7 end:20:19:
                vpiParent: Begin
                vpiBlocking: true
                vpiLhs RefObj name:o start:20:7 end:20:8:
                  vpiParent: Assignment
                  vpiName: o
                  vpiFullName: AssignToUnionAndReadField.o
                  vpiActual: Variable name:o
                vpiRhs RefObj name:un.field start:20:11 end:20:19:
                  vpiParent: Assignment
                  vpiName: un.field
                  vpiFullName: AssignToUnionAndReadField.un.field
                  vpiPathElem (2 items):
                    RefObj name:un start:20:11 end:20:13:
                      vpiParent: RefObj name:un.field
                      vpiName: un
                      vpiFullName: AssignToUnionAndReadField.un
                      vpiActual: Variable name:un
                    RefObj name:field start:20:14 end:20:19:
                      vpiParent: RefObj name:un.field
                      vpiName: field
                      vpiFullName: AssignToUnionAndReadField.field
                      vpiActual: TypespecMember name:field
  vpiTypespec (9 items):
    ModuleTypespec name:AnonymousUnion:
      vpiParent: Design name:unnamed
      vpiName Identifier name:AnonymousUnion start:1:8 end:1:22:
      vpiDefName: AnonymousUnion
      vpiModule: Module name:AnonymousUnion
    IntTypespec:
      vpiParent: Design name:unnamed
      vpiSigned: true
    ModuleTypespec name:AssignToUnionAndReadField:
      vpiParent: Design name:unnamed
      vpiName Identifier name:AssignToUnionAndReadField start:13:8 end:13:33:
      vpiDefName: AssignToUnionAndReadField
      vpiModule: Module name:AssignToUnionAndReadField
    IntTypespec:
      vpiParent: Design name:unnamed
    VoidTypespec:
      vpiParent: Design name:unnamed
    StringTypespec:
      vpiParent: Design name:unnamed
    RealTypespec:
      vpiParent: Design name:unnamed
    ShortRealTypespec:
      vpiParent: Design name:unnamed
    TimeTypespec:
      vpiParent: Design name:unnamed
  vpiLibrary (1 items):
    Library name:work:
      vpiParent: Design name:unnamed
      vpiName: work
===================
[  FATAL] : 0
[ SYNTAX] : 0
[  ERROR] : 0
[WARNING] : 2
[   NOTE] : 0
********************************************************************************
*                    End HLC SystemVerilog Compiler/Linter                     *
********************************************************************************

#**#**#**#**#**#**#**#**#**#**#**#**#**#**#**#**#**#**#**#**#**#**#**#**#**#**#**#**#**#**#**#**#**#**#**#**#**#**#**#**

Environment:
      test-name: StructNetUnionTypespec/StructNetUnionTypespec
   test-dirpath: ${HLC_DIR}/regression/StructNetUnionTypespec/StructNetUnionTypespec
  hldb-filepath: ${HLC_DIR}/regression/StructNetUnionTypespec/StructNetUnionTypespec/design.hldb
mounts-filepath: ${HLC_DIR}/regression/StructNetUnionTypespec/StructNetUnionTypespec/mounts.json


{'result': {'coverage': 100.0,
            'error_count': 0,
            'file_count': 1,
            'files': {'$Output/lib/work/dut.sv': {'post_len': 0,
                                                  'pre_len': 252}},
            'post_len': 0,
            'pre_len': 252,
            'test_name': 'StructNetUnionTypespec/StructNetUnionTypespec'}}

+-------------------------+----------+-----------+
| INPUT                   |   PRELEN |   POSTLEN |
+=========================+==========+===========+
| $Output/lib/work/dut.sv |      252 |         0 |
+=========================+==========+===========+
|                         |      252 |         0 |
+-------------------------+----------+-----------+

[   ERROR] : 0
[COVERAGE] : 100.0


#**#**#**#**#**#**#**#**#**#**#**#**#**#**#**#**#**#**#**#**#**#**#**#**#**#**#**#**#**#**#**#**#**#**#**#**#**#**#**#**

COMMAND: ${HLC_DIR}/regression/StructNetUnionTypespec/StructNetUnionTypespec/design.hldb ${HLC_DIR}/regression/StructNetUnionTypespec/StructNetUnionTypespec/reduced.hldb

==================== BEGIN REDUCTION RESULT ====================
Name                            Before   After   Added   Removed
----------------------------------------------------------------
----------------------------------------------------------------
Others                            1177    1177       0         0
----------------------------------------------------------------
                                  1177    1177       0         0
===================== END REDUCTION RESULT =====================
