********************************************************************************
*                   Begin HLC SystemVerilog Compiler/Linter                    *
********************************************************************************
Copyright (c) 2020 Apotell,
http://www.apache.org/licenses/LICENSE-2.0
VERSION: 1.84
COMMAND: -wd ../../../../../tests/Google/chapter-7/queues -timescale=1ns/1ns -d ast -d db pop_front_assign.sv -wd ${HLC_DIR}/third_party/UVM -I1800.2-2017-1.0/src -mt 0 -d dbstats -d cache -writepp -d db -nostdout -o ${HLC_DIR}/regression/Google/chapter-7/queues/pop_front_assign
[INF:CM5022] Creating log file "$Output/hlc.log".
[INF:PP5223] Preprocessing source file "$Source01/pop_front_assign.sv".
[INF:PP5223] Preprocessing source file "$Scratch/0_builtin.sv".
[INF:PA5502] Parsing source file "$Source01/pop_front_assign.sv".
[INF:PA5502] Parsing source file "$Scratch/0_builtin.sv".
AST_DEBUG_BEGIN
Count: 216
LIB: work
FILE<0>:$Source01/pop_front_assign.sv
n<$Source01/pop_front_assign.sv> u<215> t<Top_level_rule> c<1> l<16:1> el<33:1>
  n<> u<1> t<Null_rule> p<215> s<2> l<16:1> el<16:1>
  n<// Copyright (C) 2019-2021  The SymbiFlow Authors.> u<2> t<LINE_COMMENT> p<215> s<3> l<1:1> el<1:51>
  n<//> u<3> t<LINE_COMMENT> p<215> s<4> l<2:1> el<2:3>
  n<// Use of this source code is governed by a ISC-style> u<4> t<LINE_COMMENT> p<215> s<5> l<3:1> el<3:54>
  n<// license that can be found in the LICENSE file or at> u<5> t<LINE_COMMENT> p<215> s<6> l<4:1> el<4:55>
  n<// https://opensource.org/licenses/ISC> u<6> t<LINE_COMMENT> p<215> s<7> l<5:1> el<5:39>
  n<//> u<7> t<LINE_COMMENT> p<215> s<8> l<6:1> el<6:3>
  n<// SPDX-License-Identifier: ISC> u<8> t<LINE_COMMENT> p<215> s<9> l<7:1> el<7:32>
  n</*\n:name: pop_front-assign\n:description: Update queue by assignment (pop_front)\n:tags: 7.10.4\n:type: simulation parsing\n*/> u<9> t<BLOCK_COMMENT> p<215> s<214> l<16:1> el<32:10>
  n<> u<214> t<Source_text> p<215> c<213> l<16:1> el<32:10>
    n<> u<213> t<Description> p<214> c<212> l<16:1> el<32:10>
      n<> u<212> t<Module_declaration> p<213> c<14> l<16:1> el<32:10>
        n<> u<14> t<Module_nonansi_header> p<212> c<10> s<30> l<16:1> el<16:15>
          n<module> u<10> t<MODULE> p<14> s<11> l<16:1> el<16:7>
          n<top> u<11> t<SIMPLE_IDENTIFIER> p<14> s<12> l<16:8> el<16:11>
          n<> u<12> t<Package_import_declaration_list> p<14> s<13> l<16:12> el<16:12>
          n<> u<13> t<Port_list> p<14> l<16:12> el<16:14>
        n<> u<30> t<Module_item> p<212> c<29> s<43> l<18:1> el<18:10>
          n<> u<29> t<Non_port_module_item> p<30> c<28> l<18:1> el<18:10>
            n<> u<28> t<Module_or_generate_item> p<29> c<27> l<18:1> el<18:10>
              n<> u<27> t<Module_common_item> p<28> c<26> l<18:1> el<18:10>
                n<> u<26> t<Module_or_generate_item_declaration> p<27> c<25> l<18:1> el<18:10>
                  n<> u<25> t<Package_or_generate_item_declaration> p<26> c<24> l<18:1> el<18:10>
                    n<> u<24> t<Data_declaration> p<25> c<23> l<18:1> el<18:10>
                      n<> u<23> t<Variable_declaration> p<24> c<16> l<18:1> el<18:10>
                        n<> u<16> t<Data_type> p<23> c<15> s<22> l<18:1> el<18:4>
                          n<> u<15> t<INT> p<16> l<18:1> el<18:4>
                        n<> u<22> t<Variable_decl_assignment_list> p<23> c<21> l<18:5> el<18:9>
                          n<> u<21> t<Variable_decl_assignment> p<22> c<17> l<18:5> el<18:9>
                            n<q> u<17> t<SIMPLE_IDENTIFIER> p<21> s<20> l<18:5> el<18:6>
                            n<> u<20> t<Variable_dimension> p<21> c<19> l<18:6> el<18:9>
                              n<> u<19> t<Queue_dimension> p<20> c<18> l<18:6> el<18:9>
                                n<> u<18> t<DOLLAR> p<19> l<18:7> el<18:8>
        n<> u<43> t<Module_item> p<212> c<42> s<210> l<19:1> el<19:7>
          n<> u<42> t<Non_port_module_item> p<43> c<41> l<19:1> el<19:7>
            n<> u<41> t<Module_or_generate_item> p<42> c<40> l<19:1> el<19:7>
              n<> u<40> t<Module_common_item> p<41> c<39> l<19:1> el<19:7>
                n<> u<39> t<Module_or_generate_item_declaration> p<40> c<38> l<19:1> el<19:7>
                  n<> u<38> t<Package_or_generate_item_declaration> p<39> c<37> l<19:1> el<19:7>
                    n<> u<37> t<Data_declaration> p<38> c<36> l<19:1> el<19:7>
                      n<> u<36> t<Variable_declaration> p<37> c<32> l<19:1> el<19:7>
                        n<> u<32> t<Data_type> p<36> c<31> s<35> l<19:1> el<19:4>
                          n<> u<31> t<INT> p<32> l<19:1> el<19:4>
                        n<> u<35> t<Variable_decl_assignment_list> p<36> c<34> l<19:5> el<19:6>
                          n<> u<34> t<Variable_decl_assignment> p<35> c<33> l<19:5> el<19:6>
                            n<r> u<33> t<SIMPLE_IDENTIFIER> p<34> l<19:5> el<19:6>
        n<> u<210> t<Module_item> p<212> c<209> s<211> l<21:1> el<30:4>
          n<> u<209> t<Non_port_module_item> p<210> c<208> l<21:1> el<30:4>
            n<> u<208> t<Module_or_generate_item> p<209> c<207> l<21:1> el<30:4>
              n<> u<207> t<Module_common_item> p<208> c<206> l<21:1> el<30:4>
                n<> u<206> t<Initial_construct> p<207> c<205> l<21:1> el<30:4>
                  n<> u<205> t<Statement_or_null> p<206> c<204> l<21:9> el<30:4>
                    n<> u<204> t<Statement> p<205> c<203> l<21:9> el<30:4>
                      n<> u<203> t<Statement_item> p<204> c<202> l<21:9> el<30:4>
                        n<> u<202> t<Seq_block> p<203> c<58> l<21:9> el<30:4>
                          n<> u<58> t<Statement_or_null> p<202> c<57> s<73> l<22:2> el<22:17>
                            n<> u<57> t<Statement> p<58> c<56> l<22:2> el<22:17>
                              n<> u<56> t<Statement_item> p<57> c<55> l<22:2> el<22:17>
                                n<> u<55> t<Subroutine_call_statement> p<56> c<54> l<22:2> el<22:17>
                                  n<> u<54> t<Subroutine_call> p<55> c<44> l<22:2> el<22:16>
                                    n<q> u<44> t<SIMPLE_IDENTIFIER> p<54> s<45> l<22:2> el<22:3>
                                    n<> u<45> t<Constant_bit_select> p<54> s<46> l<22:3> el<22:3>
                                    n<push_back> u<46> t<SIMPLE_IDENTIFIER> p<54> s<52> l<22:4> el<22:13>
                                    n<> u<52> t<OPEN_PARENS> p<54> s<51> l<22:13> el<22:14>
                                    n<> u<51> t<Argument_list> p<54> c<50> s<53> l<22:14> el<22:15>
                                      n<> u<50> t<Expression> p<51> c<49> l<22:14> el<22:15>
                                        n<> u<49> t<Primary> p<50> c<48> l<22:14> el<22:15>
                                          n<> u<48> t<Primary_literal> p<49> c<47> l<22:14> el<22:15>
                                            n<2> u<47> t<INTEGRAL_NUMBER> p<48> l<22:14> el<22:15>
                                    n<> u<53> t<CLOSE_PARENS> p<54> l<22:15> el<22:16>
                          n<> u<73> t<Statement_or_null> p<202> c<72> s<88> l<23:2> el<23:17>
                            n<> u<72> t<Statement> p<73> c<71> l<23:2> el<23:17>
                              n<> u<71> t<Statement_item> p<72> c<70> l<23:2> el<23:17>
                                n<> u<70> t<Subroutine_call_statement> p<71> c<69> l<23:2> el<23:17>
                                  n<> u<69> t<Subroutine_call> p<70> c<59> l<23:2> el<23:16>
                                    n<q> u<59> t<SIMPLE_IDENTIFIER> p<69> s<60> l<23:2> el<23:3>
                                    n<> u<60> t<Constant_bit_select> p<69> s<61> l<23:3> el<23:3>
                                    n<push_back> u<61> t<SIMPLE_IDENTIFIER> p<69> s<67> l<23:4> el<23:13>
                                    n<> u<67> t<OPEN_PARENS> p<69> s<66> l<23:13> el<23:14>
                                    n<> u<66> t<Argument_list> p<69> c<65> s<68> l<23:14> el<23:15>
                                      n<> u<65> t<Expression> p<66> c<64> l<23:14> el<23:15>
                                        n<> u<64> t<Primary> p<65> c<63> l<23:14> el<23:15>
                                          n<> u<63> t<Primary_literal> p<64> c<62> l<23:14> el<23:15>
                                            n<3> u<62> t<INTEGRAL_NUMBER> p<63> l<23:14> el<23:15>
                                    n<> u<68> t<CLOSE_PARENS> p<69> l<23:15> el<23:16>
                          n<> u<88> t<Statement_or_null> p<202> c<87> s<108> l<24:2> el<24:17>
                            n<> u<87> t<Statement> p<88> c<86> l<24:2> el<24:17>
                              n<> u<86> t<Statement_item> p<87> c<85> l<24:2> el<24:17>
                                n<> u<85> t<Subroutine_call_statement> p<86> c<84> l<24:2> el<24:17>
                                  n<> u<84> t<Subroutine_call> p<85> c<74> l<24:2> el<24:16>
                                    n<q> u<74> t<SIMPLE_IDENTIFIER> p<84> s<75> l<24:2> el<24:3>
                                    n<> u<75> t<Constant_bit_select> p<84> s<76> l<24:3> el<24:3>
                                    n<push_back> u<76> t<SIMPLE_IDENTIFIER> p<84> s<82> l<24:4> el<24:13>
                                    n<> u<82> t<OPEN_PARENS> p<84> s<81> l<24:13> el<24:14>
                                    n<> u<81> t<Argument_list> p<84> c<80> s<83> l<24:14> el<24:15>
                                      n<> u<80> t<Expression> p<81> c<79> l<24:14> el<24:15>
                                        n<> u<79> t<Primary> p<80> c<78> l<24:14> el<24:15>
                                          n<> u<78> t<Primary_literal> p<79> c<77> l<24:14> el<24:15>
                                            n<4> u<77> t<INTEGRAL_NUMBER> p<78> l<24:14> el<24:15>
                                    n<> u<83> t<CLOSE_PARENS> p<84> l<24:15> el<24:16>
                          n<> u<108> t<Statement_or_null> p<202> c<107> s<133> l<25:2> el<25:11>
                            n<> u<107> t<Statement> p<108> c<106> l<25:2> el<25:11>
                              n<> u<106> t<Statement_item> p<107> c<105> l<25:2> el<25:11>
                                n<> u<105> t<Blocking_assignment> p<106> c<104> l<25:2> el<25:10>
                                  n<> u<104> t<Variable_assignment> p<105> c<93> l<25:2> el<25:10>
                                    n<> u<93> t<Variable_lvalue> p<104> c<90> s<103> l<25:2> el<25:3>
                                      n<> u<90> t<Ps_or_hierarchical_identifier> p<93> c<89> s<92> l<25:2> el<25:3>
                                        n<r> u<89> t<SIMPLE_IDENTIFIER> p<90> l<25:2> el<25:3>
                                      n<> u<92> t<Select> p<93> c<91> l<25:4> el<25:4>
                                        n<> u<91> t<Bit_select> p<92> l<25:4> el<25:4>
                                    n<> u<103> t<Expression> p<104> c<102> l<25:6> el<25:10>
                                      n<> u<102> t<Primary> p<103> c<101> l<25:6> el<25:10>
                                        n<> u<101> t<Subroutine_call> p<102> c<94> l<25:6> el<25:10>
                                          n<q> u<94> t<SIMPLE_IDENTIFIER> p<101> s<100> l<25:6> el<25:7>
                                          n<> u<100> t<Select> p<101> c<99> l<25:7> el<25:10>
                                            n<> u<99> t<Bit_select> p<100> c<98> l<25:7> el<25:10>
                                              n<> u<98> t<Expression> p<99> c<97> l<25:8> el<25:9>
                                                n<> u<97> t<Primary> p<98> c<96> l<25:8> el<25:9>
                                                  n<> u<96> t<Primary_literal> p<97> c<95> l<25:8> el<25:9>
                                                    n<0> u<95> t<INTEGRAL_NUMBER> p<96> l<25:8> el<25:9>
                          n<> u<133> t<Statement_or_null> p<202> c<132> s<156> l<26:2> el<26:13>
                            n<> u<132> t<Statement> p<133> c<131> l<26:2> el<26:13>
                              n<> u<131> t<Statement_item> p<132> c<130> l<26:2> el<26:13>
                                n<> u<130> t<Blocking_assignment> p<131> c<129> l<26:2> el<26:12>
                                  n<> u<129> t<Variable_assignment> p<130> c<113> l<26:2> el<26:12>
                                    n<> u<113> t<Variable_lvalue> p<129> c<110> s<128> l<26:2> el<26:3>
                                      n<> u<110> t<Ps_or_hierarchical_identifier> p<113> c<109> s<112> l<26:2> el<26:3>
                                        n<q> u<109> t<SIMPLE_IDENTIFIER> p<110> l<26:2> el<26:3>
                                      n<> u<112> t<Select> p<113> c<111> l<26:4> el<26:4>
                                        n<> u<111> t<Bit_select> p<112> l<26:4> el<26:4>
                                    n<> u<128> t<Expression> p<129> c<127> l<26:6> el<26:12>
                                      n<> u<127> t<Primary> p<128> c<126> l<26:6> el<26:12>
                                        n<> u<126> t<Subroutine_call> p<127> c<114> l<26:6> el<26:12>
                                          n<q> u<114> t<SIMPLE_IDENTIFIER> p<126> s<125> l<26:6> el<26:7>
                                          n<> u<125> t<Select> p<126> c<115> l<26:7> el<26:12>
                                            n<> u<115> t<Bit_select> p<125> s<124> l<26:7> el<26:7>
                                            n<> u<124> t<Part_select_range> p<125> c<123> l<26:8> el<26:11>
                                              n<> u<123> t<Constant_range> p<124> c<119> l<26:8> el<26:11>
                                                n<> u<119> t<Constant_expression> p<123> c<118> s<122> l<26:8> el<26:9>
                                                  n<> u<118> t<Constant_primary> p<119> c<117> l<26:8> el<26:9>
                                                    n<> u<117> t<Primary_literal> p<118> c<116> l<26:8> el<26:9>
                                                      n<1> u<116> t<INTEGRAL_NUMBER> p<117> l<26:8> el<26:9>
                                                n<> u<122> t<Constant_expression> p<123> c<121> l<26:10> el<26:11>
                                                  n<> u<121> t<Constant_primary> p<122> c<120> l<26:10> el<26:11>
                                                    n<$> u<120> t<DOLLAR> p<121> l<26:10> el<26:11>
                          n<> u<156> t<Statement_or_null> p<202> c<155> s<175> l<27:2> el<27:41>
                            n<> u<155> t<Statement> p<156> c<154> l<27:2> el<27:41>
                              n<> u<154> t<Statement_item> p<155> c<153> l<27:2> el<27:41>
                                n<> u<153> t<Subroutine_call_statement> p<154> c<152> l<27:2> el<27:41>
                                  n<> u<152> t<Subroutine_call> p<153> c<134> l<27:2> el<27:40>
                                    n<$> u<134> t<DOLLAR> p<152> s<135> l<27:2> el<27:3>
                                    n<display> u<135> t<SIMPLE_IDENTIFIER> p<152> s<150> l<27:3> el<27:10>
                                    n<> u<150> t<OPEN_PARENS> p<152> s<149> l<27:10> el<27:11>
                                    n<> u<149> t<Argument_list> p<152> c<139> s<151> l<27:11> el<27:39>
                                      n<> u<139> t<Expression> p<149> c<138> s<148> l<27:11> el<27:31>
                                        n<> u<138> t<Primary> p<139> c<137> l<27:11> el<27:31>
                                          n<> u<137> t<Primary_literal> p<138> c<136> l<27:11> el<27:31>
                                            n<":assert: (%d == 2)"> u<136> t<QUOTED_STRING> p<137> l<27:11> el<27:31>
                                      n<> u<148> t<Argument> p<149> c<147> l<27:33> el<27:39>
                                        n<> u<147> t<Expression> p<148> c<146> l<27:33> el<27:39>
                                          n<> u<146> t<Primary> p<147> c<145> l<27:33> el<27:39>
                                            n<> u<145> t<Subroutine_call> p<146> c<140> l<27:33> el<27:39>
                                              n<q> u<140> t<SIMPLE_IDENTIFIER> p<145> s<141> l<27:33> el<27:34>
                                              n<> u<141> t<Constant_bit_select> p<145> s<142> l<27:34> el<27:34>
                                              n<size> u<142> t<SIMPLE_IDENTIFIER> p<145> s<144> l<27:35> el<27:39>
                                              n<> u<144> t<Select> p<145> c<143> l<27:39> el<27:39>
                                                n<> u<143> t<Bit_select> p<144> l<27:39> el<27:39>
                                    n<> u<151> t<CLOSE_PARENS> p<152> l<27:39> el<27:40>
                          n<> u<175> t<Statement_or_null> p<202> c<174> s<200> l<28:2> el<28:36>
                            n<> u<174> t<Statement> p<175> c<173> l<28:2> el<28:36>
                              n<> u<173> t<Statement_item> p<174> c<172> l<28:2> el<28:36>
                                n<> u<172> t<Subroutine_call_statement> p<173> c<171> l<28:2> el<28:36>
                                  n<> u<171> t<Subroutine_call> p<172> c<157> l<28:2> el<28:35>
                                    n<$> u<157> t<DOLLAR> p<171> s<158> l<28:2> el<28:3>
                                    n<display> u<158> t<SIMPLE_IDENTIFIER> p<171> s<169> l<28:3> el<28:10>
                                    n<> u<169> t<OPEN_PARENS> p<171> s<168> l<28:10> el<28:11>
                                    n<> u<168> t<Argument_list> p<171> c<162> s<170> l<28:11> el<28:34>
                                      n<> u<162> t<Expression> p<168> c<161> s<167> l<28:11> el<28:31>
                                        n<> u<161> t<Primary> p<162> c<160> l<28:11> el<28:31>
                                          n<> u<160> t<Primary_literal> p<161> c<159> l<28:11> el<28:31>
                                            n<":assert: (%d == 2)"> u<159> t<QUOTED_STRING> p<160> l<28:11> el<28:31>
                                      n<> u<167> t<Argument> p<168> c<166> l<28:33> el<28:34>
                                        n<> u<166> t<Expression> p<167> c<165> l<28:33> el<28:34>
                                          n<> u<165> t<Primary> p<166> c<164> l<28:33> el<28:34>
                                            n<> u<164> t<Primary_literal> p<165> c<163> l<28:33> el<28:34>
                                              n<r> u<163> t<SIMPLE_IDENTIFIER> p<164> l<28:33> el<28:34>
                                    n<> u<170> t<CLOSE_PARENS> p<171> l<28:34> el<28:35>
                          n<> u<200> t<Statement_or_null> p<202> c<199> s<201> l<29:2> el<29:39>
                            n<> u<199> t<Statement> p<200> c<198> l<29:2> el<29:39>
                              n<> u<198> t<Statement_item> p<199> c<197> l<29:2> el<29:39>
                                n<> u<197> t<Subroutine_call_statement> p<198> c<196> l<29:2> el<29:39>
                                  n<> u<196> t<Subroutine_call> p<197> c<176> l<29:2> el<29:38>
                                    n<$> u<176> t<DOLLAR> p<196> s<177> l<29:2> el<29:3>
                                    n<display> u<177> t<SIMPLE_IDENTIFIER> p<196> s<194> l<29:3> el<29:10>
                                    n<> u<194> t<OPEN_PARENS> p<196> s<193> l<29:10> el<29:11>
                                    n<> u<193> t<Argument_list> p<196> c<181> s<195> l<29:11> el<29:37>
                                      n<> u<181> t<Expression> p<193> c<180> s<192> l<29:11> el<29:31>
                                        n<> u<180> t<Primary> p<181> c<179> l<29:11> el<29:31>
                                          n<> u<179> t<Primary_literal> p<180> c<178> l<29:11> el<29:31>
                                            n<":assert: (%d == 3)"> u<178> t<QUOTED_STRING> p<179> l<29:11> el<29:31>
                                      n<> u<192> t<Argument> p<193> c<191> l<29:33> el<29:37>
                                        n<> u<191> t<Expression> p<192> c<190> l<29:33> el<29:37>
                                          n<> u<190> t<Primary> p<191> c<189> l<29:33> el<29:37>
                                            n<> u<189> t<Subroutine_call> p<190> c<182> l<29:33> el<29:37>
                                              n<q> u<182> t<SIMPLE_IDENTIFIER> p<189> s<188> l<29:33> el<29:34>
                                              n<> u<188> t<Select> p<189> c<187> l<29:34> el<29:37>
                                                n<> u<187> t<Bit_select> p<188> c<186> l<29:34> el<29:37>
                                                  n<> u<186> t<Expression> p<187> c<185> l<29:35> el<29:36>
                                                    n<> u<185> t<Primary> p<186> c<184> l<29:35> el<29:36>
                                                      n<> u<184> t<Primary_literal> p<185> c<183> l<29:35> el<29:36>
                                                        n<0> u<183> t<INTEGRAL_NUMBER> p<184> l<29:35> el<29:36>
                                    n<> u<195> t<CLOSE_PARENS> p<196> l<29:37> el<29:38>
                          n<> u<201> t<END> p<202> l<30:1> el<30:4>
        n<> u<211> t<ENDMODULE> p<212> l<32:1> el<32:10>
AST_DEBUG_END
[INF:CP5804] $Source01/pop_front_assign.sv:16:1: Compile module "top".
[INF:CM5028] Using global timescale: "1ns/1ns".
====== HLDB =======
Design name:unnamed:
  vpiName: unnamed
  vpiSourceFile (1 items):
    SourceFile name:pop_front_assign.sv file:$Source01/pop_front_assign.sv:
      vpiParent: Design name:unnamed
      vpiName: pop_front_assign.sv
      vpiPreprocFile: "$Output/lib/work/pop_front_assign.sv"
  vpiAllModules (1 items):
    Module name:top file:$Source01/pop_front_assign.sv start:16:1 end:32:10:
      vpiParent: Design name:unnamed
      vpiName Identifier name:top start:16:8 end:16:11:
      vpiFullName: top
      vpiVariable (2 items):
        Variable name:q start:18:5 end:18:6:
          vpiParent: Module name:top
          vpiTypespec RefTypespec name:int [$] start:18:1 end:18:4:
            vpiParent: Variable name:q
            vpiName: int [$]
            vpiFullName: top.q.int [$]
            vpiActual: ArrayTypespec
          vpiName: q
          vpiFullName: top.q
        Variable name:r start:19:5 end:19:6:
          vpiParent: Module name:top
          vpiTypespec RefTypespec start:19:1 end:19:4:
            vpiParent: Variable name:r
            vpiFullName: top.r
            vpiActual: IntTypespec
          vpiName: r
          vpiFullName: top.r
      vpiTypespec (1 items):
        ArrayTypespec:
          vpiParent: Module name:top
          vpiArrayType: queue (4)
          vpiRange Range start:18:6 end:18:9:
            vpiParent: ArrayTypespec
            vpiLeftRange Constant start:18:7 end:18:8:
              vpiParent: Range
              vpiTypespec RefTypespec:
                vpiParent: Constant
                vpiFullName: top
                vpiActual: StringTypespec
              vpiConstType: unbounded (11)
              vpiDecompile: "$"
              vpiValue: "$"
          vpiElemTypespec RefTypespec start:18:1 end:18:4:
            vpiParent: ArrayTypespec
            vpiFullName: top
            vpiActual: IntTypespec
      vpiDefName: top
      vpiDefNetType: wire (1)
      vpiLibrary RefObj name:work start:16:8 end:16:11:
        vpiParent: Module name:top
        vpiName: work
        vpiFullName: top.work
        vpiActual: Library name:work
      vpiCell: top
      vpiProcess (1 items):
        Initial start:21:1 end:30:4:
          vpiParent: Module name:top
          vpiStmt Begin start:21:9 end:30:4:
            vpiParent: Initial
            vpiFullName: top
            vpiStmt (8 items):
              RefObj name:q.push_back(2) start:22:2 end:22:16:
                vpiParent: Begin
                vpiName: q.push_back(2)
                vpiFullName: top.q.push_back(2)
                vpiPathElem (2 items):
                  RefObj name:q start:22:2 end:22:3:
                    vpiParent: RefObj name:q.push_back(2)
                    vpiName: q
                    vpiFullName: top.q
                    vpiActual: Variable name:q
                  MethodFuncCall name:push_back start:22:4 end:22:16:
                    vpiParent: RefObj name:q.push_back(2)
                    vpiName Identifier name:push_back start:22:4 end:22:13:
                    vpiTaskFunc: Function name:push_back
                    vpiArgument (1 items):
                      NamedArgument start:22:14 end:22:15:
                        vpiParent: MethodFuncCall name:push_back
                        vpiHighConn Constant start:22:14 end:22:15:
                          vpiParent: NamedArgument
                          vpiTypespec RefTypespec:
                            vpiParent: Constant
                            vpiFullName: top.q.push_back(2)
                            vpiActual: IntTypespec
                          vpiConstType: unsigned int (9)
                          vpiSize: 64
                          vpiDecompile: "2"
                          vpiValue: 2
                vpiActual: MethodFuncCall name:push_back
              RefObj name:q.push_back(3) start:23:2 end:23:16:
                vpiParent: Begin
                vpiName: q.push_back(3)
                vpiFullName: top.q.push_back(3)
                vpiPathElem (2 items):
                  RefObj name:q start:23:2 end:23:3:
                    vpiParent: RefObj name:q.push_back(3)
                    vpiName: q
                    vpiFullName: top.q
                    vpiActual: Variable name:q
                  MethodFuncCall name:push_back start:23:4 end:23:16:
                    vpiParent: RefObj name:q.push_back(3)
                    vpiName Identifier name:push_back start:23:4 end:23:13:
                    vpiTaskFunc: Function name:push_back
                    vpiArgument (1 items):
                      NamedArgument start:23:14 end:23:15:
                        vpiParent: MethodFuncCall name:push_back
                        vpiHighConn Constant start:23:14 end:23:15:
                          vpiParent: NamedArgument
                          vpiTypespec RefTypespec:
                            vpiParent: Constant
                            vpiFullName: top.q.push_back(3)
                            vpiActual: IntTypespec
                          vpiConstType: unsigned int (9)
                          vpiSize: 64
                          vpiDecompile: "3"
                          vpiValue: 3
                vpiActual: MethodFuncCall name:push_back
              RefObj name:q.push_back(4) start:24:2 end:24:16:
                vpiParent: Begin
                vpiName: q.push_back(4)
                vpiFullName: top.q.push_back(4)
                vpiPathElem (2 items):
                  RefObj name:q start:24:2 end:24:3:
                    vpiParent: RefObj name:q.push_back(4)
                    vpiName: q
                    vpiFullName: top.q
                    vpiActual: Variable name:q
                  MethodFuncCall name:push_back start:24:4 end:24:16:
                    vpiParent: RefObj name:q.push_back(4)
                    vpiName Identifier name:push_back start:24:4 end:24:13:
                    vpiTaskFunc: Function name:push_back
                    vpiArgument (1 items):
                      NamedArgument start:24:14 end:24:15:
                        vpiParent: MethodFuncCall name:push_back
                        vpiHighConn Constant start:24:14 end:24:15:
                          vpiParent: NamedArgument
                          vpiTypespec RefTypespec:
                            vpiParent: Constant
                            vpiFullName: top.q.push_back(4)
                            vpiActual: IntTypespec
                          vpiConstType: unsigned int (9)
                          vpiSize: 64
                          vpiDecompile: "4"
                          vpiValue: 4
                vpiActual: MethodFuncCall name:push_back
              Assignment start:25:2 end:25:10:
                vpiParent: Begin
                vpiBlocking: true
                vpiLhs RefObj name:r start:25:2 end:25:3:
                  vpiParent: Assignment
                  vpiName: r
                  vpiFullName: top.r
                  vpiActual: Variable name:r
                vpiRhs BitSelect name:q[0] start:25:6 end:25:10:
                  vpiParent: Assignment
                  vpiName: q[0]
                  vpiFullName: top.q[0]
                  vpiPrefix RefObj name:q start:25:6 end:25:7:
                    vpiParent: BitSelect name:q[0]
                    vpiName: q
                    vpiFullName: top.q
                    vpiActual: Variable name:q
                  vpiIndex Constant start:25:8 end:25:9:
                    vpiParent: BitSelect name:q[0]
                    vpiTypespec RefTypespec:
                      vpiParent: Constant
                      vpiFullName: top.q[0]
                      vpiActual: IntTypespec
                    vpiConstType: unsigned int (9)
                    vpiSize: 64
                    vpiDecompile: "0"
                    vpiValue: 0
              Assignment start:26:2 end:26:12:
                vpiParent: Begin
                vpiBlocking: true
                vpiLhs RefObj name:q start:26:2 end:26:3:
                  vpiParent: Assignment
                  vpiName: q
                  vpiFullName: top.q
                  vpiActual: Variable name:q
                vpiRhs PartSelect name:q[1:$] start:26:6 end:26:12:
                  vpiParent: Assignment
                  vpiName: q[1:$]
                  vpiFullName: top.q[1:$]
                  vpiPrefix RefObj name:q start:26:6 end:26:7:
                    vpiParent: PartSelect name:q[1:$]
                    vpiName: q
                    vpiFullName: top.q[1:$].q
                    vpiActual: Variable name:q
                  vpiRange Range start:26:8 end:26:11:
                    vpiParent: PartSelect name:q[1:$]
                    vpiLeftRange Constant start:26:8 end:26:9:
                      vpiParent: Range
                      vpiTypespec RefTypespec:
                        vpiParent: Constant
                        vpiFullName: top.q[1:$]
                        vpiActual: IntTypespec
                      vpiConstType: unsigned int (9)
                      vpiSize: 64
                      vpiDecompile: "1"
                      vpiValue: 1
                    vpiRightRange Constant start:26:10 end:26:11:
                      vpiParent: Range
                      vpiTypespec RefTypespec:
                        vpiParent: Constant
                        vpiFullName: top.q[1:$]
                        vpiActual: StringTypespec
                      vpiConstType: unbounded (11)
                      vpiDecompile: "$"
                      vpiValue: "$"
              SysTaskCall name:$display start:27:2 end:27:40:
                vpiParent: Begin
                vpiName Identifier name:$display start:27:2 end:27:10:
                vpiTaskFunc: Task name:$display
                vpiArgument (2 items):
                  NamedArgument start:27:11 end:27:31:
                    vpiParent: SysTaskCall name:$display
                    vpiHighConn Constant start:27:11 end:27:31:
                      vpiParent: NamedArgument
                      vpiTypespec RefTypespec:
                        vpiParent: Constant
                        vpiFullName: top
                        vpiActual: StringTypespec
                      vpiConstType: string (6)
                      vpiSize: 144
                      vpiDecompile: "\":assert: (%d == 2)\""
                      vpiValue: ":assert: (%d == 2)"
                  NamedArgument start:27:33 end:27:39:
                    vpiParent: SysTaskCall name:$display
                    vpiHighConn RefObj name:q.size start:27:33 end:27:39:
                      vpiParent: NamedArgument
                      vpiName: q.size
                      vpiFullName: top.q.size
                      vpiPathElem (2 items):
                        RefObj name:q start:27:33 end:27:34:
                          vpiParent: RefObj name:q.size
                          vpiName: q
                          vpiFullName: top.q
                          vpiActual: Variable name:q
                        MethodFuncCall name:size start:27:35 end:27:39:
                          vpiParent: RefObj name:q.size
                          vpiName Identifier name:size start:27:35 end:27:39:
                          vpiIsProperty: true
                          vpiTaskFunc: Function name:size
                      vpiActual: MethodFuncCall name:size
              SysTaskCall name:$display start:28:2 end:28:35:
                vpiParent: Begin
                vpiName Identifier name:$display start:28:2 end:28:10:
                vpiTaskFunc: Task name:$display
                vpiArgument (2 items):
                  NamedArgument start:28:11 end:28:31:
                    vpiParent: SysTaskCall name:$display
                    vpiHighConn Constant start:28:11 end:28:31:
                      vpiParent: NamedArgument
                      vpiTypespec RefTypespec:
                        vpiParent: Constant
                        vpiFullName: top
                        vpiActual: StringTypespec
                      vpiConstType: string (6)
                      vpiSize: 144
                      vpiDecompile: "\":assert: (%d == 2)\""
                      vpiValue: ":assert: (%d == 2)"
                  NamedArgument start:28:33 end:28:34:
                    vpiParent: SysTaskCall name:$display
                    vpiHighConn RefObj name:r start:28:33 end:28:34:
                      vpiParent: NamedArgument
                      vpiName: r
                      vpiFullName: top.r
                      vpiActual: Variable name:r
              SysTaskCall name:$display start:29:2 end:29:38:
                vpiParent: Begin
                vpiName Identifier name:$display start:29:2 end:29:10:
                vpiTaskFunc: Task name:$display
                vpiArgument (2 items):
                  NamedArgument start:29:11 end:29:31:
                    vpiParent: SysTaskCall name:$display
                    vpiHighConn Constant start:29:11 end:29:31:
                      vpiParent: NamedArgument
                      vpiTypespec RefTypespec:
                        vpiParent: Constant
                        vpiFullName: top
                        vpiActual: StringTypespec
                      vpiConstType: string (6)
                      vpiSize: 144
                      vpiDecompile: "\":assert: (%d == 3)\""
                      vpiValue: ":assert: (%d == 3)"
                  NamedArgument start:29:33 end:29:37:
                    vpiParent: SysTaskCall name:$display
                    vpiHighConn BitSelect name:q[0] start:29:33 end:29:37:
                      vpiParent: NamedArgument
                      vpiName: q[0]
                      vpiFullName: top.q[0]
                      vpiPrefix RefObj name:q start:29:33 end:29:34:
                        vpiParent: BitSelect name:q[0]
                        vpiName: q
                        vpiFullName: top.q
                        vpiActual: Variable name:q
                      vpiIndex Constant start:29:35 end:29:36:
                        vpiParent: BitSelect name:q[0]
                        vpiTypespec RefTypespec:
                          vpiParent: Constant
                          vpiFullName: top.q[0]
                          vpiActual: IntTypespec
                        vpiConstType: unsigned int (9)
                        vpiSize: 64
                        vpiDecompile: "0"
                        vpiValue: 0
  vpiTypespec (8 items):
    ModuleTypespec name:top:
      vpiParent: Design name:unnamed
      vpiName Identifier name:top start:16:8 end:16:11:
      vpiDefName: top
      vpiModule: Module name:top
    IntTypespec:
      vpiParent: Design name:unnamed
      vpiSigned: true
    StringTypespec:
      vpiParent: Design name:unnamed
    VoidTypespec:
      vpiParent: Design name:unnamed
    IntTypespec:
      vpiParent: Design name:unnamed
    RealTypespec:
      vpiParent: Design name:unnamed
    ShortRealTypespec:
      vpiParent: Design name:unnamed
    TimeTypespec:
      vpiParent: Design name:unnamed
  vpiLibrary (1 items):
    Library name:work:
      vpiParent: Design name:unnamed
      vpiName: work
===================
[  FATAL] : 0
[ SYNTAX] : 0
[  ERROR] : 0
[WARNING] : 0
[   NOTE] : 0
********************************************************************************
*                    End HLC SystemVerilog Compiler/Linter                     *
********************************************************************************

#**#**#**#**#**#**#**#**#**#**#**#**#**#**#**#**#**#**#**#**#**#**#**#**#**#**#**#**#**#**#**#**#**#**#**#**#**#**#**#**

Environment:
      test-name: Google/chapter-7/queues/pop_front_assign
   test-dirpath: ${HLC_DIR}/regression/Google/chapter-7/queues/pop_front_assign
  hldb-filepath: ${HLC_DIR}/regression/Google/chapter-7/queues/pop_front_assign/design.hldb
mounts-filepath: ${HLC_DIR}/regression/Google/chapter-7/queues/pop_front_assign/mounts.json


{'result': {'coverage': 100.0,
            'error_count': 0,
            'file_count': 1,
            'files': {'$Output/lib/work/pop_front_assign.sv': {'post_len': 0,
                                                               'pre_len': 229}},
            'post_len': 0,
            'pre_len': 229,
            'test_name': 'Google/chapter-7/queues/pop_front_assign'}}

+--------------------------------------+----------+-----------+
| INPUT                                |   PRELEN |   POSTLEN |
+======================================+==========+===========+
| $Output/lib/work/pop_front_assign.sv |      229 |         0 |
+======================================+==========+===========+
|                                      |      229 |         0 |
+--------------------------------------+----------+-----------+

[   ERROR] : 0
[COVERAGE] : 100.0


#**#**#**#**#**#**#**#**#**#**#**#**#**#**#**#**#**#**#**#**#**#**#**#**#**#**#**#**#**#**#**#**#**#**#**#**#**#**#**#**

COMMAND: ${HLC_DIR}/regression/Google/chapter-7/queues/pop_front_assign/design.hldb ${HLC_DIR}/regression/Google/chapter-7/queues/pop_front_assign/reduced.hldb

==================== BEGIN REDUCTION RESULT ====================
Name                            Before   After   Added   Removed
----------------------------------------------------------------
----------------------------------------------------------------
Others                            1449    1449       0         0
----------------------------------------------------------------
                                  1449    1449       0         0
===================== END REDUCTION RESULT =====================
