********************************************************************************
*                   Begin HLC SystemVerilog Compiler/Linter                    *
********************************************************************************
Copyright (c) 2020 Apotell,
http://www.apache.org/licenses/LICENSE-2.0
VERSION: 1.84
COMMAND: -wd ../../../tests/Verilator +incdir+. -nobuiltin -timescale=1ns/1ns -d ast -d db t_param_named_2.v -mt 0 -d dbstats -d cache -writepp -d db -nostdout -o ${HLC_DIR}/regression/Verilator/t_param_named_2
[INF:CM5022] Creating log file "$Output/hlc.log".
[INF:PP5223] Preprocessing source file "$Source01/t_param_named_2.v".
[INF:PA5502] Parsing source file "$Source01/t_param_named_2.v".
AST_DEBUG_BEGIN
Count: 524
LIB: work
FILE<0>:$Source01/t_param_named_2.v
n<$Source01/t_param_named_2.v> u<523> t<Top_level_rule> c<1> l<6:1> el<56:1>
  n<> u<1> t<Null_rule> p<523> s<2> l<6:1> el<6:1>
  n<// DESCRIPTION: Verilator: Verilog Test module> u<2> t<LINE_COMMENT> p<523> s<3> l<1:1> el<1:47>
  n<//> u<3> t<LINE_COMMENT> p<523> s<4> l<2:1> el<2:3>
  n<// This file ONLY is placed into the Public Domain, for any use,> u<4> t<LINE_COMMENT> p<523> s<5> l<3:1> el<3:65>
  n<// without warranty, 2005 by Wilson Snyder.> u<5> t<LINE_COMMENT> p<523> s<522> l<4:1> el<4:44>
  n<> u<522> t<Source_text> p<523> c<210> l<6:1> el<55:10>
    n<> u<210> t<Description> p<522> c<209> s<521> l<6:1> el<28:10>
      n<> u<209> t<Module_declaration> p<210> c<18> l<6:1> el<28:10>
        n<> u<18> t<Module_nonansi_header> p<209> c<6> s<35> l<6:1> el<9:6>
          n<module> u<6> t<MODULE> p<18> s<7> l<6:1> el<6:7>
          n<t> u<7> t<SIMPLE_IDENTIFIER> p<18> s<8> l<6:8> el<6:9>
          n<> u<8> t<Package_import_declaration_list> p<18> s<9> l<6:10> el<6:10>
          n</*AUTOARG*/> u<9> t<BLOCK_COMMENT> p<18> s<10> l<6:10> el<9:5>
          n<// Inputs> u<10> t<LINE_COMMENT> p<18> s<17> l<7:4> el<7:13>
          n<> u<17> t<Port_list> p<18> c<16> l<6:10> el<9:5>
            n<> u<16> t<Port> p<17> c<15> l<8:4> el<8:7>
              n<> u<15> t<Port_expression> p<16> c<14> l<8:4> el<8:7>
                n<> u<14> t<Port_reference> p<15> c<11> l<8:4> el<8:7>
                  n<clk> u<11> t<SIMPLE_IDENTIFIER> p<14> s<13> l<8:4> el<8:7>
                  n<> u<13> t<Constant_select> p<14> c<12> l<9:4> el<9:4>
                    n<> u<12> t<Constant_bit_select> p<13> l<9:4> el<9:4>
        n<> u<35> t<Module_item> p<209> c<34> s<42> l<10:4> el<10:22>
          n<> u<34> t<Non_port_module_item> p<35> c<33> l<10:4> el<10:22>
            n<> u<33> t<Module_or_generate_item> p<34> c<32> l<10:4> el<10:22>
              n<> u<32> t<Module_common_item> p<33> c<31> l<10:4> el<10:22>
                n<> u<31> t<Module_or_generate_item_declaration> p<32> c<30> l<10:4> el<10:22>
                  n<> u<30> t<Package_or_generate_item_declaration> p<31> c<29> l<10:4> el<10:22>
                    n<> u<29> t<Parameter_declaration> p<30> c<19> l<10:4> el<10:21>
                      n<> u<19> t<Data_type_or_implicit> p<29> s<28> l<10:14> el<10:14>
                      n<> u<28> t<Param_assignment_list> p<29> c<27> l<10:14> el<10:21>
                        n<> u<27> t<Param_assignment> p<28> c<20> l<10:14> el<10:21>
                          n<PAR> u<20> t<SIMPLE_IDENTIFIER> p<27> s<26> l<10:14> el<10:17>
                          n<> u<26> t<Constant_param_expression> p<27> c<25> l<10:20> el<10:21>
                            n<> u<25> t<Constant_mintypmax_expression> p<26> c<24> l<10:20> el<10:21>
                              n<> u<24> t<Constant_expression> p<25> c<23> l<10:20> el<10:21>
                                n<> u<23> t<Constant_primary> p<24> c<22> l<10:20> el<10:21>
                                  n<> u<22> t<Primary_literal> p<23> c<21> l<10:20> el<10:21>
                                    n<3> u<21> t<INTEGRAL_NUMBER> p<22> l<10:20> el<10:21>
        n<> u<42> t<Module_item> p<209> c<41> s<59> l<11:4> el<11:14>
          n<> u<41> t<Port_declaration> p<42> c<40> l<11:4> el<11:13>
            n<> u<40> t<Input_declaration> p<41> c<37> l<11:4> el<11:13>
              n<> u<37> t<Net_port_type> p<40> c<36> s<39> l<11:10> el<11:10>
                n<> u<36> t<Data_type_or_implicit> p<37> l<11:10> el<11:10>
              n<> u<39> t<Port_identifier_list> p<40> c<38> l<11:10> el<11:13>
                n<clk> u<38> t<SIMPLE_IDENTIFIER> p<39> l<11:10> el<11:13>
        n<> u<59> t<Module_item> p<209> c<58> s<74> l<13:4> el<13:27>
          n<> u<58> t<Non_port_module_item> p<59> c<57> l<13:4> el<13:27>
            n<> u<57> t<Module_or_generate_item> p<58> c<56> l<13:4> el<13:27>
              n<> u<56> t<Module_instantiation> p<57> c<43> l<13:4> el<13:27>
                n<m3> u<43> t<SIMPLE_IDENTIFIER> p<56> s<55> l<13:4> el<13:6>
                n<> u<55> t<Hierarchical_instance> p<56> c<45> l<13:7> el<13:26>
                  n<> u<45> t<Name_of_instance> p<55> c<44> s<54> l<13:7> el<13:14>
                    n<m3_inst> u<44> t<SIMPLE_IDENTIFIER> p<45> l<13:7> el<13:14>
                  n<> u<54> t<Port_connection_list> p<55> c<53> l<13:16> el<13:25>
                    n<> u<53> t<Named_port_connection> p<54> c<46> l<13:16> el<13:25>
                      n<clk> u<46> t<SIMPLE_IDENTIFIER> p<53> s<51> l<13:17> el<13:20>
                      n<> u<51> t<OPEN_PARENS> p<53> s<50> l<13:20> el<13:21>
                      n<> u<50> t<Expression> p<53> c<49> s<52> l<13:21> el<13:24>
                        n<> u<49> t<Primary> p<50> c<48> l<13:21> el<13:24>
                          n<> u<48> t<Primary_literal> p<49> c<47> l<13:21> el<13:24>
                            n<clk> u<47> t<SIMPLE_IDENTIFIER> p<48> l<13:21> el<13:24>
                      n<> u<52> t<CLOSE_PARENS> p<53> l<13:24> el<13:25>
        n<> u<74> t<Module_item> p<209> c<73> s<89> l<14:4> el<14:35>
          n<> u<73> t<Non_port_module_item> p<74> c<72> l<14:4> el<14:35>
            n<> u<72> t<Module_or_generate_item> p<73> c<71> l<14:4> el<14:35>
              n<> u<71> t<Parameter_override> p<72> c<70> l<14:4> el<14:35>
                n<> u<70> t<Defparam_assignment_list> p<71> c<69> l<14:13> el<14:34>
                  n<> u<69> t<Defparam_assignment> p<70> c<63> l<14:13> el<14:34>
                    n<> u<63> t<Hierarchical_identifier> p<69> c<60> s<68> l<14:13> el<14:29>
                      n<m3_inst> u<60> t<SIMPLE_IDENTIFIER> p<63> s<61> l<14:13> el<14:20>
                      n<> u<61> t<Constant_bit_select> p<63> s<62> l<14:20> el<14:20>
                      n<FROMDEFP> u<62> t<SIMPLE_IDENTIFIER> p<63> l<14:21> el<14:29>
                    n<> u<68> t<Constant_mintypmax_expression> p<69> c<67> l<14:32> el<14:34>
                      n<> u<67> t<Constant_expression> p<68> c<66> l<14:32> el<14:34>
                        n<> u<66> t<Constant_primary> p<67> c<65> l<14:32> el<14:34>
                          n<> u<65> t<Primary_literal> p<66> c<64> l<14:32> el<14:34>
                            n<19> u<64> t<INTEGRAL_NUMBER> p<65> l<14:32> el<14:34>
        n<> u<89> t<Module_item> p<209> c<88> s<90> l<15:4> el<15:28>
          n<> u<88> t<Non_port_module_item> p<89> c<87> l<15:4> el<15:28>
            n<> u<87> t<Module_or_generate_item> p<88> c<86> l<15:4> el<15:28>
              n<> u<86> t<Parameter_override> p<87> c<85> l<15:4> el<15:28>
                n<> u<85> t<Defparam_assignment_list> p<86> c<84> l<15:13> el<15:27>
                  n<> u<84> t<Defparam_assignment> p<85> c<78> l<15:13> el<15:27>
                    n<> u<78> t<Hierarchical_identifier> p<84> c<75> s<83> l<15:13> el<15:23>
                      n<m3_inst> u<75> t<SIMPLE_IDENTIFIER> p<78> s<76> l<15:13> el<15:20>
                      n<> u<76> t<Constant_bit_select> p<78> s<77> l<15:20> el<15:20>
                      n<P2> u<77> t<SIMPLE_IDENTIFIER> p<78> l<15:21> el<15:23>
                    n<> u<83> t<Constant_mintypmax_expression> p<84> c<82> l<15:26> el<15:27>
                      n<> u<82> t<Constant_expression> p<83> c<81> l<15:26> el<15:27>
                        n<> u<81> t<Constant_primary> p<82> c<80> l<15:26> el<15:27>
                          n<> u<80> t<Primary_literal> p<81> c<79> l<15:26> el<15:27>
                            n<2> u<79> t<INTEGRAL_NUMBER> p<80> l<15:26> el<15:27>
        n<//defparam m3_inst.P3 = PAR;> u<90> t<LINE_COMMENT> p<209> s<105> l<16:4> el<16:32>
        n<> u<105> t<Module_item> p<209> c<104> s<122> l<17:4> el<17:28>
          n<> u<104> t<Non_port_module_item> p<105> c<103> l<17:4> el<17:28>
            n<> u<103> t<Module_or_generate_item> p<104> c<102> l<17:4> el<17:28>
              n<> u<102> t<Parameter_override> p<103> c<101> l<17:4> el<17:28>
                n<> u<101> t<Defparam_assignment_list> p<102> c<100> l<17:13> el<17:27>
                  n<> u<100> t<Defparam_assignment> p<101> c<94> l<17:13> el<17:27>
                    n<> u<94> t<Hierarchical_identifier> p<100> c<91> s<99> l<17:13> el<17:23>
                      n<m3_inst> u<91> t<SIMPLE_IDENTIFIER> p<94> s<92> l<17:13> el<17:20>
                      n<> u<92> t<Constant_bit_select> p<94> s<93> l<17:20> el<17:20>
                      n<P3> u<93> t<SIMPLE_IDENTIFIER> p<94> l<17:21> el<17:23>
                    n<> u<99> t<Constant_mintypmax_expression> p<100> c<98> l<17:26> el<17:27>
                      n<> u<98> t<Constant_expression> p<99> c<97> l<17:26> el<17:27>
                        n<> u<97> t<Constant_primary> p<98> c<96> l<17:26> el<17:27>
                          n<> u<96> t<Primary_literal> p<97> c<95> l<17:26> el<17:27>
                            n<3> u<95> t<INTEGRAL_NUMBER> p<96> l<17:26> el<17:27>
        n<> u<122> t<Module_item> p<209> c<121> s<207> l<19:4> el<19:18>
          n<> u<121> t<Non_port_module_item> p<122> c<120> l<19:4> el<19:18>
            n<> u<120> t<Module_or_generate_item> p<121> c<119> l<19:4> el<19:18>
              n<> u<119> t<Module_common_item> p<120> c<118> l<19:4> el<19:18>
                n<> u<118> t<Module_or_generate_item_declaration> p<119> c<117> l<19:4> el<19:18>
                  n<> u<117> t<Package_or_generate_item_declaration> p<118> c<116> l<19:4> el<19:18>
                    n<> u<116> t<Data_declaration> p<117> c<115> l<19:4> el<19:18>
                      n<> u<115> t<Variable_declaration> p<116> c<107> l<19:4> el<19:18>
                        n<> u<107> t<Data_type> p<115> c<106> s<114> l<19:4> el<19:11>
                          n<> u<106> t<INTEGER> p<107> l<19:4> el<19:11>
                        n<> u<114> t<Variable_decl_assignment_list> p<115> c<113> l<19:12> el<19:17>
                          n<> u<113> t<Variable_decl_assignment> p<114> c<108> l<19:12> el<19:17>
                            n<cyc> u<108> t<SIMPLE_IDENTIFIER> p<113> s<112> l<19:12> el<19:15>
                            n<> u<112> t<Expression> p<113> c<111> l<19:16> el<19:17>
                              n<> u<111> t<Primary> p<112> c<110> l<19:16> el<19:17>
                                n<> u<110> t<Primary_literal> p<111> c<109> l<19:16> el<19:17>
                                  n<1> u<109> t<INTEGRAL_NUMBER> p<110> l<19:16> el<19:17>
        n<> u<207> t<Module_item> p<209> c<206> s<208> l<20:4> el<26:7>
          n<> u<206> t<Non_port_module_item> p<207> c<205> l<20:4> el<26:7>
            n<> u<205> t<Module_or_generate_item> p<206> c<204> l<20:4> el<26:7>
              n<> u<204> t<Module_common_item> p<205> c<203> l<20:4> el<26:7>
                n<> u<203> t<Always_construct> p<204> c<123> l<20:4> el<26:7>
                  n<> u<123> t<ALWAYS> p<203> s<202> l<20:4> el<20:10>
                  n<> u<202> t<Statement> p<203> c<201> l<20:11> el<26:7>
                    n<> u<201> t<Statement_item> p<202> c<200> l<20:11> el<26:7>
                      n<> u<200> t<Procedural_timing_control_statement> p<201> c<131> l<20:11> el<26:7>
                        n<> u<131> t<Procedural_timing_control> p<200> c<130> s<199> l<20:11> el<20:26>
                          n<> u<130> t<Event_control> p<131> c<129> l<20:11> el<20:26>
                            n<> u<129> t<Event_expression> p<130> c<124> l<20:14> el<20:25>
                              n<> u<124> t<POSEDGE> p<129> s<128> l<20:14> el<20:21>
                              n<> u<128> t<Expression> p<129> c<127> l<20:22> el<20:25>
                                n<> u<127> t<Primary> p<128> c<126> l<20:22> el<20:25>
                                  n<> u<126> t<Primary_literal> p<127> c<125> l<20:22> el<20:25>
                                    n<clk> u<125> t<SIMPLE_IDENTIFIER> p<126> l<20:22> el<20:25>
                        n<> u<199> t<Statement_or_null> p<200> c<198> l<20:27> el<26:7>
                          n<> u<198> t<Statement> p<199> c<197> l<20:27> el<26:7>
                            n<> u<197> t<Statement_item> p<198> c<196> l<20:27> el<26:7>
                              n<> u<196> t<Seq_block> p<197> c<150> l<20:27> el<26:7>
                                n<> u<150> t<Statement_or_null> p<196> c<149> s<194> l<21:7> el<21:22>
                                  n<> u<149> t<Statement> p<150> c<148> l<21:7> el<21:22>
                                    n<> u<148> t<Statement_item> p<149> c<147> l<21:7> el<21:22>
                                      n<> u<147> t<Nonblocking_assignment> p<148> c<136> l<21:7> el<21:21>
                                        n<> u<136> t<Variable_lvalue> p<147> c<133> s<146> l<21:7> el<21:10>
                                          n<> u<133> t<Ps_or_hierarchical_identifier> p<136> c<132> s<135> l<21:7> el<21:10>
                                            n<cyc> u<132> t<SIMPLE_IDENTIFIER> p<133> l<21:7> el<21:10>
                                          n<> u<135> t<Select> p<136> c<134> l<21:11> el<21:11>
                                            n<> u<134> t<Bit_select> p<135> l<21:11> el<21:11>
                                        n<> u<146> t<Expression> p<147> c<140> l<21:14> el<21:21>
                                          n<> u<140> t<Expression> p<146> c<139> s<145> l<21:14> el<21:17>
                                            n<> u<139> t<Primary> p<140> c<138> l<21:14> el<21:17>
                                              n<> u<138> t<Primary_literal> p<139> c<137> l<21:14> el<21:17>
                                                n<cyc> u<137> t<SIMPLE_IDENTIFIER> p<138> l<21:14> el<21:17>
                                          n<> u<145> t<BinaryOp_Plus> p<146> s<144> l<21:18> el<21:19>
                                          n<> u<144> t<Expression> p<146> c<143> l<21:20> el<21:21>
                                            n<> u<143> t<Primary> p<144> c<142> l<21:20> el<21:21>
                                              n<> u<142> t<Primary_literal> p<143> c<141> l<21:20> el<21:21>
                                                n<1> u<141> t<INTEGRAL_NUMBER> p<142> l<21:20> el<21:21>
                                n<> u<194> t<Statement_or_null> p<196> c<193> s<195> l<22:7> el<25:10>
                                  n<> u<193> t<Statement> p<194> c<192> l<22:7> el<25:10>
                                    n<> u<192> t<Statement_item> p<193> c<191> l<22:7> el<25:10>
                                      n<> u<191> t<Conditional_statement> p<192> c<162> l<22:7> el<25:10>
                                        n<> u<162> t<Cond_predicate> p<191> c<161> s<190> l<22:11> el<22:17>
                                          n<> u<161> t<Expression_or_cond_pattern> p<162> c<160> l<22:11> el<22:17>
                                            n<> u<160> t<Expression> p<161> c<154> l<22:11> el<22:17>
                                              n<> u<154> t<Expression> p<160> c<153> s<159> l<22:11> el<22:14>
                                                n<> u<153> t<Primary> p<154> c<152> l<22:11> el<22:14>
                                                  n<> u<152> t<Primary_literal> p<153> c<151> l<22:11> el<22:14>
                                                    n<cyc> u<151> t<SIMPLE_IDENTIFIER> p<152> l<22:11> el<22:14>
                                              n<> u<159> t<EQUIV> p<160> s<158> l<22:14> el<22:16>
                                              n<> u<158> t<Expression> p<160> c<157> l<22:16> el<22:17>
                                                n<> u<157> t<Primary> p<158> c<156> l<22:16> el<22:17>
                                                  n<> u<156> t<Primary_literal> p<157> c<155> l<22:16> el<22:17>
                                                    n<1> u<155> t<INTEGRAL_NUMBER> p<156> l<22:16> el<22:17>
                                        n<> u<190> t<Statement_or_null> p<191> c<189> l<22:19> el<25:10>
                                          n<> u<189> t<Statement> p<190> c<188> l<22:19> el<25:10>
                                            n<> u<188> t<Statement_item> p<189> c<187> l<22:19> el<25:10>
                                              n<> u<187> t<Seq_block> p<188> c<176> l<22:19> el<25:10>
                                                n<> u<176> t<Statement_or_null> p<187> c<175> s<185> l<23:11> el<23:44>
                                                  n<> u<175> t<Statement> p<176> c<174> l<23:11> el<23:44>
                                                    n<> u<174> t<Statement_item> p<175> c<173> l<23:11> el<23:44>
                                                      n<> u<173> t<Subroutine_call_statement> p<174> c<172> l<23:11> el<23:44>
                                                        n<> u<172> t<Subroutine_call> p<173> c<163> l<23:11> el<23:43>
                                                          n<$> u<163> t<DOLLAR> p<172> s<164> l<23:11> el<23:12>
                                                          n<write> u<164> t<SIMPLE_IDENTIFIER> p<172> s<170> l<23:12> el<23:17>
                                                          n<> u<170> t<OPEN_PARENS> p<172> s<169> l<23:17> el<23:18>
                                                          n<> u<169> t<Argument_list> p<172> c<168> s<171> l<23:18> el<23:42>
                                                            n<> u<168> t<Expression> p<169> c<167> l<23:18> el<23:42>
                                                              n<> u<167> t<Primary> p<168> c<166> l<23:18> el<23:42>
                                                                n<> u<166> t<Primary_literal> p<167> c<165> l<23:18> el<23:42>
                                                                  n<"*-* All Finished *-*\n"> u<165> t<QUOTED_STRING> p<166> l<23:18> el<23:42>
                                                          n<> u<171> t<CLOSE_PARENS> p<172> l<23:42> el<23:43>
                                                n<> u<185> t<Statement_or_null> p<187> c<184> s<186> l<24:11> el<24:19>
                                                  n<> u<184> t<Statement> p<185> c<183> l<24:11> el<24:19>
                                                    n<> u<183> t<Statement_item> p<184> c<182> l<24:11> el<24:19>
                                                      n<> u<182> t<Subroutine_call_statement> p<183> c<181> l<24:11> el<24:19>
                                                        n<> u<181> t<Subroutine_call> p<182> c<177> l<24:11> el<24:18>
                                                          n<$> u<177> t<DOLLAR> p<181> s<178> l<24:11> el<24:12>
                                                          n<finish> u<178> t<SIMPLE_IDENTIFIER> p<181> s<180> l<24:12> el<24:18>
                                                          n<> u<180> t<Select> p<181> c<179> l<24:18> el<24:18>
                                                            n<> u<179> t<Bit_select> p<180> l<24:18> el<24:18>
                                                n<> u<186> t<END> p<187> l<25:7> el<25:10>
                                n<> u<195> t<END> p<196> l<26:4> el<26:7>
        n<> u<208> t<ENDMODULE> p<209> l<28:1> el<28:10>
    n<> u<521> t<Description> p<522> c<520> l<30:1> el<55:10>
      n<> u<520> t<Module_declaration> p<521> c<223> l<30:1> el<55:10>
        n<> u<223> t<Module_nonansi_header> p<520> c<211> s<230> l<30:1> el<34:8>
          n<module> u<211> t<MODULE> p<223> s<212> l<30:1> el<30:7>
          n<m3> u<212> t<SIMPLE_IDENTIFIER> p<223> s<213> l<30:8> el<30:10>
          n<> u<213> t<Package_import_declaration_list> p<223> s<214> l<31:5> el<31:5>
          n</*AUTOARG*/> u<214> t<BLOCK_COMMENT> p<223> s<215> l<31:5> el<34:7>
          n<// Inputs> u<215> t<LINE_COMMENT> p<223> s<222> l<32:6> el<32:15>
          n<> u<222> t<Port_list> p<223> c<221> l<31:5> el<34:7>
            n<> u<221> t<Port> p<222> c<220> l<33:6> el<33:9>
              n<> u<220> t<Port_expression> p<221> c<219> l<33:6> el<33:9>
                n<> u<219> t<Port_reference> p<220> c<216> l<33:6> el<33:9>
                  n<clk> u<216> t<SIMPLE_IDENTIFIER> p<219> s<218> l<33:6> el<33:9>
                  n<> u<218> t<Constant_select> p<219> c<217> l<34:6> el<34:6>
                    n<> u<217> t<Constant_bit_select> p<218> l<34:6> el<34:6>
        n<> u<230> t<Module_item> p<520> c<229> s<247> l<35:4> el<35:20>
          n<> u<229> t<Port_declaration> p<230> c<228> l<35:4> el<35:19>
            n<> u<228> t<Input_declaration> p<229> c<225> l<35:4> el<35:19>
              n<> u<225> t<Net_port_type> p<228> c<224> s<227> l<35:16> el<35:16>
                n<> u<224> t<Data_type_or_implicit> p<225> l<35:16> el<35:16>
              n<> u<227> t<Port_identifier_list> p<228> c<226> l<35:16> el<35:19>
                n<clk> u<226> t<SIMPLE_IDENTIFIER> p<227> l<35:16> el<35:19>
        n<> u<247> t<Module_item> p<520> c<246> s<264> l<36:4> el<36:25>
          n<> u<246> t<Non_port_module_item> p<247> c<245> l<36:4> el<36:25>
            n<> u<245> t<Module_or_generate_item> p<246> c<244> l<36:4> el<36:25>
              n<> u<244> t<Module_common_item> p<245> c<243> l<36:4> el<36:25>
                n<> u<243> t<Module_or_generate_item_declaration> p<244> c<242> l<36:4> el<36:25>
                  n<> u<242> t<Package_or_generate_item_declaration> p<243> c<241> l<36:4> el<36:25>
                    n<> u<241> t<Local_parameter_declaration> p<242> c<231> l<36:4> el<36:24>
                      n<> u<231> t<Data_type_or_implicit> p<241> s<240> l<36:16> el<36:16>
                      n<> u<240> t<Param_assignment_list> p<241> c<239> l<36:16> el<36:24>
                        n<> u<239> t<Param_assignment> p<240> c<232> l<36:16> el<36:24>
                          n<LOC> u<232> t<SIMPLE_IDENTIFIER> p<239> s<238> l<36:16> el<36:19>
                          n<> u<238> t<Constant_param_expression> p<239> c<237> l<36:22> el<36:24>
                            n<> u<237> t<Constant_mintypmax_expression> p<238> c<236> l<36:22> el<36:24>
                              n<> u<236> t<Constant_expression> p<237> c<235> l<36:22> el<36:24>
                                n<> u<235> t<Constant_primary> p<236> c<234> l<36:22> el<36:24>
                                  n<> u<234> t<Primary_literal> p<235> c<233> l<36:22> el<36:24>
                                    n<13> u<233> t<INTEGRAL_NUMBER> p<234> l<36:22> el<36:24>
        n<> u<264> t<Module_item> p<520> c<263> s<281> l<38:4> el<38:26>
          n<> u<263> t<Non_port_module_item> p<264> c<262> l<38:4> el<38:26>
            n<> u<262> t<Module_or_generate_item> p<263> c<261> l<38:4> el<38:26>
              n<> u<261> t<Module_common_item> p<262> c<260> l<38:4> el<38:26>
                n<> u<260> t<Module_or_generate_item_declaration> p<261> c<259> l<38:4> el<38:26>
                  n<> u<259> t<Package_or_generate_item_declaration> p<260> c<258> l<38:4> el<38:26>
                    n<> u<258> t<Parameter_declaration> p<259> c<248> l<38:4> el<38:25>
                      n<> u<248> t<Data_type_or_implicit> p<258> s<257> l<38:16> el<38:16>
                      n<> u<257> t<Param_assignment_list> p<258> c<256> l<38:16> el<38:25>
                        n<> u<256> t<Param_assignment> p<257> c<249> l<38:16> el<38:25>
                          n<UNCH> u<249> t<SIMPLE_IDENTIFIER> p<256> s<255> l<38:16> el<38:20>
                          n<> u<255> t<Constant_param_expression> p<256> c<254> l<38:23> el<38:25>
                            n<> u<254> t<Constant_mintypmax_expression> p<255> c<253> l<38:23> el<38:25>
                              n<> u<253> t<Constant_expression> p<254> c<252> l<38:23> el<38:25>
                                n<> u<252> t<Constant_primary> p<253> c<251> l<38:23> el<38:25>
                                  n<> u<251> t<Primary_literal> p<252> c<250> l<38:23> el<38:25>
                                    n<99> u<250> t<INTEGRAL_NUMBER> p<251> l<38:23> el<38:25>
        n<> u<281> t<Module_item> p<520> c<280> s<298> l<39:4> el<39:24>
          n<> u<280> t<Non_port_module_item> p<281> c<279> l<39:4> el<39:24>
            n<> u<279> t<Module_or_generate_item> p<280> c<278> l<39:4> el<39:24>
              n<> u<278> t<Module_common_item> p<279> c<277> l<39:4> el<39:24>
                n<> u<277> t<Module_or_generate_item_declaration> p<278> c<276> l<39:4> el<39:24>
                  n<> u<276> t<Package_or_generate_item_declaration> p<277> c<275> l<39:4> el<39:24>
                    n<> u<275> t<Parameter_declaration> p<276> c<265> l<39:4> el<39:23>
                      n<> u<265> t<Data_type_or_implicit> p<275> s<274> l<39:16> el<39:16>
                      n<> u<274> t<Param_assignment_list> p<275> c<273> l<39:16> el<39:23>
                        n<> u<273> t<Param_assignment> p<274> c<266> l<39:16> el<39:23>
                          n<P1> u<266> t<SIMPLE_IDENTIFIER> p<273> s<272> l<39:16> el<39:18>
                          n<> u<272> t<Constant_param_expression> p<273> c<271> l<39:21> el<39:23>
                            n<> u<271> t<Constant_mintypmax_expression> p<272> c<270> l<39:21> el<39:23>
                              n<> u<270> t<Constant_expression> p<271> c<269> l<39:21> el<39:23>
                                n<> u<269> t<Constant_primary> p<270> c<268> l<39:21> el<39:23>
                                  n<> u<268> t<Primary_literal> p<269> c<267> l<39:21> el<39:23>
                                    n<10> u<267> t<INTEGRAL_NUMBER> p<268> l<39:21> el<39:23>
        n<> u<298> t<Module_item> p<520> c<297> s<315> l<40:4> el<40:24>
          n<> u<297> t<Non_port_module_item> p<298> c<296> l<40:4> el<40:24>
            n<> u<296> t<Module_or_generate_item> p<297> c<295> l<40:4> el<40:24>
              n<> u<295> t<Module_common_item> p<296> c<294> l<40:4> el<40:24>
                n<> u<294> t<Module_or_generate_item_declaration> p<295> c<293> l<40:4> el<40:24>
                  n<> u<293> t<Package_or_generate_item_declaration> p<294> c<292> l<40:4> el<40:24>
                    n<> u<292> t<Parameter_declaration> p<293> c<282> l<40:4> el<40:23>
                      n<> u<282> t<Data_type_or_implicit> p<292> s<291> l<40:16> el<40:16>
                      n<> u<291> t<Param_assignment_list> p<292> c<290> l<40:16> el<40:23>
                        n<> u<290> t<Param_assignment> p<291> c<283> l<40:16> el<40:23>
                          n<P2> u<283> t<SIMPLE_IDENTIFIER> p<290> s<289> l<40:16> el<40:18>
                          n<> u<289> t<Constant_param_expression> p<290> c<288> l<40:21> el<40:23>
                            n<> u<288> t<Constant_mintypmax_expression> p<289> c<287> l<40:21> el<40:23>
                              n<> u<287> t<Constant_expression> p<288> c<286> l<40:21> el<40:23>
                                n<> u<286> t<Constant_primary> p<287> c<285> l<40:21> el<40:23>
                                  n<> u<285> t<Primary_literal> p<286> c<284> l<40:21> el<40:23>
                                    n<20> u<284> t<INTEGRAL_NUMBER> p<285> l<40:21> el<40:23>
        n<> u<315> t<Module_item> p<520> c<314> s<332> l<41:4> el<41:24>
          n<> u<314> t<Non_port_module_item> p<315> c<313> l<41:4> el<41:24>
            n<> u<313> t<Module_or_generate_item> p<314> c<312> l<41:4> el<41:24>
              n<> u<312> t<Module_common_item> p<313> c<311> l<41:4> el<41:24>
                n<> u<311> t<Module_or_generate_item_declaration> p<312> c<310> l<41:4> el<41:24>
                  n<> u<310> t<Package_or_generate_item_declaration> p<311> c<309> l<41:4> el<41:24>
                    n<> u<309> t<Parameter_declaration> p<310> c<299> l<41:4> el<41:23>
                      n<> u<299> t<Data_type_or_implicit> p<309> s<308> l<41:16> el<41:16>
                      n<> u<308> t<Param_assignment_list> p<309> c<307> l<41:16> el<41:23>
                        n<> u<307> t<Param_assignment> p<308> c<300> l<41:16> el<41:23>
                          n<P3> u<300> t<SIMPLE_IDENTIFIER> p<307> s<306> l<41:16> el<41:18>
                          n<> u<306> t<Constant_param_expression> p<307> c<305> l<41:21> el<41:23>
                            n<> u<305> t<Constant_mintypmax_expression> p<306> c<304> l<41:21> el<41:23>
                              n<> u<304> t<Constant_expression> p<305> c<303> l<41:21> el<41:23>
                                n<> u<303> t<Constant_primary> p<304> c<302> l<41:21> el<41:23>
                                  n<> u<302> t<Primary_literal> p<303> c<301> l<41:21> el<41:23>
                                    n<30> u<301> t<INTEGRAL_NUMBER> p<302> l<41:21> el<41:23>
        n<> u<332> t<Module_item> p<520> c<331> s<371> l<43:4> el<43:30>
          n<> u<331> t<Non_port_module_item> p<332> c<330> l<43:4> el<43:30>
            n<> u<330> t<Module_or_generate_item> p<331> c<329> l<43:4> el<43:30>
              n<> u<329> t<Module_common_item> p<330> c<328> l<43:4> el<43:30>
                n<> u<328> t<Module_or_generate_item_declaration> p<329> c<327> l<43:4> el<43:30>
                  n<> u<327> t<Package_or_generate_item_declaration> p<328> c<326> l<43:4> el<43:30>
                    n<> u<326> t<Parameter_declaration> p<327> c<316> l<43:4> el<43:29>
                      n<> u<316> t<Data_type_or_implicit> p<326> s<325> l<43:16> el<43:16>
                      n<> u<325> t<Param_assignment_list> p<326> c<324> l<43:16> el<43:29>
                        n<> u<324> t<Param_assignment> p<325> c<317> l<43:16> el<43:29>
                          n<FROMDEFP> u<317> t<SIMPLE_IDENTIFIER> p<324> s<323> l<43:16> el<43:24>
                          n<> u<323> t<Constant_param_expression> p<324> c<322> l<43:27> el<43:29>
                            n<> u<322> t<Constant_mintypmax_expression> p<323> c<321> l<43:27> el<43:29>
                              n<> u<321> t<Constant_expression> p<322> c<320> l<43:27> el<43:29>
                                n<> u<320> t<Constant_primary> p<321> c<319> l<43:27> el<43:29>
                                  n<> u<319> t<Primary_literal> p<320> c<318> l<43:27> el<43:29>
                                    n<11> u<318> t<INTEGRAL_NUMBER> p<319> l<43:27> el<43:29>
        n<> u<371> t<Module_item> p<520> c<370> s<518> l<45:4> el<47:7>
          n<> u<370> t<Non_port_module_item> p<371> c<369> l<45:4> el<47:7>
            n<> u<369> t<Module_or_generate_item> p<370> c<368> l<45:4> el<47:7>
              n<> u<368> t<Module_common_item> p<369> c<367> l<45:4> el<47:7>
                n<> u<367> t<Initial_construct> p<368> c<366> l<45:4> el<47:7>
                  n<> u<366> t<Statement_or_null> p<367> c<365> l<45:12> el<47:7>
                    n<> u<365> t<Statement> p<366> c<364> l<45:12> el<47:7>
                      n<> u<364> t<Statement_item> p<365> c<363> l<45:12> el<47:7>
                        n<> u<363> t<Seq_block> p<364> c<361> l<45:12> el<47:7>
                          n<> u<361> t<Statement_or_null> p<363> c<360> s<362> l<46:7> el<46:37>
                            n<> u<360> t<Statement> p<361> c<359> l<46:7> el<46:37>
                              n<> u<359> t<Statement_item> p<360> c<358> l<46:7> el<46:37>
                                n<> u<358> t<Subroutine_call_statement> p<359> c<357> l<46:7> el<46:37>
                                  n<> u<357> t<Subroutine_call> p<358> c<333> l<46:7> el<46:36>
                                    n<$> u<333> t<DOLLAR> p<357> s<334> l<46:7> el<46:8>
                                    n<display> u<334> t<SIMPLE_IDENTIFIER> p<357> s<355> l<46:8> el<46:15>
                                    n<> u<355> t<OPEN_PARENS> p<357> s<354> l<46:15> el<46:16>
                                    n<> u<354> t<Argument_list> p<357> c<338> s<356> l<46:16> el<46:35>
                                      n<> u<338> t<Expression> p<354> c<337> s<343> l<46:16> el<46:26>
                                        n<> u<337> t<Primary> p<338> c<336> l<46:16> el<46:26>
                                          n<> u<336> t<Primary_literal> p<337> c<335> l<46:16> el<46:26>
                                            n<"%x %x %x"> u<335> t<QUOTED_STRING> p<336> l<46:16> el<46:26>
                                      n<> u<343> t<Argument> p<354> c<342> s<348> l<46:27> el<46:29>
                                        n<> u<342> t<Expression> p<343> c<341> l<46:27> el<46:29>
                                          n<> u<341> t<Primary> p<342> c<340> l<46:27> el<46:29>
                                            n<> u<340> t<Primary_literal> p<341> c<339> l<46:27> el<46:29>
                                              n<P1> u<339> t<SIMPLE_IDENTIFIER> p<340> l<46:27> el<46:29>
                                      n<> u<348> t<Argument> p<354> c<347> s<353> l<46:30> el<46:32>
                                        n<> u<347> t<Expression> p<348> c<346> l<46:30> el<46:32>
                                          n<> u<346> t<Primary> p<347> c<345> l<46:30> el<46:32>
                                            n<> u<345> t<Primary_literal> p<346> c<344> l<46:30> el<46:32>
                                              n<P2> u<344> t<SIMPLE_IDENTIFIER> p<345> l<46:30> el<46:32>
                                      n<> u<353> t<Argument> p<354> c<352> l<46:33> el<46:35>
                                        n<> u<352> t<Expression> p<353> c<351> l<46:33> el<46:35>
                                          n<> u<351> t<Primary> p<352> c<350> l<46:33> el<46:35>
                                            n<> u<350> t<Primary_literal> p<351> c<349> l<46:33> el<46:35>
                                              n<P3> u<349> t<SIMPLE_IDENTIFIER> p<350> l<46:33> el<46:35>
                                    n<> u<356> t<CLOSE_PARENS> p<357> l<46:35> el<46:36>
                          n<> u<362> t<END> p<363> l<47:4> el<47:7>
        n<> u<518> t<Module_item> p<520> c<517> s<519> l<48:4> el<54:7>
          n<> u<517> t<Non_port_module_item> p<518> c<516> l<48:4> el<54:7>
            n<> u<516> t<Module_or_generate_item> p<517> c<515> l<48:4> el<54:7>
              n<> u<515> t<Module_common_item> p<516> c<514> l<48:4> el<54:7>
                n<> u<514> t<Always_construct> p<515> c<372> l<48:4> el<54:7>
                  n<> u<372> t<ALWAYS> p<514> s<513> l<48:4> el<48:10>
                  n<> u<513> t<Statement> p<514> c<512> l<48:11> el<54:7>
                    n<> u<512> t<Statement_item> p<513> c<511> l<48:11> el<54:7>
                      n<> u<511> t<Procedural_timing_control_statement> p<512> c<380> l<48:11> el<54:7>
                        n<> u<380> t<Procedural_timing_control> p<511> c<379> s<510> l<48:11> el<48:26>
                          n<> u<379> t<Event_control> p<380> c<378> l<48:11> el<48:26>
                            n<> u<378> t<Event_expression> p<379> c<373> l<48:14> el<48:25>
                              n<> u<373> t<POSEDGE> p<378> s<377> l<48:14> el<48:21>
                              n<> u<377> t<Expression> p<378> c<376> l<48:22> el<48:25>
                                n<> u<376> t<Primary> p<377> c<375> l<48:22> el<48:25>
                                  n<> u<375> t<Primary_literal> p<376> c<374> l<48:22> el<48:25>
                                    n<clk> u<374> t<SIMPLE_IDENTIFIER> p<375> l<48:22> el<48:25>
                        n<> u<510> t<Statement_or_null> p<511> c<509> l<48:27> el<54:7>
                          n<> u<509> t<Statement> p<510> c<508> l<48:27> el<54:7>
                            n<> u<508> t<Statement_item> p<509> c<507> l<48:27> el<54:7>
                              n<> u<507> t<Seq_block> p<508> c<405> l<48:27> el<54:7>
                                n<> u<405> t<Statement_or_null> p<507> c<404> s<430> l<49:7> el<49:30>
                                  n<> u<404> t<Statement> p<405> c<403> l<49:7> el<49:30>
                                    n<> u<403> t<Statement_item> p<404> c<402> l<49:7> el<49:30>
                                      n<> u<402> t<Conditional_statement> p<403> c<392> l<49:7> el<49:30>
                                        n<> u<392> t<Cond_predicate> p<402> c<391> s<401> l<49:11> el<49:22>
                                          n<> u<391> t<Expression_or_cond_pattern> p<392> c<390> l<49:11> el<49:22>
                                            n<> u<390> t<Expression> p<391> c<384> l<49:11> el<49:22>
                                              n<> u<384> t<Expression> p<390> c<383> s<389> l<49:11> el<49:15>
                                                n<> u<383> t<Primary> p<384> c<382> l<49:11> el<49:15>
                                                  n<> u<382> t<Primary_literal> p<383> c<381> l<49:11> el<49:15>
                                                    n<UNCH> u<381> t<SIMPLE_IDENTIFIER> p<382> l<49:11> el<49:15>
                                              n<> u<389> t<FOUR_STATE_LOGIC_NOTEQUAL> p<390> s<388> l<49:16> el<49:19>
                                              n<> u<388> t<Expression> p<390> c<387> l<49:20> el<49:22>
                                                n<> u<387> t<Primary> p<388> c<386> l<49:20> el<49:22>
                                                  n<> u<386> t<Primary_literal> p<387> c<385> l<49:20> el<49:22>
                                                    n<99> u<385> t<INTEGRAL_NUMBER> p<386> l<49:20> el<49:22>
                                        n<> u<401> t<Statement_or_null> p<402> c<400> l<49:24> el<49:30>
                                          n<> u<400> t<Statement> p<401> c<399> l<49:24> el<49:30>
                                            n<> u<399> t<Statement_item> p<400> c<398> l<49:24> el<49:30>
                                              n<> u<398> t<Subroutine_call_statement> p<399> c<397> l<49:24> el<49:30>
                                                n<> u<397> t<Subroutine_call> p<398> c<393> l<49:24> el<49:29>
                                                  n<$> u<393> t<DOLLAR> p<397> s<394> l<49:24> el<49:25>
                                                  n<stop> u<394> t<SIMPLE_IDENTIFIER> p<397> s<396> l<49:25> el<49:29>
                                                  n<> u<396> t<Select> p<397> c<395> l<49:29> el<49:29>
                                                    n<> u<395> t<Bit_select> p<396> l<49:29> el<49:29>
                                n<> u<430> t<Statement_or_null> p<507> c<429> s<455> l<50:7> el<50:28>
                                  n<> u<429> t<Statement> p<430> c<428> l<50:7> el<50:28>
                                    n<> u<428> t<Statement_item> p<429> c<427> l<50:7> el<50:28>
                                      n<> u<427> t<Conditional_statement> p<428> c<417> l<50:7> el<50:28>
                                        n<> u<417> t<Cond_predicate> p<427> c<416> s<426> l<50:11> el<50:20>
                                          n<> u<416> t<Expression_or_cond_pattern> p<417> c<415> l<50:11> el<50:20>
                                            n<> u<415> t<Expression> p<416> c<409> l<50:11> el<50:20>
                                              n<> u<409> t<Expression> p<415> c<408> s<414> l<50:11> el<50:13>
                                                n<> u<408> t<Primary> p<409> c<407> l<50:11> el<50:13>
                                                  n<> u<407> t<Primary_literal> p<408> c<406> l<50:11> el<50:13>
                                                    n<P1> u<406> t<SIMPLE_IDENTIFIER> p<407> l<50:11> el<50:13>
                                              n<> u<414> t<FOUR_STATE_LOGIC_NOTEQUAL> p<415> s<413> l<50:14> el<50:17>
                                              n<> u<413> t<Expression> p<415> c<412> l<50:18> el<50:20>
                                                n<> u<412> t<Primary> p<413> c<411> l<50:18> el<50:20>
                                                  n<> u<411> t<Primary_literal> p<412> c<410> l<50:18> el<50:20>
                                                    n<10> u<410> t<INTEGRAL_NUMBER> p<411> l<50:18> el<50:20>
                                        n<> u<426> t<Statement_or_null> p<427> c<425> l<50:22> el<50:28>
                                          n<> u<425> t<Statement> p<426> c<424> l<50:22> el<50:28>
                                            n<> u<424> t<Statement_item> p<425> c<423> l<50:22> el<50:28>
                                              n<> u<423> t<Subroutine_call_statement> p<424> c<422> l<50:22> el<50:28>
                                                n<> u<422> t<Subroutine_call> p<423> c<418> l<50:22> el<50:27>
                                                  n<$> u<418> t<DOLLAR> p<422> s<419> l<50:22> el<50:23>
                                                  n<stop> u<419> t<SIMPLE_IDENTIFIER> p<422> s<421> l<50:23> el<50:27>
                                                  n<> u<421> t<Select> p<422> c<420> l<50:27> el<50:27>
                                                    n<> u<420> t<Bit_select> p<421> l<50:27> el<50:27>
                                n<> u<455> t<Statement_or_null> p<507> c<454> s<480> l<51:7> el<51:27>
                                  n<> u<454> t<Statement> p<455> c<453> l<51:7> el<51:27>
                                    n<> u<453> t<Statement_item> p<454> c<452> l<51:7> el<51:27>
                                      n<> u<452> t<Conditional_statement> p<453> c<442> l<51:7> el<51:27>
                                        n<> u<442> t<Cond_predicate> p<452> c<441> s<451> l<51:11> el<51:19>
                                          n<> u<441> t<Expression_or_cond_pattern> p<442> c<440> l<51:11> el<51:19>
                                            n<> u<440> t<Expression> p<441> c<434> l<51:11> el<51:19>
                                              n<> u<434> t<Expression> p<440> c<433> s<439> l<51:11> el<51:13>
                                                n<> u<433> t<Primary> p<434> c<432> l<51:11> el<51:13>
                                                  n<> u<432> t<Primary_literal> p<433> c<431> l<51:11> el<51:13>
                                                    n<P2> u<431> t<SIMPLE_IDENTIFIER> p<432> l<51:11> el<51:13>
                                              n<> u<439> t<FOUR_STATE_LOGIC_NOTEQUAL> p<440> s<438> l<51:14> el<51:17>
                                              n<> u<438> t<Expression> p<440> c<437> l<51:18> el<51:19>
                                                n<> u<437> t<Primary> p<438> c<436> l<51:18> el<51:19>
                                                  n<> u<436> t<Primary_literal> p<437> c<435> l<51:18> el<51:19>
                                                    n<2> u<435> t<INTEGRAL_NUMBER> p<436> l<51:18> el<51:19>
                                        n<> u<451> t<Statement_or_null> p<452> c<450> l<51:21> el<51:27>
                                          n<> u<450> t<Statement> p<451> c<449> l<51:21> el<51:27>
                                            n<> u<449> t<Statement_item> p<450> c<448> l<51:21> el<51:27>
                                              n<> u<448> t<Subroutine_call_statement> p<449> c<447> l<51:21> el<51:27>
                                                n<> u<447> t<Subroutine_call> p<448> c<443> l<51:21> el<51:26>
                                                  n<$> u<443> t<DOLLAR> p<447> s<444> l<51:21> el<51:22>
                                                  n<stop> u<444> t<SIMPLE_IDENTIFIER> p<447> s<446> l<51:22> el<51:26>
                                                  n<> u<446> t<Select> p<447> c<445> l<51:26> el<51:26>
                                                    n<> u<445> t<Bit_select> p<446> l<51:26> el<51:26>
                                n<> u<480> t<Statement_or_null> p<507> c<479> s<505> l<52:7> el<52:27>
                                  n<> u<479> t<Statement> p<480> c<478> l<52:7> el<52:27>
                                    n<> u<478> t<Statement_item> p<479> c<477> l<52:7> el<52:27>
                                      n<> u<477> t<Conditional_statement> p<478> c<467> l<52:7> el<52:27>
                                        n<> u<467> t<Cond_predicate> p<477> c<466> s<476> l<52:11> el<52:19>
                                          n<> u<466> t<Expression_or_cond_pattern> p<467> c<465> l<52:11> el<52:19>
                                            n<> u<465> t<Expression> p<466> c<459> l<52:11> el<52:19>
                                              n<> u<459> t<Expression> p<465> c<458> s<464> l<52:11> el<52:13>
                                                n<> u<458> t<Primary> p<459> c<457> l<52:11> el<52:13>
                                                  n<> u<457> t<Primary_literal> p<458> c<456> l<52:11> el<52:13>
                                                    n<P3> u<456> t<SIMPLE_IDENTIFIER> p<457> l<52:11> el<52:13>
                                              n<> u<464> t<FOUR_STATE_LOGIC_NOTEQUAL> p<465> s<463> l<52:14> el<52:17>
                                              n<> u<463> t<Expression> p<465> c<462> l<52:18> el<52:19>
                                                n<> u<462> t<Primary> p<463> c<461> l<52:18> el<52:19>
                                                  n<> u<461> t<Primary_literal> p<462> c<460> l<52:18> el<52:19>
                                                    n<3> u<460> t<INTEGRAL_NUMBER> p<461> l<52:18> el<52:19>
                                        n<> u<476> t<Statement_or_null> p<477> c<475> l<52:21> el<52:27>
                                          n<> u<475> t<Statement> p<476> c<474> l<52:21> el<52:27>
                                            n<> u<474> t<Statement_item> p<475> c<473> l<52:21> el<52:27>
                                              n<> u<473> t<Subroutine_call_statement> p<474> c<472> l<52:21> el<52:27>
                                                n<> u<472> t<Subroutine_call> p<473> c<468> l<52:21> el<52:26>
                                                  n<$> u<468> t<DOLLAR> p<472> s<469> l<52:21> el<52:22>
                                                  n<stop> u<469> t<SIMPLE_IDENTIFIER> p<472> s<471> l<52:22> el<52:26>
                                                  n<> u<471> t<Select> p<472> c<470> l<52:26> el<52:26>
                                                    n<> u<470> t<Bit_select> p<471> l<52:26> el<52:26>
                                n<> u<505> t<Statement_or_null> p<507> c<504> s<506> l<53:7> el<53:34>
                                  n<> u<504> t<Statement> p<505> c<503> l<53:7> el<53:34>
                                    n<> u<503> t<Statement_item> p<504> c<502> l<53:7> el<53:34>
                                      n<> u<502> t<Conditional_statement> p<503> c<492> l<53:7> el<53:34>
                                        n<> u<492> t<Cond_predicate> p<502> c<491> s<501> l<53:11> el<53:26>
                                          n<> u<491> t<Expression_or_cond_pattern> p<492> c<490> l<53:11> el<53:26>
                                            n<> u<490> t<Expression> p<491> c<484> l<53:11> el<53:26>
                                              n<> u<484> t<Expression> p<490> c<483> s<489> l<53:11> el<53:19>
                                                n<> u<483> t<Primary> p<484> c<482> l<53:11> el<53:19>
                                                  n<> u<482> t<Primary_literal> p<483> c<481> l<53:11> el<53:19>
                                                    n<FROMDEFP> u<481> t<SIMPLE_IDENTIFIER> p<482> l<53:11> el<53:19>
                                              n<> u<489> t<FOUR_STATE_LOGIC_NOTEQUAL> p<490> s<488> l<53:20> el<53:23>
                                              n<> u<488> t<Expression> p<490> c<487> l<53:24> el<53:26>
                                                n<> u<487> t<Primary> p<488> c<486> l<53:24> el<53:26>
                                                  n<> u<486> t<Primary_literal> p<487> c<485> l<53:24> el<53:26>
                                                    n<19> u<485> t<INTEGRAL_NUMBER> p<486> l<53:24> el<53:26>
                                        n<> u<501> t<Statement_or_null> p<502> c<500> l<53:28> el<53:34>
                                          n<> u<500> t<Statement> p<501> c<499> l<53:28> el<53:34>
                                            n<> u<499> t<Statement_item> p<500> c<498> l<53:28> el<53:34>
                                              n<> u<498> t<Subroutine_call_statement> p<499> c<497> l<53:28> el<53:34>
                                                n<> u<497> t<Subroutine_call> p<498> c<493> l<53:28> el<53:33>
                                                  n<$> u<493> t<DOLLAR> p<497> s<494> l<53:28> el<53:29>
                                                  n<stop> u<494> t<SIMPLE_IDENTIFIER> p<497> s<496> l<53:29> el<53:33>
                                                  n<> u<496> t<Select> p<497> c<495> l<53:33> el<53:33>
                                                    n<> u<495> t<Bit_select> p<496> l<53:33> el<53:33>
                                n<> u<506> t<END> p<507> l<54:4> el<54:7>
        n<> u<519> t<ENDMODULE> p<520> l<55:1> el<55:10>
AST_DEBUG_END
[INF:CP5804] $Source01/t_param_named_2.v:6:1: Compile module "t".
[INF:CP5804] $Source01/t_param_named_2.v:30:1: Compile module "m3".
[INF:CM5028] Using global timescale: "1ns/1ns".
====== HLDB =======
Design name:unnamed:
  vpiName: unnamed
  vpiSourceFile (1 items):
    SourceFile name:t_param_named_2.v file:$Source01/t_param_named_2.v:
      vpiParent: Design name:unnamed
      vpiName: t_param_named_2.v
      vpiPreprocFile: "$Output/lib/work/t_param_named_2.v"
  vpiAllModules (2 items):
    Module name:t file:$Source01/t_param_named_2.v start:6:1 end:28:10:
      vpiParent: Design name:unnamed
      vpiName Identifier name:t start:6:8 end:6:9:
      vpiFullName: t
      vpiVariable (1 items):
        Variable name:cyc start:19:12 end:19:15:
          vpiParent: Module name:t
          vpiTypespec RefTypespec start:19:4 end:19:11:
            vpiParent: Variable name:cyc
            vpiFullName: t.cyc
            vpiActual: IntegerTypespec
          vpiName: cyc
          vpiFullName: t.cyc
          vpiValue Constant start:19:16 end:19:17:
            vpiParent: Variable name:cyc
            vpiTypespec RefTypespec:
              vpiParent: Constant
              vpiFullName: t.cyc
              vpiActual: IntTypespec
            vpiConstType: unsigned int (9)
            vpiSize: 64
            vpiDecompile: "1"
            vpiValue: 1
      vpiParameter (1 items):
        Parameter name:PAR start:10:14 end:10:17:
          vpiParent: Module name:t
          vpiTypespec RefTypespec:
            vpiParent: Parameter name:PAR
            vpiFullName: t.PAR
            vpiActual: LogicTypespec
          vpiName: PAR
          vpiFullName: t.PAR
      vpiParamAssign (1 items):
        ParamAssign start:10:14 end:10:21:
          vpiParent: Module name:t
          vpiLhs RefObj name:PAR start:10:14 end:10:17:
            vpiParent: ParamAssign
            vpiName: PAR
            vpiFullName: t.PAR
            vpiActual: Parameter name:PAR
          vpiRhs Constant start:10:20 end:10:21:
            vpiParent: ParamAssign
            vpiTypespec RefTypespec:
              vpiParent: Constant
              vpiFullName: t
              vpiActual: IntTypespec
            vpiConstType: unsigned int (9)
            vpiSize: 64
            vpiDecompile: "3"
            vpiValue: 3
      vpiTypespec (3 items):
        LogicTypespec:
          vpiParent: Module name:t
        ModuleTypespec name:m3 start:13:4 end:13:6:
          vpiParent: Module name:t
          vpiName Identifier name:m3 start:13:4 end:13:6:
          vpiDefName: m3
          vpiModule: Module name:m3
        IntegerTypespec:
          vpiParent: Module name:t
          vpiSigned: true
      vpiDefName: t
      vpiDefNetType: wire (1)
      vpiLibrary RefObj name:work start:6:8 end:6:9:
        vpiParent: Module name:t
        vpiName: work
        vpiFullName: t.work
        vpiActual: Library name:work
      vpiCell: t
      vpiNet (1 items):
        Net name:clk start:11:10 end:11:13:
          vpiParent: Module name:t
          vpiTypespec RefTypespec:
            vpiParent: Net name:clk
            vpiFullName: t.clk
            vpiActual: LogicTypespec
          vpiName: clk
          vpiFullName: t.clk
          vpiNetType: wire (1)
      vpiPort (1 items):
        Port name:clk start:8:4 end:8:7:
          vpiParent: Module name:t
          vpiName: clk
          vpiDirection: input (1)
          vpiLowConn RefObj name:clk start:11:10 end:11:13:
            vpiParent: Port name:clk
            vpiName: clk
            vpiFullName: t.clk.clk
            vpiActual: Net name:clk
          vpiTypespec RefTypespec:
            vpiParent: Port name:clk
            vpiFullName: t.clk
            vpiActual: LogicTypespec
      vpiProcess (1 items):
        Always start:20:4 end:26:7:
          vpiParent: Module name:t
          vpiStmt EventControl start:20:11 end:26:7:
            vpiParent: Always
            vpiCondition Operation start:20:14 end:20:25:
              vpiParent: EventControl
              vpiOpType: posedge (39)
              vpiOperand (1 items):
                RefObj name:clk start:20:22 end:20:25:
                  vpiParent: Operation
                  vpiName: clk
                  vpiFullName: t.clk
                  vpiActual: Net name:clk
            vpiStmt Begin start:20:27 end:26:7:
              vpiParent: EventControl
              vpiFullName: t
              vpiStmt (2 items):
                Assignment start:21:7 end:21:21:
                  vpiParent: Begin
                  vpiLhs RefObj name:cyc start:21:7 end:21:10:
                    vpiParent: Assignment
                    vpiName: cyc
                    vpiFullName: t.cyc
                    vpiActual: Variable name:cyc
                  vpiRhs Operation start:21:14 end:21:21:
                    vpiParent: Assignment
                    vpiOpType: add (24)
                    vpiOperand (2 items):
                      RefObj name:cyc start:21:14 end:21:17:
                        vpiParent: Operation
                        vpiName: cyc
                        vpiFullName: t.cyc
                        vpiActual: Variable name:cyc
                      Constant start:21:20 end:21:21:
                        vpiParent: Operation
                        vpiTypespec RefTypespec:
                          vpiParent: Constant
                          vpiFullName: t
                          vpiActual: IntTypespec
                        vpiConstType: unsigned int (9)
                        vpiSize: 64
                        vpiDecompile: "1"
                        vpiValue: 1
                IfStmt start:22:7 end:25:10:
                  vpiParent: Begin
                  vpiCondition Operation start:22:11 end:22:17:
                    vpiParent: IfStmt
                    vpiOpType: equal (14)
                    vpiOperand (2 items):
                      RefObj name:cyc start:22:11 end:22:14:
                        vpiParent: Operation
                        vpiName: cyc
                        vpiFullName: t.cyc
                        vpiActual: Variable name:cyc
                      Constant start:22:16 end:22:17:
                        vpiParent: Operation
                        vpiTypespec RefTypespec:
                          vpiParent: Constant
                          vpiFullName: t
                          vpiActual: IntTypespec
                        vpiConstType: unsigned int (9)
                        vpiSize: 64
                        vpiDecompile: "1"
                        vpiValue: 1
                  vpiStmt Begin start:22:19 end:25:10:
                    vpiParent: IfStmt
                    vpiFullName: t
                    vpiStmt (2 items):
                      SysTaskCall name:$write start:23:11 end:23:43:
                        vpiParent: Begin
                        vpiName Identifier name:$write start:23:11 end:23:17:
                        vpiArgument (1 items):
                          NamedArgument start:23:18 end:23:42:
                            vpiParent: SysTaskCall name:$write
                            vpiHighConn Constant start:23:18 end:23:42:
                              vpiParent: NamedArgument
                              vpiTypespec RefTypespec:
                                vpiParent: Constant
                                vpiFullName: t
                                vpiActual: StringTypespec
                              vpiConstType: string (6)
                              vpiSize: 168
                              vpiDecompile: "\"*-* All Finished *-*\\n\""
                              vpiValue: "*-* All Finished *-*\\n"
                      SysTaskCall name:$finish start:24:11 end:24:18:
                        vpiParent: Begin
                        vpiName Identifier name:$finish start:24:11 end:24:18:
                        vpiIsProperty: true
          vpiAlwaysType: always (1)
      vpiDefParam (3 items):
        DefParam start:14:13 end:14:34:
          vpiParent: Module name:t
          vpiLhs RefObj name:m3_inst.FROMDEFP start:14:13 end:14:29:
            vpiParent: DefParam
            vpiName: m3_inst.FROMDEFP
            vpiFullName: t.m3_inst.FROMDEFP
            vpiPathElem (2 items):
              RefObj name:m3_inst start:14:13 end:14:20:
                vpiParent: RefObj name:m3_inst.FROMDEFP
                vpiName: m3_inst
                vpiFullName: t.m3_inst
                vpiActual: RefInstance name:m3_inst
              RefObj name:FROMDEFP start:14:21 end:14:29:
                vpiParent: RefObj name:m3_inst.FROMDEFP
                vpiName: FROMDEFP
                vpiFullName: t.FROMDEFP
                vpiActual: Parameter name:FROMDEFP
            vpiActual: Parameter name:FROMDEFP
          vpiRhs Constant start:14:32 end:14:34:
            vpiParent: DefParam
            vpiTypespec RefTypespec:
              vpiParent: Constant
              vpiFullName: t
              vpiActual: IntTypespec
            vpiConstType: unsigned int (9)
            vpiSize: 64
            vpiDecompile: "19"
            vpiValue: 19
        DefParam start:15:13 end:15:27:
          vpiParent: Module name:t
          vpiLhs RefObj name:m3_inst.P2 start:15:13 end:15:23:
            vpiParent: DefParam
            vpiName: m3_inst.P2
            vpiFullName: t.m3_inst.P2
            vpiPathElem (2 items):
              RefObj name:m3_inst start:15:13 end:15:20:
                vpiParent: RefObj name:m3_inst.P2
                vpiName: m3_inst
                vpiFullName: t.m3_inst
                vpiActual: RefInstance name:m3_inst
              RefObj name:P2 start:15:21 end:15:23:
                vpiParent: RefObj name:m3_inst.P2
                vpiName: P2
                vpiFullName: t.P2
                vpiActual: Parameter name:P2
            vpiActual: Parameter name:P2
          vpiRhs Constant start:15:26 end:15:27:
            vpiParent: DefParam
            vpiTypespec RefTypespec:
              vpiParent: Constant
              vpiFullName: t
              vpiActual: IntTypespec
            vpiConstType: unsigned int (9)
            vpiSize: 64
            vpiDecompile: "2"
            vpiValue: 2
        DefParam start:17:13 end:17:27:
          vpiParent: Module name:t
          vpiLhs RefObj name:m3_inst.P3 start:17:13 end:17:23:
            vpiParent: DefParam
            vpiName: m3_inst.P3
            vpiFullName: t.m3_inst.P3
            vpiPathElem (2 items):
              RefObj name:m3_inst start:17:13 end:17:20:
                vpiParent: RefObj name:m3_inst.P3
                vpiName: m3_inst
                vpiFullName: t.m3_inst
                vpiActual: RefInstance name:m3_inst
              RefObj name:P3 start:17:21 end:17:23:
                vpiParent: RefObj name:m3_inst.P3
                vpiName: P3
                vpiFullName: t.P3
                vpiActual: Parameter name:P3
            vpiActual: Parameter name:P3
          vpiRhs Constant start:17:26 end:17:27:
            vpiParent: DefParam
            vpiTypespec RefTypespec:
              vpiParent: Constant
              vpiFullName: t
              vpiActual: IntTypespec
            vpiConstType: unsigned int (9)
            vpiSize: 64
            vpiDecompile: "3"
            vpiValue: 3
      vpiRefInstance (1 items):
        RefInstance name:m3_inst start:13:7 end:13:14:
          vpiParent: Module name:t
          vpiName: m3_inst
          vpiTypespec RefTypespec name:m3 start:13:4 end:13:6:
            vpiParent: RefInstance name:m3_inst
            vpiName: m3
            vpiFullName: t.m3_inst.m3
            vpiActual: ModuleTypespec name:m3
          vpiArgument (1 items):
            NamedArgument start:13:16 end:13:25:
              vpiParent: RefInstance name:m3_inst
              vpiConnByName: true
              vpiLowConn RefObj name:clk start:13:17 end:13:20:
                vpiParent: NamedArgument
                vpiName: clk
                vpiFullName: t.m3_inst.clk
                vpiActual: Net name:clk
              vpiHighConn RefObj name:clk start:13:21 end:13:24:
                vpiParent: NamedArgument
                vpiName: clk
                vpiFullName: t.m3_inst.clk
                vpiActual: Net name:clk
    Module name:m3 file:$Source01/t_param_named_2.v start:30:1 end:55:10:
      vpiParent: Design name:unnamed
      vpiName Identifier name:m3 start:30:8 end:30:10:
      vpiFullName: m3
      vpiParameter (6 items):
        Parameter name:LOC start:36:16 end:36:19:
          vpiParent: Module name:m3
          vpiTypespec RefTypespec:
            vpiParent: Parameter name:LOC
            vpiFullName: m3.LOC
            vpiActual: LogicTypespec
          vpiName: LOC
          vpiFullName: m3.LOC
          vpiLocalParam: true
        Parameter name:UNCH start:38:16 end:38:20:
          vpiParent: Module name:m3
          vpiTypespec RefTypespec:
            vpiParent: Parameter name:UNCH
            vpiFullName: m3.UNCH
            vpiActual: LogicTypespec
          vpiName: UNCH
          vpiFullName: m3.UNCH
        Parameter name:P1 start:39:16 end:39:18:
          vpiParent: Module name:m3
          vpiTypespec RefTypespec:
            vpiParent: Parameter name:P1
            vpiFullName: m3.P1
            vpiActual: LogicTypespec
          vpiName: P1
          vpiFullName: m3.P1
        Parameter name:P2 start:40:16 end:40:18:
          vpiParent: Module name:m3
          vpiTypespec RefTypespec:
            vpiParent: Parameter name:P2
            vpiFullName: m3.P2
            vpiActual: LogicTypespec
          vpiName: P2
          vpiFullName: m3.P2
        Parameter name:P3 start:41:16 end:41:18:
          vpiParent: Module name:m3
          vpiTypespec RefTypespec:
            vpiParent: Parameter name:P3
            vpiFullName: m3.P3
            vpiActual: LogicTypespec
          vpiName: P3
          vpiFullName: m3.P3
        Parameter name:FROMDEFP start:43:16 end:43:24:
          vpiParent: Module name:m3
          vpiTypespec RefTypespec:
            vpiParent: Parameter name:FROMDEFP
            vpiFullName: m3.FROMDEFP
            vpiActual: LogicTypespec
          vpiName: FROMDEFP
          vpiFullName: m3.FROMDEFP
      vpiParamAssign (6 items):
        ParamAssign start:36:16 end:36:24:
          vpiParent: Module name:m3
          vpiLhs RefObj name:LOC start:36:16 end:36:19:
            vpiParent: ParamAssign
            vpiName: LOC
            vpiFullName: m3.LOC
            vpiActual: Parameter name:LOC
          vpiRhs Constant start:36:22 end:36:24:
            vpiParent: ParamAssign
            vpiTypespec RefTypespec:
              vpiParent: Constant
              vpiFullName: m3
              vpiActual: IntTypespec
            vpiConstType: unsigned int (9)
            vpiSize: 64
            vpiDecompile: "13"
            vpiValue: 13
        ParamAssign start:38:16 end:38:25:
          vpiParent: Module name:m3
          vpiLhs RefObj name:UNCH start:38:16 end:38:20:
            vpiParent: ParamAssign
            vpiName: UNCH
            vpiFullName: m3.UNCH
            vpiActual: Parameter name:UNCH
          vpiRhs Constant start:38:23 end:38:25:
            vpiParent: ParamAssign
            vpiTypespec RefTypespec:
              vpiParent: Constant
              vpiFullName: m3
              vpiActual: IntTypespec
            vpiConstType: unsigned int (9)
            vpiSize: 64
            vpiDecompile: "99"
            vpiValue: 99
        ParamAssign start:39:16 end:39:23:
          vpiParent: Module name:m3
          vpiLhs RefObj name:P1 start:39:16 end:39:18:
            vpiParent: ParamAssign
            vpiName: P1
            vpiFullName: m3.P1
            vpiActual: Parameter name:P1
          vpiRhs Constant start:39:21 end:39:23:
            vpiParent: ParamAssign
            vpiTypespec RefTypespec:
              vpiParent: Constant
              vpiFullName: m3
              vpiActual: IntTypespec
            vpiConstType: unsigned int (9)
            vpiSize: 64
            vpiDecompile: "10"
            vpiValue: 10
        ParamAssign start:40:16 end:40:23:
          vpiParent: Module name:m3
          vpiLhs RefObj name:P2 start:40:16 end:40:18:
            vpiParent: ParamAssign
            vpiName: P2
            vpiFullName: m3.P2
            vpiActual: Parameter name:P2
          vpiRhs Constant start:40:21 end:40:23:
            vpiParent: ParamAssign
            vpiTypespec RefTypespec:
              vpiParent: Constant
              vpiFullName: m3
              vpiActual: IntTypespec
            vpiConstType: unsigned int (9)
            vpiSize: 64
            vpiDecompile: "20"
            vpiValue: 20
        ParamAssign start:41:16 end:41:23:
          vpiParent: Module name:m3
          vpiLhs RefObj name:P3 start:41:16 end:41:18:
            vpiParent: ParamAssign
            vpiName: P3
            vpiFullName: m3.P3
            vpiActual: Parameter name:P3
          vpiRhs Constant start:41:21 end:41:23:
            vpiParent: ParamAssign
            vpiTypespec RefTypespec:
              vpiParent: Constant
              vpiFullName: m3
              vpiActual: IntTypespec
            vpiConstType: unsigned int (9)
            vpiSize: 64
            vpiDecompile: "30"
            vpiValue: 30
        ParamAssign start:43:16 end:43:29:
          vpiParent: Module name:m3
          vpiLhs RefObj name:FROMDEFP start:43:16 end:43:24:
            vpiParent: ParamAssign
            vpiName: FROMDEFP
            vpiFullName: m3.FROMDEFP
            vpiActual: Parameter name:FROMDEFP
          vpiRhs Constant start:43:27 end:43:29:
            vpiParent: ParamAssign
            vpiTypespec RefTypespec:
              vpiParent: Constant
              vpiFullName: m3
              vpiActual: IntTypespec
            vpiConstType: unsigned int (9)
            vpiSize: 64
            vpiDecompile: "11"
            vpiValue: 11
      vpiTypespec (1 items):
        LogicTypespec:
          vpiParent: Module name:m3
      vpiDefName: m3
      vpiDefNetType: wire (1)
      vpiLibrary RefObj name:work start:30:8 end:30:10:
        vpiParent: Module name:m3
        vpiName: work
        vpiFullName: m3.work
        vpiActual: Library name:work
      vpiCell: m3
      vpiNet (1 items):
        Net name:clk start:35:16 end:35:19:
          vpiParent: Module name:m3
          vpiTypespec RefTypespec:
            vpiParent: Net name:clk
            vpiFullName: m3.clk
            vpiActual: LogicTypespec
          vpiName: clk
          vpiFullName: m3.clk
          vpiNetType: wire (1)
      vpiPort (1 items):
        Port name:clk start:33:6 end:33:9:
          vpiParent: Module name:m3
          vpiName: clk
          vpiDirection: input (1)
          vpiLowConn RefObj name:clk start:35:16 end:35:19:
            vpiParent: Port name:clk
            vpiName: clk
            vpiFullName: m3.clk.clk
            vpiActual: Net name:clk
          vpiTypespec RefTypespec:
            vpiParent: Port name:clk
            vpiFullName: m3.clk
            vpiActual: LogicTypespec
      vpiProcess (2 items):
        Initial start:45:4 end:47:7:
          vpiParent: Module name:m3
          vpiStmt Begin start:45:12 end:47:7:
            vpiParent: Initial
            vpiFullName: m3
            vpiStmt (1 items):
              SysTaskCall name:$display start:46:7 end:46:36:
                vpiParent: Begin
                vpiName Identifier name:$display start:46:7 end:46:15:
                vpiArgument (4 items):
                  NamedArgument start:46:16 end:46:26:
                    vpiParent: SysTaskCall name:$display
                    vpiHighConn Constant start:46:16 end:46:26:
                      vpiParent: NamedArgument
                      vpiTypespec RefTypespec:
                        vpiParent: Constant
                        vpiFullName: m3
                        vpiActual: StringTypespec
                      vpiConstType: string (6)
                      vpiSize: 64
                      vpiDecompile: "\"%x %x %x\""
                      vpiValue: "%x %x %x"
                  NamedArgument start:46:27 end:46:29:
                    vpiParent: SysTaskCall name:$display
                    vpiHighConn RefObj name:P1 start:46:27 end:46:29:
                      vpiParent: NamedArgument
                      vpiName: P1
                      vpiFullName: m3.P1
                      vpiActual: Parameter name:P1
                  NamedArgument start:46:30 end:46:32:
                    vpiParent: SysTaskCall name:$display
                    vpiHighConn RefObj name:P2 start:46:30 end:46:32:
                      vpiParent: NamedArgument
                      vpiName: P2
                      vpiFullName: m3.P2
                      vpiActual: Parameter name:P2
                  NamedArgument start:46:33 end:46:35:
                    vpiParent: SysTaskCall name:$display
                    vpiHighConn RefObj name:P3 start:46:33 end:46:35:
                      vpiParent: NamedArgument
                      vpiName: P3
                      vpiFullName: m3.P3
                      vpiActual: Parameter name:P3
        Always start:48:4 end:54:7:
          vpiParent: Module name:m3
          vpiStmt EventControl start:48:11 end:54:7:
            vpiParent: Always
            vpiCondition Operation start:48:14 end:48:25:
              vpiParent: EventControl
              vpiOpType: posedge (39)
              vpiOperand (1 items):
                RefObj name:clk start:48:22 end:48:25:
                  vpiParent: Operation
                  vpiName: clk
                  vpiFullName: m3.clk
                  vpiActual: Net name:clk
            vpiStmt Begin start:48:27 end:54:7:
              vpiParent: EventControl
              vpiFullName: m3
              vpiStmt (5 items):
                IfStmt start:49:7 end:49:30:
                  vpiParent: Begin
                  vpiCondition Operation start:49:11 end:49:22:
                    vpiParent: IfStmt
                    vpiOpType: case neq (17)
                    vpiOperand (2 items):
                      RefObj name:UNCH start:49:11 end:49:15:
                        vpiParent: Operation
                        vpiName: UNCH
                        vpiFullName: m3.UNCH
                        vpiActual: Parameter name:UNCH
                      Constant start:49:20 end:49:22:
                        vpiParent: Operation
                        vpiTypespec RefTypespec:
                          vpiParent: Constant
                          vpiFullName: m3
                          vpiActual: IntTypespec
                        vpiConstType: unsigned int (9)
                        vpiSize: 64
                        vpiDecompile: "99"
                        vpiValue: 99
                  vpiStmt SysTaskCall name:$stop start:49:24 end:49:29:
                    vpiParent: IfStmt
                    vpiName Identifier name:$stop start:49:24 end:49:29:
                    vpiIsProperty: true
                IfStmt start:50:7 end:50:28:
                  vpiParent: Begin
                  vpiCondition Operation start:50:11 end:50:20:
                    vpiParent: IfStmt
                    vpiOpType: case neq (17)
                    vpiOperand (2 items):
                      RefObj name:P1 start:50:11 end:50:13:
                        vpiParent: Operation
                        vpiName: P1
                        vpiFullName: m3.P1
                        vpiActual: Parameter name:P1
                      Constant start:50:18 end:50:20:
                        vpiParent: Operation
                        vpiTypespec RefTypespec:
                          vpiParent: Constant
                          vpiFullName: m3
                          vpiActual: IntTypespec
                        vpiConstType: unsigned int (9)
                        vpiSize: 64
                        vpiDecompile: "10"
                        vpiValue: 10
                  vpiStmt SysTaskCall name:$stop start:50:22 end:50:27:
                    vpiParent: IfStmt
                    vpiName Identifier name:$stop start:50:22 end:50:27:
                    vpiIsProperty: true
                IfStmt start:51:7 end:51:27:
                  vpiParent: Begin
                  vpiCondition Operation start:51:11 end:51:19:
                    vpiParent: IfStmt
                    vpiOpType: case neq (17)
                    vpiOperand (2 items):
                      RefObj name:P2 start:51:11 end:51:13:
                        vpiParent: Operation
                        vpiName: P2
                        vpiFullName: m3.P2
                        vpiActual: Parameter name:P2
                      Constant start:51:18 end:51:19:
                        vpiParent: Operation
                        vpiTypespec RefTypespec:
                          vpiParent: Constant
                          vpiFullName: m3
                          vpiActual: IntTypespec
                        vpiConstType: unsigned int (9)
                        vpiSize: 64
                        vpiDecompile: "2"
                        vpiValue: 2
                  vpiStmt SysTaskCall name:$stop start:51:21 end:51:26:
                    vpiParent: IfStmt
                    vpiName Identifier name:$stop start:51:21 end:51:26:
                    vpiIsProperty: true
                IfStmt start:52:7 end:52:27:
                  vpiParent: Begin
                  vpiCondition Operation start:52:11 end:52:19:
                    vpiParent: IfStmt
                    vpiOpType: case neq (17)
                    vpiOperand (2 items):
                      RefObj name:P3 start:52:11 end:52:13:
                        vpiParent: Operation
                        vpiName: P3
                        vpiFullName: m3.P3
                        vpiActual: Parameter name:P3
                      Constant start:52:18 end:52:19:
                        vpiParent: Operation
                        vpiTypespec RefTypespec:
                          vpiParent: Constant
                          vpiFullName: m3
                          vpiActual: IntTypespec
                        vpiConstType: unsigned int (9)
                        vpiSize: 64
                        vpiDecompile: "3"
                        vpiValue: 3
                  vpiStmt SysTaskCall name:$stop start:52:21 end:52:26:
                    vpiParent: IfStmt
                    vpiName Identifier name:$stop start:52:21 end:52:26:
                    vpiIsProperty: true
                IfStmt start:53:7 end:53:34:
                  vpiParent: Begin
                  vpiCondition Operation start:53:11 end:53:26:
                    vpiParent: IfStmt
                    vpiOpType: case neq (17)
                    vpiOperand (2 items):
                      RefObj name:FROMDEFP start:53:11 end:53:19:
                        vpiParent: Operation
                        vpiName: FROMDEFP
                        vpiFullName: m3.FROMDEFP
                        vpiActual: Parameter name:FROMDEFP
                      Constant start:53:24 end:53:26:
                        vpiParent: Operation
                        vpiTypespec RefTypespec:
                          vpiParent: Constant
                          vpiFullName: m3
                          vpiActual: IntTypespec
                        vpiConstType: unsigned int (9)
                        vpiSize: 64
                        vpiDecompile: "19"
                        vpiValue: 19
                  vpiStmt SysTaskCall name:$stop start:53:28 end:53:33:
                    vpiParent: IfStmt
                    vpiName Identifier name:$stop start:53:28 end:53:33:
                    vpiIsProperty: true
          vpiAlwaysType: always (1)
  vpiTypespec (4 items):
    ModuleTypespec name:t:
      vpiParent: Design name:unnamed
      vpiName Identifier name:t start:6:8 end:6:9:
      vpiDefName: t
      vpiModule: Module name:t
    IntTypespec:
      vpiParent: Design name:unnamed
      vpiSigned: true
    StringTypespec:
      vpiParent: Design name:unnamed
    ModuleTypespec name:m3:
      vpiParent: Design name:unnamed
      vpiName Identifier name:m3 start:30:8 end:30:10:
      vpiDefName: m3
      vpiModule: Module name:m3
  vpiLibrary (1 items):
    Library name:work:
      vpiParent: Design name:unnamed
      vpiName: work
===================
[  FATAL] : 0
[ SYNTAX] : 0
[  ERROR] : 0
[WARNING] : 0
[   NOTE] : 0
********************************************************************************
*                    End HLC SystemVerilog Compiler/Linter                     *
********************************************************************************

#**#**#**#**#**#**#**#**#**#**#**#**#**#**#**#**#**#**#**#**#**#**#**#**#**#**#**#**#**#**#**#**#**#**#**#**#**#**#**#**

Environment:
      test-name: Verilator/t_param_named_2
   test-dirpath: ${HLC_DIR}/regression/Verilator/t_param_named_2
  hldb-filepath: ${HLC_DIR}/regression/Verilator/t_param_named_2/design.hldb
mounts-filepath: ${HLC_DIR}/regression/Verilator/t_param_named_2/mounts.json


{'result': {'coverage': 100.0,
            'error_count': 0,
            'file_count': 1,
            'files': {'$Output/lib/work/t_param_named_2.v': {'post_len': 0,
                                                             'pre_len': 632}},
            'post_len': 0,
            'pre_len': 632,
            'test_name': 'Verilator/t_param_named_2'}}

+------------------------------------+----------+-----------+
| INPUT                              |   PRELEN |   POSTLEN |
+====================================+==========+===========+
| $Output/lib/work/t_param_named_2.v |      632 |         0 |
+====================================+==========+===========+
|                                    |      632 |         0 |
+------------------------------------+----------+-----------+

[   ERROR] : 0
[COVERAGE] : 100.0


#**#**#**#**#**#**#**#**#**#**#**#**#**#**#**#**#**#**#**#**#**#**#**#**#**#**#**#**#**#**#**#**#**#**#**#**#**#**#**#**

COMMAND: ${HLC_DIR}/regression/Verilator/t_param_named_2/design.hldb ${HLC_DIR}/regression/Verilator/t_param_named_2/reduced.hldb

==================== BEGIN REDUCTION RESULT ====================
Name                            Before   After   Added   Removed
----------------------------------------------------------------
Constant                            20      20       7         7
Operation                            9       2       0         7
RefObj                              35      28       0         7
RefTypespec                         33      28       2         7
----------------------------------------------------------------
Others                              79      79       0         0
----------------------------------------------------------------
                                   176     157       9        28
===================== END REDUCTION RESULT =====================
