********************************************************************************
*                   Begin HLC SystemVerilog Compiler/Linter                    *
********************************************************************************
Copyright (c) 2017-2023 Alain Dargelas,
http://www.apache.org/licenses/LICENSE-2.0
VERSION: 1.84
COMMAND: -wd ../../../../tests/Yosys +incdir+. -nobuiltin -timescale=1ns/1ns -d ast -d db errors/syntax_err02.v -mt 0 -mp 0 -d dbstats -d cache -d db -nostdout -o ${HLC_DIR}/regression/Yosys/errors/syntax_err02.v
[INF:CM0023] Creating log file "$Output/hlc.log".
[INF:PP0122] Preprocessing source file "$Source01/errors/syntax_err02.v".
[INF:PA0201] Parsing source file "$Source01/errors/syntax_err02.v".
[SNT:PA0207] $Source01/errors/syntax_err02.v:3:16: Syntax error: missing {'this', 'randomize', 'sample', ESCAPED_IDENTIFIER, SIMPLE_IDENTIFIER} at '[',
  input integer [3:0]x
                ^-- $Source01/errors/syntax_err02.v:3:16:.
[SNT:PA0207] $Source01/errors/syntax_err02.v:3:21: Syntax error: extraneous input 'x' expecting {',', ')'},
  input integer [3:0]x
                     ^-- $Source01/errors/syntax_err02.v:3:21:.
AST_DEBUG_BEGIN
Count: 37
LIB: work
FILE: f<13>:$Source01/errors/syntax_err02.v
n<$Source01/errors/syntax_err02.v> u<36> t<Top_level_rule> c<1> l<1:1> el<8:1>
  n<> u<1> t<Null_rule> p<36> s<35> l<1:1>
  n<> u<35> t<Source_text> p<36> c<34> l<1:1> el<6:10>
    n<> u<34> t<Description> p<35> c<33> l<1:1> el<6:10>
      n<> u<33> t<Module_declaration> p<34> c<5> l<1:1> el<6:10>
        n<> u<5> t<Module_ansi_header> p<33> c<2> s<31> l<1:1> el<1:10>
          n<module> u<2> t<Module_keyword> p<5> s<3> l<1:1> el<1:7>
          n<a> u<3> t<SIMPLE_IDENTIFIER> p<5> s<4> l<1:8> el<1:9>
          n<> u<4> t<Package_import_declaration_list> p<5> l<1:9> el<1:9>
        n<> u<31> t<Non_port_module_item> p<33> c<30> s<32> l<2:1> el<5:8>
          n<> u<30> t<Module_or_generate_item> p<31> c<29> l<2:1> el<5:8>
            n<> u<29> t<Module_common_item> p<30> c<28> l<2:1> el<5:8>
              n<> u<28> t<Module_or_generate_item_declaration> p<29> c<27> l<2:1> el<5:8>
                n<> u<27> t<Package_or_generate_item_declaration> p<28> c<26> l<2:1> el<5:8>
                  n<> u<26> t<Task_declaration> p<27> c<25> l<2:1> el<5:8>
                    n<> u<25> t<Task_body_declaration> p<26> c<6> l<2:6> el<5:8>
                      n<to> u<6> t<SIMPLE_IDENTIFIER> p<25> s<23> l<2:6> el<2:8>
                      n<> u<23> t<Tf_port_item_list> p<25> c<22> s<24> l<2:9> el<4:2>
                        n<> u<22> t<Tf_port_item> p<23> c<7> l<3:3> el<3:22>
                          n<> u<7> t<INPUT> p<22> s<10> l<3:3> el<3:8>
                          n<> u<10> t<Data_type_or_implicit> p<22> c<9> s<21> l<3:9> el<3:16>
                            n<> u<9> t<Data_type> p<10> c<8> l<3:9> el<3:16>
                              n<> u<8> t<INTEGER> p<9> l<3:9> el<3:16>
                          n<> u<21> t<Variable_dimension> p<22> c<20> l<3:17> el<3:22>
                            n<> u<20> t<Unpacked_dimension> p<21> c<19> l<3:17> el<3:22>
                              n<> u<19> t<Constant_range> p<20> c<14> l<3:18> el<3:21>
                                n<> u<14> t<Constant_expression> p<19> c<13> s<18> l<3:18> el<3:19>
                                  n<> u<13> t<Constant_primary> p<14> c<12> l<3:18> el<3:19>
                                    n<> u<12> t<Primary_literal> p<13> c<11> l<3:18> el<3:19>
                                      n<3> u<11> t<INTEGRAL_NUMBER> p<12> l<3:18> el<3:19>
                                n<> u<18> t<Constant_expression> p<19> c<17> l<3:20> el<3:21>
                                  n<> u<17> t<Constant_primary> p<18> c<16> l<3:20> el<3:21>
                                    n<> u<16> t<Primary_literal> p<17> c<15> l<3:20> el<3:21>
                                      n<0> u<15> t<INTEGRAL_NUMBER> p<16> l<3:20> el<3:21>
                      n<> u<24> t<ENDTASK> p<25> l<5:1> el<5:8>
        n<> u<32> t<ENDMODULE> p<33> l<6:1> el<6:10>
AST_DEBUG_END
[INF:CP0303] $Source01/errors/syntax_err02.v:1:1: Compile module "work@a".
[INF:CM0029] Using global timescale: "1ns/1ns".
====== HLDB =======
Design name:unnamed:
  vpiName: unnamed
  vpiSourceFile (1 items):
    SourceFile name:syntax_err02.v file:$Source01/errors/syntax_err02.v:
      vpiParent: Design name:unnamed
      vpiName: syntax_err02.v
      vpiPreprocFile: "$Output/lib/work/errors/syntax_err02.v"
      vpiDefNetType: none (12)
  vpiAllModules (1 items):
    Module name:work@a file:$Source01/errors/syntax_err02.v start:1:1 end:6:10:
      vpiParent: Design name:unnamed
      vpiName Identifier name:work@a start:1:8 end:1:9:
        vpiParent: Module name:work@a
        vpiName: work@a
      vpiFullName: work@a
      vpiDefName: work@a
      vpiDefNetType: none (12)
      vpiLibrary RefObj name:work:
        vpiParent: Module name:work@a
        vpiName: work
        vpiFullName: work@a.work
      vpiCell: a
      vpiTaskFunc (1 items):
        Task name:to start:2:1 end:5:8:
          vpiParent: Module name:work@a
          vpiName Identifier name:to start:2:6 end:2:8:
            vpiParent: Task name:to
            vpiName: to
          vpiFullName: work@a.to
          vpiTypespec (2 items):
            IntegerTypespec:
              vpiParent: Task name:to
              vpiSigned: true
            ArrayTypespec:
              vpiParent: Task name:to
              vpiArrayType: static (1)
              vpiRange Range start:3:17 end:3:22:
                vpiParent: ArrayTypespec
                vpiLeftRange Constant start:3:18 end:3:19:
                  vpiParent: Range
                  vpiTypespec RefTypespec:
                    vpiParent: Constant
                    vpiFullName: work@a.to
                    vpiActual: IntTypespec
                  vpiConstType: unsigned int (9)
                  vpiSize: 64
                  vpiDecompile: "3"
                  vpiValue: 3
                vpiRightRange Constant start:3:20 end:3:21:
                  vpiParent: Range
                  vpiTypespec RefTypespec:
                    vpiParent: Constant
                    vpiFullName: work@a.to
                    vpiActual: IntTypespec
                  vpiConstType: unsigned int (9)
                  vpiSize: 64
                  vpiDecompile: "0"
                  vpiValue: 0
              vpiElemTypespec RefTypespec:
                vpiParent: ArrayTypespec
                vpiFullName: work@a.to
          vpiIODecl (1 items):
            IODecl:
              vpiParent: Task name:to
              vpiDirection: input (1)
              vpiTypespec RefTypespec start:3:9 end:3:16:
                vpiParent: IODecl
                vpiFullName: work@a.to
  vpiTypespec (2 items):
    ModuleTypespec name:work@a:
      vpiParent: Design name:unnamed
      vpiName Identifier name:work@a start:1:8 end:1:9:
        vpiParent: ModuleTypespec name:work@a
        vpiName: work@a
      vpiModule: Module name:work@a
    IntTypespec:
      vpiParent: Design name:unnamed
      vpiSigned: true
===================
[  FATAL] : 0
[ SYNTAX] : 2
[  ERROR] : 0
[WARNING] : 0
[   NOTE] : 0
********************************************************************************
*                    End HLC SystemVerilog Compiler/Linter                     *
********************************************************************************

#**#**#**#**#**#**#**#**#**#**#**#**#**#**#**#**#**#**#**#**#**#**#**#**#**#**#**#**#**#**#**#**#**#**#**#**#**#**#**#**

Environment:
      test-name: Yosys/errors/syntax_err02.v
   test-dirpath: ${HLC_DIR}/regression/Yosys/errors/syntax_err02.v
  hldb-filepath: ${HLC_DIR}/regression/Yosys/errors/syntax_err02.v/design.hldb
mounts-filepath: ${HLC_DIR}/regression/Yosys/errors/syntax_err02.v/mounts.json


{'result': {'coverage': 98.21,
            'error_count': 0,
            'file_count': 1,
            'files': {'$Output/lib/work/errors/syntax_err02.v': {'post_len': 1,
                                                                 'pre_len': 56}},
            'post_len': 1,
            'pre_len': 56,
            'test_name': 'Yosys/errors/syntax_err02.v'}}

+----------------------------------------+----------+-----------+
| INPUT                                  |   PRELEN |   POSTLEN |
+========================================+==========+===========+
| $Output/lib/work/errors/syntax_err02.v |       56 |         1 |
+========================================+==========+===========+
|                                        |       56 |         1 |
+----------------------------------------+----------+-----------+

[   ERROR] : 0
[COVERAGE] : 98.21


#**#**#**#**#**#**#**#**#**#**#**#**#**#**#**#**#**#**#**#**#**#**#**#**#**#**#**#**#**#**#**#**#**#**#**#**#**#**#**#**

COMMAND: ${HLC_DIR}/regression/Yosys/errors/syntax_err02.v/design.hldb ${HLC_DIR}/regression/Yosys/errors/syntax_err02.v/reduced.hldb

==================== BEGIN REDUCTION RESULT ====================
Name                            Before   After   Added   Removed
----------------------------------------------------------------
----------------------------------------------------------------
Others                              20      20       0         0
----------------------------------------------------------------
                                    20      20       0         0
===================== END REDUCTION RESULT =====================
