********************************************************************************
*                   Begin HLC SystemVerilog Compiler/Linter                    *
********************************************************************************
Copyright (c) 2020 Apotell,
http://www.apache.org/licenses/LICENSE-2.0
VERSION: 1.84
COMMAND: -wd ../../../tests/ExtendClassMember -d db -d ast dut.sv -nobuiltin -mt 0 -d dbstats -d cache -writepp -d db -nostdout -o ${HLC_DIR}/regression/ExtendClassMember/ExtendClassMember
[INF:CM5022] Creating log file "$Output/hlc.log".
[INF:PP5223] Preprocessing source file "$Source01/dut.sv".
[INF:PA5502] Parsing source file "$Source01/dut.sv".
AST_DEBUG_BEGIN
Count: 119
LIB: work
FILE<0>:$Source01/dut.sv
n<$Source01/dut.sv> u<118> t<Top_level_rule> c<1> l<1:1> el<27:1>
  n<> u<1> t<Null_rule> p<118> s<117> l<1:1>
  n<> u<117> t<Source_text> p<118> c<116> l<1:1> el<26:11>
    n<> u<116> t<Description> p<117> c<115> l<1:1> el<26:11>
      n<> u<115> t<Package_declaration> p<116> c<2> l<1:1> el<26:11>
        n<> u<2> t<PACKAGE> p<115> s<3> l<1:1> el<1:8>
        n<pkg> u<3> t<SIMPLE_IDENTIFIER> p<115> s<22> l<1:9> el<1:12>
        n<> u<22> t<Package_item> p<115> c<21> s<48> l<3:1> el<7:9>
          n<> u<21> t<Package_or_generate_item_declaration> p<22> c<20> l<3:1> el<7:9>
            n<> u<20> t<Class_declaration> p<21> c<18> l<3:1> el<7:9>
              n<> u<18> t<CLASS> p<20> s<4> l<3:1> el<3:6>
              n<uvm_tlm_fifo> u<4> t<SIMPLE_IDENTIFIER> p<20> s<17> l<3:7> el<3:19>
              n<> u<17> t<Class_item> p<20> c<16> s<19> l<5:2> el<5:24>
                n<> u<16> t<Class_property> p<17> c<15> l<5:2> el<5:24>
                  n<> u<15> t<Data_declaration> p<16> c<14> l<5:2> el<5:24>
                    n<> u<14> t<Variable_declaration> p<15> c<6> l<5:2> el<5:24>
                      n<> u<6> t<Data_type> p<14> c<5> s<13> l<5:2> el<5:5>
                        n<> u<5> t<BIT> p<6> l<5:2> el<5:5>
                      n<> u<13> t<Variable_decl_assignment_list> p<14> c<12> l<5:6> el<5:23>
                        n<> u<12> t<Variable_decl_assignment> p<13> c<7> l<5:6> el<5:23>
                          n<print_enabled> u<7> t<SIMPLE_IDENTIFIER> p<12> s<11> l<5:6> el<5:19>
                          n<> u<11> t<Expression> p<12> c<10> l<5:22> el<5:23>
                            n<> u<10> t<Primary> p<11> c<9> l<5:22> el<5:23>
                              n<> u<9> t<Primary_literal> p<10> c<8> l<5:22> el<5:23>
                                n<1> u<8> t<INTEGRAL_NUMBER> p<9> l<5:22> el<5:23>
              n<> u<19> t<ENDCLASS> p<20> l<7:1> el<7:9>
        n<> u<48> t<Package_item> p<115> c<47> s<91> l<9:1> el<10:9>
          n<> u<47> t<Package_or_generate_item_declaration> p<48> c<46> l<9:1> el<10:9>
            n<> u<46> t<Class_declaration> p<47> c<43> l<9:1> el<10:9>
              n<> u<43> t<CLASS> p<46> s<23> l<9:1> el<9:6>
              n<uvm_sequencer_analysis_fifo> u<23> t<SIMPLE_IDENTIFIER> p<46> s<31> l<9:7> el<9:34>
              n<> u<31> t<Parameter_port_list> p<46> c<30> s<44> l<9:35> el<9:66>
                n<> u<30> t<Parameter_port_declaration> p<31> c<29> l<9:37> el<9:65>
                  n<> u<29> t<Type_assignment_list> p<30> c<28> l<9:42> el<9:65>
                    n<> u<28> t<Type_assignment> p<29> c<24> l<9:42> el<9:65>
                      n<RSP> u<24> t<SIMPLE_IDENTIFIER> p<28> s<27> l<9:42> el<9:45>
                      n<> u<27> t<Data_type> p<28> c<26> l<9:48> el<9:65>
                        n<> u<26> t<Class_type> p<27> c<25> l<9:48> el<9:65>
                          n<uvm_sequence_item> u<25> t<SIMPLE_IDENTIFIER> p<26> l<9:48> el<9:65>
              n<> u<44> t<EXTENDS> p<46> s<42> l<9:67> el<9:74>
              n<> u<42> t<Class_type> p<46> c<41> s<45> l<9:75> el<9:94>
                n<uvm_tlm_fifo> u<41> t<SIMPLE_IDENTIFIER> p<42> s<40> l<9:75> el<9:87>
                n<> u<40> t<Parameter_value_assignment> p<42> c<39> l<9:88> el<9:94>
                  n<> u<39> t<Parameter_assignment_list> p<40> c<38> l<9:90> el<9:93>
                    n<> u<38> t<Ordered_parameter_assignment> p<39> c<37> l<9:90> el<9:93>
                      n<> u<37> t<Param_expression> p<38> c<36> l<9:90> el<9:93>
                        n<> u<36> t<Mintypmax_expression> p<37> c<35> l<9:90> el<9:93>
                          n<> u<35> t<Expression> p<36> c<34> l<9:90> el<9:93>
                            n<> u<34> t<Primary> p<35> c<33> l<9:90> el<9:93>
                              n<> u<33> t<Primary_literal> p<34> c<32> l<9:90> el<9:93>
                                n<RSP> u<32> t<SIMPLE_IDENTIFIER> p<33> l<9:90> el<9:93>
              n<> u<45> t<ENDCLASS> p<46> l<10:1> el<10:9>
        n<> u<91> t<Package_item> p<115> c<90> s<113> l<12:1> el<16:9>
          n<> u<90> t<Package_or_generate_item_declaration> p<91> c<89> l<12:1> el<16:9>
            n<> u<89> t<Class_declaration> p<90> c<86> l<12:1> el<16:9>
              n<> u<86> t<CLASS> p<89> s<49> l<12:1> el<12:6>
              n<uvm_sequencer_param_base> u<49> t<SIMPLE_IDENTIFIER> p<89> s<64> l<12:7> el<12:31>
              n<> u<64> t<Parameter_port_list> p<89> c<56> s<87> l<12:32> el<13:49>
                n<> u<56> t<Parameter_port_declaration> p<64> c<55> s<63> l<12:34> el<12:62>
                  n<> u<55> t<Type_assignment_list> p<56> c<54> l<12:39> el<12:62>
                    n<> u<54> t<Type_assignment> p<55> c<50> l<12:39> el<12:62>
                      n<REQ> u<50> t<SIMPLE_IDENTIFIER> p<54> s<53> l<12:39> el<12:42>
                      n<> u<53> t<Data_type> p<54> c<52> l<12:45> el<12:62>
                        n<> u<52> t<Class_type> p<53> c<51> l<12:45> el<12:62>
                          n<uvm_sequence_item> u<51> t<SIMPLE_IDENTIFIER> p<52> l<12:45> el<12:62>
                n<> u<63> t<Parameter_port_declaration> p<64> c<62> l<13:34> el<13:48>
                  n<> u<62> t<Type_assignment_list> p<63> c<61> l<13:39> el<13:48>
                    n<> u<61> t<Type_assignment> p<62> c<57> l<13:39> el<13:48>
                      n<RSP> u<57> t<SIMPLE_IDENTIFIER> p<61> s<60> l<13:39> el<13:42>
                      n<> u<60> t<Data_type> p<61> c<59> l<13:45> el<13:48>
                        n<> u<59> t<Class_type> p<60> c<58> l<13:45> el<13:48>
                          n<REQ> u<58> t<SIMPLE_IDENTIFIER> p<59> l<13:45> el<13:48>
              n<> u<87> t<EXTENDS> p<89> s<66> l<13:50> el<13:57>
              n<> u<66> t<Class_type> p<89> c<65> s<85> l<13:58> el<13:76>
                n<uvm_sequencer_base> u<65> t<SIMPLE_IDENTIFIER> p<66> l<13:58> el<13:76>
              n<> u<85> t<Class_item> p<89> c<84> s<88> l<15:3> el<15:60>
                n<> u<84> t<Class_property> p<85> c<83> l<15:3> el<15:60>
                  n<> u<83> t<Data_declaration> p<84> c<82> l<15:3> el<15:60>
                    n<> u<82> t<Variable_declaration> p<83> c<78> l<15:3> el<15:60>
                      n<> u<78> t<Data_type> p<82> c<77> s<81> l<15:3> el<15:37>
                        n<> u<77> t<Class_type> p<78> c<76> l<15:3> el<15:37>
                          n<uvm_sequencer_analysis_fifo> u<76> t<SIMPLE_IDENTIFIER> p<77> s<75> l<15:3> el<15:30>
                          n<> u<75> t<Parameter_value_assignment> p<77> c<74> l<15:31> el<15:37>
                            n<> u<74> t<Parameter_assignment_list> p<75> c<73> l<15:33> el<15:36>
                              n<> u<73> t<Ordered_parameter_assignment> p<74> c<72> l<15:33> el<15:36>
                                n<> u<72> t<Param_expression> p<73> c<71> l<15:33> el<15:36>
                                  n<> u<71> t<Mintypmax_expression> p<72> c<70> l<15:33> el<15:36>
                                    n<> u<70> t<Expression> p<71> c<69> l<15:33> el<15:36>
                                      n<> u<69> t<Primary> p<70> c<68> l<15:33> el<15:36>
                                        n<> u<68> t<Primary_literal> p<69> c<67> l<15:33> el<15:36>
                                          n<RSP> u<67> t<SIMPLE_IDENTIFIER> p<68> l<15:33> el<15:36>
                      n<> u<81> t<Variable_decl_assignment_list> p<82> c<80> l<15:38> el<15:59>
                        n<> u<80> t<Variable_decl_assignment> p<81> c<79> l<15:38> el<15:59>
                          n<sqr_rsp_analysis_fifo> u<79> t<SIMPLE_IDENTIFIER> p<80> l<15:38> el<15:59>
              n<> u<88> t<ENDCLASS> p<89> l<16:1> el<16:9>
        n<> u<113> t<Package_item> p<115> c<112> s<114> l<19:1> el<23:12>
          n<> u<112> t<Package_or_generate_item_declaration> p<113> c<111> l<19:1> el<23:12>
            n<> u<111> t<Class_constructor_declaration> p<112> c<93> l<19:1> el<23:12>
              n<> u<93> t<Class_scope> p<111> c<92> s<94> l<19:10> el<19:36>
                n<uvm_sequencer_param_base> u<92> t<SIMPLE_IDENTIFIER> p<93> l<19:10> el<19:34>
              n<> u<94> t<Tf_port_item_list> p<111> s<109> l<19:40> el<19:42>
              n<> u<109> t<Function_statement_or_null> p<111> c<108> s<110> l<21:3> el<21:43>
                n<> u<108> t<Statement> p<109> c<107> l<21:3> el<21:43>
                  n<> u<107> t<Statement_item> p<108> c<106> l<21:3> el<21:43>
                    n<> u<106> t<Blocking_assignment> p<107> c<105> l<21:3> el<21:42>
                      n<> u<105> t<Variable_assignment> p<106> c<100> l<21:3> el<21:42>
                        n<> u<100> t<Variable_lvalue> p<105> c<96> s<104> l<21:3> el<21:38>
                          n<> u<96> t<Ps_or_hierarchical_identifier> p<100> c<95> s<99> l<21:3> el<21:24>
                            n<sqr_rsp_analysis_fifo> u<95> t<SIMPLE_IDENTIFIER> p<96> l<21:3> el<21:24>
                          n<> u<99> t<Select> p<100> c<97> l<21:24> el<21:38>
                            n<print_enabled> u<97> t<SIMPLE_IDENTIFIER> p<99> s<98> l<21:25> el<21:38>
                            n<> u<98> t<Bit_select> p<99> l<21:39> el<21:39>
                        n<> u<104> t<Expression> p<105> c<103> l<21:41> el<21:42>
                          n<> u<103> t<Primary> p<104> c<102> l<21:41> el<21:42>
                            n<> u<102> t<Primary_literal> p<103> c<101> l<21:41> el<21:42>
                              n<0> u<101> t<INTEGRAL_NUMBER> p<102> l<21:41> el<21:42>
              n<> u<110> t<ENDFUNCTION> p<111> l<23:1> el<23:12>
        n<> u<114> t<ENDPACKAGE> p<115> l<26:1> el<26:11>
AST_DEBUG_END
[INF:CP5802] $Source01/dut.sv:1:1: Compile package "pkg".
[WRN:CP5851] $Source01/dut.sv:9:48: Failed to bind "uvm_sequence_item".
[WRN:CP5851] $Source01/dut.sv:12:45: Failed to bind "uvm_sequence_item".
[WRN:CP5851] $Source01/dut.sv:13:58: Failed to bind "uvm_sequencer_base".
[WRN:PA5506] $Source01/dut.sv:1:1: No timescale set for "pkg".
====== HLDB =======
Design name:unnamed:
  vpiName: unnamed
  vpiSourceFile (1 items):
    SourceFile name:dut.sv file:$Source01/dut.sv:
      vpiParent: Design name:unnamed
      vpiName: dut.sv
      vpiPreprocFile: "$Output/lib/work/dut.sv"
  vpiAllPackages (1 items):
    Package name:pkg file:$Source01/dut.sv start:1:1 end:26:11:
      vpiParent: Design name:unnamed
      vpiName Identifier name:pkg start:1:9 end:1:12:
      vpiFullName: pkg
      vpiTypespec (3 items):
        ClassTypespec name:uvm_tlm_fifo start:3:7 end:3:19:
          vpiParent: Package name:pkg
          vpiName Identifier name:uvm_tlm_fifo:
          vpiDefName: uvm_tlm_fifo
          vpiClassDefn: ClassDefn name:uvm_tlm_fifo
        ClassTypespec name:uvm_sequencer_analysis_fifo start:9:7 end:9:34:
          vpiParent: Package name:pkg
          vpiName Identifier name:uvm_sequencer_analysis_fifo:
          vpiDefName: uvm_sequencer_analysis_fifo
          vpiClassDefn: ClassDefn name:uvm_sequencer_analysis_fifo #(.RSP(uvm_sequence_item))
        ClassTypespec name:uvm_sequencer_param_base start:12:7 end:12:31:
          vpiParent: Package name:pkg
          vpiName Identifier name:uvm_sequencer_param_base:
          vpiDefName: uvm_sequencer_param_base
          vpiClassDefn: ClassDefn name:uvm_sequencer_param_base #(.REQ(uvm_sequence_item), .RSP(REQ))
      vpiDefName: pkg
      vpiDefNetType: wire (1)
      vpiLibrary RefObj name:work start:1:9 end:1:12:
        vpiParent: Package name:pkg
        vpiName: work
        vpiFullName: pkg::work
        vpiActual: Library name:work
      vpiCell: pkg
      vpiClassDefn (3 items):
        ClassDefn name:uvm_tlm_fifo file:$Source01/dut.sv start:3:1 end:7:9:
          vpiParent: Package name:pkg
          vpiName Identifier name:uvm_tlm_fifo start:3:7 end:3:19:
          vpiFullName: pkg::uvm_tlm_fifo
          vpiVariable (1 items):
            Variable name:print_enabled start:5:6 end:5:19:
              vpiParent: ClassDefn name:uvm_tlm_fifo
              vpiTypespec RefTypespec start:5:2 end:5:5:
                vpiParent: Variable name:print_enabled
                vpiFullName: pkg::uvm_tlm_fifo::print_enabled
                vpiActual: BitTypespec
              vpiName: print_enabled
              vpiFullName: pkg::uvm_tlm_fifo::print_enabled
              vpiAutomatic: true
              vpiRandType: (1)
              vpiScalar: true
              vpiVisibility: public (1)
              vpiValue Constant start:5:22 end:5:23:
                vpiParent: Variable name:print_enabled
                vpiTypespec RefTypespec:
                  vpiParent: Constant
                  vpiFullName: pkg::uvm_tlm_fifo::print_enabled
                  vpiActual: IntTypespec
                vpiConstType: unsigned int (9)
                vpiSize: 64
                vpiDecompile: "1"
                vpiValue: 1
          vpiTypespec (1 items):
            BitTypespec:
              vpiParent: ClassDefn name:uvm_tlm_fifo
          vpiDefName: uvm_tlm_fifo
          vpiAutomatic: true
          vpiClassType: userdefined class (3)
          vpiLibrary RefObj name:work start:3:7 end:3:19:
            vpiParent: ClassDefn name:uvm_tlm_fifo
            vpiName: work
            vpiFullName: pkg::uvm_tlm_fifo::work
            vpiActual: Library name:work
          vpiCell: uvm_tlm_fifo
        ClassDefn name:uvm_sequencer_analysis_fifo #(.RSP(uvm_sequence_item)) file:$Source01/dut.sv start:9:1 end:10:9:
          vpiParent: Package name:pkg
          vpiName Identifier name:uvm_sequencer_analysis_fifo #(.RSP(uvm_sequence_item)) start:9:7 end:9:34:
          vpiFullName: pkg::uvm_sequencer_analysis_fifo #(.RSP(uvm_sequence_item))
          vpiParameter (1 items):
            TypeParameter name:RSP start:9:42 end:9:45:
              vpiParent: ClassDefn name:uvm_sequencer_analysis_fifo #(.RSP(uvm_sequence_item))
              vpiName: RSP
              vpiFullName: pkg::uvm_sequencer_analysis_fifo #(.RSP(uvm_sequence_item))::RSP
          vpiParamAssign (1 items):
            ParamAssign start:9:42 end:9:65:
              vpiParent: ClassDefn name:uvm_sequencer_analysis_fifo #(.RSP(uvm_sequence_item))
              vpiLhs RefTypespec name:RSP start:9:42 end:9:45:
                vpiParent: ParamAssign
                vpiName: RSP
                vpiFullName: pkg::uvm_sequencer_analysis_fifo #(.RSP(uvm_sequence_item))::RSP
                vpiActual: TypeParameter name:RSP
              vpiRhs RefTypespec name:uvm_sequence_item start:9:48 end:9:65:
                vpiParent: ParamAssign
                vpiName: uvm_sequence_item
                vpiFullName: pkg::uvm_sequencer_analysis_fifo #(.RSP(uvm_sequence_item))::uvm_sequence_item
          vpiTypespec (2 items):
            ClassTypespec name:uvm_tlm_fifo #(RSP) start:9:75 end:9:94:
              vpiParent: ClassDefn name:uvm_sequencer_analysis_fifo #(.RSP(uvm_sequence_item))
              vpiName Identifier name:uvm_tlm_fifo #(RSP) start:9:75 end:9:87:
              vpiDefName: uvm_tlm_fifo
              vpiParamAssign (1 items):
                ParamAssign start:9:90 end:9:93:
                  vpiParent: ClassTypespec name:uvm_tlm_fifo #(RSP)
                  vpiOverridden: true
                  vpiRhs RefObj name:RSP start:9:90 end:9:93:
                    vpiParent: ParamAssign
                    vpiName: RSP
                    vpiFullName: pkg::uvm_sequencer_analysis_fifo #(.RSP(uvm_sequence_item))::uvm_tlm_fifo #(RSP)::RSP
              vpiClassDefn: ClassDefn name:uvm_tlm_fifo
            TypeParameter name:RSP:
          vpiDefName: uvm_sequencer_analysis_fifo
          vpiAutomatic: true
          vpiClassType: userdefined class (3)
          vpiExtends Extends start:9:67 end:9:74:
            vpiParent: ClassDefn name:uvm_sequencer_analysis_fifo #(.RSP(uvm_sequence_item))
            vpiClassTypespec (1 items):
              RefTypespec name:uvm_tlm_fifo #(RSP) start:9:75 end:9:94:
                vpiParent: Extends
                vpiName: uvm_tlm_fifo #(RSP)
                vpiFullName: pkg::uvm_sequencer_analysis_fifo #(.RSP(uvm_sequence_item))::uvm_tlm_fifo #(RSP)
                vpiActual: ClassTypespec name:uvm_tlm_fifo #(RSP)
          vpiLibrary RefObj name:work start:9:7 end:9:34:
            vpiParent: ClassDefn name:uvm_sequencer_analysis_fifo #(.RSP(uvm_sequence_item))
            vpiName: work
            vpiFullName: pkg::uvm_sequencer_analysis_fifo #(.RSP(uvm_sequence_item))::work
            vpiActual: Library name:work
          vpiCell: uvm_sequencer_analysis_fifo
        ClassDefn name:uvm_sequencer_param_base #(.REQ(uvm_sequence_item), .RSP(REQ)) file:$Source01/dut.sv start:12:1 end:16:9:
          vpiParent: Package name:pkg
          vpiName Identifier name:uvm_sequencer_param_base #(.REQ(uvm_sequence_item), .RSP(REQ)) start:12:7 end:12:31:
          vpiFullName: pkg::uvm_sequencer_param_base #(.REQ(uvm_sequence_item), .RSP(REQ))
          vpiVariable (1 items):
            Variable name:sqr_rsp_analysis_fifo start:15:38 end:15:59:
              vpiParent: ClassDefn name:uvm_sequencer_param_base #(.REQ(uvm_sequence_item), .RSP(REQ))
              vpiTypespec RefTypespec name:uvm_sequencer_analysis_fifo #(RSP) start:15:3 end:15:37:
                vpiParent: Variable name:sqr_rsp_analysis_fifo
                vpiName: uvm_sequencer_analysis_fifo #(RSP)
                vpiFullName: pkg::uvm_sequencer_param_base #(.REQ(uvm_sequence_item), .RSP(REQ))::sqr_rsp_analysis_fifo::uvm_sequencer_analysis_fifo #(RSP)
                vpiActual: ClassTypespec name:uvm_sequencer_analysis_fifo #(RSP)
              vpiName: sqr_rsp_analysis_fifo
              vpiFullName: pkg::uvm_sequencer_param_base #(.REQ(uvm_sequence_item), .RSP(REQ))::sqr_rsp_analysis_fifo
              vpiAutomatic: true
              vpiRandType: (1)
              vpiVisibility: public (1)
          vpiParameter (2 items):
            TypeParameter name:REQ start:12:39 end:12:42:
              vpiParent: ClassDefn name:uvm_sequencer_param_base #(.REQ(uvm_sequence_item), .RSP(REQ))
              vpiName: REQ
              vpiFullName: pkg::uvm_sequencer_param_base #(.REQ(uvm_sequence_item), .RSP(REQ))::REQ
            TypeParameter name:RSP start:13:39 end:13:42:
              vpiParent: ClassDefn name:uvm_sequencer_param_base #(.REQ(uvm_sequence_item), .RSP(REQ))
              vpiName: RSP
              vpiFullName: pkg::uvm_sequencer_param_base #(.REQ(uvm_sequence_item), .RSP(REQ))::RSP
          vpiParamAssign (2 items):
            ParamAssign start:12:39 end:12:62:
              vpiParent: ClassDefn name:uvm_sequencer_param_base #(.REQ(uvm_sequence_item), .RSP(REQ))
              vpiLhs RefTypespec name:REQ start:12:39 end:12:42:
                vpiParent: ParamAssign
                vpiName: REQ
                vpiFullName: pkg::uvm_sequencer_param_base #(.REQ(uvm_sequence_item), .RSP(REQ))::REQ
                vpiActual: TypeParameter name:REQ
              vpiRhs RefTypespec name:uvm_sequence_item start:12:45 end:12:62:
                vpiParent: ParamAssign
                vpiName: uvm_sequence_item
                vpiFullName: pkg::uvm_sequencer_param_base #(.REQ(uvm_sequence_item), .RSP(REQ))::uvm_sequence_item
            ParamAssign start:13:39 end:13:48:
              vpiParent: ClassDefn name:uvm_sequencer_param_base #(.REQ(uvm_sequence_item), .RSP(REQ))
              vpiLhs RefTypespec name:RSP start:13:39 end:13:42:
                vpiParent: ParamAssign
                vpiName: RSP
                vpiFullName: pkg::uvm_sequencer_param_base #(.REQ(uvm_sequence_item), .RSP(REQ))::RSP
                vpiActual: TypeParameter name:RSP
              vpiRhs RefTypespec name:REQ start:13:45 end:13:48:
                vpiParent: ParamAssign
                vpiName: REQ
                vpiFullName: pkg::uvm_sequencer_param_base #(.REQ(uvm_sequence_item), .RSP(REQ))::REQ
                vpiActual: TypeParameter name:REQ
          vpiTypespec (3 items):
            ClassTypespec name:uvm_sequencer_analysis_fifo #(RSP) start:15:3 end:15:37:
              vpiParent: ClassDefn name:uvm_sequencer_param_base #(.REQ(uvm_sequence_item), .RSP(REQ))
              vpiName Identifier name:uvm_sequencer_analysis_fifo #(RSP) start:15:3 end:15:30:
              vpiDefName: uvm_sequencer_analysis_fifo
              vpiParamAssign (1 items):
                ParamAssign start:15:33 end:15:36:
                  vpiParent: ClassTypespec name:uvm_sequencer_analysis_fifo #(RSP)
                  vpiOverridden: true
                  vpiRhs RefObj name:RSP start:15:33 end:15:36:
                    vpiParent: ParamAssign
                    vpiName: RSP
                    vpiFullName: pkg::uvm_sequencer_param_base #(.REQ(uvm_sequence_item), .RSP(REQ))::uvm_sequencer_analysis_fifo #(RSP)::RSP
              vpiClassDefn: ClassDefn name:uvm_sequencer_analysis_fifo #(.RSP(uvm_sequence_item))
            TypeParameter name:REQ:
            TypeParameter name:RSP:
          vpiDefName: uvm_sequencer_param_base
          vpiAutomatic: true
          vpiClassType: userdefined class (3)
          vpiExtends Extends start:13:50 end:13:57:
            vpiParent: ClassDefn name:uvm_sequencer_param_base #(.REQ(uvm_sequence_item), .RSP(REQ))
            vpiClassTypespec (1 items):
              RefTypespec name:uvm_sequencer_base start:13:58 end:13:76:
                vpiParent: Extends
                vpiName: uvm_sequencer_base
                vpiFullName: pkg::uvm_sequencer_param_base #(.REQ(uvm_sequence_item), .RSP(REQ))::uvm_sequencer_base
          vpiLibrary RefObj name:work start:12:7 end:12:31:
            vpiParent: ClassDefn name:uvm_sequencer_param_base #(.REQ(uvm_sequence_item), .RSP(REQ))
            vpiName: work
            vpiFullName: pkg::uvm_sequencer_param_base #(.REQ(uvm_sequence_item), .RSP(REQ))::work
            vpiActual: Library name:work
          vpiCell: uvm_sequencer_param_base
          vpiMethod (1 items):
            Function name:new start:19:1 end:23:12:
              vpiParent: ClassDefn name:uvm_sequencer_param_base #(.REQ(uvm_sequence_item), .RSP(REQ))
              vpiName Identifier name:new:
              vpiFullName: pkg::uvm_sequencer_param_base #(.REQ(uvm_sequence_item), .RSP(REQ))::new
              vpiStmt Assignment start:21:3 end:21:42:
                vpiParent: Function name:new
                vpiBlocking: true
                vpiLhs RefObj name:sqr_rsp_analysis_fifo.print_enabled start:21:3 end:21:38:
                  vpiParent: Assignment
                  vpiName: sqr_rsp_analysis_fifo.print_enabled
                  vpiFullName: pkg::uvm_sequencer_param_base #(.REQ(uvm_sequence_item), .RSP(REQ))::new::sqr_rsp_analysis_fifo.print_enabled
                  vpiPathElem (2 items):
                    RefObj name:sqr_rsp_analysis_fifo start:21:3 end:21:24:
                      vpiParent: RefObj name:sqr_rsp_analysis_fifo.print_enabled
                      vpiName: sqr_rsp_analysis_fifo
                      vpiFullName: pkg::uvm_sequencer_param_base #(.REQ(uvm_sequence_item), .RSP(REQ))::new::sqr_rsp_analysis_fifo
                      vpiActual: Variable name:sqr_rsp_analysis_fifo
                    RefObj name:print_enabled start:21:25 end:21:38:
                      vpiParent: RefObj name:sqr_rsp_analysis_fifo.print_enabled
                      vpiName: print_enabled
                      vpiFullName: pkg::uvm_sequencer_param_base #(.REQ(uvm_sequence_item), .RSP(REQ))::new::print_enabled
                      vpiActual: Variable name:print_enabled
                  vpiActual: Variable name:print_enabled
                vpiRhs Constant start:21:41 end:21:42:
                  vpiParent: Assignment
                  vpiTypespec RefTypespec:
                    vpiParent: Constant
                    vpiFullName: pkg::uvm_sequencer_param_base #(.REQ(uvm_sequence_item), .RSP(REQ))::new
                    vpiActual: IntTypespec
                  vpiConstType: unsigned int (9)
                  vpiSize: 64
                  vpiDecompile: "0"
                  vpiValue: 0
              vpiReturn RefTypespec:
                vpiParent: Function name:new
                vpiFullName: pkg::uvm_sequencer_param_base #(.REQ(uvm_sequence_item), .RSP(REQ))::new
  vpiTypespec (1 items):
    IntTypespec:
      vpiParent: Design name:unnamed
      vpiSigned: true
  vpiLibrary (1 items):
    Library name:work:
      vpiParent: Design name:unnamed
      vpiName: work
===================
[  FATAL] : 0
[ SYNTAX] : 0
[  ERROR] : 0
[WARNING] : 4
[   NOTE] : 0
********************************************************************************
*                    End HLC SystemVerilog Compiler/Linter                     *
********************************************************************************

#**#**#**#**#**#**#**#**#**#**#**#**#**#**#**#**#**#**#**#**#**#**#**#**#**#**#**#**#**#**#**#**#**#**#**#**#**#**#**#**

Environment:
      test-name: ExtendClassMember/ExtendClassMember
   test-dirpath: ${HLC_DIR}/regression/ExtendClassMember/ExtendClassMember
  hldb-filepath: ${HLC_DIR}/regression/ExtendClassMember/ExtendClassMember/design.hldb
mounts-filepath: ${HLC_DIR}/regression/ExtendClassMember/ExtendClassMember/mounts.json


{'result': {'coverage': 94.5,
            'error_count': 0,
            'file_count': 1,
            'files': {'$Output/lib/work/dut.sv': {'post_len': 24,
                                                  'pre_len': 436}},
            'post_len': 24,
            'pre_len': 436,
            'test_name': 'ExtendClassMember/ExtendClassMember'}}

+-------------------------+----------+-----------+
| INPUT                   |   PRELEN |   POSTLEN |
+=========================+==========+===========+
| $Output/lib/work/dut.sv |      436 |        24 |
+=========================+==========+===========+
|                         |      436 |        24 |
+-------------------------+----------+-----------+

[   ERROR] : 0
[COVERAGE] : 94.5


#**#**#**#**#**#**#**#**#**#**#**#**#**#**#**#**#**#**#**#**#**#**#**#**#**#**#**#**#**#**#**#**#**#**#**#**#**#**#**#**

COMMAND: ${HLC_DIR}/regression/ExtendClassMember/ExtendClassMember/design.hldb ${HLC_DIR}/regression/ExtendClassMember/ExtendClassMember/reduced.hldb

==================== BEGIN REDUCTION RESULT ====================
Name                            Before   After   Added   Removed
----------------------------------------------------------------
----------------------------------------------------------------
Others                              62      62       0         0
----------------------------------------------------------------
                                    62      62       0         0
===================== END REDUCTION RESULT =====================
