********************************************************************************
*                   Begin HLC SystemVerilog Compiler/Linter                    *
********************************************************************************
Copyright (c) 2020 Apotell,
http://www.apache.org/licenses/LICENSE-2.0
VERSION: 1.84
COMMAND: -wd ../../../tests/HierPathStruct -d db -d ast dut.sv -nobuiltin -mt 0 -d dbstats -d cache -writepp -d db -nostdout -o ${HLC_DIR}/regression/HierPathStruct/HierPathStruct
[INF:CM5022] Creating log file "$Output/hlc.log".
[INF:PP5223] Preprocessing source file "$Source01/dut.sv".
[INF:PA5502] Parsing source file "$Source01/dut.sv".
AST_DEBUG_BEGIN
Count: 104
LIB: work
FILE<0>:$Source01/dut.sv
n<$Source01/dut.sv> u<103> t<Top_level_rule> c<1> l<1:1> el<20:1>
  n<> u<1> t<Null_rule> p<103> s<102> l<1:1>
  n<> u<102> t<Source_text> p<103> c<56> l<1:1> el<19:10>
    n<> u<56> t<Description> p<102> c<55> s<101> l<1:1> el<11:11>
      n<> u<55> t<Package_declaration> p<56> c<2> l<1:1> el<11:11>
        n<> u<2> t<PACKAGE> p<55> s<3> l<1:1> el<1:8>
        n<gpio_reg_pkg> u<3> t<SIMPLE_IDENTIFIER> p<55> s<36> l<1:9> el<1:21>
        n<> u<36> t<Package_item> p<55> c<35> s<53> l<2:3> el<5:20>
          n<> u<35> t<Package_or_generate_item_declaration> p<36> c<34> l<2:3> el<5:20>
            n<> u<34> t<Data_declaration> p<35> c<33> l<2:3> el<5:20>
              n<> u<33> t<Type_declaration> p<34> c<31> l<2:3> el<5:20>
                n<> u<31> t<Data_type> p<33> c<5> s<32> l<2:11> el<5:4>
                  n<> u<5> t<Struct_union> p<31> c<4> s<6> l<2:11> el<2:17>
                    n<> u<4> t<STRUCT> p<5> l<2:11> el<2:17>
                  n<> u<6> t<PACKED> p<31> s<23> l<2:18> el<2:24>
                  n<> u<23> t<Struct_union_member> p<31> c<19> s<30> l<3:5> el<3:20>
                    n<> u<19> t<Data_type_or_void> p<23> c<18> s<22> l<3:5> el<3:17>
                      n<> u<18> t<Data_type> p<19> c<7> l<3:5> el<3:17>
                        n<> u<7> t<LOGIC> p<18> s<17> l<3:5> el<3:10>
                        n<> u<17> t<Packed_dimension> p<18> c<16> l<3:11> el<3:17>
                          n<> u<16> t<Constant_range> p<17> c<11> l<3:12> el<3:16>
                            n<> u<11> t<Constant_expression> p<16> c<10> s<15> l<3:12> el<3:14>
                              n<> u<10> t<Constant_primary> p<11> c<9> l<3:12> el<3:14>
                                n<> u<9> t<Primary_literal> p<10> c<8> l<3:12> el<3:14>
                                  n<31> u<8> t<INTEGRAL_NUMBER> p<9> l<3:12> el<3:14>
                            n<> u<15> t<Constant_expression> p<16> c<14> l<3:15> el<3:16>
                              n<> u<14> t<Constant_primary> p<15> c<13> l<3:15> el<3:16>
                                n<> u<13> t<Primary_literal> p<14> c<12> l<3:15> el<3:16>
                                  n<0> u<12> t<INTEGRAL_NUMBER> p<13> l<3:15> el<3:16>
                    n<> u<22> t<Variable_decl_assignment_list> p<23> c<21> l<3:18> el<3:19>
                      n<> u<21> t<Variable_decl_assignment> p<22> c<20> l<3:18> el<3:19>
                        n<d> u<20> t<SIMPLE_IDENTIFIER> p<21> l<3:18> el<3:19>
                  n<> u<30> t<Struct_union_member> p<31> c<26> l<4:5> el<4:21>
                    n<> u<26> t<Data_type_or_void> p<30> c<25> s<29> l<4:5> el<4:10>
                      n<> u<25> t<Data_type> p<26> c<24> l<4:5> el<4:10>
                        n<> u<24> t<LOGIC> p<25> l<4:5> el<4:10>
                    n<> u<29> t<Variable_decl_assignment_list> p<30> c<28> l<4:18> el<4:20>
                      n<> u<28> t<Variable_decl_assignment> p<29> c<27> l<4:18> el<4:20>
                        n<de> u<27> t<SIMPLE_IDENTIFIER> p<28> l<4:18> el<4:20>
                n<gpio_hw2reg_tt> u<32> t<SIMPLE_IDENTIFIER> p<33> l<5:5> el<5:19>
        n<> u<53> t<Package_item> p<55> c<52> s<54> l<7:3> el<9:19>
          n<> u<52> t<Package_or_generate_item_declaration> p<53> c<51> l<7:3> el<9:19>
            n<> u<51> t<Data_declaration> p<52> c<50> l<7:3> el<9:19>
              n<> u<50> t<Type_declaration> p<51> c<48> l<7:3> el<9:19>
                n<> u<48> t<Data_type> p<50> c<38> s<49> l<7:11> el<9:4>
                  n<> u<38> t<Struct_union> p<48> c<37> s<39> l<7:11> el<7:17>
                    n<> u<37> t<STRUCT> p<38> l<7:11> el<7:17>
                  n<> u<39> t<PACKED> p<48> s<47> l<7:18> el<7:24>
                  n<> u<47> t<Struct_union_member> p<48> c<43> l<8:5> el<8:28>
                    n<> u<43> t<Data_type_or_void> p<47> c<42> s<46> l<8:5> el<8:19>
                      n<> u<42> t<Data_type> p<43> c<41> l<8:5> el<8:19>
                        n<> u<41> t<Class_type> p<42> c<40> l<8:5> el<8:19>
                          n<gpio_hw2reg_tt> u<40> t<SIMPLE_IDENTIFIER> p<41> l<8:5> el<8:19>
                    n<> u<46> t<Variable_decl_assignment_list> p<47> c<45> l<8:20> el<8:27>
                      n<> u<45> t<Variable_decl_assignment> p<46> c<44> l<8:20> el<8:27>
                        n<data_in> u<44> t<SIMPLE_IDENTIFIER> p<45> l<8:20> el<8:27>
                n<gpio_hw2reg_t> u<49> t<SIMPLE_IDENTIFIER> p<50> l<9:5> el<9:18>
        n<> u<54> t<ENDPACKAGE> p<55> l<11:1> el<11:11>
    n<> u<101> t<Description> p<102> c<100> l<13:1> el<19:10>
      n<> u<100> t<Module_declaration> p<101> c<61> l<13:1> el<19:10>
        n<> u<61> t<Module_nonansi_header> p<100> c<57> s<72> l<13:1> el<13:14>
          n<module> u<57> t<MODULE> p<61> s<58> l<13:1> el<13:7>
          n<dut> u<58> t<SIMPLE_IDENTIFIER> p<61> s<59> l<13:8> el<13:11>
          n<> u<59> t<Package_import_declaration_list> p<61> s<60> l<13:11> el<13:11>
          n<> u<60> t<Port_list> p<61> l<13:11> el<13:13>
        n<> u<72> t<Module_item> p<100> c<71> s<79> l<15:1> el<15:24>
          n<> u<71> t<Non_port_module_item> p<72> c<70> l<15:1> el<15:24>
            n<> u<70> t<Module_or_generate_item> p<71> c<69> l<15:1> el<15:24>
              n<> u<69> t<Module_common_item> p<70> c<68> l<15:1> el<15:24>
                n<> u<68> t<Module_or_generate_item_declaration> p<69> c<67> l<15:1> el<15:24>
                  n<> u<67> t<Package_or_generate_item_declaration> p<68> c<66> l<15:1> el<15:24>
                    n<> u<66> t<Data_declaration> p<67> c<65> l<15:1> el<15:24>
                      n<> u<65> t<Package_import_declaration> p<66> c<64> l<15:1> el<15:24>
                        n<> u<64> t<Package_import_item> p<65> c<62> l<15:8> el<15:23>
                          n<gpio_reg_pkg> u<62> t<SIMPLE_IDENTIFIER> p<64> s<63> l<15:8> el<15:20>
                          n<> u<63> t<STAR> p<64> l<15:22> el<15:23>
        n<> u<79> t<Module_item> p<100> c<78> s<98> l<16:1> el<16:22>
          n<> u<78> t<Port_declaration> p<79> c<77> l<16:1> el<16:21>
            n<> u<77> t<Interface_port_declaration> p<78> c<74> l<16:1> el<16:21>
              n<gpio_hw2reg_t> u<74> t<Interface_identifier> p<77> c<73> s<76> l<16:1> el<16:14>
                n<gpio_hw2reg_t> u<73> t<SIMPLE_IDENTIFIER> p<74> l<16:1> el<16:14>
              n<> u<76> t<Interface_identifier_list> p<77> c<75> l<16:15> el<16:21>
                n<hw2reg> u<75> t<SIMPLE_IDENTIFIER> p<76> l<16:15> el<16:21>
        n<> u<98> t<Module_item> p<100> c<97> s<99> l<17:1> el<17:33>
          n<> u<97> t<Non_port_module_item> p<98> c<96> l<17:1> el<17:33>
            n<> u<96> t<Module_or_generate_item> p<97> c<95> l<17:1> el<17:33>
              n<> u<95> t<Module_common_item> p<96> c<94> l<17:1> el<17:33>
                n<> u<94> t<Continuous_assign> p<95> c<93> l<17:1> el<17:33>
                  n<> u<93> t<Net_assignment_list> p<94> c<92> l<17:8> el<17:32>
                    n<> u<92> t<Net_assignment> p<93> c<87> l<17:8> el<17:32>
                      n<> u<87> t<Net_lvalue> p<92> c<81> s<91> l<17:8> el<17:25>
                        n<> u<81> t<Ps_or_hierarchical_identifier> p<87> c<80> s<86> l<17:8> el<17:14>
                          n<hw2reg> u<80> t<SIMPLE_IDENTIFIER> p<81> l<17:8> el<17:14>
                        n<> u<86> t<Constant_select> p<87> c<82> l<17:14> el<17:25>
                          n<data_in> u<82> t<SIMPLE_IDENTIFIER> p<86> s<83> l<17:15> el<17:22>
                          n<> u<83> t<Constant_bit_select> p<86> s<84> l<17:22> el<17:22>
                          n<de> u<84> t<SIMPLE_IDENTIFIER> p<86> s<85> l<17:23> el<17:25>
                          n<> u<85> t<Constant_bit_select> p<86> l<17:26> el<17:26>
                      n<> u<91> t<Expression> p<92> c<90> l<17:28> el<17:32>
                        n<> u<90> t<Primary> p<91> c<89> l<17:28> el<17:32>
                          n<> u<89> t<Primary_literal> p<90> c<88> l<17:28> el<17:32>
                            n<> u<88> t<ONE_TICK_b1> p<89> l<17:28> el<17:32>
        n<> u<99> t<ENDMODULE> p<100> l<19:1> el<19:10>
AST_DEBUG_END
[INF:CP5802] $Source01/dut.sv:1:1: Compile package "gpio_reg_pkg".
[INF:CP5804] $Source01/dut.sv:13:1: Compile module "dut".
[WRN:PA5506] $Source01/dut.sv:1:1: No timescale set for "gpio_reg_pkg".
[WRN:PA5506] $Source01/dut.sv:13:1: No timescale set for "dut".
====== HLDB =======
Design name:unnamed:
  vpiName: unnamed
  vpiSourceFile (1 items):
    SourceFile name:dut.sv file:$Source01/dut.sv:
      vpiParent: Design name:unnamed
      vpiName: dut.sv
      vpiPreprocFile: "$Output/lib/work/dut.sv"
  vpiAllPackages (1 items):
    Package name:gpio_reg_pkg file:$Source01/dut.sv start:1:1 end:11:11:
      vpiParent: Design name:unnamed
      vpiName Identifier name:gpio_reg_pkg start:1:9 end:1:21:
      vpiFullName: gpio_reg_pkg
      vpiStruct (2 items):
        Struct start:2:11 end:5:4:
          vpiParent: Package name:gpio_reg_pkg
          vpiPacked: true
          vpiTypespecMember (2 items):
            TypespecMember name:d start:3:18 end:3:19:
              vpiParent: Struct
              vpiName: d
              vpiTypespec RefTypespec start:3:5 end:3:17:
                vpiParent: TypespecMember name:d
                vpiFullName: gpio_reg_pkg::d
                vpiActual: LogicTypespec
            TypespecMember name:de start:4:18 end:4:20:
              vpiParent: Struct
              vpiName: de
              vpiTypespec RefTypespec start:4:5 end:4:10:
                vpiParent: TypespecMember name:de
                vpiFullName: gpio_reg_pkg::de
                vpiActual: LogicTypespec
        Struct start:7:11 end:9:4:
          vpiParent: Package name:gpio_reg_pkg
          vpiPacked: true
          vpiTypespecMember (1 items):
            TypespecMember name:data_in start:8:20 end:8:27:
              vpiParent: Struct
              vpiName: data_in
              vpiTypespec RefTypespec name:gpio_hw2reg_tt start:8:5 end:8:19:
                vpiParent: TypespecMember name:data_in
                vpiName: gpio_hw2reg_tt
                vpiFullName: gpio_reg_pkg::data_in::gpio_hw2reg_tt
                vpiActual: TypedefTypespec name:gpio_hw2reg_tt
      vpiTypedef (2 items):
        Typedef name:gpio_hw2reg_tt start:2:3 end:5:20:
          vpiParent: Package name:gpio_reg_pkg
          vpiName Identifier name:gpio_hw2reg_tt start:5:5 end:5:19:
          vpiTypedefAlias RefTypespec start:2:11 end:5:4:
            vpiParent: Typedef name:gpio_hw2reg_tt
            vpiFullName: gpio_reg_pkg::gpio_hw2reg_tt
            vpiActual: StructTypespec
        Typedef name:gpio_hw2reg_t start:7:3 end:9:19:
          vpiParent: Package name:gpio_reg_pkg
          vpiName Identifier name:gpio_hw2reg_t start:9:5 end:9:18:
          vpiTypedefAlias RefTypespec start:7:11 end:9:4:
            vpiParent: Typedef name:gpio_hw2reg_t
            vpiFullName: gpio_reg_pkg::gpio_hw2reg_t
            vpiActual: StructTypespec
      vpiTypespec (6 items):
        LogicTypespec:
          vpiParent: Package name:gpio_reg_pkg
          vpiRange (1 items):
            Range start:3:11 end:3:17:
              vpiParent: LogicTypespec
              vpiLeftRange Constant start:3:12 end:3:14:
                vpiParent: Range
                vpiTypespec RefTypespec:
                  vpiParent: Constant
                  vpiFullName: gpio_reg_pkg
                  vpiActual: IntTypespec
                vpiConstType: unsigned int (9)
                vpiSize: 64
                vpiDecompile: "31"
                vpiValue: 31
              vpiRightRange Constant start:3:15 end:3:16:
                vpiParent: Range
                vpiTypespec RefTypespec:
                  vpiParent: Constant
                  vpiFullName: gpio_reg_pkg
                  vpiActual: IntTypespec
                vpiConstType: unsigned int (9)
                vpiSize: 64
                vpiDecompile: "0"
                vpiValue: 0
          vpiVector: true
        LogicTypespec:
          vpiParent: Package name:gpio_reg_pkg
        StructTypespec start:2:11 end:5:4:
          vpiParent: Package name:gpio_reg_pkg
          vpiStruct: Struct
        TypedefTypespec name:gpio_hw2reg_tt start:2:3 end:5:20:
          vpiParent: Package name:gpio_reg_pkg
          vpiName Identifier name:gpio_hw2reg_tt start:5:5 end:5:19:
          vpiTypedefKind: struct (4)
          vpiTypedef: Typedef name:gpio_hw2reg_tt
        StructTypespec start:7:11 end:9:4:
          vpiParent: Package name:gpio_reg_pkg
          vpiStruct: Struct
        TypedefTypespec name:gpio_hw2reg_t start:7:3 end:9:19:
          vpiParent: Package name:gpio_reg_pkg
          vpiName Identifier name:gpio_hw2reg_t start:9:5 end:9:18:
          vpiTypedefKind: struct (4)
          vpiTypedef: Typedef name:gpio_hw2reg_t
      vpiDefName: gpio_reg_pkg
      vpiDefNetType: wire (1)
      vpiLibrary RefObj name:work start:1:9 end:1:21:
        vpiParent: Package name:gpio_reg_pkg
        vpiName: work
        vpiFullName: gpio_reg_pkg::work
        vpiActual: Library name:work
      vpiCell: gpio_reg_pkg
  vpiAllModules (1 items):
    Module name:dut file:$Source01/dut.sv start:13:1 end:19:10:
      vpiParent: Design name:unnamed
      vpiName Identifier name:dut start:13:8 end:13:11:
      vpiFullName: dut
      vpiVariable (1 items):
        Variable name:hw2reg start:16:15 end:16:21:
          vpiParent: Module name:dut
          vpiTypespec RefTypespec name:gpio_hw2reg_t start:16:1 end:16:14:
            vpiParent: Variable name:hw2reg
            vpiName: gpio_hw2reg_t
            vpiFullName: dut.hw2reg.gpio_hw2reg_t
            vpiActual: TypedefTypespec name:gpio_hw2reg_t
          vpiName: hw2reg
          vpiFullName: dut.hw2reg
      vpiTypespec (2 items):
        ImportTypespec name:gpio_reg_pkg start:15:8 end:15:23:
          vpiParent: Module name:dut
          vpiName Identifier name:gpio_reg_pkg start:15:8 end:15:20:
          vpiImportTypespecItem Constant start:15:22 end:15:23:
            vpiParent: ImportTypespec name:gpio_reg_pkg
            vpiTypespec RefTypespec:
              vpiParent: Constant
              vpiFullName: dut.gpio_reg_pkg
              vpiActual: StringTypespec
            vpiConstType: string (6)
            vpiSize: 8
            vpiDecompile: "*"
            vpiValue: "*"
        BitTypespec:
          vpiParent: Module name:dut
      vpiDefName: dut
      vpiDefNetType: wire (1)
      vpiDefDelayMode: none (1)
      vpiUnconnDrive: highz (1)
      vpiLibrary RefObj name:work start:13:8 end:13:11:
        vpiParent: Module name:dut
        vpiName: work
        vpiFullName: dut.work
        vpiActual: Library name:work
      vpiCell: dut
      vpiContAssign (1 items):
        ContAssign start:17:8 end:17:32:
          vpiParent: Module name:dut
          vpiLhs RefObj name:hw2reg.data_in.de start:17:8 end:17:25:
            vpiParent: ContAssign
            vpiName: hw2reg.data_in.de
            vpiFullName: dut.hw2reg.data_in.de
            vpiPathElem (3 items):
              RefObj name:hw2reg start:17:8 end:17:14:
                vpiParent: RefObj name:hw2reg.data_in.de
                vpiName: hw2reg
                vpiFullName: dut.hw2reg
                vpiActual: Variable name:hw2reg
              RefObj name:data_in start:17:15 end:17:22:
                vpiParent: RefObj name:hw2reg.data_in.de
                vpiName: data_in
                vpiFullName: dut.data_in
                vpiActual: TypespecMember name:data_in
              RefObj name:de start:17:23 end:17:25:
                vpiParent: RefObj name:hw2reg.data_in.de
                vpiName: de
                vpiFullName: dut.de
                vpiActual: TypespecMember name:de
            vpiActual: TypespecMember name:de
          vpiRhs Constant start:17:28 end:17:32:
            vpiParent: ContAssign
            vpiTypespec RefTypespec:
              vpiParent: Constant
              vpiFullName: dut
              vpiActual: BitTypespec
            vpiConstType: binary (3)
            vpiSize: 1
            vpiDecompile: "1'b1"
            vpiValue: "1"
  vpiTypespec (3 items):
    IntTypespec:
      vpiParent: Design name:unnamed
      vpiSigned: true
    ModuleTypespec name:dut:
      vpiParent: Design name:unnamed
      vpiName Identifier name:dut start:13:8 end:13:11:
      vpiDefName: dut
      vpiModule: Module name:dut
    StringTypespec:
      vpiParent: Design name:unnamed
  vpiLibrary (1 items):
    Library name:work:
      vpiParent: Design name:unnamed
      vpiName: work
===================
[  FATAL] : 0
[ SYNTAX] : 0
[  ERROR] : 0
[WARNING] : 2
[   NOTE] : 0
********************************************************************************
*                    End HLC SystemVerilog Compiler/Linter                     *
********************************************************************************

#**#**#**#**#**#**#**#**#**#**#**#**#**#**#**#**#**#**#**#**#**#**#**#**#**#**#**#**#**#**#**#**#**#**#**#**#**#**#**#**

Environment:
      test-name: HierPathStruct/HierPathStruct
   test-dirpath: ${HLC_DIR}/regression/HierPathStruct/HierPathStruct
  hldb-filepath: ${HLC_DIR}/regression/HierPathStruct/HierPathStruct/design.hldb
mounts-filepath: ${HLC_DIR}/regression/HierPathStruct/HierPathStruct/mounts.json


{'result': {'coverage': 100.0,
            'error_count': 0,
            'file_count': 1,
            'files': {'$Output/lib/work/dut.sv': {'post_len': 0,
                                                  'pre_len': 262}},
            'post_len': 0,
            'pre_len': 262,
            'test_name': 'HierPathStruct/HierPathStruct'}}

+-------------------------+----------+-----------+
| INPUT                   |   PRELEN |   POSTLEN |
+=========================+==========+===========+
| $Output/lib/work/dut.sv |      262 |         0 |
+=========================+==========+===========+
|                         |      262 |         0 |
+-------------------------+----------+-----------+

[   ERROR] : 0
[COVERAGE] : 100.0


#**#**#**#**#**#**#**#**#**#**#**#**#**#**#**#**#**#**#**#**#**#**#**#**#**#**#**#**#**#**#**#**#**#**#**#**#**#**#**#**

COMMAND: ${HLC_DIR}/regression/HierPathStruct/HierPathStruct/design.hldb ${HLC_DIR}/regression/HierPathStruct/HierPathStruct/reduced.hldb

==================== BEGIN REDUCTION RESULT ====================
Name                            Before   After   Added   Removed
----------------------------------------------------------------
----------------------------------------------------------------
Others                              54      54       0         0
----------------------------------------------------------------
                                    54      54       0         0
===================== END REDUCTION RESULT =====================
