********************************************************************************
*                   Begin HLC SystemVerilog Compiler/Linter                    *
********************************************************************************
Copyright (c) 2017-2023 Alain Dargelas,
http://www.apache.org/licenses/LICENSE-2.0
VERSION: 1.84
COMMAND: -wd ../../../../tests/Google/chapter-9 -timescale=1ns/1ns -d ast -d db -nobuiltin 9.4.5--event_nonblocking_assignment_repeat_int_neg.sv -wd ${HLC_DIR}/third_party/UVM -I1800.2-2017-1.0/src -mt 0 -mp 0 -d dbstats -d cache -d db -nostdout -o ${HLC_DIR}/regression/Google/chapter-9/9.4.5--event_nonblocking_assignment_repeat_int_neg
[INF:CM0023] Creating log file "$Output/hlc.log".
[INF:PP0122] Preprocessing source file "$Source01/9.4.5--event_nonblocking_assignment_repeat_int_neg.sv".
[INF:PA0201] Parsing source file "$Source01/9.4.5--event_nonblocking_assignment_repeat_int_neg.sv".
AST_DEBUG_BEGIN
Count: 124
LIB: work
FILE: f<14>:$Source01/9.4.5--event_nonblocking_assignment_repeat_int_neg.sv
n<$Source01/9.4.5--event_nonblocking_assignment_repeat_int_neg.sv> u<123> t<Top_level_rule> c<1> l<15:1> el<26:1>
  n<> u<1> t<Null_rule> p<123> s<2> l<15:1> el<15:1>
  n<// Copyright (C) 2019-2021  The SymbiFlow Authors.> u<2> t<LINE_COMMENT> p<123> s<3> l<1:1> el<1:51>
  n<//> u<3> t<LINE_COMMENT> p<123> s<4> l<2:1> el<2:3>
  n<// Use of this source code is governed by a ISC-style> u<4> t<LINE_COMMENT> p<123> s<5> l<3:1> el<3:54>
  n<// license that can be found in the LICENSE file or at> u<5> t<LINE_COMMENT> p<123> s<6> l<4:1> el<4:55>
  n<// https://opensource.org/licenses/ISC> u<6> t<LINE_COMMENT> p<123> s<7> l<5:1> el<5:39>
  n<//> u<7> t<LINE_COMMENT> p<123> s<8> l<6:1> el<6:3>
  n<// SPDX-License-Identifier: ISC> u<8> t<LINE_COMMENT> p<123> s<9> l<7:1> el<7:32>
  n</*\n:name: event_nonblocking_assignment_repeat_int_neg\n:description: event non blk assignment repeat\n:tags: 9.4.5\n*/> u<9> t<BLOCK_COMMENT> p<123> s<122> l<15:1> el<25:10>
  n<> u<122> t<Source_text> p<123> c<121> l<15:1> el<25:10>
    n<> u<121> t<Description> p<122> c<120> l<15:1> el<25:10>
      n<> u<120> t<Module_declaration> p<121> c<14> l<15:1> el<25:10>
        n<> u<14> t<Module_nonansi_header> p<120> c<10> s<31> l<15:1> el<15:20>
          n<module> u<10> t<Module_keyword> p<14> s<11> l<15:1> el<15:7>
          n<block_tb> u<11> t<SIMPLE_IDENTIFIER> p<14> s<12> l<15:8> el<15:16>
          n<> u<12> t<Package_import_declaration_list> p<14> s<13> l<15:17> el<15:17>
          n<> u<13> t<Port_list> p<14> l<15:17> el<15:19>
        n<> u<31> t<Module_item> p<120> c<30> s<48> l<16:2> el<16:12>
          n<> u<30> t<Non_port_module_item> p<31> c<29> l<16:2> el<16:12>
            n<> u<29> t<Module_or_generate_item> p<30> c<28> l<16:2> el<16:12>
              n<> u<28> t<Module_common_item> p<29> c<27> l<16:2> el<16:12>
                n<> u<27> t<Module_or_generate_item_declaration> p<28> c<26> l<16:2> el<16:12>
                  n<> u<26> t<Package_or_generate_item_declaration> p<27> c<25> l<16:2> el<16:12>
                    n<> u<25> t<Data_declaration> p<26> c<24> l<16:2> el<16:12>
                      n<> u<24> t<Variable_declaration> p<25> c<16> l<16:2> el<16:12>
                        n<> u<16> t<Data_type> p<24> c<15> s<23> l<16:2> el<16:5>
                          n<> u<15> t<REG> p<16> l<16:2> el<16:5>
                        n<> u<23> t<Variable_decl_assignment_list> p<24> c<22> l<16:6> el<16:11>
                          n<> u<22> t<Variable_decl_assignment> p<23> c<17> l<16:6> el<16:11>
                            n<a> u<17> t<SIMPLE_IDENTIFIER> p<22> s<21> l<16:6> el<16:7>
                            n<> u<21> t<Expression> p<22> c<20> l<16:10> el<16:11>
                              n<> u<20> t<Primary> p<21> c<19> l<16:10> el<16:11>
                                n<> u<19> t<Primary_literal> p<20> c<18> l<16:10> el<16:11>
                                  n<0> u<18> t<INTEGRAL_NUMBER> p<19> l<16:10> el<16:11>
        n<> u<48> t<Module_item> p<120> c<47> s<64> l<17:2> el<17:12>
          n<> u<47> t<Non_port_module_item> p<48> c<46> l<17:2> el<17:12>
            n<> u<46> t<Module_or_generate_item> p<47> c<45> l<17:2> el<17:12>
              n<> u<45> t<Module_common_item> p<46> c<44> l<17:2> el<17:12>
                n<> u<44> t<Module_or_generate_item_declaration> p<45> c<43> l<17:2> el<17:12>
                  n<> u<43> t<Package_or_generate_item_declaration> p<44> c<42> l<17:2> el<17:12>
                    n<> u<42> t<Data_declaration> p<43> c<41> l<17:2> el<17:12>
                      n<> u<41> t<Variable_declaration> p<42> c<33> l<17:2> el<17:12>
                        n<> u<33> t<Data_type> p<41> c<32> s<40> l<17:2> el<17:5>
                          n<> u<32> t<REG> p<33> l<17:2> el<17:5>
                        n<> u<40> t<Variable_decl_assignment_list> p<41> c<39> l<17:6> el<17:11>
                          n<> u<39> t<Variable_decl_assignment> p<40> c<34> l<17:6> el<17:11>
                            n<b> u<34> t<SIMPLE_IDENTIFIER> p<39> s<38> l<17:6> el<17:7>
                            n<> u<38> t<Expression> p<39> c<37> l<17:10> el<17:11>
                              n<> u<37> t<Primary> p<38> c<36> l<17:10> el<17:11>
                                n<> u<36> t<Primary_literal> p<37> c<35> l<17:10> el<17:11>
                                  n<1> u<35> t<INTEGRAL_NUMBER> p<36> l<17:10> el<17:11>
        n<> u<64> t<Module_item> p<120> c<63> s<83> l<18:2> el<18:15>
          n<> u<63> t<Non_port_module_item> p<64> c<62> l<18:2> el<18:15>
            n<> u<62> t<Module_or_generate_item> p<63> c<61> l<18:2> el<18:15>
              n<> u<61> t<Module_common_item> p<62> c<60> l<18:2> el<18:15>
                n<> u<60> t<Module_or_generate_item_declaration> p<61> c<59> l<18:2> el<18:15>
                  n<> u<59> t<Package_or_generate_item_declaration> p<60> c<58> l<18:2> el<18:15>
                    n<> u<58> t<Net_declaration> p<59> c<49> l<18:2> el<18:15>
                      n<> u<49> t<WIRE> p<58> s<50> l<18:2> el<18:6>
                      n<> u<50> t<Data_type_or_implicit> p<58> s<57> l<18:7> el<18:7>
                      n<> u<57> t<Net_decl_assignment_list> p<58> c<56> l<18:7> el<18:14>
                        n<> u<56> t<Net_decl_assignment> p<57> c<51> l<18:7> el<18:14>
                          n<clk> u<51> t<SIMPLE_IDENTIFIER> p<56> s<55> l<18:7> el<18:10>
                          n<> u<55> t<Expression> p<56> c<54> l<18:13> el<18:14>
                            n<> u<54> t<Primary> p<55> c<53> l<18:13> el<18:14>
                              n<> u<53> t<Primary_literal> p<54> c<52> l<18:13> el<18:14>
                                n<0> u<52> t<INTEGRAL_NUMBER> p<53> l<18:13> el<18:14>
        n<> u<83> t<Module_item> p<120> c<82> s<118> l<20:2> el<20:13>
          n<> u<82> t<Non_port_module_item> p<83> c<81> l<20:2> el<20:13>
            n<> u<81> t<Module_or_generate_item> p<82> c<80> l<20:2> el<20:13>
              n<> u<80> t<Module_common_item> p<81> c<79> l<20:2> el<20:13>
                n<> u<79> t<Module_or_generate_item_declaration> p<80> c<78> l<20:2> el<20:13>
                  n<> u<78> t<Package_or_generate_item_declaration> p<79> c<77> l<20:2> el<20:13>
                    n<> u<77> t<Data_declaration> p<78> c<76> l<20:2> el<20:13>
                      n<> u<76> t<Variable_declaration> p<77> c<66> l<20:2> el<20:13>
                        n<> u<66> t<Data_type> p<76> c<65> s<75> l<20:2> el<20:5>
                          n<> u<65> t<INT> p<66> l<20:2> el<20:5>
                        n<> u<75> t<Variable_decl_assignment_list> p<76> c<74> l<20:6> el<20:12>
                          n<> u<74> t<Variable_decl_assignment> p<75> c<67> l<20:6> el<20:12>
                            n<i> u<67> t<SIMPLE_IDENTIFIER> p<74> s<73> l<20:6> el<20:7>
                            n<> u<73> t<Expression> p<74> c<72> l<20:10> el<20:12>
                              n<> u<72> t<UnaryOp_Minus> p<73> s<71> l<20:10> el<20:11>
                              n<> u<71> t<Expression> p<73> c<70> l<20:11> el<20:12>
                                n<> u<70> t<Primary> p<71> c<69> l<20:11> el<20:12>
                                  n<> u<69> t<Primary_literal> p<70> c<68> l<20:11> el<20:12>
                                    n<3> u<68> t<INTEGRAL_NUMBER> p<69> l<20:11> el<20:12>
        n<> u<118> t<Module_item> p<120> c<117> s<119> l<22:2> el<24:5>
          n<> u<117> t<Non_port_module_item> p<118> c<116> l<22:2> el<24:5>
            n<> u<116> t<Module_or_generate_item> p<117> c<115> l<22:2> el<24:5>
              n<> u<115> t<Module_common_item> p<116> c<114> l<22:2> el<24:5>
                n<> u<114> t<Initial_construct> p<115> c<113> l<22:2> el<24:5>
                  n<> u<113> t<Statement_or_null> p<114> c<112> l<22:10> el<24:5>
                    n<> u<112> t<Statement> p<113> c<111> l<22:10> el<24:5>
                      n<> u<111> t<Statement_item> p<112> c<110> l<22:10> el<24:5>
                        n<> u<110> t<Seq_block> p<111> c<108> l<22:10> el<24:5>
                          n<> u<108> t<Statement_or_null> p<110> c<107> s<109> l<23:3> el<23:34>
                            n<> u<107> t<Statement> p<108> c<106> l<23:3> el<23:34>
                              n<> u<106> t<Statement_item> p<107> c<105> l<23:3> el<23:34>
                                n<> u<105> t<Blocking_assignment> p<106> c<88> l<23:3> el<23:33>
                                  n<> u<88> t<Variable_lvalue> p<105> c<85> s<100> l<23:3> el<23:4>
                                    n<> u<85> t<Ps_or_hierarchical_identifier> p<88> c<84> s<87> l<23:3> el<23:4>
                                      n<a> u<84> t<SIMPLE_IDENTIFIER> p<85> l<23:3> el<23:4>
                                    n<> u<87> t<Select> p<88> c<86> l<23:5> el<23:5>
                                      n<> u<86> t<Bit_select> p<87> l<23:5> el<23:5>
                                  n<> u<100> t<Delay_or_event_control> p<105> c<92> s<104> l<23:7> el<23:31>
                                    n<> u<92> t<Expression> p<100> c<91> s<99> l<23:14> el<23:15>
                                      n<> u<91> t<Primary> p<92> c<90> l<23:14> el<23:15>
                                        n<> u<90> t<Primary_literal> p<91> c<89> l<23:14> el<23:15>
                                          n<i> u<89> t<SIMPLE_IDENTIFIER> p<90> l<23:14> el<23:15>
                                    n<> u<99> t<Event_control> p<100> c<98> l<23:17> el<23:31>
                                      n<> u<98> t<Event_expression> p<99> c<93> l<23:19> el<23:30>
                                        n<> u<93> t<POSEDGE> p<98> s<97> l<23:19> el<23:26>
                                        n<> u<97> t<Expression> p<98> c<96> l<23:27> el<23:30>
                                          n<> u<96> t<Primary> p<97> c<95> l<23:27> el<23:30>
                                            n<> u<95> t<Primary_literal> p<96> c<94> l<23:27> el<23:30>
                                              n<clk> u<94> t<SIMPLE_IDENTIFIER> p<95> l<23:27> el<23:30>
                                  n<> u<104> t<Expression> p<105> c<103> l<23:32> el<23:33>
                                    n<> u<103> t<Primary> p<104> c<102> l<23:32> el<23:33>
                                      n<> u<102> t<Primary_literal> p<103> c<101> l<23:32> el<23:33>
                                        n<b> u<101> t<SIMPLE_IDENTIFIER> p<102> l<23:32> el<23:33>
                          n<> u<109> t<END> p<110> l<24:2> el<24:5>
        n<> u<119> t<ENDMODULE> p<120> l<25:1> el<25:10>
AST_DEBUG_END
[INF:CP0303] $Source01/9.4.5--event_nonblocking_assignment_repeat_int_neg.sv:15:1: Compile module "work@block_tb".
[INF:CM0029] Using global timescale: "1ns/1ns".
====== HLDB =======
Design name:unnamed:
  vpiName: unnamed
  vpiSourceFile (1 items):
    SourceFile name:9.4.5--event_nonblocking_assignment_repeat_int_neg.sv file:$Source01/9.4.5--event_nonblocking_assignment_repeat_int_neg.sv:
      vpiParent: Design name:unnamed
      vpiName: "9.4.5--event_nonblocking_assignment_repeat_int_neg.sv"
      vpiPreprocFile: "$Output/lib/work/9.4.5--event_nonblocking_assignment_repeat_int_neg.sv"
      vpiDefNetType: none (12)
  vpiAllModules (1 items):
    Module name:work@block_tb file:$Source01/9.4.5--event_nonblocking_assignment_repeat_int_neg.sv start:15:1 end:25:10:
      vpiParent: Design name:unnamed
      vpiName Identifier name:work@block_tb start:15:8 end:15:16:
        vpiParent: Module name:work@block_tb
        vpiName: work@block_tb
      vpiFullName: work@block_tb
      vpiTypespec (1 items):
        LogicTypespec:
          vpiParent: Module name:work@block_tb
      vpiDefName: work@block_tb
      vpiDefNetType: none (12)
      vpiLibrary RefObj name:work:
        vpiParent: Module name:work@block_tb
        vpiName: work
        vpiFullName: work@block_tb.work
      vpiCell: block_tb
      vpiNet (4 items):
        Net name:a start:16:6 end:16:7:
          vpiParent: Module name:work@block_tb
          vpiTypespec RefTypespec start:16:2 end:16:5:
            vpiParent: Net name:a
            vpiFullName: work@block_tb.a
            vpiActual: LogicTypespec
          vpiName: a
          vpiFullName: work@block_tb.a
          vpiValue Constant start:16:10 end:16:11:
            vpiParent: Net name:a
            vpiTypespec RefTypespec:
              vpiParent: Constant
              vpiFullName: work@block_tb.a
              vpiActual: IntTypespec
            vpiConstType: unsigned int (9)
            vpiSize: 64
            vpiDecompile: "0"
            vpiValue: 0
        Net name:b start:17:6 end:17:7:
          vpiParent: Module name:work@block_tb
          vpiTypespec RefTypespec start:17:2 end:17:5:
            vpiParent: Net name:b
            vpiFullName: work@block_tb.b
            vpiActual: LogicTypespec
          vpiName: b
          vpiFullName: work@block_tb.b
          vpiValue Constant start:17:10 end:17:11:
            vpiParent: Net name:b
            vpiTypespec RefTypespec:
              vpiParent: Constant
              vpiFullName: work@block_tb.b
              vpiActual: IntTypespec
            vpiConstType: unsigned int (9)
            vpiSize: 64
            vpiDecompile: "1"
            vpiValue: 1
        Net name:clk start:18:7 end:18:10:
          vpiParent: Module name:work@block_tb
          vpiTypespec RefTypespec start:18:7 end:18:7:
            vpiParent: Net name:clk
            vpiFullName: work@block_tb.clk
            vpiActual: LogicTypespec
          vpiName: clk
          vpiFullName: work@block_tb.clk
          vpiNetType: wire (1)
          vpiValue Constant start:18:13 end:18:14:
            vpiParent: Net name:clk
            vpiTypespec RefTypespec:
              vpiParent: Constant
              vpiFullName: work@block_tb.clk
              vpiActual: IntTypespec
            vpiConstType: unsigned int (9)
            vpiSize: 64
            vpiDecompile: "0"
            vpiValue: 0
        Net name:i start:20:6 end:20:7:
          vpiParent: Module name:work@block_tb
          vpiTypespec RefTypespec start:20:2 end:20:5:
            vpiParent: Net name:i
            vpiFullName: work@block_tb.i
            vpiActual: IntTypespec
          vpiName: i
          vpiFullName: work@block_tb.i
          vpiValue Operation start:20:10 end:20:12:
            vpiParent: Net name:i
            vpiOpType: minus (1)
            vpiOperand (1 items):
              Constant start:20:11 end:20:12:
                vpiParent: Operation
                vpiTypespec RefTypespec:
                  vpiParent: Constant
                  vpiFullName: work@block_tb.i
                  vpiActual: IntTypespec
                vpiConstType: unsigned int (9)
                vpiSize: 64
                vpiDecompile: "3"
                vpiValue: 3
      vpiProcess (1 items):
        Initial start:22:2 end:24:5:
          vpiParent: Module name:work@block_tb
          vpiStmt Begin start:22:10 end:24:5:
            vpiParent: Initial
            vpiFullName: work@block_tb
            vpiStmt (1 items):
              Assignment start:23:3 end:23:33:
                vpiParent: Begin
                vpiBlocking: true
                vpiLhs RefObj name:a start:23:3 end:23:4:
                  vpiParent: Assignment
                  vpiName: a
                  vpiFullName: work@block_tb.a
                  vpiActual: Net name:a
                vpiRhs RefObj name:b start:23:32 end:23:33:
                  vpiParent: Assignment
                  vpiName: b
                  vpiFullName: work@block_tb.b
                  vpiActual: Net name:b
  vpiTypespec (2 items):
    ModuleTypespec name:work@block_tb:
      vpiParent: Design name:unnamed
      vpiName Identifier name:work@block_tb start:15:8 end:15:16:
        vpiParent: ModuleTypespec name:work@block_tb
        vpiName: work@block_tb
      vpiModule: Module name:work@block_tb
    IntTypespec:
      vpiParent: Design name:unnamed
      vpiSigned: true
===================
[  FATAL] : 0
[ SYNTAX] : 0
[  ERROR] : 0
[WARNING] : 0
[   NOTE] : 0
********************************************************************************
*                    End HLC SystemVerilog Compiler/Linter                     *
********************************************************************************

#**#**#**#**#**#**#**#**#**#**#**#**#**#**#**#**#**#**#**#**#**#**#**#**#**#**#**#**#**#**#**#**#**#**#**#**#**#**#**#**

Environment:
      test-name: Google/chapter-9/9.4.5--event_nonblocking_assignment_repeat_int_neg
   test-dirpath: ${HLC_DIR}/regression/Google/chapter-9/9.4.5--event_nonblocking_assignment_repeat_int_neg
  hldb-filepath: ${HLC_DIR}/regression/Google/chapter-9/9.4.5--event_nonblocking_assignment_repeat_int_neg/design.hldb
mounts-filepath: ${HLC_DIR}/regression/Google/chapter-9/9.4.5--event_nonblocking_assignment_repeat_int_neg/mounts.json


{'result': {'coverage': 100.0,
            'error_count': 0,
            'file_count': 1,
            'files': {'$Output/lib/work/9.4.5--event_nonblocking_assignment_repeat_int_neg.sv': {'post_len': 0,
                                                                                                 'pre_len': 119}},
            'post_len': 0,
            'pre_len': 119,
            'test_name': 'Google/chapter-9/9.4.5--event_nonblocking_assignment_repeat_int_neg'}}

+------------------------------------------------------------------------+----------+-----------+
| INPUT                                                                  |   PRELEN |   POSTLEN |
+========================================================================+==========+===========+
| $Output/lib/work/9.4.5--event_nonblocking_assignment_repeat_int_neg.sv |      119 |         0 |
+========================================================================+==========+===========+
|                                                                        |      119 |         0 |
+------------------------------------------------------------------------+----------+-----------+

[   ERROR] : 0
[COVERAGE] : 100.0


#**#**#**#**#**#**#**#**#**#**#**#**#**#**#**#**#**#**#**#**#**#**#**#**#**#**#**#**#**#**#**#**#**#**#**#**#**#**#**#**

COMMAND: ${HLC_DIR}/regression/Google/chapter-9/9.4.5--event_nonblocking_assignment_repeat_int_neg/design.hldb ${HLC_DIR}/regression/Google/chapter-9/9.4.5--event_nonblocking_assignment_repeat_int_neg/reduced.hldb

==================== BEGIN REDUCTION RESULT ====================
Name                            Before   After   Added   Removed
----------------------------------------------------------------
Constant                             4       4       1         1
Operation                            1       0       0         1
RefTypespec                          8       8       1         1
----------------------------------------------------------------
Others                              18      18       0         0
----------------------------------------------------------------
                                    31      30       2         3
===================== END REDUCTION RESULT =====================
