********************************************************************************
*                   Begin HLC SystemVerilog Compiler/Linter                    *
********************************************************************************
Copyright (c) 2020 Apotell,
http://www.apache.org/licenses/LICENSE-2.0
VERSION: 1.84
COMMAND: -wd ../../../../tests/Google/chapter-5 -timescale=1ns/1ns -d ast -d db -nobuiltin 5.6.1--escaped-identifiers.sv -wd ${HLC_DIR}/third_party/UVM -I1800.2-2017-1.0/src -mt 0 -d dbstats -d cache -writepp -d db -nostdout -o ${HLC_DIR}/regression/Google/chapter-5/5.6.1--escaped-identifiers
[INF:CM0023] Creating log file "$Output/hlc.log".
[INF:PP0122] Preprocessing source file "$Source01/5.6.1--escaped-identifiers.sv".
[INF:PA0201] Parsing source file "$Source01/5.6.1--escaped-identifiers.sv".
AST_DEBUG_BEGIN
Count: 98
LIB: work
FILE: f<16>:$Source01/5.6.1--escaped-identifiers.sv
n<$Source01/5.6.1--escaped-identifiers.sv> u<97> t<Top_level_rule> c<1> l<15:1> el<25:1>
  n<> u<1> t<Null_rule> p<97> s<2> l<15:1> el<15:1>
  n<// Copyright (C) 2019-2021  The SymbiFlow Authors.> u<2> t<LINE_COMMENT> p<97> s<3> l<1:1> el<1:51>
  n<//> u<3> t<LINE_COMMENT> p<97> s<4> l<2:1> el<2:3>
  n<// Use of this source code is governed by a ISC-style> u<4> t<LINE_COMMENT> p<97> s<5> l<3:1> el<3:54>
  n<// license that can be found in the LICENSE file or at> u<5> t<LINE_COMMENT> p<97> s<6> l<4:1> el<4:55>
  n<// https://opensource.org/licenses/ISC> u<6> t<LINE_COMMENT> p<97> s<7> l<5:1> el<5:39>
  n<//> u<7> t<LINE_COMMENT> p<97> s<8> l<6:1> el<6:3>
  n<// SPDX-License-Identifier: ISC> u<8> t<LINE_COMMENT> p<97> s<9> l<7:1> el<7:32>
  n</*\n:name: escaped-identifiers\n:description: Escaped identifiers that should be accepted\n:tags: 5.6.1\n*/> u<9> t<BLOCK_COMMENT> p<97> s<96> l<15:1> el<24:10>
  n<> u<96> t<Source_text> p<97> c<95> l<15:1> el<24:10>
    n<> u<95> t<Description> p<96> c<94> l<15:1> el<24:10>
      n<> u<94> t<Module_declaration> p<95> c<14> l<15:1> el<24:10>
        n<> u<14> t<Module_nonansi_header> p<94> c<10> s<27> l<15:1> el<15:22>
          n<module> u<10> t<MODULE> p<14> s<11> l<15:1> el<15:7>
          n<identifiers> u<11> t<SIMPLE_IDENTIFIER> p<14> s<12> l<15:8> el<15:19>
          n<> u<12> t<Package_import_declaration_list> p<14> s<13> l<15:19> el<15:19>
          n<> u<13> t<Port_list> p<14> l<15:19> el<15:21>
        n<> u<27> t<Module_item> p<94> c<26> s<40> l<17:3> el<17:24>
          n<> u<26> t<Non_port_module_item> p<27> c<25> l<17:3> el<17:24>
            n<> u<25> t<Module_or_generate_item> p<26> c<24> l<17:3> el<17:24>
              n<> u<24> t<Module_common_item> p<25> c<23> l<17:3> el<17:24>
                n<> u<23> t<Module_or_generate_item_declaration> p<24> c<22> l<17:3> el<17:24>
                  n<> u<22> t<Package_or_generate_item_declaration> p<23> c<21> l<17:3> el<17:24>
                    n<> u<21> t<Data_declaration> p<22> c<20> l<17:3> el<17:24>
                      n<> u<20> t<Variable_declaration> p<21> c<16> l<17:3> el<17:24>
                        n<> u<16> t<Data_type> p<20> c<15> s<19> l<17:3> el<17:6>
                          n<> u<15> t<REG> p<16> l<17:3> el<17:6>
                        n<> u<19> t<Variable_decl_assignment_list> p<20> c<18> l<17:7> el<17:23>
                          n<> u<18> t<Variable_decl_assignment> p<19> c<17> l<17:7> el<17:23>
                            n<busa+index> u<17> t<ESCAPED_IDENTIFIER> p<18> l<17:7> el<17:23>
        n<> u<40> t<Module_item> p<94> c<39> s<53> l<18:3> el<18:20>
          n<> u<39> t<Non_port_module_item> p<40> c<38> l<18:3> el<18:20>
            n<> u<38> t<Module_or_generate_item> p<39> c<37> l<18:3> el<18:20>
              n<> u<37> t<Module_common_item> p<38> c<36> l<18:3> el<18:20>
                n<> u<36> t<Module_or_generate_item_declaration> p<37> c<35> l<18:3> el<18:20>
                  n<> u<35> t<Package_or_generate_item_declaration> p<36> c<34> l<18:3> el<18:20>
                    n<> u<34> t<Data_declaration> p<35> c<33> l<18:3> el<18:20>
                      n<> u<33> t<Variable_declaration> p<34> c<29> l<18:3> el<18:20>
                        n<> u<29> t<Data_type> p<33> c<28> s<32> l<18:3> el<18:6>
                          n<> u<28> t<REG> p<29> l<18:3> el<18:6>
                        n<> u<32> t<Variable_decl_assignment_list> p<33> c<31> l<18:7> el<18:19>
                          n<> u<31> t<Variable_decl_assignment> p<32> c<30> l<18:7> el<18:19>
                            n<-clock> u<30> t<ESCAPED_IDENTIFIER> p<31> l<18:7> el<18:19>
        n<> u<53> t<Module_item> p<94> c<52> s<66> l<19:3> el<19:35>
          n<> u<52> t<Non_port_module_item> p<53> c<51> l<19:3> el<19:35>
            n<> u<51> t<Module_or_generate_item> p<52> c<50> l<19:3> el<19:35>
              n<> u<50> t<Module_common_item> p<51> c<49> l<19:3> el<19:35>
                n<> u<49> t<Module_or_generate_item_declaration> p<50> c<48> l<19:3> el<19:35>
                  n<> u<48> t<Package_or_generate_item_declaration> p<49> c<47> l<19:3> el<19:35>
                    n<> u<47> t<Data_declaration> p<48> c<46> l<19:3> el<19:35>
                      n<> u<46> t<Variable_declaration> p<47> c<42> l<19:3> el<19:35>
                        n<> u<42> t<Data_type> p<46> c<41> s<45> l<19:3> el<19:6>
                          n<> u<41> t<REG> p<42> l<19:3> el<19:6>
                        n<> u<45> t<Variable_decl_assignment_list> p<46> c<44> l<19:7> el<19:34>
                          n<> u<44> t<Variable_decl_assignment> p<45> c<43> l<19:7> el<19:34>
                            n<***error-condition***> u<43> t<ESCAPED_IDENTIFIER> p<44> l<19:7> el<19:34>
        n<> u<66> t<Module_item> p<94> c<65> s<79> l<20:3> el<20:24>
          n<> u<65> t<Non_port_module_item> p<66> c<64> l<20:3> el<20:24>
            n<> u<64> t<Module_or_generate_item> p<65> c<63> l<20:3> el<20:24>
              n<> u<63> t<Module_common_item> p<64> c<62> l<20:3> el<20:24>
                n<> u<62> t<Module_or_generate_item_declaration> p<63> c<61> l<20:3> el<20:24>
                  n<> u<61> t<Package_or_generate_item_declaration> p<62> c<60> l<20:3> el<20:24>
                    n<> u<60> t<Data_declaration> p<61> c<59> l<20:3> el<20:24>
                      n<> u<59> t<Variable_declaration> p<60> c<55> l<20:3> el<20:24>
                        n<> u<55> t<Data_type> p<59> c<54> s<58> l<20:3> el<20:6>
                          n<> u<54> t<REG> p<55> l<20:3> el<20:6>
                        n<> u<58> t<Variable_decl_assignment_list> p<59> c<57> l<20:7> el<20:23>
                          n<> u<57> t<Variable_decl_assignment> p<58> c<56> l<20:7> el<20:23>
                            n<net1/\net2> u<56> t<ESCAPED_IDENTIFIER> p<57> l<20:7> el<20:23>
        n<> u<79> t<Module_item> p<94> c<78> s<92> l<21:3> el<21:19>
          n<> u<78> t<Non_port_module_item> p<79> c<77> l<21:3> el<21:19>
            n<> u<77> t<Module_or_generate_item> p<78> c<76> l<21:3> el<21:19>
              n<> u<76> t<Module_common_item> p<77> c<75> l<21:3> el<21:19>
                n<> u<75> t<Module_or_generate_item_declaration> p<76> c<74> l<21:3> el<21:19>
                  n<> u<74> t<Package_or_generate_item_declaration> p<75> c<73> l<21:3> el<21:19>
                    n<> u<73> t<Data_declaration> p<74> c<72> l<21:3> el<21:19>
                      n<> u<72> t<Variable_declaration> p<73> c<68> l<21:3> el<21:19>
                        n<> u<68> t<Data_type> p<72> c<67> s<71> l<21:3> el<21:6>
                          n<> u<67> t<REG> p<68> l<21:3> el<21:6>
                        n<> u<71> t<Variable_decl_assignment_list> p<72> c<70> l<21:7> el<21:18>
                          n<> u<70> t<Variable_decl_assignment> p<71> c<69> l<21:7> el<21:18>
                            n<{a,b}> u<69> t<ESCAPED_IDENTIFIER> p<70> l<21:7> el<21:18>
        n<> u<92> t<Module_item> p<94> c<91> s<93> l<22:3> el<22:21>
          n<> u<91> t<Non_port_module_item> p<92> c<90> l<22:3> el<22:21>
            n<> u<90> t<Module_or_generate_item> p<91> c<89> l<22:3> el<22:21>
              n<> u<89> t<Module_common_item> p<90> c<88> l<22:3> el<22:21>
                n<> u<88> t<Module_or_generate_item_declaration> p<89> c<87> l<22:3> el<22:21>
                  n<> u<87> t<Package_or_generate_item_declaration> p<88> c<86> l<22:3> el<22:21>
                    n<> u<86> t<Data_declaration> p<87> c<85> l<22:3> el<22:21>
                      n<> u<85> t<Variable_declaration> p<86> c<81> l<22:3> el<22:21>
                        n<> u<81> t<Data_type> p<85> c<80> s<84> l<22:3> el<22:6>
                          n<> u<80> t<REG> p<81> l<22:3> el<22:6>
                        n<> u<84> t<Variable_decl_assignment_list> p<85> c<83> l<22:7> el<22:20>
                          n<> u<83> t<Variable_decl_assignment> p<84> c<82> l<22:7> el<22:20>
                            n<a*(b+c)> u<82> t<ESCAPED_IDENTIFIER> p<83> l<22:7> el<22:20>
        n<> u<93> t<ENDMODULE> p<94> l<24:1> el<24:10>
AST_DEBUG_END
[INF:CP0303] $Source01/5.6.1--escaped-identifiers.sv:15:1: Compile module "identifiers".
[INF:CM0029] Using global timescale: "1ns/1ns".
====== HLDB =======
Design name:unnamed:
  vpiName: unnamed
  vpiSourceFile (1 items):
    SourceFile name:5.6.1--escaped-identifiers.sv file:$Source01/5.6.1--escaped-identifiers.sv:
      vpiParent: Design name:unnamed
      vpiName: "5.6.1--escaped-identifiers.sv"
      vpiPreprocFile: "$Output/lib/work/5.6.1--escaped-identifiers.sv"
  vpiAllModules (1 items):
    Module name:identifiers file:$Source01/5.6.1--escaped-identifiers.sv start:15:1 end:24:10:
      vpiParent: Design name:unnamed
      vpiName Identifier name:identifiers start:15:8 end:15:19:
        vpiParent: Module name:identifiers
        vpiName: identifiers
      vpiFullName: identifiers
      vpiVariable (6 items):
        Variable name:busa+index start:17:7 end:17:23:
          vpiParent: Module name:identifiers
          vpiTypespec RefTypespec start:17:3 end:17:6:
            vpiParent: Variable name:busa+index
            vpiFullName: identifiers.busa+index
            vpiActual: LogicTypespec
          vpiName: busa+index
          vpiFullName: identifiers.busa+index
          vpiScalar: true
        Variable name:-clock start:18:7 end:18:19:
          vpiParent: Module name:identifiers
          vpiTypespec RefTypespec start:18:3 end:18:6:
            vpiParent: Variable name:-clock
            vpiFullName: identifiers.-clock
            vpiActual: LogicTypespec
          vpiName: "-clock"
          vpiFullName: identifiers.-clock
          vpiScalar: true
        Variable name:***error-condition*** start:19:7 end:19:34:
          vpiParent: Module name:identifiers
          vpiTypespec RefTypespec start:19:3 end:19:6:
            vpiParent: Variable name:***error-condition***
            vpiFullName: identifiers.***error-condition***
            vpiActual: LogicTypespec
          vpiName: "***error-condition***"
          vpiFullName: identifiers.***error-condition***
          vpiScalar: true
        Variable name:net1/\net2 start:20:7 end:20:23:
          vpiParent: Module name:identifiers
          vpiTypespec RefTypespec start:20:3 end:20:6:
            vpiParent: Variable name:net1/\net2
            vpiFullName: identifiers.net1/\net2
            vpiActual: LogicTypespec
          vpiName: net1/\net2
          vpiFullName: identifiers.net1/\net2
          vpiScalar: true
        Variable name:{a,b} start:21:7 end:21:18:
          vpiParent: Module name:identifiers
          vpiTypespec RefTypespec start:21:3 end:21:6:
            vpiParent: Variable name:{a,b}
            vpiFullName: identifiers.{a,b}
            vpiActual: LogicTypespec
          vpiName: "{a,b}"
          vpiFullName: identifiers.{a,b}
          vpiScalar: true
        Variable name:a*(b+c) start:22:7 end:22:20:
          vpiParent: Module name:identifiers
          vpiTypespec RefTypespec start:22:3 end:22:6:
            vpiParent: Variable name:a*(b+c)
            vpiFullName: identifiers.a*(b+c)
            vpiActual: LogicTypespec
          vpiName: a*(b+c)
          vpiFullName: identifiers.a*(b+c)
          vpiScalar: true
      vpiTypespec (1 items):
        LogicTypespec:
          vpiParent: Module name:identifiers
      vpiDefName: identifiers
      vpiDefNetType: wire (1)
      vpiLibrary RefObj name:work:
        vpiParent: Module name:identifiers
        vpiName: work
        vpiFullName: identifiers.work
      vpiCell: identifiers
  vpiTypespec (1 items):
    ModuleTypespec name:identifiers:
      vpiParent: Design name:unnamed
      vpiName Identifier name:identifiers start:15:8 end:15:19:
        vpiParent: ModuleTypespec name:identifiers
        vpiName: identifiers
      vpiModule: Module name:identifiers
===================
[  FATAL] : 0
[ SYNTAX] : 0
[  ERROR] : 0
[WARNING] : 0
[   NOTE] : 0
********************************************************************************
*                    End HLC SystemVerilog Compiler/Linter                     *
********************************************************************************

#**#**#**#**#**#**#**#**#**#**#**#**#**#**#**#**#**#**#**#**#**#**#**#**#**#**#**#**#**#**#**#**#**#**#**#**#**#**#**#**

Environment:
      test-name: Google/chapter-5/5.6.1--escaped-identifiers
   test-dirpath: ${HLC_DIR}/regression/Google/chapter-5/5.6.1--escaped-identifiers
  hldb-filepath: ${HLC_DIR}/regression/Google/chapter-5/5.6.1--escaped-identifiers/design.hldb
mounts-filepath: ${HLC_DIR}/regression/Google/chapter-5/5.6.1--escaped-identifiers/mounts.json


{'result': {'coverage': 100.0,
            'error_count': 0,
            'file_count': 1,
            'files': {'$Output/lib/work/5.6.1--escaped-identifiers.sv': {'post_len': 0,
                                                                         'pre_len': 155}},
            'post_len': 0,
            'pre_len': 155,
            'test_name': 'Google/chapter-5/5.6.1--escaped-identifiers'}}

+------------------------------------------------+----------+-----------+
| INPUT                                          |   PRELEN |   POSTLEN |
+================================================+==========+===========+
| $Output/lib/work/5.6.1--escaped-identifiers.sv |      155 |         0 |
+================================================+==========+===========+
|                                                |      155 |         0 |
+------------------------------------------------+----------+-----------+

[   ERROR] : 0
[COVERAGE] : 100.0


#**#**#**#**#**#**#**#**#**#**#**#**#**#**#**#**#**#**#**#**#**#**#**#**#**#**#**#**#**#**#**#**#**#**#**#**#**#**#**#**

COMMAND: ${HLC_DIR}/regression/Google/chapter-5/5.6.1--escaped-identifiers/design.hldb ${HLC_DIR}/regression/Google/chapter-5/5.6.1--escaped-identifiers/reduced.hldb

==================== BEGIN REDUCTION RESULT ====================
Name                            Before   After   Added   Removed
----------------------------------------------------------------
----------------------------------------------------------------
Others                              20      20       0         0
----------------------------------------------------------------
                                    20      20       0         0
===================== END REDUCTION RESULT =====================
