********************************************
*  SURELOG SystemVerilog  Compiler/Linter  *
********************************************
Copyright (c) 2017-2023 Alain Dargelas,
http://www.apache.org/licenses/LICENSE-2.0
VERSION: 1.84
COMMAND: -wd ../../../tests/Verilator +incdir+. -parse -nobuiltin -timescale=1ns/1ns -d ast -d uhdm t_mod_nomod.v -mt 0 -mp 0 -d uhdmstats -d cache -d uhdm -nostdout -o ${SURELOG_DIR}/regression/Verilator/t_mod_nomod
[INF:CM0023] Creating log file "$Output/hlc.log".
[INF:PP0122] Preprocessing source file "$Source01/t_mod_nomod.v".
[INF:PA0201] Parsing source file "$Source01/t_mod_nomod.v".
AST_DEBUG_BEGIN
Count: 18
LIB: work
FILE: f<13>:$Source01/t_mod_nomod.v
n<$Source01/t_mod_nomod.v> u<17> t<Top_level_rule> c<1> l<8:1> el<11:1>
  n<> u<1> t<Null_rule> p<17> s<2> l<8:1> el<8:1>
  n<// DESCRIPTION: Verilator: Verilog Test module> u<2> t<LINE_COMMENT> p<17> s<3> l<1:1> el<1:47>
  n<//> u<3> t<LINE_COMMENT> p<17> s<4> l<2:1> el<2:3>
  n<// This file ONLY is placed into the Public Domain, for any use,> u<4> t<LINE_COMMENT> p<17> s<5> l<3:1> el<3:65>
  n<// without warranty, 2019 by Wilson Snyder.> u<5> t<LINE_COMMENT> p<17> s<6> l<4:1> el<4:44>
  n<//bug 1381> u<6> t<LINE_COMMENT> p<17> s<15> l<6:1> el<6:11>
  n<> u<15> t<Source_text> p<17> c<14> s<16> l<8:1> el<8:16>
    n<> u<14> t<Description> p<15> c<13> l<8:1> el<8:16>
      n<> u<13> t<Package_item> p<14> c<12> l<8:1> el<8:16>
        n<> u<12> t<Package_or_generate_item_declaration> p<13> c<11> l<8:1> el<8:16>
          n<> u<11> t<Net_declaration> p<12> c<7> l<8:1> el<8:16>
            n<logic> u<7> t<SIMPLE_IDENTIFIER> p<11> s<10> l<8:1> el<8:6>
            n<> u<10> t<Net_decl_assignment_list> p<11> c<9> l<8:7> el<8:15>
              n<> u<9> t<Net_decl_assignment> p<10> c<8> l<8:7> el<8:15>
                n<root_var> u<8> t<SIMPLE_IDENTIFIER> p<9> l<8:7> el<8:15>
  n<// No module statements....> u<16> t<LINE_COMMENT> p<17> l<10:1> el<10:28>
AST_DEBUG_END
[INF:CM0029] Using global timescale: "1ns/1ns".
====== UHDM =======
Design name:unnamed:
  vpiName: unnamed
  vpiSourceFile (1 items):
    SourceFile name:t_mod_nomod.v file:$Source01/t_mod_nomod.v:
      vpiParent: Design name:unnamed
      vpiName: t_mod_nomod.v
      vpiPreprocFile: "$Output/lib/work/t_mod_nomod.v"
      vpiDefNetType: none (12)
===================
[  FATAL] : 0
[ SYNTAX] : 0
[  ERROR] : 0
[WARNING] : 0
[   NOTE] : 0
********************************************
*   End SURELOG SVerilog Compiler/Linter   *
********************************************

#**#**#**#**#**#**#**#**#**#**#**#**#**#**#**#**#**#**#**#**#**#**#**#**#**#**#**#**#**#**#**#**#**#**#**#**#**#**#**#**

Environment:
      test-name: Verilator/t_mod_nomod
   test-dirpath: ${SURELOG_DIR}/regression/Verilator/t_mod_nomod
  uhdm-filepath: ${SURELOG_DIR}/regression/Verilator/t_mod_nomod/surelog.uhdm
mounts-filepath: ${SURELOG_DIR}/regression/Verilator/t_mod_nomod/mounts.json


{'result': {'coverage': 46.67,
            'error_count': 0,
            'file_count': 1,
            'files': {'$Output/lib/work/t_mod_nomod.v': {'post_len': 8,
                                                         'pre_len': 15}},
            'post_len': 8,
            'pre_len': 15,
            'test_name': 'Verilator/t_mod_nomod'}}

+--------------------------------+----------+-----------+
| INPUT                          |   PRELEN |   POSTLEN |
+================================+==========+===========+
| $Output/lib/work/t_mod_nomod.v |       15 |         8 |
+================================+==========+===========+
|                                |       15 |         8 |
+--------------------------------+----------+-----------+

[   ERROR] : 0
[COVERAGE] : 46.67


#**#**#**#**#**#**#**#**#**#**#**#**#**#**#**#**#**#**#**#**#**#**#**#**#**#**#**#**#**#**#**#**#**#**#**#**#**#**#**#**

COMMAND: ${SURELOG_DIR}/regression/Verilator/t_mod_nomod/surelog.uhdm ${SURELOG_DIR}/regression/Verilator/t_mod_nomod/reduced.uhdm

==================== BEGIN REDUCTION RESULT ====================
Name                            Before   After   Added   Removed
----------------------------------------------------------------
----------------------------------------------------------------
Others                               2       2       0         0
----------------------------------------------------------------
                                     2       2       0         0
===================== END REDUCTION RESULT =====================
