********************************************************************************
*                   Begin HLC SystemVerilog Compiler/Linter                    *
********************************************************************************
Copyright (c) 2020 Apotell,
http://www.apache.org/licenses/LICENSE-2.0
VERSION: 1.84
COMMAND: -wd ../../../tests/Verilator +incdir+. -nobuiltin -timescale=1ns/1ns -d ast -d db t_vlt_warn.v -mt 0 -d dbstats -d cache -writepp -d db -nostdout -o ${HLC_DIR}/regression/Verilator/t_vlt_warn
[INF:CM5022] Creating log file "$Output/hlc.log".
[INF:PP5223] Preprocessing source file "$Source01/t_vlt_warn.v".
[INF:PA5502] Parsing source file "$Source01/t_vlt_warn.v".
AST_DEBUG_BEGIN
Count: 121
LIB: work
FILE<0>:$Source01/t_vlt_warn.v
n<$Source01/t_vlt_warn.v> u<120> t<Top_level_rule> c<1> l<17:1> el<31:1>
  n<> u<1> t<Null_rule> p<120> s<2> l<17:1> el<17:1>
  n<// DESCRIPTION: Verilator: Verilog Test module> u<2> t<LINE_COMMENT> p<120> s<3> l<1:1> el<1:47>
  n<//> u<3> t<LINE_COMMENT> p<120> s<4> l<2:1> el<2:3>
  n<// This file ONLY is placed into the Public Domain, for any use,> u<4> t<LINE_COMMENT> p<120> s<5> l<3:1> el<3:65>
  n<// without warranty, 2010 by Wilson Snyder.> u<5> t<LINE_COMMENT> p<120> s<6> l<4:1> el<4:44>
  n<// Try inline config> u<6> t<LINE_COMMENT> p<120> s<119> l<6:1> el<6:21>
  n<> u<119> t<Source_text> p<120> c<118> l<17:1> el<30:10>
    n<> u<118> t<Description> p<119> c<117> l<17:1> el<30:10>
      n<> u<117> t<Module_declaration> p<118> c<10> l<17:1> el<30:10>
        n<> u<10> t<Module_ansi_header> p<117> c<7> s<26> l<17:1> el<17:10>
          n<module> u<7> t<MODULE> p<10> s<8> l<17:1> el<17:7>
          n<t> u<8> t<SIMPLE_IDENTIFIER> p<10> s<9> l<17:8> el<17:9>
          n<> u<9> t<Package_import_declaration_list> p<10> l<17:9> el<17:9>
        n<> u<26> t<Non_port_module_item> p<117> c<25> s<27> l<18:4> el<18:38>
          n<> u<25> t<Module_or_generate_item> p<26> c<24> l<18:4> el<18:38>
            n<> u<24> t<Module_common_item> p<25> c<23> l<18:4> el<18:38>
              n<> u<23> t<Module_or_generate_item_declaration> p<24> c<22> l<18:4> el<18:38>
                n<> u<22> t<Package_or_generate_item_declaration> p<23> c<21> l<18:4> el<18:38>
                  n<> u<21> t<Data_declaration> p<22> c<20> l<18:4> el<18:38>
                    n<> u<20> t<Variable_declaration> p<21> c<12> l<18:4> el<18:38>
                      n<> u<12> t<Data_type> p<20> c<11> s<19> l<18:4> el<18:7>
                        n<> u<11> t<REG> p<12> l<18:4> el<18:7>
                      n<> u<19> t<Variable_decl_assignment_list> p<20> c<18> l<18:8> el<18:37>
                        n<> u<18> t<Variable_decl_assignment> p<19> c<13> l<18:8> el<18:37>
                          n<width_warn_var_line18> u<13> t<SIMPLE_IDENTIFIER> p<18> s<17> l<18:8> el<18:29>
                          n<> u<17> t<Expression> p<18> c<16> l<18:32> el<18:37>
                            n<> u<16> t<Primary> p<17> c<15> l<18:32> el<18:37>
                              n<> u<15> t<Primary_literal> p<16> c<14> l<18:32> el<18:37>
                                n<2'b11> u<14> t<INTEGRAL_NUMBER> p<15> l<18:32> el<18:37>
        n<// Width warning - must be line 18> u<27> t<LINE_COMMENT> p<117> s<43> l<18:40> el<18:74>
        n<> u<43> t<Non_port_module_item> p<117> c<42> s<44> l<19:4> el<19:39>
          n<> u<42> t<Module_or_generate_item> p<43> c<41> l<19:4> el<19:39>
            n<> u<41> t<Module_common_item> p<42> c<40> l<19:4> el<19:39>
              n<> u<40> t<Module_or_generate_item_declaration> p<41> c<39> l<19:4> el<19:39>
                n<> u<39> t<Package_or_generate_item_declaration> p<40> c<38> l<19:4> el<19:39>
                  n<> u<38> t<Data_declaration> p<39> c<37> l<19:4> el<19:39>
                    n<> u<37> t<Variable_declaration> p<38> c<29> l<19:4> el<19:39>
                      n<> u<29> t<Data_type> p<37> c<28> s<36> l<19:4> el<19:7>
                        n<> u<28> t<REG> p<29> l<19:4> el<19:7>
                      n<> u<36> t<Variable_decl_assignment_list> p<37> c<35> l<19:8> el<19:38>
                        n<> u<35> t<Variable_decl_assignment> p<36> c<30> l<19:8> el<19:38>
                          n<width_warn2_var_line19> u<30> t<SIMPLE_IDENTIFIER> p<35> s<34> l<19:8> el<19:30>
                          n<> u<34> t<Expression> p<35> c<33> l<19:33> el<19:38>
                            n<> u<33> t<Primary> p<34> c<32> l<19:33> el<19:38>
                              n<> u<32> t<Primary_literal> p<33> c<31> l<19:33> el<19:38>
                                n<2'b11> u<31> t<INTEGRAL_NUMBER> p<32> l<19:33> el<19:38>
        n<// Width warning - must be line 19> u<44> t<LINE_COMMENT> p<117> s<60> l<19:41> el<19:75>
        n<> u<60> t<Non_port_module_item> p<117> c<59> s<61> l<20:4> el<20:39>
          n<> u<59> t<Module_or_generate_item> p<60> c<58> l<20:4> el<20:39>
            n<> u<58> t<Module_common_item> p<59> c<57> l<20:4> el<20:39>
              n<> u<57> t<Module_or_generate_item_declaration> p<58> c<56> l<20:4> el<20:39>
                n<> u<56> t<Package_or_generate_item_declaration> p<57> c<55> l<20:4> el<20:39>
                  n<> u<55> t<Data_declaration> p<56> c<54> l<20:4> el<20:39>
                    n<> u<54> t<Variable_declaration> p<55> c<46> l<20:4> el<20:39>
                      n<> u<46> t<Data_type> p<54> c<45> s<53> l<20:4> el<20:7>
                        n<> u<45> t<REG> p<46> l<20:4> el<20:7>
                      n<> u<53> t<Variable_decl_assignment_list> p<54> c<52> l<20:8> el<20:38>
                        n<> u<52> t<Variable_decl_assignment> p<53> c<47> l<20:8> el<20:38>
                          n<width_warn3_var_line20> u<47> t<SIMPLE_IDENTIFIER> p<52> s<51> l<20:8> el<20:30>
                          n<> u<51> t<Expression> p<52> c<50> l<20:33> el<20:38>
                            n<> u<50> t<Primary> p<51> c<49> l<20:33> el<20:38>
                              n<> u<49> t<Primary_literal> p<50> c<48> l<20:33> el<20:38>
                                n<2'b11> u<48> t<INTEGRAL_NUMBER> p<49> l<20:33> el<20:38>
        n<// Width warning - must be line 20> u<61> t<LINE_COMMENT> p<117> s<115> l<20:41> el<20:75>
        n<> u<115> t<Non_port_module_item> p<117> c<114> s<116> l<22:4> el<29:7>
          n<> u<114> t<Module_or_generate_item> p<115> c<113> l<22:4> el<29:7>
            n<> u<113> t<Module_common_item> p<114> c<112> l<22:4> el<29:7>
              n<> u<112> t<Initial_construct> p<113> c<111> l<22:4> el<29:7>
                n<> u<111> t<Statement_or_null> p<112> c<110> l<22:12> el<29:7>
                  n<> u<110> t<Statement> p<111> c<109> l<22:12> el<29:7>
                    n<> u<109> t<Statement_item> p<110> c<108> l<22:12> el<29:7>
                      n<> u<108> t<Seq_block> p<109> c<85> l<22:12> el<29:7>
                        n<> u<85> t<Statement_or_null> p<108> c<84> s<97> l<23:7> el<25:14>
                          n<> u<84> t<Statement> p<85> c<83> l<23:7> el<25:14>
                            n<> u<83> t<Statement_item> p<84> c<82> l<23:7> el<25:14>
                              n<> u<82> t<Case_statement> p<83> c<62> l<23:7> el<25:14>
                                n<> u<62> t<CASEX> p<82> s<66> l<23:7> el<23:12>
                                n<> u<66> t<Expression> p<82> c<65> s<80> l<23:14> el<23:18>
                                  n<> u<65> t<Primary> p<66> c<64> l<23:14> el<23:18>
                                    n<> u<64> t<Primary_literal> p<65> c<63> l<23:14> el<23:18>
                                      n<> u<63> t<ONE_TICK_b1> p<64> l<23:14> el<23:18>
                                n<> u<80> t<Case_item> p<82> c<70> s<81> l<24:9> el<24:21>
                                  n<> u<70> t<Expression> p<80> c<69> s<79> l<24:9> el<24:13>
                                    n<> u<69> t<Primary> p<70> c<68> l<24:9> el<24:13>
                                      n<> u<68> t<Primary_literal> p<69> c<67> l<24:9> el<24:13>
                                        n<> u<67> t<ONE_TICK_b0> p<68> l<24:9> el<24:13>
                                  n<> u<79> t<Statement_or_null> p<80> c<78> l<24:15> el<24:21>
                                    n<> u<78> t<Statement> p<79> c<77> l<24:15> el<24:21>
                                      n<> u<77> t<Statement_item> p<78> c<76> l<24:15> el<24:21>
                                        n<> u<76> t<Subroutine_call_statement> p<77> c<75> l<24:15> el<24:21>
                                          n<> u<75> t<Subroutine_call> p<76> c<71> l<24:15> el<24:20>
                                            n<$> u<71> t<DOLLAR> p<75> s<72> l<24:15> el<24:16>
                                            n<stop> u<72> t<SIMPLE_IDENTIFIER> p<75> s<74> l<24:16> el<24:20>
                                            n<> u<74> t<Select> p<75> c<73> l<24:20> el<24:20>
                                              n<> u<73> t<Bit_select> p<74> l<24:20> el<24:20>
                                n<> u<81> t<ENDCASE> p<82> l<25:7> el<25:14>
                        n<> u<97> t<Statement_or_null> p<108> c<96> s<106> l<27:7> el<27:40>
                          n<> u<96> t<Statement> p<97> c<95> l<27:7> el<27:40>
                            n<> u<95> t<Statement_item> p<96> c<94> l<27:7> el<27:40>
                              n<> u<94> t<Subroutine_call_statement> p<95> c<93> l<27:7> el<27:40>
                                n<> u<93> t<Subroutine_call> p<94> c<86> l<27:7> el<27:39>
                                  n<$> u<86> t<DOLLAR> p<93> s<87> l<27:7> el<27:8>
                                  n<write> u<87> t<SIMPLE_IDENTIFIER> p<93> s<92> l<27:8> el<27:13>
                                  n<> u<92> t<Argument_list> p<93> c<91> l<27:14> el<27:38>
                                    n<> u<91> t<Expression> p<92> c<90> l<27:14> el<27:38>
                                      n<> u<90> t<Primary> p<91> c<89> l<27:14> el<27:38>
                                        n<> u<89> t<Primary_literal> p<90> c<88> l<27:14> el<27:38>
                                          n<"*-* All Finished *-*\n"> u<88> t<QUOTED_STRING> p<89> l<27:14> el<27:38>
                        n<> u<106> t<Statement_or_null> p<108> c<105> s<107> l<28:7> el<28:15>
                          n<> u<105> t<Statement> p<106> c<104> l<28:7> el<28:15>
                            n<> u<104> t<Statement_item> p<105> c<103> l<28:7> el<28:15>
                              n<> u<103> t<Subroutine_call_statement> p<104> c<102> l<28:7> el<28:15>
                                n<> u<102> t<Subroutine_call> p<103> c<98> l<28:7> el<28:14>
                                  n<$> u<98> t<DOLLAR> p<102> s<99> l<28:7> el<28:8>
                                  n<finish> u<99> t<SIMPLE_IDENTIFIER> p<102> s<101> l<28:8> el<28:14>
                                  n<> u<101> t<Select> p<102> c<100> l<28:14> el<28:14>
                                    n<> u<100> t<Bit_select> p<101> l<28:14> el<28:14>
                        n<> u<107> t<END> p<108> l<29:4> el<29:7>
        n<> u<116> t<ENDMODULE> p<117> l<30:1> el<30:10>
AST_DEBUG_END
[INF:CP5804] $Source01/t_vlt_warn.v:17:1: Compile module "t".
[INF:CM5028] Using global timescale: "1ns/1ns".
====== HLDB =======
Design name:unnamed:
  vpiName: unnamed
  vpiSourceFile (1 items):
    SourceFile name:t_vlt_warn.v file:$Source01/t_vlt_warn.v:
      vpiParent: Design name:unnamed
      vpiName: t_vlt_warn.v
      vpiPreprocFile: "$Output/lib/work/t_vlt_warn.v"
  vpiAllModules (1 items):
    Module name:t file:$Source01/t_vlt_warn.v start:17:1 end:30:10:
      vpiParent: Design name:unnamed
      vpiName Identifier name:t start:17:8 end:17:9:
      vpiFullName: t
      vpiVariable (3 items):
        Variable name:width_warn_var_line18 start:18:8 end:18:29:
          vpiParent: Module name:t
          vpiTypespec RefTypespec start:18:4 end:18:7:
            vpiParent: Variable name:width_warn_var_line18
            vpiFullName: t.width_warn_var_line18
            vpiActual: LogicTypespec
          vpiName: width_warn_var_line18
          vpiFullName: t.width_warn_var_line18
          vpiScalar: true
          vpiValue Constant start:18:32 end:18:37:
            vpiParent: Variable name:width_warn_var_line18
            vpiTypespec RefTypespec:
              vpiParent: Constant
              vpiFullName: t.width_warn_var_line18
              vpiActual: LogicTypespec
            vpiConstType: binary (3)
            vpiSize: 2
            vpiDecompile: "2'b11"
            vpiValue: "11"
        Variable name:width_warn2_var_line19 start:19:8 end:19:30:
          vpiParent: Module name:t
          vpiTypespec RefTypespec start:19:4 end:19:7:
            vpiParent: Variable name:width_warn2_var_line19
            vpiFullName: t.width_warn2_var_line19
            vpiActual: LogicTypespec
          vpiName: width_warn2_var_line19
          vpiFullName: t.width_warn2_var_line19
          vpiScalar: true
          vpiValue Constant start:19:33 end:19:38:
            vpiParent: Variable name:width_warn2_var_line19
            vpiTypespec RefTypespec:
              vpiParent: Constant
              vpiFullName: t.width_warn2_var_line19
              vpiActual: LogicTypespec
            vpiConstType: binary (3)
            vpiSize: 2
            vpiDecompile: "2'b11"
            vpiValue: "11"
        Variable name:width_warn3_var_line20 start:20:8 end:20:30:
          vpiParent: Module name:t
          vpiTypespec RefTypespec start:20:4 end:20:7:
            vpiParent: Variable name:width_warn3_var_line20
            vpiFullName: t.width_warn3_var_line20
            vpiActual: LogicTypespec
          vpiName: width_warn3_var_line20
          vpiFullName: t.width_warn3_var_line20
          vpiScalar: true
          vpiValue Constant start:20:33 end:20:38:
            vpiParent: Variable name:width_warn3_var_line20
            vpiTypespec RefTypespec:
              vpiParent: Constant
              vpiFullName: t.width_warn3_var_line20
              vpiActual: LogicTypespec
            vpiConstType: binary (3)
            vpiSize: 2
            vpiDecompile: "2'b11"
            vpiValue: "11"
      vpiTypespec (1 items):
        LogicTypespec:
          vpiParent: Module name:t
      vpiDefName: t
      vpiDefNetType: wire (1)
      vpiLibrary RefObj name:work:
        vpiParent: Module name:t
        vpiName: work
        vpiFullName: t.work
      vpiCell: t
      vpiProcess (1 items):
        Initial start:22:4 end:29:7:
          vpiParent: Module name:t
          vpiStmt Begin start:22:12 end:29:7:
            vpiParent: Initial
            vpiFullName: t
            vpiTypespec (1 items):
              BitTypespec:
                vpiParent: Begin
            vpiStmt (3 items):
              CaseStmt start:23:7 end:25:14:
                vpiParent: Begin
                vpiCaseType: x (2)
                vpiCondition Constant start:23:14 end:23:18:
                  vpiParent: CaseStmt
                  vpiTypespec RefTypespec:
                    vpiParent: Constant
                    vpiFullName: t
                    vpiActual: BitTypespec
                  vpiConstType: binary (3)
                  vpiSize: 1
                  vpiDecompile: "1'b1"
                  vpiValue: "1"
                vpiCaseItem (1 items):
                  CaseItem start:24:9 end:24:21:
                    vpiParent: CaseStmt
                    vpiExpr (1 items):
                      Constant start:24:9 end:24:13:
                        vpiParent: CaseItem
                        vpiTypespec RefTypespec:
                          vpiParent: Constant
                          vpiFullName: t
                          vpiActual: BitTypespec
                        vpiConstType: binary (3)
                        vpiSize: 1
                        vpiDecompile: "1'b0"
                        vpiValue: "0"
                    vpiStmt SysTaskCall name:$stop start:24:15 end:24:20:
                      vpiParent: CaseItem
                      vpiName Identifier name:$stop start:24:15 end:24:20:
              SysTaskCall name:$write start:27:7 end:27:39:
                vpiParent: Begin
                vpiName Identifier name:$write start:27:7 end:27:13:
                vpiArgument (1 items):
                  Constant start:27:14 end:27:38:
                    vpiParent: SysTaskCall name:$write
                    vpiTypespec RefTypespec:
                      vpiParent: Constant
                      vpiFullName: t
                      vpiActual: StringTypespec
                    vpiConstType: string (6)
                    vpiSize: 168
                    vpiDecompile: "\"*-* All Finished *-*\\n\""
                    vpiValue: "*-* All Finished *-*\\n"
              SysTaskCall name:$finish start:28:7 end:28:14:
                vpiParent: Begin
                vpiName Identifier name:$finish start:28:7 end:28:14:
  vpiTypespec (3 items):
    ModuleTypespec name:t:
      vpiParent: Design name:unnamed
      vpiName Identifier name:t start:17:8 end:17:9:
      vpiModule: Module name:t
    LogicTypespec:
      vpiParent: Design name:unnamed
    StringTypespec:
      vpiParent: Design name:unnamed
===================
[  FATAL] : 0
[ SYNTAX] : 0
[  ERROR] : 0
[WARNING] : 0
[   NOTE] : 0
********************************************************************************
*                    End HLC SystemVerilog Compiler/Linter                     *
********************************************************************************

#**#**#**#**#**#**#**#**#**#**#**#**#**#**#**#**#**#**#**#**#**#**#**#**#**#**#**#**#**#**#**#**#**#**#**#**#**#**#**#**

Environment:
      test-name: Verilator/t_vlt_warn
   test-dirpath: ${HLC_DIR}/regression/Verilator/t_vlt_warn
  hldb-filepath: ${HLC_DIR}/regression/Verilator/t_vlt_warn/design.hldb
mounts-filepath: ${HLC_DIR}/regression/Verilator/t_vlt_warn/mounts.json


{'result': {'coverage': 100.0,
            'error_count': 0,
            'file_count': 1,
            'files': {'$Output/lib/work/t_vlt_warn.v': {'post_len': 0,
                                                        'pre_len': 210}},
            'post_len': 0,
            'pre_len': 210,
            'test_name': 'Verilator/t_vlt_warn'}}

+-------------------------------+----------+-----------+
| INPUT                         |   PRELEN |   POSTLEN |
+===============================+==========+===========+
| $Output/lib/work/t_vlt_warn.v |      210 |         0 |
+===============================+==========+===========+
|                               |      210 |         0 |
+-------------------------------+----------+-----------+

[   ERROR] : 0
[COVERAGE] : 100.0


#**#**#**#**#**#**#**#**#**#**#**#**#**#**#**#**#**#**#**#**#**#**#**#**#**#**#**#**#**#**#**#**#**#**#**#**#**#**#**#**

COMMAND: ${HLC_DIR}/regression/Verilator/t_vlt_warn/design.hldb ${HLC_DIR}/regression/Verilator/t_vlt_warn/reduced.hldb

==================== BEGIN REDUCTION RESULT ====================
Name                            Before   After   Added   Removed
----------------------------------------------------------------
----------------------------------------------------------------
Others                              39      39       0         0
----------------------------------------------------------------
                                    39      39       0         0
===================== END REDUCTION RESULT =====================
