********************************************************************************
*                   Begin HLC SystemVerilog Compiler/Linter                    *
********************************************************************************
Copyright (c) 2020 Apotell,
http://www.apache.org/licenses/LICENSE-2.0
VERSION: 1.84
COMMAND: -wd ../../../../../tests/Sky130Cell -DUNIT_DELAY -writepp -nobuiltin -timescale=1ns/1ns -d ast -d db cells/cells/sky130_fd_sc_hd__conb.functional.v -mt 0 -mp 0 -d dbstats -d cache -d db -nostdout -o ${HLC_DIR}/regression/Sky130Cell/cells/cells/sky130_fd_sc_hd__conb.functional
[INF:CM0023] Creating log file "$Output/hlc.log".
[INF:PP0122] Preprocessing source file "$Source01/cells/cells/sky130_fd_sc_hd__conb.functional.v".
[INF:PA0201] Parsing source file "$Source01/cells/cells/sky130_fd_sc_hd__conb.functional.v".
AST_DEBUG_BEGIN
Count: 92
LIB: work
FILE: f<14>:$Source01/cells/cells/sky130_fd_sc_hd__conb.functional.v
n<$Source01/cells/cells/sky130_fd_sc_hd__conb.functional.v> u<91> t<Top_level_rule> c<1> l<29:1> el<50:40>
  n<> u<1> t<Null_rule> p<91> s<2> l<29:1> el<29:1>
  n</*\n * Copyright 2020 The SkyWater PDK Authors\n *\n * Licensed under the Apache License, Version 2.0 (the "License");\n * you may not use this file except in compliance with the License.\n * You may obtain a copy of the License at\n *\n *     https://www.apache.org/licenses/LICENSE-2.0\n *\n * Unless required by applicable law or agreed to in writing, software\n * distributed under the License is distributed on an "AS IS" BASIS,\n * WITHOUT WARRANTIES OR CONDITIONS OF ANY KIND, either express or implied.\n * See the License for the specific language governing permissions and\n * limitations under the License.\n *\n * SPDX-License-Identifier: Apache-2.0\n*/> u<2> t<BLOCK_COMMENT> p<91> s<3> l<29:1> el<49:22>
  n</**\n * conb: Constant value, low, high outputs.\n *\n * Verilog simulation functional model.\n */> u<3> t<BLOCK_COMMENT> p<91> s<89> l<29:1> el<49:22>
  n<> u<89> t<Source_text> p<91> c<12> s<90> l<29:1> el<49:22>
    n<> u<12> t<Description> p<89> c<11> s<16> l<29:1> el<29:21>
      n<> u<11> t<Top_directives> p<12> c<10> l<29:1> el<29:21>
        n<> u<10> t<Timescale_directive> p<11> c<6> l<29:1> el<29:21>
          n<1ns> u<6> t<Time_literal> p<10> c<4> s<9> l<29:12> el<29:15>
            n<1> u<4> t<INTEGRAL_NUMBER> p<6> s<5> l<29:12> el<29:13>
            n<ns> u<5> t<SIMPLE_IDENTIFIER> p<6> l<29:13> el<29:15>
          n<1ps> u<9> t<Time_literal> p<10> c<7> l<29:18> el<29:21>
            n<1> u<7> t<INTEGRAL_NUMBER> p<9> s<8> l<29:18> el<29:19>
            n<ps> u<8> t<SIMPLE_IDENTIFIER> p<9> l<29:19> el<29:21>
    n<> u<16> t<Description> p<89> c<15> s<19> l<30:1> el<30:22>
      n<> u<15> t<Top_directives> p<16> c<14> l<30:1> el<30:22>
        n<> u<14> t<Default_nettype_directive> p<15> c<13> l<30:1> el<30:22>
          n<none> u<13> t<SIMPLE_IDENTIFIER> p<14> l<30:18> el<30:22>
    n<> u<19> t<Description> p<89> c<18> s<81> l<32:1> el<32:12>
      n<> u<18> t<Top_directives> p<19> c<17> l<32:1> el<32:12>
        n<> u<17> t<Celldefine_directive> p<18> l<32:1> el<32:12>
    n<> u<81> t<Description> p<89> c<80> s<84> l<33:1> el<46:10>
      n<> u<80> t<Module_declaration> p<81> c<36> l<33:1> el<46:10>
        n<> u<36> t<Module_nonansi_header> p<80> c<20> s<37> l<33:1> el<36:3>
          n<module> u<20> t<Module_keyword> p<36> s<21> l<33:1> el<33:7>
          n<sky130_fd_sc_hd__conb> u<21> t<SIMPLE_IDENTIFIER> p<36> s<22> l<33:8> el<33:29>
          n<> u<22> t<Package_import_declaration_list> p<36> s<35> l<33:30> el<33:30>
          n<> u<35> t<Port_list> p<36> c<28> l<33:30> el<36:2>
            n<> u<28> t<Port> p<35> c<27> s<34> l<34:5> el<34:7>
              n<> u<27> t<Port_expression> p<28> c<26> l<34:5> el<34:7>
                n<> u<26> t<Port_reference> p<27> c<23> l<34:5> el<34:7>
                  n<HI> u<23> t<SIMPLE_IDENTIFIER> p<26> s<25> l<34:5> el<34:7>
                  n<> u<25> t<Constant_select> p<26> c<24> l<34:7> el<34:7>
                    n<> u<24> t<Constant_bit_select> p<25> l<34:7> el<34:7>
            n<> u<34> t<Port> p<35> c<33> l<35:5> el<35:7>
              n<> u<33> t<Port_expression> p<34> c<32> l<35:5> el<35:7>
                n<> u<32> t<Port_reference> p<33> c<29> l<35:5> el<35:7>
                  n<LO> u<29> t<SIMPLE_IDENTIFIER> p<32> s<31> l<35:5> el<35:7>
                  n<> u<31> t<Constant_select> p<32> c<30> l<36:1> el<36:1>
                    n<> u<30> t<Constant_bit_select> p<31> l<36:1> el<36:1>
        n<// Module ports> u<37> t<LINE_COMMENT> p<80> s<44> l<38:5> el<38:20>
        n<> u<44> t<Module_item> p<80> c<43> s<51> l<39:5> el<39:15>
          n<> u<43> t<Port_declaration> p<44> c<42> l<39:5> el<39:14>
            n<> u<42> t<Output_declaration> p<43> c<39> l<39:5> el<39:14>
              n<> u<39> t<Net_port_type> p<42> c<38> s<41> l<39:12> el<39:12>
                n<> u<38> t<Data_type_or_implicit> p<39> l<39:12> el<39:12>
              n<> u<41> t<Output_port_identifier_list> p<42> c<40> l<39:12> el<39:14>
                n<HI> u<40> t<SIMPLE_IDENTIFIER> p<41> l<39:12> el<39:14>
        n<> u<51> t<Module_item> p<80> c<50> s<52> l<40:5> el<40:15>
          n<> u<50> t<Port_declaration> p<51> c<49> l<40:5> el<40:14>
            n<> u<49> t<Output_declaration> p<50> c<46> l<40:5> el<40:14>
              n<> u<46> t<Net_port_type> p<49> c<45> s<48> l<40:12> el<40:12>
                n<> u<45> t<Data_type_or_implicit> p<46> l<40:12> el<40:12>
              n<> u<48> t<Output_port_identifier_list> p<49> c<47> l<40:12> el<40:14>
                n<LO> u<47> t<SIMPLE_IDENTIFIER> p<48> l<40:12> el<40:14>
        n<//       Name       Output> u<52> t<LINE_COMMENT> p<80> s<65> l<42:5> el<42:31>
        n<> u<65> t<Module_item> p<80> c<64> s<78> l<43:5> el<43:33>
          n<> u<64> t<Non_port_module_item> p<65> c<63> l<43:5> el<43:33>
            n<> u<63> t<Module_or_generate_item> p<64> c<62> l<43:5> el<43:33>
              n<> u<62> t<Gate_instantiation> p<63> c<61> l<43:5> el<43:33>
                n<> u<61> t<PULLUP> p<62> s<60> l<43:5> el<43:11>
                n<> u<60> t<Pull_gate_instance> p<62> c<54> l<43:14> el<43:32>
                  n<> u<54> t<Name_of_instance> p<60> c<53> s<59> l<43:14> el<43:21>
                    n<pullup0> u<53> t<SIMPLE_IDENTIFIER> p<54> l<43:14> el<43:21>
                  n<> u<59> t<Net_lvalue> p<60> c<56> l<43:25> el<43:27>
                    n<> u<56> t<Ps_or_hierarchical_identifier> p<59> c<55> s<58> l<43:25> el<43:27>
                      n<HI> u<55> t<SIMPLE_IDENTIFIER> p<56> l<43:25> el<43:27>
                    n<> u<58> t<Constant_select> p<59> c<57> l<43:31> el<43:31>
                      n<> u<57> t<Constant_bit_select> p<58> l<43:31> el<43:31>
        n<> u<78> t<Module_item> p<80> c<77> s<79> l<44:5> el<44:33>
          n<> u<77> t<Non_port_module_item> p<78> c<76> l<44:5> el<44:33>
            n<> u<76> t<Module_or_generate_item> p<77> c<75> l<44:5> el<44:33>
              n<> u<75> t<Gate_instantiation> p<76> c<74> l<44:5> el<44:33>
                n<> u<74> t<PULLDOWN> p<75> s<73> l<44:5> el<44:13>
                n<> u<73> t<Pull_gate_instance> p<75> c<67> l<44:14> el<44:32>
                  n<> u<67> t<Name_of_instance> p<73> c<66> s<72> l<44:14> el<44:23>
                    n<pulldown0> u<66> t<SIMPLE_IDENTIFIER> p<67> l<44:14> el<44:23>
                  n<> u<72> t<Net_lvalue> p<73> c<69> l<44:25> el<44:27>
                    n<> u<69> t<Ps_or_hierarchical_identifier> p<72> c<68> s<71> l<44:25> el<44:27>
                      n<LO> u<68> t<SIMPLE_IDENTIFIER> p<69> l<44:25> el<44:27>
                    n<> u<71> t<Constant_select> p<72> c<70> l<44:31> el<44:31>
                      n<> u<70> t<Constant_bit_select> p<71> l<44:31> el<44:31>
        n<> u<79> t<ENDMODULE> p<80> l<46:1> el<46:10>
    n<> u<84> t<Description> p<89> c<83> s<88> l<47:1> el<47:15>
      n<> u<83> t<Top_directives> p<84> c<82> l<47:1> el<47:15>
        n<> u<82> t<Endcelldefine_directive> p<83> l<47:1> el<47:15>
    n<> u<88> t<Description> p<89> c<87> l<49:1> el<49:22>
      n<> u<87> t<Top_directives> p<88> c<86> l<49:1> el<49:22>
        n<> u<86> t<Default_nettype_directive> p<87> c<85> l<49:1> el<49:22>
          n<> u<85> t<WIRE> p<86> l<49:18> el<49:22>
  n<// SKY130_FD_SC_HD__CONB_FUNCTIONAL_V> u<90> t<LINE_COMMENT> p<91> l<50:3> el<50:40>
AST_DEBUG_END
[INF:CP0303] $Source01/cells/cells/sky130_fd_sc_hd__conb.functional.v:33:1: Compile module "sky130_fd_sc_hd__conb".
[INF:CM0029] Using global timescale: "1ns/1ns".
====== HLDB =======
Design name:unnamed:
  vpiName: unnamed
  vpiSourceFile (1 items):
    SourceFile name:sky130_fd_sc_hd__conb.functional.v file:$Source01/cells/cells/sky130_fd_sc_hd__conb.functional.v:
      vpiParent: Design name:unnamed
      vpiName: sky130_fd_sc_hd__conb.functional.v
      vpiPreprocFile: "$Output/lib/work/cells/cells/sky130_fd_sc_hd__conb.functional.v"
      vpiPreprocMacroDefinition (1 items):
        PreprocMacroDefinition name:SKY130_FD_SC_HD__CONB_FUNCTIONAL_V start:21:1 end:22:1:
          vpiParent: SourceFile name:sky130_fd_sc_hd__conb.functional.v
          vpiName Identifier name:SKY130_FD_SC_HD__CONB_FUNCTIONAL_V start:21:9 end:21:43:
            vpiParent: PreprocMacroDefinition name:SKY130_FD_SC_HD__CONB_FUNCTIONAL_V
            vpiName: SKY130_FD_SC_HD__CONB_FUNCTIONAL_V
          vpiPMDType: define (1)
      vpiDefNetType: wire (1)
      vpiTimePrecision: -12
      vpiTimeUnit: -9
  vpiAllModules (1 items):
    Module name:sky130_fd_sc_hd__conb file:$Source01/cells/cells/sky130_fd_sc_hd__conb.functional.v start:33:1 end:46:10:
      vpiParent: Design name:unnamed
      vpiName Identifier name:sky130_fd_sc_hd__conb start:33:8 end:33:29:
        vpiParent: Module name:sky130_fd_sc_hd__conb
        vpiName: sky130_fd_sc_hd__conb
      vpiFullName: sky130_fd_sc_hd__conb
      vpiTypespec (1 items):
        LogicTypespec:
          vpiParent: Module name:sky130_fd_sc_hd__conb
      vpiDefName: sky130_fd_sc_hd__conb
      vpiDefNetType: none (12)
      vpiTimePrecision: -12
      vpiTimeUnit: -9
      vpiLibrary RefObj name:work:
        vpiParent: Module name:sky130_fd_sc_hd__conb
        vpiName: work
        vpiFullName: sky130_fd_sc_hd__conb.work
      vpiCell: sky130_fd_sc_hd__conb
      vpiNet (2 items):
        Net name:HI start:39:12 end:39:14:
          vpiParent: Module name:sky130_fd_sc_hd__conb
          vpiTypespec RefTypespec start:39:12 end:39:12:
            vpiParent: Net name:HI
            vpiFullName: sky130_fd_sc_hd__conb.HI
            vpiActual: LogicTypespec
          vpiName: HI
          vpiFullName: sky130_fd_sc_hd__conb.HI
        Net name:LO start:40:12 end:40:14:
          vpiParent: Module name:sky130_fd_sc_hd__conb
          vpiTypespec RefTypespec start:40:12 end:40:12:
            vpiParent: Net name:LO
            vpiFullName: sky130_fd_sc_hd__conb.LO
            vpiActual: LogicTypespec
          vpiName: LO
          vpiFullName: sky130_fd_sc_hd__conb.LO
      vpiPort (2 items):
        Port name:HI start:34:5 end:34:7:
          vpiParent: Module name:sky130_fd_sc_hd__conb
          vpiName: HI
          vpiDirection: output (2)
          vpiLowConn RefObj name:HI start:34:5 end:34:7:
            vpiParent: Port name:HI
            vpiName: HI
            vpiFullName: sky130_fd_sc_hd__conb.HI.HI
            vpiActual: Net name:HI
          vpiTypespec RefTypespec start:39:12 end:39:12:
            vpiParent: Port name:HI
            vpiFullName: sky130_fd_sc_hd__conb.HI
            vpiActual: LogicTypespec
        Port name:LO start:35:5 end:35:7:
          vpiParent: Module name:sky130_fd_sc_hd__conb
          vpiName: LO
          vpiDirection: output (2)
          vpiLowConn RefObj name:LO start:35:5 end:35:7:
            vpiParent: Port name:LO
            vpiName: LO
            vpiFullName: sky130_fd_sc_hd__conb.LO.LO
            vpiActual: Net name:LO
          vpiTypespec RefTypespec start:40:12 end:40:12:
            vpiParent: Port name:LO
            vpiFullName: sky130_fd_sc_hd__conb.LO
            vpiActual: LogicTypespec
      vpiPrimitive (2 items):
        Gate name:pullup0 start:43:14 end:43:21:
          vpiParent: Module name:sky130_fd_sc_hd__conb
          vpiName: pullup0
          vpiFullName: sky130_fd_sc_hd__conb.pullup0
          vpiDefName Identifier name:work@pullup start:43:5 end:43:11:
            vpiParent: Gate name:pullup0
            vpiName: work@pullup
          vpiPrimType: pullup (25)
          vpiPrimTerm (1 items):
            PrimTerm start:43:25 end:43:27:
              vpiParent: Gate name:pullup0
              vpiDirection: output (2)
              vpiExpr RefObj name:HI start:43:25 end:43:27:
                vpiParent: PrimTerm
                vpiName: HI
                vpiFullName: sky130_fd_sc_hd__conb.pullup0.HI
                vpiActual: Net name:HI
        Gate name:pulldown0 start:44:14 end:44:23:
          vpiParent: Module name:sky130_fd_sc_hd__conb
          vpiName: pulldown0
          vpiFullName: sky130_fd_sc_hd__conb.pulldown0
          vpiDefName Identifier name:work@pulldown start:44:5 end:44:13:
            vpiParent: Gate name:pulldown0
            vpiName: work@pulldown
          vpiPrimType: pulldown (26)
          vpiPrimTerm (1 items):
            PrimTerm start:44:25 end:44:27:
              vpiParent: Gate name:pulldown0
              vpiDirection: output (2)
              vpiExpr RefObj name:LO start:44:25 end:44:27:
                vpiParent: PrimTerm
                vpiName: LO
                vpiFullName: sky130_fd_sc_hd__conb.pulldown0.LO
                vpiActual: Net name:LO
  vpiTypespec (1 items):
    ModuleTypespec name:sky130_fd_sc_hd__conb:
      vpiParent: Design name:unnamed
      vpiName Identifier name:sky130_fd_sc_hd__conb start:33:8 end:33:29:
        vpiParent: ModuleTypespec name:sky130_fd_sc_hd__conb
        vpiName: sky130_fd_sc_hd__conb
      vpiModule: Module name:sky130_fd_sc_hd__conb
===================
[  FATAL] : 0
[ SYNTAX] : 0
[  ERROR] : 0
[WARNING] : 0
[   NOTE] : 0
********************************************************************************
*                    End HLC SystemVerilog Compiler/Linter                     *
********************************************************************************

#**#**#**#**#**#**#**#**#**#**#**#**#**#**#**#**#**#**#**#**#**#**#**#**#**#**#**#**#**#**#**#**#**#**#**#**#**#**#**#**

Environment:
      test-name: Sky130Cell/cells/cells/sky130_fd_sc_hd__conb.functional
   test-dirpath: ${HLC_DIR}/regression/Sky130Cell/cells/cells/sky130_fd_sc_hd__conb.functional
  hldb-filepath: ${HLC_DIR}/regression/Sky130Cell/cells/cells/sky130_fd_sc_hd__conb.functional/design.hldb
mounts-filepath: ${HLC_DIR}/regression/Sky130Cell/cells/cells/sky130_fd_sc_hd__conb.functional/mounts.json


{'result': {'coverage': 61.72,
            'error_count': 0,
            'file_count': 1,
            'files': {'$Output/lib/work/cells/cells/sky130_fd_sc_hd__conb.functional.v': {'post_len': 80,
                                                                                          'pre_len': 209}},
            'post_len': 80,
            'pre_len': 209,
            'test_name': 'Sky130Cell/cells/cells/sky130_fd_sc_hd__conb.functional'}}

+-----------------------------------------------------------------+----------+-----------+
| INPUT                                                           |   PRELEN |   POSTLEN |
+=================================================================+==========+===========+
| $Output/lib/work/cells/cells/sky130_fd_sc_hd__conb.functional.v |      209 |        80 |
+=================================================================+==========+===========+
|                                                                 |      209 |        80 |
+-----------------------------------------------------------------+----------+-----------+

[   ERROR] : 0
[COVERAGE] : 61.72


#**#**#**#**#**#**#**#**#**#**#**#**#**#**#**#**#**#**#**#**#**#**#**#**#**#**#**#**#**#**#**#**#**#**#**#**#**#**#**#**

COMMAND: ${HLC_DIR}/regression/Sky130Cell/cells/cells/sky130_fd_sc_hd__conb.functional/design.hldb ${HLC_DIR}/regression/Sky130Cell/cells/cells/sky130_fd_sc_hd__conb.functional/reduced.hldb

==================== BEGIN REDUCTION RESULT ====================
Name                            Before   After   Added   Removed
----------------------------------------------------------------
----------------------------------------------------------------
Others                              28      28       0         0
----------------------------------------------------------------
                                    28      28       0         0
===================== END REDUCTION RESULT =====================
