********************************************************************************
*                   Begin HLC SystemVerilog Compiler/Linter                    *
********************************************************************************
Copyright (c) 2020 Apotell,
http://www.apache.org/licenses/LICENSE-2.0
VERSION: 1.84
COMMAND: -wd ../../../tests/CovMacro -d db -d ast dut.sv -mt 0 -d dbstats -d cache -writepp -d db -nostdout -o ${HLC_DIR}/regression/CovMacro/CovMacro
[INF:CM5022] Creating log file "$Output/hlc.log".
[INF:PP5223] Preprocessing source file "$Source01/dut.sv".
[INF:PP5223] Preprocessing source file "$Scratch/0_builtin.sv".
[INF:PA5502] Parsing source file "$Source01/dut.sv".
[INF:PA5502] Parsing source file "$Scratch/0_builtin.sv".
AST_DEBUG_BEGIN
Count: 443
LIB: work
FILE<0>:$Source01/dut.sv
INCL<1>: $Scratch/1_builtin_macros.sv
n<$Source01/dut.sv> u<442> t<Top_level_rule> c<1> l<2:1> el<26:1>
  n<> u<1> t<Null_rule> p<442> s<441> l<2:1> el<2:1>
  n<> u<441> t<Source_text> p<442> c<8> l<2:1> el<25:10>
    n<> u<8> t<Description> p<441> c<7> s<440> l<2:1> el<3:10>
      n<> u<7> t<Module_declaration> p<8> c<5> l<2:1> el<3:10>
        n<> u<5> t<Module_ansi_header> p<7> c<2> s<6> l<2:1> el<2:12>
          n<module> u<2> t<MODULE> p<5> s<3> l<2:1> el<2:7>
          n<DUT> u<3> t<SIMPLE_IDENTIFIER> p<5> s<4> l<2:8> el<2:11>
          n<> u<4> t<Package_import_declaration_list> p<5> l<2:11> el<2:11>
        n<> u<6> t<ENDMODULE> p<7> l<3:1> el<3:10>
    n<> u<440> t<Description> p<441> c<439> l<5:1> el<25:10>
      n<> u<439> t<Module_declaration> p<440> c<13> l<5:1> el<25:10>
        n<> u<13> t<Module_nonansi_header> p<439> c<9> s<27> l<5:1> el<5:14>
          n<module> u<9> t<MODULE> p<13> s<10> l<5:1> el<5:7>
          n<top> u<10> t<SIMPLE_IDENTIFIER> p<13> s<11> l<5:8> el<5:11>
          n<> u<11> t<Package_import_declaration_list> p<13> s<12> l<5:11> el<5:11>
          n<> u<12> t<Port_list> p<13> l<5:11> el<5:13>
        n<> u<27> t<Module_item> p<439> c<26> s<40> l<6:5> el<6:20>
          n<> u<26> t<Non_port_module_item> p<27> c<25> l<6:5> el<6:20>
            n<> u<25> t<Module_or_generate_item> p<26> c<24> l<6:5> el<6:20>
              n<> u<24> t<Module_common_item> p<25> c<23> l<6:5> el<6:20>
                n<> u<23> t<Module_or_generate_item_declaration> p<24> c<22> l<6:5> el<6:20>
                  n<> u<22> t<Package_or_generate_item_declaration> p<23> c<21> l<6:5> el<6:20>
                    n<> u<21> t<Data_declaration> p<22> c<20> l<6:5> el<6:20>
                      n<> u<20> t<Variable_declaration> p<21> c<16> l<6:5> el<6:20>
                        n<> u<16> t<Data_type> p<20> c<14> s<19> l<6:5> el<6:17>
                          n<> u<14> t<INT> p<16> s<15> l<6:5> el<6:8>
                          n<> u<15> t<UNSIGNED> p<16> l<6:9> el<6:17>
                        n<> u<19> t<Variable_decl_assignment_list> p<20> c<18> l<6:18> el<6:19>
                          n<> u<18> t<Variable_decl_assignment> p<19> c<17> l<6:18> el<6:19>
                            n<i> u<17> t<SIMPLE_IDENTIFIER> p<18> l<6:18> el<6:19>
        n<> u<40> t<Module_item> p<439> c<39> s<50> l<7:5> el<7:12>
          n<> u<39> t<Non_port_module_item> p<40> c<38> l<7:5> el<7:12>
            n<> u<38> t<Module_or_generate_item> p<39> c<37> l<7:5> el<7:12>
              n<> u<37> t<Module_common_item> p<38> c<36> l<7:5> el<7:12>
                n<> u<36> t<Module_or_generate_item_declaration> p<37> c<35> l<7:5> el<7:12>
                  n<> u<35> t<Package_or_generate_item_declaration> p<36> c<34> l<7:5> el<7:12>
                    n<> u<34> t<Data_declaration> p<35> c<33> l<7:5> el<7:12>
                      n<> u<33> t<Variable_declaration> p<34> c<29> l<7:5> el<7:12>
                        n<> u<29> t<Data_type> p<33> c<28> s<32> l<7:5> el<7:9>
                          n<> u<28> t<REAL> p<29> l<7:5> el<7:9>
                        n<> u<32> t<Variable_decl_assignment_list> p<33> c<31> l<7:10> el<7:11>
                          n<> u<31> t<Variable_decl_assignment> p<32> c<30> l<7:10> el<7:11>
                            n<r> u<30> t<SIMPLE_IDENTIFIER> p<31> l<7:10> el<7:11>
        n<> u<50> t<Module_item> p<439> c<49> s<60> l<8:5> el<8:17>
          n<> u<49> t<Non_port_module_item> p<50> c<48> l<8:5> el<8:17>
            n<> u<48> t<Module_or_generate_item> p<49> c<47> l<8:5> el<8:17>
              n<> u<47> t<Module_instantiation> p<48> c<41> l<8:5> el<8:17>
                n<DUT> u<41> t<SIMPLE_IDENTIFIER> p<47> s<46> l<8:5> el<8:8>
                n<> u<46> t<Hierarchical_instance> p<47> c<43> l<8:9> el<8:16>
                  n<> u<43> t<Name_of_instance> p<46> c<42> s<45> l<8:9> el<8:14>
                    n<unit1> u<42> t<SIMPLE_IDENTIFIER> p<43> l<8:9> el<8:14>
                  n<> u<45> t<Port_connection_list> p<46> c<44> l<8:15> el<8:15>
                    n<> u<44> t<Ordered_port_connection> p<45> l<8:15> el<8:15>
        n<> u<60> t<Module_item> p<439> c<59> s<437> l<9:5> el<9:17>
          n<> u<59> t<Non_port_module_item> p<60> c<58> l<9:5> el<9:17>
            n<> u<58> t<Module_or_generate_item> p<59> c<57> l<9:5> el<9:17>
              n<> u<57> t<Module_instantiation> p<58> c<51> l<9:5> el<9:17>
                n<DUT> u<51> t<SIMPLE_IDENTIFIER> p<57> s<56> l<9:5> el<9:8>
                n<> u<56> t<Hierarchical_instance> p<57> c<53> l<9:9> el<9:16>
                  n<> u<53> t<Name_of_instance> p<56> c<52> s<55> l<9:9> el<9:14>
                    n<unit2> u<52> t<SIMPLE_IDENTIFIER> p<53> l<9:9> el<9:14>
                  n<> u<55> t<Port_connection_list> p<56> c<54> l<9:15> el<9:15>
                    n<> u<54> t<Ordered_port_connection> p<55> l<9:15> el<9:15>
        n<> u<437> t<Module_item> p<439> c<436> s<438> l<11:5> el<24:8>
          n<> u<436> t<Non_port_module_item> p<437> c<435> l<11:5> el<24:8>
            n<> u<435> t<Module_or_generate_item> p<436> c<434> l<11:5> el<24:8>
              n<> u<434> t<Module_common_item> p<435> c<433> l<11:5> el<24:8>
                n<> u<433> t<Initial_construct> p<434> c<432> l<11:5> el<24:8>
                  n<> u<432> t<Statement_or_null> p<433> c<431> l<11:13> el<24:8>
                    n<> u<431> t<Statement> p<432> c<430> l<11:13> el<24:8>
                      n<> u<430> t<Statement_item> p<431> c<429> l<11:13> el<24:8>
                        n<> u<429> t<Seq_block> p<430> c<100> l<11:13> el<24:8>
                          n<> u<100> t<Statement_or_null> p<429> c<99> s<137> l<12:9> el<12:87>
                            n<> u<99> t<Statement> p<100> c<98> l<12:9> el<12:87>
                              n<> u<98> t<Statement_item> p<99> c<97> l<12:9> el<12:87>
                                n<> u<97> t<Blocking_assignment> p<98> c<96> l<12:9> el<12:86>
                                  n<> u<96> t<Variable_assignment> p<97> c<65> l<12:9> el<12:86>
                                    n<> u<65> t<Variable_lvalue> p<96> c<62> s<95> l<12:9> el<12:10>
                                      n<> u<62> t<Ps_or_hierarchical_identifier> p<65> c<61> s<64> l<12:9> el<12:10>
                                        n<i> u<61> t<SIMPLE_IDENTIFIER> p<62> l<12:9> el<12:10>
                                      n<> u<64> t<Select> p<65> c<63> l<12:11> el<12:11>
                                        n<> u<63> t<Bit_select> p<64> l<12:11> el<12:11>
                                    n<> u<95> t<Expression> p<96> c<94> l<12:13> el<12:86>
                                      n<> u<94> t<Primary> p<95> c<93> l<12:13> el<12:86>
                                        n<> u<93> t<Subroutine_call> p<94> c<66> l<12:13> el<12:86>
                                          n<$> u<66> t<DOLLAR> p<93> s<67> l<12:13> el<12:14>
                                          n<coverage_control> u<67> t<SIMPLE_IDENTIFIER> p<93> s<91> l<12:14> el<12:30>
                                          n<> u<91> t<OPEN_PARENS> p<93> s<90> l<12:30> el<12:31>
                                          n<> u<90> t<Argument_list> p<93> c<71> s<92> l<12:31> el<12:85>
                                            n<> u<71> t<Expression> p<90> c<70> s<76> f<1> l<4:22> el<4:23>
                                              n<> u<70> t<Primary> p<71> c<69> f<1> l<4:22> el<4:23>
                                                n<> u<69> t<Primary_literal> p<70> c<68> f<1> l<4:22> el<4:23>
                                                  n<3> u<68> t<INTEGRAL_NUMBER> p<69> f<1> l<4:22> el<4:23>
                                            n<> u<76> t<Argument> p<90> c<75> s<81> f<1> l<10:23> el<10:25>
                                              n<> u<75> t<Expression> p<76> c<74> f<1> l<10:23> el<10:25>
                                                n<> u<74> t<Primary> p<75> c<73> f<1> l<10:23> el<10:25>
                                                  n<> u<73> t<Primary_literal> p<74> c<72> f<1> l<10:23> el<10:25>
                                                    n<23> u<72> t<INTEGRAL_NUMBER> p<73> f<1> l<10:23> el<10:25>
                                            n<> u<81> t<Argument> p<90> c<80> s<89> f<1> l<6:21> el<6:23>
                                              n<> u<80> t<Expression> p<81> c<79> f<1> l<6:21> el<6:23>
                                                n<> u<79> t<Primary> p<80> c<78> f<1> l<6:21> el<6:23>
                                                  n<> u<78> t<Primary_literal> p<79> c<77> f<1> l<6:21> el<6:23>
                                                    n<11> u<77> t<INTEGRAL_NUMBER> p<78> f<1> l<6:21> el<6:23>
                                            n<> u<89> t<Argument> p<90> c<88> l<12:76> el<12:85>
                                              n<> u<88> t<Expression> p<89> c<87> l<12:76> el<12:85>
                                                n<> u<87> t<Primary> p<88> c<86> l<12:76> el<12:85>
                                                  n<> u<86> t<Subroutine_call> p<87> c<82> l<12:76> el<12:85>
                                                    n<$root> u<82> t<DOLLAR_ROOT> p<86> s<83> l<12:76> el<12:82>
                                                    n<top> u<83> t<SIMPLE_IDENTIFIER> p<86> s<85> l<12:82> el<12:85>
                                                    n<> u<85> t<Select> p<86> c<84> l<12:85> el<12:85>
                                                      n<> u<84> t<Bit_select> p<85> l<12:85> el<12:85>
                                          n<> u<92> t<CLOSE_PARENS> p<93> l<12:85> el<12:86>
                          n<> u<137> t<Statement_or_null> p<429> c<136> s<179> l<13:9> el<13:85>
                            n<> u<136> t<Statement> p<137> c<135> l<13:9> el<13:85>
                              n<> u<135> t<Statement_item> p<136> c<134> l<13:9> el<13:85>
                                n<> u<134> t<Blocking_assignment> p<135> c<133> l<13:9> el<13:84>
                                  n<> u<133> t<Variable_assignment> p<134> c<105> l<13:9> el<13:84>
                                    n<> u<105> t<Variable_lvalue> p<133> c<102> s<132> l<13:9> el<13:10>
                                      n<> u<102> t<Ps_or_hierarchical_identifier> p<105> c<101> s<104> l<13:9> el<13:10>
                                        n<i> u<101> t<SIMPLE_IDENTIFIER> p<102> l<13:9> el<13:10>
                                      n<> u<104> t<Select> p<105> c<103> l<13:11> el<13:11>
                                        n<> u<103> t<Bit_select> p<104> l<13:11> el<13:11>
                                    n<> u<132> t<Expression> p<133> c<131> l<13:13> el<13:84>
                                      n<> u<131> t<Primary> p<132> c<130> l<13:13> el<13:84>
                                        n<> u<130> t<Subroutine_call> p<131> c<106> l<13:13> el<13:84>
                                          n<$> u<106> t<DOLLAR> p<130> s<107> l<13:13> el<13:14>
                                          n<coverage_control> u<107> t<SIMPLE_IDENTIFIER> p<130> s<128> l<13:14> el<13:30>
                                          n<> u<128> t<OPEN_PARENS> p<130> s<127> l<13:30> el<13:31>
                                          n<> u<127> t<Argument_list> p<130> c<111> s<129> l<13:31> el<13:83>
                                            n<> u<111> t<Expression> p<127> c<110> s<116> f<1> l<3:22> el<3:23>
                                              n<> u<110> t<Primary> p<111> c<109> f<1> l<3:22> el<3:23>
                                                n<> u<109> t<Primary_literal> p<110> c<108> f<1> l<3:22> el<3:23>
                                                  n<2> u<108> t<INTEGRAL_NUMBER> p<109> f<1> l<3:22> el<3:23>
                                            n<> u<116> t<Argument> p<127> c<115> s<121> f<1> l<10:23> el<10:25>
                                              n<> u<115> t<Expression> p<116> c<114> f<1> l<10:23> el<10:25>
                                                n<> u<114> t<Primary> p<115> c<113> f<1> l<10:23> el<10:25>
                                                  n<> u<113> t<Primary_literal> p<114> c<112> f<1> l<10:23> el<10:25>
                                                    n<23> u<112> t<INTEGRAL_NUMBER> p<113> f<1> l<10:23> el<10:25>
                                            n<> u<121> t<Argument> p<127> c<120> s<126> f<1> l<5:23> el<5:25>
                                              n<> u<120> t<Expression> p<121> c<119> f<1> l<5:23> el<5:25>
                                                n<> u<119> t<Primary> p<120> c<118> f<1> l<5:23> el<5:25>
                                                  n<> u<118> t<Primary_literal> p<119> c<117> f<1> l<5:23> el<5:25>
                                                    n<10> u<117> t<INTEGRAL_NUMBER> p<118> f<1> l<5:23> el<5:25>
                                            n<> u<126> t<Argument> p<127> c<125> l<13:78> el<13:83>
                                              n<> u<125> t<Expression> p<126> c<124> l<13:78> el<13:83>
                                                n<> u<124> t<Primary> p<125> c<123> l<13:78> el<13:83>
                                                  n<> u<123> t<Primary_literal> p<124> c<122> l<13:78> el<13:83>
                                                    n<"DUT"> u<122> t<QUOTED_STRING> p<123> l<13:78> el<13:83>
                                          n<> u<129> t<CLOSE_PARENS> p<130> l<13:83> el<13:84>
                          n<> u<179> t<Statement_or_null> p<429> c<178> s<221> l<14:9> el<14:95>
                            n<> u<178> t<Statement> p<179> c<177> l<14:9> el<14:95>
                              n<> u<177> t<Statement_item> p<178> c<176> l<14:9> el<14:95>
                                n<> u<176> t<Blocking_assignment> p<177> c<175> l<14:9> el<14:94>
                                  n<> u<175> t<Variable_assignment> p<176> c<142> l<14:9> el<14:94>
                                    n<> u<142> t<Variable_lvalue> p<175> c<139> s<174> l<14:9> el<14:10>
                                      n<> u<139> t<Ps_or_hierarchical_identifier> p<142> c<138> s<141> l<14:9> el<14:10>
                                        n<i> u<138> t<SIMPLE_IDENTIFIER> p<139> l<14:9> el<14:10>
                                      n<> u<141> t<Select> p<142> c<140> l<14:11> el<14:11>
                                        n<> u<140> t<Bit_select> p<141> l<14:11> el<14:11>
                                    n<> u<174> t<Expression> p<175> c<173> l<14:13> el<14:94>
                                      n<> u<173> t<Primary> p<174> c<172> l<14:13> el<14:94>
                                        n<> u<172> t<Subroutine_call> p<173> c<143> l<14:13> el<14:94>
                                          n<$> u<143> t<DOLLAR> p<172> s<144> l<14:13> el<14:14>
                                          n<coverage_control> u<144> t<SIMPLE_IDENTIFIER> p<172> s<170> l<14:14> el<14:30>
                                          n<> u<170> t<OPEN_PARENS> p<172> s<169> l<14:30> el<14:31>
                                          n<> u<169> t<Argument_list> p<172> c<148> s<171> l<14:31> el<14:93>
                                            n<> u<148> t<Expression> p<169> c<147> s<153> f<1> l<3:22> el<3:23>
                                              n<> u<147> t<Primary> p<148> c<146> f<1> l<3:22> el<3:23>
                                                n<> u<146> t<Primary_literal> p<147> c<145> f<1> l<3:22> el<3:23>
                                                  n<2> u<145> t<INTEGRAL_NUMBER> p<146> f<1> l<3:22> el<3:23>
                                            n<> u<153> t<Argument> p<169> c<152> s<158> f<1> l<10:23> el<10:25>
                                              n<> u<152> t<Expression> p<153> c<151> f<1> l<10:23> el<10:25>
                                                n<> u<151> t<Primary> p<152> c<150> f<1> l<10:23> el<10:25>
                                                  n<> u<150> t<Primary_literal> p<151> c<149> f<1> l<10:23> el<10:25>
                                                    n<23> u<149> t<INTEGRAL_NUMBER> p<150> f<1> l<10:23> el<10:25>
                                            n<> u<158> t<Argument> p<169> c<157> s<168> f<1> l<5:23> el<5:25>
                                              n<> u<157> t<Expression> p<158> c<156> f<1> l<5:23> el<5:25>
                                                n<> u<156> t<Primary> p<157> c<155> f<1> l<5:23> el<5:25>
                                                  n<> u<155> t<Primary_literal> p<156> c<154> f<1> l<5:23> el<5:25>
                                                    n<10> u<154> t<INTEGRAL_NUMBER> p<155> f<1> l<5:23> el<5:25>
                                            n<> u<168> t<Argument> p<169> c<167> l<14:78> el<14:93>
                                              n<> u<167> t<Expression> p<168> c<166> l<14:78> el<14:93>
                                                n<> u<166> t<Primary> p<167> c<165> l<14:78> el<14:93>
                                                  n<> u<165> t<Subroutine_call> p<166> c<159> l<14:78> el<14:93>
                                                    n<$root> u<159> t<DOLLAR_ROOT> p<165> s<160> l<14:78> el<14:84>
                                                    n<top> u<160> t<SIMPLE_IDENTIFIER> p<165> s<161> l<14:84> el<14:87>
                                                    n<> u<161> t<Constant_bit_select> p<165> s<162> l<14:87> el<14:87>
                                                    n<unit1> u<162> t<SIMPLE_IDENTIFIER> p<165> s<164> l<14:88> el<14:93>
                                                    n<> u<164> t<Select> p<165> c<163> l<14:93> el<14:93>
                                                      n<> u<163> t<Bit_select> p<164> l<14:93> el<14:93>
                                          n<> u<171> t<CLOSE_PARENS> p<172> l<14:93> el<14:94>
                          n<> u<221> t<Statement_or_null> p<429> c<220> s<258> l<15:9> el<15:93>
                            n<> u<220> t<Statement> p<221> c<219> l<15:9> el<15:93>
                              n<> u<219> t<Statement_item> p<220> c<218> l<15:9> el<15:93>
                                n<> u<218> t<Blocking_assignment> p<219> c<217> l<15:9> el<15:92>
                                  n<> u<217> t<Variable_assignment> p<218> c<184> l<15:9> el<15:92>
                                    n<> u<184> t<Variable_lvalue> p<217> c<181> s<216> l<15:9> el<15:10>
                                      n<> u<181> t<Ps_or_hierarchical_identifier> p<184> c<180> s<183> l<15:9> el<15:10>
                                        n<i> u<180> t<SIMPLE_IDENTIFIER> p<181> l<15:9> el<15:10>
                                      n<> u<183> t<Select> p<184> c<182> l<15:11> el<15:11>
                                        n<> u<182> t<Bit_select> p<183> l<15:11> el<15:11>
                                    n<> u<216> t<Expression> p<217> c<215> l<15:13> el<15:92>
                                      n<> u<215> t<Primary> p<216> c<214> l<15:13> el<15:92>
                                        n<> u<214> t<Subroutine_call> p<215> c<185> l<15:13> el<15:92>
                                          n<$> u<185> t<DOLLAR> p<214> s<186> l<15:13> el<15:14>
                                          n<coverage_control> u<186> t<SIMPLE_IDENTIFIER> p<214> s<212> l<15:14> el<15:30>
                                          n<> u<212> t<OPEN_PARENS> p<214> s<211> l<15:30> el<15:31>
                                          n<> u<211> t<Argument_list> p<214> c<190> s<213> l<15:31> el<15:91>
                                            n<> u<190> t<Expression> p<211> c<189> s<195> f<1> l<2:21> el<2:22>
                                              n<> u<189> t<Primary> p<190> c<188> f<1> l<2:21> el<2:22>
                                                n<> u<188> t<Primary_literal> p<189> c<187> f<1> l<2:21> el<2:22>
                                                  n<1> u<187> t<INTEGRAL_NUMBER> p<188> f<1> l<2:21> el<2:22>
                                            n<> u<195> t<Argument> p<211> c<194> s<200> f<1> l<10:23> el<10:25>
                                              n<> u<194> t<Expression> p<195> c<193> f<1> l<10:23> el<10:25>
                                                n<> u<193> t<Primary> p<194> c<192> f<1> l<10:23> el<10:25>
                                                  n<> u<192> t<Primary_literal> p<193> c<191> f<1> l<10:23> el<10:25>
                                                    n<23> u<191> t<INTEGRAL_NUMBER> p<192> f<1> l<10:23> el<10:25>
                                            n<> u<200> t<Argument> p<211> c<199> s<210> f<1> l<6:21> el<6:23>
                                              n<> u<199> t<Expression> p<200> c<198> f<1> l<6:21> el<6:23>
                                                n<> u<198> t<Primary> p<199> c<197> f<1> l<6:21> el<6:23>
                                                  n<> u<197> t<Primary_literal> p<198> c<196> f<1> l<6:21> el<6:23>
                                                    n<11> u<196> t<INTEGRAL_NUMBER> p<197> f<1> l<6:21> el<6:23>
                                            n<> u<210> t<Argument> p<211> c<209> l<15:76> el<15:91>
                                              n<> u<209> t<Expression> p<210> c<208> l<15:76> el<15:91>
                                                n<> u<208> t<Primary> p<209> c<207> l<15:76> el<15:91>
                                                  n<> u<207> t<Subroutine_call> p<208> c<201> l<15:76> el<15:91>
                                                    n<$root> u<201> t<DOLLAR_ROOT> p<207> s<202> l<15:76> el<15:82>
                                                    n<top> u<202> t<SIMPLE_IDENTIFIER> p<207> s<203> l<15:82> el<15:85>
                                                    n<> u<203> t<Constant_bit_select> p<207> s<204> l<15:85> el<15:85>
                                                    n<unit2> u<204> t<SIMPLE_IDENTIFIER> p<207> s<206> l<15:86> el<15:91>
                                                    n<> u<206> t<Select> p<207> c<205> l<15:91> el<15:91>
                                                      n<> u<205> t<Bit_select> p<206> l<15:91> el<15:91>
                                          n<> u<213> t<CLOSE_PARENS> p<214> l<15:91> el<15:92>
                          n<> u<258> t<Statement_or_null> p<429> c<257> s<290> l<16:9> el<16:83>
                            n<> u<257> t<Statement> p<258> c<256> l<16:9> el<16:83>
                              n<> u<256> t<Statement_item> p<257> c<255> l<16:9> el<16:83>
                                n<> u<255> t<Blocking_assignment> p<256> c<254> l<16:9> el<16:82>
                                  n<> u<254> t<Variable_assignment> p<255> c<226> l<16:9> el<16:82>
                                    n<> u<226> t<Variable_lvalue> p<254> c<223> s<253> l<16:9> el<16:10>
                                      n<> u<223> t<Ps_or_hierarchical_identifier> p<226> c<222> s<225> l<16:9> el<16:10>
                                        n<i> u<222> t<SIMPLE_IDENTIFIER> p<223> l<16:9> el<16:10>
                                      n<> u<225> t<Select> p<226> c<224> l<16:11> el<16:11>
                                        n<> u<224> t<Bit_select> p<225> l<16:11> el<16:11>
                                    n<> u<253> t<Expression> p<254> c<252> l<16:13> el<16:82>
                                      n<> u<252> t<Primary> p<253> c<251> l<16:13> el<16:82>
                                        n<> u<251> t<Subroutine_call> p<252> c<227> l<16:13> el<16:82>
                                          n<$> u<227> t<DOLLAR> p<251> s<228> l<16:13> el<16:14>
                                          n<coverage_control> u<228> t<SIMPLE_IDENTIFIER> p<251> s<249> l<16:14> el<16:30>
                                          n<> u<249> t<OPEN_PARENS> p<251> s<248> l<16:30> el<16:31>
                                          n<> u<248> t<Argument_list> p<251> c<232> s<250> l<16:31> el<16:81>
                                            n<> u<232> t<Expression> p<248> c<231> s<237> f<1> l<1:22> el<1:23>
                                              n<> u<231> t<Primary> p<232> c<230> f<1> l<1:22> el<1:23>
                                                n<> u<230> t<Primary_literal> p<231> c<229> f<1> l<1:22> el<1:23>
                                                  n<0> u<229> t<INTEGRAL_NUMBER> p<230> f<1> l<1:22> el<1:23>
                                            n<> u<237> t<Argument> p<248> c<236> s<242> f<1> l<10:23> el<10:25>
                                              n<> u<236> t<Expression> p<237> c<235> f<1> l<10:23> el<10:25>
                                                n<> u<235> t<Primary> p<236> c<234> f<1> l<10:23> el<10:25>
                                                  n<> u<234> t<Primary_literal> p<235> c<233> f<1> l<10:23> el<10:25>
                                                    n<23> u<233> t<INTEGRAL_NUMBER> p<234> f<1> l<10:23> el<10:25>
                                            n<> u<242> t<Argument> p<248> c<241> s<247> f<1> l<6:21> el<6:23>
                                              n<> u<241> t<Expression> p<242> c<240> f<1> l<6:21> el<6:23>
                                                n<> u<240> t<Primary> p<241> c<239> f<1> l<6:21> el<6:23>
                                                  n<> u<239> t<Primary_literal> p<240> c<238> f<1> l<6:21> el<6:23>
                                                    n<11> u<238> t<INTEGRAL_NUMBER> p<239> f<1> l<6:21> el<6:23>
                                            n<> u<247> t<Argument> p<248> c<246> l<16:76> el<16:81>
                                              n<> u<246> t<Expression> p<247> c<245> l<16:76> el<16:81>
                                                n<> u<245> t<Primary> p<246> c<244> l<16:76> el<16:81>
                                                  n<> u<244> t<Primary_literal> p<245> c<243> l<16:76> el<16:81>
                                                    n<"DUT"> u<243> t<QUOTED_STRING> p<244> l<16:76> el<16:81>
                                          n<> u<250> t<CLOSE_PARENS> p<251> l<16:81> el<16:82>
                          n<> u<290> t<Statement_or_null> p<429> c<289> s<327> l<17:9> el<17:68>
                            n<> u<289> t<Statement> p<290> c<288> l<17:9> el<17:68>
                              n<> u<288> t<Statement_item> p<289> c<287> l<17:9> el<17:68>
                                n<> u<287> t<Blocking_assignment> p<288> c<286> l<17:9> el<17:67>
                                  n<> u<286> t<Variable_assignment> p<287> c<263> l<17:9> el<17:67>
                                    n<> u<263> t<Variable_lvalue> p<286> c<260> s<285> l<17:9> el<17:10>
                                      n<> u<260> t<Ps_or_hierarchical_identifier> p<263> c<259> s<262> l<17:9> el<17:10>
                                        n<i> u<259> t<SIMPLE_IDENTIFIER> p<260> l<17:9> el<17:10>
                                      n<> u<262> t<Select> p<263> c<261> l<17:11> el<17:11>
                                        n<> u<261> t<Bit_select> p<262> l<17:11> el<17:11>
                                    n<> u<285> t<Expression> p<286> c<284> l<17:13> el<17:67>
                                      n<> u<284> t<Primary> p<285> c<283> l<17:13> el<17:67>
                                        n<> u<283> t<Subroutine_call> p<284> c<264> l<17:13> el<17:67>
                                          n<$> u<264> t<DOLLAR> p<283> s<265> l<17:13> el<17:14>
                                          n<coverage_get_max> u<265> t<SIMPLE_IDENTIFIER> p<283> s<281> l<17:14> el<17:30>
                                          n<> u<281> t<OPEN_PARENS> p<283> s<280> l<17:30> el<17:31>
                                          n<> u<280> t<Argument_list> p<283> c<269> s<282> l<17:31> el<17:66>
                                            n<> u<269> t<Expression> p<280> c<268> s<274> f<1> l<10:23> el<10:25>
                                              n<> u<268> t<Primary> p<269> c<267> f<1> l<10:23> el<10:25>
                                                n<> u<267> t<Primary_literal> p<268> c<266> f<1> l<10:23> el<10:25>
                                                  n<23> u<266> t<INTEGRAL_NUMBER> p<267> f<1> l<10:23> el<10:25>
                                            n<> u<274> t<Argument> p<280> c<273> s<279> f<1> l<6:21> el<6:23>
                                              n<> u<273> t<Expression> p<274> c<272> f<1> l<6:21> el<6:23>
                                                n<> u<272> t<Primary> p<273> c<271> f<1> l<6:21> el<6:23>
                                                  n<> u<271> t<Primary_literal> p<272> c<270> f<1> l<6:21> el<6:23>
                                                    n<11> u<270> t<INTEGRAL_NUMBER> p<271> f<1> l<6:21> el<6:23>
                                            n<> u<279> t<Argument> p<280> c<278> l<17:61> el<17:66>
                                              n<> u<278> t<Expression> p<279> c<277> l<17:61> el<17:66>
                                                n<> u<277> t<Primary> p<278> c<276> l<17:61> el<17:66>
                                                  n<> u<276> t<Primary_literal> p<277> c<275> l<17:61> el<17:66>
                                                    n<"DUT"> u<275> t<QUOTED_STRING> p<276> l<17:61> el<17:66>
                                          n<> u<282> t<CLOSE_PARENS> p<283> l<17:66> el<17:67>
                          n<> u<327> t<Statement_or_null> p<429> c<326> s<354> l<18:9> el<18:77>
                            n<> u<326> t<Statement> p<327> c<325> l<18:9> el<18:77>
                              n<> u<325> t<Statement_item> p<326> c<324> l<18:9> el<18:77>
                                n<> u<324> t<Blocking_assignment> p<325> c<323> l<18:9> el<18:76>
                                  n<> u<323> t<Variable_assignment> p<324> c<295> l<18:9> el<18:76>
                                    n<> u<295> t<Variable_lvalue> p<323> c<292> s<322> l<18:9> el<18:10>
                                      n<> u<292> t<Ps_or_hierarchical_identifier> p<295> c<291> s<294> l<18:9> el<18:10>
                                        n<r> u<291> t<SIMPLE_IDENTIFIER> p<292> l<18:9> el<18:10>
                                      n<> u<294> t<Select> p<295> c<293> l<18:11> el<18:11>
                                        n<> u<293> t<Bit_select> p<294> l<18:11> el<18:11>
                                    n<> u<322> t<Expression> p<323> c<321> l<18:13> el<18:76>
                                      n<> u<321> t<Primary> p<322> c<320> l<18:13> el<18:76>
                                        n<> u<320> t<Subroutine_call> p<321> c<296> l<18:13> el<18:76>
                                          n<$> u<296> t<DOLLAR> p<320> s<297> l<18:13> el<18:14>
                                          n<coverage_get> u<297> t<SIMPLE_IDENTIFIER> p<320> s<318> l<18:14> el<18:26>
                                          n<> u<318> t<OPEN_PARENS> p<320> s<317> l<18:26> el<18:27>
                                          n<> u<317> t<Argument_list> p<320> c<301> s<319> l<18:27> el<18:75>
                                            n<> u<301> t<Expression> p<317> c<300> s<306> f<1> l<9:26> el<9:28>
                                              n<> u<300> t<Primary> p<301> c<299> f<1> l<9:26> el<9:28>
                                                n<> u<299> t<Primary_literal> p<300> c<298> f<1> l<9:26> el<9:28>
                                                  n<22> u<298> t<INTEGRAL_NUMBER> p<299> f<1> l<9:26> el<9:28>
                                            n<> u<306> t<Argument> p<317> c<305> s<316> f<1> l<6:21> el<6:23>
                                              n<> u<305> t<Expression> p<306> c<304> f<1> l<6:21> el<6:23>
                                                n<> u<304> t<Primary> p<305> c<303> f<1> l<6:21> el<6:23>
                                                  n<> u<303> t<Primary_literal> p<304> c<302> f<1> l<6:21> el<6:23>
                                                    n<11> u<302> t<INTEGRAL_NUMBER> p<303> f<1> l<6:21> el<6:23>
                                            n<> u<316> t<Argument> p<317> c<315> l<18:60> el<18:75>
                                              n<> u<315> t<Expression> p<316> c<314> l<18:60> el<18:75>
                                                n<> u<314> t<Primary> p<315> c<313> l<18:60> el<18:75>
                                                  n<> u<313> t<Subroutine_call> p<314> c<307> l<18:60> el<18:75>
                                                    n<$root> u<307> t<DOLLAR_ROOT> p<313> s<308> l<18:60> el<18:66>
                                                    n<top> u<308> t<SIMPLE_IDENTIFIER> p<313> s<309> l<18:66> el<18:69>
                                                    n<> u<309> t<Constant_bit_select> p<313> s<310> l<18:69> el<18:69>
                                                    n<unit1> u<310> t<SIMPLE_IDENTIFIER> p<313> s<312> l<18:70> el<18:75>
                                                    n<> u<312> t<Select> p<313> c<311> l<18:75> el<18:75>
                                                      n<> u<311> t<Bit_select> p<312> l<18:75> el<18:75>
                                          n<> u<319> t<CLOSE_PARENS> p<320> l<18:75> el<18:76>
                          n<> u<354> t<Statement_or_null> p<429> c<353> s<381> l<19:9> el<19:61>
                            n<> u<353> t<Statement> p<354> c<352> l<19:9> el<19:61>
                              n<> u<352> t<Statement_item> p<353> c<351> l<19:9> el<19:61>
                                n<> u<351> t<Blocking_assignment> p<352> c<350> l<19:9> el<19:60>
                                  n<> u<350> t<Variable_assignment> p<351> c<332> l<19:9> el<19:60>
                                    n<> u<332> t<Variable_lvalue> p<350> c<329> s<349> l<19:9> el<19:10>
                                      n<> u<329> t<Ps_or_hierarchical_identifier> p<332> c<328> s<331> l<19:9> el<19:10>
                                        n<i> u<328> t<SIMPLE_IDENTIFIER> p<329> l<19:9> el<19:10>
                                      n<> u<331> t<Select> p<332> c<330> l<19:11> el<19:11>
                                        n<> u<330> t<Bit_select> p<331> l<19:11> el<19:11>
                                    n<> u<349> t<Expression> p<350> c<348> l<19:13> el<19:60>
                                      n<> u<348> t<Primary> p<349> c<347> l<19:13> el<19:60>
                                        n<> u<347> t<Subroutine_call> p<348> c<333> l<19:13> el<19:60>
                                          n<$> u<333> t<DOLLAR> p<347> s<334> l<19:13> el<19:14>
                                          n<coverage_merge> u<334> t<SIMPLE_IDENTIFIER> p<347> s<345> l<19:14> el<19:28>
                                          n<> u<345> t<OPEN_PARENS> p<347> s<344> l<19:28> el<19:29>
                                          n<> u<344> t<Argument_list> p<347> c<338> s<346> l<19:29> el<19:59>
                                            n<> u<338> t<Expression> p<344> c<337> s<343> f<1> l<7:26> el<7:28>
                                              n<> u<337> t<Primary> p<338> c<336> f<1> l<7:26> el<7:28>
                                                n<> u<336> t<Primary_literal> p<337> c<335> f<1> l<7:26> el<7:28>
                                                  n<20> u<335> t<INTEGRAL_NUMBER> p<336> f<1> l<7:26> el<7:28>
                                            n<> u<343> t<Argument> p<344> c<342> l<19:48> el<19:59>
                                              n<> u<342> t<Expression> p<343> c<341> l<19:48> el<19:59>
                                                n<> u<341> t<Primary> p<342> c<340> l<19:48> el<19:59>
                                                  n<> u<340> t<Primary_literal> p<341> c<339> l<19:48> el<19:59>
                                                    n<"some_name"> u<339> t<QUOTED_STRING> p<340> l<19:48> el<19:59>
                                          n<> u<346> t<CLOSE_PARENS> p<347> l<19:59> el<19:60>
                          n<> u<381> t<Statement_or_null> p<429> c<380> s<395> l<20:9> el<20:60>
                            n<> u<380> t<Statement> p<381> c<379> l<20:9> el<20:60>
                              n<> u<379> t<Statement_item> p<380> c<378> l<20:9> el<20:60>
                                n<> u<378> t<Blocking_assignment> p<379> c<377> l<20:9> el<20:59>
                                  n<> u<377> t<Variable_assignment> p<378> c<359> l<20:9> el<20:59>
                                    n<> u<359> t<Variable_lvalue> p<377> c<356> s<376> l<20:9> el<20:10>
                                      n<> u<356> t<Ps_or_hierarchical_identifier> p<359> c<355> s<358> l<20:9> el<20:10>
                                        n<i> u<355> t<SIMPLE_IDENTIFIER> p<356> l<20:9> el<20:10>
                                      n<> u<358> t<Select> p<359> c<357> l<20:11> el<20:11>
                                        n<> u<357> t<Bit_select> p<358> l<20:11> el<20:11>
                                    n<> u<376> t<Expression> p<377> c<375> l<20:13> el<20:59>
                                      n<> u<375> t<Primary> p<376> c<374> l<20:13> el<20:59>
                                        n<> u<374> t<Subroutine_call> p<375> c<360> l<20:13> el<20:59>
                                          n<$> u<360> t<DOLLAR> p<374> s<361> l<20:13> el<20:14>
                                          n<coverage_save> u<361> t<SIMPLE_IDENTIFIER> p<374> s<372> l<20:14> el<20:27>
                                          n<> u<372> t<OPEN_PARENS> p<374> s<371> l<20:27> el<20:28>
                                          n<> u<371> t<Argument_list> p<374> c<365> s<373> l<20:28> el<20:58>
                                            n<> u<365> t<Expression> p<371> c<364> s<370> f<1> l<8:26> el<8:28>
                                              n<> u<364> t<Primary> p<365> c<363> f<1> l<8:26> el<8:28>
                                                n<> u<363> t<Primary_literal> p<364> c<362> f<1> l<8:26> el<8:28>
                                                  n<21> u<362> t<INTEGRAL_NUMBER> p<363> f<1> l<8:26> el<8:28>
                                            n<> u<370> t<Argument> p<371> c<369> l<20:47> el<20:58>
                                              n<> u<369> t<Expression> p<370> c<368> l<20:47> el<20:58>
                                                n<> u<368> t<Primary> p<369> c<367> l<20:47> el<20:58>
                                                  n<> u<367> t<Primary_literal> p<368> c<366> l<20:47> el<20:58>
                                                    n<"some_name"> u<366> t<QUOTED_STRING> p<367> l<20:47> el<20:58>
                                          n<> u<373> t<CLOSE_PARENS> p<374> l<20:58> el<20:59>
                          n<> u<395> t<Statement_or_null> p<429> c<394> s<409> l<21:9> el<21:46>
                            n<> u<394> t<Statement> p<395> c<393> l<21:9> el<21:46>
                              n<> u<393> t<Statement_item> p<394> c<392> l<21:9> el<21:46>
                                n<> u<392> t<Subroutine_call_statement> p<393> c<391> l<21:9> el<21:46>
                                  n<> u<391> t<Subroutine_call> p<392> c<382> l<21:9> el<21:45>
                                    n<$> u<382> t<DOLLAR> p<391> s<383> l<21:9> el<21:10>
                                    n<set_coverage_db_name> u<383> t<SIMPLE_IDENTIFIER> p<391> s<389> l<21:10> el<21:30>
                                    n<> u<389> t<OPEN_PARENS> p<391> s<388> l<21:30> el<21:31>
                                    n<> u<388> t<Argument_list> p<391> c<387> s<390> l<21:31> el<21:44>
                                      n<> u<387> t<Expression> p<388> c<386> l<21:31> el<21:44>
                                        n<> u<386> t<Primary> p<387> c<385> l<21:31> el<21:44>
                                          n<> u<385> t<Primary_literal> p<386> c<384> l<21:31> el<21:44>
                                            n<"coverage.db"> u<384> t<QUOTED_STRING> p<385> l<21:31> el<21:44>
                                    n<> u<390> t<CLOSE_PARENS> p<391> l<21:44> el<21:45>
                          n<> u<409> t<Statement_or_null> p<429> c<408> s<427> l<22:9> el<22:42>
                            n<> u<408> t<Statement> p<409> c<407> l<22:9> el<22:42>
                              n<> u<407> t<Statement_item> p<408> c<406> l<22:9> el<22:42>
                                n<> u<406> t<Subroutine_call_statement> p<407> c<405> l<22:9> el<22:42>
                                  n<> u<405> t<Subroutine_call> p<406> c<396> l<22:9> el<22:41>
                                    n<$> u<396> t<DOLLAR> p<405> s<397> l<22:9> el<22:10>
                                    n<load_coverage_db> u<397> t<SIMPLE_IDENTIFIER> p<405> s<403> l<22:10> el<22:26>
                                    n<> u<403> t<OPEN_PARENS> p<405> s<402> l<22:26> el<22:27>
                                    n<> u<402> t<Argument_list> p<405> c<401> s<404> l<22:27> el<22:40>
                                      n<> u<401> t<Expression> p<402> c<400> l<22:27> el<22:40>
                                        n<> u<400> t<Primary> p<401> c<399> l<22:27> el<22:40>
                                          n<> u<399> t<Primary_literal> p<400> c<398> l<22:27> el<22:40>
                                            n<"coverage.db"> u<398> t<QUOTED_STRING> p<399> l<22:27> el<22:40>
                                    n<> u<404> t<CLOSE_PARENS> p<405> l<22:40> el<22:41>
                          n<> u<427> t<Statement_or_null> p<429> c<426> s<428> l<23:9> el<23:29>
                            n<> u<426> t<Statement> p<427> c<425> l<23:9> el<23:29>
                              n<> u<425> t<Statement_item> p<426> c<424> l<23:9> el<23:29>
                                n<> u<424> t<Blocking_assignment> p<425> c<423> l<23:9> el<23:28>
                                  n<> u<423> t<Variable_assignment> p<424> c<414> l<23:9> el<23:28>
                                    n<> u<414> t<Variable_lvalue> p<423> c<411> s<422> l<23:9> el<23:10>
                                      n<> u<411> t<Ps_or_hierarchical_identifier> p<414> c<410> s<413> l<23:9> el<23:10>
                                        n<r> u<410> t<SIMPLE_IDENTIFIER> p<411> l<23:9> el<23:10>
                                      n<> u<413> t<Select> p<414> c<412> l<23:11> el<23:11>
                                        n<> u<412> t<Bit_select> p<413> l<23:11> el<23:11>
                                    n<> u<422> t<Expression> p<423> c<421> l<23:13> el<23:28>
                                      n<> u<421> t<Primary> p<422> c<420> l<23:13> el<23:28>
                                        n<> u<420> t<Subroutine_call> p<421> c<415> l<23:13> el<23:28>
                                          n<$> u<415> t<DOLLAR> p<420> s<416> l<23:13> el<23:14>
                                          n<get_coverage> u<416> t<SIMPLE_IDENTIFIER> p<420> s<418> l<23:14> el<23:26>
                                          n<> u<418> t<OPEN_PARENS> p<420> s<417> l<23:26> el<23:27>
                                          n<> u<417> t<Argument_list> p<420> s<419> l<23:27> el<23:27>
                                          n<> u<419> t<CLOSE_PARENS> p<420> l<23:27> el<23:28>
                          n<> u<428> t<END> p<429> l<24:5> el<24:8>
        n<> u<438> t<ENDMODULE> p<439> l<25:1> el<25:10>
AST_DEBUG_END
[INF:CP5804] $Source01/dut.sv:2:1: Compile module "DUT".
[INF:CP5804] $Source01/dut.sv:5:1: Compile module "top".
[WRN:PA5506] $Source01/dut.sv:2:1: No timescale set for "DUT".
[WRN:PA5506] $Source01/dut.sv:5:1: No timescale set for "top".
[ERR:DB2038] $Source01/dut.sv:12:76: 'vpiActual' property value on object is invalid.
[ERR:DB2038] $Source01/dut.sv:14:78: 'vpiActual' property value on object is invalid.
[ERR:DB2038] $Source01/dut.sv:15:76: 'vpiActual' property value on object is invalid.
[ERR:DB2038] $Source01/dut.sv:18:60: 'vpiActual' property value on object is invalid.
====== HLDB =======
Design name:unnamed:
  vpiName: unnamed
  vpiSourceFile (1 items):
    SourceFile name:dut.sv file:$Source01/dut.sv:
      vpiParent: Design name:unnamed
      vpiName: dut.sv
      vpiPreprocFile: "$Output/lib/work/dut.sv"
      vpiPreprocMacroInstance (21 items):
        PreprocMacroInstance name:SV_COV_CHECK file:$Source01/dut.sv start:12:31 end:12:44 ppstart:12:31 ppend:12:32:
          vpiParent: SourceFile name:dut.sv
          vpiName Identifier name:SV_COV_CHECK start:12:31 end:12:44:
          vpiPMIBody Identifier name:3 start:4:22 end:4:23:
        PreprocMacroInstance name:SV_COV_TOGGLE file:$Source01/dut.sv start:12:46 end:12:60 ppstart:12:34 ppend:12:36:
          vpiParent: SourceFile name:dut.sv
          vpiName Identifier name:SV_COV_TOGGLE start:12:46 end:12:60:
          vpiPMIBody Identifier name:23 start:10:23 end:10:25:
        PreprocMacroInstance name:SV_COV_HIER file:$Source01/dut.sv start:12:62 end:12:74 ppstart:12:38 ppend:12:40:
          vpiParent: SourceFile name:dut.sv
          vpiName Identifier name:SV_COV_HIER start:12:62 end:12:74:
          vpiPMIBody Identifier name:11 start:6:21 end:6:23:
        PreprocMacroInstance name:SV_COV_RESET file:$Source01/dut.sv start:13:31 end:13:44 ppstart:13:31 ppend:13:32:
          vpiParent: SourceFile name:dut.sv
          vpiName Identifier name:SV_COV_RESET start:13:31 end:13:44:
          vpiPMIBody Identifier name:2 start:3:22 end:3:23:
        PreprocMacroInstance name:SV_COV_TOGGLE file:$Source01/dut.sv start:13:46 end:13:60 ppstart:13:34 ppend:13:36:
          vpiParent: SourceFile name:dut.sv
          vpiName Identifier name:SV_COV_TOGGLE start:13:46 end:13:60:
          vpiPMIBody Identifier name:23 start:10:23 end:10:25:
        PreprocMacroInstance name:SV_COV_MODULE file:$Source01/dut.sv start:13:62 end:13:76 ppstart:13:38 ppend:13:40:
          vpiParent: SourceFile name:dut.sv
          vpiName Identifier name:SV_COV_MODULE start:13:62 end:13:76:
          vpiPMIBody Identifier name:10 start:5:23 end:5:25:
        PreprocMacroInstance name:SV_COV_RESET file:$Source01/dut.sv start:14:31 end:14:44 ppstart:14:31 ppend:14:32:
          vpiParent: SourceFile name:dut.sv
          vpiName Identifier name:SV_COV_RESET start:14:31 end:14:44:
          vpiPMIBody Identifier name:2 start:3:22 end:3:23:
        PreprocMacroInstance name:SV_COV_TOGGLE file:$Source01/dut.sv start:14:46 end:14:60 ppstart:14:34 ppend:14:36:
          vpiParent: SourceFile name:dut.sv
          vpiName Identifier name:SV_COV_TOGGLE start:14:46 end:14:60:
          vpiPMIBody Identifier name:23 start:10:23 end:10:25:
        PreprocMacroInstance name:SV_COV_MODULE file:$Source01/dut.sv start:14:62 end:14:76 ppstart:14:38 ppend:14:40:
          vpiParent: SourceFile name:dut.sv
          vpiName Identifier name:SV_COV_MODULE start:14:62 end:14:76:
          vpiPMIBody Identifier name:10 start:5:23 end:5:25:
        PreprocMacroInstance name:SV_COV_STOP file:$Source01/dut.sv start:15:31 end:15:43 ppstart:15:31 ppend:15:32:
          vpiParent: SourceFile name:dut.sv
          vpiName Identifier name:SV_COV_STOP start:15:31 end:15:43:
          vpiPMIBody Identifier name:1 start:2:21 end:2:22:
        PreprocMacroInstance name:SV_COV_TOGGLE file:$Source01/dut.sv start:15:46 end:15:60 ppstart:15:35 ppend:15:37:
          vpiParent: SourceFile name:dut.sv
          vpiName Identifier name:SV_COV_TOGGLE start:15:46 end:15:60:
          vpiPMIBody Identifier name:23 start:10:23 end:10:25:
        PreprocMacroInstance name:SV_COV_HIER file:$Source01/dut.sv start:15:62 end:15:74 ppstart:15:39 ppend:15:41:
          vpiParent: SourceFile name:dut.sv
          vpiName Identifier name:SV_COV_HIER start:15:62 end:15:74:
          vpiPMIBody Identifier name:11 start:6:21 end:6:23:
        PreprocMacroInstance name:SV_COV_START file:$Source01/dut.sv start:16:31 end:16:44 ppstart:16:31 ppend:16:32:
          vpiParent: SourceFile name:dut.sv
          vpiName Identifier name:SV_COV_START start:16:31 end:16:44:
          vpiPMIBody Identifier name:0 start:1:22 end:1:23:
        PreprocMacroInstance name:SV_COV_TOGGLE file:$Source01/dut.sv start:16:46 end:16:60 ppstart:16:34 ppend:16:36:
          vpiParent: SourceFile name:dut.sv
          vpiName Identifier name:SV_COV_TOGGLE start:16:46 end:16:60:
          vpiPMIBody Identifier name:23 start:10:23 end:10:25:
        PreprocMacroInstance name:SV_COV_HIER file:$Source01/dut.sv start:16:62 end:16:74 ppstart:16:38 ppend:16:40:
          vpiParent: SourceFile name:dut.sv
          vpiName Identifier name:SV_COV_HIER start:16:62 end:16:74:
          vpiPMIBody Identifier name:11 start:6:21 end:6:23:
        PreprocMacroInstance name:SV_COV_TOGGLE file:$Source01/dut.sv start:17:31 end:17:45 ppstart:17:31 ppend:17:33:
          vpiParent: SourceFile name:dut.sv
          vpiName Identifier name:SV_COV_TOGGLE start:17:31 end:17:45:
          vpiPMIBody Identifier name:23 start:10:23 end:10:25:
        PreprocMacroInstance name:SV_COV_HIER file:$Source01/dut.sv start:17:47 end:17:59 ppstart:17:35 ppend:17:37:
          vpiParent: SourceFile name:dut.sv
          vpiName Identifier name:SV_COV_HIER start:17:47 end:17:59:
          vpiPMIBody Identifier name:11 start:6:21 end:6:23:
        PreprocMacroInstance name:SV_COV_STATEMENT file:$Source01/dut.sv start:18:27 end:18:44 ppstart:18:27 ppend:18:29:
          vpiParent: SourceFile name:dut.sv
          vpiName Identifier name:SV_COV_STATEMENT start:18:27 end:18:44:
          vpiPMIBody Identifier name:22 start:9:26 end:9:28:
        PreprocMacroInstance name:SV_COV_HIER file:$Source01/dut.sv start:18:46 end:18:58 ppstart:18:31 ppend:18:33:
          vpiParent: SourceFile name:dut.sv
          vpiName Identifier name:SV_COV_HIER start:18:46 end:18:58:
          vpiPMIBody Identifier name:11 start:6:21 end:6:23:
        PreprocMacroInstance name:SV_COV_ASSERTION file:$Source01/dut.sv start:19:29 end:19:46 ppstart:19:29 ppend:19:31:
          vpiParent: SourceFile name:dut.sv
          vpiName Identifier name:SV_COV_ASSERTION start:19:29 end:19:46:
          vpiPMIBody Identifier name:20 start:7:26 end:7:28:
        PreprocMacroInstance name:SV_COV_FSM_STATE file:$Source01/dut.sv start:20:28 end:20:45 ppstart:20:28 ppend:20:30:
          vpiParent: SourceFile name:dut.sv
          vpiName Identifier name:SV_COV_FSM_STATE start:20:28 end:20:45:
          vpiPMIBody Identifier name:21 start:8:26 end:8:28:
  vpiAllModules (2 items):
    Module name:DUT file:$Source01/dut.sv start:2:1 end:3:10:
      vpiParent: Design name:unnamed
      vpiName Identifier name:DUT start:2:8 end:2:11:
      vpiFullName: DUT
      vpiDefName: DUT
      vpiDefNetType: wire (1)
      vpiDefDelayMode: none (1)
      vpiUnconnDrive: highz (1)
      vpiLibrary RefObj name:work start:2:8 end:2:11:
        vpiParent: Module name:DUT
        vpiName: work
        vpiFullName: DUT.work
        vpiActual: Library name:work
      vpiCell: DUT
    Module name:top file:$Source01/dut.sv start:5:1 end:25:10:
      vpiParent: Design name:unnamed
      vpiName Identifier name:top start:5:8 end:5:11:
      vpiFullName: top
      vpiVariable (2 items):
        Variable name:i start:6:18 end:6:19:
          vpiParent: Module name:top
          vpiTypespec RefTypespec start:6:5 end:6:17:
            vpiParent: Variable name:i
            vpiFullName: top.i
            vpiActual: IntTypespec
          vpiName: i
          vpiFullName: top.i
        Variable name:r start:7:10 end:7:11:
          vpiParent: Module name:top
          vpiTypespec RefTypespec start:7:5 end:7:9:
            vpiParent: Variable name:r
            vpiFullName: top.r
            vpiActual: RealTypespec
          vpiName: r
          vpiFullName: top.r
      vpiTypespec (2 items):
        ModuleTypespec name:DUT start:8:5 end:8:8:
          vpiParent: Module name:top
          vpiName Identifier name:DUT start:8:5 end:8:8:
          vpiDefName: DUT
          vpiModule: Module name:DUT
        ModuleTypespec name:DUT start:9:5 end:9:8:
          vpiParent: Module name:top
          vpiName Identifier name:DUT start:9:5 end:9:8:
          vpiDefName: DUT
          vpiModule: Module name:DUT
      vpiDefName: top
      vpiDefNetType: wire (1)
      vpiDefDelayMode: none (1)
      vpiUnconnDrive: highz (1)
      vpiLibrary RefObj name:work start:5:8 end:5:11:
        vpiParent: Module name:top
        vpiName: work
        vpiFullName: top.work
        vpiActual: Library name:work
      vpiCell: top
      vpiProcess (1 items):
        Initial start:11:5 end:24:8:
          vpiParent: Module name:top
          vpiStmt Begin start:11:13 end:24:8:
            vpiParent: Initial
            vpiFullName: top
            vpiStmt (12 items):
              Assignment start:12:9 end:12:86:
                vpiParent: Begin
                vpiBlocking: true
                vpiLhs RefObj name:i start:12:9 end:12:10:
                  vpiParent: Assignment
                  vpiName: i
                  vpiFullName: top.i
                  vpiActual: Variable name:i
                vpiRhs SysFuncCall name:$coverage_control start:12:13 end:12:86:
                  vpiParent: Assignment
                  vpiName Identifier name:$coverage_control start:12:13 end:12:30:
                  vpiTaskFunc: Function name:$coverage_control
                  vpiArgument (4 items):
                    Constant start:4:22 end:4:23:
                      vpiParent: SysFuncCall name:$coverage_control
                      vpiTypespec RefTypespec:
                        vpiParent: Constant
                        vpiFullName: top
                        vpiActual: IntTypespec
                      vpiConstType: unsigned int (9)
                      vpiSize: 64
                      vpiDecompile: "3"
                      vpiValue: 3
                    Constant start:10:23 end:10:25:
                      vpiParent: SysFuncCall name:$coverage_control
                      vpiTypespec RefTypespec:
                        vpiParent: Constant
                        vpiFullName: top
                        vpiActual: IntTypespec
                      vpiConstType: unsigned int (9)
                      vpiSize: 64
                      vpiDecompile: "23"
                      vpiValue: 23
                    Constant start:6:21 end:6:23:
                      vpiParent: SysFuncCall name:$coverage_control
                      vpiTypespec RefTypespec:
                        vpiParent: Constant
                        vpiFullName: top
                        vpiActual: IntTypespec
                      vpiConstType: unsigned int (9)
                      vpiSize: 64
                      vpiDecompile: "11"
                      vpiValue: 11
                    RefObj name:$root.top start:12:76 end:12:85:
                      vpiParent: SysFuncCall name:$coverage_control
                      vpiName: "$root.top"
                      vpiFullName: top.$root.top
                      vpiPathElem (2 items):
                        RefObj name:$root start:12:76 end:12:82:
                          vpiParent: RefObj name:$root.top
                          vpiName: "$root"
                          vpiFullName: top.$root
                          vpiActual: Design name:unnamed
                        RefObj name:top start:12:82 end:12:85:
                          vpiParent: RefObj name:$root.top
                          vpiName: top
                          vpiFullName: top.top
                          vpiActual: Module name:top
                      vpiActual: Module name:top
              Assignment start:13:9 end:13:84:
                vpiParent: Begin
                vpiBlocking: true
                vpiLhs RefObj name:i start:13:9 end:13:10:
                  vpiParent: Assignment
                  vpiName: i
                  vpiFullName: top.i
                  vpiActual: Variable name:i
                vpiRhs SysFuncCall name:$coverage_control start:13:13 end:13:84:
                  vpiParent: Assignment
                  vpiName Identifier name:$coverage_control start:13:13 end:13:30:
                  vpiTaskFunc: Function name:$coverage_control
                  vpiArgument (4 items):
                    Constant start:3:22 end:3:23:
                      vpiParent: SysFuncCall name:$coverage_control
                      vpiTypespec RefTypespec:
                        vpiParent: Constant
                        vpiFullName: top
                        vpiActual: IntTypespec
                      vpiConstType: unsigned int (9)
                      vpiSize: 64
                      vpiDecompile: "2"
                      vpiValue: 2
                    Constant start:10:23 end:10:25:
                      vpiParent: SysFuncCall name:$coverage_control
                      vpiTypespec RefTypespec:
                        vpiParent: Constant
                        vpiFullName: top
                        vpiActual: IntTypespec
                      vpiConstType: unsigned int (9)
                      vpiSize: 64
                      vpiDecompile: "23"
                      vpiValue: 23
                    Constant start:5:23 end:5:25:
                      vpiParent: SysFuncCall name:$coverage_control
                      vpiTypespec RefTypespec:
                        vpiParent: Constant
                        vpiFullName: top
                        vpiActual: IntTypespec
                      vpiConstType: unsigned int (9)
                      vpiSize: 64
                      vpiDecompile: "10"
                      vpiValue: 10
                    Constant start:13:78 end:13:83:
                      vpiParent: SysFuncCall name:$coverage_control
                      vpiTypespec RefTypespec:
                        vpiParent: Constant
                        vpiFullName: top
                        vpiActual: StringTypespec
                      vpiConstType: string (6)
                      vpiSize: 24
                      vpiDecompile: "\"DUT\""
                      vpiValue: DUT
              Assignment start:14:9 end:14:94:
                vpiParent: Begin
                vpiBlocking: true
                vpiLhs RefObj name:i start:14:9 end:14:10:
                  vpiParent: Assignment
                  vpiName: i
                  vpiFullName: top.i
                  vpiActual: Variable name:i
                vpiRhs SysFuncCall name:$coverage_control start:14:13 end:14:94:
                  vpiParent: Assignment
                  vpiName Identifier name:$coverage_control start:14:13 end:14:30:
                  vpiTaskFunc: Function name:$coverage_control
                  vpiArgument (4 items):
                    Constant start:3:22 end:3:23:
                      vpiParent: SysFuncCall name:$coverage_control
                      vpiTypespec RefTypespec:
                        vpiParent: Constant
                        vpiFullName: top
                        vpiActual: IntTypespec
                      vpiConstType: unsigned int (9)
                      vpiSize: 64
                      vpiDecompile: "2"
                      vpiValue: 2
                    Constant start:10:23 end:10:25:
                      vpiParent: SysFuncCall name:$coverage_control
                      vpiTypespec RefTypespec:
                        vpiParent: Constant
                        vpiFullName: top
                        vpiActual: IntTypespec
                      vpiConstType: unsigned int (9)
                      vpiSize: 64
                      vpiDecompile: "23"
                      vpiValue: 23
                    Constant start:5:23 end:5:25:
                      vpiParent: SysFuncCall name:$coverage_control
                      vpiTypespec RefTypespec:
                        vpiParent: Constant
                        vpiFullName: top
                        vpiActual: IntTypespec
                      vpiConstType: unsigned int (9)
                      vpiSize: 64
                      vpiDecompile: "10"
                      vpiValue: 10
                    RefObj name:$root.top.unit1 start:14:78 end:14:93:
                      vpiParent: SysFuncCall name:$coverage_control
                      vpiName: "$root.top.unit1"
                      vpiFullName: top.$root.top.unit1
                      vpiPathElem (3 items):
                        RefObj name:$root start:14:78 end:14:84:
                          vpiParent: RefObj name:$root.top.unit1
                          vpiName: "$root"
                          vpiFullName: top.$root
                          vpiActual: Design name:unnamed
                        RefObj name:top start:14:84 end:14:87:
                          vpiParent: RefObj name:$root.top.unit1
                          vpiName: top
                          vpiFullName: top.top
                          vpiActual: Module name:top
                        RefObj name:unit1 start:14:88 end:14:93:
                          vpiParent: RefObj name:$root.top.unit1
                          vpiName: unit1
                          vpiFullName: top.unit1
                          vpiActual: RefInstance name:unit1
                      vpiActual: RefInstance name:unit1
              Assignment start:15:9 end:15:92:
                vpiParent: Begin
                vpiBlocking: true
                vpiLhs RefObj name:i start:15:9 end:15:10:
                  vpiParent: Assignment
                  vpiName: i
                  vpiFullName: top.i
                  vpiActual: Variable name:i
                vpiRhs SysFuncCall name:$coverage_control start:15:13 end:15:92:
                  vpiParent: Assignment
                  vpiName Identifier name:$coverage_control start:15:13 end:15:30:
                  vpiTaskFunc: Function name:$coverage_control
                  vpiArgument (4 items):
                    Constant start:2:21 end:2:22:
                      vpiParent: SysFuncCall name:$coverage_control
                      vpiTypespec RefTypespec:
                        vpiParent: Constant
                        vpiFullName: top
                        vpiActual: IntTypespec
                      vpiConstType: unsigned int (9)
                      vpiSize: 64
                      vpiDecompile: "1"
                      vpiValue: 1
                    Constant start:10:23 end:10:25:
                      vpiParent: SysFuncCall name:$coverage_control
                      vpiTypespec RefTypespec:
                        vpiParent: Constant
                        vpiFullName: top
                        vpiActual: IntTypespec
                      vpiConstType: unsigned int (9)
                      vpiSize: 64
                      vpiDecompile: "23"
                      vpiValue: 23
                    Constant start:6:21 end:6:23:
                      vpiParent: SysFuncCall name:$coverage_control
                      vpiTypespec RefTypespec:
                        vpiParent: Constant
                        vpiFullName: top
                        vpiActual: IntTypespec
                      vpiConstType: unsigned int (9)
                      vpiSize: 64
                      vpiDecompile: "11"
                      vpiValue: 11
                    RefObj name:$root.top.unit2 start:15:76 end:15:91:
                      vpiParent: SysFuncCall name:$coverage_control
                      vpiName: "$root.top.unit2"
                      vpiFullName: top.$root.top.unit2
                      vpiPathElem (3 items):
                        RefObj name:$root start:15:76 end:15:82:
                          vpiParent: RefObj name:$root.top.unit2
                          vpiName: "$root"
                          vpiFullName: top.$root
                          vpiActual: Design name:unnamed
                        RefObj name:top start:15:82 end:15:85:
                          vpiParent: RefObj name:$root.top.unit2
                          vpiName: top
                          vpiFullName: top.top
                          vpiActual: Module name:top
                        RefObj name:unit2 start:15:86 end:15:91:
                          vpiParent: RefObj name:$root.top.unit2
                          vpiName: unit2
                          vpiFullName: top.unit2
                          vpiActual: RefInstance name:unit2
                      vpiActual: RefInstance name:unit2
              Assignment start:16:9 end:16:82:
                vpiParent: Begin
                vpiBlocking: true
                vpiLhs RefObj name:i start:16:9 end:16:10:
                  vpiParent: Assignment
                  vpiName: i
                  vpiFullName: top.i
                  vpiActual: Variable name:i
                vpiRhs SysFuncCall name:$coverage_control start:16:13 end:16:82:
                  vpiParent: Assignment
                  vpiName Identifier name:$coverage_control start:16:13 end:16:30:
                  vpiTaskFunc: Function name:$coverage_control
                  vpiArgument (4 items):
                    Constant start:1:22 end:1:23:
                      vpiParent: SysFuncCall name:$coverage_control
                      vpiTypespec RefTypespec:
                        vpiParent: Constant
                        vpiFullName: top
                        vpiActual: IntTypespec
                      vpiConstType: unsigned int (9)
                      vpiSize: 64
                      vpiDecompile: "0"
                      vpiValue: 0
                    Constant start:10:23 end:10:25:
                      vpiParent: SysFuncCall name:$coverage_control
                      vpiTypespec RefTypespec:
                        vpiParent: Constant
                        vpiFullName: top
                        vpiActual: IntTypespec
                      vpiConstType: unsigned int (9)
                      vpiSize: 64
                      vpiDecompile: "23"
                      vpiValue: 23
                    Constant start:6:21 end:6:23:
                      vpiParent: SysFuncCall name:$coverage_control
                      vpiTypespec RefTypespec:
                        vpiParent: Constant
                        vpiFullName: top
                        vpiActual: IntTypespec
                      vpiConstType: unsigned int (9)
                      vpiSize: 64
                      vpiDecompile: "11"
                      vpiValue: 11
                    Constant start:16:76 end:16:81:
                      vpiParent: SysFuncCall name:$coverage_control
                      vpiTypespec RefTypespec:
                        vpiParent: Constant
                        vpiFullName: top
                        vpiActual: StringTypespec
                      vpiConstType: string (6)
                      vpiSize: 24
                      vpiDecompile: "\"DUT\""
                      vpiValue: DUT
              Assignment start:17:9 end:17:67:
                vpiParent: Begin
                vpiBlocking: true
                vpiLhs RefObj name:i start:17:9 end:17:10:
                  vpiParent: Assignment
                  vpiName: i
                  vpiFullName: top.i
                  vpiActual: Variable name:i
                vpiRhs SysFuncCall name:$coverage_get_max start:17:13 end:17:67:
                  vpiParent: Assignment
                  vpiName Identifier name:$coverage_get_max start:17:13 end:17:30:
                  vpiTaskFunc: Function name:$coverage_get_max
                  vpiArgument (3 items):
                    Constant start:10:23 end:10:25:
                      vpiParent: SysFuncCall name:$coverage_get_max
                      vpiTypespec RefTypespec:
                        vpiParent: Constant
                        vpiFullName: top
                        vpiActual: IntTypespec
                      vpiConstType: unsigned int (9)
                      vpiSize: 64
                      vpiDecompile: "23"
                      vpiValue: 23
                    Constant start:6:21 end:6:23:
                      vpiParent: SysFuncCall name:$coverage_get_max
                      vpiTypespec RefTypespec:
                        vpiParent: Constant
                        vpiFullName: top
                        vpiActual: IntTypespec
                      vpiConstType: unsigned int (9)
                      vpiSize: 64
                      vpiDecompile: "11"
                      vpiValue: 11
                    Constant start:17:61 end:17:66:
                      vpiParent: SysFuncCall name:$coverage_get_max
                      vpiTypespec RefTypespec:
                        vpiParent: Constant
                        vpiFullName: top
                        vpiActual: StringTypespec
                      vpiConstType: string (6)
                      vpiSize: 24
                      vpiDecompile: "\"DUT\""
                      vpiValue: DUT
              Assignment start:18:9 end:18:76:
                vpiParent: Begin
                vpiBlocking: true
                vpiLhs RefObj name:r start:18:9 end:18:10:
                  vpiParent: Assignment
                  vpiName: r
                  vpiFullName: top.r
                  vpiActual: Variable name:r
                vpiRhs SysFuncCall name:$coverage_get start:18:13 end:18:76:
                  vpiParent: Assignment
                  vpiName Identifier name:$coverage_get start:18:13 end:18:26:
                  vpiTaskFunc: Function name:$coverage_get
                  vpiArgument (3 items):
                    Constant start:9:26 end:9:28:
                      vpiParent: SysFuncCall name:$coverage_get
                      vpiTypespec RefTypespec:
                        vpiParent: Constant
                        vpiFullName: top
                        vpiActual: IntTypespec
                      vpiConstType: unsigned int (9)
                      vpiSize: 64
                      vpiDecompile: "22"
                      vpiValue: 22
                    Constant start:6:21 end:6:23:
                      vpiParent: SysFuncCall name:$coverage_get
                      vpiTypespec RefTypespec:
                        vpiParent: Constant
                        vpiFullName: top
                        vpiActual: IntTypespec
                      vpiConstType: unsigned int (9)
                      vpiSize: 64
                      vpiDecompile: "11"
                      vpiValue: 11
                    RefObj name:$root.top.unit1 start:18:60 end:18:75:
                      vpiParent: SysFuncCall name:$coverage_get
                      vpiName: "$root.top.unit1"
                      vpiFullName: top.$root.top.unit1
                      vpiPathElem (3 items):
                        RefObj name:$root start:18:60 end:18:66:
                          vpiParent: RefObj name:$root.top.unit1
                          vpiName: "$root"
                          vpiFullName: top.$root
                          vpiActual: Design name:unnamed
                        RefObj name:top start:18:66 end:18:69:
                          vpiParent: RefObj name:$root.top.unit1
                          vpiName: top
                          vpiFullName: top.top
                          vpiActual: Module name:top
                        RefObj name:unit1 start:18:70 end:18:75:
                          vpiParent: RefObj name:$root.top.unit1
                          vpiName: unit1
                          vpiFullName: top.unit1
                          vpiActual: RefInstance name:unit1
                      vpiActual: RefInstance name:unit1
              Assignment start:19:9 end:19:60:
                vpiParent: Begin
                vpiBlocking: true
                vpiLhs RefObj name:i start:19:9 end:19:10:
                  vpiParent: Assignment
                  vpiName: i
                  vpiFullName: top.i
                  vpiActual: Variable name:i
                vpiRhs SysFuncCall name:$coverage_merge start:19:13 end:19:60:
                  vpiParent: Assignment
                  vpiName Identifier name:$coverage_merge start:19:13 end:19:28:
                  vpiTaskFunc: Function name:$coverage_merge
                  vpiArgument (2 items):
                    Constant start:7:26 end:7:28:
                      vpiParent: SysFuncCall name:$coverage_merge
                      vpiTypespec RefTypespec:
                        vpiParent: Constant
                        vpiFullName: top
                        vpiActual: IntTypespec
                      vpiConstType: unsigned int (9)
                      vpiSize: 64
                      vpiDecompile: "20"
                      vpiValue: 20
                    Constant start:19:48 end:19:59:
                      vpiParent: SysFuncCall name:$coverage_merge
                      vpiTypespec RefTypespec:
                        vpiParent: Constant
                        vpiFullName: top
                        vpiActual: StringTypespec
                      vpiConstType: string (6)
                      vpiSize: 72
                      vpiDecompile: "\"some_name\""
                      vpiValue: some_name
              Assignment start:20:9 end:20:59:
                vpiParent: Begin
                vpiBlocking: true
                vpiLhs RefObj name:i start:20:9 end:20:10:
                  vpiParent: Assignment
                  vpiName: i
                  vpiFullName: top.i
                  vpiActual: Variable name:i
                vpiRhs SysFuncCall name:$coverage_save start:20:13 end:20:59:
                  vpiParent: Assignment
                  vpiName Identifier name:$coverage_save start:20:13 end:20:27:
                  vpiTaskFunc: Function name:$coverage_save
                  vpiArgument (2 items):
                    Constant start:8:26 end:8:28:
                      vpiParent: SysFuncCall name:$coverage_save
                      vpiTypespec RefTypespec:
                        vpiParent: Constant
                        vpiFullName: top
                        vpiActual: IntTypespec
                      vpiConstType: unsigned int (9)
                      vpiSize: 64
                      vpiDecompile: "21"
                      vpiValue: 21
                    Constant start:20:47 end:20:58:
                      vpiParent: SysFuncCall name:$coverage_save
                      vpiTypespec RefTypespec:
                        vpiParent: Constant
                        vpiFullName: top
                        vpiActual: StringTypespec
                      vpiConstType: string (6)
                      vpiSize: 72
                      vpiDecompile: "\"some_name\""
                      vpiValue: some_name
              SysTaskCall name:$set_coverage_db_name start:21:9 end:21:45:
                vpiParent: Begin
                vpiName Identifier name:$set_coverage_db_name start:21:9 end:21:30:
                vpiTaskFunc: Task name:$set_coverage_db_name
                vpiArgument (1 items):
                  Constant start:21:31 end:21:44:
                    vpiParent: SysTaskCall name:$set_coverage_db_name
                    vpiTypespec RefTypespec:
                      vpiParent: Constant
                      vpiFullName: top
                      vpiActual: StringTypespec
                    vpiConstType: string (6)
                    vpiSize: 88
                    vpiDecompile: "\"coverage.db\""
                    vpiValue: coverage.db
              SysTaskCall name:$load_coverage_db start:22:9 end:22:41:
                vpiParent: Begin
                vpiName Identifier name:$load_coverage_db start:22:9 end:22:26:
                vpiTaskFunc: Task name:$load_coverage_db
                vpiArgument (1 items):
                  Constant start:22:27 end:22:40:
                    vpiParent: SysTaskCall name:$load_coverage_db
                    vpiTypespec RefTypespec:
                      vpiParent: Constant
                      vpiFullName: top
                      vpiActual: StringTypespec
                    vpiConstType: string (6)
                    vpiSize: 88
                    vpiDecompile: "\"coverage.db\""
                    vpiValue: coverage.db
              Assignment start:23:9 end:23:28:
                vpiParent: Begin
                vpiBlocking: true
                vpiLhs RefObj name:r start:23:9 end:23:10:
                  vpiParent: Assignment
                  vpiName: r
                  vpiFullName: top.r
                  vpiActual: Variable name:r
                vpiRhs SysFuncCall name:$get_coverage start:23:13 end:23:28:
                  vpiParent: Assignment
                  vpiName Identifier name:$get_coverage start:23:13 end:23:26:
                  vpiTaskFunc: Function name:$get_coverage
      vpiRefInstance (2 items):
        RefInstance name:unit1 start:8:9 end:8:14:
          vpiParent: Module name:top
          vpiName: unit1
          vpiTypespec RefTypespec name:DUT start:8:5 end:8:8:
            vpiParent: RefInstance name:unit1
            vpiName: DUT
            vpiFullName: top.unit1.DUT
            vpiActual: ModuleTypespec name:DUT
        RefInstance name:unit2 start:9:9 end:9:14:
          vpiParent: Module name:top
          vpiName: unit2
          vpiTypespec RefTypespec name:DUT start:9:5 end:9:8:
            vpiParent: RefInstance name:unit2
            vpiName: DUT
            vpiFullName: top.unit2.DUT
            vpiActual: ModuleTypespec name:DUT
  vpiTypespec (9 items):
    ModuleTypespec name:DUT:
      vpiParent: Design name:unnamed
      vpiName Identifier name:DUT start:2:8 end:2:11:
      vpiDefName: DUT
      vpiModule: Module name:DUT
    ModuleTypespec name:top:
      vpiParent: Design name:unnamed
      vpiName Identifier name:top start:5:8 end:5:11:
      vpiDefName: top
      vpiModule: Module name:top
    IntTypespec:
      vpiParent: Design name:unnamed
    RealTypespec:
      vpiParent: Design name:unnamed
    IntTypespec:
      vpiParent: Design name:unnamed
      vpiSigned: true
    StringTypespec:
      vpiParent: Design name:unnamed
    VoidTypespec:
      vpiParent: Design name:unnamed
    ShortRealTypespec:
      vpiParent: Design name:unnamed
    TimeTypespec:
      vpiParent: Design name:unnamed
  vpiLibrary (1 items):
    Library name:work:
      vpiParent: Design name:unnamed
      vpiName: work
===================
[  FATAL] : 0
[ SYNTAX] : 0
[  ERROR] : 4
[WARNING] : 2
[   NOTE] : 0
********************************************************************************
*                    End HLC SystemVerilog Compiler/Linter                     *
********************************************************************************

#**#**#**#**#**#**#**#**#**#**#**#**#**#**#**#**#**#**#**#**#**#**#**#**#**#**#**#**#**#**#**#**#**#**#**#**#**#**#**#**

Environment:
      test-name: CovMacro/CovMacro
   test-dirpath: ${HLC_DIR}/regression/CovMacro/CovMacro
  hldb-filepath: ${HLC_DIR}/regression/CovMacro/CovMacro/design.hldb
mounts-filepath: ${HLC_DIR}/regression/CovMacro/CovMacro/mounts.json


{'result': {'coverage': 100.0,
            'error_count': 0,
            'file_count': 1,
            'files': {'$Output/lib/work/dut.sv': {'post_len': 0,
                                                  'pre_len': 572}},
            'post_len': 0,
            'pre_len': 572,
            'test_name': 'CovMacro/CovMacro'}}

+-------------------------+----------+-----------+
| INPUT                   |   PRELEN |   POSTLEN |
+=========================+==========+===========+
| $Output/lib/work/dut.sv |      572 |         0 |
+=========================+==========+===========+
|                         |      572 |         0 |
+-------------------------+----------+-----------+

[   ERROR] : 0
[COVERAGE] : 100.0


#**#**#**#**#**#**#**#**#**#**#**#**#**#**#**#**#**#**#**#**#**#**#**#**#**#**#**#**#**#**#**#**#**#**#**#**#**#**#**#**

COMMAND: ${HLC_DIR}/regression/CovMacro/CovMacro/design.hldb ${HLC_DIR}/regression/CovMacro/CovMacro/reduced.hldb

==================== BEGIN REDUCTION RESULT ====================
Name                            Before   After   Added   Removed
----------------------------------------------------------------
----------------------------------------------------------------
Others                            1572    1572       0         0
----------------------------------------------------------------
                                  1572    1572       0         0
===================== END REDUCTION RESULT =====================
