********************************************************************************
*                   Begin HLC SystemVerilog Compiler/Linter                    *
********************************************************************************
Copyright (c) 2020 Apotell,
http://www.apache.org/licenses/LICENSE-2.0
VERSION: 1.84
COMMAND: -wd ../../../tests/TypedefRange dut.sv -writepp -d inst -fileunit -nobuiltin -d db -mt 0 -d dbstats -d cache -writepp -d db -nostdout -o ${HLC_DIR}/regression/TypedefRange/TypedefRange
[INF:CM5022] Creating log file "$Output/hlc.log".
[INF:CM5019] Separate compilation-unit mode is on.
[INF:PP5223] Preprocessing source file "$Source01/dut.sv".
[INF:PA5502] Parsing source file "$Source01/dut.sv".
[INF:CP5802] $Source01/dut.sv:1:1: Compile package "pkg".
[WRN:PA5506] $Source01/dut.sv:1:1: No timescale set for "pkg".
====== HLDB =======
Design name:unnamed:
  vpiName: unnamed
  vpiSourceFile (1 items):
    SourceFile name:dut.sv file:$Source01/dut.sv:
      vpiParent: Design name:unnamed
      vpiName: dut.sv
      vpiPreprocFile: "$Output/lib/work/dut.sv"
  vpiAllPackages (1 items):
    Package name:pkg file:$Source01/dut.sv start:1:1 end:6:11:
      vpiParent: Design name:unnamed
      vpiName Identifier name:pkg start:1:9 end:1:12:
      vpiFullName: pkg
      vpiTypespec (5 items):
        LogicTypespec:
          vpiParent: Package name:pkg
        StructTypespec start:2:12 end:4:5:
          vpiParent: Package name:pkg
          vpiPacked: true
          vpiTypespecMember (1 items):
            TypespecMember name:x start:3:16 end:3:17:
              vpiParent: StructTypespec
              vpiName: x
              vpiTypespec RefTypespec start:3:7 end:3:12:
                vpiParent: TypespecMember name:x
                vpiFullName: pkg::x
                vpiActual: LogicTypespec
        TypedefTypespec name:a start:2:4 end:4:8:
          vpiParent: Package name:pkg
          vpiName Identifier name:a start:4:6 end:4:7:
          vpiTypedefAlias RefTypespec start:2:12 end:4:5:
            vpiParent: TypedefTypespec name:a
            vpiFullName: pkg::a
            vpiActual: StructTypespec
        ArrayTypespec:
          vpiParent: Package name:pkg
          vpiArrayType: static (1)
          vpiPacked: true
          vpiRange Range start:5:13 end:5:18:
            vpiParent: ArrayTypespec
            vpiLeftRange Constant start:5:14 end:5:15:
              vpiParent: Range
              vpiTypespec RefTypespec:
                vpiParent: Constant
                vpiFullName: pkg
                vpiActual: IntTypespec
              vpiConstType: unsigned int (9)
              vpiSize: 64
              vpiDecompile: "5"
              vpiValue: 5
            vpiRightRange Constant start:5:16 end:5:17:
              vpiParent: Range
              vpiTypespec RefTypespec:
                vpiParent: Constant
                vpiFullName: pkg
                vpiActual: IntTypespec
              vpiConstType: unsigned int (9)
              vpiSize: 64
              vpiDecompile: "0"
              vpiValue: 0
          vpiElemTypespec RefTypespec name:a:
            vpiParent: ArrayTypespec
            vpiName: a
            vpiFullName: pkg::a
            vpiActual: TypedefTypespec name:a
        TypedefTypespec name:b start:5:4 end:5:21:
          vpiParent: Package name:pkg
          vpiName Identifier name:b start:5:19 end:5:20:
          vpiTypedefAlias RefTypespec start:5:12 end:5:18:
            vpiParent: TypedefTypespec name:b
            vpiFullName: pkg::b
            vpiActual: ArrayTypespec
      vpiDefName: pkg
      vpiDefNetType: wire (1)
      vpiLibrary RefObj name:work:
        vpiParent: Package name:pkg
        vpiName: work
        vpiFullName: pkg::work
      vpiCell: pkg
  vpiTypespec (1 items):
    IntTypespec:
      vpiParent: Design name:unnamed
      vpiSigned: true
===================
[  FATAL] : 0
[ SYNTAX] : 0
[  ERROR] : 0
[WARNING] : 1
[   NOTE] : 0
********************************************************************************
*                    End HLC SystemVerilog Compiler/Linter                     *
********************************************************************************

#**#**#**#**#**#**#**#**#**#**#**#**#**#**#**#**#**#**#**#**#**#**#**#**#**#**#**#**#**#**#**#**#**#**#**#**#**#**#**#**

Environment:
      test-name: TypedefRange/TypedefRange
   test-dirpath: ${HLC_DIR}/regression/TypedefRange/TypedefRange
  hldb-filepath: ${HLC_DIR}/regression/TypedefRange/TypedefRange/design.hldb
mounts-filepath: ${HLC_DIR}/regression/TypedefRange/TypedefRange/mounts.json


{'result': {'coverage': 100.0,
            'error_count': 0,
            'file_count': 1,
            'files': {'$Output/lib/work/dut.sv': {'post_len': 0,
                                                  'pre_len': 77}},
            'post_len': 0,
            'pre_len': 77,
            'test_name': 'TypedefRange/TypedefRange'}}

+-------------------------+----------+-----------+
| INPUT                   |   PRELEN |   POSTLEN |
+=========================+==========+===========+
| $Output/lib/work/dut.sv |       77 |         0 |
+=========================+==========+===========+
|                         |       77 |         0 |
+-------------------------+----------+-----------+

[   ERROR] : 0
[COVERAGE] : 100.0


#**#**#**#**#**#**#**#**#**#**#**#**#**#**#**#**#**#**#**#**#**#**#**#**#**#**#**#**#**#**#**#**#**#**#**#**#**#**#**#**

COMMAND: ${HLC_DIR}/regression/TypedefRange/TypedefRange/design.hldb ${HLC_DIR}/regression/TypedefRange/TypedefRange/reduced.hldb

==================== BEGIN REDUCTION RESULT ====================
Name                            Before   After   Added   Removed
----------------------------------------------------------------
----------------------------------------------------------------
Others                              23      23       0         0
----------------------------------------------------------------
                                    23      23       0         0
===================== END REDUCTION RESULT =====================
