[INF:CM0023] Creating log file "$Output/hlc.log".
AST_DEBUG_BEGIN
Count: 269
LIB: work
FILE: $Source01/t_func_under.v
n<$Source01/t_func_under.v> u<268> t<Top_level_rule> c<1> l<6:1> el<27:1>
  n<> u<1> t<Null_rule> p<268> s<2> l<6:1> el<6:1>
  n<// DESCRIPTION: Verilator: Verilog Test module> u<2> t<LINE_COMMENT> p<268> s<3> l<1:1> el<1:47>
  n<//> u<3> t<LINE_COMMENT> p<268> s<4> l<2:1> el<2:3>
  n<// This file ONLY is placed into the Public Domain, for any use,> u<4> t<LINE_COMMENT> p<268> s<5> l<3:1> el<3:65>
  n<// without warranty, 2012 by Wilson Snyder.> u<5> t<LINE_COMMENT> p<268> s<267> l<4:1> el<4:44>
  n<> u<267> t<Source_text> p<268> c<266> l<6:1> el<26:10>
    n<> u<266> t<Description> p<267> c<265> l<6:1> el<26:10>
      n<> u<265> t<Module_declaration> p<266> c<18> l<6:1> el<26:10>
        n<> u<18> t<Module_nonansi_header> p<265> c<6> s<25> l<6:1> el<9:6>
          n<module> u<6> t<Module_keyword> p<18> s<7> l<6:1> el<6:7>
          n<t> u<7> t<SIMPLE_IDENTIFIER> p<18> s<8> l<6:8> el<6:9>
          n<> u<8> t<Package_import_declaration_list> p<18> s<9> l<6:10> el<6:10>
          n</*AUTOARG*/> u<9> t<BLOCK_COMMENT> p<18> s<10> l<6:10> el<9:5>
          n<// Inputs> u<10> t<LINE_COMMENT> p<18> s<17> l<7:4> el<7:13>
          n<> u<17> t<Port_list> p<18> c<16> l<6:10> el<9:5>
            n<> u<16> t<Port> p<17> c<15> l<8:4> el<8:7>
              n<> u<15> t<Port_expression> p<16> c<14> l<8:4> el<8:7>
                n<> u<14> t<Port_reference> p<15> c<11> l<8:4> el<8:7>
                  n<clk> u<11> t<SIMPLE_IDENTIFIER> p<14> s<13> l<8:4> el<8:7>
                  n<> u<13> t<Constant_select> p<14> c<12> l<9:4> el<9:4>
                    n<> u<12> t<Constant_bit_select> p<13> l<9:4> el<9:4>
        n<> u<25> t<Module_item> p<265> c<24> s<52> l<10:4> el<10:14>
          n<> u<24> t<Port_declaration> p<25> c<23> l<10:4> el<10:13>
            n<> u<23> t<Input_declaration> p<24> c<20> l<10:4> el<10:13>
              n<> u<20> t<Net_port_type> p<23> c<19> s<22> l<10:10> el<10:10>
                n<> u<19> t<Data_type_or_implicit> p<20> l<10:10> el<10:10>
              n<> u<22> t<Port_identifier_list> p<23> c<21> l<10:10> el<10:13>
                n<clk> u<21> t<SIMPLE_IDENTIFIER> p<22> l<10:10> el<10:13>
        n<> u<52> t<Module_item> p<265> c<51> s<65> l<12:4> el<12:26>
          n<> u<51> t<Non_port_module_item> p<52> c<50> l<12:4> el<12:26>
            n<> u<50> t<Module_or_generate_item> p<51> c<49> l<12:4> el<12:26>
              n<> u<49> t<Module_common_item> p<50> c<48> l<12:4> el<12:26>
                n<> u<48> t<Module_or_generate_item_declaration> p<49> c<47> l<12:4> el<12:26>
                  n<> u<47> t<Package_or_generate_item_declaration> p<48> c<46> l<12:4> el<12:26>
                    n<> u<46> t<Data_declaration> p<47> c<45> l<12:4> el<12:26>
                      n<> u<45> t<Variable_declaration> p<46> c<37> l<12:4> el<12:26>
                        n<> u<37> t<Data_type> p<45> c<26> s<44> l<12:4> el<12:13>
                          n<> u<26> t<REG> p<37> s<36> l<12:4> el<12:7>
                          n<> u<36> t<Packed_dimension> p<37> c<35> l<12:8> el<12:13>
                            n<> u<35> t<Constant_range> p<36> c<30> l<12:9> el<12:12>
                              n<> u<30> t<Constant_expression> p<35> c<29> s<34> l<12:9> el<12:10>
                                n<> u<29> t<Constant_primary> p<30> c<28> l<12:9> el<12:10>
                                  n<> u<28> t<Primary_literal> p<29> c<27> l<12:9> el<12:10>
                                    n<3> u<27> t<INTEGRAL_NUMBER> p<28> l<12:9> el<12:10>
                              n<> u<34> t<Constant_expression> p<35> c<33> l<12:11> el<12:12>
                                n<> u<33> t<Constant_primary> p<34> c<32> l<12:11> el<12:12>
                                  n<> u<32> t<Primary_literal> p<33> c<31> l<12:11> el<12:12>
                                    n<0> u<31> t<INTEGRAL_NUMBER> p<32> l<12:11> el<12:12>
                        n<> u<44> t<Variable_decl_assignment_list> p<45> c<43> l<12:14> el<12:25>
                          n<> u<43> t<Variable_decl_assignment> p<44> c<38> l<12:14> el<12:25>
                            n<counter> u<38> t<SIMPLE_IDENTIFIER> p<43> s<42> l<12:14> el<12:21>
                            n<> u<42> t<Expression> p<43> c<41> l<12:24> el<12:25>
                              n<> u<41> t<Primary> p<42> c<40> l<12:24> el<12:25>
                                n<> u<40> t<Primary_literal> p<41> c<39> l<12:24> el<12:25>
                                  n<0> u<39> t<INTEGRAL_NUMBER> p<40> l<12:24> el<12:25>
        n<> u<65> t<Module_item> p<265> c<64> s<154> l<13:4> el<13:17>
          n<> u<64> t<Non_port_module_item> p<65> c<63> l<13:4> el<13:17>
            n<> u<63> t<Module_or_generate_item> p<64> c<62> l<13:4> el<13:17>
              n<> u<62> t<Module_common_item> p<63> c<61> l<13:4> el<13:17>
                n<> u<61> t<Module_or_generate_item_declaration> p<62> c<60> l<13:4> el<13:17>
                  n<> u<60> t<Package_or_generate_item_declaration> p<61> c<59> l<13:4> el<13:17>
                    n<> u<59> t<Data_declaration> p<60> c<58> l<13:4> el<13:17>
                      n<> u<58> t<Variable_declaration> p<59> c<54> l<13:4> el<13:17>
                        n<> u<54> t<Data_type> p<58> c<53> s<57> l<13:4> el<13:11>
                          n<> u<53> t<INTEGER> p<54> l<13:4> el<13:11>
                        n<> u<57> t<Variable_decl_assignment_list> p<58> c<56> l<13:14> el<13:16>
                          n<> u<56> t<Variable_decl_assignment> p<57> c<55> l<13:14> el<13:16>
                            n<l2> u<55> t<SIMPLE_IDENTIFIER> p<56> l<13:14> el<13:16>
        n<> u<154> t<Module_item> p<265> c<153> s<263> l<14:4> el<16:15>
          n<> u<153> t<Non_port_module_item> p<154> c<152> l<14:4> el<16:15>
            n<> u<152> t<Module_or_generate_item> p<153> c<151> l<14:4> el<16:15>
              n<> u<151> t<Module_common_item> p<152> c<150> l<14:4> el<16:15>
                n<> u<150> t<Module_or_generate_item_declaration> p<151> c<149> l<14:4> el<16:15>
                  n<> u<149> t<Package_or_generate_item_declaration> p<150> c<148> l<14:4> el<16:15>
                    n<> u<148> t<Function_declaration> p<149> c<147> l<14:4> el<16:15>
                      n<> u<147> t<Function_body_declaration> p<148> c<66> l<14:13> el<16:15>
                        n<> u<66> t<Function_data_type_or_implicit> p<147> s<67> l<14:13> el<14:13>
                        n<log2> u<67> t<SIMPLE_IDENTIFIER> p<147> s<82> l<14:13> el<14:17>
                        n<> u<82> t<Tf_port_item_list> p<147> c<81> s<145> l<14:18> el<14:33>
                          n<> u<81> t<Tf_port_item> p<82> c<68> l<14:19> el<14:32>
                            n<> u<68> t<INPUT> p<81> s<79> l<14:19> el<14:24>
                            n<> u<79> t<Data_type_or_implicit> p<81> c<78> s<80> l<14:25> el<14:30>
                              n<> u<78> t<Packed_dimension> p<79> c<77> l<14:25> el<14:30>
                                n<> u<77> t<Constant_range> p<78> c<72> l<14:26> el<14:29>
                                  n<> u<72> t<Constant_expression> p<77> c<71> s<76> l<14:26> el<14:27>
                                    n<> u<71> t<Constant_primary> p<72> c<70> l<14:26> el<14:27>
                                      n<> u<70> t<Primary_literal> p<71> c<69> l<14:26> el<14:27>
                                        n<3> u<69> t<INTEGRAL_NUMBER> p<70> l<14:26> el<14:27>
                                  n<> u<76> t<Constant_expression> p<77> c<75> l<14:28> el<14:29>
                                    n<> u<75> t<Constant_primary> p<76> c<74> l<14:28> el<14:29>
                                      n<> u<74> t<Primary_literal> p<75> c<73> l<14:28> el<14:29>
                                        n<0> u<73> t<INTEGRAL_NUMBER> p<74> l<14:28> el<14:29>
                            n<x> u<80> t<SIMPLE_IDENTIFIER> p<81> l<14:31> el<14:32>
                        n<> u<145> t<Block_item_declaration> p<147> c<144> s<146> l<15:7> el<15:66>
                          n<> u<144> t<Data_declaration> p<145> c<143> l<15:7> el<15:66>
                            n<> u<143> t<Variable_declaration> p<144> c<84> l<15:7> el<15:66>
                              n<> u<84> t<Data_type> p<143> c<83> s<142> l<15:7> el<15:14>
                                n<> u<83> t<INTEGER> p<84> l<15:7> el<15:14>
                              n<> u<142> t<Variable_decl_assignment_list> p<143> c<141> l<15:15> el<15:65>
                                n<> u<141> t<Variable_decl_assignment> p<142> c<85> l<15:15> el<15:65>
                                  n<log2> u<85> t<SIMPLE_IDENTIFIER> p<141> s<140> l<15:15> el<15:19>
                                  n<> u<140> t<Expression> p<141> c<96> l<15:22> el<15:65>
                                    n<> u<96> t<Expression> p<140> c<95> s<139> l<15:22> el<15:29>
                                      n<> u<95> t<Expression> p<96> c<89> l<15:23> el<15:28>
                                        n<> u<89> t<Expression> p<95> c<88> s<94> l<15:23> el<15:24>
                                          n<> u<88> t<Primary> p<89> c<87> l<15:23> el<15:24>
                                            n<> u<87> t<Primary_literal> p<88> c<86> l<15:23> el<15:24>
                                              n<x> u<86> t<SIMPLE_IDENTIFIER> p<87> l<15:23> el<15:24>
                                        n<> u<94> t<LESS> p<95> s<93> l<15:25> el<15:26>
                                        n<> u<93> t<Expression> p<95> c<92> l<15:27> el<15:28>
                                          n<> u<92> t<Primary> p<93> c<91> l<15:27> el<15:28>
                                            n<> u<91> t<Primary_literal> p<92> c<90> l<15:27> el<15:28>
                                              n<2> u<90> t<INTEGRAL_NUMBER> p<91> l<15:27> el<15:28>
                                    n<> u<139> t<QMARK> p<140> s<100> l<15:30> el<15:31>
                                    n<> u<100> t<Expression> p<140> c<99> s<138> l<15:32> el<15:33>
                                      n<> u<99> t<Primary> p<100> c<98> l<15:32> el<15:33>
                                        n<> u<98> t<Primary_literal> p<99> c<97> l<15:32> el<15:33>
                                          n<1> u<97> t<INTEGRAL_NUMBER> p<98> l<15:32> el<15:33>
                                    n<> u<138> t<Expression> p<140> c<111> l<15:36> el<15:65>
                                      n<> u<111> t<Expression> p<138> c<110> s<137> l<15:36> el<15:43>
                                        n<> u<110> t<Expression> p<111> c<104> l<15:37> el<15:42>
                                          n<> u<104> t<Expression> p<110> c<103> s<109> l<15:37> el<15:38>
                                            n<> u<103> t<Primary> p<104> c<102> l<15:37> el<15:38>
                                              n<> u<102> t<Primary_literal> p<103> c<101> l<15:37> el<15:38>
                                                n<x> u<101> t<SIMPLE_IDENTIFIER> p<102> l<15:37> el<15:38>
                                          n<> u<109> t<LESS> p<110> s<108> l<15:39> el<15:40>
                                          n<> u<108> t<Expression> p<110> c<107> l<15:41> el<15:42>
                                            n<> u<107> t<Primary> p<108> c<106> l<15:41> el<15:42>
                                              n<> u<106> t<Primary_literal> p<107> c<105> l<15:41> el<15:42>
                                                n<4> u<105> t<INTEGRAL_NUMBER> p<106> l<15:41> el<15:42>
                                      n<> u<137> t<QMARK> p<138> s<115> l<15:44> el<15:45>
                                      n<> u<115> t<Expression> p<138> c<114> s<136> l<15:46> el<15:47>
                                        n<> u<114> t<Primary> p<115> c<113> l<15:46> el<15:47>
                                          n<> u<113> t<Primary_literal> p<114> c<112> l<15:46> el<15:47>
                                            n<2> u<112> t<INTEGRAL_NUMBER> p<113> l<15:46> el<15:47>
                                      n<> u<136> t<Expression> p<138> c<126> l<15:50> el<15:65>
                                        n<> u<126> t<Expression> p<136> c<125> s<135> l<15:50> el<15:57>
                                          n<> u<125> t<Expression> p<126> c<119> l<15:51> el<15:56>
                                            n<> u<119> t<Expression> p<125> c<118> s<124> l<15:51> el<15:52>
                                              n<> u<118> t<Primary> p<119> c<117> l<15:51> el<15:52>
                                                n<> u<117> t<Primary_literal> p<118> c<116> l<15:51> el<15:52>
                                                  n<x> u<116> t<SIMPLE_IDENTIFIER> p<117> l<15:51> el<15:52>
                                            n<> u<124> t<LESS> p<125> s<123> l<15:53> el<15:54>
                                            n<> u<123> t<Expression> p<125> c<122> l<15:55> el<15:56>
                                              n<> u<122> t<Primary> p<123> c<121> l<15:55> el<15:56>
                                                n<> u<121> t<Primary_literal> p<122> c<120> l<15:55> el<15:56>
                                                  n<8> u<120> t<INTEGRAL_NUMBER> p<121> l<15:55> el<15:56>
                                        n<> u<135> t<QMARK> p<136> s<130> l<15:58> el<15:59>
                                        n<> u<130> t<Expression> p<136> c<129> s<134> l<15:60> el<15:61>
                                          n<> u<129> t<Primary> p<130> c<128> l<15:60> el<15:61>
                                            n<> u<128> t<Primary_literal> p<129> c<127> l<15:60> el<15:61>
                                              n<3> u<127> t<INTEGRAL_NUMBER> p<128> l<15:60> el<15:61>
                                        n<> u<134> t<Expression> p<136> c<133> l<15:64> el<15:65>
                                          n<> u<133> t<Primary> p<134> c<132> l<15:64> el<15:65>
                                            n<> u<132> t<Primary_literal> p<133> c<131> l<15:64> el<15:65>
                                              n<4> u<131> t<INTEGRAL_NUMBER> p<132> l<15:64> el<15:65>
                        n<> u<146> t<ENDFUNCTION> p<147> l<16:4> el<16:15>
        n<> u<263> t<Module_item> p<265> c<262> s<264> l<17:4> el<25:7>
          n<> u<262> t<Non_port_module_item> p<263> c<261> l<17:4> el<25:7>
            n<> u<261> t<Module_or_generate_item> p<262> c<260> l<17:4> el<25:7>
              n<> u<260> t<Module_common_item> p<261> c<259> l<17:4> el<25:7>
                n<> u<259> t<Always_construct> p<260> c<155> l<17:4> el<25:7>
                  n<> u<155> t<ALWAYS> p<259> s<258> l<17:4> el<17:10>
                  n<> u<258> t<Statement> p<259> c<257> l<17:11> el<25:7>
                    n<> u<257> t<Statement_item> p<258> c<256> l<17:11> el<25:7>
                      n<> u<256> t<Procedural_timing_control_statement> p<257> c<163> l<17:11> el<25:7>
                        n<> u<163> t<Procedural_timing_control> p<256> c<162> s<255> l<17:11> el<17:25>
                          n<> u<162> t<Event_control> p<163> c<161> l<17:11> el<17:25>
                            n<> u<161> t<Event_expression> p<162> c<156> l<17:13> el<17:24>
                              n<> u<156> t<POSEDGE> p<161> s<160> l<17:13> el<17:20>
                              n<> u<160> t<Expression> p<161> c<159> l<17:21> el<17:24>
                                n<> u<159> t<Primary> p<160> c<158> l<17:21> el<17:24>
                                  n<> u<158> t<Primary_literal> p<159> c<157> l<17:21> el<17:24>
                                    n<clk> u<157> t<SIMPLE_IDENTIFIER> p<158> l<17:21> el<17:24>
                        n<> u<255> t<Statement_or_null> p<256> c<254> l<17:26> el<25:7>
                          n<> u<254> t<Statement> p<255> c<253> l<17:26> el<25:7>
                            n<> u<253> t<Statement_item> p<254> c<252> l<17:26> el<25:7>
                              n<> u<252> t<Seq_block> p<253> c<182> l<17:26> el<25:7>
                                n<> u<182> t<Statement_or_null> p<252> c<181> s<200> l<18:7> el<18:30>
                                  n<> u<181> t<Statement> p<182> c<180> l<18:7> el<18:30>
                                    n<> u<180> t<Statement_item> p<181> c<179> l<18:7> el<18:30>
                                      n<> u<179> t<Nonblocking_assignment> p<180> c<168> l<18:7> el<18:29>
                                        n<> u<168> t<Variable_lvalue> p<179> c<165> s<178> l<18:7> el<18:14>
                                          n<> u<165> t<Ps_or_hierarchical_identifier> p<168> c<164> s<167> l<18:7> el<18:14>
                                            n<counter> u<164> t<SIMPLE_IDENTIFIER> p<165> l<18:7> el<18:14>
                                          n<> u<167> t<Select> p<168> c<166> l<18:15> el<18:15>
                                            n<> u<166> t<Bit_select> p<167> l<18:15> el<18:15>
                                        n<> u<178> t<Expression> p<179> c<172> l<18:18> el<18:29>
                                          n<> u<172> t<Expression> p<178> c<171> s<177> l<18:18> el<18:25>
                                            n<> u<171> t<Primary> p<172> c<170> l<18:18> el<18:25>
                                              n<> u<170> t<Primary_literal> p<171> c<169> l<18:18> el<18:25>
                                                n<counter> u<169> t<SIMPLE_IDENTIFIER> p<170> l<18:18> el<18:25>
                                          n<> u<177> t<BinaryOp_Plus> p<178> s<176> l<18:26> el<18:27>
                                          n<> u<176> t<Expression> p<178> c<175> l<18:28> el<18:29>
                                            n<> u<175> t<Primary> p<176> c<174> l<18:28> el<18:29>
                                              n<> u<174> t<Primary_literal> p<175> c<173> l<18:28> el<18:29>
                                                n<1> u<173> t<INTEGRAL_NUMBER> p<174> l<18:28> el<18:29>
                                n<> u<200> t<Statement_or_null> p<252> c<199> s<201> l<19:7> el<19:27>
                                  n<> u<199> t<Statement> p<200> c<198> l<19:7> el<19:27>
                                    n<> u<198> t<Statement_item> p<199> c<197> l<19:7> el<19:27>
                                      n<> u<197> t<Nonblocking_assignment> p<198> c<187> l<19:7> el<19:26>
                                        n<> u<187> t<Variable_lvalue> p<197> c<184> s<196> l<19:7> el<19:9>
                                          n<> u<184> t<Ps_or_hierarchical_identifier> p<187> c<183> s<186> l<19:7> el<19:9>
                                            n<l2> u<183> t<SIMPLE_IDENTIFIER> p<184> l<19:7> el<19:9>
                                          n<> u<186> t<Select> p<187> c<185> l<19:10> el<19:10>
                                            n<> u<185> t<Bit_select> p<186> l<19:10> el<19:10>
                                        n<> u<196> t<Expression> p<197> c<195> l<19:13> el<19:26>
                                          n<> u<195> t<Primary> p<196> c<194> l<19:13> el<19:26>
                                            n<> u<194> t<Subroutine_call> p<195> c<188> l<19:13> el<19:26>
                                              n<log2> u<188> t<SIMPLE_IDENTIFIER> p<194> s<193> l<19:13> el<19:17>
                                              n<> u<193> t<Argument_list> p<194> c<192> l<19:18> el<19:25>
                                                n<> u<192> t<Expression> p<193> c<191> l<19:18> el<19:25>
                                                  n<> u<191> t<Primary> p<192> c<190> l<19:18> el<19:25>
                                                    n<> u<190> t<Primary_literal> p<191> c<189> l<19:18> el<19:25>
                                                      n<counter> u<189> t<SIMPLE_IDENTIFIER> p<190> l<19:18> el<19:25>
                                n<// bug589: This failed with (%Error: Internal Error: Function not underneath a statement):> u<201> t<LINE_COMMENT> p<252> s<228> l<20:7> el<20:97>
                                n<> u<228> t<Statement_or_null> p<252> c<227> s<229> l<21:7> el<21:58>
                                  n<> u<227> t<Statement> p<228> c<226> l<21:7> el<21:58>
                                    n<> u<226> t<Statement_item> p<227> c<225> l<21:7> el<21:58>
                                      n<> u<225> t<Subroutine_call_statement> p<226> c<224> l<21:7> el<21:58>
                                        n<> u<224> t<Subroutine_call> p<225> c<202> l<21:7> el<21:57>
                                          n<$> u<202> t<DOLLAR> p<224> s<203> l<21:7> el<21:8>
                                          n<display> u<203> t<SIMPLE_IDENTIFIER> p<224> s<223> l<21:8> el<21:15>
                                          n<> u<223> t<Argument_list> p<224> c<207> l<21:16> el<21:56>
                                            n<> u<207> t<Expression> p<223> c<206> s<212> l<21:16> el<21:32>
                                              n<> u<206> t<Primary> p<207> c<205> l<21:16> el<21:32>
                                                n<> u<205> t<Primary_literal> p<206> c<204> l<21:16> el<21:32>
                                                  n<"log2(%d) == %d"> u<204> t<QUOTED_STRING> p<205> l<21:16> el<21:32>
                                            n<> u<212> t<Argument> p<223> c<211> s<222> l<21:34> el<21:41>
                                              n<> u<211> t<Expression> p<212> c<210> l<21:34> el<21:41>
                                                n<> u<210> t<Primary> p<211> c<209> l<21:34> el<21:41>
                                                  n<> u<209> t<Primary_literal> p<210> c<208> l<21:34> el<21:41>
                                                    n<counter> u<208> t<SIMPLE_IDENTIFIER> p<209> l<21:34> el<21:41>
                                            n<> u<222> t<Argument> p<223> c<221> l<21:43> el<21:56>
                                              n<> u<221> t<Expression> p<222> c<220> l<21:43> el<21:56>
                                                n<> u<220> t<Primary> p<221> c<219> l<21:43> el<21:56>
                                                  n<> u<219> t<Subroutine_call> p<220> c<213> l<21:43> el<21:56>
                                                    n<log2> u<213> t<SIMPLE_IDENTIFIER> p<219> s<218> l<21:43> el<21:47>
                                                    n<> u<218> t<Argument_list> p<219> c<217> l<21:48> el<21:55>
                                                      n<> u<217> t<Expression> p<218> c<216> l<21:48> el<21:55>
                                                        n<> u<216> t<Primary> p<217> c<215> l<21:48> el<21:55>
                                                          n<> u<215> t<Primary_literal> p<216> c<214> l<21:48> el<21:55>
                                                            n<counter> u<214> t<SIMPLE_IDENTIFIER> p<215> l<21:48> el<21:55>
                                n<//> u<229> t<LINE_COMMENT> p<252> s<241> l<22:7> el<22:9>
                                n<> u<241> t<Statement_or_null> p<252> c<240> s<250> l<23:7> el<23:40>
                                  n<> u<240> t<Statement> p<241> c<239> l<23:7> el<23:40>
                                    n<> u<239> t<Statement_item> p<240> c<238> l<23:7> el<23:40>
                                      n<> u<238> t<Subroutine_call_statement> p<239> c<237> l<23:7> el<23:40>
                                        n<> u<237> t<Subroutine_call> p<238> c<230> l<23:7> el<23:39>
                                          n<$> u<230> t<DOLLAR> p<237> s<231> l<23:7> el<23:8>
                                          n<write> u<231> t<SIMPLE_IDENTIFIER> p<237> s<236> l<23:8> el<23:13>
                                          n<> u<236> t<Argument_list> p<237> c<235> l<23:14> el<23:38>
                                            n<> u<235> t<Expression> p<236> c<234> l<23:14> el<23:38>
                                              n<> u<234> t<Primary> p<235> c<233> l<23:14> el<23:38>
                                                n<> u<233> t<Primary_literal> p<234> c<232> l<23:14> el<23:38>
                                                  n<"*-* All Finished *-*\n"> u<232> t<QUOTED_STRING> p<233> l<23:14> el<23:38>
                                n<> u<250> t<Statement_or_null> p<252> c<249> s<251> l<24:7> el<24:15>
                                  n<> u<249> t<Statement> p<250> c<248> l<24:7> el<24:15>
                                    n<> u<248> t<Statement_item> p<249> c<247> l<24:7> el<24:15>
                                      n<> u<247> t<Subroutine_call_statement> p<248> c<246> l<24:7> el<24:15>
                                        n<> u<246> t<Subroutine_call> p<247> c<242> l<24:7> el<24:14>
                                          n<$> u<242> t<DOLLAR> p<246> s<243> l<24:7> el<24:8>
                                          n<finish> u<243> t<SIMPLE_IDENTIFIER> p<246> s<245> l<24:8> el<24:14>
                                          n<> u<245> t<Select> p<246> c<244> l<24:14> el<24:14>
                                            n<> u<244> t<Bit_select> p<245> l<24:14> el<24:14>
                                n<> u<251> t<END> p<252> l<25:4> el<25:7>
        n<> u<264> t<ENDMODULE> p<265> l<26:1> el<26:10>
AST_DEBUG_END
[INF:CP0303] $Source01/t_func_under.v:6:1: Compile module "work@t".
[INF:CM0029] Using global timescale: "1ns/1ns".
====== UHDM =======
Design name:unnamed:
  vpiName: unnamed
  vpiSourceFile (1 items):
    SourceFile name:t_func_under.v file:$Source01/t_func_under.v:
      vpiParent: Design name:unnamed
      vpiName: t_func_under.v
      vpiPreprocFile: "$Output/lib/work/t_func_under.v"
      vpiDefNetType: none (12)
  vpiAllModules (1 items):
    Module name:work@t file:$Source01/t_func_under.v start:6:1 end:26:10:
      vpiParent: Design name:unnamed
      vpiName Identifier name:work@t start:6:8 end:6:9:
        vpiParent: Module name:work@t
        vpiName: work@t
      vpiFullName: work@t
      vpiTypespec (3 items):
        LogicTypespec:
          vpiParent: Module name:work@t
        LogicTypespec:
          vpiParent: Module name:work@t
          vpiRange (1 items):
            Range start:12:8 end:12:13:
              vpiParent: LogicTypespec
              vpiLeftRange Constant start:12:9 end:12:10:
                vpiParent: Range
                vpiTypespec RefTypespec:
                  vpiParent: Constant
                  vpiFullName: work@t
                  vpiActual: IntTypespec
                vpiConstType: unsigned int (9)
                vpiSize: 64
                vpiDecompile: "3"
                vpiValue: 3
              vpiRightRange Constant start:12:11 end:12:12:
                vpiParent: Range
                vpiTypespec RefTypespec:
                  vpiParent: Constant
                  vpiFullName: work@t
                  vpiActual: IntTypespec
                vpiConstType: unsigned int (9)
                vpiSize: 64
                vpiDecompile: "0"
                vpiValue: 0
          vpiVector: true
        IntegerTypespec:
          vpiParent: Module name:work@t
          vpiSigned: true
      vpiDefName: work@t
      vpiDefNetType: none (12)
      vpiLibrary RefObj name:work:
        vpiParent: Module name:work@t
        vpiName: work
        vpiFullName: work@t.work
      vpiCell: t
      vpiTaskFunc (1 items):
        Function name:log2 start:14:4 end:16:15:
          vpiParent: Module name:work@t
          vpiName Identifier name:log2 start:14:13 end:14:17:
            vpiParent: Function name:log2
            vpiName: log2
          vpiFullName: work@t.log2
          vpiVariable (1 items):
            Variable name:log2 start:15:15 end:15:19:
              vpiParent: Function name:log2
              vpiTypespec RefTypespec start:15:7 end:15:14:
                vpiParent: Variable name:log2
                vpiFullName: work@t.log2.log2
                vpiActual: IntegerTypespec
              vpiName: log2
              vpiFullName: work@t.log2.log2
              vpiValue Operation start:15:22 end:15:65:
                vpiParent: Variable name:log2
                vpiOpType: condition (32)
                vpiOperand (3 items):
                  Operation start:15:23 end:15:28:
                    vpiParent: Operation
                    vpiOpType: less than (20)
                    vpiOperand (2 items):
                      RefObj name:x start:15:23 end:15:24:
                        vpiParent: Operation
                        vpiName: x
                        vpiFullName: work@t.log2.log2.x
                        vpiActual: IODecl name:x
                      Constant start:15:27 end:15:28:
                        vpiParent: Operation
                        vpiTypespec RefTypespec:
                          vpiParent: Constant
                          vpiFullName: work@t.log2.log2
                          vpiActual: IntTypespec
                        vpiConstType: unsigned int (9)
                        vpiSize: 64
                        vpiDecompile: "2"
                        vpiValue: 2
                  Constant start:15:32 end:15:33:
                    vpiParent: Operation
                    vpiTypespec RefTypespec:
                      vpiParent: Constant
                      vpiFullName: work@t.log2.log2
                      vpiActual: IntTypespec
                    vpiConstType: unsigned int (9)
                    vpiSize: 64
                    vpiDecompile: "1"
                    vpiValue: 1
                  Operation start:15:36 end:15:65:
                    vpiParent: Operation
                    vpiOpType: condition (32)
                    vpiOperand (3 items):
                      Operation start:15:37 end:15:42:
                        vpiParent: Operation
                        vpiOpType: less than (20)
                        vpiOperand (2 items):
                          RefObj name:x start:15:37 end:15:38:
                            vpiParent: Operation
                            vpiName: x
                            vpiFullName: work@t.log2.log2.x
                            vpiActual: IODecl name:x
                          Constant start:15:41 end:15:42:
                            vpiParent: Operation
                            vpiTypespec RefTypespec:
                              vpiParent: Constant
                              vpiFullName: work@t.log2.log2
                              vpiActual: IntTypespec
                            vpiConstType: unsigned int (9)
                            vpiSize: 64
                            vpiDecompile: "4"
                            vpiValue: 4
                      Constant start:15:46 end:15:47:
                        vpiParent: Operation
                        vpiTypespec RefTypespec:
                          vpiParent: Constant
                          vpiFullName: work@t.log2.log2
                          vpiActual: IntTypespec
                        vpiConstType: unsigned int (9)
                        vpiSize: 64
                        vpiDecompile: "2"
                        vpiValue: 2
                      Operation start:15:50 end:15:65:
                        vpiParent: Operation
                        vpiOpType: condition (32)
                        vpiOperand (3 items):
                          Operation start:15:51 end:15:56:
                            vpiParent: Operation
                            vpiOpType: less than (20)
                            vpiOperand (2 items):
                              RefObj name:x start:15:51 end:15:52:
                                vpiParent: Operation
                                vpiName: x
                                vpiFullName: work@t.log2.log2.x
                                vpiActual: IODecl name:x
                              Constant start:15:55 end:15:56:
                                vpiParent: Operation
                                vpiTypespec RefTypespec:
                                  vpiParent: Constant
                                  vpiFullName: work@t.log2.log2
                                  vpiActual: IntTypespec
                                vpiConstType: unsigned int (9)
                                vpiSize: 64
                                vpiDecompile: "8"
                                vpiValue: 8
                          Constant start:15:60 end:15:61:
                            vpiParent: Operation
                            vpiTypespec RefTypespec:
                              vpiParent: Constant
                              vpiFullName: work@t.log2.log2
                              vpiActual: IntTypespec
                            vpiConstType: unsigned int (9)
                            vpiSize: 64
                            vpiDecompile: "3"
                            vpiValue: 3
                          Constant start:15:64 end:15:65:
                            vpiParent: Operation
                            vpiTypespec RefTypespec:
                              vpiParent: Constant
                              vpiFullName: work@t.log2.log2
                              vpiActual: IntTypespec
                            vpiConstType: unsigned int (9)
                            vpiSize: 64
                            vpiDecompile: "4"
                            vpiValue: 4
          vpiTypespec (3 items):
            LogicTypespec start:14:13 end:14:13:
              vpiParent: Function name:log2
            LogicTypespec:
              vpiParent: Function name:log2
              vpiRange (1 items):
                Range start:14:25 end:14:30:
                  vpiParent: LogicTypespec
                  vpiLeftRange Constant start:14:26 end:14:27:
                    vpiParent: Range
                    vpiTypespec RefTypespec:
                      vpiParent: Constant
                      vpiFullName: work@t.log2
                      vpiActual: IntTypespec
                    vpiConstType: unsigned int (9)
                    vpiSize: 64
                    vpiDecompile: "3"
                    vpiValue: 3
                  vpiRightRange Constant start:14:28 end:14:29:
                    vpiParent: Range
                    vpiTypespec RefTypespec:
                      vpiParent: Constant
                      vpiFullName: work@t.log2
                      vpiActual: IntTypespec
                    vpiConstType: unsigned int (9)
                    vpiSize: 64
                    vpiDecompile: "0"
                    vpiValue: 0
              vpiVector: true
            IntegerTypespec:
              vpiParent: Function name:log2
              vpiSigned: true
          vpiVisibility: public (1)
          vpiIODecl (1 items):
            IODecl name:x start:14:31 end:14:32:
              vpiParent: Function name:log2
              vpiName: x
              vpiDirection: input (1)
              vpiTypespec RefTypespec start:14:25 end:14:30:
                vpiParent: IODecl name:x
                vpiFullName: work@t.log2.x
                vpiActual: LogicTypespec
          vpiReturn RefTypespec start:14:13 end:14:13:
            vpiParent: Function name:log2
            vpiFullName: work@t.log2
            vpiActual: LogicTypespec
      vpiNet (3 items):
        Net name:clk start:10:10 end:10:13:
          vpiParent: Module name:work@t
          vpiTypespec RefTypespec start:10:10 end:10:10:
            vpiParent: Net name:clk
            vpiFullName: work@t.clk
            vpiActual: LogicTypespec
          vpiName: clk
          vpiFullName: work@t.clk
        Net name:counter start:12:14 end:12:21:
          vpiParent: Module name:work@t
          vpiTypespec RefTypespec start:12:4 end:12:13:
            vpiParent: Net name:counter
            vpiFullName: work@t.counter
            vpiActual: LogicTypespec
          vpiName: counter
          vpiFullName: work@t.counter
          vpiValue Constant start:12:24 end:12:25:
            vpiParent: Net name:counter
            vpiTypespec RefTypespec:
              vpiParent: Constant
              vpiFullName: work@t.counter
              vpiActual: IntTypespec
            vpiConstType: unsigned int (9)
            vpiSize: 64
            vpiDecompile: "0"
            vpiValue: 0
        Net name:l2 start:13:14 end:13:16:
          vpiParent: Module name:work@t
          vpiTypespec RefTypespec start:13:4 end:13:11:
            vpiParent: Net name:l2
            vpiFullName: work@t.l2
            vpiActual: IntegerTypespec
          vpiName: l2
          vpiFullName: work@t.l2
      vpiPort (1 items):
        Port name:clk start:8:4 end:8:7:
          vpiParent: Module name:work@t
          vpiName: clk
          vpiDirection: input (1)
          vpiLowConn RefObj name:clk start:8:4 end:8:7:
            vpiParent: Port name:clk
            vpiName: clk
            vpiFullName: work@t.clk.clk
            vpiActual: Net name:clk
          vpiTypespec RefTypespec start:10:10 end:10:10:
            vpiParent: Port name:clk
            vpiFullName: work@t.clk
            vpiActual: LogicTypespec
      vpiProcess (1 items):
        Always start:17:4 end:25:7:
          vpiParent: Module name:work@t
          vpiStmt EventControl start:17:11 end:25:7:
            vpiParent: Always
            vpiCondition Operation:
              vpiParent: EventControl
              vpiOpType: posedge (39)
              vpiOperand (1 items):
                RefObj name:clk start:17:21 end:17:24:
                  vpiParent: Operation
                  vpiName: clk
                  vpiFullName: work@t.clk
                  vpiActual: Net name:clk
            vpiStmt Begin start:17:26 end:25:7:
              vpiParent: EventControl
              vpiFullName: work@t
              vpiStmt (5 items):
                Assignment start:18:7 end:18:29:
                  vpiParent: Begin
                  vpiLhs RefObj name:counter start:18:7 end:18:14:
                    vpiParent: Assignment
                    vpiName: counter
                    vpiFullName: work@t.counter
                    vpiActual: Net name:counter
                  vpiRhs Operation start:18:18 end:18:29:
                    vpiParent: Assignment
                    vpiOpType: add (24)
                    vpiOperand (2 items):
                      RefObj name:counter start:18:18 end:18:25:
                        vpiParent: Operation
                        vpiName: counter
                        vpiFullName: work@t.counter
                        vpiActual: Net name:counter
                      Constant start:18:28 end:18:29:
                        vpiParent: Operation
                        vpiTypespec RefTypespec:
                          vpiParent: Constant
                          vpiFullName: work@t
                          vpiActual: IntTypespec
                        vpiConstType: unsigned int (9)
                        vpiSize: 64
                        vpiDecompile: "1"
                        vpiValue: 1
                Assignment start:19:7 end:19:26:
                  vpiParent: Begin
                  vpiLhs RefObj name:l2 start:19:7 end:19:9:
                    vpiParent: Assignment
                    vpiName: l2
                    vpiFullName: work@t.l2
                    vpiActual: Net name:l2
                  vpiRhs FuncCall name:log2 start:19:13 end:19:26:
                    vpiParent: Assignment
                    vpiName Identifier name:log2 start:19:13 end:19:17:
                      vpiParent: FuncCall name:log2
                      vpiName: log2
                    vpiArgument (1 items):
                      RefObj name:counter start:19:18 end:19:25:
                        vpiParent: FuncCall name:log2
                        vpiName: counter
                        vpiFullName: work@t.counter
                        vpiActual: Net name:counter
                SysFuncCall name:$display start:21:7 end:21:57:
                  vpiParent: Begin
                  vpiName Identifier name:$display start:21:7 end:21:15:
                    vpiParent: SysFuncCall name:$display
                    vpiName: "$display"
                  vpiArgument (3 items):
                    Constant start:21:16 end:21:32:
                      vpiParent: SysFuncCall name:$display
                      vpiTypespec RefTypespec:
                        vpiParent: Constant
                        vpiFullName: work@t
                        vpiActual: StringTypespec
                      vpiConstType: string (6)
                      vpiSize: 112
                      vpiDecompile: "\"log2(%d) == %d\""
                      vpiValue: log2(%d) == %d
                    RefObj name:counter start:21:34 end:21:41:
                      vpiParent: SysFuncCall name:$display
                      vpiName: counter
                      vpiFullName: work@t.counter
                      vpiActual: Net name:counter
                    FuncCall name:log2 start:21:43 end:21:56:
                      vpiParent: SysFuncCall name:$display
                      vpiName Identifier name:log2 start:21:43 end:21:47:
                        vpiParent: FuncCall name:log2
                        vpiName: log2
                      vpiArgument (1 items):
                        RefObj name:counter start:21:48 end:21:55:
                          vpiParent: FuncCall name:log2
                          vpiName: counter
                          vpiFullName: work@t.counter
                          vpiActual: Net name:counter
                SysFuncCall name:$write start:23:7 end:23:39:
                  vpiParent: Begin
                  vpiName Identifier name:$write start:23:7 end:23:13:
                    vpiParent: SysFuncCall name:$write
                    vpiName: "$write"
                  vpiArgument (1 items):
                    Constant start:23:14 end:23:38:
                      vpiParent: SysFuncCall name:$write
                      vpiTypespec RefTypespec:
                        vpiParent: Constant
                        vpiFullName: work@t
                        vpiActual: StringTypespec
                      vpiConstType: string (6)
                      vpiSize: 176
                      vpiDecompile: "\"*-* All Finished *-*\\n\""
                      vpiValue: "*-* All Finished *-*\\n"
                SysFuncCall name:$finish start:24:7 end:24:14:
                  vpiParent: Begin
                  vpiName Identifier name:$finish start:24:7 end:24:14:
                    vpiParent: SysFuncCall name:$finish
                    vpiName: "$finish"
          vpiAlwaysType: always (1)
  vpiTypespec (3 items):
    ModuleTypespec name:work@t:
      vpiParent: Design name:unnamed
      vpiName Identifier name:work@t start:6:8 end:6:9:
        vpiParent: ModuleTypespec name:work@t
        vpiName: work@t
      vpiModule: Module name:work@t
    IntTypespec:
      vpiParent: Design name:unnamed
      vpiSigned: true
    StringTypespec:
      vpiParent: Design name:unnamed
===================

[  FATAL] : 0
[ SYNTAX] : 0
[  ERROR] : 0
[WARNING] : 0
[   NOTE] : 0

#**#**#**#**#**#**#**#**#**#**#**#**#**#**#**#**#**#**#**#**#**#**#**#**#**#**#**#**#**#**#**#**#**#**#**#**#**#**#**#**

Environment:
      test-name: Verilator/t_func_under
   test-dirpath: ${SURELOG_DIR}/regression/Verilator/t_func_under
  uhdm-filepath: ${SURELOG_DIR}/regression/Verilator/t_func_under/surelog.uhdm
mounts-filepath: ${SURELOG_DIR}/regression/Verilator/t_func_under/mounts.json


{'result': {'coverage': 100.0,
            'error_count': 0,
            'file_count': 1,
            'files': {'$Output/lib/work/t_func_under.v': {'post_len': 0,
                                                          'pre_len': 334}},
            'post_len': 0,
            'pre_len': 334,
            'test_name': 'Verilator/t_func_under'}}

+---------------------------------+----------+-----------+
| INPUT                           |   PRELEN |   POSTLEN |
+=================================+==========+===========+
| $Output/lib/work/t_func_under.v |      334 |         0 |
+=================================+==========+===========+
|                                 |      334 |         0 |
+---------------------------------+----------+-----------+

[   ERROR] : 0
[COVERAGE] : 100.0


#**#**#**#**#**#**#**#**#**#**#**#**#**#**#**#**#**#**#**#**#**#**#**#**#**#**#**#**#**#**#**#**#**#**#**#**#**#**#**#**

COMMAND: ${SURELOG_DIR}/regression/Verilator/t_func_under/surelog.uhdm ${SURELOG_DIR}/regression/Verilator/t_func_under/reduced.uhdm

==================== BEGIN REDUCTION RESULT ====================
Name                            Before   After   Added   Removed
----------------------------------------------------------------
Constant                            15      15       1         1
Operation                            8       7       0         1
RefObj                              12      11       0         1
RefTypespec                         22      22       1         1
----------------------------------------------------------------
Others                              39      39       0         0
----------------------------------------------------------------
                                    96      94       2         4
===================== END REDUCTION RESULT =====================
