[INF:CM0023] Creating log file "${SURELOG_DIR}/regression/OneFF/OneFF/surelog.log".
[INF:CM0020] Separate compilation-unit mode is on.
[INF:CP0303] ${SURELOG_DIR}/tests/OneFF/dut.v:2:1: Compile module "work@dut".
[INF:CP0303] ${SURELOG_DIR}/tests/OneFF/tb.v:2:1: Compile module "work@tb".
[WRN:PA0205] ${SURELOG_DIR}/tests/OneFF/dut.v:2:1: No timescale set for "work@dut".
[WRN:PA0205] ${SURELOG_DIR}/tests/OneFF/tb.v:2:1: No timescale set for "work@tb".
====== UHDM =======
Design name:unnamed:
  vpiName: unnamed
  vpiSourceFiles (2 items):
    SourceFile name:dut.v file:${SURELOG_DIR}/tests/OneFF/dut.v:
      vpiParent: Design name:unnamed
      vpiName: dut.v
      vpiPreprocFile: "${SURELOG_DIR}/regression/OneFF/OneFF/lib/work/dut.v"
      vpiDefNetType: none (12)
    SourceFile name:tb.v file:${SURELOG_DIR}/tests/OneFF/tb.v:
      vpiParent: Design name:unnamed
      vpiName: tb.v
      vpiPreprocFile: "${SURELOG_DIR}/regression/OneFF/OneFF/lib/work/tb.v"
      vpiDefNetType: none (12)
  vpiAllModules (2 items):
    Module name:work@dut file:${SURELOG_DIR}/tests/OneFF/dut.v start:2:1 end:14:10:
      vpiParent: Design name:unnamed
      vpiName Identifier name:work@dut start:2:8 end:2:11:
        vpiParent: Module name:work@dut
        vpiName: work@dut
      vpiFullName: work@dut
      vpiVariable (1 items):
        Variable name:q start:5:26 end:5:27:
          vpiParent: Module name:work@dut
          vpiTypespec RefTypespec start:5:15 end:5:25:
            vpiParent: Variable name:q
            vpiFullName: work@dut.q
            vpiActual: LogicTypespec
          vpiName: q
          vpiFullName: work@dut.q
          vpiNetType: none (12)
      vpiTypespec (1 items):
        LogicTypespec:
          vpiParent: Module name:work@dut
      vpiDefName: work@dut
      vpiDefNetType: none (12)
      vpiNet (3 items):
        Net name:d start:2:20 end:2:21:
          vpiParent: Module name:work@dut
          vpiTypespec RefTypespec start:2:14 end:2:19:
            vpiParent: Net name:d
            vpiFullName: work@dut.d
            vpiActual: LogicTypespec
          vpiName: d
          vpiFullName: work@dut.d
          vpiNetType: wire (1)
        Net name:rstn start:3:21 end:3:25:
          vpiParent: Module name:work@dut
          vpiTypespec RefTypespec start:3:15 end:3:20:
            vpiParent: Net name:rstn
            vpiFullName: work@dut.rstn
            vpiActual: LogicTypespec
          vpiName: rstn
          vpiFullName: work@dut.rstn
          vpiNetType: wire (1)
        Net name:clk start:4:21 end:4:24:
          vpiParent: Module name:work@dut
          vpiTypespec RefTypespec start:4:15 end:4:20:
            vpiParent: Net name:clk
            vpiFullName: work@dut.clk
            vpiActual: LogicTypespec
          vpiName: clk
          vpiFullName: work@dut.clk
          vpiNetType: wire (1)
      vpiPort (4 items):
        Port name:d start:2:20 end:2:21:
          vpiParent: Module name:work@dut
          vpiName: d
          vpiDirection: input (1)
          vpiLowConn RefObj start:2:20 end:2:21:
            vpiParent: Port name:d
            vpiFullName: work@dut.d
            vpiActual: Net name:d
          vpiTypespec RefTypespec start:2:14 end:2:19:
            vpiParent: Port name:d
            vpiFullName: work@dut.d
            vpiActual: LogicTypespec
        Port name:rstn start:3:21 end:3:25:
          vpiParent: Module name:work@dut
          vpiName: rstn
          vpiDirection: input (1)
          vpiLowConn RefObj start:3:21 end:3:25:
            vpiParent: Port name:rstn
            vpiFullName: work@dut.rstn
            vpiActual: Net name:rstn
          vpiTypespec RefTypespec start:3:15 end:3:20:
            vpiParent: Port name:rstn
            vpiFullName: work@dut.rstn
            vpiActual: LogicTypespec
        Port name:clk start:4:21 end:4:24:
          vpiParent: Module name:work@dut
          vpiName: clk
          vpiDirection: input (1)
          vpiLowConn RefObj start:4:21 end:4:24:
            vpiParent: Port name:clk
            vpiFullName: work@dut.clk
            vpiActual: Net name:clk
          vpiTypespec RefTypespec start:4:15 end:4:20:
            vpiParent: Port name:clk
            vpiFullName: work@dut.clk
            vpiActual: LogicTypespec
        Port name:q start:5:26 end:5:27:
          vpiParent: Module name:work@dut
          vpiName: q
          vpiDirection: output (2)
          vpiLowConn RefObj start:5:26 end:5:27:
            vpiParent: Port name:q
            vpiFullName: work@dut.q
            vpiActual: Variable name:q
          vpiTypespec RefTypespec start:5:15 end:5:25:
            vpiParent: Port name:q
            vpiFullName: work@dut.q
            vpiActual: LogicTypespec
      vpiProcess (1 items):
        Always start:7:3 end:13:10:
          vpiParent: Module name:work@dut
          vpiStmt EventControl start:7:10 end:13:10:
            vpiParent: Always
            vpiCondition Operation start:7:13 end:7:40:
              vpiParent: EventControl
              vpiOpType: event or (35)
              vpiOperand (2 items):
                Operation:
                  vpiParent: Operation
                  vpiOpType: posedge (39)
                  vpiOperand (1 items):
                    RefObj name:clk start:7:21 end:7:24:
                      vpiParent: Operation
                      vpiName: clk
                      vpiFullName: work@dut.clk
                      vpiActual: Net name:clk
                Operation:
                  vpiParent: Operation
                  vpiOpType: negedge (40)
                  vpiOperand (1 items):
                    RefObj name:rstn start:7:36 end:7:40:
                      vpiParent: Operation
                      vpiName: rstn
                      vpiFullName: work@dut.rstn
                      vpiActual: Net name:rstn
            vpiStmt Begin start:8:7 end:13:10:
              vpiParent: EventControl
              vpiFullName: work@dut
              vpiStmt (1 items):
                IfElse start:9:8 end:12:18:
                  vpiParent: Begin
                  vpiCondition Operation start:9:12 end:9:17:
                    vpiParent: IfElse
                    vpiOpType: not (3)
                    vpiOperand (1 items):
                      RefObj name:rstn start:9:13 end:9:17:
                        vpiParent: Operation
                        vpiName: rstn
                        vpiFullName: work@dut.rstn
                        vpiActual: Net name:rstn
                  vpiStmt Assignment start:10:11 end:10:17:
                    vpiParent: IfElse
                    vpiLhs RefObj name:q start:10:11 end:10:12:
                      vpiParent: Assignment
                      vpiName: q
                      vpiFullName: work@dut.q
                      vpiActual: Variable name:q
                    vpiRhs Constant start:10:16 end:10:17:
                      vpiParent: Assignment
                      vpiTypespec RefTypespec:
                        vpiParent: Constant
                        vpiFullName: work@dut
                        vpiActual: IntTypespec
                      vpiConstType: unsigned int (9)
                      vpiSize: 64
                      vpiDecompile: "0"
                      vpiValue: 0
                  vpiElseStmt Assignment start:12:11 end:12:17:
                    vpiParent: IfElse
                    vpiLhs RefObj name:q start:12:11 end:12:12:
                      vpiParent: Assignment
                      vpiName: q
                      vpiFullName: work@dut.q
                      vpiActual: Variable name:q
                    vpiRhs RefObj name:d start:12:16 end:12:17:
                      vpiParent: Assignment
                      vpiName: d
                      vpiFullName: work@dut.d
                      vpiActual: Net name:d
          vpiAlwaysType: always (1)
    Module name:work@tb file:${SURELOG_DIR}/tests/OneFF/tb.v start:2:1 end:33:10:
      vpiParent: Design name:unnamed
      vpiName Identifier name:work@tb start:2:8 end:2:10:
        vpiParent: Module name:work@tb
        vpiName: work@tb
      vpiFullName: work@tb
      vpiVariable (2 items):
        Variable name:rstn start:4:9 end:4:13:
          vpiParent: Module name:work@tb
          vpiTypespec RefTypespec name:logic start:4:3 end:4:8:
            vpiParent: Variable name:rstn
            vpiName: logic
            vpiFullName: work@tb.rstn.logic
          vpiName: rstn
          vpiFullName: work@tb.rstn
          vpiNetType: none (12)
        Variable name:d start:5:9 end:5:10:
          vpiParent: Module name:work@tb
          vpiTypespec RefTypespec name:logic start:5:3 end:5:8:
            vpiParent: Variable name:d
            vpiName: logic
            vpiFullName: work@tb.d.logic
          vpiName: d
          vpiFullName: work@tb.d
          vpiNetType: none (12)
      vpiTypespec (1 items):
        LogicTypespec:
          vpiParent: Module name:work@tb
      vpiDefName: work@tb
      vpiDefNetType: none (12)
      vpiNet (2 items):
        Net name:clk start:3:7 end:3:10:
          vpiParent: Module name:work@tb
          vpiTypespec RefTypespec start:3:3 end:3:6:
            vpiParent: Net name:clk
            vpiFullName: work@tb.clk
            vpiActual: LogicTypespec
          vpiName: clk
          vpiFullName: work@tb.clk
        Net name:o start:6:7 end:6:8:
          vpiParent: Module name:work@tb
          vpiTypespec RefTypespec start:6:3 end:6:6:
            vpiParent: Net name:o
            vpiFullName: work@tb.o
            vpiActual: LogicTypespec
          vpiName: o
          vpiFullName: work@tb.o
      vpiProcess (3 items):
        Initial start:8:3 end:13:6:
          vpiParent: Module name:work@tb
          vpiStmt Begin start:8:11 end:13:6:
            vpiParent: Initial
            vpiFullName: work@tb
            vpiStmt (4 items):
              SysFuncCall name:$dumpfile start:9:5 end:9:26:
                vpiParent: Begin
                vpiName Identifier name:$dumpfile start:9:5 end:9:14:
                  vpiParent: SysFuncCall name:$dumpfile
                  vpiName: "$dumpfile"
                vpiArgument (1 items):
                  Constant start:9:15 end:9:25:
                    vpiParent: SysFuncCall name:$dumpfile
                    vpiTypespec RefTypespec:
                      vpiParent: Constant
                      vpiFullName: work@tb
                      vpiActual: StringTypespec
                    vpiConstType: string (6)
                    vpiSize: 64
                    vpiDecompile: "\"test.vcd\""
                    vpiValue: test.vcd
              SysFuncCall name:$dumpvars start:10:5 end:10:14:
                vpiParent: Begin
                vpiName Identifier name:$dumpvars start:10:5 end:10:14:
                  vpiParent: SysFuncCall name:$dumpvars
                  vpiName: "$dumpvars"
              SysFuncCall name:$monitor start:11:5 end:11:51:
                vpiParent: Begin
                vpiName Identifier name:$monitor start:11:5 end:11:13:
                  vpiParent: SysFuncCall name:$monitor
                  vpiName: "$monitor"
                vpiArgument (4 items):
                  Constant start:11:14 end:11:37:
                    vpiParent: SysFuncCall name:$monitor
                    vpiTypespec RefTypespec:
                      vpiParent: Constant
                      vpiFullName: work@tb
                      vpiActual: StringTypespec
                    vpiConstType: string (6)
                    vpiSize: 168
                    vpiDecompile: "\"@%0dns clk = %0d, %0d\""
                    vpiValue: @%0dns clk = %0d, %0d
                  SysTaskCall name:$time start:11:38 end:11:43:
                    vpiParent: SysFuncCall name:$monitor
                    vpiName Identifier name:$time start:11:38 end:11:43:
                      vpiParent: SysTaskCall name:$time
                      vpiName: "$time"
                  RefObj name:clk start:11:44 end:11:47:
                    vpiParent: SysFuncCall name:$monitor
                    vpiName: clk
                    vpiFullName: work@tb.clk
                    vpiActual: Net name:clk
                  RefObj name:o start:11:49 end:11:50:
                    vpiParent: SysFuncCall name:$monitor
                    vpiName: o
                    vpiFullName: work@tb.o
                    vpiActual: Net name:o
              DelayControl start:12:5 end:12:20:
                vpiParent: Begin
                vpiStmt SysFuncCall name:$finish start:12:10 end:12:19:
                  vpiParent: DelayControl
                  vpiName Identifier name:$finish start:12:10 end:12:17:
                    vpiParent: SysFuncCall name:$finish
                    vpiName: "$finish"
                vpiDelay Constant start:12:6 end:12:9:
                  vpiParent: DelayControl
                  vpiTypespec RefTypespec:
                    vpiParent: Constant
                    vpiFullName: work@tb
                    vpiActual: IntTypespec
                  vpiConstType: int (7)
                  vpiSize: 32
                  vpiDecompile: "100"
                  vpiValue: 100
        Initial start:15:3 end:26:6:
          vpiParent: Module name:work@tb
          vpiStmt Begin start:16:5 end:26:6:
            vpiParent: Initial
            vpiFullName: work@tb
            vpiStmt (9 items):
              Assignment start:17:5 end:17:13:
                vpiParent: Begin
                vpiBlocking: true
                vpiLhs RefObj name:rstn start:17:5 end:17:9:
                  vpiParent: Assignment
                  vpiName: rstn
                  vpiFullName: work@tb.rstn
                  vpiActual: Variable name:rstn
                vpiRhs Constant start:17:12 end:17:13:
                  vpiParent: Assignment
                  vpiTypespec RefTypespec:
                    vpiParent: Constant
                    vpiFullName: work@tb
                    vpiActual: IntTypespec
                  vpiConstType: unsigned int (9)
                  vpiSize: 64
                  vpiDecompile: "0"
                  vpiValue: 0
              Assignment start:18:5 end:18:12:
                vpiParent: Begin
                vpiBlocking: true
                vpiLhs RefObj name:clk start:18:5 end:18:8:
                  vpiParent: Assignment
                  vpiName: clk
                  vpiFullName: work@tb.clk
                  vpiActual: Net name:clk
                vpiRhs Constant start:18:11 end:18:12:
                  vpiParent: Assignment
                  vpiTypespec RefTypespec:
                    vpiParent: Constant
                    vpiFullName: work@tb
                    vpiActual: IntTypespec
                  vpiConstType: unsigned int (9)
                  vpiSize: 64
                  vpiDecompile: "0"
                  vpiValue: 0
              Assignment start:19:5 end:19:10:
                vpiParent: Begin
                vpiBlocking: true
                vpiLhs RefObj name:d start:19:5 end:19:6:
                  vpiParent: Assignment
                  vpiName: d
                  vpiFullName: work@tb.d
                  vpiActual: Variable name:d
                vpiRhs Constant start:19:9 end:19:10:
                  vpiParent: Assignment
                  vpiTypespec RefTypespec:
                    vpiParent: Constant
                    vpiFullName: work@tb
                    vpiActual: IntTypespec
                  vpiConstType: unsigned int (9)
                  vpiSize: 64
                  vpiDecompile: "0"
                  vpiValue: 0
              DelayControl start:20:5 end:20:17:
                vpiParent: Begin
                vpiStmt Assignment start:20:8 end:20:16:
                  vpiParent: DelayControl
                  vpiBlocking: true
                  vpiLhs RefObj name:rstn start:20:8 end:20:12:
                    vpiParent: Assignment
                    vpiName: rstn
                    vpiFullName: work@tb.rstn
                    vpiActual: Variable name:rstn
                  vpiRhs Constant start:20:15 end:20:16:
                    vpiParent: Assignment
                    vpiTypespec RefTypespec:
                      vpiParent: Constant
                      vpiFullName: work@tb
                      vpiActual: IntTypespec
                    vpiConstType: unsigned int (9)
                    vpiSize: 64
                    vpiDecompile: "1"
                    vpiValue: 1
                vpiDelay Constant start:20:6 end:20:7:
                  vpiParent: DelayControl
                  vpiTypespec RefTypespec:
                    vpiParent: Constant
                    vpiFullName: work@tb
                    vpiActual: IntTypespec
                  vpiConstType: int (7)
                  vpiSize: 32
                  vpiDecompile: "2"
                  vpiValue: 2
              ImmediateAssert start:21:5 end:21:72:
                vpiParent: Begin
                vpiExpr Operation start:21:12 end:21:18:
                  vpiParent: ImmediateAssert
                  vpiOpType: equal (14)
                  vpiOperand (2 items):
                    RefObj name:o start:21:12 end:21:13:
                      vpiParent: Operation
                      vpiName: o
                      vpiFullName: work@tb.o
                      vpiActual: Net name:o
                    Constant start:21:17 end:21:18:
                      vpiParent: Operation
                      vpiTypespec RefTypespec:
                        vpiParent: Constant
                        vpiFullName: work@tb
                        vpiActual: IntTypespec
                      vpiConstType: unsigned int (9)
                      vpiSize: 64
                      vpiDecompile: "0"
                      vpiValue: 0
                vpiStmt SysFuncCall name:$display start:21:20 end:21:35:
                  vpiParent: ImmediateAssert
                  vpiName Identifier name:$display start:21:20 end:21:28:
                    vpiParent: SysFuncCall name:$display
                    vpiName: "$display"
                  vpiArgument (1 items):
                    Constant start:21:29 end:21:34:
                      vpiParent: SysFuncCall name:$display
                      vpiTypespec RefTypespec:
                        vpiParent: Constant
                        vpiFullName: work@tb
                        vpiActual: StringTypespec
                      vpiConstType: string (6)
                      vpiSize: 24
                      vpiDecompile: "\"OK!\""
                      vpiValue: OK!
                vpiElseStmt SysFuncCall name:$fatal start:21:42 end:21:71:
                  vpiParent: ImmediateAssert
                  vpiName Identifier name:$fatal start:21:42 end:21:48:
                    vpiParent: SysFuncCall name:$fatal
                    vpiName: "$fatal"
                  vpiArgument (2 items):
                    Constant start:21:49 end:21:50:
                      vpiParent: SysFuncCall name:$fatal
                      vpiTypespec RefTypespec:
                        vpiParent: Constant
                        vpiFullName: work@tb
                        vpiActual: IntTypespec
                      vpiConstType: unsigned int (9)
                      vpiSize: 64
                      vpiDecompile: "1"
                      vpiValue: 1
                    Constant start:21:52 end:21:70:
                      vpiParent: SysFuncCall name:$fatal
                      vpiTypespec RefTypespec:
                        vpiParent: Constant
                        vpiFullName: work@tb
                        vpiActual: StringTypespec
                      vpiConstType: string (6)
                      vpiSize: 128
                      vpiDecompile: "\"FAILED ASSERTION\""
                      vpiValue: FAILED ASSERTION
              DelayControl start:22:5 end:22:15:
                vpiParent: Begin
                vpiStmt Assignment start:22:9 end:22:14:
                  vpiParent: DelayControl
                  vpiBlocking: true
                  vpiLhs RefObj name:d start:22:9 end:22:10:
                    vpiParent: Assignment
                    vpiName: d
                    vpiFullName: work@tb.d
                    vpiActual: Variable name:d
                  vpiRhs Constant start:22:13 end:22:14:
                    vpiParent: Assignment
                    vpiTypespec RefTypespec:
                      vpiParent: Constant
                      vpiFullName: work@tb
                      vpiActual: IntTypespec
                    vpiConstType: unsigned int (9)
                    vpiSize: 64
                    vpiDecompile: "1"
                    vpiValue: 1
                vpiDelay Constant start:22:6 end:22:8:
                  vpiParent: DelayControl
                  vpiTypespec RefTypespec:
                    vpiParent: Constant
                    vpiFullName: work@tb
                    vpiActual: IntTypespec
                  vpiConstType: int (7)
                  vpiSize: 32
                  vpiDecompile: "10"
                  vpiValue: 10
              DelayControl start:23:5 end:23:75:
                vpiParent: Begin
                vpiStmt ImmediateAssert start:23:8 end:23:75:
                  vpiParent: DelayControl
                  vpiExpr Operation start:23:15 end:23:21:
                    vpiParent: ImmediateAssert
                    vpiOpType: equal (14)
                    vpiOperand (2 items):
                      RefObj name:o start:23:15 end:23:16:
                        vpiParent: Operation
                        vpiName: o
                        vpiFullName: work@tb.o
                        vpiActual: Net name:o
                      Constant start:23:20 end:23:21:
                        vpiParent: Operation
                        vpiTypespec RefTypespec:
                          vpiParent: Constant
                          vpiFullName: work@tb
                          vpiActual: IntTypespec
                        vpiConstType: unsigned int (9)
                        vpiSize: 64
                        vpiDecompile: "1"
                        vpiValue: 1
                  vpiStmt SysFuncCall name:$display start:23:23 end:23:38:
                    vpiParent: ImmediateAssert
                    vpiName Identifier name:$display start:23:23 end:23:31:
                      vpiParent: SysFuncCall name:$display
                      vpiName: "$display"
                    vpiArgument (1 items):
                      Constant start:23:32 end:23:37:
                        vpiParent: SysFuncCall name:$display
                        vpiTypespec RefTypespec:
                          vpiParent: Constant
                          vpiFullName: work@tb
                          vpiActual: StringTypespec
                        vpiConstType: string (6)
                        vpiSize: 24
                        vpiDecompile: "\"OK!\""
                        vpiValue: OK!
                  vpiElseStmt SysFuncCall name:$fatal start:23:45 end:23:74:
                    vpiParent: ImmediateAssert
                    vpiName Identifier name:$fatal start:23:45 end:23:51:
                      vpiParent: SysFuncCall name:$fatal
                      vpiName: "$fatal"
                    vpiArgument (2 items):
                      Constant start:23:52 end:23:53:
                        vpiParent: SysFuncCall name:$fatal
                        vpiTypespec RefTypespec:
                          vpiParent: Constant
                          vpiFullName: work@tb
                          vpiActual: IntTypespec
                        vpiConstType: unsigned int (9)
                        vpiSize: 64
                        vpiDecompile: "1"
                        vpiValue: 1
                      Constant start:23:55 end:23:73:
                        vpiParent: SysFuncCall name:$fatal
                        vpiTypespec RefTypespec:
                          vpiParent: Constant
                          vpiFullName: work@tb
                          vpiActual: StringTypespec
                        vpiConstType: string (6)
                        vpiSize: 128
                        vpiDecompile: "\"FAILED ASSERTION\""
                        vpiValue: FAILED ASSERTION
                vpiDelay Constant start:23:6 end:23:7:
                  vpiParent: DelayControl
                  vpiTypespec RefTypespec:
                    vpiParent: Constant
                    vpiFullName: work@tb
                    vpiActual: IntTypespec
                  vpiConstType: int (7)
                  vpiSize: 32
                  vpiDecompile: "5"
                  vpiValue: 5
              DelayControl start:24:5 end:24:15:
                vpiParent: Begin
                vpiStmt Assignment start:24:9 end:24:14:
                  vpiParent: DelayControl
                  vpiBlocking: true
                  vpiLhs RefObj name:d start:24:9 end:24:10:
                    vpiParent: Assignment
                    vpiName: d
                    vpiFullName: work@tb.d
                    vpiActual: Variable name:d
                  vpiRhs Constant start:24:13 end:24:14:
                    vpiParent: Assignment
                    vpiTypespec RefTypespec:
                      vpiParent: Constant
                      vpiFullName: work@tb
                      vpiActual: IntTypespec
                    vpiConstType: unsigned int (9)
                    vpiSize: 64
                    vpiDecompile: "0"
                    vpiValue: 0
                vpiDelay Constant start:24:6 end:24:8:
                  vpiParent: DelayControl
                  vpiTypespec RefTypespec:
                    vpiParent: Constant
                    vpiFullName: work@tb
                    vpiActual: IntTypespec
                  vpiConstType: int (7)
                  vpiSize: 32
                  vpiDecompile: "20"
                  vpiValue: 20
              DelayControl start:25:5 end:25:76:
                vpiParent: Begin
                vpiStmt ImmediateAssert start:25:9 end:25:76:
                  vpiParent: DelayControl
                  vpiExpr Operation start:25:16 end:25:22:
                    vpiParent: ImmediateAssert
                    vpiOpType: equal (14)
                    vpiOperand (2 items):
                      RefObj name:o start:25:16 end:25:17:
                        vpiParent: Operation
                        vpiName: o
                        vpiFullName: work@tb.o
                        vpiActual: Net name:o
                      Constant start:25:21 end:25:22:
                        vpiParent: Operation
                        vpiTypespec RefTypespec:
                          vpiParent: Constant
                          vpiFullName: work@tb
                          vpiActual: IntTypespec
                        vpiConstType: unsigned int (9)
                        vpiSize: 64
                        vpiDecompile: "0"
                        vpiValue: 0
                  vpiStmt SysFuncCall name:$display start:25:24 end:25:39:
                    vpiParent: ImmediateAssert
                    vpiName Identifier name:$display start:25:24 end:25:32:
                      vpiParent: SysFuncCall name:$display
                      vpiName: "$display"
                    vpiArgument (1 items):
                      Constant start:25:33 end:25:38:
                        vpiParent: SysFuncCall name:$display
                        vpiTypespec RefTypespec:
                          vpiParent: Constant
                          vpiFullName: work@tb
                          vpiActual: StringTypespec
                        vpiConstType: string (6)
                        vpiSize: 24
                        vpiDecompile: "\"OK!\""
                        vpiValue: OK!
                  vpiElseStmt SysFuncCall name:$fatal start:25:46 end:25:75:
                    vpiParent: ImmediateAssert
                    vpiName Identifier name:$fatal start:25:46 end:25:52:
                      vpiParent: SysFuncCall name:$fatal
                      vpiName: "$fatal"
                    vpiArgument (2 items):
                      Constant start:25:53 end:25:54:
                        vpiParent: SysFuncCall name:$fatal
                        vpiTypespec RefTypespec:
                          vpiParent: Constant
                          vpiFullName: work@tb
                          vpiActual: IntTypespec
                        vpiConstType: unsigned int (9)
                        vpiSize: 64
                        vpiDecompile: "1"
                        vpiValue: 1
                      Constant start:25:56 end:25:74:
                        vpiParent: SysFuncCall name:$fatal
                        vpiTypespec RefTypespec:
                          vpiParent: Constant
                          vpiFullName: work@tb
                          vpiActual: StringTypespec
                        vpiConstType: string (6)
                        vpiSize: 128
                        vpiDecompile: "\"FAILED ASSERTION\""
                        vpiValue: FAILED ASSERTION
                vpiDelay Constant start:25:6 end:25:8:
                  vpiParent: DelayControl
                  vpiTypespec RefTypespec:
                    vpiParent: Constant
                    vpiFullName: work@tb
                    vpiActual: IntTypespec
                  vpiConstType: int (7)
                  vpiSize: 32
                  vpiDecompile: "10"
                  vpiValue: 10
        Always start:28:3 end:29:19:
          vpiParent: Module name:work@tb
          vpiStmt DelayControl start:29:5 end:29:19:
            vpiParent: Always
            vpiStmt Assignment start:29:8 end:29:18:
              vpiParent: DelayControl
              vpiBlocking: true
              vpiLhs RefObj name:clk start:29:8 end:29:11:
                vpiParent: Assignment
                vpiName: clk
                vpiFullName: work@tb.clk
                vpiActual: Net name:clk
              vpiRhs Operation start:29:14 end:29:18:
                vpiParent: Assignment
                vpiOpType: not (3)
                vpiOperand (1 items):
                  RefObj name:clk start:29:15 end:29:18:
                    vpiParent: Operation
                    vpiName: clk
                    vpiFullName: work@tb.clk
                    vpiActual: Net name:clk
            vpiDelay Constant start:29:6 end:29:7:
              vpiParent: DelayControl
              vpiTypespec RefTypespec:
                vpiParent: Constant
                vpiFullName: work@tb
                vpiActual: IntTypespec
              vpiConstType: int (7)
              vpiSize: 32
              vpiDecompile: "5"
              vpiValue: 5
          vpiAlwaysType: always (1)
      vpiRefInstance (1 items):
        RefInstance name:dut1 start:31:7 end:31:11:
          vpiParent: Module name:work@tb
          vpiName: dut1
          vpiTypespec RefTypespec name:work@dut start:31:3 end:31:6:
            vpiParent: RefInstance name:dut1
            vpiName: work@dut
            vpiFullName: work@tb.dut1.work@dut
            vpiActual: ModuleTypespec name:work@dut
          vpiPort (4 items):
            Port start:31:12 end:31:13:
              vpiParent: RefInstance name:dut1
              vpiLowConn RefObj:
                vpiParent: Port
                vpiFullName: work@tb.dut1
              vpiHighConn RefObj name:d start:31:12 end:31:13:
                vpiParent: Port
                vpiName: d
                vpiFullName: work@tb.dut1.d
                vpiActual: Variable name:d
            Port start:31:15 end:31:19:
              vpiParent: RefInstance name:dut1
              vpiLowConn RefObj:
                vpiParent: Port
                vpiFullName: work@tb.dut1
              vpiHighConn RefObj name:rstn start:31:15 end:31:19:
                vpiParent: Port
                vpiName: rstn
                vpiFullName: work@tb.dut1.rstn
                vpiActual: Variable name:rstn
            Port start:31:21 end:31:24:
              vpiParent: RefInstance name:dut1
              vpiLowConn RefObj:
                vpiParent: Port
                vpiFullName: work@tb.dut1
              vpiHighConn RefObj name:clk start:31:21 end:31:24:
                vpiParent: Port
                vpiName: clk
                vpiFullName: work@tb.dut1.clk
                vpiActual: Net name:clk
            Port start:31:26 end:31:27:
              vpiParent: RefInstance name:dut1
              vpiLowConn RefObj:
                vpiParent: Port
                vpiFullName: work@tb.dut1
              vpiHighConn RefObj name:o start:31:26 end:31:27:
                vpiParent: Port
                vpiName: o
                vpiFullName: work@tb.dut1.o
                vpiActual: Net name:o
  vpiTypespec (4 items):
    ModuleTypespec name:work@dut:
      vpiParent: Design name:unnamed
      vpiName Identifier name:work@dut start:2:8 end:2:11:
        vpiParent: ModuleTypespec name:work@dut
        vpiName: work@dut
      vpiModule: Module name:work@dut
    IntTypespec:
      vpiParent: Design name:unnamed
      vpiSigned: true
    ModuleTypespec name:work@tb:
      vpiParent: Design name:unnamed
      vpiName Identifier name:work@tb start:2:8 end:2:10:
        vpiParent: ModuleTypespec name:work@tb
        vpiName: work@tb
      vpiModule: Module name:work@tb
    StringTypespec:
      vpiParent: Design name:unnamed
===================

[  FATAL] : 0
[ SYNTAX] : 0
[  ERROR] : 0
[WARNING] : 2
[   NOTE] : 0

#**#**#**#**#**#**#**#**#**#**#**#**#**#**#**#**#**#**#**#**#**#**#**#**#**#**#**#**#**#**#**#**#**#**#**#**#**#**#**#**

Environment:
    test-name: OneFF/OneFF
 test-dirpath: ${SURELOG_DIR}/regression/OneFF/OneFF
uhdm-filepath: ${SURELOG_DIR}/regression/OneFF/OneFF/surelog.uhdm


{'result': {'coverage': 100.0,
            'error_count': 0,
            'file_count': 2,
            'files': {PosixPath('${SURELOG_DIR}/regression/OneFF/OneFF/lib/work/dut.v'): {'post_len': 0,
                                                                                                               'pre_len': 139},
                      PosixPath('${SURELOG_DIR}/regression/OneFF/OneFF/lib/work/tb.v'): {'post_len': 0,
                                                                                                              'pre_len': 486}},
            'post_len': 0,
            'pre_len': 625,
            'test_name': 'OneFF/OneFF'}}

+----------------+----------+-----------+
| INPUT          |   PRELEN |   POSTLEN |
+================+==========+===========+
| lib/work/dut.v |      139 |         0 |
| lib/work/tb.v  |      486 |         0 |
+================+==========+===========+
|                |      625 |         0 |
+----------------+----------+-----------+

[   ERROR] : 0
[COVERAGE] : 100.0


#**#**#**#**#**#**#**#**#**#**#**#**#**#**#**#**#**#**#**#**#**#**#**#**#**#**#**#**#**#**#**#**#**#**#**#**#**#**#**#**

COMMAND: ${SURELOG_DIR}/regression/OneFF/OneFF/surelog.uhdm ${SURELOG_DIR}/regression/OneFF/OneFF/reduced.uhdm

==================== BEGIN REDUCTION RESULT ====================
Name                            Before   After   Added   Removed
----------------------------------------------------------------
----------------------------------------------------------------
Others                             190     190       0         0
----------------------------------------------------------------
                                   190     190       0         0
===================== END REDUCTION RESULT =====================
