********************************************************************************
*                   Begin HLC SystemVerilog Compiler/Linter                    *
********************************************************************************
Copyright (c) 2020 Apotell,
http://www.apache.org/licenses/LICENSE-2.0
VERSION: 1.84
COMMAND: -wd ../../../tests/PackStructField -d db -d ast dut.sv -nobuiltin -mt 0 -d dbstats -d cache -writepp -d db -nostdout -o ${HLC_DIR}/regression/PackStructField/PackStructField
[INF:CM5022] Creating log file "$Output/hlc.log".
[INF:PP5223] Preprocessing source file "$Source01/dut.sv".
[INF:PA5502] Parsing source file "$Source01/dut.sv".
AST_DEBUG_BEGIN
Count: 134
LIB: work
FILE<0>:$Source01/dut.sv
n<$Source01/dut.sv> u<133> t<Top_level_rule> c<1> l<2:1> el<24:22>
  n<> u<1> t<Null_rule> p<133> s<132> l<2:1> el<2:1>
  n<> u<132> t<Source_text> p<133> c<60> l<2:1> el<24:22>
    n<> u<60> t<Description> p<132> c<59> s<131> l<2:1> el<14:24>
      n<> u<59> t<Package_declaration> p<60> c<2> l<2:1> el<14:24>
        n<> u<2> t<PACKAGE> p<59> s<3> l<2:1> el<2:8>
        n<my_package> u<3> t<SIMPLE_IDENTIFIER> p<59> s<26> l<2:9> el<2:19>
        n<> u<26> t<Package_item> p<59> c<25> s<56> l<4:3> el<7:15>
          n<> u<25> t<Package_or_generate_item_declaration> p<26> c<24> l<4:3> el<7:15>
            n<> u<24> t<Data_declaration> p<25> c<23> l<4:3> el<7:15>
              n<> u<23> t<Type_declaration> p<24> c<21> l<4:3> el<7:15>
                n<> u<21> t<Data_type> p<23> c<5> s<22> l<4:11> el<7:4>
                  n<> u<5> t<Struct_union> p<21> c<4> s<6> l<4:11> el<4:17>
                    n<> u<4> t<STRUCT> p<5> l<4:11> el<4:17>
                  n<> u<6> t<PACKED> p<21> s<13> l<4:18> el<4:24>
                  n<> u<13> t<Struct_union_member> p<21> c<9> s<20> l<5:5> el<5:13>
                    n<> u<9> t<Data_type_or_void> p<13> c<8> s<12> l<5:5> el<5:10>
                      n<> u<8> t<Data_type> p<9> c<7> l<5:5> el<5:10>
                        n<> u<7> t<LOGIC> p<8> l<5:5> el<5:10>
                    n<> u<12> t<Variable_decl_assignment_list> p<13> c<11> l<5:11> el<5:12>
                      n<> u<11> t<Variable_decl_assignment> p<12> c<10> l<5:11> el<5:12>
                        n<a> u<10> t<SIMPLE_IDENTIFIER> p<11> l<5:11> el<5:12>
                  n<> u<20> t<Struct_union_member> p<21> c<16> l<6:5> el<6:13>
                    n<> u<16> t<Data_type_or_void> p<20> c<15> s<19> l<6:5> el<6:10>
                      n<> u<15> t<Data_type> p<16> c<14> l<6:5> el<6:10>
                        n<> u<14> t<LOGIC> p<15> l<6:5> el<6:10>
                    n<> u<19> t<Variable_decl_assignment_list> p<20> c<18> l<6:11> el<6:12>
                      n<> u<18> t<Variable_decl_assignment> p<19> c<17> l<6:11> el<6:12>
                        n<b> u<17> t<SIMPLE_IDENTIFIER> p<18> l<6:11> el<6:12>
                n<my_struct> u<22> t<SIMPLE_IDENTIFIER> p<23> l<7:5> el<7:14>
        n<> u<56> t<Package_item> p<59> c<55> s<58> l<9:3> el<12:5>
          n<> u<55> t<Package_or_generate_item_declaration> p<56> c<54> l<9:3> el<12:5>
            n<> u<54> t<Parameter_declaration> p<55> c<31> l<9:3> el<12:4>
              n<> u<31> t<Data_type_or_implicit> p<54> c<30> s<53> l<9:13> el<9:34>
                n<> u<30> t<Data_type> p<31> c<29> l<9:13> el<9:34>
                  n<> u<29> t<Class_type> p<30> c<28> l<9:13> el<9:34>
                    n<my_package> u<28> t<SIMPLE_IDENTIFIER> p<29> s<27> l<9:13> el<9:23>
                    n<my_struct> u<27> t<SIMPLE_IDENTIFIER> p<29> l<9:25> el<9:34>
              n<> u<53> t<Param_assignment_list> p<54> c<52> l<9:35> el<12:4>
                n<> u<52> t<Param_assignment> p<53> c<32> l<9:35> el<12:4>
                  n<my_parameter> u<32> t<SIMPLE_IDENTIFIER> p<52> s<51> l<9:35> el<9:47>
                  n<> u<51> t<Constant_param_expression> p<52> c<50> l<9:50> el<12:4>
                    n<> u<50> t<Constant_mintypmax_expression> p<51> c<49> l<9:50> el<12:4>
                      n<> u<49> t<Constant_expression> p<50> c<48> l<9:50> el<12:4>
                        n<> u<48> t<Constant_primary> p<49> c<47> l<9:50> el<12:4>
                          n<> u<47> t<Constant_assignment_pattern_expression> p<48> c<46> l<9:50> el<12:4>
                            n<> u<46> t<Assignment_pattern_expression> p<47> c<45> l<9:50> el<12:4>
                              n<> u<45> t<Assignment_pattern> p<46> c<34> l<9:50> el<12:4>
                                n<> u<34> t<Structure_pattern_key> p<45> c<33> s<38> l<10:5> el<10:6>
                                  n<a> u<33> t<SIMPLE_IDENTIFIER> p<34> l<10:5> el<10:6>
                                n<> u<38> t<Expression> p<45> c<37> s<40> l<10:8> el<10:12>
                                  n<> u<37> t<Primary> p<38> c<36> l<10:8> el<10:12>
                                    n<> u<36> t<Primary_literal> p<37> c<35> l<10:8> el<10:12>
                                      n<> u<35> t<ONE_TICK_b1> p<36> l<10:8> el<10:12>
                                n<> u<40> t<Structure_pattern_key> p<45> c<39> s<44> l<11:5> el<11:6>
                                  n<b> u<39> t<SIMPLE_IDENTIFIER> p<40> l<11:5> el<11:6>
                                n<> u<44> t<Expression> p<45> c<43> l<11:8> el<11:12>
                                  n<> u<43> t<Primary> p<44> c<42> l<11:8> el<11:12>
                                    n<> u<42> t<Primary_literal> p<43> c<41> l<11:8> el<11:12>
                                      n<> u<41> t<ONE_TICK_b0> p<42> l<11:8> el<11:12>
        n<> u<58> t<ENDPACKAGE> p<59> s<57> l<14:1> el<14:11>
        n<my_package> u<57> t<SIMPLE_IDENTIFIER> p<59> l<14:14> el<14:24>
    n<> u<131> t<Description> p<132> c<130> l<16:1> el<24:22>
      n<> u<130> t<Module_declaration> p<131> c<85> l<16:1> el<24:22>
        n<> u<85> t<Module_ansi_header> p<130> c<61> s<106> l<16:1> el<19:3>
          n<module> u<61> t<MODULE> p<85> s<62> l<16:1> el<16:7>
          n<my_module> u<62> t<SIMPLE_IDENTIFIER> p<85> s<63> l<16:8> el<16:17>
          n<> u<63> t<Package_import_declaration_list> p<85> s<84> l<16:18> el<16:18>
          n<> u<84> t<Port_declaration_list> p<85> c<73> l<16:18> el<19:2>
            n<> u<73> t<Ansi_port_declaration> p<84> c<71> s<83> l<17:5> el<17:35>
              n<> u<71> t<Net_port_header> p<73> c<64> s<72> l<17:5> el<17:33>
                n<> u<64> t<OUTPUT> p<71> s<70> l<17:5> el<17:11>
                n<> u<70> t<Net_port_type> p<71> c<69> l<17:12> el<17:33>
                  n<> u<69> t<Data_type_or_implicit> p<70> c<68> l<17:12> el<17:33>
                    n<> u<68> t<Data_type> p<69> c<67> l<17:12> el<17:33>
                      n<> u<67> t<Class_type> p<68> c<66> l<17:12> el<17:33>
                        n<my_package> u<66> t<SIMPLE_IDENTIFIER> p<67> s<65> l<17:12> el<17:22>
                        n<my_struct> u<65> t<SIMPLE_IDENTIFIER> p<67> l<17:24> el<17:33>
              n<x> u<72> t<SIMPLE_IDENTIFIER> p<73> l<17:34> el<17:35>
            n<> u<83> t<Ansi_port_declaration> p<84> c<81> l<18:5> el<18:35>
              n<> u<81> t<Net_port_header> p<83> c<74> s<82> l<18:5> el<18:33>
                n<> u<74> t<OUTPUT> p<81> s<80> l<18:5> el<18:11>
                n<> u<80> t<Net_port_type> p<81> c<79> l<18:12> el<18:33>
                  n<> u<79> t<Data_type_or_implicit> p<80> c<78> l<18:12> el<18:33>
                    n<> u<78> t<Data_type> p<79> c<77> l<18:12> el<18:33>
                      n<> u<77> t<Class_type> p<78> c<76> l<18:12> el<18:33>
                        n<my_package> u<76> t<SIMPLE_IDENTIFIER> p<77> s<75> l<18:12> el<18:22>
                        n<my_struct> u<75> t<SIMPLE_IDENTIFIER> p<77> l<18:24> el<18:33>
              n<y> u<82> t<SIMPLE_IDENTIFIER> p<83> l<18:34> el<18:35>
        n<> u<106> t<Non_port_module_item> p<130> c<105> s<127> l<21:1> el<21:39>
          n<> u<105> t<Module_or_generate_item> p<106> c<104> l<21:1> el<21:39>
            n<> u<104> t<Module_common_item> p<105> c<103> l<21:1> el<21:39>
              n<> u<103> t<Continuous_assign> p<104> c<102> l<21:1> el<21:39>
                n<> u<102> t<Net_assignment_list> p<103> c<101> l<21:8> el<21:38>
                  n<> u<101> t<Net_assignment> p<102> c<90> l<21:8> el<21:38>
                    n<> u<90> t<Net_lvalue> p<101> c<87> s<100> l<21:8> el<21:9>
                      n<> u<87> t<Ps_or_hierarchical_identifier> p<90> c<86> s<89> l<21:8> el<21:9>
                        n<x> u<86> t<SIMPLE_IDENTIFIER> p<87> l<21:8> el<21:9>
                      n<> u<89> t<Constant_select> p<90> c<88> l<21:10> el<21:10>
                        n<> u<88> t<Constant_bit_select> p<89> l<21:10> el<21:10>
                    n<> u<100> t<Expression> p<101> c<99> l<21:12> el<21:38>
                      n<> u<99> t<Primary> p<100> c<98> l<21:12> el<21:38>
                        n<> u<98> t<Subroutine_call> p<99> c<92> l<21:12> el<21:38>
                          n<> u<92> t<Class_scope> p<98> c<91> s<93> l<21:12> el<21:24>
                            n<my_package> u<91> t<SIMPLE_IDENTIFIER> p<92> l<21:12> el<21:22>
                          n<my_parameter> u<93> t<SIMPLE_IDENTIFIER> p<98> s<94> l<21:24> el<21:36>
                          n<> u<94> t<Constant_bit_select> p<98> s<95> l<21:36> el<21:36>
                          n<a> u<95> t<SIMPLE_IDENTIFIER> p<98> s<97> l<21:37> el<21:38>
                          n<> u<97> t<Select> p<98> c<96> l<21:38> el<21:38>
                            n<> u<96> t<Bit_select> p<97> l<21:38> el<21:38>
        n<> u<127> t<Non_port_module_item> p<130> c<126> s<129> l<22:1> el<22:39>
          n<> u<126> t<Module_or_generate_item> p<127> c<125> l<22:1> el<22:39>
            n<> u<125> t<Module_common_item> p<126> c<124> l<22:1> el<22:39>
              n<> u<124> t<Continuous_assign> p<125> c<123> l<22:1> el<22:39>
                n<> u<123> t<Net_assignment_list> p<124> c<122> l<22:8> el<22:38>
                  n<> u<122> t<Net_assignment> p<123> c<111> l<22:8> el<22:38>
                    n<> u<111> t<Net_lvalue> p<122> c<108> s<121> l<22:8> el<22:9>
                      n<> u<108> t<Ps_or_hierarchical_identifier> p<111> c<107> s<110> l<22:8> el<22:9>
                        n<y> u<107> t<SIMPLE_IDENTIFIER> p<108> l<22:8> el<22:9>
                      n<> u<110> t<Constant_select> p<111> c<109> l<22:10> el<22:10>
                        n<> u<109> t<Constant_bit_select> p<110> l<22:10> el<22:10>
                    n<> u<121> t<Expression> p<122> c<120> l<22:12> el<22:38>
                      n<> u<120> t<Primary> p<121> c<119> l<22:12> el<22:38>
                        n<> u<119> t<Subroutine_call> p<120> c<113> l<22:12> el<22:38>
                          n<> u<113> t<Class_scope> p<119> c<112> s<114> l<22:12> el<22:24>
                            n<my_package> u<112> t<SIMPLE_IDENTIFIER> p<113> l<22:12> el<22:22>
                          n<my_parameter> u<114> t<SIMPLE_IDENTIFIER> p<119> s<115> l<22:24> el<22:36>
                          n<> u<115> t<Constant_bit_select> p<119> s<116> l<22:36> el<22:36>
                          n<b> u<116> t<SIMPLE_IDENTIFIER> p<119> s<118> l<22:37> el<22:38>
                          n<> u<118> t<Select> p<119> c<117> l<22:38> el<22:38>
                            n<> u<117> t<Bit_select> p<118> l<22:38> el<22:38>
        n<> u<129> t<ENDMODULE> p<130> s<128> l<24:1> el<24:10>
        n<my_module> u<128> t<SIMPLE_IDENTIFIER> p<130> l<24:13> el<24:22>
AST_DEBUG_END
[INF:CP5802] $Source01/dut.sv:2:1: Compile package "my_package".
[INF:CP5804] $Source01/dut.sv:16:1: Compile module "my_module".
[WRN:PA5506] $Source01/dut.sv:2:1: No timescale set for "my_package".
[WRN:PA5506] $Source01/dut.sv:16:1: No timescale set for "my_module".
====== HLDB =======
Design name:unnamed:
  vpiName: unnamed
  vpiSourceFile (1 items):
    SourceFile name:dut.sv file:$Source01/dut.sv:
      vpiParent: Design name:unnamed
      vpiName: dut.sv
      vpiPreprocFile: "$Output/lib/work/dut.sv"
  vpiAllPackages (1 items):
    Package name:my_package file:$Source01/dut.sv start:2:1 end:14:24:
      vpiParent: Design name:unnamed
      vpiName Identifier name:my_package start:2:9 end:2:19:
      vpiFullName: my_package
      vpiStruct (1 items):
        Struct start:4:11 end:7:4:
          vpiParent: Package name:my_package
          vpiPacked: true
          vpiTypespecMember (2 items):
            TypespecMember name:a start:5:11 end:5:12:
              vpiParent: Struct
              vpiName: a
              vpiTypespec RefTypespec start:5:5 end:5:10:
                vpiParent: TypespecMember name:a
                vpiFullName: my_package::a
                vpiActual: LogicTypespec
            TypespecMember name:b start:6:11 end:6:12:
              vpiParent: Struct
              vpiName: b
              vpiTypespec RefTypespec start:6:5 end:6:10:
                vpiParent: TypespecMember name:b
                vpiFullName: my_package::b
                vpiActual: LogicTypespec
      vpiTypedef (1 items):
        Typedef name:my_struct start:4:3 end:7:15:
          vpiParent: Package name:my_package
          vpiName Identifier name:my_struct start:7:5 end:7:14:
          vpiTypedefAlias RefTypespec start:4:11 end:7:4:
            vpiParent: Typedef name:my_struct
            vpiFullName: my_package::my_struct
            vpiActual: StructTypespec
      vpiParameter (1 items):
        Parameter name:my_parameter start:9:35 end:9:47:
          vpiParent: Package name:my_package
          vpiTypespec RefTypespec name:my_package::my_struct start:9:13 end:9:34:
            vpiParent: Parameter name:my_parameter
            vpiName: my_package::my_struct
            vpiFullName: my_package::my_parameter::my_package::my_struct
            vpiPathElem (2 items):
              RefObj name:my_package start:9:13 end:9:23:
                vpiParent: RefTypespec name:my_package::my_struct
                vpiName: my_package
                vpiFullName: my_package::my_parameter::my_package
                vpiActual: Package name:my_package
              RefTypespec name:my_struct start:9:25 end:9:34:
                vpiParent: RefTypespec name:my_package::my_struct
                vpiName: my_struct
                vpiFullName: my_package::my_parameter::my_package::my_struct::my_struct
                vpiActual: TypedefTypespec name:my_struct
            vpiActual: TypedefTypespec name:my_struct
          vpiName: my_parameter
          vpiFullName: my_package::my_parameter
          vpiLocalParam: true
      vpiParamAssign (1 items):
        ParamAssign start:9:35 end:12:4:
          vpiParent: Package name:my_package
          vpiLhs RefObj name:my_parameter start:9:35 end:9:47:
            vpiParent: ParamAssign
            vpiName: my_parameter
            vpiFullName: my_package::my_parameter
            vpiActual: Parameter name:my_parameter
          vpiRhs Operation start:9:50 end:12:4:
            vpiParent: ParamAssign
            vpiOpType: assign pattern (87)
            vpiOperand (2 items):
              TaggedPattern start:10:5 end:10:12:
                vpiParent: Operation
                vpiTag RefObj name:a start:10:5 end:10:6:
                  vpiParent: TaggedPattern
                  vpiName: a
                  vpiFullName: my_package::a
                  vpiActual: TypespecMember name:a
                vpiPattern Constant start:10:8 end:10:12:
                  vpiParent: TaggedPattern
                  vpiTypespec RefTypespec:
                    vpiParent: Constant
                    vpiFullName: my_package
                    vpiActual: BitTypespec
                  vpiConstType: binary (3)
                  vpiSize: 1
                  vpiDecompile: "1'b1"
                  vpiValue: "1"
              TaggedPattern start:11:5 end:11:12:
                vpiParent: Operation
                vpiTag RefObj name:b start:11:5 end:11:6:
                  vpiParent: TaggedPattern
                  vpiName: b
                  vpiFullName: my_package::b
                  vpiActual: TypespecMember name:b
                vpiPattern Constant start:11:8 end:11:12:
                  vpiParent: TaggedPattern
                  vpiTypespec RefTypespec:
                    vpiParent: Constant
                    vpiFullName: my_package
                    vpiActual: BitTypespec
                  vpiConstType: binary (3)
                  vpiSize: 1
                  vpiDecompile: "1'b0"
                  vpiValue: "0"
      vpiTypespec (4 items):
        LogicTypespec:
          vpiParent: Package name:my_package
        StructTypespec start:4:11 end:7:4:
          vpiParent: Package name:my_package
          vpiStruct: Struct
        TypedefTypespec name:my_struct start:4:3 end:7:15:
          vpiParent: Package name:my_package
          vpiName Identifier name:my_struct start:7:5 end:7:14:
          vpiTypedefKind: struct (4)
          vpiTypedef: Typedef name:my_struct
        BitTypespec:
          vpiParent: Package name:my_package
      vpiDefName: my_package
      vpiDefNetType: wire (1)
      vpiLibrary RefObj name:work start:2:9 end:2:19:
        vpiParent: Package name:my_package
        vpiName: work
        vpiFullName: my_package::work
        vpiActual: Library name:work
      vpiCell: my_package
      vpiEndLabel Identifier name:my_package start:14:14 end:14:24:
  vpiAllModules (1 items):
    Module name:my_module file:$Source01/dut.sv start:16:1 end:24:22:
      vpiParent: Design name:unnamed
      vpiName Identifier name:my_module start:16:8 end:16:17:
      vpiFullName: my_module
      vpiVariable (2 items):
        Variable name:x start:17:34 end:17:35:
          vpiParent: Module name:my_module
          vpiTypespec RefTypespec name:my_package::my_struct start:17:12 end:17:33:
            vpiParent: Variable name:x
            vpiName: my_package::my_struct
            vpiFullName: my_module.x.my_package::my_struct
            vpiPathElem (2 items):
              RefObj name:my_package start:17:12 end:17:22:
                vpiParent: RefTypespec name:my_package::my_struct
                vpiName: my_package
                vpiFullName: my_module.x.my_package
                vpiActual: Package name:my_package
              RefTypespec name:my_struct start:17:24 end:17:33:
                vpiParent: RefTypespec name:my_package::my_struct
                vpiName: my_struct
                vpiFullName: my_module.x.my_package::my_struct.my_struct
                vpiActual: TypedefTypespec name:my_struct
            vpiActual: TypedefTypespec name:my_struct
          vpiName: x
          vpiFullName: my_module.x
        Variable name:y start:18:34 end:18:35:
          vpiParent: Module name:my_module
          vpiTypespec RefTypespec name:my_package::my_struct start:18:12 end:18:33:
            vpiParent: Variable name:y
            vpiName: my_package::my_struct
            vpiFullName: my_module.y.my_package::my_struct
            vpiPathElem (2 items):
              RefObj name:my_package start:18:12 end:18:22:
                vpiParent: RefTypespec name:my_package::my_struct
                vpiName: my_package
                vpiFullName: my_module.y.my_package
                vpiActual: Package name:my_package
              RefTypespec name:my_struct start:18:24 end:18:33:
                vpiParent: RefTypespec name:my_package::my_struct
                vpiName: my_struct
                vpiFullName: my_module.y.my_package::my_struct.my_struct
                vpiActual: TypedefTypespec name:my_struct
            vpiActual: TypedefTypespec name:my_struct
          vpiName: y
          vpiFullName: my_module.y
      vpiDefName: my_module
      vpiDefNetType: wire (1)
      vpiLibrary RefObj name:work start:16:8 end:16:17:
        vpiParent: Module name:my_module
        vpiName: work
        vpiFullName: my_module.work
        vpiActual: Library name:work
      vpiCell: my_module
      vpiPort (2 items):
        Port name:x start:17:34 end:17:35:
          vpiParent: Module name:my_module
          vpiName: x
          vpiDirection: output (2)
          vpiLowConn RefObj name:x start:17:34 end:17:35:
            vpiParent: Port name:x
            vpiName: x
            vpiFullName: my_module.x.x
            vpiActual: Variable name:x
          vpiTypespec RefTypespec name:my_package::my_struct start:17:12 end:17:33:
            vpiParent: Port name:x
            vpiName: my_package::my_struct
            vpiFullName: my_module.x.my_package::my_struct
            vpiPathElem (2 items):
              RefObj name:my_package start:17:12 end:17:22:
                vpiParent: RefTypespec name:my_package::my_struct
                vpiName: my_package
                vpiFullName: my_module.x.my_package
                vpiActual: Package name:my_package
              RefTypespec name:my_struct start:17:24 end:17:33:
                vpiParent: RefTypespec name:my_package::my_struct
                vpiName: my_struct
                vpiFullName: my_module.x.my_package::my_struct.my_struct
                vpiActual: TypedefTypespec name:my_struct
            vpiActual: TypedefTypespec name:my_struct
        Port name:y start:18:34 end:18:35:
          vpiParent: Module name:my_module
          vpiName: y
          vpiDirection: output (2)
          vpiLowConn RefObj name:y start:18:34 end:18:35:
            vpiParent: Port name:y
            vpiName: y
            vpiFullName: my_module.y.y
            vpiActual: Variable name:y
          vpiTypespec RefTypespec name:my_package::my_struct start:18:12 end:18:33:
            vpiParent: Port name:y
            vpiName: my_package::my_struct
            vpiFullName: my_module.y.my_package::my_struct
            vpiPathElem (2 items):
              RefObj name:my_package start:18:12 end:18:22:
                vpiParent: RefTypespec name:my_package::my_struct
                vpiName: my_package
                vpiFullName: my_module.y.my_package
                vpiActual: Package name:my_package
              RefTypespec name:my_struct start:18:24 end:18:33:
                vpiParent: RefTypespec name:my_package::my_struct
                vpiName: my_struct
                vpiFullName: my_module.y.my_package::my_struct.my_struct
                vpiActual: TypedefTypespec name:my_struct
            vpiActual: TypedefTypespec name:my_struct
      vpiContAssign (2 items):
        ContAssign start:21:8 end:21:38:
          vpiParent: Module name:my_module
          vpiLhs RefObj name:x start:21:8 end:21:9:
            vpiParent: ContAssign
            vpiName: x
            vpiFullName: my_module.x
            vpiActual: Variable name:x
          vpiRhs RefObj name:my_package::my_parameter.a start:21:12 end:21:38:
            vpiParent: ContAssign
            vpiName: my_package::my_parameter.a
            vpiFullName: my_module.my_package::my_parameter.a
            vpiPathElem (3 items):
              RefObj name:my_package start:21:12 end:21:22:
                vpiParent: RefObj name:my_package::my_parameter.a
                vpiName: my_package
                vpiFullName: my_module.my_package
                vpiActual: Package name:my_package
              RefObj name:my_parameter start:21:24 end:21:36:
                vpiParent: RefObj name:my_package::my_parameter.a
                vpiName: my_parameter
                vpiFullName: my_module.my_parameter
                vpiActual: Parameter name:my_parameter
              RefObj name:a start:21:37 end:21:38:
                vpiParent: RefObj name:my_package::my_parameter.a
                vpiName: a
                vpiFullName: my_module.a
                vpiActual: TypespecMember name:a
            vpiActual: TypespecMember name:a
        ContAssign start:22:8 end:22:38:
          vpiParent: Module name:my_module
          vpiLhs RefObj name:y start:22:8 end:22:9:
            vpiParent: ContAssign
            vpiName: y
            vpiFullName: my_module.y
            vpiActual: Variable name:y
          vpiRhs RefObj name:my_package::my_parameter.b start:22:12 end:22:38:
            vpiParent: ContAssign
            vpiName: my_package::my_parameter.b
            vpiFullName: my_module.my_package::my_parameter.b
            vpiPathElem (3 items):
              RefObj name:my_package start:22:12 end:22:22:
                vpiParent: RefObj name:my_package::my_parameter.b
                vpiName: my_package
                vpiFullName: my_module.my_package
                vpiActual: Package name:my_package
              RefObj name:my_parameter start:22:24 end:22:36:
                vpiParent: RefObj name:my_package::my_parameter.b
                vpiName: my_parameter
                vpiFullName: my_module.my_parameter
                vpiActual: Parameter name:my_parameter
              RefObj name:b start:22:37 end:22:38:
                vpiParent: RefObj name:my_package::my_parameter.b
                vpiName: b
                vpiFullName: my_module.b
                vpiActual: TypespecMember name:b
            vpiActual: TypespecMember name:b
      vpiEndLabel Identifier name:my_module start:24:13 end:24:22:
  vpiTypespec (1 items):
    ModuleTypespec name:my_module:
      vpiParent: Design name:unnamed
      vpiName Identifier name:my_module start:16:8 end:16:17:
      vpiDefName: my_module
      vpiModule: Module name:my_module
  vpiLibrary (1 items):
    Library name:work:
      vpiParent: Design name:unnamed
      vpiName: work
===================
[  FATAL] : 0
[ SYNTAX] : 0
[  ERROR] : 0
[WARNING] : 2
[   NOTE] : 0
********************************************************************************
*                    End HLC SystemVerilog Compiler/Linter                     *
********************************************************************************

#**#**#**#**#**#**#**#**#**#**#**#**#**#**#**#**#**#**#**#**#**#**#**#**#**#**#**#**#**#**#**#**#**#**#**#**#**#**#**#**

Environment:
      test-name: PackStructField/PackStructField
   test-dirpath: ${HLC_DIR}/regression/PackStructField/PackStructField
  hldb-filepath: ${HLC_DIR}/regression/PackStructField/PackStructField/design.hldb
mounts-filepath: ${HLC_DIR}/regression/PackStructField/PackStructField/mounts.json


{'result': {'coverage': 99.7,
            'error_count': 0,
            'file_count': 1,
            'files': {'$Output/lib/work/dut.sv': {'post_len': 1,
                                                  'pre_len': 337}},
            'post_len': 1,
            'pre_len': 337,
            'test_name': 'PackStructField/PackStructField'}}

+-------------------------+----------+-----------+
| INPUT                   |   PRELEN |   POSTLEN |
+=========================+==========+===========+
| $Output/lib/work/dut.sv |      337 |         1 |
+=========================+==========+===========+
|                         |      337 |         1 |
+-------------------------+----------+-----------+

[   ERROR] : 0
[COVERAGE] : 99.7


#**#**#**#**#**#**#**#**#**#**#**#**#**#**#**#**#**#**#**#**#**#**#**#**#**#**#**#**#**#**#**#**#**#**#**#**#**#**#**#**

COMMAND: ${HLC_DIR}/regression/PackStructField/PackStructField/design.hldb ${HLC_DIR}/regression/PackStructField/PackStructField/reduced.hldb

==================== BEGIN REDUCTION RESULT ====================
Name                            Before   After   Added   Removed
----------------------------------------------------------------
----------------------------------------------------------------
Others                              71      71       0         0
----------------------------------------------------------------
                                    71      71       0         0
===================== END REDUCTION RESULT =====================
