********************************************************************************
*                   Begin HLC SystemVerilog Compiler/Linter                    *
********************************************************************************
Copyright (c) 2020 Apotell,
http://www.apache.org/licenses/LICENSE-2.0
VERSION: 1.84
COMMAND: -wd ../../../../tests/Verilator/t_sv_bus_mux_demux +incdir+. -nobuiltin -timescale=1ns/1ns -d ast -d db sv_bus_mux_demux_mux.sv -mt 0 -d dbstats -d cache -writepp -d db -nostdout -o ${HLC_DIR}/regression/Verilator/t_sv_bus_mux_demux/sv_bus_mux_demux_mux
[INF:CM5022] Creating log file "$Output/hlc.log".
[INF:PP5223] Preprocessing source file "$Source01/sv_bus_mux_demux_mux.sv".
[INF:PA5502] Parsing source file "$Source01/sv_bus_mux_demux_mux.sv".
AST_DEBUG_BEGIN
Count: 567
LIB: work
FILE<0>:$Source01/sv_bus_mux_demux_mux.sv
n<$Source01/sv_bus_mux_demux_mux.sv> u<566> t<Top_level_rule> c<1> l<8:1> el<71:1>
  n<> u<1> t<Null_rule> p<566> s<2> l<8:1> el<8:1>
  n<////////////////////////////////////////////////////////////////////////////////> u<2> t<LINE_COMMENT> p<566> s<3> l<1:1> el<1:81>
  n<//                                                                            //> u<3> t<LINE_COMMENT> p<566> s<4> l<2:1> el<2:81>
  n<// This file is placed into the Public Domain, for any use, without warranty. //> u<4> t<LINE_COMMENT> p<566> s<5> l<3:1> el<3:81>
  n<// 2012 by Iztok Jeras                                                        //> u<5> t<LINE_COMMENT> p<566> s<6> l<4:1> el<4:81>
  n<//                                                                            //> u<6> t<LINE_COMMENT> p<566> s<7> l<5:1> el<5:81>
  n<////////////////////////////////////////////////////////////////////////////////> u<7> t<LINE_COMMENT> p<566> s<565> l<6:1> el<6:81>
  n<> u<565> t<Source_text> p<566> c<15> l<8:1> el<70:33>
    n<> u<15> t<Description> p<565> c<14> s<23> l<8:1> el<8:23>
      n<> u<14> t<Package_item> p<15> c<13> l<8:1> el<8:23>
        n<> u<13> t<Package_or_generate_item_declaration> p<14> c<12> l<8:1> el<8:23>
          n<> u<12> t<Data_declaration> p<13> c<11> l<8:1> el<8:23>
            n<> u<11> t<Package_import_declaration> p<12> c<10> l<8:1> el<8:23>
              n<> u<10> t<Package_import_item> p<11> c<8> l<8:8> el<8:22>
                n<package_bus> u<8> t<SIMPLE_IDENTIFIER> p<10> s<9> l<8:8> el<8:19>
                n<> u<9> t<STAR> p<10> l<8:21> el<8:22>
    n<> u<23> t<Description> p<565> c<22> s<31> l<9:1> el<9:23>
      n<> u<22> t<Package_item> p<23> c<21> l<9:1> el<9:23>
        n<> u<21> t<Package_or_generate_item_declaration> p<22> c<20> l<9:1> el<9:23>
          n<> u<20> t<Data_declaration> p<21> c<19> l<9:1> el<9:23>
            n<> u<19> t<Package_import_declaration> p<20> c<18> l<9:1> el<9:23>
              n<> u<18> t<Package_import_item> p<19> c<16> l<9:8> el<9:22>
                n<package_str> u<16> t<SIMPLE_IDENTIFIER> p<18> s<17> l<9:8> el<9:19>
                n<> u<17> t<STAR> p<18> l<9:21> el<9:22>
    n<> u<31> t<Description> p<565> c<30> s<564> l<10:1> el<10:23>
      n<> u<30> t<Package_item> p<31> c<29> l<10:1> el<10:23>
        n<> u<29> t<Package_or_generate_item_declaration> p<30> c<28> l<10:1> el<10:23>
          n<> u<28> t<Data_declaration> p<29> c<27> l<10:1> el<10:23>
            n<> u<27> t<Package_import_declaration> p<28> c<26> l<10:1> el<10:23>
              n<> u<26> t<Package_import_item> p<27> c<24> l<10:8> el<10:22>
                n<package_uni> u<24> t<SIMPLE_IDENTIFIER> p<26> s<25> l<10:8> el<10:19>
                n<> u<25> t<STAR> p<26> l<10:21> el<10:22>
    n<> u<564> t<Description> p<565> c<563> l<12:1> el<70:33>
      n<> u<563> t<Module_declaration> p<564> c<150> l<12:1> el<70:33>
        n<> u<150> t<Module_ansi_header> p<563> c<32> s<162> l<12:1> el<25:3>
          n<module> u<32> t<MODULE> p<150> s<33> l<12:1> el<12:7>
          n<sv_bus_mux_demux_mux> u<33> t<SIMPLE_IDENTIFIER> p<150> s<34> l<12:8> el<12:28>
          n<> u<34> t<Package_import_declaration_list> p<150> s<35> l<12:29> el<12:29>
          n<// system signals> u<35> t<LINE_COMMENT> p<150> s<149> l<13:3> el<13:20>
          n<> u<149> t<Port_declaration_list> p<150> c<43> l<12:29> el<25:2>
            n<> u<43> t<Ansi_port_declaration> p<149> c<41> s<44> l<14:3> el<14:26>
              n<> u<41> t<Net_port_header> p<43> c<36> s<42> l<14:3> el<14:15>
                n<> u<36> t<INPUT> p<41> s<40> l<14:3> el<14:8>
                n<> u<40> t<Net_port_type> p<41> c<39> l<14:10> el<14:15>
                  n<> u<39> t<Data_type_or_implicit> p<40> c<38> l<14:10> el<14:15>
                    n<> u<38> t<Data_type> p<39> c<37> l<14:10> el<14:15>
                      n<> u<37> t<LOGIC> p<38> l<14:10> el<14:15>
              n<clk> u<42> t<SIMPLE_IDENTIFIER> p<43> l<14:23> el<14:26>
            n<// clock> u<44> t<LINE_COMMENT> p<149> s<52> l<14:33> el<14:41>
            n<> u<52> t<Ansi_port_declaration> p<149> c<50> s<53> l<15:3> el<15:26>
              n<> u<50> t<Net_port_header> p<52> c<45> s<51> l<15:3> el<15:15>
                n<> u<45> t<INPUT> p<50> s<49> l<15:3> el<15:8>
                n<> u<49> t<Net_port_type> p<50> c<48> l<15:10> el<15:15>
                  n<> u<48> t<Data_type_or_implicit> p<49> c<47> l<15:10> el<15:15>
                    n<> u<47> t<Data_type> p<48> c<46> l<15:10> el<15:15>
                      n<> u<46> t<LOGIC> p<47> l<15:10> el<15:15>
              n<rst> u<51> t<SIMPLE_IDENTIFIER> p<52> l<15:23> el<15:26>
            n<// reset> u<53> t<LINE_COMMENT> p<149> s<54> l<15:33> el<15:41>
            n<// input bus> u<54> t<LINE_COMMENT> p<149> s<62> l<16:3> el<16:15>
            n<> u<62> t<Ansi_port_declaration> p<149> c<60> s<63> l<17:3> el<17:30>
              n<> u<60> t<Net_port_header> p<62> c<55> s<61> l<17:3> el<17:15>
                n<> u<55> t<INPUT> p<60> s<59> l<17:3> el<17:8>
                n<> u<59> t<Net_port_type> p<60> c<58> l<17:10> el<17:15>
                  n<> u<58> t<Data_type_or_implicit> p<59> c<57> l<17:10> el<17:15>
                    n<> u<57> t<Data_type> p<58> c<56> l<17:10> el<17:15>
                      n<> u<56> t<LOGIC> p<57> l<17:10> el<17:15>
              n<bus_vld> u<61> t<SIMPLE_IDENTIFIER> p<62> l<17:23> el<17:30>
            n<// valid (chip select)> u<63> t<LINE_COMMENT> p<149> s<81> l<17:33> el<17:55>
            n<> u<81> t<Ansi_port_declaration> p<149> c<79> s<82> l<18:3> el<18:30>
              n<> u<79> t<Net_port_header> p<81> c<64> s<80> l<18:3> el<18:22>
                n<> u<64> t<INPUT> p<79> s<78> l<18:3> el<18:8>
                n<> u<78> t<Net_port_type> p<79> c<77> l<18:10> el<18:22>
                  n<> u<77> t<Data_type_or_implicit> p<78> c<76> l<18:10> el<18:22>
                    n<> u<76> t<Data_type> p<77> c<65> l<18:10> el<18:22>
                      n<> u<65> t<LOGIC> p<76> s<75> l<18:10> el<18:15>
                      n<> u<75> t<Packed_dimension> p<76> c<74> l<18:16> el<18:22>
                        n<> u<74> t<Constant_range> p<75> c<69> l<18:17> el<18:21>
                          n<> u<69> t<Constant_expression> p<74> c<68> s<73> l<18:17> el<18:19>
                            n<> u<68> t<Constant_primary> p<69> c<67> l<18:17> el<18:19>
                              n<> u<67> t<Primary_literal> p<68> c<66> l<18:17> el<18:19>
                                n<31> u<66> t<INTEGRAL_NUMBER> p<67> l<18:17> el<18:19>
                          n<> u<73> t<Constant_expression> p<74> c<72> l<18:20> el<18:21>
                            n<> u<72> t<Constant_primary> p<73> c<71> l<18:20> el<18:21>
                              n<> u<71> t<Primary_literal> p<72> c<70> l<18:20> el<18:21>
                                n<0> u<70> t<INTEGRAL_NUMBER> p<71> l<18:20> el<18:21>
              n<bus_adr> u<80> t<SIMPLE_IDENTIFIER> p<81> l<18:23> el<18:30>
            n<// address> u<82> t<LINE_COMMENT> p<149> s<100> l<18:33> el<18:43>
            n<> u<100> t<Ansi_port_declaration> p<149> c<98> s<101> l<19:3> el<19:30>
              n<> u<98> t<Net_port_header> p<100> c<83> s<99> l<19:3> el<19:22>
                n<> u<83> t<INPUT> p<98> s<97> l<19:3> el<19:8>
                n<> u<97> t<Net_port_type> p<98> c<96> l<19:10> el<19:22>
                  n<> u<96> t<Data_type_or_implicit> p<97> c<95> l<19:10> el<19:22>
                    n<> u<95> t<Data_type> p<96> c<84> l<19:10> el<19:22>
                      n<> u<84> t<LOGIC> p<95> s<94> l<19:10> el<19:15>
                      n<> u<94> t<Packed_dimension> p<95> c<93> l<19:16> el<19:22>
                        n<> u<93> t<Constant_range> p<94> c<88> l<19:17> el<19:21>
                          n<> u<88> t<Constant_expression> p<93> c<87> s<92> l<19:17> el<19:19>
                            n<> u<87> t<Constant_primary> p<88> c<86> l<19:17> el<19:19>
                              n<> u<86> t<Primary_literal> p<87> c<85> l<19:17> el<19:19>
                                n<31> u<85> t<INTEGRAL_NUMBER> p<86> l<19:17> el<19:19>
                          n<> u<92> t<Constant_expression> p<93> c<91> l<19:20> el<19:21>
                            n<> u<91> t<Constant_primary> p<92> c<90> l<19:20> el<19:21>
                              n<> u<90> t<Primary_literal> p<91> c<89> l<19:20> el<19:21>
                                n<0> u<89> t<INTEGRAL_NUMBER> p<90> l<19:20> el<19:21>
              n<bus_dat> u<99> t<SIMPLE_IDENTIFIER> p<100> l<19:23> el<19:30>
            n<// data> u<101> t<LINE_COMMENT> p<149> s<109> l<19:33> el<19:40>
            n<> u<109> t<Ansi_port_declaration> p<149> c<107> s<110> l<20:3> el<20:30>
              n<> u<107> t<Net_port_header> p<109> c<102> s<108> l<20:3> el<20:15>
                n<> u<102> t<OUTPUT> p<107> s<106> l<20:3> el<20:9>
                n<> u<106> t<Net_port_type> p<107> c<105> l<20:10> el<20:15>
                  n<> u<105> t<Data_type_or_implicit> p<106> c<104> l<20:10> el<20:15>
                    n<> u<104> t<Data_type> p<105> c<103> l<20:10> el<20:15>
                      n<> u<103> t<LOGIC> p<104> l<20:10> el<20:15>
              n<bus_rdy> u<108> t<SIMPLE_IDENTIFIER> p<109> l<20:23> el<20:30>
            n<// ready (acknowledge)> u<110> t<LINE_COMMENT> p<149> s<111> l<20:33> el<20:55>
            n<// output stream> u<111> t<LINE_COMMENT> p<149> s<119> l<21:3> el<21:19>
            n<> u<119> t<Ansi_port_declaration> p<149> c<117> s<120> l<22:3> el<22:30>
              n<> u<117> t<Net_port_header> p<119> c<112> s<118> l<22:3> el<22:15>
                n<> u<112> t<OUTPUT> p<117> s<116> l<22:3> el<22:9>
                n<> u<116> t<Net_port_type> p<117> c<115> l<22:10> el<22:15>
                  n<> u<115> t<Data_type_or_implicit> p<116> c<114> l<22:10> el<22:15>
                    n<> u<114> t<Data_type> p<115> c<113> l<22:10> el<22:15>
                      n<> u<113> t<LOGIC> p<114> l<22:10> el<22:15>
              n<str_vld> u<118> t<SIMPLE_IDENTIFIER> p<119> l<22:23> el<22:30>
            n<// valid (chip select)> u<120> t<LINE_COMMENT> p<149> s<138> l<22:33> el<22:55>
            n<> u<138> t<Ansi_port_declaration> p<149> c<136> s<139> l<23:3> el<23:30>
              n<> u<136> t<Net_port_header> p<138> c<121> s<137> l<23:3> el<23:22>
                n<> u<121> t<OUTPUT> p<136> s<135> l<23:3> el<23:9>
                n<> u<135> t<Net_port_type> p<136> c<134> l<23:10> el<23:22>
                  n<> u<134> t<Data_type_or_implicit> p<135> c<133> l<23:10> el<23:22>
                    n<> u<133> t<Data_type> p<134> c<122> l<23:10> el<23:22>
                      n<> u<122> t<LOGIC> p<133> s<132> l<23:10> el<23:15>
                      n<> u<132> t<Packed_dimension> p<133> c<131> l<23:17> el<23:22>
                        n<> u<131> t<Constant_range> p<132> c<126> l<23:18> el<23:21>
                          n<> u<126> t<Constant_expression> p<131> c<125> s<130> l<23:18> el<23:19>
                            n<> u<125> t<Constant_primary> p<126> c<124> l<23:18> el<23:19>
                              n<> u<124> t<Primary_literal> p<125> c<123> l<23:18> el<23:19>
                                n<7> u<123> t<INTEGRAL_NUMBER> p<124> l<23:18> el<23:19>
                          n<> u<130> t<Constant_expression> p<131> c<129> l<23:20> el<23:21>
                            n<> u<129> t<Constant_primary> p<130> c<128> l<23:20> el<23:21>
                              n<> u<128> t<Primary_literal> p<129> c<127> l<23:20> el<23:21>
                                n<0> u<127> t<INTEGRAL_NUMBER> p<128> l<23:20> el<23:21>
              n<str_bus> u<137> t<SIMPLE_IDENTIFIER> p<138> l<23:23> el<23:30>
            n<// byte data bus> u<139> t<LINE_COMMENT> p<149> s<147> l<23:33> el<23:49>
            n<> u<147> t<Ansi_port_declaration> p<149> c<145> s<148> l<24:3> el<24:30>
              n<> u<145> t<Net_port_header> p<147> c<140> s<146> l<24:3> el<24:15>
                n<> u<140> t<INPUT> p<145> s<144> l<24:3> el<24:8>
                n<> u<144> t<Net_port_type> p<145> c<143> l<24:10> el<24:15>
                  n<> u<143> t<Data_type_or_implicit> p<144> c<142> l<24:10> el<24:15>
                    n<> u<142> t<Data_type> p<143> c<141> l<24:10> el<24:15>
                      n<> u<141> t<LOGIC> p<142> l<24:10> el<24:15>
              n<str_rdy> u<146> t<SIMPLE_IDENTIFIER> p<147> l<24:23> el<24:30>
            n<// ready (acknowledge)> u<148> t<LINE_COMMENT> p<149> l<24:33> el<24:55>
        n<> u<162> t<Non_port_module_item> p<563> c<161> s<163> l<27:1> el<27:21>
          n<> u<161> t<Module_or_generate_item> p<162> c<160> l<27:1> el<27:21>
            n<> u<160> t<Module_common_item> p<161> c<159> l<27:1> el<27:21>
              n<> u<159> t<Module_or_generate_item_declaration> p<160> c<158> l<27:1> el<27:21>
                n<> u<158> t<Package_or_generate_item_declaration> p<159> c<157> l<27:1> el<27:21>
                  n<> u<157> t<Data_declaration> p<158> c<156> l<27:1> el<27:21>
                    n<> u<156> t<Variable_declaration> p<157> c<152> l<27:1> el<27:21>
                      n<> u<152> t<Data_type> p<156> c<151> s<155> l<27:1> el<27:6>
                        n<> u<151> t<LOGIC> p<152> l<27:1> el<27:6>
                      n<> u<155> t<Variable_decl_assignment_list> p<156> c<154> l<27:13> el<27:20>
                        n<> u<154> t<Variable_decl_assignment> p<155> c<153> l<27:13> el<27:20>
                          n<bus_trn> u<153> t<SIMPLE_IDENTIFIER> p<154> l<27:13> el<27:20>
        n<// bus    data transfer> u<163> t<LINE_COMMENT> p<563> s<175> l<27:23> el<27:46>
        n<> u<175> t<Non_port_module_item> p<563> c<174> s<176> l<28:1> el<28:21>
          n<> u<174> t<Module_or_generate_item> p<175> c<173> l<28:1> el<28:21>
            n<> u<173> t<Module_common_item> p<174> c<172> l<28:1> el<28:21>
              n<> u<172> t<Module_or_generate_item_declaration> p<173> c<171> l<28:1> el<28:21>
                n<> u<171> t<Package_or_generate_item_declaration> p<172> c<170> l<28:1> el<28:21>
                  n<> u<170> t<Data_declaration> p<171> c<169> l<28:1> el<28:21>
                    n<> u<169> t<Variable_declaration> p<170> c<165> l<28:1> el<28:21>
                      n<> u<165> t<Data_type> p<169> c<164> s<168> l<28:1> el<28:6>
                        n<> u<164> t<LOGIC> p<165> l<28:1> el<28:6>
                      n<> u<168> t<Variable_decl_assignment_list> p<169> c<167> l<28:13> el<28:20>
                        n<> u<167> t<Variable_decl_assignment> p<168> c<166> l<28:13> el<28:20>
                          n<str_trn> u<166> t<SIMPLE_IDENTIFIER> p<167> l<28:13> el<28:20>
        n<// stream data transfer> u<176> t<LINE_COMMENT> p<563> s<198> l<28:23> el<28:46>
        n<> u<198> t<Non_port_module_item> p<563> c<197> s<199> l<30:1> el<30:21>
          n<> u<197> t<Module_or_generate_item> p<198> c<196> l<30:1> el<30:21>
            n<> u<196> t<Module_common_item> p<197> c<195> l<30:1> el<30:21>
              n<> u<195> t<Module_or_generate_item_declaration> p<196> c<194> l<30:1> el<30:21>
                n<> u<194> t<Package_or_generate_item_declaration> p<195> c<193> l<30:1> el<30:21>
                  n<> u<193> t<Data_declaration> p<194> c<192> l<30:1> el<30:21>
                    n<> u<192> t<Variable_declaration> p<193> c<188> l<30:1> el<30:21>
                      n<> u<188> t<Data_type> p<192> c<177> s<191> l<30:1> el<30:12>
                        n<> u<177> t<LOGIC> p<188> s<187> l<30:1> el<30:6>
                        n<> u<187> t<Packed_dimension> p<188> c<186> l<30:7> el<30:12>
                          n<> u<186> t<Constant_range> p<187> c<181> l<30:8> el<30:11>
                            n<> u<181> t<Constant_expression> p<186> c<180> s<185> l<30:8> el<30:9>
                              n<> u<180> t<Constant_primary> p<181> c<179> l<30:8> el<30:9>
                                n<> u<179> t<Primary_literal> p<180> c<178> l<30:8> el<30:9>
                                  n<2> u<178> t<INTEGRAL_NUMBER> p<179> l<30:8> el<30:9>
                            n<> u<185> t<Constant_expression> p<186> c<184> l<30:10> el<30:11>
                              n<> u<184> t<Constant_primary> p<185> c<183> l<30:10> el<30:11>
                                n<> u<183> t<Primary_literal> p<184> c<182> l<30:10> el<30:11>
                                  n<0> u<182> t<INTEGRAL_NUMBER> p<183> l<30:10> el<30:11>
                      n<> u<191> t<Variable_decl_assignment_list> p<192> c<190> l<30:13> el<30:20>
                        n<> u<190> t<Variable_decl_assignment> p<191> c<189> l<30:13> el<30:20>
                          n<pkt_cnt> u<189> t<SIMPLE_IDENTIFIER> p<190> l<30:13> el<30:20>
        n<// packet byte counter> u<199> t<LINE_COMMENT> p<563> s<211> l<30:23> el<30:45>
        n<> u<211> t<Non_port_module_item> p<563> c<210> s<212> l<31:1> el<31:21>
          n<> u<210> t<Module_or_generate_item> p<211> c<209> l<31:1> el<31:21>
            n<> u<209> t<Module_common_item> p<210> c<208> l<31:1> el<31:21>
              n<> u<208> t<Module_or_generate_item_declaration> p<209> c<207> l<31:1> el<31:21>
                n<> u<207> t<Package_or_generate_item_declaration> p<208> c<206> l<31:1> el<31:21>
                  n<> u<206> t<Data_declaration> p<207> c<205> l<31:1> el<31:21>
                    n<> u<205> t<Variable_declaration> p<206> c<201> l<31:1> el<31:21>
                      n<> u<201> t<Data_type> p<205> c<200> s<204> l<31:1> el<31:6>
                        n<> u<200> t<LOGIC> p<201> l<31:1> el<31:6>
                      n<> u<204> t<Variable_decl_assignment_list> p<205> c<203> l<31:13> el<31:20>
                        n<> u<203> t<Variable_decl_assignment> p<204> c<202> l<31:13> el<31:20>
                          n<pkt_end> u<202> t<SIMPLE_IDENTIFIER> p<203> l<31:13> el<31:20>
        n<// packet byte counter end> u<212> t<LINE_COMMENT> p<563> s<213> l<31:23> el<31:49>
        n<//t_bus       pkt_bus;  // transfer packet as a structure> u<213> t<LINE_COMMENT> p<563> s<214> l<33:1> el<33:58>
        n<//t_str       pkt_str;  // transfer packet as an array> u<214> t<LINE_COMMENT> p<563> s<224> l<34:1> el<34:55>
        n<> u<224> t<Non_port_module_item> p<563> c<223> s<225> l<35:1> el<35:21>
          n<> u<223> t<Module_or_generate_item> p<224> c<222> l<35:1> el<35:21>
            n<> u<222> t<Module_common_item> p<223> c<221> l<35:1> el<35:21>
              n<> u<221> t<Module_or_generate_item_declaration> p<222> c<220> l<35:1> el<35:21>
                n<> u<220> t<Package_or_generate_item_declaration> p<221> c<219> l<35:1> el<35:21>
                  n<> u<219> t<Net_declaration> p<220> c<215> l<35:1> el<35:21>
                    n<t_uni> u<215> t<SIMPLE_IDENTIFIER> p<219> s<218> l<35:1> el<35:6>
                    n<> u<218> t<Net_decl_assignment_list> p<219> c<217> l<35:13> el<35:20>
                      n<> u<217> t<Net_decl_assignment> p<218> c<216> l<35:13> el<35:20>
                        n<pkt_uni> u<216> t<SIMPLE_IDENTIFIER> p<217> l<35:13> el<35:20>
        n<// transfer packet as an union> u<225> t<LINE_COMMENT> p<563> s<226> l<35:23> el<35:53>
        n<// bus data transfer> u<226> t<LINE_COMMENT> p<563> s<247> l<37:1> el<37:21>
        n<> u<247> t<Non_port_module_item> p<563> c<246> s<248> l<38:1> el<38:36>
          n<> u<246> t<Module_or_generate_item> p<247> c<245> l<38:1> el<38:36>
            n<> u<245> t<Module_common_item> p<246> c<244> l<38:1> el<38:36>
              n<> u<244> t<Continuous_assign> p<245> c<243> l<38:1> el<38:36>
                n<> u<243> t<Net_assignment_list> p<244> c<242> l<38:8> el<38:35>
                  n<> u<242> t<Net_assignment> p<243> c<231> l<38:8> el<38:35>
                    n<> u<231> t<Net_lvalue> p<242> c<228> s<241> l<38:8> el<38:15>
                      n<> u<228> t<Ps_or_hierarchical_identifier> p<231> c<227> s<230> l<38:8> el<38:15>
                        n<bus_trn> u<227> t<SIMPLE_IDENTIFIER> p<228> l<38:8> el<38:15>
                      n<> u<230> t<Constant_select> p<231> c<229> l<38:16> el<38:16>
                        n<> u<229> t<Constant_bit_select> p<230> l<38:16> el<38:16>
                    n<> u<241> t<Expression> p<242> c<235> l<38:18> el<38:35>
                      n<> u<235> t<Expression> p<241> c<234> s<240> l<38:18> el<38:25>
                        n<> u<234> t<Primary> p<235> c<233> l<38:18> el<38:25>
                          n<> u<233> t<Primary_literal> p<234> c<232> l<38:18> el<38:25>
                            n<bus_vld> u<232> t<SIMPLE_IDENTIFIER> p<233> l<38:18> el<38:25>
                      n<> u<240> t<BinaryOp_BitwAnd> p<241> s<239> l<38:26> el<38:27>
                      n<> u<239> t<Expression> p<241> c<238> l<38:28> el<38:35>
                        n<> u<238> t<Primary> p<239> c<237> l<38:28> el<38:35>
                          n<> u<237> t<Primary_literal> p<238> c<236> l<38:28> el<38:35>
                            n<bus_rdy> u<236> t<SIMPLE_IDENTIFIER> p<237> l<38:28> el<38:35>
        n<// ready if pipe is empty or output is ready> u<248> t<LINE_COMMENT> p<563> s<271> l<40:1> el<40:45>
        n<> u<271> t<Non_port_module_item> p<563> c<270> s<272> l<41:1> el<41:37>
          n<> u<270> t<Module_or_generate_item> p<271> c<269> l<41:1> el<41:37>
            n<> u<269> t<Module_common_item> p<270> c<268> l<41:1> el<41:37>
              n<> u<268> t<Continuous_assign> p<269> c<267> l<41:1> el<41:37>
                n<> u<267> t<Net_assignment_list> p<268> c<266> l<41:8> el<41:36>
                  n<> u<266> t<Net_assignment> p<267> c<253> l<41:8> el<41:36>
                    n<> u<253> t<Net_lvalue> p<266> c<250> s<265> l<41:8> el<41:15>
                      n<> u<250> t<Ps_or_hierarchical_identifier> p<253> c<249> s<252> l<41:8> el<41:15>
                        n<bus_rdy> u<249> t<SIMPLE_IDENTIFIER> p<250> l<41:8> el<41:15>
                      n<> u<252> t<Constant_select> p<253> c<251> l<41:16> el<41:16>
                        n<> u<251> t<Constant_bit_select> p<252> l<41:16> el<41:16>
                    n<> u<265> t<Expression> p<266> c<259> l<41:18> el<41:36>
                      n<> u<259> t<Expression> p<265> c<258> s<264> l<41:18> el<41:26>
                        n<> u<258> t<TILDA> p<259> s<257> l<41:18> el<41:19>
                        n<> u<257> t<Expression> p<259> c<256> l<41:19> el<41:26>
                          n<> u<256> t<Primary> p<257> c<255> l<41:19> el<41:26>
                            n<> u<255> t<Primary_literal> p<256> c<254> l<41:19> el<41:26>
                              n<str_vld> u<254> t<SIMPLE_IDENTIFIER> p<255> l<41:19> el<41:26>
                      n<> u<264> t<BinaryOp_BitwOr> p<265> s<263> l<41:27> el<41:28>
                      n<> u<263> t<Expression> p<265> c<262> l<41:29> el<41:36>
                        n<> u<262> t<Primary> p<263> c<261> l<41:29> el<41:36>
                          n<> u<261> t<Primary_literal> p<262> c<260> l<41:29> el<41:36>
                            n<pkt_end> u<260> t<SIMPLE_IDENTIFIER> p<261> l<41:29> el<41:36>
        n<// writing input address/data into a structure> u<272> t<LINE_COMMENT> p<563> s<335> l<43:1> el<43:47>
        n<> u<335> t<Non_port_module_item> p<563> c<334> s<336> l<44:1> el<48:4>
          n<> u<334> t<Module_or_generate_item> p<335> c<333> l<44:1> el<48:4>
            n<> u<333> t<Module_common_item> p<334> c<332> l<44:1> el<48:4>
              n<> u<332> t<Always_construct> p<333> c<273> l<44:1> el<48:4>
                n<> u<273> t<ALWAYS> p<332> s<331> l<44:1> el<44:7>
                n<> u<331> t<Statement> p<332> c<330> l<44:8> el<48:4>
                  n<> u<330> t<Statement_item> p<331> c<329> l<44:8> el<48:4>
                    n<> u<329> t<Procedural_timing_control_statement> p<330> c<281> l<44:8> el<48:4>
                      n<> u<281> t<Procedural_timing_control> p<329> c<280> s<328> l<44:8> el<44:23>
                        n<> u<280> t<Event_control> p<281> c<279> l<44:8> el<44:23>
                          n<> u<279> t<Event_expression> p<280> c<274> l<44:11> el<44:22>
                            n<> u<274> t<POSEDGE> p<279> s<278> l<44:11> el<44:18>
                            n<> u<278> t<Expression> p<279> c<277> l<44:19> el<44:22>
                              n<> u<277> t<Primary> p<278> c<276> l<44:19> el<44:22>
                                n<> u<276> t<Primary_literal> p<277> c<275> l<44:19> el<44:22>
                                  n<clk> u<275> t<SIMPLE_IDENTIFIER> p<276> l<44:19> el<44:22>
                      n<> u<328> t<Statement_or_null> p<329> c<327> l<45:1> el<48:4>
                        n<> u<327> t<Statement> p<328> c<326> l<45:1> el<48:4>
                          n<> u<326> t<Statement_item> p<327> c<325> l<45:1> el<48:4>
                            n<> u<325> t<Conditional_statement> p<326> c<287> l<45:1> el<48:4>
                              n<> u<287> t<Cond_predicate> p<325> c<286> s<324> l<45:5> el<45:12>
                                n<> u<286> t<Expression_or_cond_pattern> p<287> c<285> l<45:5> el<45:12>
                                  n<> u<285> t<Expression> p<286> c<284> l<45:5> el<45:12>
                                    n<> u<284> t<Primary> p<285> c<283> l<45:5> el<45:12>
                                      n<> u<283> t<Primary_literal> p<284> c<282> l<45:5> el<45:12>
                                        n<bus_trn> u<282> t<SIMPLE_IDENTIFIER> p<283> l<45:5> el<45:12>
                              n<> u<324> t<Statement_or_null> p<325> c<323> l<45:14> el<48:4>
                                n<> u<323> t<Statement> p<324> c<322> l<45:14> el<48:4>
                                  n<> u<322> t<Statement_item> p<323> c<321> l<45:14> el<48:4>
                                    n<> u<321> t<Seq_block> p<322> c<303> l<45:14> el<48:4>
                                      n<> u<303> t<Statement_or_null> p<321> c<302> s<319> l<46:3> el<46:30>
                                        n<> u<302> t<Statement> p<303> c<301> l<46:3> el<46:30>
                                          n<> u<301> t<Statement_item> p<302> c<300> l<46:3> el<46:30>
                                            n<> u<300> t<Nonblocking_assignment> p<301> c<295> l<46:3> el<46:29>
                                              n<> u<295> t<Variable_lvalue> p<300> c<289> s<299> l<46:3> el<46:18>
                                                n<> u<289> t<Ps_or_hierarchical_identifier> p<295> c<288> s<294> l<46:3> el<46:10>
                                                  n<pkt_uni> u<288> t<SIMPLE_IDENTIFIER> p<289> l<46:3> el<46:10>
                                                n<> u<294> t<Select> p<295> c<290> l<46:10> el<46:18>
                                                  n<bus> u<290> t<SIMPLE_IDENTIFIER> p<294> s<291> l<46:11> el<46:14>
                                                  n<> u<291> t<Bit_select> p<294> s<292> l<46:14> el<46:14>
                                                  n<adr> u<292> t<SIMPLE_IDENTIFIER> p<294> s<293> l<46:15> el<46:18>
                                                  n<> u<293> t<Bit_select> p<294> l<46:19> el<46:19>
                                              n<> u<299> t<Expression> p<300> c<298> l<46:22> el<46:29>
                                                n<> u<298> t<Primary> p<299> c<297> l<46:22> el<46:29>
                                                  n<> u<297> t<Primary_literal> p<298> c<296> l<46:22> el<46:29>
                                                    n<bus_adr> u<296> t<SIMPLE_IDENTIFIER> p<297> l<46:22> el<46:29>
                                      n<> u<319> t<Statement_or_null> p<321> c<318> s<320> l<47:3> el<47:30>
                                        n<> u<318> t<Statement> p<319> c<317> l<47:3> el<47:30>
                                          n<> u<317> t<Statement_item> p<318> c<316> l<47:3> el<47:30>
                                            n<> u<316> t<Nonblocking_assignment> p<317> c<311> l<47:3> el<47:29>
                                              n<> u<311> t<Variable_lvalue> p<316> c<305> s<315> l<47:3> el<47:18>
                                                n<> u<305> t<Ps_or_hierarchical_identifier> p<311> c<304> s<310> l<47:3> el<47:10>
                                                  n<pkt_uni> u<304> t<SIMPLE_IDENTIFIER> p<305> l<47:3> el<47:10>
                                                n<> u<310> t<Select> p<311> c<306> l<47:10> el<47:18>
                                                  n<bus> u<306> t<SIMPLE_IDENTIFIER> p<310> s<307> l<47:11> el<47:14>
                                                  n<> u<307> t<Bit_select> p<310> s<308> l<47:14> el<47:14>
                                                  n<dat> u<308> t<SIMPLE_IDENTIFIER> p<310> s<309> l<47:15> el<47:18>
                                                  n<> u<309> t<Bit_select> p<310> l<47:19> el<47:19>
                                              n<> u<315> t<Expression> p<316> c<314> l<47:22> el<47:29>
                                                n<> u<314> t<Primary> p<315> c<313> l<47:22> el<47:29>
                                                  n<> u<313> t<Primary_literal> p<314> c<312> l<47:22> el<47:29>
                                                    n<bus_dat> u<312> t<SIMPLE_IDENTIFIER> p<313> l<47:22> el<47:29>
                                      n<> u<320> t<END> p<321> l<48:1> el<48:4>
        n<// output valid is set by an input transfer> u<336> t<LINE_COMMENT> p<563> s<337> l<50:1> el<50:44>
        n<// or cleared by the last output transfer> u<337> t<LINE_COMMENT> p<563> s<412> l<51:1> el<51:42>
        n<> u<412> t<Non_port_module_item> p<563> c<411> s<413> l<52:1> el<54:62>
          n<> u<411> t<Module_or_generate_item> p<412> c<410> l<52:1> el<54:62>
            n<> u<410> t<Module_common_item> p<411> c<409> l<52:1> el<54:62>
              n<> u<409> t<Always_construct> p<410> c<338> l<52:1> el<54:62>
                n<> u<338> t<ALWAYS> p<409> s<408> l<52:1> el<52:7>
                n<> u<408> t<Statement> p<409> c<407> l<52:8> el<54:62>
                  n<> u<407> t<Statement_item> p<408> c<406> l<52:8> el<54:62>
                    n<> u<406> t<Procedural_timing_control_statement> p<407> c<354> l<52:8> el<54:62>
                      n<> u<354> t<Procedural_timing_control> p<406> c<353> s<405> l<52:8> el<52:36>
                        n<> u<353> t<Event_control> p<354> c<352> l<52:8> el<52:36>
                          n<> u<352> t<Event_expression> p<353> c<344> l<52:11> el<52:35>
                            n<> u<344> t<Event_expression> p<352> c<339> s<351> l<52:11> el<52:22>
                              n<> u<339> t<POSEDGE> p<344> s<343> l<52:11> el<52:18>
                              n<> u<343> t<Expression> p<344> c<342> l<52:19> el<52:22>
                                n<> u<342> t<Primary> p<343> c<341> l<52:19> el<52:22>
                                  n<> u<341> t<Primary_literal> p<342> c<340> l<52:19> el<52:22>
                                    n<clk> u<340> t<SIMPLE_IDENTIFIER> p<341> l<52:19> el<52:22>
                            n<> u<351> t<Event_expression> p<352> c<346> s<345> l<52:24> el<52:35>
                              n<> u<346> t<POSEDGE> p<351> s<350> l<52:24> el<52:31>
                              n<> u<350> t<Expression> p<351> c<349> l<52:32> el<52:35>
                                n<> u<349> t<Primary> p<350> c<348> l<52:32> el<52:35>
                                  n<> u<348> t<Primary_literal> p<349> c<347> l<52:32> el<52:35>
                                    n<rst> u<347> t<SIMPLE_IDENTIFIER> p<348> l<52:32> el<52:35>
                            n<> u<345> t<COMMA> p<352> l<52:22> el<52:23>
                      n<> u<405> t<Statement_or_null> p<406> c<404> l<53:1> el<54:62>
                        n<> u<404> t<Statement> p<405> c<403> l<53:1> el<54:62>
                          n<> u<403> t<Statement_item> p<404> c<402> l<53:1> el<54:62>
                            n<> u<402> t<Conditional_statement> p<403> c<360> l<53:1> el<54:62>
                              n<> u<360> t<Cond_predicate> p<402> c<359> s<373> l<53:5> el<53:8>
                                n<> u<359> t<Expression_or_cond_pattern> p<360> c<358> l<53:5> el<53:8>
                                  n<> u<358> t<Expression> p<359> c<357> l<53:5> el<53:8>
                                    n<> u<357> t<Primary> p<358> c<356> l<53:5> el<53:8>
                                      n<> u<356> t<Primary_literal> p<357> c<355> l<53:5> el<53:8>
                                        n<rst> u<355> t<SIMPLE_IDENTIFIER> p<356> l<53:5> el<53:8>
                              n<> u<373> t<Statement_or_null> p<402> c<372> s<401> l<53:20> el<53:36>
                                n<> u<372> t<Statement> p<373> c<371> l<53:20> el<53:36>
                                  n<> u<371> t<Statement_item> p<372> c<370> l<53:20> el<53:36>
                                    n<> u<370> t<Nonblocking_assignment> p<371> c<365> l<53:20> el<53:35>
                                      n<> u<365> t<Variable_lvalue> p<370> c<362> s<369> l<53:20> el<53:27>
                                        n<> u<362> t<Ps_or_hierarchical_identifier> p<365> c<361> s<364> l<53:20> el<53:27>
                                          n<str_vld> u<361> t<SIMPLE_IDENTIFIER> p<362> l<53:20> el<53:27>
                                        n<> u<364> t<Select> p<365> c<363> l<53:28> el<53:28>
                                          n<> u<363> t<Bit_select> p<364> l<53:28> el<53:28>
                                      n<> u<369> t<Expression> p<370> c<368> l<53:31> el<53:35>
                                        n<> u<368> t<Primary> p<369> c<367> l<53:31> el<53:35>
                                          n<> u<367> t<Primary_literal> p<368> c<366> l<53:31> el<53:35>
                                            n<> u<366> t<ONE_TICK_b0> p<367> l<53:31> el<53:35>
                              n<> u<401> t<Statement_or_null> p<402> c<400> l<54:20> el<54:62>
                                n<> u<400> t<Statement> p<401> c<399> l<54:20> el<54:62>
                                  n<> u<399> t<Statement_item> p<400> c<398> l<54:20> el<54:62>
                                    n<> u<398> t<Nonblocking_assignment> p<399> c<378> l<54:20> el<54:61>
                                      n<> u<378> t<Variable_lvalue> p<398> c<375> s<397> l<54:20> el<54:27>
                                        n<> u<375> t<Ps_or_hierarchical_identifier> p<378> c<374> s<377> l<54:20> el<54:27>
                                          n<str_vld> u<374> t<SIMPLE_IDENTIFIER> p<375> l<54:20> el<54:27>
                                        n<> u<377> t<Select> p<378> c<376> l<54:28> el<54:28>
                                          n<> u<376> t<Bit_select> p<377> l<54:28> el<54:28>
                                      n<> u<397> t<Expression> p<398> c<382> l<54:31> el<54:61>
                                        n<> u<382> t<Expression> p<397> c<381> s<396> l<54:31> el<54:38>
                                          n<> u<381> t<Primary> p<382> c<380> l<54:31> el<54:38>
                                            n<> u<380> t<Primary_literal> p<381> c<379> l<54:31> el<54:38>
                                              n<bus_trn> u<379> t<SIMPLE_IDENTIFIER> p<380> l<54:31> el<54:38>
                                        n<> u<396> t<BinaryOp_BitwOr> p<397> s<395> l<54:39> el<54:40>
                                        n<> u<395> t<Expression> p<397> c<394> l<54:41> el<54:61>
                                          n<> u<394> t<Expression> p<395> c<386> l<54:42> el<54:60>
                                            n<> u<386> t<Expression> p<394> c<385> s<393> l<54:42> el<54:49>
                                              n<> u<385> t<Primary> p<386> c<384> l<54:42> el<54:49>
                                                n<> u<384> t<Primary_literal> p<385> c<383> l<54:42> el<54:49>
                                                  n<str_vld> u<383> t<SIMPLE_IDENTIFIER> p<384> l<54:42> el<54:49>
                                            n<> u<393> t<BinaryOp_BitwAnd> p<394> s<392> l<54:50> el<54:51>
                                            n<> u<392> t<Expression> p<394> c<391> l<54:52> el<54:60>
                                              n<> u<391> t<TILDA> p<392> s<390> l<54:52> el<54:53>
                                              n<> u<390> t<Expression> p<392> c<389> l<54:53> el<54:60>
                                                n<> u<389> t<Primary> p<390> c<388> l<54:53> el<54:60>
                                                  n<> u<388> t<Primary_literal> p<389> c<387> l<54:53> el<54:60>
                                                    n<pkt_end> u<387> t<SIMPLE_IDENTIFIER> p<388> l<54:53> el<54:60>
        n<// packet byte counter> u<413> t<LINE_COMMENT> p<563> s<489> l<56:1> el<56:23>
        n<> u<489> t<Non_port_module_item> p<563> c<488> s<490> l<57:1> el<59:46>
          n<> u<488> t<Module_or_generate_item> p<489> c<487> l<57:1> el<59:46>
            n<> u<487> t<Module_common_item> p<488> c<486> l<57:1> el<59:46>
              n<> u<486> t<Always_construct> p<487> c<414> l<57:1> el<59:46>
                n<> u<414> t<ALWAYS> p<486> s<485> l<57:1> el<57:7>
                n<> u<485> t<Statement> p<486> c<484> l<57:8> el<59:46>
                  n<> u<484> t<Statement_item> p<485> c<483> l<57:8> el<59:46>
                    n<> u<483> t<Procedural_timing_control_statement> p<484> c<430> l<57:8> el<59:46>
                      n<> u<430> t<Procedural_timing_control> p<483> c<429> s<482> l<57:8> el<57:36>
                        n<> u<429> t<Event_control> p<430> c<428> l<57:8> el<57:36>
                          n<> u<428> t<Event_expression> p<429> c<420> l<57:11> el<57:35>
                            n<> u<420> t<Event_expression> p<428> c<415> s<427> l<57:11> el<57:22>
                              n<> u<415> t<POSEDGE> p<420> s<419> l<57:11> el<57:18>
                              n<> u<419> t<Expression> p<420> c<418> l<57:19> el<57:22>
                                n<> u<418> t<Primary> p<419> c<417> l<57:19> el<57:22>
                                  n<> u<417> t<Primary_literal> p<418> c<416> l<57:19> el<57:22>
                                    n<clk> u<416> t<SIMPLE_IDENTIFIER> p<417> l<57:19> el<57:22>
                            n<> u<427> t<Event_expression> p<428> c<422> s<421> l<57:24> el<57:35>
                              n<> u<422> t<POSEDGE> p<427> s<426> l<57:24> el<57:31>
                              n<> u<426> t<Expression> p<427> c<425> l<57:32> el<57:35>
                                n<> u<425> t<Primary> p<426> c<424> l<57:32> el<57:35>
                                  n<> u<424> t<Primary_literal> p<425> c<423> l<57:32> el<57:35>
                                    n<rst> u<423> t<SIMPLE_IDENTIFIER> p<424> l<57:32> el<57:35>
                            n<> u<421> t<COMMA> p<428> l<57:22> el<57:23>
                      n<> u<482> t<Statement_or_null> p<483> c<481> l<58:1> el<59:46>
                        n<> u<481> t<Statement> p<482> c<480> l<58:1> el<59:46>
                          n<> u<480> t<Statement_item> p<481> c<479> l<58:1> el<59:46>
                            n<> u<479> t<Conditional_statement> p<480> c<436> l<58:1> el<59:46>
                              n<> u<436> t<Cond_predicate> p<479> c<435> s<449> l<58:5> el<58:8>
                                n<> u<435> t<Expression_or_cond_pattern> p<436> c<434> l<58:5> el<58:8>
                                  n<> u<434> t<Expression> p<435> c<433> l<58:5> el<58:8>
                                    n<> u<433> t<Primary> p<434> c<432> l<58:5> el<58:8>
                                      n<> u<432> t<Primary_literal> p<433> c<431> l<58:5> el<58:8>
                                        n<rst> u<431> t<SIMPLE_IDENTIFIER> p<432> l<58:5> el<58:8>
                              n<> u<449> t<Statement_or_null> p<479> c<448> s<478> l<58:20> el<58:36>
                                n<> u<448> t<Statement> p<449> c<447> l<58:20> el<58:36>
                                  n<> u<447> t<Statement_item> p<448> c<446> l<58:20> el<58:36>
                                    n<> u<446> t<Nonblocking_assignment> p<447> c<441> l<58:20> el<58:35>
                                      n<> u<441> t<Variable_lvalue> p<446> c<438> s<445> l<58:20> el<58:27>
                                        n<> u<438> t<Ps_or_hierarchical_identifier> p<441> c<437> s<440> l<58:20> el<58:27>
                                          n<pkt_cnt> u<437> t<SIMPLE_IDENTIFIER> p<438> l<58:20> el<58:27>
                                        n<> u<440> t<Select> p<441> c<439> l<58:28> el<58:28>
                                          n<> u<439> t<Bit_select> p<440> l<58:28> el<58:28>
                                      n<> u<445> t<Expression> p<446> c<444> l<58:31> el<58:35>
                                        n<> u<444> t<Primary> p<445> c<443> l<58:31> el<58:35>
                                          n<> u<443> t<Primary_literal> p<444> c<442> l<58:31> el<58:35>
                                            n<4'd0> u<442> t<INTEGRAL_NUMBER> p<443> l<58:31> el<58:35>
                              n<> u<478> t<Statement_or_null> p<479> c<477> l<59:6> el<59:46>
                                n<> u<477> t<Statement> p<478> c<476> l<59:6> el<59:46>
                                  n<> u<476> t<Statement_item> p<477> c<475> l<59:6> el<59:46>
                                    n<> u<475> t<Conditional_statement> p<476> c<455> l<59:6> el<59:46>
                                      n<> u<455> t<Cond_predicate> p<475> c<454> s<474> l<59:10> el<59:17>
                                        n<> u<454> t<Expression_or_cond_pattern> p<455> c<453> l<59:10> el<59:17>
                                          n<> u<453> t<Expression> p<454> c<452> l<59:10> el<59:17>
                                            n<> u<452> t<Primary> p<453> c<451> l<59:10> el<59:17>
                                              n<> u<451> t<Primary_literal> p<452> c<450> l<59:10> el<59:17>
                                                n<str_trn> u<450> t<SIMPLE_IDENTIFIER> p<451> l<59:10> el<59:17>
                                      n<> u<474> t<Statement_or_null> p<475> c<473> l<59:20> el<59:46>
                                        n<> u<473> t<Statement> p<474> c<472> l<59:20> el<59:46>
                                          n<> u<472> t<Statement_item> p<473> c<471> l<59:20> el<59:46>
                                            n<> u<471> t<Nonblocking_assignment> p<472> c<460> l<59:20> el<59:45>
                                              n<> u<460> t<Variable_lvalue> p<471> c<457> s<470> l<59:20> el<59:27>
                                                n<> u<457> t<Ps_or_hierarchical_identifier> p<460> c<456> s<459> l<59:20> el<59:27>
                                                  n<pkt_cnt> u<456> t<SIMPLE_IDENTIFIER> p<457> l<59:20> el<59:27>
                                                n<> u<459> t<Select> p<460> c<458> l<59:28> el<59:28>
                                                  n<> u<458> t<Bit_select> p<459> l<59:28> el<59:28>
                                              n<> u<470> t<Expression> p<471> c<464> l<59:31> el<59:45>
                                                n<> u<464> t<Expression> p<470> c<463> s<469> l<59:31> el<59:38>
                                                  n<> u<463> t<Primary> p<464> c<462> l<59:31> el<59:38>
                                                    n<> u<462> t<Primary_literal> p<463> c<461> l<59:31> el<59:38>
                                                      n<pkt_cnt> u<461> t<SIMPLE_IDENTIFIER> p<462> l<59:31> el<59:38>
                                                n<> u<469> t<BinaryOp_Plus> p<470> s<468> l<59:39> el<59:40>
                                                n<> u<468> t<Expression> p<470> c<467> l<59:41> el<59:45>
                                                  n<> u<467> t<Primary> p<468> c<466> l<59:41> el<59:45>
                                                    n<> u<466> t<Primary_literal> p<467> c<465> l<59:41> el<59:45>
                                                      n<3'd1> u<465> t<INTEGRAL_NUMBER> p<466> l<59:41> el<59:45>
        n<// packet byte counter end> u<490> t<LINE_COMMENT> p<563> s<514> l<61:1> el<61:27>
        n<> u<514> t<Non_port_module_item> p<563> c<513> s<515> l<62:1> el<62:39>
          n<> u<513> t<Module_or_generate_item> p<514> c<512> l<62:1> el<62:39>
            n<> u<512> t<Module_common_item> p<513> c<511> l<62:1> el<62:39>
              n<> u<511> t<Continuous_assign> p<512> c<510> l<62:1> el<62:39>
                n<> u<510> t<Net_assignment_list> p<511> c<509> l<62:8> el<62:38>
                  n<> u<509> t<Net_assignment> p<510> c<495> l<62:8> el<62:38>
                    n<> u<495> t<Net_lvalue> p<509> c<492> s<508> l<62:8> el<62:15>
                      n<> u<492> t<Ps_or_hierarchical_identifier> p<495> c<491> s<494> l<62:8> el<62:15>
                        n<pkt_end> u<491> t<SIMPLE_IDENTIFIER> p<492> l<62:8> el<62:15>
                      n<> u<494> t<Constant_select> p<495> c<493> l<62:16> el<62:16>
                        n<> u<493> t<Constant_bit_select> p<494> l<62:16> el<62:16>
                    n<> u<508> t<Expression> p<509> c<499> l<62:18> el<62:38>
                      n<> u<499> t<Expression> p<508> c<498> s<507> l<62:18> el<62:25>
                        n<> u<498> t<Primary> p<499> c<497> l<62:18> el<62:25>
                          n<> u<497> t<Primary_literal> p<498> c<496> l<62:18> el<62:25>
                            n<str_rdy> u<496> t<SIMPLE_IDENTIFIER> p<497> l<62:18> el<62:25>
                      n<> u<507> t<BinaryOp_BitwAnd> p<508> s<506> l<62:26> el<62:27>
                      n<> u<506> t<Expression> p<508> c<505> l<62:28> el<62:38>
                        n<> u<505> t<Expression> p<506> c<504> l<62:29> el<62:37>
                          n<> u<504> t<UnaryOp_BitwAnd> p<505> s<503> l<62:29> el<62:30>
                          n<> u<503> t<Expression> p<505> c<502> l<62:30> el<62:37>
                            n<> u<502> t<Primary> p<503> c<501> l<62:30> el<62:37>
                              n<> u<501> t<Primary_literal> p<502> c<500> l<62:30> el<62:37>
                                n<pkt_cnt> u<500> t<SIMPLE_IDENTIFIER> p<501> l<62:30> el<62:37>
        n<// TODO, this should be a registered signal> u<515> t<LINE_COMMENT> p<563> s<538> l<64:1> el<64:44>
        n<> u<538> t<Non_port_module_item> p<563> c<537> s<539> l<65:1> el<65:40>
          n<> u<537> t<Module_or_generate_item> p<538> c<536> l<65:1> el<65:40>
            n<> u<536> t<Module_common_item> p<537> c<535> l<65:1> el<65:40>
              n<> u<535> t<Continuous_assign> p<536> c<534> l<65:1> el<65:40>
                n<> u<534> t<Net_assignment_list> p<535> c<533> l<65:8> el<65:39>
                  n<> u<533> t<Net_assignment> p<534> c<520> l<65:8> el<65:39>
                    n<> u<520> t<Net_lvalue> p<533> c<517> s<532> l<65:8> el<65:15>
                      n<> u<517> t<Ps_or_hierarchical_identifier> p<520> c<516> s<519> l<65:8> el<65:15>
                        n<str_bus> u<516> t<SIMPLE_IDENTIFIER> p<517> l<65:8> el<65:15>
                      n<> u<519> t<Constant_select> p<520> c<518> l<65:16> el<65:16>
                        n<> u<518> t<Constant_bit_select> p<519> l<65:16> el<65:16>
                    n<> u<532> t<Expression> p<533> c<531> l<65:18> el<65:39>
                      n<> u<531> t<Primary> p<532> c<530> l<65:18> el<65:39>
                        n<> u<530> t<Subroutine_call> p<531> c<521> l<65:18> el<65:39>
                          n<pkt_uni> u<521> t<SIMPLE_IDENTIFIER> p<530> s<522> l<65:18> el<65:25>
                          n<> u<522> t<Constant_bit_select> p<530> s<523> l<65:25> el<65:25>
                          n<str> u<523> t<SIMPLE_IDENTIFIER> p<530> s<529> l<65:26> el<65:29>
                          n<> u<529> t<Select> p<530> c<528> l<65:30> el<65:39>
                            n<> u<528> t<Bit_select> p<529> c<527> l<65:30> el<65:39>
                              n<> u<527> t<Expression> p<528> c<526> l<65:31> el<65:38>
                                n<> u<526> t<Primary> p<527> c<525> l<65:31> el<65:38>
                                  n<> u<525> t<Primary_literal> p<526> c<524> l<65:31> el<65:38>
                                    n<pkt_cnt> u<524> t<SIMPLE_IDENTIFIER> p<525> l<65:31> el<65:38>
        n<// stream data transfer> u<539> t<LINE_COMMENT> p<563> s<560> l<67:1> el<67:24>
        n<> u<560> t<Non_port_module_item> p<563> c<559> s<562> l<68:1> el<68:36>
          n<> u<559> t<Module_or_generate_item> p<560> c<558> l<68:1> el<68:36>
            n<> u<558> t<Module_common_item> p<559> c<557> l<68:1> el<68:36>
              n<> u<557> t<Continuous_assign> p<558> c<556> l<68:1> el<68:36>
                n<> u<556> t<Net_assignment_list> p<557> c<555> l<68:8> el<68:35>
                  n<> u<555> t<Net_assignment> p<556> c<544> l<68:8> el<68:35>
                    n<> u<544> t<Net_lvalue> p<555> c<541> s<554> l<68:8> el<68:15>
                      n<> u<541> t<Ps_or_hierarchical_identifier> p<544> c<540> s<543> l<68:8> el<68:15>
                        n<str_trn> u<540> t<SIMPLE_IDENTIFIER> p<541> l<68:8> el<68:15>
                      n<> u<543> t<Constant_select> p<544> c<542> l<68:16> el<68:16>
                        n<> u<542> t<Constant_bit_select> p<543> l<68:16> el<68:16>
                    n<> u<554> t<Expression> p<555> c<548> l<68:18> el<68:35>
                      n<> u<548> t<Expression> p<554> c<547> s<553> l<68:18> el<68:25>
                        n<> u<547> t<Primary> p<548> c<546> l<68:18> el<68:25>
                          n<> u<546> t<Primary_literal> p<547> c<545> l<68:18> el<68:25>
                            n<str_vld> u<545> t<SIMPLE_IDENTIFIER> p<546> l<68:18> el<68:25>
                      n<> u<553> t<BinaryOp_BitwAnd> p<554> s<552> l<68:26> el<68:27>
                      n<> u<552> t<Expression> p<554> c<551> l<68:28> el<68:35>
                        n<> u<551> t<Primary> p<552> c<550> l<68:28> el<68:35>
                          n<> u<550> t<Primary_literal> p<551> c<549> l<68:28> el<68:35>
                            n<str_rdy> u<549> t<SIMPLE_IDENTIFIER> p<550> l<68:28> el<68:35>
        n<> u<562> t<ENDMODULE> p<563> s<561> l<70:1> el<70:10>
        n<sv_bus_mux_demux_mux> u<561> t<SIMPLE_IDENTIFIER> p<563> l<70:13> el<70:33>
AST_DEBUG_END
[INF:CP5804] $Source01/sv_bus_mux_demux_mux.sv:12:1: Compile module "sv_bus_mux_demux_mux".
[WRN:CP5851] $Source01/sv_bus_mux_demux_mux.sv:35:1: Failed to bind "t_uni".
[WRN:CP5851] $Source01/sv_bus_mux_demux_mux.sv:46:11: Failed to bind "bus".
[WRN:CP5851] $Source01/sv_bus_mux_demux_mux.sv:46:15: Failed to bind "adr".
[WRN:CP5851] $Source01/sv_bus_mux_demux_mux.sv:47:11: Failed to bind "bus".
[WRN:CP5851] $Source01/sv_bus_mux_demux_mux.sv:47:15: Failed to bind "dat".
[INF:CM5028] Using global timescale: "1ns/1ns".
====== HLDB =======
Design name:unnamed:
  vpiName: unnamed
  vpiSourceFile (1 items):
    SourceFile name:sv_bus_mux_demux_mux.sv file:$Source01/sv_bus_mux_demux_mux.sv:
      vpiParent: Design name:unnamed
      vpiName: sv_bus_mux_demux_mux.sv
      vpiPreprocFile: "$Output/lib/work/sv_bus_mux_demux_mux.sv"
  vpiAllModules (1 items):
    Module name:sv_bus_mux_demux_mux file:$Source01/sv_bus_mux_demux_mux.sv start:12:1 end:70:33:
      vpiParent: Design name:unnamed
      vpiName Identifier name:sv_bus_mux_demux_mux start:12:8 end:12:28:
      vpiFullName: sv_bus_mux_demux_mux
      vpiVariable (8 items):
        Variable name:bus_rdy start:20:23 end:20:30:
          vpiParent: Module name:sv_bus_mux_demux_mux
          vpiTypespec RefTypespec start:20:10 end:20:15:
            vpiParent: Variable name:bus_rdy
            vpiFullName: sv_bus_mux_demux_mux.bus_rdy
            vpiActual: LogicTypespec
          vpiName: bus_rdy
          vpiFullName: sv_bus_mux_demux_mux.bus_rdy
          vpiScalar: true
        Variable name:str_vld start:22:23 end:22:30:
          vpiParent: Module name:sv_bus_mux_demux_mux
          vpiTypespec RefTypespec start:22:10 end:22:15:
            vpiParent: Variable name:str_vld
            vpiFullName: sv_bus_mux_demux_mux.str_vld
            vpiActual: LogicTypespec
          vpiName: str_vld
          vpiFullName: sv_bus_mux_demux_mux.str_vld
          vpiScalar: true
        Variable name:str_bus start:23:23 end:23:30:
          vpiParent: Module name:sv_bus_mux_demux_mux
          vpiTypespec RefTypespec start:23:10 end:23:22:
            vpiParent: Variable name:str_bus
            vpiFullName: sv_bus_mux_demux_mux.str_bus
            vpiActual: LogicTypespec
          vpiName: str_bus
          vpiFullName: sv_bus_mux_demux_mux.str_bus
          vpiVector: true
        Variable name:bus_trn start:27:13 end:27:20:
          vpiParent: Module name:sv_bus_mux_demux_mux
          vpiTypespec RefTypespec start:27:1 end:27:6:
            vpiParent: Variable name:bus_trn
            vpiFullName: sv_bus_mux_demux_mux.bus_trn
            vpiActual: LogicTypespec
          vpiName: bus_trn
          vpiFullName: sv_bus_mux_demux_mux.bus_trn
          vpiScalar: true
        Variable name:str_trn start:28:13 end:28:20:
          vpiParent: Module name:sv_bus_mux_demux_mux
          vpiTypespec RefTypespec start:28:1 end:28:6:
            vpiParent: Variable name:str_trn
            vpiFullName: sv_bus_mux_demux_mux.str_trn
            vpiActual: LogicTypespec
          vpiName: str_trn
          vpiFullName: sv_bus_mux_demux_mux.str_trn
          vpiScalar: true
        Variable name:pkt_cnt start:30:13 end:30:20:
          vpiParent: Module name:sv_bus_mux_demux_mux
          vpiTypespec RefTypespec start:30:1 end:30:12:
            vpiParent: Variable name:pkt_cnt
            vpiFullName: sv_bus_mux_demux_mux.pkt_cnt
            vpiActual: LogicTypespec
          vpiName: pkt_cnt
          vpiFullName: sv_bus_mux_demux_mux.pkt_cnt
          vpiVector: true
        Variable name:pkt_end start:31:13 end:31:20:
          vpiParent: Module name:sv_bus_mux_demux_mux
          vpiTypespec RefTypespec start:31:1 end:31:6:
            vpiParent: Variable name:pkt_end
            vpiFullName: sv_bus_mux_demux_mux.pkt_end
            vpiActual: LogicTypespec
          vpiName: pkt_end
          vpiFullName: sv_bus_mux_demux_mux.pkt_end
          vpiScalar: true
        Variable name:pkt_uni start:35:13 end:35:20:
          vpiParent: Module name:sv_bus_mux_demux_mux
          vpiTypespec RefTypespec name:t_uni start:35:1 end:35:6:
            vpiParent: Variable name:pkt_uni
            vpiName: t_uni
            vpiFullName: sv_bus_mux_demux_mux.pkt_uni.t_uni
          vpiName: pkt_uni
          vpiFullName: sv_bus_mux_demux_mux.pkt_uni
      vpiTypespec (6 items):
        LogicTypespec:
          vpiParent: Module name:sv_bus_mux_demux_mux
        LogicTypespec:
          vpiParent: Module name:sv_bus_mux_demux_mux
          vpiRange (1 items):
            Range start:18:16 end:18:22:
              vpiParent: LogicTypespec
              vpiLeftRange Constant start:18:17 end:18:19:
                vpiParent: Range
                vpiTypespec RefTypespec:
                  vpiParent: Constant
                  vpiFullName: sv_bus_mux_demux_mux
                  vpiActual: IntTypespec
                vpiConstType: unsigned int (9)
                vpiSize: 64
                vpiDecompile: "31"
                vpiValue: 31
              vpiRightRange Constant start:18:20 end:18:21:
                vpiParent: Range
                vpiTypespec RefTypespec:
                  vpiParent: Constant
                  vpiFullName: sv_bus_mux_demux_mux
                  vpiActual: IntTypespec
                vpiConstType: unsigned int (9)
                vpiSize: 64
                vpiDecompile: "0"
                vpiValue: 0
          vpiVector: true
        LogicTypespec:
          vpiParent: Module name:sv_bus_mux_demux_mux
          vpiRange (1 items):
            Range start:19:16 end:19:22:
              vpiParent: LogicTypespec
              vpiLeftRange Constant start:19:17 end:19:19:
                vpiParent: Range
                vpiTypespec RefTypespec:
                  vpiParent: Constant
                  vpiFullName: sv_bus_mux_demux_mux
                  vpiActual: IntTypespec
                vpiConstType: unsigned int (9)
                vpiSize: 64
                vpiDecompile: "31"
                vpiValue: 31
              vpiRightRange Constant start:19:20 end:19:21:
                vpiParent: Range
                vpiTypespec RefTypespec:
                  vpiParent: Constant
                  vpiFullName: sv_bus_mux_demux_mux
                  vpiActual: IntTypespec
                vpiConstType: unsigned int (9)
                vpiSize: 64
                vpiDecompile: "0"
                vpiValue: 0
          vpiVector: true
        LogicTypespec:
          vpiParent: Module name:sv_bus_mux_demux_mux
          vpiRange (1 items):
            Range start:23:17 end:23:22:
              vpiParent: LogicTypespec
              vpiLeftRange Constant start:23:18 end:23:19:
                vpiParent: Range
                vpiTypespec RefTypespec:
                  vpiParent: Constant
                  vpiFullName: sv_bus_mux_demux_mux
                  vpiActual: IntTypespec
                vpiConstType: unsigned int (9)
                vpiSize: 64
                vpiDecompile: "7"
                vpiValue: 7
              vpiRightRange Constant start:23:20 end:23:21:
                vpiParent: Range
                vpiTypespec RefTypespec:
                  vpiParent: Constant
                  vpiFullName: sv_bus_mux_demux_mux
                  vpiActual: IntTypespec
                vpiConstType: unsigned int (9)
                vpiSize: 64
                vpiDecompile: "0"
                vpiValue: 0
          vpiVector: true
        LogicTypespec:
          vpiParent: Module name:sv_bus_mux_demux_mux
          vpiRange (1 items):
            Range start:30:7 end:30:12:
              vpiParent: LogicTypespec
              vpiLeftRange Constant start:30:8 end:30:9:
                vpiParent: Range
                vpiTypespec RefTypespec:
                  vpiParent: Constant
                  vpiFullName: sv_bus_mux_demux_mux
                  vpiActual: IntTypespec
                vpiConstType: unsigned int (9)
                vpiSize: 64
                vpiDecompile: "2"
                vpiValue: 2
              vpiRightRange Constant start:30:10 end:30:11:
                vpiParent: Range
                vpiTypespec RefTypespec:
                  vpiParent: Constant
                  vpiFullName: sv_bus_mux_demux_mux
                  vpiActual: IntTypespec
                vpiConstType: unsigned int (9)
                vpiSize: 64
                vpiDecompile: "0"
                vpiValue: 0
          vpiVector: true
        BitTypespec:
          vpiParent: Module name:sv_bus_mux_demux_mux
      vpiDefName: sv_bus_mux_demux_mux
      vpiDefNetType: wire (1)
      vpiDefDelayMode: none (1)
      vpiUnconnDrive: highz (1)
      vpiLibrary RefObj name:work start:12:8 end:12:28:
        vpiParent: Module name:sv_bus_mux_demux_mux
        vpiName: work
        vpiFullName: sv_bus_mux_demux_mux.work
        vpiActual: Library name:work
      vpiCell: sv_bus_mux_demux_mux
      vpiNet (6 items):
        Net name:clk start:14:23 end:14:26:
          vpiParent: Module name:sv_bus_mux_demux_mux
          vpiTypespec RefTypespec start:14:10 end:14:15:
            vpiParent: Net name:clk
            vpiFullName: sv_bus_mux_demux_mux.clk
            vpiActual: LogicTypespec
          vpiName: clk
          vpiFullName: sv_bus_mux_demux_mux.clk
          vpiNetType: wire (1)
          vpiScalar: true
        Net name:rst start:15:23 end:15:26:
          vpiParent: Module name:sv_bus_mux_demux_mux
          vpiTypespec RefTypespec start:15:10 end:15:15:
            vpiParent: Net name:rst
            vpiFullName: sv_bus_mux_demux_mux.rst
            vpiActual: LogicTypespec
          vpiName: rst
          vpiFullName: sv_bus_mux_demux_mux.rst
          vpiNetType: wire (1)
          vpiScalar: true
        Net name:bus_vld start:17:23 end:17:30:
          vpiParent: Module name:sv_bus_mux_demux_mux
          vpiTypespec RefTypespec start:17:10 end:17:15:
            vpiParent: Net name:bus_vld
            vpiFullName: sv_bus_mux_demux_mux.bus_vld
            vpiActual: LogicTypespec
          vpiName: bus_vld
          vpiFullName: sv_bus_mux_demux_mux.bus_vld
          vpiNetType: wire (1)
          vpiScalar: true
        Net name:bus_adr start:18:23 end:18:30:
          vpiParent: Module name:sv_bus_mux_demux_mux
          vpiTypespec RefTypespec start:18:10 end:18:22:
            vpiParent: Net name:bus_adr
            vpiFullName: sv_bus_mux_demux_mux.bus_adr
            vpiActual: LogicTypespec
          vpiName: bus_adr
          vpiFullName: sv_bus_mux_demux_mux.bus_adr
          vpiNetType: wire (1)
          vpiVector: true
        Net name:bus_dat start:19:23 end:19:30:
          vpiParent: Module name:sv_bus_mux_demux_mux
          vpiTypespec RefTypespec start:19:10 end:19:22:
            vpiParent: Net name:bus_dat
            vpiFullName: sv_bus_mux_demux_mux.bus_dat
            vpiActual: LogicTypespec
          vpiName: bus_dat
          vpiFullName: sv_bus_mux_demux_mux.bus_dat
          vpiNetType: wire (1)
          vpiVector: true
        Net name:str_rdy start:24:23 end:24:30:
          vpiParent: Module name:sv_bus_mux_demux_mux
          vpiTypespec RefTypespec start:24:10 end:24:15:
            vpiParent: Net name:str_rdy
            vpiFullName: sv_bus_mux_demux_mux.str_rdy
            vpiActual: LogicTypespec
          vpiName: str_rdy
          vpiFullName: sv_bus_mux_demux_mux.str_rdy
          vpiNetType: wire (1)
          vpiScalar: true
      vpiPort (9 items):
        Port name:clk start:14:23 end:14:26:
          vpiParent: Module name:sv_bus_mux_demux_mux
          vpiName: clk
          vpiDirection: input (1)
          vpiLowConn RefObj name:clk start:14:23 end:14:26:
            vpiParent: Port name:clk
            vpiName: clk
            vpiFullName: sv_bus_mux_demux_mux.clk.clk
            vpiActual: Net name:clk
          vpiTypespec RefTypespec start:14:10 end:14:15:
            vpiParent: Port name:clk
            vpiFullName: sv_bus_mux_demux_mux.clk
            vpiActual: LogicTypespec
        Port name:rst start:15:23 end:15:26:
          vpiParent: Module name:sv_bus_mux_demux_mux
          vpiName: rst
          vpiDirection: input (1)
          vpiLowConn RefObj name:rst start:15:23 end:15:26:
            vpiParent: Port name:rst
            vpiName: rst
            vpiFullName: sv_bus_mux_demux_mux.rst.rst
            vpiActual: Net name:rst
          vpiTypespec RefTypespec start:15:10 end:15:15:
            vpiParent: Port name:rst
            vpiFullName: sv_bus_mux_demux_mux.rst
            vpiActual: LogicTypespec
        Port name:bus_vld start:17:23 end:17:30:
          vpiParent: Module name:sv_bus_mux_demux_mux
          vpiName: bus_vld
          vpiDirection: input (1)
          vpiLowConn RefObj name:bus_vld start:17:23 end:17:30:
            vpiParent: Port name:bus_vld
            vpiName: bus_vld
            vpiFullName: sv_bus_mux_demux_mux.bus_vld.bus_vld
            vpiActual: Net name:bus_vld
          vpiTypespec RefTypespec start:17:10 end:17:15:
            vpiParent: Port name:bus_vld
            vpiFullName: sv_bus_mux_demux_mux.bus_vld
            vpiActual: LogicTypespec
        Port name:bus_adr start:18:23 end:18:30:
          vpiParent: Module name:sv_bus_mux_demux_mux
          vpiName: bus_adr
          vpiDirection: input (1)
          vpiLowConn RefObj name:bus_adr start:18:23 end:18:30:
            vpiParent: Port name:bus_adr
            vpiName: bus_adr
            vpiFullName: sv_bus_mux_demux_mux.bus_adr.bus_adr
            vpiActual: Net name:bus_adr
          vpiTypespec RefTypespec start:18:10 end:18:22:
            vpiParent: Port name:bus_adr
            vpiFullName: sv_bus_mux_demux_mux.bus_adr
            vpiActual: LogicTypespec
        Port name:bus_dat start:19:23 end:19:30:
          vpiParent: Module name:sv_bus_mux_demux_mux
          vpiName: bus_dat
          vpiDirection: input (1)
          vpiLowConn RefObj name:bus_dat start:19:23 end:19:30:
            vpiParent: Port name:bus_dat
            vpiName: bus_dat
            vpiFullName: sv_bus_mux_demux_mux.bus_dat.bus_dat
            vpiActual: Net name:bus_dat
          vpiTypespec RefTypespec start:19:10 end:19:22:
            vpiParent: Port name:bus_dat
            vpiFullName: sv_bus_mux_demux_mux.bus_dat
            vpiActual: LogicTypespec
        Port name:bus_rdy start:20:23 end:20:30:
          vpiParent: Module name:sv_bus_mux_demux_mux
          vpiName: bus_rdy
          vpiDirection: output (2)
          vpiLowConn RefObj name:bus_rdy start:20:23 end:20:30:
            vpiParent: Port name:bus_rdy
            vpiName: bus_rdy
            vpiFullName: sv_bus_mux_demux_mux.bus_rdy.bus_rdy
            vpiActual: Variable name:bus_rdy
          vpiTypespec RefTypespec start:20:10 end:20:15:
            vpiParent: Port name:bus_rdy
            vpiFullName: sv_bus_mux_demux_mux.bus_rdy
            vpiActual: LogicTypespec
        Port name:str_vld start:22:23 end:22:30:
          vpiParent: Module name:sv_bus_mux_demux_mux
          vpiName: str_vld
          vpiDirection: output (2)
          vpiLowConn RefObj name:str_vld start:22:23 end:22:30:
            vpiParent: Port name:str_vld
            vpiName: str_vld
            vpiFullName: sv_bus_mux_demux_mux.str_vld.str_vld
            vpiActual: Variable name:str_vld
          vpiTypespec RefTypespec start:22:10 end:22:15:
            vpiParent: Port name:str_vld
            vpiFullName: sv_bus_mux_demux_mux.str_vld
            vpiActual: LogicTypespec
        Port name:str_bus start:23:23 end:23:30:
          vpiParent: Module name:sv_bus_mux_demux_mux
          vpiName: str_bus
          vpiDirection: output (2)
          vpiLowConn RefObj name:str_bus start:23:23 end:23:30:
            vpiParent: Port name:str_bus
            vpiName: str_bus
            vpiFullName: sv_bus_mux_demux_mux.str_bus.str_bus
            vpiActual: Variable name:str_bus
          vpiTypespec RefTypespec start:23:10 end:23:22:
            vpiParent: Port name:str_bus
            vpiFullName: sv_bus_mux_demux_mux.str_bus
            vpiActual: LogicTypespec
        Port name:str_rdy start:24:23 end:24:30:
          vpiParent: Module name:sv_bus_mux_demux_mux
          vpiName: str_rdy
          vpiDirection: input (1)
          vpiLowConn RefObj name:str_rdy start:24:23 end:24:30:
            vpiParent: Port name:str_rdy
            vpiName: str_rdy
            vpiFullName: sv_bus_mux_demux_mux.str_rdy.str_rdy
            vpiActual: Net name:str_rdy
          vpiTypespec RefTypespec start:24:10 end:24:15:
            vpiParent: Port name:str_rdy
            vpiFullName: sv_bus_mux_demux_mux.str_rdy
            vpiActual: LogicTypespec
      vpiProcess (3 items):
        Always start:44:1 end:48:4:
          vpiParent: Module name:sv_bus_mux_demux_mux
          vpiStmt EventControl start:44:8 end:48:4:
            vpiParent: Always
            vpiCondition Operation start:44:11 end:44:22:
              vpiParent: EventControl
              vpiOpType: posedge (39)
              vpiOperand (1 items):
                RefObj name:clk start:44:19 end:44:22:
                  vpiParent: Operation
                  vpiName: clk
                  vpiFullName: sv_bus_mux_demux_mux.clk
                  vpiActual: Net name:clk
            vpiStmt IfStmt start:45:1 end:48:4:
              vpiParent: EventControl
              vpiCondition RefObj name:bus_trn start:45:5 end:45:12:
                vpiParent: IfStmt
                vpiName: bus_trn
                vpiFullName: sv_bus_mux_demux_mux.bus_trn
                vpiActual: Variable name:bus_trn
              vpiStmt Begin start:45:14 end:48:4:
                vpiParent: IfStmt
                vpiFullName: sv_bus_mux_demux_mux
                vpiStmt (2 items):
                  Assignment start:46:3 end:46:29:
                    vpiParent: Begin
                    vpiLhs RefObj name:pkt_uni.bus.adr start:46:3 end:46:18:
                      vpiParent: Assignment
                      vpiName: pkt_uni.bus.adr
                      vpiFullName: sv_bus_mux_demux_mux.pkt_uni.bus.adr
                      vpiPathElem (3 items):
                        RefObj name:pkt_uni start:46:3 end:46:10:
                          vpiParent: RefObj name:pkt_uni.bus.adr
                          vpiName: pkt_uni
                          vpiFullName: sv_bus_mux_demux_mux.pkt_uni
                          vpiActual: Variable name:pkt_uni
                        RefObj name:bus start:46:11 end:46:14:
                          vpiParent: RefObj name:pkt_uni.bus.adr
                          vpiName: bus
                          vpiFullName: sv_bus_mux_demux_mux.bus
                        RefObj name:adr start:46:15 end:46:18:
                          vpiParent: RefObj name:pkt_uni.bus.adr
                          vpiName: adr
                          vpiFullName: sv_bus_mux_demux_mux.adr
                    vpiRhs RefObj name:bus_adr start:46:22 end:46:29:
                      vpiParent: Assignment
                      vpiName: bus_adr
                      vpiFullName: sv_bus_mux_demux_mux.bus_adr
                      vpiActual: Net name:bus_adr
                  Assignment start:47:3 end:47:29:
                    vpiParent: Begin
                    vpiLhs RefObj name:pkt_uni.bus.dat start:47:3 end:47:18:
                      vpiParent: Assignment
                      vpiName: pkt_uni.bus.dat
                      vpiFullName: sv_bus_mux_demux_mux.pkt_uni.bus.dat
                      vpiPathElem (3 items):
                        RefObj name:pkt_uni start:47:3 end:47:10:
                          vpiParent: RefObj name:pkt_uni.bus.dat
                          vpiName: pkt_uni
                          vpiFullName: sv_bus_mux_demux_mux.pkt_uni
                          vpiActual: Variable name:pkt_uni
                        RefObj name:bus start:47:11 end:47:14:
                          vpiParent: RefObj name:pkt_uni.bus.dat
                          vpiName: bus
                          vpiFullName: sv_bus_mux_demux_mux.bus
                        RefObj name:dat start:47:15 end:47:18:
                          vpiParent: RefObj name:pkt_uni.bus.dat
                          vpiName: dat
                          vpiFullName: sv_bus_mux_demux_mux.dat
                    vpiRhs RefObj name:bus_dat start:47:22 end:47:29:
                      vpiParent: Assignment
                      vpiName: bus_dat
                      vpiFullName: sv_bus_mux_demux_mux.bus_dat
                      vpiActual: Net name:bus_dat
          vpiAlwaysType: always (1)
        Always start:52:1 end:54:62:
          vpiParent: Module name:sv_bus_mux_demux_mux
          vpiStmt EventControl start:52:8 end:54:62:
            vpiParent: Always
            vpiCondition Operation start:52:11 end:52:35:
              vpiParent: EventControl
              vpiOpType: event or (35)
              vpiOperand (2 items):
                Operation start:52:11 end:52:22:
                  vpiParent: Operation
                  vpiOpType: posedge (39)
                  vpiOperand (1 items):
                    RefObj name:clk start:52:19 end:52:22:
                      vpiParent: Operation
                      vpiName: clk
                      vpiFullName: sv_bus_mux_demux_mux.clk
                      vpiActual: Net name:clk
                Operation start:52:24 end:52:35:
                  vpiParent: Operation
                  vpiOpType: posedge (39)
                  vpiOperand (1 items):
                    RefObj name:rst start:52:32 end:52:35:
                      vpiParent: Operation
                      vpiName: rst
                      vpiFullName: sv_bus_mux_demux_mux.rst
                      vpiActual: Net name:rst
            vpiStmt IfElse start:53:1 end:54:62:
              vpiParent: EventControl
              vpiCondition RefObj name:rst start:53:5 end:53:8:
                vpiParent: IfElse
                vpiName: rst
                vpiFullName: sv_bus_mux_demux_mux.rst
                vpiActual: Net name:rst
              vpiStmt Assignment start:53:20 end:53:35:
                vpiParent: IfElse
                vpiLhs RefObj name:str_vld start:53:20 end:53:27:
                  vpiParent: Assignment
                  vpiName: str_vld
                  vpiFullName: sv_bus_mux_demux_mux.str_vld
                  vpiActual: Variable name:str_vld
                vpiRhs Constant start:53:31 end:53:35:
                  vpiParent: Assignment
                  vpiTypespec RefTypespec:
                    vpiParent: Constant
                    vpiFullName: sv_bus_mux_demux_mux
                    vpiActual: BitTypespec
                  vpiConstType: binary (3)
                  vpiSize: 1
                  vpiDecompile: "1'b0"
                  vpiValue: "0"
              vpiElseStmt Assignment start:54:20 end:54:61:
                vpiParent: IfElse
                vpiLhs RefObj name:str_vld start:54:20 end:54:27:
                  vpiParent: Assignment
                  vpiName: str_vld
                  vpiFullName: sv_bus_mux_demux_mux.str_vld
                  vpiActual: Variable name:str_vld
                vpiRhs Operation start:54:31 end:54:61:
                  vpiParent: Assignment
                  vpiOpType: bitwise or (29)
                  vpiOperand (2 items):
                    RefObj name:bus_trn start:54:31 end:54:38:
                      vpiParent: Operation
                      vpiName: bus_trn
                      vpiFullName: sv_bus_mux_demux_mux.bus_trn
                      vpiActual: Variable name:bus_trn
                    Operation start:54:42 end:54:60:
                      vpiParent: Operation
                      vpiOpType: bitwise and (28)
                      vpiOperand (2 items):
                        RefObj name:str_vld start:54:42 end:54:49:
                          vpiParent: Operation
                          vpiName: str_vld
                          vpiFullName: sv_bus_mux_demux_mux.str_vld
                          vpiActual: Variable name:str_vld
                        Operation start:54:52 end:54:60:
                          vpiParent: Operation
                          vpiOpType: bitwise negation (4)
                          vpiOperand (1 items):
                            RefObj name:pkt_end start:54:53 end:54:60:
                              vpiParent: Operation
                              vpiName: pkt_end
                              vpiFullName: sv_bus_mux_demux_mux.pkt_end
                              vpiActual: Variable name:pkt_end
          vpiAlwaysType: always (1)
        Always start:57:1 end:59:46:
          vpiParent: Module name:sv_bus_mux_demux_mux
          vpiStmt EventControl start:57:8 end:59:46:
            vpiParent: Always
            vpiCondition Operation start:57:11 end:57:35:
              vpiParent: EventControl
              vpiOpType: event or (35)
              vpiOperand (2 items):
                Operation start:57:11 end:57:22:
                  vpiParent: Operation
                  vpiOpType: posedge (39)
                  vpiOperand (1 items):
                    RefObj name:clk start:57:19 end:57:22:
                      vpiParent: Operation
                      vpiName: clk
                      vpiFullName: sv_bus_mux_demux_mux.clk
                      vpiActual: Net name:clk
                Operation start:57:24 end:57:35:
                  vpiParent: Operation
                  vpiOpType: posedge (39)
                  vpiOperand (1 items):
                    RefObj name:rst start:57:32 end:57:35:
                      vpiParent: Operation
                      vpiName: rst
                      vpiFullName: sv_bus_mux_demux_mux.rst
                      vpiActual: Net name:rst
            vpiStmt IfElse start:58:1 end:59:46:
              vpiParent: EventControl
              vpiCondition RefObj name:rst start:58:5 end:58:8:
                vpiParent: IfElse
                vpiName: rst
                vpiFullName: sv_bus_mux_demux_mux.rst
                vpiActual: Net name:rst
              vpiStmt Assignment start:58:20 end:58:35:
                vpiParent: IfElse
                vpiLhs RefObj name:pkt_cnt start:58:20 end:58:27:
                  vpiParent: Assignment
                  vpiName: pkt_cnt
                  vpiFullName: sv_bus_mux_demux_mux.pkt_cnt
                  vpiActual: Variable name:pkt_cnt
                vpiRhs Constant start:58:31 end:58:35:
                  vpiParent: Assignment
                  vpiTypespec RefTypespec:
                    vpiParent: Constant
                    vpiFullName: sv_bus_mux_demux_mux
                    vpiActual: IntTypespec
                  vpiConstType: decimal (1)
                  vpiSize: 4
                  vpiDecompile: "4'd0"
                  vpiValue: "0"
              vpiElseStmt IfStmt start:59:6 end:59:46:
                vpiParent: IfElse
                vpiCondition RefObj name:str_trn start:59:10 end:59:17:
                  vpiParent: IfStmt
                  vpiName: str_trn
                  vpiFullName: sv_bus_mux_demux_mux.str_trn
                  vpiActual: Variable name:str_trn
                vpiStmt Assignment start:59:20 end:59:45:
                  vpiParent: IfStmt
                  vpiLhs RefObj name:pkt_cnt start:59:20 end:59:27:
                    vpiParent: Assignment
                    vpiName: pkt_cnt
                    vpiFullName: sv_bus_mux_demux_mux.pkt_cnt
                    vpiActual: Variable name:pkt_cnt
                  vpiRhs Operation start:59:31 end:59:45:
                    vpiParent: Assignment
                    vpiOpType: add (24)
                    vpiOperand (2 items):
                      RefObj name:pkt_cnt start:59:31 end:59:38:
                        vpiParent: Operation
                        vpiName: pkt_cnt
                        vpiFullName: sv_bus_mux_demux_mux.pkt_cnt
                        vpiActual: Variable name:pkt_cnt
                      Constant start:59:41 end:59:45:
                        vpiParent: Operation
                        vpiTypespec RefTypespec:
                          vpiParent: Constant
                          vpiFullName: sv_bus_mux_demux_mux
                          vpiActual: IntTypespec
                        vpiConstType: decimal (1)
                        vpiSize: 3
                        vpiDecompile: "3'd1"
                        vpiValue: "1"
          vpiAlwaysType: always (1)
      vpiContAssign (5 items):
        ContAssign start:38:8 end:38:35:
          vpiParent: Module name:sv_bus_mux_demux_mux
          vpiLhs RefObj name:bus_trn start:38:8 end:38:15:
            vpiParent: ContAssign
            vpiName: bus_trn
            vpiFullName: sv_bus_mux_demux_mux.bus_trn
            vpiActual: Variable name:bus_trn
          vpiRhs Operation start:38:18 end:38:35:
            vpiParent: ContAssign
            vpiOpType: bitwise and (28)
            vpiOperand (2 items):
              RefObj name:bus_vld start:38:18 end:38:25:
                vpiParent: Operation
                vpiName: bus_vld
                vpiFullName: sv_bus_mux_demux_mux.bus_vld
                vpiActual: Net name:bus_vld
              RefObj name:bus_rdy start:38:28 end:38:35:
                vpiParent: Operation
                vpiName: bus_rdy
                vpiFullName: sv_bus_mux_demux_mux.bus_rdy
                vpiActual: Variable name:bus_rdy
        ContAssign start:41:8 end:41:36:
          vpiParent: Module name:sv_bus_mux_demux_mux
          vpiLhs RefObj name:bus_rdy start:41:8 end:41:15:
            vpiParent: ContAssign
            vpiName: bus_rdy
            vpiFullName: sv_bus_mux_demux_mux.bus_rdy
            vpiActual: Variable name:bus_rdy
          vpiRhs Operation start:41:18 end:41:36:
            vpiParent: ContAssign
            vpiOpType: bitwise or (29)
            vpiOperand (2 items):
              Operation start:41:18 end:41:26:
                vpiParent: Operation
                vpiOpType: bitwise negation (4)
                vpiOperand (1 items):
                  RefObj name:str_vld start:41:19 end:41:26:
                    vpiParent: Operation
                    vpiName: str_vld
                    vpiFullName: sv_bus_mux_demux_mux.str_vld
                    vpiActual: Variable name:str_vld
              RefObj name:pkt_end start:41:29 end:41:36:
                vpiParent: Operation
                vpiName: pkt_end
                vpiFullName: sv_bus_mux_demux_mux.pkt_end
                vpiActual: Variable name:pkt_end
        ContAssign start:62:8 end:62:38:
          vpiParent: Module name:sv_bus_mux_demux_mux
          vpiLhs RefObj name:pkt_end start:62:8 end:62:15:
            vpiParent: ContAssign
            vpiName: pkt_end
            vpiFullName: sv_bus_mux_demux_mux.pkt_end
            vpiActual: Variable name:pkt_end
          vpiRhs Operation start:62:18 end:62:38:
            vpiParent: ContAssign
            vpiOpType: bitwise and (28)
            vpiOperand (2 items):
              RefObj name:str_rdy start:62:18 end:62:25:
                vpiParent: Operation
                vpiName: str_rdy
                vpiFullName: sv_bus_mux_demux_mux.str_rdy
                vpiActual: Net name:str_rdy
              Operation start:62:29 end:62:37:
                vpiParent: Operation
                vpiOpType: unary and (5)
                vpiOperand (1 items):
                  RefObj name:pkt_cnt start:62:30 end:62:37:
                    vpiParent: Operation
                    vpiName: pkt_cnt
                    vpiFullName: sv_bus_mux_demux_mux.pkt_cnt
                    vpiActual: Variable name:pkt_cnt
        ContAssign start:65:8 end:65:39:
          vpiParent: Module name:sv_bus_mux_demux_mux
          vpiLhs RefObj name:str_bus start:65:8 end:65:15:
            vpiParent: ContAssign
            vpiName: str_bus
            vpiFullName: sv_bus_mux_demux_mux.str_bus
            vpiActual: Variable name:str_bus
          vpiRhs RefObj name:pkt_uni.str[pkt_cnt] start:65:18 end:65:39:
            vpiParent: ContAssign
            vpiName: pkt_uni.str[pkt_cnt]
            vpiFullName: sv_bus_mux_demux_mux.pkt_uni.str[pkt_cnt]
            vpiPathElem (2 items):
              RefObj name:pkt_uni start:65:18 end:65:25:
                vpiParent: RefObj name:pkt_uni.str[pkt_cnt]
                vpiName: pkt_uni
                vpiFullName: sv_bus_mux_demux_mux.pkt_uni
                vpiActual: Variable name:pkt_uni
              BitSelect name:str[pkt_cnt] start:65:26 end:65:38:
                vpiParent: RefObj name:pkt_uni.str[pkt_cnt]
                vpiName: str[pkt_cnt]
                vpiFullName: sv_bus_mux_demux_mux.pkt_uni.str[pkt_cnt].str[pkt_cnt]
                vpiPrefix RefObj name:str start:65:26 end:65:29:
                  vpiParent: BitSelect name:str[pkt_cnt]
                  vpiName: str
                  vpiFullName: sv_bus_mux_demux_mux.pkt_uni.str[pkt_cnt].str
                vpiIndex RefObj name:pkt_cnt start:65:31 end:65:38:
                  vpiParent: BitSelect name:str[pkt_cnt]
                  vpiName: pkt_cnt
                  vpiFullName: sv_bus_mux_demux_mux.pkt_uni.str[pkt_cnt].pkt_cnt
                  vpiActual: Variable name:pkt_cnt
        ContAssign start:68:8 end:68:35:
          vpiParent: Module name:sv_bus_mux_demux_mux
          vpiLhs RefObj name:str_trn start:68:8 end:68:15:
            vpiParent: ContAssign
            vpiName: str_trn
            vpiFullName: sv_bus_mux_demux_mux.str_trn
            vpiActual: Variable name:str_trn
          vpiRhs Operation start:68:18 end:68:35:
            vpiParent: ContAssign
            vpiOpType: bitwise and (28)
            vpiOperand (2 items):
              RefObj name:str_vld start:68:18 end:68:25:
                vpiParent: Operation
                vpiName: str_vld
                vpiFullName: sv_bus_mux_demux_mux.str_vld
                vpiActual: Variable name:str_vld
              RefObj name:str_rdy start:68:28 end:68:35:
                vpiParent: Operation
                vpiName: str_rdy
                vpiFullName: sv_bus_mux_demux_mux.str_rdy
                vpiActual: Net name:str_rdy
      vpiEndLabel Identifier name:sv_bus_mux_demux_mux start:70:13 end:70:33:
  vpiTypespec (6 items):
    ImportTypespec name:package_bus start:8:8 end:8:22:
      vpiParent: Design name:unnamed
      vpiName Identifier name:package_bus start:8:8 end:8:19:
      vpiImportTypespecItem Constant start:8:21 end:8:22:
        vpiParent: ImportTypespec name:package_bus
        vpiTypespec RefTypespec:
          vpiParent: Constant
          vpiFullName: package_bus
          vpiActual: StringTypespec
        vpiConstType: string (6)
        vpiSize: 8
        vpiDecompile: "*"
        vpiValue: "*"
    StringTypespec:
      vpiParent: Design name:unnamed
    ImportTypespec name:package_str start:9:8 end:9:22:
      vpiParent: Design name:unnamed
      vpiName Identifier name:package_str start:9:8 end:9:19:
      vpiImportTypespecItem Constant start:9:21 end:9:22:
        vpiParent: ImportTypespec name:package_str
        vpiTypespec RefTypespec:
          vpiParent: Constant
          vpiFullName: package_str
          vpiActual: StringTypespec
        vpiConstType: string (6)
        vpiSize: 8
        vpiDecompile: "*"
        vpiValue: "*"
    ImportTypespec name:package_uni start:10:8 end:10:22:
      vpiParent: Design name:unnamed
      vpiName Identifier name:package_uni start:10:8 end:10:19:
      vpiImportTypespecItem Constant start:10:21 end:10:22:
        vpiParent: ImportTypespec name:package_uni
        vpiTypespec RefTypespec:
          vpiParent: Constant
          vpiFullName: package_uni
          vpiActual: StringTypespec
        vpiConstType: string (6)
        vpiSize: 8
        vpiDecompile: "*"
        vpiValue: "*"
    ModuleTypespec name:sv_bus_mux_demux_mux:
      vpiParent: Design name:unnamed
      vpiName Identifier name:sv_bus_mux_demux_mux start:12:8 end:12:28:
      vpiDefName: sv_bus_mux_demux_mux
      vpiModule: Module name:sv_bus_mux_demux_mux
    IntTypespec:
      vpiParent: Design name:unnamed
      vpiSigned: true
  vpiLibrary (1 items):
    Library name:work:
      vpiParent: Design name:unnamed
      vpiName: work
===================
[  FATAL] : 0
[ SYNTAX] : 0
[  ERROR] : 0
[WARNING] : 5
[   NOTE] : 0
********************************************************************************
*                    End HLC SystemVerilog Compiler/Linter                     *
********************************************************************************

#**#**#**#**#**#**#**#**#**#**#**#**#**#**#**#**#**#**#**#**#**#**#**#**#**#**#**#**#**#**#**#**#**#**#**#**#**#**#**#**

Environment:
      test-name: Verilator/t_sv_bus_mux_demux/sv_bus_mux_demux_mux
   test-dirpath: ${HLC_DIR}/regression/Verilator/t_sv_bus_mux_demux/sv_bus_mux_demux_mux
  hldb-filepath: ${HLC_DIR}/regression/Verilator/t_sv_bus_mux_demux/sv_bus_mux_demux_mux/design.hldb
mounts-filepath: ${HLC_DIR}/regression/Verilator/t_sv_bus_mux_demux/sv_bus_mux_demux_mux/mounts.json


{'result': {'coverage': 100.0,
            'error_count': 0,
            'file_count': 1,
            'files': {'$Output/lib/work/sv_bus_mux_demux_mux.sv': {'post_len': 0,
                                                                   'pre_len': 998}},
            'post_len': 0,
            'pre_len': 998,
            'test_name': 'Verilator/t_sv_bus_mux_demux/sv_bus_mux_demux_mux'}}

+------------------------------------------+----------+-----------+
| INPUT                                    |   PRELEN |   POSTLEN |
+==========================================+==========+===========+
| $Output/lib/work/sv_bus_mux_demux_mux.sv |      998 |         0 |
+==========================================+==========+===========+
|                                          |      998 |         0 |
+------------------------------------------+----------+-----------+

[   ERROR] : 0
[COVERAGE] : 100.0


#**#**#**#**#**#**#**#**#**#**#**#**#**#**#**#**#**#**#**#**#**#**#**#**#**#**#**#**#**#**#**#**#**#**#**#**#**#**#**#**

COMMAND: ${HLC_DIR}/regression/Verilator/t_sv_bus_mux_demux/sv_bus_mux_demux_mux/design.hldb ${HLC_DIR}/regression/Verilator/t_sv_bus_mux_demux/sv_bus_mux_demux_mux/reduced.hldb

==================== BEGIN REDUCTION RESULT ====================
Name                            Before   After   Added   Removed
----------------------------------------------------------------
----------------------------------------------------------------
Others                             194     194       0         0
----------------------------------------------------------------
                                   194     194       0         0
===================== END REDUCTION RESULT =====================
