********************************************************************************
*                   Begin HLC SystemVerilog Compiler/Linter                    *
********************************************************************************
Copyright (c) 2020 Apotell,
http://www.apache.org/licenses/LICENSE-2.0
VERSION: 1.84
COMMAND: -wd ../../../../../../tests/Google/chapter-7/arrays/unpacked -timescale=1ns/1ns -d ast -d db -nobuiltin subroutines.sv -wd ${HLC_DIR}/third_party/UVM -I1800.2-2017-1.0/src -mt 0 -d dbstats -d cache -writepp -d db -nostdout -o ${HLC_DIR}/regression/Google/chapter-7/arrays/unpacked/subroutines
[INF:CM0023] Creating log file "$Output/hlc.log".
[INF:PP0122] Preprocessing source file "$Source01/subroutines.sv".
[INF:PA0201] Parsing source file "$Source01/subroutines.sv".
AST_DEBUG_BEGIN
Count: 237
LIB: work
FILE<0>:$Source01/subroutines.sv
n<$Source01/subroutines.sv> u<236> t<Top_level_rule> c<1> l<16:1> el<34:1>
  n<> u<1> t<Null_rule> p<236> s<2> l<16:1> el<16:1>
  n<// Copyright (C) 2019-2021  The SymbiFlow Authors.> u<2> t<LINE_COMMENT> p<236> s<3> l<1:1> el<1:51>
  n<//> u<3> t<LINE_COMMENT> p<236> s<4> l<2:1> el<2:3>
  n<// Use of this source code is governed by a ISC-style> u<4> t<LINE_COMMENT> p<236> s<5> l<3:1> el<3:54>
  n<// license that can be found in the LICENSE file or at> u<5> t<LINE_COMMENT> p<236> s<6> l<4:1> el<4:55>
  n<// https://opensource.org/licenses/ISC> u<6> t<LINE_COMMENT> p<236> s<7> l<5:1> el<5:39>
  n<//> u<7> t<LINE_COMMENT> p<236> s<8> l<6:1> el<6:3>
  n<// SPDX-License-Identifier: ISC> u<8> t<LINE_COMMENT> p<236> s<9> l<7:1> el<7:32>
  n</*\n:name: unpacked-arrays-as-arguments-to-subroutines\n:description: Test support of arrays as arugments to subroutines\n:tags: 7.7 7.4.2\n:type: simulation parsing\n*/> u<9> t<BLOCK_COMMENT> p<236> s<235> l<16:1> el<33:10>
  n<> u<235> t<Source_text> p<236> c<234> l<16:1> el<33:10>
    n<> u<234> t<Description> p<235> c<233> l<16:1> el<33:10>
      n<> u<233> t<Module_declaration> p<234> c<14> l<16:1> el<33:10>
        n<> u<14> t<Module_nonansi_header> p<233> c<10> s<86> l<16:1> el<16:15>
          n<module> u<10> t<MODULE> p<14> s<11> l<16:1> el<16:7>
          n<top> u<11> t<SIMPLE_IDENTIFIER> p<14> s<12> l<16:8> el<16:11>
          n<> u<12> t<Package_import_declaration_list> p<14> s<13> l<16:12> el<16:12>
          n<> u<13> t<Port_list> p<14> l<16:12> el<16:14>
        n<> u<86> t<Module_item> p<233> c<85> s<92> l<18:1> el<21:8>
          n<> u<85> t<Non_port_module_item> p<86> c<84> l<18:1> el<21:8>
            n<> u<84> t<Module_or_generate_item> p<85> c<83> l<18:1> el<21:8>
              n<> u<83> t<Module_common_item> p<84> c<82> l<18:1> el<21:8>
                n<> u<82> t<Module_or_generate_item_declaration> p<83> c<81> l<18:1> el<21:8>
                  n<> u<81> t<Package_or_generate_item_declaration> p<82> c<80> l<18:1> el<21:8>
                    n<> u<80> t<Task_declaration> p<81> c<79> l<18:1> el<21:8>
                      n<> u<79> t<Task_body_declaration> p<80> c<15> l<18:6> el<21:8>
                        n<fun> u<15> t<SIMPLE_IDENTIFIER> p<79> s<32> l<18:6> el<18:9>
                        n<> u<32> t<Tf_port_item_list> p<79> c<31> s<77> l<18:9> el<18:22>
                          n<> u<31> t<Tf_port_item> p<32> c<18> l<18:10> el<18:21>
                            n<> u<18> t<Data_type_or_implicit> p<31> c<17> s<19> l<18:10> el<18:13>
                              n<> u<17> t<Data_type> p<18> c<16> l<18:10> el<18:13>
                                n<> u<16> t<INT> p<17> l<18:10> el<18:13>
                            n<a> u<19> t<SIMPLE_IDENTIFIER> p<31> s<30> l<18:14> el<18:15>
                            n<> u<30> t<Variable_dimension> p<31> c<29> l<18:16> el<18:21>
                              n<> u<29> t<Unpacked_dimension> p<30> c<28> l<18:16> el<18:21>
                                n<> u<28> t<Constant_range> p<29> c<23> l<18:17> el<18:20>
                                  n<> u<23> t<Constant_expression> p<28> c<22> s<27> l<18:17> el<18:18>
                                    n<> u<22> t<Constant_primary> p<23> c<21> l<18:17> el<18:18>
                                      n<> u<21> t<Primary_literal> p<22> c<20> l<18:17> el<18:18>
                                        n<2> u<20> t<INTEGRAL_NUMBER> p<21> l<18:17> el<18:18>
                                  n<> u<27> t<Constant_expression> p<28> c<26> l<18:19> el<18:20>
                                    n<> u<26> t<Constant_primary> p<27> c<25> l<18:19> el<18:20>
                                      n<> u<25> t<Primary_literal> p<26> c<24> l<18:19> el<18:20>
                                        n<0> u<24> t<INTEGRAL_NUMBER> p<25> l<18:19> el<18:20>
                        n<> u<77> t<Statement_or_null> p<79> c<76> s<78> l<19:2> el<20:21>
                          n<> u<76> t<Statement> p<77> c<75> l<19:2> el<20:21>
                            n<> u<75> t<Statement_item> p<76> c<74> l<19:2> el<20:21>
                              n<> u<74> t<Subroutine_call_statement> p<75> c<73> l<19:2> el<20:21>
                                n<> u<73> t<Subroutine_call> p<74> c<33> l<19:2> el<20:20>
                                  n<$> u<33> t<DOLLAR> p<73> s<34> l<19:2> el<19:3>
                                  n<display> u<34> t<SIMPLE_IDENTIFIER> p<73> s<72> l<19:3> el<19:10>
                                  n<> u<72> t<Argument_list> p<73> c<38> l<19:11> el<20:19>
                                    n<> u<38> t<Expression> p<72> c<37> s<49> l<19:11> el<19:61>
                                      n<> u<37> t<Primary> p<38> c<36> l<19:11> el<19:61>
                                        n<> u<36> t<Primary_literal> p<37> c<35> l<19:11> el<19:61>
                                          n<":assert: ((%d == 0) and (%d == 1) and (%d == 2))"> u<35> t<QUOTED_STRING> p<36> l<19:11> el<19:61>
                                    n<> u<49> t<Argument> p<72> c<48> s<60> l<20:3> el<20:7>
                                      n<> u<48> t<Expression> p<49> c<47> l<20:3> el<20:7>
                                        n<> u<47> t<Primary> p<48> c<46> l<20:3> el<20:7>
                                          n<> u<46> t<Subroutine_call> p<47> c<39> l<20:3> el<20:7>
                                            n<a> u<39> t<SIMPLE_IDENTIFIER> p<46> s<45> l<20:3> el<20:4>
                                            n<> u<45> t<Select> p<46> c<44> l<20:4> el<20:7>
                                              n<> u<44> t<Bit_select> p<45> c<43> l<20:4> el<20:7>
                                                n<> u<43> t<Expression> p<44> c<42> l<20:5> el<20:6>
                                                  n<> u<42> t<Primary> p<43> c<41> l<20:5> el<20:6>
                                                    n<> u<41> t<Primary_literal> p<42> c<40> l<20:5> el<20:6>
                                                      n<0> u<40> t<INTEGRAL_NUMBER> p<41> l<20:5> el<20:6>
                                    n<> u<60> t<Argument> p<72> c<59> s<71> l<20:9> el<20:13>
                                      n<> u<59> t<Expression> p<60> c<58> l<20:9> el<20:13>
                                        n<> u<58> t<Primary> p<59> c<57> l<20:9> el<20:13>
                                          n<> u<57> t<Subroutine_call> p<58> c<50> l<20:9> el<20:13>
                                            n<a> u<50> t<SIMPLE_IDENTIFIER> p<57> s<56> l<20:9> el<20:10>
                                            n<> u<56> t<Select> p<57> c<55> l<20:10> el<20:13>
                                              n<> u<55> t<Bit_select> p<56> c<54> l<20:10> el<20:13>
                                                n<> u<54> t<Expression> p<55> c<53> l<20:11> el<20:12>
                                                  n<> u<53> t<Primary> p<54> c<52> l<20:11> el<20:12>
                                                    n<> u<52> t<Primary_literal> p<53> c<51> l<20:11> el<20:12>
                                                      n<1> u<51> t<INTEGRAL_NUMBER> p<52> l<20:11> el<20:12>
                                    n<> u<71> t<Argument> p<72> c<70> l<20:15> el<20:19>
                                      n<> u<70> t<Expression> p<71> c<69> l<20:15> el<20:19>
                                        n<> u<69> t<Primary> p<70> c<68> l<20:15> el<20:19>
                                          n<> u<68> t<Subroutine_call> p<69> c<61> l<20:15> el<20:19>
                                            n<a> u<61> t<SIMPLE_IDENTIFIER> p<68> s<67> l<20:15> el<20:16>
                                            n<> u<67> t<Select> p<68> c<66> l<20:16> el<20:19>
                                              n<> u<66> t<Bit_select> p<67> c<65> l<20:16> el<20:19>
                                                n<> u<65> t<Expression> p<66> c<64> l<20:17> el<20:18>
                                                  n<> u<64> t<Primary> p<65> c<63> l<20:17> el<20:18>
                                                    n<> u<63> t<Primary_literal> p<64> c<62> l<20:17> el<20:18>
                                                      n<2> u<62> t<INTEGRAL_NUMBER> p<63> l<20:17> el<20:18>
                        n<> u<78> t<ENDTASK> p<79> l<21:1> el<21:8>
        n<> u<92> t<Module_item> p<233> c<91> s<231> l<21:8> el<21:9>
          n<> u<91> t<Non_port_module_item> p<92> c<90> l<21:8> el<21:9>
            n<> u<90> t<Module_or_generate_item> p<91> c<89> l<21:8> el<21:9>
              n<> u<89> t<Module_common_item> p<90> c<88> l<21:8> el<21:9>
                n<> u<88> t<Module_or_generate_item_declaration> p<89> c<87> l<21:8> el<21:9>
                  n<> u<87> t<Package_or_generate_item_declaration> p<88> l<21:8> el<21:9>
        n<> u<231> t<Module_item> p<233> c<230> s<232> l<23:1> el<31:4>
          n<> u<230> t<Non_port_module_item> p<231> c<229> l<23:1> el<31:4>
            n<> u<229> t<Module_or_generate_item> p<230> c<228> l<23:1> el<31:4>
              n<> u<228> t<Module_common_item> p<229> c<227> l<23:1> el<31:4>
                n<> u<227> t<Initial_construct> p<228> c<226> l<23:1> el<31:4>
                  n<> u<226> t<Statement_or_null> p<227> c<225> l<23:9> el<31:4>
                    n<> u<225> t<Statement> p<226> c<224> l<23:9> el<31:4>
                      n<> u<224> t<Statement_item> p<225> c<223> l<23:9> el<31:4>
                        n<> u<223> t<Seq_block> p<224> c<111> l<23:9> el<31:4>
                          n<> u<111> t<Block_item_declaration> p<223> c<110> s<129> l<24:2> el<24:14>
                            n<> u<110> t<Data_declaration> p<111> c<109> l<24:2> el<24:14>
                              n<> u<109> t<Variable_declaration> p<110> c<94> l<24:2> el<24:14>
                                n<> u<94> t<Data_type> p<109> c<93> s<108> l<24:2> el<24:5>
                                  n<> u<93> t<INT> p<94> l<24:2> el<24:5>
                                n<> u<108> t<Variable_decl_assignment_list> p<109> c<107> l<24:6> el<24:13>
                                  n<> u<107> t<Variable_decl_assignment> p<108> c<95> l<24:6> el<24:13>
                                    n<b> u<95> t<SIMPLE_IDENTIFIER> p<107> s<106> l<24:6> el<24:7>
                                    n<> u<106> t<Variable_dimension> p<107> c<105> l<24:8> el<24:13>
                                      n<> u<105> t<Unpacked_dimension> p<106> c<104> l<24:8> el<24:13>
                                        n<> u<104> t<Constant_range> p<105> c<99> l<24:9> el<24:12>
                                          n<> u<99> t<Constant_expression> p<104> c<98> s<103> l<24:9> el<24:10>
                                            n<> u<98> t<Constant_primary> p<99> c<97> l<24:9> el<24:10>
                                              n<> u<97> t<Primary_literal> p<98> c<96> l<24:9> el<24:10>
                                                n<2> u<96> t<INTEGRAL_NUMBER> p<97> l<24:9> el<24:10>
                                          n<> u<103> t<Constant_expression> p<104> c<102> l<24:11> el<24:12>
                                            n<> u<102> t<Constant_primary> p<103> c<101> l<24:11> el<24:12>
                                              n<> u<101> t<Primary_literal> p<102> c<100> l<24:11> el<24:12>
                                                n<0> u<100> t<INTEGRAL_NUMBER> p<101> l<24:11> el<24:12>
                          n<> u<129> t<Statement_or_null> p<223> c<128> s<147> l<25:2> el<25:11>
                            n<> u<128> t<Statement> p<129> c<127> l<25:2> el<25:11>
                              n<> u<127> t<Statement_item> p<128> c<126> l<25:2> el<25:11>
                                n<> u<126> t<Blocking_assignment> p<127> c<125> l<25:2> el<25:10>
                                  n<> u<125> t<Variable_assignment> p<126> c<120> l<25:2> el<25:10>
                                    n<> u<120> t<Variable_lvalue> p<125> c<113> s<124> l<25:2> el<25:6>
                                      n<> u<113> t<Ps_or_hierarchical_identifier> p<120> c<112> s<119> l<25:2> el<25:3>
                                        n<b> u<112> t<SIMPLE_IDENTIFIER> p<113> l<25:2> el<25:3>
                                      n<> u<119> t<Select> p<120> c<118> l<25:3> el<25:6>
                                        n<> u<118> t<Bit_select> p<119> c<117> l<25:3> el<25:6>
                                          n<> u<117> t<Expression> p<118> c<116> l<25:4> el<25:5>
                                            n<> u<116> t<Primary> p<117> c<115> l<25:4> el<25:5>
                                              n<> u<115> t<Primary_literal> p<116> c<114> l<25:4> el<25:5>
                                                n<0> u<114> t<INTEGRAL_NUMBER> p<115> l<25:4> el<25:5>
                                    n<> u<124> t<Expression> p<125> c<123> l<25:9> el<25:10>
                                      n<> u<123> t<Primary> p<124> c<122> l<25:9> el<25:10>
                                        n<> u<122> t<Primary_literal> p<123> c<121> l<25:9> el<25:10>
                                          n<0> u<121> t<INTEGRAL_NUMBER> p<122> l<25:9> el<25:10>
                          n<> u<147> t<Statement_or_null> p<223> c<146> s<165> l<26:2> el<26:11>
                            n<> u<146> t<Statement> p<147> c<145> l<26:2> el<26:11>
                              n<> u<145> t<Statement_item> p<146> c<144> l<26:2> el<26:11>
                                n<> u<144> t<Blocking_assignment> p<145> c<143> l<26:2> el<26:10>
                                  n<> u<143> t<Variable_assignment> p<144> c<138> l<26:2> el<26:10>
                                    n<> u<138> t<Variable_lvalue> p<143> c<131> s<142> l<26:2> el<26:6>
                                      n<> u<131> t<Ps_or_hierarchical_identifier> p<138> c<130> s<137> l<26:2> el<26:3>
                                        n<b> u<130> t<SIMPLE_IDENTIFIER> p<131> l<26:2> el<26:3>
                                      n<> u<137> t<Select> p<138> c<136> l<26:3> el<26:6>
                                        n<> u<136> t<Bit_select> p<137> c<135> l<26:3> el<26:6>
                                          n<> u<135> t<Expression> p<136> c<134> l<26:4> el<26:5>
                                            n<> u<134> t<Primary> p<135> c<133> l<26:4> el<26:5>
                                              n<> u<133> t<Primary_literal> p<134> c<132> l<26:4> el<26:5>
                                                n<1> u<132> t<INTEGRAL_NUMBER> p<133> l<26:4> el<26:5>
                                    n<> u<142> t<Expression> p<143> c<141> l<26:9> el<26:10>
                                      n<> u<141> t<Primary> p<142> c<140> l<26:9> el<26:10>
                                        n<> u<140> t<Primary_literal> p<141> c<139> l<26:9> el<26:10>
                                          n<1> u<139> t<INTEGRAL_NUMBER> p<140> l<26:9> el<26:10>
                          n<> u<165> t<Statement_or_null> p<223> c<164> s<210> l<27:2> el<27:11>
                            n<> u<164> t<Statement> p<165> c<163> l<27:2> el<27:11>
                              n<> u<163> t<Statement_item> p<164> c<162> l<27:2> el<27:11>
                                n<> u<162> t<Blocking_assignment> p<163> c<161> l<27:2> el<27:10>
                                  n<> u<161> t<Variable_assignment> p<162> c<156> l<27:2> el<27:10>
                                    n<> u<156> t<Variable_lvalue> p<161> c<149> s<160> l<27:2> el<27:6>
                                      n<> u<149> t<Ps_or_hierarchical_identifier> p<156> c<148> s<155> l<27:2> el<27:3>
                                        n<b> u<148> t<SIMPLE_IDENTIFIER> p<149> l<27:2> el<27:3>
                                      n<> u<155> t<Select> p<156> c<154> l<27:3> el<27:6>
                                        n<> u<154> t<Bit_select> p<155> c<153> l<27:3> el<27:6>
                                          n<> u<153> t<Expression> p<154> c<152> l<27:4> el<27:5>
                                            n<> u<152> t<Primary> p<153> c<151> l<27:4> el<27:5>
                                              n<> u<151> t<Primary_literal> p<152> c<150> l<27:4> el<27:5>
                                                n<2> u<150> t<INTEGRAL_NUMBER> p<151> l<27:4> el<27:5>
                                    n<> u<160> t<Expression> p<161> c<159> l<27:9> el<27:10>
                                      n<> u<159> t<Primary> p<160> c<158> l<27:9> el<27:10>
                                        n<> u<158> t<Primary_literal> p<159> c<157> l<27:9> el<27:10>
                                          n<2> u<157> t<INTEGRAL_NUMBER> p<158> l<27:9> el<27:10>
                          n<> u<210> t<Statement_or_null> p<223> c<209> s<221> l<28:2> el<29:21>
                            n<> u<209> t<Statement> p<210> c<208> l<28:2> el<29:21>
                              n<> u<208> t<Statement_item> p<209> c<207> l<28:2> el<29:21>
                                n<> u<207> t<Subroutine_call_statement> p<208> c<206> l<28:2> el<29:21>
                                  n<> u<206> t<Subroutine_call> p<207> c<166> l<28:2> el<29:20>
                                    n<$> u<166> t<DOLLAR> p<206> s<167> l<28:2> el<28:3>
                                    n<display> u<167> t<SIMPLE_IDENTIFIER> p<206> s<205> l<28:3> el<28:10>
                                    n<> u<205> t<Argument_list> p<206> c<171> l<28:11> el<29:19>
                                      n<> u<171> t<Expression> p<205> c<170> s<182> l<28:11> el<28:61>
                                        n<> u<170> t<Primary> p<171> c<169> l<28:11> el<28:61>
                                          n<> u<169> t<Primary_literal> p<170> c<168> l<28:11> el<28:61>
                                            n<":assert: ((%d == 0) and (%d == 1) and (%d == 2))"> u<168> t<QUOTED_STRING> p<169> l<28:11> el<28:61>
                                      n<> u<182> t<Argument> p<205> c<181> s<193> l<29:3> el<29:7>
                                        n<> u<181> t<Expression> p<182> c<180> l<29:3> el<29:7>
                                          n<> u<180> t<Primary> p<181> c<179> l<29:3> el<29:7>
                                            n<> u<179> t<Subroutine_call> p<180> c<172> l<29:3> el<29:7>
                                              n<b> u<172> t<SIMPLE_IDENTIFIER> p<179> s<178> l<29:3> el<29:4>
                                              n<> u<178> t<Select> p<179> c<177> l<29:4> el<29:7>
                                                n<> u<177> t<Bit_select> p<178> c<176> l<29:4> el<29:7>
                                                  n<> u<176> t<Expression> p<177> c<175> l<29:5> el<29:6>
                                                    n<> u<175> t<Primary> p<176> c<174> l<29:5> el<29:6>
                                                      n<> u<174> t<Primary_literal> p<175> c<173> l<29:5> el<29:6>
                                                        n<0> u<173> t<INTEGRAL_NUMBER> p<174> l<29:5> el<29:6>
                                      n<> u<193> t<Argument> p<205> c<192> s<204> l<29:9> el<29:13>
                                        n<> u<192> t<Expression> p<193> c<191> l<29:9> el<29:13>
                                          n<> u<191> t<Primary> p<192> c<190> l<29:9> el<29:13>
                                            n<> u<190> t<Subroutine_call> p<191> c<183> l<29:9> el<29:13>
                                              n<b> u<183> t<SIMPLE_IDENTIFIER> p<190> s<189> l<29:9> el<29:10>
                                              n<> u<189> t<Select> p<190> c<188> l<29:10> el<29:13>
                                                n<> u<188> t<Bit_select> p<189> c<187> l<29:10> el<29:13>
                                                  n<> u<187> t<Expression> p<188> c<186> l<29:11> el<29:12>
                                                    n<> u<186> t<Primary> p<187> c<185> l<29:11> el<29:12>
                                                      n<> u<185> t<Primary_literal> p<186> c<184> l<29:11> el<29:12>
                                                        n<1> u<184> t<INTEGRAL_NUMBER> p<185> l<29:11> el<29:12>
                                      n<> u<204> t<Argument> p<205> c<203> l<29:15> el<29:19>
                                        n<> u<203> t<Expression> p<204> c<202> l<29:15> el<29:19>
                                          n<> u<202> t<Primary> p<203> c<201> l<29:15> el<29:19>
                                            n<> u<201> t<Subroutine_call> p<202> c<194> l<29:15> el<29:19>
                                              n<b> u<194> t<SIMPLE_IDENTIFIER> p<201> s<200> l<29:15> el<29:16>
                                              n<> u<200> t<Select> p<201> c<199> l<29:16> el<29:19>
                                                n<> u<199> t<Bit_select> p<200> c<198> l<29:16> el<29:19>
                                                  n<> u<198> t<Expression> p<199> c<197> l<29:17> el<29:18>
                                                    n<> u<197> t<Primary> p<198> c<196> l<29:17> el<29:18>
                                                      n<> u<196> t<Primary_literal> p<197> c<195> l<29:17> el<29:18>
                                                        n<2> u<195> t<INTEGRAL_NUMBER> p<196> l<29:17> el<29:18>
                          n<> u<221> t<Statement_or_null> p<223> c<220> s<222> l<30:2> el<30:9>
                            n<> u<220> t<Statement> p<221> c<219> l<30:2> el<30:9>
                              n<> u<219> t<Statement_item> p<220> c<218> l<30:2> el<30:9>
                                n<> u<218> t<Subroutine_call_statement> p<219> c<217> l<30:2> el<30:9>
                                  n<> u<217> t<Subroutine_call> p<218> c<211> l<30:2> el<30:8>
                                    n<fun> u<211> t<SIMPLE_IDENTIFIER> p<217> s<216> l<30:2> el<30:5>
                                    n<> u<216> t<Argument_list> p<217> c<215> l<30:6> el<30:7>
                                      n<> u<215> t<Expression> p<216> c<214> l<30:6> el<30:7>
                                        n<> u<214> t<Primary> p<215> c<213> l<30:6> el<30:7>
                                          n<> u<213> t<Primary_literal> p<214> c<212> l<30:6> el<30:7>
                                            n<b> u<212> t<SIMPLE_IDENTIFIER> p<213> l<30:6> el<30:7>
                          n<> u<222> t<END> p<223> l<31:1> el<31:4>
        n<> u<232> t<ENDMODULE> p<233> l<33:1> el<33:10>
AST_DEBUG_END
[INF:CP0303] $Source01/subroutines.sv:16:1: Compile module "top".
[INF:CM0029] Using global timescale: "1ns/1ns".
====== HLDB =======
Design name:unnamed:
  vpiName: unnamed
  vpiSourceFile (1 items):
    SourceFile name:subroutines.sv file:$Source01/subroutines.sv:
      vpiParent: Design name:unnamed
      vpiName: subroutines.sv
      vpiPreprocFile: "$Output/lib/work/subroutines.sv"
  vpiAllModules (1 items):
    Module name:top file:$Source01/subroutines.sv start:16:1 end:33:10:
      vpiParent: Design name:unnamed
      vpiName Identifier name:top start:16:8 end:16:11:
        vpiParent: Module name:top
        vpiName: top
      vpiFullName: top
      vpiDefName: top
      vpiDefNetType: wire (1)
      vpiLibrary RefObj name:work:
        vpiParent: Module name:top
        vpiName: work
        vpiFullName: top.work
      vpiCell: top
      vpiTaskFunc (1 items):
        Task name:fun start:18:1 end:21:8:
          vpiParent: Module name:top
          vpiName Identifier name:fun start:18:6 end:18:9:
            vpiParent: Task name:fun
            vpiName: fun
          vpiFullName: top.fun
          vpiTypespec (1 items):
            ArrayTypespec:
              vpiParent: Task name:fun
              vpiArrayType: static (1)
              vpiRange Range start:18:16 end:18:21:
                vpiParent: ArrayTypespec
                vpiLeftRange Constant start:18:17 end:18:18:
                  vpiParent: Range
                  vpiTypespec RefTypespec:
                    vpiParent: Constant
                    vpiFullName: top.fun
                    vpiActual: IntTypespec
                  vpiConstType: unsigned int (9)
                  vpiSize: 64
                  vpiDecompile: "2"
                  vpiValue: 2
                vpiRightRange Constant start:18:19 end:18:20:
                  vpiParent: Range
                  vpiTypespec RefTypespec:
                    vpiParent: Constant
                    vpiFullName: top.fun
                    vpiActual: IntTypespec
                  vpiConstType: unsigned int (9)
                  vpiSize: 64
                  vpiDecompile: "0"
                  vpiValue: 0
              vpiElemTypespec RefTypespec start:18:10 end:18:13:
                vpiParent: ArrayTypespec
                vpiFullName: top.fun
                vpiActual: IntTypespec
          vpiIODecl (1 items):
            IODecl name:a start:18:14 end:18:15:
              vpiParent: Task name:fun
              vpiName: a
              vpiDirection: input (1)
              vpiTypespec RefTypespec start:18:10 end:18:13:
                vpiParent: IODecl name:a
                vpiFullName: top.fun.a
                vpiActual: ArrayTypespec
          vpiStmt SysTaskCall name:$display start:19:2 end:20:20:
            vpiParent: Task name:fun
            vpiName Identifier name:$display start:19:2 end:19:10:
              vpiParent: SysTaskCall name:$display
              vpiName: "$display"
            vpiArgument (4 items):
              Constant start:19:11 end:19:61:
                vpiParent: SysTaskCall name:$display
                vpiTypespec RefTypespec:
                  vpiParent: Constant
                  vpiFullName: top.fun
                  vpiActual: StringTypespec
                vpiConstType: string (6)
                vpiSize: 384
                vpiDecompile: "\":assert: ((%d == 0) and (%d == 1) and (%d == 2))\""
                vpiValue: ":assert: ((%d == 0) and (%d == 1) and (%d == 2))"
              BitSelect name:a[0] start:20:3 end:20:7:
                vpiParent: SysTaskCall name:$display
                vpiName: a[0]
                vpiFullName: top.fun.a[0]
                vpiPrefix RefObj name:a start:20:3 end:20:4:
                  vpiParent: BitSelect name:a[0]
                  vpiName: a
                  vpiFullName: top.fun.a
                  vpiActual: IODecl name:a
                vpiIndex Constant start:20:5 end:20:6:
                  vpiParent: BitSelect name:a[0]
                  vpiTypespec RefTypespec:
                    vpiParent: Constant
                    vpiFullName: top.fun.a[0]
                    vpiActual: IntTypespec
                  vpiConstType: unsigned int (9)
                  vpiSize: 64
                  vpiDecompile: "0"
                  vpiValue: 0
              BitSelect name:a[1] start:20:9 end:20:13:
                vpiParent: SysTaskCall name:$display
                vpiName: a[1]
                vpiFullName: top.fun.a[1]
                vpiPrefix RefObj name:a start:20:9 end:20:10:
                  vpiParent: BitSelect name:a[1]
                  vpiName: a
                  vpiFullName: top.fun.a
                  vpiActual: IODecl name:a
                vpiIndex Constant start:20:11 end:20:12:
                  vpiParent: BitSelect name:a[1]
                  vpiTypespec RefTypespec:
                    vpiParent: Constant
                    vpiFullName: top.fun.a[1]
                    vpiActual: IntTypespec
                  vpiConstType: unsigned int (9)
                  vpiSize: 64
                  vpiDecompile: "1"
                  vpiValue: 1
              BitSelect name:a[2] start:20:15 end:20:19:
                vpiParent: SysTaskCall name:$display
                vpiName: a[2]
                vpiFullName: top.fun.a[2]
                vpiPrefix RefObj name:a start:20:15 end:20:16:
                  vpiParent: BitSelect name:a[2]
                  vpiName: a
                  vpiFullName: top.fun.a
                  vpiActual: IODecl name:a
                vpiIndex Constant start:20:17 end:20:18:
                  vpiParent: BitSelect name:a[2]
                  vpiTypespec RefTypespec:
                    vpiParent: Constant
                    vpiFullName: top.fun.a[2]
                    vpiActual: IntTypespec
                  vpiConstType: unsigned int (9)
                  vpiSize: 64
                  vpiDecompile: "2"
                  vpiValue: 2
      vpiProcess (1 items):
        Initial start:23:1 end:31:4:
          vpiParent: Module name:top
          vpiStmt Begin start:23:9 end:31:4:
            vpiParent: Initial
            vpiFullName: top
            vpiVariable (1 items):
              Variable name:b start:24:6 end:24:7:
                vpiParent: Begin
                vpiTypespec RefTypespec:
                  vpiParent: Variable name:b
                  vpiFullName: top.b
                  vpiActual: ArrayTypespec
                vpiName: b
                vpiFullName: top.b
            vpiTypespec (1 items):
              ArrayTypespec:
                vpiParent: Begin
                vpiArrayType: static (1)
                vpiRange Range start:24:8 end:24:13:
                  vpiParent: ArrayTypespec
                  vpiLeftRange Constant start:24:9 end:24:10:
                    vpiParent: Range
                    vpiTypespec RefTypespec:
                      vpiParent: Constant
                      vpiFullName: top
                      vpiActual: IntTypespec
                    vpiConstType: unsigned int (9)
                    vpiSize: 64
                    vpiDecompile: "2"
                    vpiValue: 2
                  vpiRightRange Constant start:24:11 end:24:12:
                    vpiParent: Range
                    vpiTypespec RefTypespec:
                      vpiParent: Constant
                      vpiFullName: top
                      vpiActual: IntTypespec
                    vpiConstType: unsigned int (9)
                    vpiSize: 64
                    vpiDecompile: "0"
                    vpiValue: 0
                vpiElemTypespec RefTypespec start:24:2 end:24:5:
                  vpiParent: ArrayTypespec
                  vpiFullName: top
                  vpiActual: IntTypespec
            vpiStmt (5 items):
              Assignment start:25:2 end:25:10:
                vpiParent: Begin
                vpiBlocking: true
                vpiLhs BitSelect name:b[0] start:25:2 end:25:6:
                  vpiParent: Assignment
                  vpiName: b[0]
                  vpiFullName: top.b[0]
                  vpiPrefix RefObj name:b start:25:2 end:25:3:
                    vpiParent: BitSelect name:b[0]
                    vpiName: b
                    vpiFullName: top.b
                    vpiActual: Variable name:b
                  vpiIndex Constant start:25:4 end:25:5:
                    vpiParent: BitSelect name:b[0]
                    vpiTypespec RefTypespec:
                      vpiParent: Constant
                      vpiFullName: top.b[0]
                      vpiActual: IntTypespec
                    vpiConstType: unsigned int (9)
                    vpiSize: 64
                    vpiDecompile: "0"
                    vpiValue: 0
                vpiRhs Constant start:25:9 end:25:10:
                  vpiParent: Assignment
                  vpiTypespec RefTypespec:
                    vpiParent: Constant
                    vpiFullName: top
                    vpiActual: IntTypespec
                  vpiConstType: unsigned int (9)
                  vpiSize: 64
                  vpiDecompile: "0"
                  vpiValue: 0
              Assignment start:26:2 end:26:10:
                vpiParent: Begin
                vpiBlocking: true
                vpiLhs BitSelect name:b[1] start:26:2 end:26:6:
                  vpiParent: Assignment
                  vpiName: b[1]
                  vpiFullName: top.b[1]
                  vpiPrefix RefObj name:b start:26:2 end:26:3:
                    vpiParent: BitSelect name:b[1]
                    vpiName: b
                    vpiFullName: top.b
                    vpiActual: Variable name:b
                  vpiIndex Constant start:26:4 end:26:5:
                    vpiParent: BitSelect name:b[1]
                    vpiTypespec RefTypespec:
                      vpiParent: Constant
                      vpiFullName: top.b[1]
                      vpiActual: IntTypespec
                    vpiConstType: unsigned int (9)
                    vpiSize: 64
                    vpiDecompile: "1"
                    vpiValue: 1
                vpiRhs Constant start:26:9 end:26:10:
                  vpiParent: Assignment
                  vpiTypespec RefTypespec:
                    vpiParent: Constant
                    vpiFullName: top
                    vpiActual: IntTypespec
                  vpiConstType: unsigned int (9)
                  vpiSize: 64
                  vpiDecompile: "1"
                  vpiValue: 1
              Assignment start:27:2 end:27:10:
                vpiParent: Begin
                vpiBlocking: true
                vpiLhs BitSelect name:b[2] start:27:2 end:27:6:
                  vpiParent: Assignment
                  vpiName: b[2]
                  vpiFullName: top.b[2]
                  vpiPrefix RefObj name:b start:27:2 end:27:3:
                    vpiParent: BitSelect name:b[2]
                    vpiName: b
                    vpiFullName: top.b
                    vpiActual: Variable name:b
                  vpiIndex Constant start:27:4 end:27:5:
                    vpiParent: BitSelect name:b[2]
                    vpiTypespec RefTypespec:
                      vpiParent: Constant
                      vpiFullName: top.b[2]
                      vpiActual: IntTypespec
                    vpiConstType: unsigned int (9)
                    vpiSize: 64
                    vpiDecompile: "2"
                    vpiValue: 2
                vpiRhs Constant start:27:9 end:27:10:
                  vpiParent: Assignment
                  vpiTypespec RefTypespec:
                    vpiParent: Constant
                    vpiFullName: top
                    vpiActual: IntTypespec
                  vpiConstType: unsigned int (9)
                  vpiSize: 64
                  vpiDecompile: "2"
                  vpiValue: 2
              SysTaskCall name:$display start:28:2 end:29:20:
                vpiParent: Begin
                vpiName Identifier name:$display start:28:2 end:28:10:
                  vpiParent: SysTaskCall name:$display
                  vpiName: "$display"
                vpiArgument (4 items):
                  Constant start:28:11 end:28:61:
                    vpiParent: SysTaskCall name:$display
                    vpiTypespec RefTypespec:
                      vpiParent: Constant
                      vpiFullName: top
                      vpiActual: StringTypespec
                    vpiConstType: string (6)
                    vpiSize: 384
                    vpiDecompile: "\":assert: ((%d == 0) and (%d == 1) and (%d == 2))\""
                    vpiValue: ":assert: ((%d == 0) and (%d == 1) and (%d == 2))"
                  BitSelect name:b[0] start:29:3 end:29:7:
                    vpiParent: SysTaskCall name:$display
                    vpiName: b[0]
                    vpiFullName: top.b[0]
                    vpiPrefix RefObj name:b start:29:3 end:29:4:
                      vpiParent: BitSelect name:b[0]
                      vpiName: b
                      vpiFullName: top.b
                      vpiActual: Variable name:b
                    vpiIndex Constant start:29:5 end:29:6:
                      vpiParent: BitSelect name:b[0]
                      vpiTypespec RefTypespec:
                        vpiParent: Constant
                        vpiFullName: top.b[0]
                        vpiActual: IntTypespec
                      vpiConstType: unsigned int (9)
                      vpiSize: 64
                      vpiDecompile: "0"
                      vpiValue: 0
                  BitSelect name:b[1] start:29:9 end:29:13:
                    vpiParent: SysTaskCall name:$display
                    vpiName: b[1]
                    vpiFullName: top.b[1]
                    vpiPrefix RefObj name:b start:29:9 end:29:10:
                      vpiParent: BitSelect name:b[1]
                      vpiName: b
                      vpiFullName: top.b
                      vpiActual: Variable name:b
                    vpiIndex Constant start:29:11 end:29:12:
                      vpiParent: BitSelect name:b[1]
                      vpiTypespec RefTypespec:
                        vpiParent: Constant
                        vpiFullName: top.b[1]
                        vpiActual: IntTypespec
                      vpiConstType: unsigned int (9)
                      vpiSize: 64
                      vpiDecompile: "1"
                      vpiValue: 1
                  BitSelect name:b[2] start:29:15 end:29:19:
                    vpiParent: SysTaskCall name:$display
                    vpiName: b[2]
                    vpiFullName: top.b[2]
                    vpiPrefix RefObj name:b start:29:15 end:29:16:
                      vpiParent: BitSelect name:b[2]
                      vpiName: b
                      vpiFullName: top.b
                      vpiActual: Variable name:b
                    vpiIndex Constant start:29:17 end:29:18:
                      vpiParent: BitSelect name:b[2]
                      vpiTypespec RefTypespec:
                        vpiParent: Constant
                        vpiFullName: top.b[2]
                        vpiActual: IntTypespec
                      vpiConstType: unsigned int (9)
                      vpiSize: 64
                      vpiDecompile: "2"
                      vpiValue: 2
              TaskCall name:fun start:30:2 end:30:8:
                vpiParent: Begin
                vpiName Identifier name:fun start:30:2 end:30:5:
                  vpiParent: TaskCall name:fun
                  vpiName: fun
                vpiTaskFunc: Task name:fun
                vpiArgument (1 items):
                  RefObj name:b start:30:6 end:30:7:
                    vpiParent: TaskCall name:fun
                    vpiName: b
                    vpiFullName: top.b
                    vpiActual: Variable name:b
  vpiTypespec (3 items):
    ModuleTypespec name:top:
      vpiParent: Design name:unnamed
      vpiName Identifier name:top start:16:8 end:16:11:
        vpiParent: ModuleTypespec name:top
        vpiName: top
      vpiModule: Module name:top
    IntTypespec:
      vpiParent: Design name:unnamed
      vpiSigned: true
    StringTypespec:
      vpiParent: Design name:unnamed
===================
[  FATAL] : 0
[ SYNTAX] : 0
[  ERROR] : 0
[WARNING] : 0
[   NOTE] : 0
********************************************************************************
*                    End HLC SystemVerilog Compiler/Linter                     *
********************************************************************************

#**#**#**#**#**#**#**#**#**#**#**#**#**#**#**#**#**#**#**#**#**#**#**#**#**#**#**#**#**#**#**#**#**#**#**#**#**#**#**#**

Environment:
      test-name: Google/chapter-7/arrays/unpacked/subroutines
   test-dirpath: ${HLC_DIR}/regression/Google/chapter-7/arrays/unpacked/subroutines
  hldb-filepath: ${HLC_DIR}/regression/Google/chapter-7/arrays/unpacked/subroutines/design.hldb
mounts-filepath: ${HLC_DIR}/regression/Google/chapter-7/arrays/unpacked/subroutines/mounts.json


{'result': {'coverage': 100.0,
            'error_count': 0,
            'file_count': 1,
            'files': {'$Output/lib/work/subroutines.sv': {'post_len': 0,
                                                          'pre_len': 271}},
            'post_len': 0,
            'pre_len': 271,
            'test_name': 'Google/chapter-7/arrays/unpacked/subroutines'}}

+---------------------------------+----------+-----------+
| INPUT                           |   PRELEN |   POSTLEN |
+=================================+==========+===========+
| $Output/lib/work/subroutines.sv |      271 |         0 |
+=================================+==========+===========+
|                                 |      271 |         0 |
+---------------------------------+----------+-----------+

[   ERROR] : 0
[COVERAGE] : 100.0


#**#**#**#**#**#**#**#**#**#**#**#**#**#**#**#**#**#**#**#**#**#**#**#**#**#**#**#**#**#**#**#**#**#**#**#**#**#**#**#**

COMMAND: ${HLC_DIR}/regression/Google/chapter-7/arrays/unpacked/subroutines/design.hldb ${HLC_DIR}/regression/Google/chapter-7/arrays/unpacked/subroutines/reduced.hldb

==================== BEGIN REDUCTION RESULT ====================
Name                            Before   After   Added   Removed
----------------------------------------------------------------
----------------------------------------------------------------
Others                              87      87       0         0
----------------------------------------------------------------
                                    87      87       0         0
===================== END REDUCTION RESULT =====================
