********************************************************************************
*                   Begin HLC SystemVerilog Compiler/Linter                    *
********************************************************************************
Copyright (c) 2020 Apotell,
http://www.apache.org/licenses/LICENSE-2.0
VERSION: 1.84
COMMAND: -wd ../../../tests/Verilator +incdir+. -nobuiltin -timescale=1ns/1ns -d ast -d db t_lint_incabspath.v -mt 0 -mp 0 -d dbstats -d cache -d db -nostdout -o ${HLC_DIR}/regression/Verilator/t_lint_incabspath
[INF:CM0023] Creating log file "$Output/hlc.log".
[INF:PP0122] Preprocessing source file "$Source01/t_lint_incabspath.v".
[INF:PA0201] Parsing source file "$Source01/t_lint_incabspath.v".
AST_DEBUG_BEGIN
Count: 15
LIB: work
FILE: f<13>:$Source01/t_lint_incabspath.v
n<$Source01/t_lint_incabspath.v> u<14> t<Top_level_rule> c<1> l<8:1> el<10:1>
  n<> u<1> t<Null_rule> p<14> s<2> l<8:1> el<8:1>
  n<// DESCRIPTION: Verilator: Verilog Test module> u<2> t<LINE_COMMENT> p<14> s<3> l<1:1> el<1:47>
  n<//> u<3> t<LINE_COMMENT> p<14> s<4> l<2:1> el<2:3>
  n<// This file ONLY is placed into the Public Domain, for any use,> u<4> t<LINE_COMMENT> p<14> s<5> l<3:1> el<3:65>
  n<// without warranty, 2010 by Wilson Snyder.> u<5> t<LINE_COMMENT> p<14> s<13> l<4:1> el<4:44>
  n<> u<13> t<Source_text> p<14> c<12> l<8:1> el<9:10>
    n<> u<12> t<Description> p<13> c<11> l<8:1> el<9:10>
      n<> u<11> t<Module_declaration> p<12> c<9> l<8:1> el<9:10>
        n<> u<9> t<Module_ansi_header> p<11> c<6> s<10> l<8:1> el<8:10>
          n<module> u<6> t<Module_keyword> p<9> s<7> l<8:1> el<8:7>
          n<t> u<7> t<SIMPLE_IDENTIFIER> p<9> s<8> l<8:8> el<8:9>
          n<> u<8> t<Package_import_declaration_list> p<9> l<8:9> el<8:9>
        n<> u<10> t<ENDMODULE> p<11> l<9:1> el<9:10>
AST_DEBUG_END
[INF:CP0303] $Source01/t_lint_incabspath.v:8:1: Compile module "work@t".
[INF:CM0029] Using global timescale: "1ns/1ns".
====== HLDB =======
Design name:unnamed:
  vpiName: unnamed
  vpiSourceFile (1 items):
    SourceFile name:t_lint_incabspath.v file:$Source01/t_lint_incabspath.v:
      vpiParent: Design name:unnamed
      vpiName: t_lint_incabspath.v
      vpiPreprocFile: "$Output/lib/work/t_lint_incabspath.v"
      vpiIncludes (1 items):
        SourceFile name:/dev/null start:6:1 end:6:21:
          vpiParent: SourceFile name:t_lint_incabspath.v
          vpiName: "/dev/null"
          vpiDefNetType: none (12)
      vpiDefNetType: none (12)
  vpiAllModules (1 items):
    Module name:work@t file:$Source01/t_lint_incabspath.v start:8:1 end:9:10:
      vpiParent: Design name:unnamed
      vpiName Identifier name:work@t start:8:8 end:8:9:
        vpiParent: Module name:work@t
        vpiName: work@t
      vpiFullName: work@t
      vpiDefName: work@t
      vpiDefNetType: none (12)
      vpiLibrary RefObj name:work:
        vpiParent: Module name:work@t
        vpiName: work
        vpiFullName: work@t.work
      vpiCell: t
  vpiTypespec (1 items):
    ModuleTypespec name:work@t:
      vpiParent: Design name:unnamed
      vpiName Identifier name:work@t start:8:8 end:8:9:
        vpiParent: ModuleTypespec name:work@t
        vpiName: work@t
      vpiModule: Module name:work@t
===================
[  FATAL] : 0
[ SYNTAX] : 0
[  ERROR] : 0
[WARNING] : 0
[   NOTE] : 0
********************************************************************************
*                    End HLC SystemVerilog Compiler/Linter                     *
********************************************************************************

#**#**#**#**#**#**#**#**#**#**#**#**#**#**#**#**#**#**#**#**#**#**#**#**#**#**#**#**#**#**#**#**#**#**#**#**#**#**#**#**

Environment:
      test-name: Verilator/t_lint_incabspath
   test-dirpath: ${HLC_DIR}/regression/Verilator/t_lint_incabspath
  hldb-filepath: ${HLC_DIR}/regression/Verilator/t_lint_incabspath/design.hldb
mounts-filepath: ${HLC_DIR}/regression/Verilator/t_lint_incabspath/mounts.json


{'result': {'coverage': 100.0,
            'error_count': 0,
            'file_count': 1,
            'files': {'$Output/lib/work/t_lint_incabspath.v': {'post_len': 0,
                                                               'pre_len': 18}},
            'post_len': 0,
            'pre_len': 18,
            'test_name': 'Verilator/t_lint_incabspath'}}

+--------------------------------------+----------+-----------+
| INPUT                                |   PRELEN |   POSTLEN |
+======================================+==========+===========+
| $Output/lib/work/t_lint_incabspath.v |       18 |         0 |
+======================================+==========+===========+
|                                      |       18 |         0 |
+--------------------------------------+----------+-----------+

[   ERROR] : 0
[COVERAGE] : 100.0


#**#**#**#**#**#**#**#**#**#**#**#**#**#**#**#**#**#**#**#**#**#**#**#**#**#**#**#**#**#**#**#**#**#**#**#**#**#**#**#**

COMMAND: ${HLC_DIR}/regression/Verilator/t_lint_incabspath/design.hldb ${HLC_DIR}/regression/Verilator/t_lint_incabspath/reduced.hldb

==================== BEGIN REDUCTION RESULT ====================
Name                            Before   After   Added   Removed
----------------------------------------------------------------
----------------------------------------------------------------
Others                               8       8       0         0
----------------------------------------------------------------
                                     8       8       0         0
===================== END REDUCTION RESULT =====================
