********************************************************************************
*                   Begin HLC SystemVerilog Compiler/Linter                    *
********************************************************************************
Copyright (c) 2020 Apotell,
http://www.apache.org/licenses/LICENSE-2.0
VERSION: 1.84
COMMAND: -wd ../../../../../tests/Sky130Cell -DUNIT_DELAY -writepp -nobuiltin -timescale=1ns/1ns -d ast -d db cells/cells/sky130_fd_sc_hd__mux2.functional.v -mt 0 -mp 0 -d dbstats -d cache -d db -nostdout -o ${HLC_DIR}/regression/Sky130Cell/cells/cells/sky130_fd_sc_hd__mux2.functional
[INF:CM0023] Creating log file "$Output/hlc.log".
[INF:PP0122] Preprocessing source file "$Source01/cells/cells/sky130_fd_sc_hd__mux2.functional.v".
[INF:PA0201] Parsing source file "$Source01/cells/cells/sky130_fd_sc_hd__mux2.functional.v".
AST_DEBUG_BEGIN
Count: 257
LIB: work
FILE: f<14>:$Source01/cells/cells/sky130_fd_sc_hd__mux2.functional.v
INCL f<74>: $Source01/models/udp_mux_2to1/sky130_fd_sc_hd__udp_mux_2to1.v
n<$Source01/cells/cells/sky130_fd_sc_hd__mux2.functional.v> u<256> t<Top_level_rule> c<1> l<29:1> el<60:40>
  n<> u<1> t<Null_rule> p<256> s<2> l<29:1> el<29:1>
  n</*\n * Copyright 2020 The SkyWater PDK Authors\n *\n * Licensed under the Apache License, Version 2.0 (the "License");\n * you may not use this file except in compliance with the License.\n * You may obtain a copy of the License at\n *\n *     https://www.apache.org/licenses/LICENSE-2.0\n *\n * Unless required by applicable law or agreed to in writing, software\n * distributed under the License is distributed on an "AS IS" BASIS,\n * WITHOUT WARRANTIES OR CONDITIONS OF ANY KIND, either express or implied.\n * See the License for the specific language governing permissions and\n * limitations under the License.\n *\n * SPDX-License-Identifier: Apache-2.0\n*/> u<2> t<BLOCK_COMMENT> p<256> s<3> l<29:1> el<59:22>
  n</**\n * mux2: 2-input multiplexer.\n *\n * Verilog simulation functional model.\n */> u<3> t<BLOCK_COMMENT> p<256> s<254> l<29:1> el<59:22>
  n<> u<254> t<Source_text> p<256> c<12> s<255> l<29:1> el<59:22>
    n<> u<12> t<Description> p<254> c<11> s<16> l<29:1> el<29:21>
      n<> u<11> t<Top_directives> p<12> c<10> l<29:1> el<29:21>
        n<> u<10> t<Timescale_directive> p<11> c<6> l<29:1> el<29:21>
          n<1ns> u<6> t<Time_literal> p<10> c<4> s<9> l<29:12> el<29:15>
            n<1> u<4> t<INTEGRAL_NUMBER> p<6> s<5> l<29:12> el<29:13>
            n<ns> u<5> t<SIMPLE_IDENTIFIER> p<6> l<29:13> el<29:15>
          n<1ps> u<9> t<Time_literal> p<10> c<7> l<29:18> el<29:21>
            n<1> u<7> t<INTEGRAL_NUMBER> p<9> s<8> l<29:18> el<29:19>
            n<ps> u<8> t<SIMPLE_IDENTIFIER> p<9> l<29:19> el<29:21>
    n<> u<16> t<Description> p<254> c<15> s<17> l<30:1> el<30:22>
      n<> u<15> t<Top_directives> p<16> c<14> l<30:1> el<30:22>
        n<> u<14> t<Default_nettype_directive> p<15> c<13> l<30:1> el<30:22>
          n<none> u<13> t<SIMPLE_IDENTIFIER> p<14> l<30:18> el<30:22>
    n<// Import user defined primitives.> u<17> t<LINE_COMMENT> p<254> s<18> l<32:1> el<32:35>
    n</**\n * Copyright 2020 The SkyWater PDK Authors\n *\n * Licensed under the Apache License, Version 2.0 (the "License");\n * you may not use this file except in compliance with the License.\n * You may obtain a copy of the License at\n *\n *     https://www.apache.org/licenses/LICENSE-2.0\n *\n * Unless required by applicable law or agreed to in writing, software\n * distributed under the License is distributed on an "AS IS" BASIS,\n * WITHOUT WARRANTIES OR CONDITIONS OF ANY KIND, either express or implied.\n * See the License for the specific language governing permissions and\n * limitations under the License.\n *\n * SPDX-License-Identifier: Apache-2.0\n */> u<18> t<BLOCK_COMMENT> p<254> s<19> f<74> l<30:1> el<30:21>
    n</**\n * udp_mux_2to1: Two to one multiplexer\n *\n * Verilog primitive definition.\n *\n * WARNING: This file is autogenerated, do not modify directly!\n */> u<19> t<BLOCK_COMMENT> p<254> s<28> f<74> l<30:1> el<30:21>
    n<> u<28> t<Description> p<254> c<27> s<32> f<74> l<30:1> el<30:21>
      n<> u<27> t<Top_directives> p<28> c<26> f<74> l<30:1> el<30:21>
        n<> u<26> t<Timescale_directive> p<27> c<22> f<74> l<30:1> el<30:21>
          n<1ns> u<22> t<Time_literal> p<26> c<20> s<25> f<74> l<30:12> el<30:15>
            n<1> u<20> t<INTEGRAL_NUMBER> p<22> s<21> f<74> l<30:12> el<30:13>
            n<ns> u<21> t<SIMPLE_IDENTIFIER> p<22> f<74> l<30:13> el<30:15>
          n<1ps> u<25> t<Time_literal> p<26> c<23> f<74> l<30:18> el<30:21>
            n<1> u<23> t<INTEGRAL_NUMBER> p<25> s<24> f<74> l<30:18> el<30:19>
            n<ps> u<24> t<SIMPLE_IDENTIFIER> p<25> f<74> l<30:19> el<30:21>
    n<> u<32> t<Description> p<254> c<31> s<122> f<74> l<31:1> el<31:22>
      n<> u<31> t<Top_directives> p<32> c<30> f<74> l<31:1> el<31:22>
        n<> u<30> t<Default_nettype_directive> p<31> c<29> f<74> l<31:1> el<31:22>
          n<none> u<29> t<SIMPLE_IDENTIFIER> p<30> f<74> l<31:18> el<31:22>
    n<> u<122> t<Description> p<254> c<121> s<126> f<74> l<36:1> el<57:13>
      n<> u<121> t<Udp_declaration> p<122> c<40> f<74> l<36:1> el<57:13>
        n<> u<40> t<Udp_nonansi_declaration> p<121> c<33> s<43> f<74> l<36:1> el<41:3>
          n<> u<33> t<PRIMITIVE> p<40> s<34> f<74> l<36:1> el<36:10>
          n<sky130_fd_sc_hd__udp_mux_2to1> u<34> t<SIMPLE_IDENTIFIER> p<40> s<39> f<74> l<36:11> el<36:40>
          n<> u<39> t<Udp_port_list> p<40> c<35> f<74> l<37:5> el<40:6>
            n<X> u<35> t<SIMPLE_IDENTIFIER> p<39> s<36> f<74> l<37:5> el<37:6>
            n<A0> u<36> t<SIMPLE_IDENTIFIER> p<39> s<37> f<74> l<38:5> el<38:7>
            n<A1> u<37> t<SIMPLE_IDENTIFIER> p<39> s<38> f<74> l<39:5> el<39:7>
            n<S> u<38> t<SIMPLE_IDENTIFIER> p<39> f<74> l<40:5> el<40:6>
        n<> u<43> t<Udp_port_declaration> p<121> c<42> s<47> f<74> l<43:5> el<43:15>
          n<> u<42> t<Udp_output_declaration> p<43> c<41> f<74> l<43:5> el<43:13>
            n<X> u<41> t<SIMPLE_IDENTIFIER> p<42> f<74> l<43:12> el<43:13>
        n<> u<47> t<Udp_port_declaration> p<121> c<46> s<51> f<74> l<44:5> el<44:15>
          n<> u<46> t<Udp_input_declaration> p<47> c<45> f<74> l<44:5> el<44:14>
            n<> u<45> t<Identifier_list> p<46> c<44> f<74> l<44:12> el<44:14>
              n<A0> u<44> t<SIMPLE_IDENTIFIER> p<45> f<74> l<44:12> el<44:14>
        n<> u<51> t<Udp_port_declaration> p<121> c<50> s<55> f<74> l<45:5> el<45:15>
          n<> u<50> t<Udp_input_declaration> p<51> c<49> f<74> l<45:5> el<45:14>
            n<> u<49> t<Identifier_list> p<50> c<48> f<74> l<45:12> el<45:14>
              n<A1> u<48> t<SIMPLE_IDENTIFIER> p<49> f<74> l<45:12> el<45:14>
        n<> u<55> t<Udp_port_declaration> p<121> c<54> s<119> f<74> l<46:5> el<46:15>
          n<> u<54> t<Udp_input_declaration> p<55> c<53> f<74> l<46:5> el<46:13>
            n<> u<53> t<Identifier_list> p<54> c<52> f<74> l<46:12> el<46:13>
              n<S> u<52> t<SIMPLE_IDENTIFIER> p<53> f<74> l<46:12> el<46:13>
        n<> u<119> t<Udp_body> p<121> c<56> s<120> f<74> l<48:5> el<56:13>
          n<//  A0  A1  S  :  X> u<56> t<LINE_COMMENT> p<119> s<118> f<74> l<49:6> el<49:25>
          n<> u<118> t<Combinational_body> p<119> c<66> f<74> l<48:5> el<56:13>
            n<> u<66> t<Combinational_entry> p<118> c<63> s<76> f<74> l<50:10> el<50:29>
              n<> u<63> t<Level_input_list> p<66> c<58> s<65> f<74> l<50:10> el<50:19>
                n<> u<58> t<Level_symbol> p<63> c<57> s<60> f<74> l<50:10> el<50:11>
                  n<0> u<57> t<INTEGRAL_NUMBER> p<58> f<74> l<50:10> el<50:11>
                n<> u<60> t<Level_symbol> p<63> c<59> s<62> f<74> l<50:14> el<50:15>
                  n<0> u<59> t<INTEGRAL_NUMBER> p<60> f<74> l<50:14> el<50:15>
                n<> u<62> t<Level_symbol> p<63> c<61> f<74> l<50:18> el<50:19>
                  n<> u<61> t<QMARK> p<62> f<74> l<50:18> el<50:19>
              n<> u<65> t<Output_symbol> p<66> c<64> f<74> l<50:24> el<50:25>
                n<0> u<64> t<INTEGRAL_NUMBER> p<65> f<74> l<50:24> el<50:25>
            n<> u<76> t<Combinational_entry> p<118> c<73> s<86> f<74> l<51:10> el<51:29>
              n<> u<73> t<Level_input_list> p<76> c<68> s<75> f<74> l<51:10> el<51:19>
                n<> u<68> t<Level_symbol> p<73> c<67> s<70> f<74> l<51:10> el<51:11>
                  n<1> u<67> t<INTEGRAL_NUMBER> p<68> f<74> l<51:10> el<51:11>
                n<> u<70> t<Level_symbol> p<73> c<69> s<72> f<74> l<51:14> el<51:15>
                  n<1> u<69> t<INTEGRAL_NUMBER> p<70> f<74> l<51:14> el<51:15>
                n<> u<72> t<Level_symbol> p<73> c<71> f<74> l<51:18> el<51:19>
                  n<> u<71> t<QMARK> p<72> f<74> l<51:18> el<51:19>
              n<> u<75> t<Output_symbol> p<76> c<74> f<74> l<51:24> el<51:25>
                n<1> u<74> t<INTEGRAL_NUMBER> p<75> f<74> l<51:24> el<51:25>
            n<> u<86> t<Combinational_entry> p<118> c<83> s<96> f<74> l<52:10> el<52:29>
              n<> u<83> t<Level_input_list> p<86> c<78> s<85> f<74> l<52:10> el<52:19>
                n<> u<78> t<Level_symbol> p<83> c<77> s<80> f<74> l<52:10> el<52:11>
                  n<0> u<77> t<INTEGRAL_NUMBER> p<78> f<74> l<52:10> el<52:11>
                n<> u<80> t<Level_symbol> p<83> c<79> s<82> f<74> l<52:14> el<52:15>
                  n<> u<79> t<QMARK> p<80> f<74> l<52:14> el<52:15>
                n<> u<82> t<Level_symbol> p<83> c<81> f<74> l<52:18> el<52:19>
                  n<0> u<81> t<INTEGRAL_NUMBER> p<82> f<74> l<52:18> el<52:19>
              n<> u<85> t<Output_symbol> p<86> c<84> f<74> l<52:24> el<52:25>
                n<0> u<84> t<INTEGRAL_NUMBER> p<85> f<74> l<52:24> el<52:25>
            n<> u<96> t<Combinational_entry> p<118> c<93> s<106> f<74> l<53:10> el<53:29>
              n<> u<93> t<Level_input_list> p<96> c<88> s<95> f<74> l<53:10> el<53:19>
                n<> u<88> t<Level_symbol> p<93> c<87> s<90> f<74> l<53:10> el<53:11>
                  n<1> u<87> t<INTEGRAL_NUMBER> p<88> f<74> l<53:10> el<53:11>
                n<> u<90> t<Level_symbol> p<93> c<89> s<92> f<74> l<53:14> el<53:15>
                  n<> u<89> t<QMARK> p<90> f<74> l<53:14> el<53:15>
                n<> u<92> t<Level_symbol> p<93> c<91> f<74> l<53:18> el<53:19>
                  n<0> u<91> t<INTEGRAL_NUMBER> p<92> f<74> l<53:18> el<53:19>
              n<> u<95> t<Output_symbol> p<96> c<94> f<74> l<53:24> el<53:25>
                n<1> u<94> t<INTEGRAL_NUMBER> p<95> f<74> l<53:24> el<53:25>
            n<> u<106> t<Combinational_entry> p<118> c<103> s<116> f<74> l<54:10> el<54:29>
              n<> u<103> t<Level_input_list> p<106> c<98> s<105> f<74> l<54:10> el<54:19>
                n<> u<98> t<Level_symbol> p<103> c<97> s<100> f<74> l<54:10> el<54:11>
                  n<> u<97> t<QMARK> p<98> f<74> l<54:10> el<54:11>
                n<> u<100> t<Level_symbol> p<103> c<99> s<102> f<74> l<54:14> el<54:15>
                  n<0> u<99> t<INTEGRAL_NUMBER> p<100> f<74> l<54:14> el<54:15>
                n<> u<102> t<Level_symbol> p<103> c<101> f<74> l<54:18> el<54:19>
                  n<1> u<101> t<INTEGRAL_NUMBER> p<102> f<74> l<54:18> el<54:19>
              n<> u<105> t<Output_symbol> p<106> c<104> f<74> l<54:24> el<54:25>
                n<0> u<104> t<INTEGRAL_NUMBER> p<105> f<74> l<54:24> el<54:25>
            n<> u<116> t<Combinational_entry> p<118> c<113> s<117> f<74> l<55:10> el<55:29>
              n<> u<113> t<Level_input_list> p<116> c<108> s<115> f<74> l<55:10> el<55:19>
                n<> u<108> t<Level_symbol> p<113> c<107> s<110> f<74> l<55:10> el<55:11>
                  n<> u<107> t<QMARK> p<108> f<74> l<55:10> el<55:11>
                n<> u<110> t<Level_symbol> p<113> c<109> s<112> f<74> l<55:14> el<55:15>
                  n<1> u<109> t<INTEGRAL_NUMBER> p<110> f<74> l<55:14> el<55:15>
                n<> u<112> t<Level_symbol> p<113> c<111> f<74> l<55:18> el<55:19>
                  n<1> u<111> t<INTEGRAL_NUMBER> p<112> f<74> l<55:18> el<55:19>
              n<> u<115> t<Output_symbol> p<116> c<114> f<74> l<55:24> el<55:25>
                n<1> u<114> t<INTEGRAL_NUMBER> p<115> f<74> l<55:24> el<55:25>
            n<> u<117> t<ENDTABLE> p<118> f<74> l<56:5> el<56:13>
        n<> u<120> t<ENDPRIMITIVE> p<121> f<74> l<57:1> el<57:13>
    n<> u<126> t<Description> p<254> c<125> s<129> f<74> l<60:1> el<60:22>
      n<> u<125> t<Top_directives> p<126> c<124> f<74> l<60:1> el<60:22>
        n<> u<124> t<Default_nettype_directive> p<125> c<123> f<74> l<60:1> el<60:22>
          n<> u<123> t<WIRE> p<124> f<74> l<60:18> el<60:22>
    n<> u<129> t<Description> p<254> c<128> s<246> l<35:1> el<35:12>
      n<> u<128> t<Top_directives> p<129> c<127> l<35:1> el<35:12>
        n<> u<127> t<Celldefine_directive> p<128> l<35:1> el<35:12>
    n<> u<246> t<Description> p<254> c<245> s<249> l<36:1> el<56:10>
      n<> u<245> t<Module_declaration> p<246> c<158> l<36:1> el<56:10>
        n<> u<158> t<Module_nonansi_header> p<245> c<130> s<159> l<36:1> el<41:3>
          n<module> u<130> t<Module_keyword> p<158> s<131> l<36:1> el<36:7>
          n<sky130_fd_sc_hd__mux2> u<131> t<SIMPLE_IDENTIFIER> p<158> s<132> l<36:8> el<36:29>
          n<> u<132> t<Package_import_declaration_list> p<158> s<157> l<36:30> el<36:30>
          n<> u<157> t<Port_list> p<158> c<138> l<36:30> el<41:2>
            n<> u<138> t<Port> p<157> c<137> s<144> l<37:5> el<37:6>
              n<> u<137> t<Port_expression> p<138> c<136> l<37:5> el<37:6>
                n<> u<136> t<Port_reference> p<137> c<133> l<37:5> el<37:6>
                  n<X> u<133> t<SIMPLE_IDENTIFIER> p<136> s<135> l<37:5> el<37:6>
                  n<> u<135> t<Constant_select> p<136> c<134> l<37:7> el<37:7>
                    n<> u<134> t<Constant_bit_select> p<135> l<37:7> el<37:7>
            n<> u<144> t<Port> p<157> c<143> s<150> l<38:5> el<38:7>
              n<> u<143> t<Port_expression> p<144> c<142> l<38:5> el<38:7>
                n<> u<142> t<Port_reference> p<143> c<139> l<38:5> el<38:7>
                  n<A0> u<139> t<SIMPLE_IDENTIFIER> p<142> s<141> l<38:5> el<38:7>
                  n<> u<141> t<Constant_select> p<142> c<140> l<38:7> el<38:7>
                    n<> u<140> t<Constant_bit_select> p<141> l<38:7> el<38:7>
            n<> u<150> t<Port> p<157> c<149> s<156> l<39:5> el<39:7>
              n<> u<149> t<Port_expression> p<150> c<148> l<39:5> el<39:7>
                n<> u<148> t<Port_reference> p<149> c<145> l<39:5> el<39:7>
                  n<A1> u<145> t<SIMPLE_IDENTIFIER> p<148> s<147> l<39:5> el<39:7>
                  n<> u<147> t<Constant_select> p<148> c<146> l<39:7> el<39:7>
                    n<> u<146> t<Constant_bit_select> p<147> l<39:7> el<39:7>
            n<> u<156> t<Port> p<157> c<155> l<40:5> el<40:6>
              n<> u<155> t<Port_expression> p<156> c<154> l<40:5> el<40:6>
                n<> u<154> t<Port_reference> p<155> c<151> l<40:5> el<40:6>
                  n<S> u<151> t<SIMPLE_IDENTIFIER> p<154> s<153> l<40:5> el<40:6>
                  n<> u<153> t<Constant_select> p<154> c<152> l<41:1> el<41:1>
                    n<> u<152> t<Constant_bit_select> p<153> l<41:1> el<41:1>
        n<// Module ports> u<159> t<LINE_COMMENT> p<245> s<166> l<43:5> el<43:20>
        n<> u<166> t<Module_item> p<245> c<165> s<173> l<44:5> el<44:15>
          n<> u<165> t<Port_declaration> p<166> c<164> l<44:5> el<44:13>
            n<> u<164> t<Output_declaration> p<165> c<161> l<44:5> el<44:13>
              n<> u<161> t<Net_port_type> p<164> c<160> s<163> l<44:12> el<44:12>
                n<> u<160> t<Data_type_or_implicit> p<161> l<44:12> el<44:12>
              n<> u<163> t<Output_port_identifier_list> p<164> c<162> l<44:12> el<44:13>
                n<X> u<162> t<SIMPLE_IDENTIFIER> p<163> l<44:12> el<44:13>
        n<> u<173> t<Module_item> p<245> c<172> s<180> l<45:5> el<45:15>
          n<> u<172> t<Port_declaration> p<173> c<171> l<45:5> el<45:14>
            n<> u<171> t<Input_declaration> p<172> c<168> l<45:5> el<45:14>
              n<> u<168> t<Net_port_type> p<171> c<167> s<170> l<45:12> el<45:12>
                n<> u<167> t<Data_type_or_implicit> p<168> l<45:12> el<45:12>
              n<> u<170> t<Port_identifier_list> p<171> c<169> l<45:12> el<45:14>
                n<A0> u<169> t<SIMPLE_IDENTIFIER> p<170> l<45:12> el<45:14>
        n<> u<180> t<Module_item> p<245> c<179> s<187> l<46:5> el<46:15>
          n<> u<179> t<Port_declaration> p<180> c<178> l<46:5> el<46:14>
            n<> u<178> t<Input_declaration> p<179> c<175> l<46:5> el<46:14>
              n<> u<175> t<Net_port_type> p<178> c<174> s<177> l<46:12> el<46:12>
                n<> u<174> t<Data_type_or_implicit> p<175> l<46:12> el<46:12>
              n<> u<177> t<Port_identifier_list> p<178> c<176> l<46:12> el<46:14>
                n<A1> u<176> t<SIMPLE_IDENTIFIER> p<177> l<46:12> el<46:14>
        n<> u<187> t<Module_item> p<245> c<186> s<188> l<47:5> el<47:15>
          n<> u<186> t<Port_declaration> p<187> c<185> l<47:5> el<47:13>
            n<> u<185> t<Input_declaration> p<186> c<182> l<47:5> el<47:13>
              n<> u<182> t<Net_port_type> p<185> c<181> s<184> l<47:12> el<47:12>
                n<> u<181> t<Data_type_or_implicit> p<182> l<47:12> el<47:12>
              n<> u<184> t<Port_identifier_list> p<185> c<183> l<47:12> el<47:13>
                n<S> u<183> t<SIMPLE_IDENTIFIER> p<184> l<47:12> el<47:13>
        n<// Local signals> u<188> t<LINE_COMMENT> p<245> s<200> l<49:5> el<49:21>
        n<> u<200> t<Module_item> p<245> c<199> s<201> l<50:5> el<50:26>
          n<> u<199> t<Non_port_module_item> p<200> c<198> l<50:5> el<50:26>
            n<> u<198> t<Module_or_generate_item> p<199> c<197> l<50:5> el<50:26>
              n<> u<197> t<Module_common_item> p<198> c<196> l<50:5> el<50:26>
                n<> u<196> t<Module_or_generate_item_declaration> p<197> c<195> l<50:5> el<50:26>
                  n<> u<195> t<Package_or_generate_item_declaration> p<196> c<194> l<50:5> el<50:26>
                    n<> u<194> t<Net_declaration> p<195> c<189> l<50:5> el<50:26>
                      n<> u<189> t<WIRE> p<194> s<190> l<50:5> el<50:9>
                      n<> u<190> t<Data_type_or_implicit> p<194> s<193> l<50:10> el<50:10>
                      n<> u<193> t<Net_decl_assignment_list> p<194> c<192> l<50:10> el<50:25>
                        n<> u<192> t<Net_decl_assignment> p<193> c<191> l<50:10> el<50:25>
                          n<mux_2to10_out_X> u<191> t<SIMPLE_IDENTIFIER> p<192> l<50:10> el<50:25>
        n<//                            Name       Output           Other arguments> u<201> t<LINE_COMMENT> p<245> s<226> l<52:5> el<52:78>
        n<> u<226> t<Module_item> p<245> c<225> s<243> l<53:5> el<53:80>
          n<> u<225> t<Non_port_module_item> p<226> c<224> l<53:5> el<53:80>
            n<> u<224> t<Module_or_generate_item> p<225> c<223> l<53:5> el<53:80>
              n<> u<223> t<Udp_instantiation> p<224> c<202> l<53:5> el<53:80>
                n<sky130_fd_sc_hd__udp_mux_2to1> u<202> t<SIMPLE_IDENTIFIER> p<223> s<222> l<53:5> el<53:34>
                n<> u<222> t<Udp_instance> p<223> c<204> l<53:35> el<53:79>
                  n<> u<204> t<Name_of_instance> p<222> c<203> s<209> l<53:35> el<53:44>
                    n<mux_2to10> u<203> t<SIMPLE_IDENTIFIER> p<204> l<53:35> el<53:44>
                  n<> u<209> t<Net_lvalue> p<222> c<206> s<213> l<53:46> el<53:61>
                    n<> u<206> t<Ps_or_hierarchical_identifier> p<209> c<205> s<208> l<53:46> el<53:61>
                      n<mux_2to10_out_X> u<205> t<SIMPLE_IDENTIFIER> p<206> l<53:46> el<53:61>
                    n<> u<208> t<Constant_select> p<209> c<207> l<53:61> el<53:61>
                      n<> u<207> t<Constant_bit_select> p<208> l<53:61> el<53:61>
                  n<> u<213> t<Expression> p<222> c<212> s<217> l<53:63> el<53:65>
                    n<> u<212> t<Primary> p<213> c<211> l<53:63> el<53:65>
                      n<> u<211> t<Primary_literal> p<212> c<210> l<53:63> el<53:65>
                        n<A0> u<210> t<SIMPLE_IDENTIFIER> p<211> l<53:63> el<53:65>
                  n<> u<217> t<Expression> p<222> c<216> s<221> l<53:67> el<53:69>
                    n<> u<216> t<Primary> p<217> c<215> l<53:67> el<53:69>
                      n<> u<215> t<Primary_literal> p<216> c<214> l<53:67> el<53:69>
                        n<A1> u<214> t<SIMPLE_IDENTIFIER> p<215> l<53:67> el<53:69>
                  n<> u<221> t<Expression> p<222> c<220> l<53:71> el<53:72>
                    n<> u<220> t<Primary> p<221> c<219> l<53:71> el<53:72>
                      n<> u<219> t<Primary_literal> p<220> c<218> l<53:71> el<53:72>
                        n<S> u<218> t<SIMPLE_IDENTIFIER> p<219> l<53:71> el<53:72>
        n<> u<243> t<Module_item> p<245> c<242> s<244> l<54:5> el<54:80>
          n<> u<242> t<Non_port_module_item> p<243> c<241> l<54:5> el<54:80>
            n<> u<241> t<Module_or_generate_item> p<242> c<240> l<54:5> el<54:80>
              n<> u<240> t<Gate_instantiation> p<241> c<227> l<54:5> el<54:80>
                n<> u<227> t<BUF> p<240> s<239> l<54:5> el<54:8>
                n<> u<239> t<N_output_gate_instance> p<240> c<229> l<54:35> el<54:79>
                  n<> u<229> t<Name_of_instance> p<239> c<228> s<234> l<54:35> el<54:39>
                    n<buf0> u<228> t<SIMPLE_IDENTIFIER> p<229> l<54:35> el<54:39>
                  n<> u<234> t<Net_lvalue> p<239> c<231> s<238> l<54:46> el<54:47>
                    n<> u<231> t<Ps_or_hierarchical_identifier> p<234> c<230> s<233> l<54:46> el<54:47>
                      n<X> u<230> t<SIMPLE_IDENTIFIER> p<231> l<54:46> el<54:47>
                    n<> u<233> t<Constant_select> p<234> c<232> l<54:61> el<54:61>
                      n<> u<232> t<Constant_bit_select> p<233> l<54:61> el<54:61>
                  n<> u<238> t<Expression> p<239> c<237> l<54:63> el<54:78>
                    n<> u<237> t<Primary> p<238> c<236> l<54:63> el<54:78>
                      n<> u<236> t<Primary_literal> p<237> c<235> l<54:63> el<54:78>
                        n<mux_2to10_out_X> u<235> t<SIMPLE_IDENTIFIER> p<236> l<54:63> el<54:78>
        n<> u<244> t<ENDMODULE> p<245> l<56:1> el<56:10>
    n<> u<249> t<Description> p<254> c<248> s<253> l<57:1> el<57:15>
      n<> u<248> t<Top_directives> p<249> c<247> l<57:1> el<57:15>
        n<> u<247> t<Endcelldefine_directive> p<248> l<57:1> el<57:15>
    n<> u<253> t<Description> p<254> c<252> l<59:1> el<59:22>
      n<> u<252> t<Top_directives> p<253> c<251> l<59:1> el<59:22>
        n<> u<251> t<Default_nettype_directive> p<252> c<250> l<59:1> el<59:22>
          n<> u<250> t<WIRE> p<251> l<59:18> el<59:22>
  n<// SKY130_FD_SC_HD__MUX2_FUNCTIONAL_V> u<255> t<LINE_COMMENT> p<256> l<60:3> el<60:40>
AST_DEBUG_END
[INF:CP0305] $Source01/models/udp_mux_2to1/sky130_fd_sc_hd__udp_mux_2to1.v:36:11: Compile udp "sky130_fd_sc_hd__udp_mux_2to1".
[INF:CP0303] $Source01/cells/cells/sky130_fd_sc_hd__mux2.functional.v:36:1: Compile module "sky130_fd_sc_hd__mux2".
[INF:CM0029] Using global timescale: "1ns/1ns".
====== HLDB =======
Design name:unnamed:
  vpiName: unnamed
  vpiSourceFile (1 items):
    SourceFile name:sky130_fd_sc_hd__mux2.functional.v file:$Source01/cells/cells/sky130_fd_sc_hd__mux2.functional.v:
      vpiParent: Design name:unnamed
      vpiName: sky130_fd_sc_hd__mux2.functional.v
      vpiPreprocFile: "$Output/lib/work/cells/cells/sky130_fd_sc_hd__mux2.functional.v"
      vpiIncludes (1 items):
        SourceFile name:../../models/udp_mux_2to1/sky130_fd_sc_hd__udp_mux_2to1.v file:$Source01/models/udp_mux_2to1/sky130_fd_sc_hd__udp_mux_2to1.v start:33:1 end:33:69:
          vpiParent: SourceFile name:sky130_fd_sc_hd__mux2.functional.v
          vpiName: "../../models/udp_mux_2to1/sky130_fd_sc_hd__udp_mux_2to1.v"
          vpiPreprocMacroDefinition (1 items):
            PreprocMacroDefinition name:SKY130_FD_SC_HD__UDP_MUX_2TO1_V start:20:1 end:21:1:
              vpiParent: SourceFile name:../../models/udp_mux_2to1/sky130_fd_sc_hd__udp_mux_2to1.v
              vpiName Identifier name:SKY130_FD_SC_HD__UDP_MUX_2TO1_V start:20:9 end:20:40:
                vpiParent: PreprocMacroDefinition name:SKY130_FD_SC_HD__UDP_MUX_2TO1_V
                vpiName: SKY130_FD_SC_HD__UDP_MUX_2TO1_V
          vpiDefNetType: none (12)
      vpiPreprocMacroDefinition (1 items):
        PreprocMacroDefinition name:SKY130_FD_SC_HD__MUX2_FUNCTIONAL_V start:21:1 end:22:1:
          vpiParent: SourceFile name:sky130_fd_sc_hd__mux2.functional.v
          vpiName Identifier name:SKY130_FD_SC_HD__MUX2_FUNCTIONAL_V start:21:9 end:21:43:
            vpiParent: PreprocMacroDefinition name:SKY130_FD_SC_HD__MUX2_FUNCTIONAL_V
            vpiName: SKY130_FD_SC_HD__MUX2_FUNCTIONAL_V
      vpiDefNetType: wire (1)
      vpiTimePrecision: -12
      vpiTimeUnit: -9
  vpiAllUdps (1 items):
    UdpDefn name:sky130_fd_sc_hd__udp_mux_2to1 start:36:1 end:57:13:
      vpiParent: Design name:unnamed
      vpiName Identifier name:sky130_fd_sc_hd__udp_mux_2to1 start:36:11 end:36:40:
        vpiParent: UdpDefn name:sky130_fd_sc_hd__udp_mux_2to1
        vpiName: sky130_fd_sc_hd__udp_mux_2to1
      vpiFullName: sky130_fd_sc_hd__udp_mux_2to1
      vpiIODecl (4 items):
        IODecl name:X start:37:5 end:37:6:
          vpiParent: UdpDefn name:sky130_fd_sc_hd__udp_mux_2to1
          vpiName: X
          vpiDirection: output (2)
          vpiExpr Variable name:X start:43:12 end:43:13:
            vpiParent: IODecl name:X
            vpiTypespec RefTypespec:
              vpiParent: Variable name:X
              vpiFullName: sky130_fd_sc_hd__udp_mux_2to1.X.X
            vpiName: X
            vpiFullName: sky130_fd_sc_hd__udp_mux_2to1.X.X
          vpiTypespec RefTypespec:
            vpiParent: IODecl name:X
            vpiFullName: sky130_fd_sc_hd__udp_mux_2to1.X
        IODecl name:A0 start:38:5 end:38:7:
          vpiParent: UdpDefn name:sky130_fd_sc_hd__udp_mux_2to1
          vpiName: A0
          vpiDirection: input (1)
          vpiExpr Variable name:A0 start:44:12 end:44:14:
            vpiParent: IODecl name:A0
            vpiTypespec RefTypespec:
              vpiParent: Variable name:A0
              vpiFullName: sky130_fd_sc_hd__udp_mux_2to1.A0.A0
            vpiName: A0
            vpiFullName: sky130_fd_sc_hd__udp_mux_2to1.A0.A0
          vpiTypespec RefTypespec:
            vpiParent: IODecl name:A0
            vpiFullName: sky130_fd_sc_hd__udp_mux_2to1.A0
        IODecl name:A1 start:39:5 end:39:7:
          vpiParent: UdpDefn name:sky130_fd_sc_hd__udp_mux_2to1
          vpiName: A1
          vpiDirection: input (1)
          vpiExpr Variable name:A1 start:45:12 end:45:14:
            vpiParent: IODecl name:A1
            vpiTypespec RefTypespec:
              vpiParent: Variable name:A1
              vpiFullName: sky130_fd_sc_hd__udp_mux_2to1.A1.A1
            vpiName: A1
            vpiFullName: sky130_fd_sc_hd__udp_mux_2to1.A1.A1
          vpiTypespec RefTypespec:
            vpiParent: IODecl name:A1
            vpiFullName: sky130_fd_sc_hd__udp_mux_2to1.A1
        IODecl name:S start:40:5 end:40:6:
          vpiParent: UdpDefn name:sky130_fd_sc_hd__udp_mux_2to1
          vpiName: S
          vpiDirection: input (1)
          vpiExpr Variable name:S start:46:12 end:46:13:
            vpiParent: IODecl name:S
            vpiTypespec RefTypespec:
              vpiParent: Variable name:S
              vpiFullName: sky130_fd_sc_hd__udp_mux_2to1.S.S
            vpiName: S
            vpiFullName: sky130_fd_sc_hd__udp_mux_2to1.S.S
          vpiTypespec RefTypespec:
            vpiParent: IODecl name:S
            vpiFullName: sky130_fd_sc_hd__udp_mux_2to1.S
      vpiTableEntry (6 items):
        TableEntry start:50:10 end:50:29:
          vpiParent: UdpDefn name:sky130_fd_sc_hd__udp_mux_2to1
          vpiValue Constant start:50:10 end:50:29:
            vpiParent: TableEntry
            vpiTypespec RefTypespec:
              vpiParent: Constant
              vpiFullName: sky130_fd_sc_hd__udp_mux_2to1
              vpiActual: StringTypespec
            vpiConstType: string (6)
            vpiSize: 3
            vpiDecompile: "0 0 ? : 0"
            vpiValue: "0 0 ? : 0"
        TableEntry start:51:10 end:51:29:
          vpiParent: UdpDefn name:sky130_fd_sc_hd__udp_mux_2to1
          vpiValue Constant start:51:10 end:51:29:
            vpiParent: TableEntry
            vpiTypespec RefTypespec:
              vpiParent: Constant
              vpiFullName: sky130_fd_sc_hd__udp_mux_2to1
              vpiActual: StringTypespec
            vpiConstType: string (6)
            vpiSize: 3
            vpiDecompile: "1 1 ? : 1"
            vpiValue: "1 1 ? : 1"
        TableEntry start:52:10 end:52:29:
          vpiParent: UdpDefn name:sky130_fd_sc_hd__udp_mux_2to1
          vpiValue Constant start:52:10 end:52:29:
            vpiParent: TableEntry
            vpiTypespec RefTypespec:
              vpiParent: Constant
              vpiFullName: sky130_fd_sc_hd__udp_mux_2to1
              vpiActual: StringTypespec
            vpiConstType: string (6)
            vpiSize: 3
            vpiDecompile: "0 ? 0 : 0"
            vpiValue: "0 ? 0 : 0"
        TableEntry start:53:10 end:53:29:
          vpiParent: UdpDefn name:sky130_fd_sc_hd__udp_mux_2to1
          vpiValue Constant start:53:10 end:53:29:
            vpiParent: TableEntry
            vpiTypespec RefTypespec:
              vpiParent: Constant
              vpiFullName: sky130_fd_sc_hd__udp_mux_2to1
              vpiActual: StringTypespec
            vpiConstType: string (6)
            vpiSize: 3
            vpiDecompile: "1 ? 0 : 1"
            vpiValue: "1 ? 0 : 1"
        TableEntry start:54:10 end:54:29:
          vpiParent: UdpDefn name:sky130_fd_sc_hd__udp_mux_2to1
          vpiValue Constant start:54:10 end:54:29:
            vpiParent: TableEntry
            vpiTypespec RefTypespec:
              vpiParent: Constant
              vpiFullName: sky130_fd_sc_hd__udp_mux_2to1
              vpiActual: StringTypespec
            vpiConstType: string (6)
            vpiSize: 3
            vpiDecompile: "? 0 1 : 0"
            vpiValue: "? 0 1 : 0"
        TableEntry start:55:10 end:55:29:
          vpiParent: UdpDefn name:sky130_fd_sc_hd__udp_mux_2to1
          vpiValue Constant start:55:10 end:55:29:
            vpiParent: TableEntry
            vpiTypespec RefTypespec:
              vpiParent: Constant
              vpiFullName: sky130_fd_sc_hd__udp_mux_2to1
              vpiActual: StringTypespec
            vpiConstType: string (6)
            vpiSize: 3
            vpiDecompile: "? 1 1 : 1"
            vpiValue: "? 1 1 : 1"
  vpiAllModules (1 items):
    Module name:sky130_fd_sc_hd__mux2 file:$Source01/cells/cells/sky130_fd_sc_hd__mux2.functional.v start:36:1 end:56:10:
      vpiParent: Design name:unnamed
      vpiName Identifier name:sky130_fd_sc_hd__mux2 start:36:8 end:36:29:
        vpiParent: Module name:sky130_fd_sc_hd__mux2
        vpiName: sky130_fd_sc_hd__mux2
      vpiFullName: sky130_fd_sc_hd__mux2
      vpiTypespec (2 items):
        LogicTypespec:
          vpiParent: Module name:sky130_fd_sc_hd__mux2
        UdpDefnTypespec name:sky130_fd_sc_hd__udp_mux_2to1 start:53:5 end:53:34:
          vpiParent: Module name:sky130_fd_sc_hd__mux2
          vpiName: sky130_fd_sc_hd__udp_mux_2to1
      vpiDefName: sky130_fd_sc_hd__mux2
      vpiDefNetType: none (12)
      vpiTimePrecision: -12
      vpiTimeUnit: -9
      vpiLibrary RefObj name:work:
        vpiParent: Module name:sky130_fd_sc_hd__mux2
        vpiName: work
        vpiFullName: sky130_fd_sc_hd__mux2.work
      vpiCell: sky130_fd_sc_hd__mux2
      vpiNet (5 items):
        Net name:X start:44:12 end:44:13:
          vpiParent: Module name:sky130_fd_sc_hd__mux2
          vpiTypespec RefTypespec start:44:12 end:44:12:
            vpiParent: Net name:X
            vpiFullName: sky130_fd_sc_hd__mux2.X
            vpiActual: LogicTypespec
          vpiName: X
          vpiFullName: sky130_fd_sc_hd__mux2.X
        Net name:A0 start:45:12 end:45:14:
          vpiParent: Module name:sky130_fd_sc_hd__mux2
          vpiTypespec RefTypespec start:45:12 end:45:12:
            vpiParent: Net name:A0
            vpiFullName: sky130_fd_sc_hd__mux2.A0
            vpiActual: LogicTypespec
          vpiName: A0
          vpiFullName: sky130_fd_sc_hd__mux2.A0
        Net name:A1 start:46:12 end:46:14:
          vpiParent: Module name:sky130_fd_sc_hd__mux2
          vpiTypespec RefTypespec start:46:12 end:46:12:
            vpiParent: Net name:A1
            vpiFullName: sky130_fd_sc_hd__mux2.A1
            vpiActual: LogicTypespec
          vpiName: A1
          vpiFullName: sky130_fd_sc_hd__mux2.A1
        Net name:S start:47:12 end:47:13:
          vpiParent: Module name:sky130_fd_sc_hd__mux2
          vpiTypespec RefTypespec start:47:12 end:47:12:
            vpiParent: Net name:S
            vpiFullName: sky130_fd_sc_hd__mux2.S
            vpiActual: LogicTypespec
          vpiName: S
          vpiFullName: sky130_fd_sc_hd__mux2.S
        Net name:mux_2to10_out_X start:50:10 end:50:25:
          vpiParent: Module name:sky130_fd_sc_hd__mux2
          vpiTypespec RefTypespec start:50:10 end:50:10:
            vpiParent: Net name:mux_2to10_out_X
            vpiFullName: sky130_fd_sc_hd__mux2.mux_2to10_out_X
            vpiActual: LogicTypespec
          vpiName: mux_2to10_out_X
          vpiFullName: sky130_fd_sc_hd__mux2.mux_2to10_out_X
          vpiNetType: wire (1)
      vpiPort (4 items):
        Port name:X start:37:5 end:37:6:
          vpiParent: Module name:sky130_fd_sc_hd__mux2
          vpiName: X
          vpiDirection: output (2)
          vpiLowConn RefObj name:X start:37:5 end:37:6:
            vpiParent: Port name:X
            vpiName: X
            vpiFullName: sky130_fd_sc_hd__mux2.X.X
            vpiActual: Net name:X
          vpiTypespec RefTypespec start:44:12 end:44:12:
            vpiParent: Port name:X
            vpiFullName: sky130_fd_sc_hd__mux2.X
            vpiActual: LogicTypespec
        Port name:A0 start:38:5 end:38:7:
          vpiParent: Module name:sky130_fd_sc_hd__mux2
          vpiName: A0
          vpiDirection: input (1)
          vpiLowConn RefObj name:A0 start:38:5 end:38:7:
            vpiParent: Port name:A0
            vpiName: A0
            vpiFullName: sky130_fd_sc_hd__mux2.A0.A0
            vpiActual: Net name:A0
          vpiTypespec RefTypespec start:45:12 end:45:12:
            vpiParent: Port name:A0
            vpiFullName: sky130_fd_sc_hd__mux2.A0
            vpiActual: LogicTypespec
        Port name:A1 start:39:5 end:39:7:
          vpiParent: Module name:sky130_fd_sc_hd__mux2
          vpiName: A1
          vpiDirection: input (1)
          vpiLowConn RefObj name:A1 start:39:5 end:39:7:
            vpiParent: Port name:A1
            vpiName: A1
            vpiFullName: sky130_fd_sc_hd__mux2.A1.A1
            vpiActual: Net name:A1
          vpiTypespec RefTypespec start:46:12 end:46:12:
            vpiParent: Port name:A1
            vpiFullName: sky130_fd_sc_hd__mux2.A1
            vpiActual: LogicTypespec
        Port name:S start:40:5 end:40:6:
          vpiParent: Module name:sky130_fd_sc_hd__mux2
          vpiName: S
          vpiDirection: input (1)
          vpiLowConn RefObj name:S start:40:5 end:40:6:
            vpiParent: Port name:S
            vpiName: S
            vpiFullName: sky130_fd_sc_hd__mux2.S.S
            vpiActual: Net name:S
          vpiTypespec RefTypespec start:47:12 end:47:12:
            vpiParent: Port name:S
            vpiFullName: sky130_fd_sc_hd__mux2.S
            vpiActual: LogicTypespec
      vpiPrimitive (2 items):
        Udp name:mux_2to10 file:$Source01/cells/cells/sky130_fd_sc_hd__mux2.functional.v start:53:35 end:53:44:
          vpiParent: Module name:sky130_fd_sc_hd__mux2
          vpiName: mux_2to10
          vpiFullName: sky130_fd_sc_hd__mux2.mux_2to10
          vpiDefName Identifier name:sky130_fd_sc_hd__udp_mux_2to1 start:53:5 end:53:34:
            vpiParent: Udp name:mux_2to10
            vpiName: sky130_fd_sc_hd__udp_mux_2to1
          vpiPrimTerm (4 items):
            PrimTerm start:53:46 end:53:61:
              vpiParent: Udp name:mux_2to10
              vpiDirection: output (2)
              vpiExpr RefObj name:mux_2to10_out_X start:53:46 end:53:61:
                vpiParent: PrimTerm
                vpiName: mux_2to10_out_X
                vpiFullName: sky130_fd_sc_hd__mux2.mux_2to10.mux_2to10_out_X
                vpiActual: Net name:mux_2to10_out_X
            PrimTerm start:53:63 end:53:65:
              vpiParent: Udp name:mux_2to10
              vpiDirection: input (1)
              vpiTermIndex: 1
              vpiExpr RefObj name:A0 start:53:63 end:53:65:
                vpiParent: PrimTerm
                vpiName: A0
                vpiFullName: sky130_fd_sc_hd__mux2.mux_2to10.A0
                vpiActual: Net name:A0
            PrimTerm start:53:67 end:53:69:
              vpiParent: Udp name:mux_2to10
              vpiDirection: input (1)
              vpiTermIndex: 2
              vpiExpr RefObj name:A1 start:53:67 end:53:69:
                vpiParent: PrimTerm
                vpiName: A1
                vpiFullName: sky130_fd_sc_hd__mux2.mux_2to10.A1
                vpiActual: Net name:A1
            PrimTerm start:53:71 end:53:72:
              vpiParent: Udp name:mux_2to10
              vpiDirection: input (1)
              vpiTermIndex: 3
              vpiExpr RefObj name:S start:53:71 end:53:72:
                vpiParent: PrimTerm
                vpiName: S
                vpiFullName: sky130_fd_sc_hd__mux2.mux_2to10.S
                vpiActual: Net name:S
        Gate name:buf0 start:54:35 end:54:39:
          vpiParent: Module name:sky130_fd_sc_hd__mux2
          vpiName: buf0
          vpiFullName: sky130_fd_sc_hd__mux2.buf0
          vpiDefName Identifier name:work@buf start:54:5 end:54:8:
            vpiParent: Gate name:buf0
            vpiName: work@buf
          vpiPrimType: buf (7)
          vpiPrimTerm (2 items):
            PrimTerm start:54:46 end:54:47:
              vpiParent: Gate name:buf0
              vpiDirection: output (2)
              vpiExpr RefObj name:X start:54:46 end:54:47:
                vpiParent: PrimTerm
                vpiName: X
                vpiFullName: sky130_fd_sc_hd__mux2.buf0.X
                vpiActual: Net name:X
            PrimTerm start:54:63 end:54:78:
              vpiParent: Gate name:buf0
              vpiDirection: input (1)
              vpiTermIndex: 1
              vpiExpr RefObj name:mux_2to10_out_X start:54:63 end:54:78:
                vpiParent: PrimTerm
                vpiName: mux_2to10_out_X
                vpiFullName: sky130_fd_sc_hd__mux2.buf0.mux_2to10_out_X
                vpiActual: Net name:mux_2to10_out_X
  vpiTypespec (3 items):
    UdpDefnTypespec name:sky130_fd_sc_hd__udp_mux_2to1:
      vpiParent: Design name:unnamed
      vpiName: sky130_fd_sc_hd__udp_mux_2to1
    StringTypespec:
      vpiParent: Design name:unnamed
    ModuleTypespec name:sky130_fd_sc_hd__mux2:
      vpiParent: Design name:unnamed
      vpiName Identifier name:sky130_fd_sc_hd__mux2 start:36:8 end:36:29:
        vpiParent: ModuleTypespec name:sky130_fd_sc_hd__mux2
        vpiName: sky130_fd_sc_hd__mux2
      vpiModule: Module name:sky130_fd_sc_hd__mux2
===================
[  FATAL] : 0
[ SYNTAX] : 0
[  ERROR] : 0
[WARNING] : 0
[   NOTE] : 0
********************************************************************************
*                    End HLC SystemVerilog Compiler/Linter                     *
********************************************************************************

#**#**#**#**#**#**#**#**#**#**#**#**#**#**#**#**#**#**#**#**#**#**#**#**#**#**#**#**#**#**#**#**#**#**#**#**#**#**#**#**

Environment:
      test-name: Sky130Cell/cells/cells/sky130_fd_sc_hd__mux2.functional
   test-dirpath: ${HLC_DIR}/regression/Sky130Cell/cells/cells/sky130_fd_sc_hd__mux2.functional
  hldb-filepath: ${HLC_DIR}/regression/Sky130Cell/cells/cells/sky130_fd_sc_hd__mux2.functional/design.hldb
mounts-filepath: ${HLC_DIR}/regression/Sky130Cell/cells/cells/sky130_fd_sc_hd__mux2.functional/mounts.json


{'result': {'coverage': 79.0,
            'error_count': 0,
            'file_count': 1,
            'files': {'$Output/lib/work/cells/cells/sky130_fd_sc_hd__mux2.functional.v': {'post_len': 135,
                                                                                          'pre_len': 643}},
            'post_len': 135,
            'pre_len': 643,
            'test_name': 'Sky130Cell/cells/cells/sky130_fd_sc_hd__mux2.functional'}}

+-----------------------------------------------------------------+----------+-----------+
| INPUT                                                           |   PRELEN |   POSTLEN |
+=================================================================+==========+===========+
| $Output/lib/work/cells/cells/sky130_fd_sc_hd__mux2.functional.v |      643 |       135 |
+=================================================================+==========+===========+
|                                                                 |      643 |       135 |
+-----------------------------------------------------------------+----------+-----------+

[   ERROR] : 0
[COVERAGE] : 79.0


#**#**#**#**#**#**#**#**#**#**#**#**#**#**#**#**#**#**#**#**#**#**#**#**#**#**#**#**#**#**#**#**#**#**#**#**#**#**#**#**

COMMAND: ${HLC_DIR}/regression/Sky130Cell/cells/cells/sky130_fd_sc_hd__mux2.functional/design.hldb ${HLC_DIR}/regression/Sky130Cell/cells/cells/sky130_fd_sc_hd__mux2.functional/reduced.hldb

==================== BEGIN REDUCTION RESULT ====================
Name                            Before   After   Added   Removed
----------------------------------------------------------------
----------------------------------------------------------------
Others                              90      90       0         0
----------------------------------------------------------------
                                    90      90       0         0
===================== END REDUCTION RESULT =====================
