********************************************************************************
*                   Begin HLC SystemVerilog Compiler/Linter                    *
********************************************************************************
Copyright (c) 2020 Apotell,
http://www.apache.org/licenses/LICENSE-2.0
VERSION: 1.84
COMMAND: -wd ../../../../../tests/Sky130Cell -DUNIT_DELAY -writepp -nobuiltin -timescale=1ns/1ns -d ast -d db models/udp_dff_nsr/sky130_fd_sc_hd__udp_dff_nsr.v -mt 0 -d dbstats -d cache -writepp -d db -nostdout -o ${HLC_DIR}/regression/Sky130Cell/models/udp_dff_nsr/udp_dff_nsr
[INF:CM5022] Creating log file "$Output/hlc.log".
[INF:PP5223] Preprocessing source file "$Source01/models/udp_dff_nsr/sky130_fd_sc_hd__udp_dff_nsr.v".
[INF:PA5502] Parsing source file "$Source01/models/udp_dff_nsr/sky130_fd_sc_hd__udp_dff_nsr.v".
AST_DEBUG_BEGIN
Count: 232
LIB: work
FILE: f<16>:$Source01/models/udp_dff_nsr/sky130_fd_sc_hd__udp_dff_nsr.v
n<$Source01/models/udp_dff_nsr/sky130_fd_sc_hd__udp_dff_nsr.v> u<231> t<Top_level_rule> c<1> l<31:1> el<71:1>
  n<> u<1> t<Null_rule> p<231> s<2> l<31:1> el<31:1>
  n</**\n * Copyright 2020 The SkyWater PDK Authors\n *\n * Licensed under the Apache License, Version 2.0 (the "License");\n * you may not use this file except in compliance with the License.\n * You may obtain a copy of the License at\n *\n *     https://www.apache.org/licenses/LICENSE-2.0\n *\n * Unless required by applicable law or agreed to in writing, software\n * distributed under the License is distributed on an "AS IS" BASIS,\n * WITHOUT WARRANTIES OR CONDITIONS OF ANY KIND, either express or implied.\n * See the License for the specific language governing permissions and\n * limitations under the License.\n *\n * SPDX-License-Identifier: Apache-2.0\n */> u<2> t<BLOCK_COMMENT> p<231> s<3> l<31:1> el<69:22>
  n</**\n * udp_dff$NSR: Negative edge triggered D flip-flop (Q output UDP)\n *              with both active high reset and set (set dominate).\n *\n * Verilog primitive definition.\n *\n * WARNING: This file is autogenerated, do not modify directly!\n */> u<3> t<BLOCK_COMMENT> p<231> s<230> l<31:1> el<69:22>
  n<> u<230> t<Source_text> p<231> c<12> l<31:1> el<69:22>
    n<> u<12> t<Description> p<230> c<11> s<16> l<31:1> el<31:21>
      n<> u<11> t<Top_directives> p<12> c<10> l<31:1> el<31:21>
        n<> u<10> t<Timescale_directive> p<11> c<6> l<31:1> el<31:21>
          n<1ns> u<6> t<Time_literal> p<10> c<4> s<9> l<31:12> el<31:15>
            n<1> u<4> t<INTEGRAL_NUMBER> p<6> s<5> l<31:12> el<31:13>
            n<ns> u<5> t<SIMPLE_IDENTIFIER> p<6> l<31:13> el<31:15>
          n<1ps> u<9> t<Time_literal> p<10> c<7> l<31:18> el<31:21>
            n<1> u<7> t<INTEGRAL_NUMBER> p<9> s<8> l<31:18> el<31:19>
            n<ps> u<8> t<SIMPLE_IDENTIFIER> p<9> l<31:19> el<31:21>
    n<> u<16> t<Description> p<230> c<15> s<225> l<32:1> el<32:22>
      n<> u<15> t<Top_directives> p<16> c<14> l<32:1> el<32:22>
        n<> u<14> t<Default_nettype_directive> p<15> c<13> l<32:1> el<32:22>
          n<> u<13> t<NONE> p<14> l<32:18> el<32:22>
    n<> u<225> t<Description> p<230> c<224> s<229> l<37:1> el<66:13>
      n<> u<224> t<Udp_declaration> p<225> c<25> l<37:1> el<66:13>
        n<> u<25> t<Udp_nonansi_declaration> p<224> c<17> s<28> l<37:1> el<43:3>
          n<> u<17> t<PRIMITIVE> p<25> s<18> l<37:1> el<37:10>
          n<sky130_fd_sc_hd__udp_dff$NSR> u<18> t<SIMPLE_IDENTIFIER> p<25> s<24> l<37:11> el<37:39>
          n<> u<24> t<Udp_port_list> p<25> c<19> l<38:5> el<42:6>
            n<Q> u<19> t<SIMPLE_IDENTIFIER> p<24> s<20> l<38:5> el<38:6>
            n<SET> u<20> t<SIMPLE_IDENTIFIER> p<24> s<21> l<39:5> el<39:8>
            n<RESET> u<21> t<SIMPLE_IDENTIFIER> p<24> s<22> l<40:5> el<40:10>
            n<CLK_N> u<22> t<SIMPLE_IDENTIFIER> p<24> s<23> l<41:5> el<41:10>
            n<D> u<23> t<SIMPLE_IDENTIFIER> p<24> l<42:5> el<42:6>
        n<> u<28> t<Udp_port_declaration> p<224> c<27> s<32> l<45:5> el<45:18>
          n<> u<27> t<Udp_output_declaration> p<28> c<26> l<45:5> el<45:13>
            n<Q> u<26> t<SIMPLE_IDENTIFIER> p<27> l<45:12> el<45:13>
        n<> u<32> t<Udp_port_declaration> p<224> c<31> s<36> l<46:5> el<46:18>
          n<> u<31> t<Udp_input_declaration> p<32> c<30> l<46:5> el<46:15>
            n<> u<30> t<Identifier_list> p<31> c<29> l<46:12> el<46:15>
              n<SET> u<29> t<SIMPLE_IDENTIFIER> p<30> l<46:12> el<46:15>
        n<> u<36> t<Udp_port_declaration> p<224> c<35> s<40> l<47:5> el<47:18>
          n<> u<35> t<Udp_input_declaration> p<36> c<34> l<47:5> el<47:17>
            n<> u<34> t<Identifier_list> p<35> c<33> l<47:12> el<47:17>
              n<RESET> u<33> t<SIMPLE_IDENTIFIER> p<34> l<47:12> el<47:17>
        n<> u<40> t<Udp_port_declaration> p<224> c<39> s<44> l<48:5> el<48:18>
          n<> u<39> t<Udp_input_declaration> p<40> c<38> l<48:5> el<48:17>
            n<> u<38> t<Identifier_list> p<39> c<37> l<48:12> el<48:17>
              n<CLK_N> u<37> t<SIMPLE_IDENTIFIER> p<38> l<48:12> el<48:17>
        n<> u<44> t<Udp_port_declaration> p<224> c<43> s<47> l<49:5> el<49:18>
          n<> u<43> t<Udp_input_declaration> p<44> c<42> l<49:5> el<49:13>
            n<> u<42> t<Identifier_list> p<43> c<41> l<49:12> el<49:13>
              n<D> u<41> t<SIMPLE_IDENTIFIER> p<42> l<49:12> el<49:13>
        n<> u<47> t<Udp_port_declaration> p<224> c<46> s<222> l<51:5> el<51:11>
          n<> u<46> t<Udp_reg_declaration> p<47> c<45> l<51:5> el<51:10>
            n<Q> u<45> t<SIMPLE_IDENTIFIER> p<46> l<51:9> el<51:10>
        n<> u<222> t<Udp_body> p<224> c<48> s<223> l<53:5> el<65:13>
          n<// SET RESET CLK_N  D  :  Qt : Qt+1> u<48> t<LINE_COMMENT> p<222> s<221> l<54:6> el<54:41>
          n<> u<221> t<Sequential_body> p<222> c<64> l<53:5> el<65:13>
            n<> u<64> t<Sequential_entry> p<221> c<58> s<65> l<55:10> el<55:44>
              n<> u<58> t<Seq_input_list> p<64> c<57> s<60> l<55:10> el<55:27>
                n<> u<57> t<Level_input_list> p<58> c<50> l<55:10> el<55:27>
                  n<> u<50> t<Level_symbol> p<57> c<49> s<52> l<55:10> el<55:11>
                    n<0> u<49> t<INTEGRAL_NUMBER> p<50> l<55:10> el<55:11>
                  n<> u<52> t<Level_symbol> p<57> c<51> s<54> l<55:15> el<55:16>
                    n<1> u<51> t<INTEGRAL_NUMBER> p<52> l<55:15> el<55:16>
                  n<> u<54> t<Level_symbol> p<57> c<53> s<56> l<55:21> el<55:22>
                    n<> u<53> t<QMARK> p<54> l<55:21> el<55:22>
                  n<> u<56> t<Level_symbol> p<57> c<55> l<55:26> el<55:27>
                    n<> u<55> t<QMARK> p<56> l<55:26> el<55:27>
              n<> u<60> t<Level_symbol> p<64> c<59> s<63> l<55:32> el<55:33>
                n<> u<59> t<QMARK> p<60> l<55:32> el<55:33>
              n<> u<63> t<Next_state> p<64> c<62> l<55:38> el<55:39>
                n<> u<62> t<Output_symbol> p<63> c<61> l<55:38> el<55:39>
                  n<0> u<61> t<INTEGRAL_NUMBER> p<62> l<55:38> el<55:39>
            n<// Asserting reset> u<65> t<LINE_COMMENT> p<221> s<82> l<55:45> el<55:63>
            n<> u<82> t<Sequential_entry> p<221> c<76> s<83> l<56:10> el<56:44>
              n<> u<76> t<Seq_input_list> p<82> c<75> s<78> l<56:10> el<56:27>
                n<> u<75> t<Edge_input_list> p<76> c<67> l<56:10> el<56:27>
                  n<> u<67> t<Level_symbol> p<75> c<66> s<70> l<56:10> el<56:11>
                    n<0> u<66> t<INTEGRAL_NUMBER> p<67> l<56:10> el<56:11>
                  n<> u<70> t<Edge_indicator> p<75> c<69> s<72> l<56:15> el<56:16>
                    n<> u<69> t<Edge_symbol> p<70> c<68> l<56:15> el<56:16>
                      n<> u<68> t<BinaryOp_Mult> p<69> l<56:15> el<56:16>
                  n<> u<72> t<Level_symbol> p<75> c<71> s<74> l<56:21> el<56:22>
                    n<> u<71> t<QMARK> p<72> l<56:21> el<56:22>
                  n<> u<74> t<Level_symbol> p<75> c<73> l<56:26> el<56:27>
                    n<> u<73> t<QMARK> p<74> l<56:26> el<56:27>
              n<> u<78> t<Level_symbol> p<82> c<77> s<81> l<56:32> el<56:33>
                n<0> u<77> t<INTEGRAL_NUMBER> p<78> l<56:32> el<56:33>
              n<> u<81> t<Next_state> p<82> c<80> l<56:38> el<56:39>
                n<> u<80> t<Output_symbol> p<81> c<79> l<56:38> el<56:39>
                  n<0> u<79> t<INTEGRAL_NUMBER> p<80> l<56:38> el<56:39>
            n<// Changing reset> u<83> t<LINE_COMMENT> p<221> s<99> l<56:45> el<56:62>
            n<> u<99> t<Sequential_entry> p<221> c<93> s<100> l<57:10> el<57:44>
              n<> u<93> t<Seq_input_list> p<99> c<92> s<95> l<57:10> el<57:27>
                n<> u<92> t<Level_input_list> p<93> c<85> l<57:10> el<57:27>
                  n<> u<85> t<Level_symbol> p<92> c<84> s<87> l<57:10> el<57:11>
                    n<1> u<84> t<INTEGRAL_NUMBER> p<85> l<57:10> el<57:11>
                  n<> u<87> t<Level_symbol> p<92> c<86> s<89> l<57:15> el<57:16>
                    n<> u<86> t<QMARK> p<87> l<57:15> el<57:16>
                  n<> u<89> t<Level_symbol> p<92> c<88> s<91> l<57:21> el<57:22>
                    n<> u<88> t<QMARK> p<89> l<57:21> el<57:22>
                  n<> u<91> t<Level_symbol> p<92> c<90> l<57:26> el<57:27>
                    n<> u<90> t<QMARK> p<91> l<57:26> el<57:27>
              n<> u<95> t<Level_symbol> p<99> c<94> s<98> l<57:32> el<57:33>
                n<> u<94> t<QMARK> p<95> l<57:32> el<57:33>
              n<> u<98> t<Next_state> p<99> c<97> l<57:38> el<57:39>
                n<> u<97> t<Output_symbol> p<98> c<96> l<57:38> el<57:39>
                  n<1> u<96> t<INTEGRAL_NUMBER> p<97> l<57:38> el<57:39>
            n<// Asserting set (dominates reset)> u<100> t<LINE_COMMENT> p<221> s<117> l<57:45> el<57:79>
            n<> u<117> t<Sequential_entry> p<221> c<111> s<118> l<58:10> el<58:44>
              n<> u<111> t<Seq_input_list> p<117> c<110> s<113> l<58:10> el<58:27>
                n<> u<110> t<Edge_input_list> p<111> c<103> l<58:10> el<58:27>
                  n<> u<103> t<Edge_indicator> p<110> c<102> s<105> l<58:10> el<58:11>
                    n<> u<102> t<Edge_symbol> p<103> c<101> l<58:10> el<58:11>
                      n<> u<101> t<BinaryOp_Mult> p<102> l<58:10> el<58:11>
                  n<> u<105> t<Level_symbol> p<110> c<104> s<107> l<58:15> el<58:16>
                    n<0> u<104> t<INTEGRAL_NUMBER> p<105> l<58:15> el<58:16>
                  n<> u<107> t<Level_symbol> p<110> c<106> s<109> l<58:21> el<58:22>
                    n<> u<106> t<QMARK> p<107> l<58:21> el<58:22>
                  n<> u<109> t<Level_symbol> p<110> c<108> l<58:26> el<58:27>
                    n<> u<108> t<QMARK> p<109> l<58:26> el<58:27>
              n<> u<113> t<Level_symbol> p<117> c<112> s<116> l<58:32> el<58:33>
                n<1> u<112> t<INTEGRAL_NUMBER> p<113> l<58:32> el<58:33>
              n<> u<116> t<Next_state> p<117> c<115> l<58:38> el<58:39>
                n<> u<115> t<Output_symbol> p<116> c<114> l<58:38> el<58:39>
                  n<1> u<114> t<INTEGRAL_NUMBER> p<115> l<58:38> el<58:39>
            n<// Changing set> u<118> t<LINE_COMMENT> p<221> s<135> l<58:45> el<58:60>
            n<> u<135> t<Sequential_entry> p<221> c<129> s<136> l<59:10> el<59:44>
              n<> u<129> t<Seq_input_list> p<135> c<128> s<131> l<59:10> el<59:27>
                n<> u<128> t<Edge_input_list> p<129> c<120> l<59:10> el<59:27>
                  n<> u<120> t<Level_symbol> p<128> c<119> s<122> l<59:10> el<59:11>
                    n<0> u<119> t<INTEGRAL_NUMBER> p<120> l<59:10> el<59:11>
                  n<> u<122> t<Level_symbol> p<128> c<121> s<125> l<59:15> el<59:16>
                    n<> u<121> t<QMARK> p<122> l<59:15> el<59:16>
                  n<> u<125> t<Edge_indicator> p<128> c<124> s<127> l<59:20> el<59:24>
                    n<> u<124> t<Level_symbol> p<125> c<123> l<59:21> el<59:23>
                      n<01> u<123> t<INTEGRAL_NUMBER> p<124> l<59:21> el<59:23>
                  n<> u<127> t<Level_symbol> p<128> c<126> l<59:26> el<59:27>
                    n<0> u<126> t<INTEGRAL_NUMBER> p<127> l<59:26> el<59:27>
              n<> u<131> t<Level_symbol> p<135> c<130> s<134> l<59:32> el<59:33>
                n<> u<130> t<QMARK> p<131> l<59:32> el<59:33>
              n<> u<134> t<Next_state> p<135> c<133> l<59:38> el<59:39>
                n<> u<133> t<Output_symbol> p<134> c<132> l<59:38> el<59:39>
                  n<0> u<132> t<INTEGRAL_NUMBER> p<133> l<59:38> el<59:39>
            n<// rising clock> u<136> t<LINE_COMMENT> p<221> s<153> l<59:45> el<59:60>
            n<> u<153> t<Sequential_entry> p<221> c<147> s<154> l<60:10> el<60:44>
              n<> u<147> t<Seq_input_list> p<153> c<146> s<149> l<60:10> el<60:27>
                n<> u<146> t<Edge_input_list> p<147> c<138> l<60:10> el<60:27>
                  n<> u<138> t<Level_symbol> p<146> c<137> s<140> l<60:10> el<60:11>
                    n<> u<137> t<QMARK> p<138> l<60:10> el<60:11>
                  n<> u<140> t<Level_symbol> p<146> c<139> s<143> l<60:15> el<60:16>
                    n<0> u<139> t<INTEGRAL_NUMBER> p<140> l<60:15> el<60:16>
                  n<> u<143> t<Edge_indicator> p<146> c<142> s<145> l<60:20> el<60:24>
                    n<> u<142> t<Level_symbol> p<143> c<141> l<60:21> el<60:23>
                      n<01> u<141> t<INTEGRAL_NUMBER> p<142> l<60:21> el<60:23>
                  n<> u<145> t<Level_symbol> p<146> c<144> l<60:26> el<60:27>
                    n<1> u<144> t<INTEGRAL_NUMBER> p<145> l<60:26> el<60:27>
              n<> u<149> t<Level_symbol> p<153> c<148> s<152> l<60:32> el<60:33>
                n<> u<148> t<QMARK> p<149> l<60:32> el<60:33>
              n<> u<152> t<Next_state> p<153> c<151> l<60:38> el<60:39>
                n<> u<151> t<Output_symbol> p<152> c<150> l<60:38> el<60:39>
                  n<1> u<150> t<INTEGRAL_NUMBER> p<151> l<60:38> el<60:39>
            n<// rising clock> u<154> t<LINE_COMMENT> p<221> s<170> l<60:45> el<60:60>
            n<> u<170> t<Sequential_entry> p<221> c<164> s<171> l<61:10> el<61:44>
              n<> u<164> t<Seq_input_list> p<170> c<163> s<166> l<61:10> el<61:27>
                n<> u<163> t<Level_input_list> p<164> c<156> l<61:10> el<61:27>
                  n<> u<156> t<Level_symbol> p<163> c<155> s<158> l<61:10> el<61:11>
                    n<0> u<155> t<INTEGRAL_NUMBER> p<156> l<61:10> el<61:11>
                  n<> u<158> t<Level_symbol> p<163> c<157> s<160> l<61:15> el<61:16>
                    n<> u<157> t<QMARK> p<158> l<61:15> el<61:16>
                  n<> u<160> t<Level_symbol> p<163> c<159> s<162> l<61:21> el<61:22>
                    n<p> u<159> t<SIMPLE_IDENTIFIER> p<160> l<61:21> el<61:22>
                  n<> u<162> t<Level_symbol> p<163> c<161> l<61:26> el<61:27>
                    n<0> u<161> t<INTEGRAL_NUMBER> p<162> l<61:26> el<61:27>
              n<> u<166> t<Level_symbol> p<170> c<165> s<169> l<61:32> el<61:33>
                n<0> u<165> t<INTEGRAL_NUMBER> p<166> l<61:32> el<61:33>
              n<> u<169> t<Next_state> p<170> c<168> l<61:38> el<61:39>
                n<> u<168> t<Output_symbol> p<169> c<167> l<61:38> el<61:39>
                  n<0> u<167> t<INTEGRAL_NUMBER> p<168> l<61:38> el<61:39>
            n<// potential rising clock> u<171> t<LINE_COMMENT> p<221> s<187> l<61:45> el<61:70>
            n<> u<187> t<Sequential_entry> p<221> c<181> s<188> l<62:10> el<62:44>
              n<> u<181> t<Seq_input_list> p<187> c<180> s<183> l<62:10> el<62:27>
                n<> u<180> t<Level_input_list> p<181> c<173> l<62:10> el<62:27>
                  n<> u<173> t<Level_symbol> p<180> c<172> s<175> l<62:10> el<62:11>
                    n<> u<172> t<QMARK> p<173> l<62:10> el<62:11>
                  n<> u<175> t<Level_symbol> p<180> c<174> s<177> l<62:15> el<62:16>
                    n<0> u<174> t<INTEGRAL_NUMBER> p<175> l<62:15> el<62:16>
                  n<> u<177> t<Level_symbol> p<180> c<176> s<179> l<62:21> el<62:22>
                    n<p> u<176> t<SIMPLE_IDENTIFIER> p<177> l<62:21> el<62:22>
                  n<> u<179> t<Level_symbol> p<180> c<178> l<62:26> el<62:27>
                    n<1> u<178> t<INTEGRAL_NUMBER> p<179> l<62:26> el<62:27>
              n<> u<183> t<Level_symbol> p<187> c<182> s<186> l<62:32> el<62:33>
                n<1> u<182> t<INTEGRAL_NUMBER> p<183> l<62:32> el<62:33>
              n<> u<186> t<Next_state> p<187> c<185> l<62:38> el<62:39>
                n<> u<185> t<Output_symbol> p<186> c<184> l<62:38> el<62:39>
                  n<1> u<184> t<INTEGRAL_NUMBER> p<185> l<62:38> el<62:39>
            n<// potential rising clock> u<188> t<LINE_COMMENT> p<221> s<202> l<62:45> el<62:70>
            n<> u<202> t<Sequential_entry> p<221> c<198> s<203> l<63:10> el<63:44>
              n<> u<198> t<Seq_input_list> p<202> c<197> s<200> l<63:10> el<63:27>
                n<> u<197> t<Level_input_list> p<198> c<190> l<63:10> el<63:27>
                  n<> u<190> t<Level_symbol> p<197> c<189> s<192> l<63:10> el<63:11>
                    n<0> u<189> t<INTEGRAL_NUMBER> p<190> l<63:10> el<63:11>
                  n<> u<192> t<Level_symbol> p<197> c<191> s<194> l<63:15> el<63:16>
                    n<0> u<191> t<INTEGRAL_NUMBER> p<192> l<63:15> el<63:16>
                  n<> u<194> t<Level_symbol> p<197> c<193> s<196> l<63:21> el<63:22>
                    n<n> u<193> t<SIMPLE_IDENTIFIER> p<194> l<63:21> el<63:22>
                  n<> u<196> t<Level_symbol> p<197> c<195> l<63:26> el<63:27>
                    n<> u<195> t<QMARK> p<196> l<63:26> el<63:27>
              n<> u<200> t<Level_symbol> p<202> c<199> s<201> l<63:32> el<63:33>
                n<> u<199> t<QMARK> p<200> l<63:32> el<63:33>
              n<> u<201> t<Next_state> p<202> l<63:38> el<63:39>
            n<// Clock falling register output does not change> u<203> t<LINE_COMMENT> p<221> s<218> l<63:45> el<63:93>
            n<> u<218> t<Sequential_entry> p<221> c<214> s<219> l<64:10> el<64:44>
              n<> u<214> t<Seq_input_list> p<218> c<213> s<216> l<64:10> el<64:27>
                n<> u<213> t<Edge_input_list> p<214> c<205> l<64:10> el<64:27>
                  n<> u<205> t<Level_symbol> p<213> c<204> s<207> l<64:10> el<64:11>
                    n<0> u<204> t<INTEGRAL_NUMBER> p<205> l<64:10> el<64:11>
                  n<> u<207> t<Level_symbol> p<213> c<206> s<209> l<64:15> el<64:16>
                    n<0> u<206> t<INTEGRAL_NUMBER> p<207> l<64:15> el<64:16>
                  n<> u<209> t<Level_symbol> p<213> c<208> s<212> l<64:21> el<64:22>
                    n<> u<208> t<QMARK> p<209> l<64:21> el<64:22>
                  n<> u<212> t<Edge_indicator> p<213> c<211> l<64:26> el<64:27>
                    n<> u<211> t<Edge_symbol> p<212> c<210> l<64:26> el<64:27>
                      n<> u<210> t<BinaryOp_Mult> p<211> l<64:26> el<64:27>
              n<> u<216> t<Level_symbol> p<218> c<215> s<217> l<64:32> el<64:33>
                n<> u<215> t<QMARK> p<216> l<64:32> el<64:33>
              n<> u<217> t<Next_state> p<218> l<64:38> el<64:39>
            n<// Changing Data> u<219> t<LINE_COMMENT> p<221> s<220> l<64:45> el<64:61>
            n<> u<220> t<ENDTABLE> p<221> l<65:5> el<65:13>
        n<> u<223> t<ENDPRIMITIVE> p<224> l<66:1> el<66:13>
    n<> u<229> t<Description> p<230> c<228> l<69:1> el<69:22>
      n<> u<228> t<Top_directives> p<229> c<227> l<69:1> el<69:22>
        n<> u<227> t<Default_nettype_directive> p<228> c<226> l<69:1> el<69:22>
          n<> u<226> t<WIRE> p<227> l<69:18> el<69:22>
AST_DEBUG_END
[INF:CP5806] $Source01/models/udp_dff_nsr/sky130_fd_sc_hd__udp_dff_nsr.v:37:11: Compile udp "sky130_fd_sc_hd__udp_dff$NSR".
[INF:CM5028] Using global timescale: "1ns/1ns".
====== HLDB =======
Design name:unnamed:
  vpiName: unnamed
  vpiSourceFile (1 items):
    SourceFile name:sky130_fd_sc_hd__udp_dff_nsr.v file:$Source01/models/udp_dff_nsr/sky130_fd_sc_hd__udp_dff_nsr.v:
      vpiParent: Design name:unnamed
      vpiName: sky130_fd_sc_hd__udp_dff_nsr.v
      vpiPreprocFile: "$Output/lib/work/models/udp_dff_nsr/sky130_fd_sc_hd__udp_dff_nsr.v"
      vpiPreprocMacroDefinition (1 items):
        PreprocMacroDefinition name:SKY130_FD_SC_HD__UDP_DFF_NSR_V start:20:1 end:21:1:
          vpiParent: SourceFile name:sky130_fd_sc_hd__udp_dff_nsr.v
          vpiName Identifier name:SKY130_FD_SC_HD__UDP_DFF_NSR_V start:20:9 end:20:39:
            vpiParent: PreprocMacroDefinition name:SKY130_FD_SC_HD__UDP_DFF_NSR_V
            vpiName: SKY130_FD_SC_HD__UDP_DFF_NSR_V
          vpiPMDType: define (1)
      vpiTimePrecision: -12
      vpiTimeUnit: -9
      vpiDirective (2 items):
        GenericDirective start:32:1 end:32:22:
          vpiParent: SourceFile name:sky130_fd_sc_hd__udp_dff_nsr.v
          vpiDirectiveType: default_nettype (6)
          vpiValue Constant start:32:18 end:32:22:
            vpiParent: GenericDirective
            vpiTypespec RefTypespec:
              vpiParent: Constant
              vpiFullName: sky130_fd_sc_hd__udp_dff_nsr.v
              vpiActual: IntTypespec
            vpiDecompile: "12"
        GenericDirective start:69:1 end:69:22:
          vpiParent: SourceFile name:sky130_fd_sc_hd__udp_dff_nsr.v
          vpiDirectiveType: default_nettype (6)
          vpiValue Constant start:69:18 end:69:22:
            vpiParent: GenericDirective
            vpiTypespec RefTypespec:
              vpiParent: Constant
              vpiFullName: sky130_fd_sc_hd__udp_dff_nsr.v
              vpiActual: IntTypespec
            vpiDecompile: "1"
  vpiAllUdps (1 items):
    UdpDefn name:sky130_fd_sc_hd__udp_dff$NSR start:37:1 end:66:13:
      vpiParent: Design name:unnamed
      vpiName Identifier name:sky130_fd_sc_hd__udp_dff$NSR start:37:11 end:37:39:
        vpiParent: UdpDefn name:sky130_fd_sc_hd__udp_dff$NSR
        vpiName: sky130_fd_sc_hd__udp_dff$NSR
      vpiFullName: sky130_fd_sc_hd__udp_dff$NSR
      vpiTypespec (1 items):
        LogicTypespec:
          vpiParent: UdpDefn name:sky130_fd_sc_hd__udp_dff$NSR
      vpiIODecl (5 items):
        IODecl name:Q start:38:5 end:38:6:
          vpiParent: UdpDefn name:sky130_fd_sc_hd__udp_dff$NSR
          vpiName: Q
          vpiDirection: output (2)
          vpiExpr Variable name:Q start:45:12 end:45:13:
            vpiParent: IODecl name:Q
            vpiTypespec RefTypespec:
              vpiParent: Variable name:Q
              vpiFullName: sky130_fd_sc_hd__udp_dff$NSR.Q.Q
              vpiActual: LogicTypespec
            vpiName: Q
            vpiFullName: sky130_fd_sc_hd__udp_dff$NSR.Q.Q
          vpiTypespec RefTypespec:
            vpiParent: IODecl name:Q
            vpiFullName: sky130_fd_sc_hd__udp_dff$NSR.Q
            vpiActual: LogicTypespec
        IODecl name:SET start:39:5 end:39:8:
          vpiParent: UdpDefn name:sky130_fd_sc_hd__udp_dff$NSR
          vpiName: SET
          vpiDirection: input (1)
          vpiExpr Variable name:SET start:46:12 end:46:15:
            vpiParent: IODecl name:SET
            vpiName: SET
            vpiFullName: sky130_fd_sc_hd__udp_dff$NSR.SET.SET
        IODecl name:RESET start:40:5 end:40:10:
          vpiParent: UdpDefn name:sky130_fd_sc_hd__udp_dff$NSR
          vpiName: RESET
          vpiDirection: input (1)
          vpiExpr Variable name:RESET start:47:12 end:47:17:
            vpiParent: IODecl name:RESET
            vpiName: RESET
            vpiFullName: sky130_fd_sc_hd__udp_dff$NSR.RESET.RESET
        IODecl name:CLK_N start:41:5 end:41:10:
          vpiParent: UdpDefn name:sky130_fd_sc_hd__udp_dff$NSR
          vpiName: CLK_N
          vpiDirection: input (1)
          vpiExpr Variable name:CLK_N start:48:12 end:48:17:
            vpiParent: IODecl name:CLK_N
            vpiName: CLK_N
            vpiFullName: sky130_fd_sc_hd__udp_dff$NSR.CLK_N.CLK_N
        IODecl name:D start:42:5 end:42:6:
          vpiParent: UdpDefn name:sky130_fd_sc_hd__udp_dff$NSR
          vpiName: D
          vpiDirection: input (1)
          vpiExpr Variable name:D start:49:12 end:49:13:
            vpiParent: IODecl name:D
            vpiName: D
            vpiFullName: sky130_fd_sc_hd__udp_dff$NSR.D.D
      vpiTableEntry (10 items):
        TableEntry start:55:10 end:55:44:
          vpiParent: UdpDefn name:sky130_fd_sc_hd__udp_dff$NSR
          vpiValue Constant start:55:10 end:55:44:
            vpiParent: TableEntry
            vpiTypespec RefTypespec:
              vpiParent: Constant
              vpiFullName: sky130_fd_sc_hd__udp_dff$NSR
              vpiActual: StringTypespec
            vpiConstType: string (6)
            vpiSize: 4
            vpiDecompile: "0 1 ? ? : ? : 0"
            vpiValue: "0 1 ? ? : ? : 0"
        TableEntry start:56:10 end:56:44:
          vpiParent: UdpDefn name:sky130_fd_sc_hd__udp_dff$NSR
          vpiValue Constant start:56:10 end:56:44:
            vpiParent: TableEntry
            vpiTypespec RefTypespec:
              vpiParent: Constant
              vpiFullName: sky130_fd_sc_hd__udp_dff$NSR
              vpiActual: StringTypespec
            vpiConstType: string (6)
            vpiSize: 4
            vpiDecompile: "0  ? ? : 0 : 0"
            vpiValue: "0  ? ? : 0 : 0"
        TableEntry start:57:10 end:57:44:
          vpiParent: UdpDefn name:sky130_fd_sc_hd__udp_dff$NSR
          vpiValue Constant start:57:10 end:57:44:
            vpiParent: TableEntry
            vpiTypespec RefTypespec:
              vpiParent: Constant
              vpiFullName: sky130_fd_sc_hd__udp_dff$NSR
              vpiActual: StringTypespec
            vpiConstType: string (6)
            vpiSize: 4
            vpiDecompile: "1 ? ? ? : ? : 1"
            vpiValue: "1 ? ? ? : ? : 1"
        TableEntry start:58:10 end:58:44:
          vpiParent: UdpDefn name:sky130_fd_sc_hd__udp_dff$NSR
          vpiValue Constant start:58:10 end:58:44:
            vpiParent: TableEntry
            vpiTypespec RefTypespec:
              vpiParent: Constant
              vpiFullName: sky130_fd_sc_hd__udp_dff$NSR
              vpiActual: StringTypespec
            vpiConstType: string (6)
            vpiSize: 4
            vpiDecompile: " 0 ? ? : 1 : 1"
            vpiValue: "0 ? ? : 1 : 1"
        TableEntry start:59:10 end:59:44:
          vpiParent: UdpDefn name:sky130_fd_sc_hd__udp_dff$NSR
          vpiValue Constant start:59:10 end:59:44:
            vpiParent: TableEntry
            vpiTypespec RefTypespec:
              vpiParent: Constant
              vpiFullName: sky130_fd_sc_hd__udp_dff$NSR
              vpiActual: StringTypespec
            vpiConstType: string (6)
            vpiSize: 4
            vpiDecompile: "0 ? (01) 0 : ? : 0"
            vpiValue: "0 ? (01) 0 : ? : 0"
        TableEntry start:60:10 end:60:44:
          vpiParent: UdpDefn name:sky130_fd_sc_hd__udp_dff$NSR
          vpiValue Constant start:60:10 end:60:44:
            vpiParent: TableEntry
            vpiTypespec RefTypespec:
              vpiParent: Constant
              vpiFullName: sky130_fd_sc_hd__udp_dff$NSR
              vpiActual: StringTypespec
            vpiConstType: string (6)
            vpiSize: 4
            vpiDecompile: "? 0 (01) 1 : ? : 1"
            vpiValue: "? 0 (01) 1 : ? : 1"
        TableEntry start:61:10 end:61:44:
          vpiParent: UdpDefn name:sky130_fd_sc_hd__udp_dff$NSR
          vpiValue Constant start:61:10 end:61:44:
            vpiParent: TableEntry
            vpiTypespec RefTypespec:
              vpiParent: Constant
              vpiFullName: sky130_fd_sc_hd__udp_dff$NSR
              vpiActual: StringTypespec
            vpiConstType: string (6)
            vpiSize: 4
            vpiDecompile: "0 ? p 0 : 0 : 0"
            vpiValue: "0 ? p 0 : 0 : 0"
        TableEntry start:62:10 end:62:44:
          vpiParent: UdpDefn name:sky130_fd_sc_hd__udp_dff$NSR
          vpiValue Constant start:62:10 end:62:44:
            vpiParent: TableEntry
            vpiTypespec RefTypespec:
              vpiParent: Constant
              vpiFullName: sky130_fd_sc_hd__udp_dff$NSR
              vpiActual: StringTypespec
            vpiConstType: string (6)
            vpiSize: 4
            vpiDecompile: "? 0 p 1 : 1 : 1"
            vpiValue: "? 0 p 1 : 1 : 1"
        TableEntry start:63:10 end:63:44:
          vpiParent: UdpDefn name:sky130_fd_sc_hd__udp_dff$NSR
          vpiValue Constant start:63:10 end:63:44:
            vpiParent: TableEntry
            vpiTypespec RefTypespec:
              vpiParent: Constant
              vpiFullName: sky130_fd_sc_hd__udp_dff$NSR
              vpiActual: StringTypespec
            vpiConstType: string (6)
            vpiSize: 4
            vpiDecompile: "0 0 n ? : ? : -"
            vpiValue: "0 0 n ? : ? : -"
        TableEntry start:64:10 end:64:44:
          vpiParent: UdpDefn name:sky130_fd_sc_hd__udp_dff$NSR
          vpiValue Constant start:64:10 end:64:44:
            vpiParent: TableEntry
            vpiTypespec RefTypespec:
              vpiParent: Constant
              vpiFullName: sky130_fd_sc_hd__udp_dff$NSR
              vpiActual: StringTypespec
            vpiConstType: string (6)
            vpiSize: 4
            vpiDecompile: "0 0 ?  : ? : -"
            vpiValue: "0 0 ?  : ? : -"
  vpiTypespec (3 items):
    IntTypespec:
      vpiParent: Design name:unnamed
    UdpDefnTypespec name:sky130_fd_sc_hd__udp_dff$NSR:
      vpiParent: Design name:unnamed
      vpiName: sky130_fd_sc_hd__udp_dff$NSR
    StringTypespec:
      vpiParent: Design name:unnamed
===================
[  FATAL] : 0
[ SYNTAX] : 0
[  ERROR] : 0
[WARNING] : 0
[   NOTE] : 0
********************************************************************************
*                    End HLC SystemVerilog Compiler/Linter                     *
********************************************************************************

#**#**#**#**#**#**#**#**#**#**#**#**#**#**#**#**#**#**#**#**#**#**#**#**#**#**#**#**#**#**#**#**#**#**#**#**#**#**#**#**

Environment:
      test-name: Sky130Cell/models/udp_dff_nsr/udp_dff_nsr
   test-dirpath: ${HLC_DIR}/regression/Sky130Cell/models/udp_dff_nsr/udp_dff_nsr
  hldb-filepath: ${HLC_DIR}/regression/Sky130Cell/models/udp_dff_nsr/udp_dff_nsr/design.hldb
mounts-filepath: ${HLC_DIR}/regression/Sky130Cell/models/udp_dff_nsr/udp_dff_nsr/mounts.json


{'result': {'coverage': 96.64,
            'error_count': 0,
            'file_count': 1,
            'files': {'$Output/lib/work/models/udp_dff_nsr/sky130_fd_sc_hd__udp_dff_nsr.v': {'post_len': 19,
                                                                                             'pre_len': 565}},
            'post_len': 19,
            'pre_len': 565,
            'test_name': 'Sky130Cell/models/udp_dff_nsr/udp_dff_nsr'}}

+--------------------------------------------------------------------+----------+-----------+
| INPUT                                                              |   PRELEN |   POSTLEN |
+====================================================================+==========+===========+
| $Output/lib/work/models/udp_dff_nsr/sky130_fd_sc_hd__udp_dff_nsr.v |      565 |        19 |
+====================================================================+==========+===========+
|                                                                    |      565 |        19 |
+--------------------------------------------------------------------+----------+-----------+

[   ERROR] : 0
[COVERAGE] : 96.64


#**#**#**#**#**#**#**#**#**#**#**#**#**#**#**#**#**#**#**#**#**#**#**#**#**#**#**#**#**#**#**#**#**#**#**#**#**#**#**#**

COMMAND: ${HLC_DIR}/regression/Sky130Cell/models/udp_dff_nsr/udp_dff_nsr/design.hldb ${HLC_DIR}/regression/Sky130Cell/models/udp_dff_nsr/udp_dff_nsr/reduced.hldb

==================== BEGIN REDUCTION RESULT ====================
Name                            Before   After   Added   Removed
----------------------------------------------------------------
----------------------------------------------------------------
Others                              58      58       0         0
----------------------------------------------------------------
                                    58      58       0         0
===================== END REDUCTION RESULT =====================
