********************************************************************************
*                   Begin HLC SystemVerilog Compiler/Linter                    *
********************************************************************************
Copyright (c) 2020 Apotell,
http://www.apache.org/licenses/LICENSE-2.0
VERSION: 1.84
COMMAND: -wd ../../../../tests/Zachjs +incdir+basic+lex+lib+relong+resolve -nobuiltin -timescale=1ns/1ns -d ast -d db basic/unpacked_localparam.sv -mt 0 -mp 0 -d dbstats -d cache -d db -nostdout -o ${HLC_DIR}/regression/Zachjs/basic/unpacked_localparam_sv
[INF:CM0023] Creating log file "$Output/hlc.log".
[INF:PP0122] Preprocessing source file "$Source01/basic/unpacked_localparam.sv".
[INF:PA0201] Parsing source file "$Source01/basic/unpacked_localparam.sv".
AST_DEBUG_BEGIN
Count: 208
LIB: work
FILE: f<18>:$Source01/basic/unpacked_localparam.sv
n<$Source01/basic/unpacked_localparam.sv> u<207> t<Top_level_rule> c<1> l<1:1> el<13:1>
  n<> u<1> t<Null_rule> p<207> s<206> l<1:1>
  n<> u<206> t<Source_text> p<207> c<205> l<1:1> el<12:10>
    n<> u<205> t<Description> p<206> c<204> l<1:1> el<12:10>
      n<> u<204> t<Module_declaration> p<205> c<5> l<1:1> el<12:10>
        n<> u<5> t<Module_ansi_header> p<204> c<2> s<53> l<1:1> el<1:12>
          n<module> u<2> t<MODULE> p<5> s<3> l<1:1> el<1:7>
          n<top> u<3> t<SIMPLE_IDENTIFIER> p<5> s<4> l<1:8> el<1:11>
          n<> u<4> t<Package_import_declaration_list> p<5> l<1:11> el<1:11>
        n<> u<53> t<Non_port_module_item> p<204> c<52> s<202> l<2:5> el<2:71>
          n<> u<52> t<Module_or_generate_item> p<53> c<51> l<2:5> el<2:71>
            n<> u<51> t<Module_common_item> p<52> c<50> l<2:5> el<2:71>
              n<> u<50> t<Module_or_generate_item_declaration> p<51> c<49> l<2:5> el<2:71>
                n<> u<49> t<Package_or_generate_item_declaration> p<50> c<48> l<2:5> el<2:71>
                  n<> u<48> t<Local_parameter_declaration> p<49> c<18> l<2:5> el<2:70>
                    n<> u<18> t<Data_type_or_implicit> p<48> c<17> s<47> l<2:16> el<2:27>
                      n<> u<17> t<Data_type> p<18> c<6> l<2:16> el<2:27>
                        n<> u<6> t<LOGIC> p<17> s<16> l<2:16> el<2:21>
                        n<> u<16> t<Packed_dimension> p<17> c<15> l<2:22> el<2:27>
                          n<> u<15> t<Constant_range> p<16> c<10> l<2:23> el<2:26>
                            n<> u<10> t<Constant_expression> p<15> c<9> s<14> l<2:23> el<2:24>
                              n<> u<9> t<Constant_primary> p<10> c<8> l<2:23> el<2:24>
                                n<> u<8> t<Primary_literal> p<9> c<7> l<2:23> el<2:24>
                                  n<7> u<7> t<INTEGRAL_NUMBER> p<8> l<2:23> el<2:24>
                            n<> u<14> t<Constant_expression> p<15> c<13> l<2:25> el<2:26>
                              n<> u<13> t<Constant_primary> p<14> c<12> l<2:25> el<2:26>
                                n<> u<12> t<Primary_literal> p<13> c<11> l<2:25> el<2:26>
                                  n<0> u<11> t<INTEGRAL_NUMBER> p<12> l<2:25> el<2:26>
                    n<> u<47> t<Param_assignment_list> p<48> c<46> l<2:28> el<2:70>
                      n<> u<46> t<Param_assignment> p<47> c<19> l<2:28> el<2:70>
                        n<init_val> u<19> t<SIMPLE_IDENTIFIER> p<46> s<24> l<2:28> el<2:36>
                        n<> u<24> t<Unpacked_dimension> p<46> c<23> s<45> l<2:37> el<2:40>
                          n<> u<23> t<Constant_expression> p<24> c<22> l<2:38> el<2:39>
                            n<> u<22> t<Constant_primary> p<23> c<21> l<2:38> el<2:39>
                              n<> u<21> t<Primary_literal> p<22> c<20> l<2:38> el<2:39>
                                n<4> u<20> t<INTEGRAL_NUMBER> p<21> l<2:38> el<2:39>
                        n<> u<45> t<Constant_param_expression> p<46> c<44> l<2:43> el<2:70>
                          n<> u<44> t<Constant_mintypmax_expression> p<45> c<43> l<2:43> el<2:70>
                            n<> u<43> t<Constant_expression> p<44> c<42> l<2:43> el<2:70>
                              n<> u<42> t<Constant_primary> p<43> c<41> l<2:43> el<2:70>
                                n<> u<41> t<Constant_concatenation> p<42> c<28> l<2:43> el<2:70>
                                  n<> u<28> t<Constant_expression> p<41> c<27> s<32> l<2:44> el<2:48>
                                    n<> u<27> t<Constant_primary> p<28> c<26> l<2:44> el<2:48>
                                      n<> u<26> t<Primary_literal> p<27> c<25> l<2:44> el<2:48>
                                        n<8'd0> u<25> t<INTEGRAL_NUMBER> p<26> l<2:44> el<2:48>
                                  n<> u<32> t<Constant_expression> p<41> c<31> s<36> l<2:50> el<2:54>
                                    n<> u<31> t<Constant_primary> p<32> c<30> l<2:50> el<2:54>
                                      n<> u<30> t<Primary_literal> p<31> c<29> l<2:50> el<2:54>
                                        n<8'd8> u<29> t<INTEGRAL_NUMBER> p<30> l<2:50> el<2:54>
                                  n<> u<36> t<Constant_expression> p<41> c<35> s<40> l<2:56> el<2:61>
                                    n<> u<35> t<Constant_primary> p<36> c<34> l<2:56> el<2:61>
                                      n<> u<34> t<Primary_literal> p<35> c<33> l<2:56> el<2:61>
                                        n<8'd10> u<33> t<INTEGRAL_NUMBER> p<34> l<2:56> el<2:61>
                                  n<> u<40> t<Constant_expression> p<41> c<39> l<2:63> el<2:69>
                                    n<> u<39> t<Constant_primary> p<40> c<38> l<2:63> el<2:69>
                                      n<> u<38> t<Primary_literal> p<39> c<37> l<2:63> el<2:69>
                                        n<8'd200> u<37> t<INTEGRAL_NUMBER> p<38> l<2:63> el<2:69>
        n<> u<202> t<Non_port_module_item> p<204> c<201> s<203> l<3:5> el<11:8>
          n<> u<201> t<Module_or_generate_item> p<202> c<200> l<3:5> el<11:8>
            n<> u<200> t<Module_common_item> p<201> c<199> l<3:5> el<11:8>
              n<> u<199> t<Initial_construct> p<200> c<198> l<3:5> el<11:8>
                n<> u<198> t<Statement_or_null> p<199> c<197> l<3:13> el<11:8>
                  n<> u<197> t<Statement> p<198> c<196> l<3:13> el<11:8>
                    n<> u<196> t<Statement_item> p<197> c<195> l<3:13> el<11:8>
                      n<> u<195> t<Seq_block> p<196> c<63> l<3:13> el<11:8>
                        n<> u<63> t<Block_item_declaration> p<195> c<62> s<193> l<4:9> el<4:22>
                          n<> u<62> t<Data_declaration> p<63> c<61> l<4:9> el<4:22>
                            n<> u<61> t<Variable_declaration> p<62> c<55> l<4:9> el<4:22>
                              n<> u<55> t<Data_type> p<61> c<54> s<60> l<4:9> el<4:16>
                                n<> u<54> t<INTEGER> p<55> l<4:9> el<4:16>
                              n<> u<60> t<Variable_decl_assignment_list> p<61> c<57> l<4:17> el<4:21>
                                n<> u<57> t<Variable_decl_assignment> p<60> c<56> s<59> l<4:17> el<4:18>
                                  n<i> u<56> t<SIMPLE_IDENTIFIER> p<57> l<4:17> el<4:18>
                                n<> u<59> t<Variable_decl_assignment> p<60> c<58> l<4:20> el<4:21>
                                  n<j> u<58> t<SIMPLE_IDENTIFIER> p<59> l<4:20> el<4:21>
                        n<> u<193> t<Statement_or_null> p<195> c<192> s<194> l<5:9> el<10:12>
                          n<> u<192> t<Statement> p<193> c<191> l<5:9> el<10:12>
                            n<> u<191> t<Statement_item> p<192> c<190> l<5:9> el<10:12>
                              n<> u<190> t<Loop_statement> p<191> c<189> l<5:9> el<10:12>
                                n<> u<189> t<FOR> p<190> s<75> l<5:9> el<5:12>
                                n<> u<75> t<For_initialization> p<190> c<74> s<85> l<5:14> el<5:19>
                                  n<> u<74> t<Variable_assignment_list> p<75> c<73> l<5:14> el<5:19>
                                    n<> u<73> t<Variable_assignment> p<74> c<68> l<5:14> el<5:19>
                                      n<> u<68> t<Variable_lvalue> p<73> c<65> s<72> l<5:14> el<5:15>
                                        n<> u<65> t<Ps_or_hierarchical_identifier> p<68> c<64> s<67> l<5:14> el<5:15>
                                          n<i> u<64> t<SIMPLE_IDENTIFIER> p<65> l<5:14> el<5:15>
                                        n<> u<67> t<Select> p<68> c<66> l<5:16> el<5:16>
                                          n<> u<66> t<Bit_select> p<67> l<5:16> el<5:16>
                                      n<> u<72> t<Expression> p<73> c<71> l<5:18> el<5:19>
                                        n<> u<71> t<Primary> p<72> c<70> l<5:18> el<5:19>
                                          n<> u<70> t<Primary_literal> p<71> c<69> l<5:18> el<5:19>
                                            n<0> u<69> t<INTEGRAL_NUMBER> p<70> l<5:18> el<5:19>
                                n<> u<85> t<Expression> p<190> c<79> s<98> l<5:21> el<5:26>
                                  n<> u<79> t<Expression> p<85> c<78> s<84> l<5:21> el<5:22>
                                    n<> u<78> t<Primary> p<79> c<77> l<5:21> el<5:22>
                                      n<> u<77> t<Primary_literal> p<78> c<76> l<5:21> el<5:22>
                                        n<i> u<76> t<SIMPLE_IDENTIFIER> p<77> l<5:21> el<5:22>
                                  n<> u<84> t<LESS> p<85> s<83> l<5:23> el<5:24>
                                  n<> u<83> t<Expression> p<85> c<82> l<5:25> el<5:26>
                                    n<> u<82> t<Primary> p<83> c<81> l<5:25> el<5:26>
                                      n<> u<81> t<Primary_literal> p<82> c<80> l<5:25> el<5:26>
                                        n<4> u<80> t<INTEGRAL_NUMBER> p<81> l<5:25> el<5:26>
                                n<> u<98> t<For_step> p<190> c<97> s<188> l<5:28> el<5:34>
                                  n<> u<97> t<For_step_assignment> p<98> c<96> l<5:28> el<5:34>
                                    n<> u<96> t<Operator_assignment> p<97> c<90> l<5:28> el<5:34>
                                      n<> u<90> t<Variable_lvalue> p<96> c<87> s<91> l<5:28> el<5:29>
                                        n<> u<87> t<Ps_or_hierarchical_identifier> p<90> c<86> s<89> l<5:28> el<5:29>
                                          n<i> u<86> t<SIMPLE_IDENTIFIER> p<87> l<5:28> el<5:29>
                                        n<> u<89> t<Select> p<90> c<88> l<5:30> el<5:30>
                                          n<> u<88> t<Bit_select> p<89> l<5:30> el<5:30>
                                      n<> u<91> t<ADD_ASSIGN> p<96> s<95> l<5:30> el<5:32>
                                      n<> u<95> t<Expression> p<96> c<94> l<5:33> el<5:34>
                                        n<> u<94> t<Primary> p<95> c<93> l<5:33> el<5:34>
                                          n<> u<93> t<Primary_literal> p<94> c<92> l<5:33> el<5:34>
                                            n<1> u<92> t<INTEGRAL_NUMBER> p<93> l<5:33> el<5:34>
                                n<> u<188> t<Statement_or_null> p<190> c<187> l<5:36> el<10:12>
                                  n<> u<187> t<Statement> p<188> c<186> l<5:36> el<10:12>
                                    n<> u<186> t<Statement_item> p<187> c<185> l<5:36> el<10:12>
                                      n<> u<185> t<Seq_block> p<186> c<116> l<5:36> el<10:12>
                                        n<> u<116> t<Statement_or_null> p<185> c<115> s<183> l<6:13> el<6:35>
                                          n<> u<115> t<Statement> p<116> c<114> l<6:13> el<6:35>
                                            n<> u<114> t<Statement_item> p<115> c<113> l<6:13> el<6:35>
                                              n<> u<113> t<Subroutine_call_statement> p<114> c<112> l<6:13> el<6:35>
                                                n<> u<112> t<Subroutine_call> p<113> c<99> l<6:13> el<6:34>
                                                  n<$> u<99> t<DOLLAR> p<112> s<100> l<6:13> el<6:14>
                                                  n<display> u<100> t<SIMPLE_IDENTIFIER> p<112> s<111> l<6:14> el<6:21>
                                                  n<> u<111> t<Argument_list> p<112> c<110> l<6:22> el<6:33>
                                                    n<> u<110> t<Expression> p<111> c<109> l<6:22> el<6:33>
                                                      n<> u<109> t<Primary> p<110> c<108> l<6:22> el<6:33>
                                                        n<> u<108> t<Subroutine_call> p<109> c<101> l<6:22> el<6:33>
                                                          n<init_val> u<101> t<SIMPLE_IDENTIFIER> p<108> s<107> l<6:22> el<6:30>
                                                          n<> u<107> t<Select> p<108> c<106> l<6:30> el<6:33>
                                                            n<> u<106> t<Bit_select> p<107> c<105> l<6:30> el<6:33>
                                                              n<> u<105> t<Expression> p<106> c<104> l<6:31> el<6:32>
                                                                n<> u<104> t<Primary> p<105> c<103> l<6:31> el<6:32>
                                                                  n<> u<103> t<Primary_literal> p<104> c<102> l<6:31> el<6:32>
                                                                    n<i> u<102> t<SIMPLE_IDENTIFIER> p<103> l<6:31> el<6:32>
                                        n<> u<183> t<Statement_or_null> p<185> c<182> s<184> l<7:13> el<9:16>
                                          n<> u<182> t<Statement> p<183> c<181> l<7:13> el<9:16>
                                            n<> u<181> t<Statement_item> p<182> c<180> l<7:13> el<9:16>
                                              n<> u<180> t<Loop_statement> p<181> c<179> l<7:13> el<9:16>
                                                n<> u<179> t<FOR> p<180> s<128> l<7:13> el<7:16>
                                                n<> u<128> t<For_initialization> p<180> c<127> s<138> l<7:18> el<7:23>
                                                  n<> u<127> t<Variable_assignment_list> p<128> c<126> l<7:18> el<7:23>
                                                    n<> u<126> t<Variable_assignment> p<127> c<121> l<7:18> el<7:23>
                                                      n<> u<121> t<Variable_lvalue> p<126> c<118> s<125> l<7:18> el<7:19>
                                                        n<> u<118> t<Ps_or_hierarchical_identifier> p<121> c<117> s<120> l<7:18> el<7:19>
                                                          n<j> u<117> t<SIMPLE_IDENTIFIER> p<118> l<7:18> el<7:19>
                                                        n<> u<120> t<Select> p<121> c<119> l<7:20> el<7:20>
                                                          n<> u<119> t<Bit_select> p<120> l<7:20> el<7:20>
                                                      n<> u<125> t<Expression> p<126> c<124> l<7:22> el<7:23>
                                                        n<> u<124> t<Primary> p<125> c<123> l<7:22> el<7:23>
                                                          n<> u<123> t<Primary_literal> p<124> c<122> l<7:22> el<7:23>
                                                            n<0> u<122> t<INTEGRAL_NUMBER> p<123> l<7:22> el<7:23>
                                                n<> u<138> t<Expression> p<180> c<132> s<151> l<7:25> el<7:30>
                                                  n<> u<132> t<Expression> p<138> c<131> s<137> l<7:25> el<7:26>
                                                    n<> u<131> t<Primary> p<132> c<130> l<7:25> el<7:26>
                                                      n<> u<130> t<Primary_literal> p<131> c<129> l<7:25> el<7:26>
                                                        n<j> u<129> t<SIMPLE_IDENTIFIER> p<130> l<7:25> el<7:26>
                                                  n<> u<137> t<LESS> p<138> s<136> l<7:27> el<7:28>
                                                  n<> u<136> t<Expression> p<138> c<135> l<7:29> el<7:30>
                                                    n<> u<135> t<Primary> p<136> c<134> l<7:29> el<7:30>
                                                      n<> u<134> t<Primary_literal> p<135> c<133> l<7:29> el<7:30>
                                                        n<8> u<133> t<INTEGRAL_NUMBER> p<134> l<7:29> el<7:30>
                                                n<> u<151> t<For_step> p<180> c<150> s<178> l<7:32> el<7:38>
                                                  n<> u<150> t<For_step_assignment> p<151> c<149> l<7:32> el<7:38>
                                                    n<> u<149> t<Operator_assignment> p<150> c<143> l<7:32> el<7:38>
                                                      n<> u<143> t<Variable_lvalue> p<149> c<140> s<144> l<7:32> el<7:33>
                                                        n<> u<140> t<Ps_or_hierarchical_identifier> p<143> c<139> s<142> l<7:32> el<7:33>
                                                          n<j> u<139> t<SIMPLE_IDENTIFIER> p<140> l<7:32> el<7:33>
                                                        n<> u<142> t<Select> p<143> c<141> l<7:34> el<7:34>
                                                          n<> u<141> t<Bit_select> p<142> l<7:34> el<7:34>
                                                      n<> u<144> t<ADD_ASSIGN> p<149> s<148> l<7:34> el<7:36>
                                                      n<> u<148> t<Expression> p<149> c<147> l<7:37> el<7:38>
                                                        n<> u<147> t<Primary> p<148> c<146> l<7:37> el<7:38>
                                                          n<> u<146> t<Primary_literal> p<147> c<145> l<7:37> el<7:38>
                                                            n<1> u<145> t<INTEGRAL_NUMBER> p<146> l<7:37> el<7:38>
                                                n<> u<178> t<Statement_or_null> p<180> c<177> l<7:40> el<9:16>
                                                  n<> u<177> t<Statement> p<178> c<176> l<7:40> el<9:16>
                                                    n<> u<176> t<Statement_item> p<177> c<175> l<7:40> el<9:16>
                                                      n<> u<175> t<Seq_block> p<176> c<173> l<7:40> el<9:16>
                                                        n<> u<173> t<Statement_or_null> p<175> c<172> s<174> l<8:17> el<8:42>
                                                          n<> u<172> t<Statement> p<173> c<171> l<8:17> el<8:42>
                                                            n<> u<171> t<Statement_item> p<172> c<170> l<8:17> el<8:42>
                                                              n<> u<170> t<Subroutine_call_statement> p<171> c<169> l<8:17> el<8:42>
                                                                n<> u<169> t<Subroutine_call> p<170> c<152> l<8:17> el<8:41>
                                                                  n<$> u<152> t<DOLLAR> p<169> s<153> l<8:17> el<8:18>
                                                                  n<display> u<153> t<SIMPLE_IDENTIFIER> p<169> s<168> l<8:18> el<8:25>
                                                                  n<> u<168> t<Argument_list> p<169> c<167> l<8:26> el<8:40>
                                                                    n<> u<167> t<Expression> p<168> c<166> l<8:26> el<8:40>
                                                                      n<> u<166> t<Primary> p<167> c<165> l<8:26> el<8:40>
                                                                        n<> u<165> t<Subroutine_call> p<166> c<154> l<8:26> el<8:40>
                                                                          n<init_val> u<154> t<SIMPLE_IDENTIFIER> p<165> s<164> l<8:26> el<8:34>
                                                                          n<> u<164> t<Select> p<165> c<163> l<8:34> el<8:40>
                                                                            n<> u<163> t<Bit_select> p<164> c<158> l<8:34> el<8:40>
                                                                              n<> u<158> t<Expression> p<163> c<157> s<162> l<8:35> el<8:36>
                                                                                n<> u<157> t<Primary> p<158> c<156> l<8:35> el<8:36>
                                                                                  n<> u<156> t<Primary_literal> p<157> c<155> l<8:35> el<8:36>
                                                                                    n<i> u<155> t<SIMPLE_IDENTIFIER> p<156> l<8:35> el<8:36>
                                                                              n<> u<162> t<Expression> p<163> c<161> l<8:38> el<8:39>
                                                                                n<> u<161> t<Primary> p<162> c<160> l<8:38> el<8:39>
                                                                                  n<> u<160> t<Primary_literal> p<161> c<159> l<8:38> el<8:39>
                                                                                    n<j> u<159> t<SIMPLE_IDENTIFIER> p<160> l<8:38> el<8:39>
                                                        n<> u<174> t<END> p<175> l<9:13> el<9:16>
                                        n<> u<184> t<END> p<185> l<10:9> el<10:12>
                        n<> u<194> t<END> p<195> l<11:5> el<11:8>
        n<> u<203> t<ENDMODULE> p<204> l<12:1> el<12:10>
AST_DEBUG_END
[INF:CP0303] $Source01/basic/unpacked_localparam.sv:1:1: Compile module "top".
[INF:CM0029] Using global timescale: "1ns/1ns".
====== HLDB =======
Design name:unnamed:
  vpiName: unnamed
  vpiSourceFile (1 items):
    SourceFile name:unpacked_localparam.sv file:$Source01/basic/unpacked_localparam.sv:
      vpiParent: Design name:unnamed
      vpiName: unpacked_localparam.sv
      vpiPreprocFile: "$Output/lib/work/basic/unpacked_localparam.sv"
  vpiAllModules (1 items):
    Module name:top file:$Source01/basic/unpacked_localparam.sv start:1:1 end:12:10:
      vpiParent: Design name:unnamed
      vpiName Identifier name:top start:1:8 end:1:11:
        vpiParent: Module name:top
        vpiName: top
      vpiFullName: top
      vpiParameter (1 items):
        Parameter name:init_val start:2:28 end:2:36:
          vpiParent: Module name:top
          vpiTypespec RefTypespec start:2:16 end:2:27:
            vpiParent: Parameter name:init_val
            vpiFullName: top.init_val
            vpiActual: ArrayTypespec
          vpiName: init_val
          vpiFullName: top.init_val
          vpiLocalParam: true
      vpiParamAssign (1 items):
        ParamAssign start:2:28 end:2:70:
          vpiParent: Module name:top
          vpiLhs RefObj name:init_val start:2:28 end:2:36:
            vpiParent: ParamAssign
            vpiName: init_val
            vpiFullName: top.init_val
            vpiActual: Parameter name:init_val
          vpiRhs Operation start:2:43 end:2:70:
            vpiParent: ParamAssign
            vpiOpType: concatenation (33)
            vpiOperand (4 items):
              Constant start:2:44 end:2:48:
                vpiParent: Operation
                vpiTypespec RefTypespec:
                  vpiParent: Constant
                  vpiFullName: top
                  vpiActual: IntTypespec
                vpiConstType: decimal (1)
                vpiSize: 8
                vpiDecompile: "8'd0"
                vpiValue: "0"
              Constant start:2:50 end:2:54:
                vpiParent: Operation
                vpiTypespec RefTypespec:
                  vpiParent: Constant
                  vpiFullName: top
                  vpiActual: IntTypespec
                vpiConstType: decimal (1)
                vpiSize: 8
                vpiDecompile: "8'd8"
                vpiValue: "8"
              Constant start:2:56 end:2:61:
                vpiParent: Operation
                vpiTypespec RefTypespec:
                  vpiParent: Constant
                  vpiFullName: top
                  vpiActual: IntTypespec
                vpiConstType: decimal (1)
                vpiSize: 8
                vpiDecompile: "8'd10"
                vpiValue: "10"
              Constant start:2:63 end:2:69:
                vpiParent: Operation
                vpiTypespec RefTypespec:
                  vpiParent: Constant
                  vpiFullName: top
                  vpiActual: IntTypespec
                vpiConstType: decimal (1)
                vpiSize: 8
                vpiDecompile: "8'd200"
                vpiValue: "200"
      vpiTypespec (2 items):
        LogicTypespec:
          vpiParent: Module name:top
          vpiRange (1 items):
            Range start:2:22 end:2:27:
              vpiParent: LogicTypespec
              vpiLeftRange Constant start:2:23 end:2:24:
                vpiParent: Range
                vpiTypespec RefTypespec:
                  vpiParent: Constant
                  vpiFullName: top
                  vpiActual: IntTypespec
                vpiConstType: unsigned int (9)
                vpiSize: 64
                vpiDecompile: "7"
                vpiValue: 7
              vpiRightRange Constant start:2:25 end:2:26:
                vpiParent: Range
                vpiTypespec RefTypespec:
                  vpiParent: Constant
                  vpiFullName: top
                  vpiActual: IntTypespec
                vpiConstType: unsigned int (9)
                vpiSize: 64
                vpiDecompile: "0"
                vpiValue: 0
          vpiVector: true
        ArrayTypespec:
          vpiParent: Module name:top
          vpiArrayType: static (1)
          vpiRange Range start:2:37 end:2:40:
            vpiParent: ArrayTypespec
            vpiLeftRange Operation:
              vpiParent: Range
              vpiOpType: subtract (11)
              vpiOperand (1 items):
                Constant start:2:38 end:2:39:
                  vpiParent: Operation
                  vpiTypespec RefTypespec:
                    vpiParent: Constant
                    vpiFullName: top
                    vpiActual: IntTypespec
                  vpiConstType: unsigned int (9)
                  vpiSize: 64
                  vpiDecompile: "4"
                  vpiValue: 4
          vpiElemTypespec RefTypespec start:2:16 end:2:27:
            vpiParent: ArrayTypespec
            vpiFullName: top
            vpiActual: LogicTypespec
      vpiDefName: top
      vpiDefNetType: wire (1)
      vpiLibrary RefObj name:work:
        vpiParent: Module name:top
        vpiName: work
        vpiFullName: top.work
      vpiCell: top
      vpiProcess (1 items):
        Initial start:3:5 end:11:8:
          vpiParent: Module name:top
          vpiStmt Begin start:3:13 end:11:8:
            vpiParent: Initial
            vpiFullName: top
            vpiVariable (2 items):
              Variable name:i start:4:17 end:4:18:
                vpiParent: Begin
                vpiTypespec RefTypespec start:4:9 end:4:16:
                  vpiParent: Variable name:i
                  vpiFullName: top.i
                  vpiActual: IntegerTypespec
                vpiName: i
                vpiFullName: top.i
              Variable name:j start:4:20 end:4:21:
                vpiParent: Begin
                vpiTypespec RefTypespec start:4:9 end:4:16:
                  vpiParent: Variable name:j
                  vpiFullName: top.j
                  vpiActual: IntegerTypespec
                vpiName: j
                vpiFullName: top.j
            vpiTypespec (1 items):
              IntegerTypespec:
                vpiParent: Begin
                vpiSigned: true
            vpiStmt (1 items):
              ForStmt start:5:9 end:10:12:
                vpiParent: Begin
                vpiFullName: top
                vpiForInitStmt (1 items):
                  Assignment start:5:14 end:5:19:
                    vpiParent: ForStmt
                    vpiBlocking: true
                    vpiLhs RefObj name:i start:5:14 end:5:15:
                      vpiParent: Assignment
                      vpiName: i
                      vpiFullName: top.i
                      vpiActual: Variable name:i
                    vpiRhs Constant start:5:18 end:5:19:
                      vpiParent: Assignment
                      vpiTypespec RefTypespec:
                        vpiParent: Constant
                        vpiFullName: top
                        vpiActual: IntTypespec
                      vpiConstType: unsigned int (9)
                      vpiSize: 64
                      vpiDecompile: "0"
                      vpiValue: 0
                vpiForIncStmt (1 items):
                  Assignment start:5:28 end:5:34:
                    vpiParent: ForStmt
                    vpiBlocking: true
                    vpiLhs RefObj name:i start:5:28 end:5:29:
                      vpiParent: Assignment
                      vpiName: i
                      vpiFullName: top.i
                      vpiActual: Variable name:i
                    vpiRhs Operation:
                      vpiParent: Assignment
                      vpiOpType: add (24)
                      vpiOperand (2 items):
                        RefObj name:i start:5:28 end:5:29:
                          vpiParent: Operation
                          vpiName: i
                          vpiFullName: top.i
                          vpiActual: Variable name:i
                        Constant start:5:33 end:5:34:
                          vpiParent: Operation
                          vpiTypespec RefTypespec:
                            vpiParent: Constant
                            vpiFullName: top
                            vpiActual: IntTypespec
                          vpiConstType: unsigned int (9)
                          vpiSize: 64
                          vpiDecompile: "1"
                          vpiValue: 1
                vpiCondition Operation start:5:21 end:5:26:
                  vpiParent: ForStmt
                  vpiOpType: less than (20)
                  vpiOperand (2 items):
                    RefObj name:i start:5:21 end:5:22:
                      vpiParent: Operation
                      vpiName: i
                      vpiFullName: top.i
                      vpiActual: Variable name:i
                    Constant start:5:25 end:5:26:
                      vpiParent: Operation
                      vpiTypespec RefTypespec:
                        vpiParent: Constant
                        vpiFullName: top
                        vpiActual: IntTypespec
                      vpiConstType: unsigned int (9)
                      vpiSize: 64
                      vpiDecompile: "4"
                      vpiValue: 4
                vpiStmt Begin start:5:36 end:10:12:
                  vpiParent: ForStmt
                  vpiFullName: top
                  vpiStmt (2 items):
                    SysTaskCall name:$display start:6:13 end:6:34:
                      vpiParent: Begin
                      vpiName Identifier name:$display start:6:13 end:6:21:
                        vpiParent: SysTaskCall name:$display
                        vpiName: "$display"
                      vpiArgument (1 items):
                        BitSelect name:init_val[i] start:6:22 end:6:33:
                          vpiParent: SysTaskCall name:$display
                          vpiName: init_val[i]
                          vpiFullName: top.init_val[i]
                          vpiPrefix RefObj name:init_val start:6:22 end:6:30:
                            vpiParent: BitSelect name:init_val[i]
                            vpiName: init_val
                            vpiFullName: top.init_val
                            vpiActual: Parameter name:init_val
                          vpiIndex RefObj name:i start:6:31 end:6:32:
                            vpiParent: BitSelect name:init_val[i]
                            vpiName: i
                            vpiFullName: top.i
                            vpiActual: Variable name:i
                    ForStmt start:7:13 end:9:16:
                      vpiParent: Begin
                      vpiFullName: top
                      vpiForInitStmt (1 items):
                        Assignment start:7:18 end:7:23:
                          vpiParent: ForStmt
                          vpiBlocking: true
                          vpiLhs RefObj name:j start:7:18 end:7:19:
                            vpiParent: Assignment
                            vpiName: j
                            vpiFullName: top.j
                            vpiActual: Variable name:j
                          vpiRhs Constant start:7:22 end:7:23:
                            vpiParent: Assignment
                            vpiTypespec RefTypespec:
                              vpiParent: Constant
                              vpiFullName: top
                              vpiActual: IntTypespec
                            vpiConstType: unsigned int (9)
                            vpiSize: 64
                            vpiDecompile: "0"
                            vpiValue: 0
                      vpiForIncStmt (1 items):
                        Assignment start:7:32 end:7:38:
                          vpiParent: ForStmt
                          vpiBlocking: true
                          vpiLhs RefObj name:j start:7:32 end:7:33:
                            vpiParent: Assignment
                            vpiName: j
                            vpiFullName: top.j
                            vpiActual: Variable name:j
                          vpiRhs Operation:
                            vpiParent: Assignment
                            vpiOpType: add (24)
                            vpiOperand (2 items):
                              RefObj name:j start:7:32 end:7:33:
                                vpiParent: Operation
                                vpiName: j
                                vpiFullName: top.j
                                vpiActual: Variable name:j
                              Constant start:7:37 end:7:38:
                                vpiParent: Operation
                                vpiTypespec RefTypespec:
                                  vpiParent: Constant
                                  vpiFullName: top
                                  vpiActual: IntTypespec
                                vpiConstType: unsigned int (9)
                                vpiSize: 64
                                vpiDecompile: "1"
                                vpiValue: 1
                      vpiCondition Operation start:7:25 end:7:30:
                        vpiParent: ForStmt
                        vpiOpType: less than (20)
                        vpiOperand (2 items):
                          RefObj name:j start:7:25 end:7:26:
                            vpiParent: Operation
                            vpiName: j
                            vpiFullName: top.j
                            vpiActual: Variable name:j
                          Constant start:7:29 end:7:30:
                            vpiParent: Operation
                            vpiTypespec RefTypespec:
                              vpiParent: Constant
                              vpiFullName: top
                              vpiActual: IntTypespec
                            vpiConstType: unsigned int (9)
                            vpiSize: 64
                            vpiDecompile: "8"
                            vpiValue: 8
                      vpiStmt Begin start:7:40 end:9:16:
                        vpiParent: ForStmt
                        vpiFullName: top
                        vpiStmt (1 items):
                          SysTaskCall name:$display start:8:17 end:8:41:
                            vpiParent: Begin
                            vpiName Identifier name:$display start:8:17 end:8:25:
                              vpiParent: SysTaskCall name:$display
                              vpiName: "$display"
                            vpiArgument (1 items):
                              BitSelect name:init_val[i][j] start:8:26 end:8:40:
                                vpiParent: SysTaskCall name:$display
                                vpiName: init_val[i][j]
                                vpiFullName: top.init_val[i][j]
                                vpiPrefix BitSelect name:init_val[i] start:8:26 end:8:36:
                                  vpiParent: BitSelect name:init_val[i][j]
                                  vpiName: init_val[i]
                                  vpiFullName: top.init_val[i][j].init_val[i]
                                  vpiPrefix RefObj name:init_val start:8:26 end:8:34:
                                    vpiParent: BitSelect name:init_val[i]
                                    vpiName: init_val
                                    vpiFullName: top.init_val[i][j].init_val
                                    vpiActual: Parameter name:init_val
                                  vpiIndex RefObj name:i start:8:35 end:8:36:
                                    vpiParent: BitSelect name:init_val[i]
                                    vpiName: i
                                    vpiFullName: top.init_val[i][j].i
                                    vpiActual: Variable name:i
                                vpiIndex RefObj name:j start:8:38 end:8:39:
                                  vpiParent: BitSelect name:init_val[i][j]
                                  vpiName: j
                                  vpiFullName: top.j
                                  vpiActual: Variable name:j
  vpiTypespec (2 items):
    ModuleTypespec name:top:
      vpiParent: Design name:unnamed
      vpiName Identifier name:top start:1:8 end:1:11:
        vpiParent: ModuleTypespec name:top
        vpiName: top
      vpiModule: Module name:top
    IntTypespec:
      vpiParent: Design name:unnamed
      vpiSigned: true
===================
[  FATAL] : 0
[ SYNTAX] : 0
[  ERROR] : 0
[WARNING] : 0
[   NOTE] : 0
********************************************************************************
*                    End HLC SystemVerilog Compiler/Linter                     *
********************************************************************************

#**#**#**#**#**#**#**#**#**#**#**#**#**#**#**#**#**#**#**#**#**#**#**#**#**#**#**#**#**#**#**#**#**#**#**#**#**#**#**#**

Environment:
      test-name: Zachjs/basic/unpacked_localparam_sv
   test-dirpath: ${HLC_DIR}/regression/Zachjs/basic/unpacked_localparam_sv
  hldb-filepath: ${HLC_DIR}/regression/Zachjs/basic/unpacked_localparam_sv/design.hldb
mounts-filepath: ${HLC_DIR}/regression/Zachjs/basic/unpacked_localparam_sv/mounts.json


{'result': {'coverage': 100.0,
            'error_count': 0,
            'file_count': 1,
            'files': {'$Output/lib/work/basic/unpacked_localparam.sv': {'post_len': 0,
                                                                        'pre_len': 232}},
            'post_len': 0,
            'pre_len': 232,
            'test_name': 'Zachjs/basic/unpacked_localparam_sv'}}

+-----------------------------------------------+----------+-----------+
| INPUT                                         |   PRELEN |   POSTLEN |
+===============================================+==========+===========+
| $Output/lib/work/basic/unpacked_localparam.sv |      232 |         0 |
+===============================================+==========+===========+
|                                               |      232 |         0 |
+-----------------------------------------------+----------+-----------+

[   ERROR] : 0
[COVERAGE] : 100.0


#**#**#**#**#**#**#**#**#**#**#**#**#**#**#**#**#**#**#**#**#**#**#**#**#**#**#**#**#**#**#**#**#**#**#**#**#**#**#**#**

COMMAND: ${HLC_DIR}/regression/Zachjs/basic/unpacked_localparam_sv/design.hldb ${HLC_DIR}/regression/Zachjs/basic/unpacked_localparam_sv/reduced.hldb

==================== BEGIN REDUCTION RESULT ====================
Name                            Before   After   Added   Removed
----------------------------------------------------------------
Constant                            13      10       1         4
Operation                            6       5       0         1
RefTypespec                         17      13       0         4
----------------------------------------------------------------
Others                              48      48       0         0
----------------------------------------------------------------
                                    84      76       1         9
===================== END REDUCTION RESULT =====================
