********************************************************************************
*                   Begin HLC SystemVerilog Compiler/Linter                    *
********************************************************************************
Copyright (c) 2020 Apotell,
http://www.apache.org/licenses/LICENSE-2.0
VERSION: 1.84
COMMAND: -wd ../../../tests/Verilator +incdir+. -nobuiltin -timescale=1ns/1ns -d ast -d db t_param_ceil.v -mt 0 -d dbstats -d cache -writepp -d db -nostdout -o ${HLC_DIR}/regression/Verilator/t_param_ceil
[INF:CM5022] Creating log file "$Output/hlc.log".
[INF:PP5223] Preprocessing source file "$Source01/t_param_ceil.v".
[INF:PA5502] Parsing source file "$Source01/t_param_ceil.v".
AST_DEBUG_BEGIN
Count: 372
LIB: work
FILE<0>:$Source01/t_param_ceil.v
n<$Source01/t_param_ceil.v> u<371> t<Top_level_rule> c<1> l<6:1> el<56:1>
  n<> u<1> t<Null_rule> p<371> s<2> l<6:1> el<6:1>
  n<// DESCRIPTION: Verilator: Verilog Test module> u<2> t<LINE_COMMENT> p<371> s<3> l<1:1> el<1:47>
  n<//> u<3> t<LINE_COMMENT> p<371> s<4> l<2:1> el<2:3>
  n<// This file ONLY is placed into the Public Domain, for any use,> u<4> t<LINE_COMMENT> p<371> s<5> l<3:1> el<3:65>
  n<// without warranty, 2010 by Wilson Snyder.> u<5> t<LINE_COMMENT> p<371> s<370> l<4:1> el<4:44>
  n<> u<370> t<Source_text> p<371> c<129> l<6:1> el<55:10>
    n<> u<129> t<Description> p<370> c<128> s<187> l<6:1> el<23:10>
      n<> u<128> t<Module_declaration> p<129> c<11> l<6:1> el<23:10>
        n<> u<11> t<Module_nonansi_header> p<128> c<6> s<12> l<6:1> el<6:24>
          n<module> u<6> t<MODULE> p<11> s<7> l<6:1> el<6:7>
          n<t> u<7> t<SIMPLE_IDENTIFIER> p<11> s<8> l<6:8> el<6:9>
          n<> u<8> t<Package_import_declaration_list> p<11> s<9> l<6:10> el<6:10>
          n</*AUTOARG*/> u<9> t<BLOCK_COMMENT> p<11> s<10> l<6:10> el<6:23>
          n<> u<10> t<Port_list> p<11> l<6:10> el<6:23>
        n</*AUTOWIRE*/> u<12> t<BLOCK_COMMENT> p<128> s<13> l<10:4> el<10:23>
        n<// Beginning of automatic wires (for undeclared instantiated-module outputs)> u<13> t<LINE_COMMENT> p<128> s<35> l<9:4> el<9:80>
        n<> u<35> t<Module_item> p<128> c<34> s<36> l<10:4> el<10:23>
          n<> u<34> t<Non_port_module_item> p<35> c<33> l<10:4> el<10:23>
            n<> u<33> t<Module_or_generate_item> p<34> c<32> l<10:4> el<10:23>
              n<> u<32> t<Module_common_item> p<33> c<31> l<10:4> el<10:23>
                n<> u<31> t<Module_or_generate_item_declaration> p<32> c<30> l<10:4> el<10:23>
                  n<> u<30> t<Package_or_generate_item_declaration> p<31> c<29> l<10:4> el<10:23>
                    n<> u<29> t<Net_declaration> p<30> c<14> l<10:4> el<10:23>
                      n<> u<14> t<WIRE> p<29> s<25> l<10:4> el<10:8>
                      n<> u<25> t<Data_type_or_implicit> p<29> c<24> s<28> l<10:9> el<10:15>
                        n<> u<24> t<Packed_dimension> p<25> c<23> l<10:9> el<10:15>
                          n<> u<23> t<Constant_range> p<24> c<18> l<10:10> el<10:14>
                            n<> u<18> t<Constant_expression> p<23> c<17> s<22> l<10:10> el<10:12>
                              n<> u<17> t<Constant_primary> p<18> c<16> l<10:10> el<10:12>
                                n<> u<16> t<Primary_literal> p<17> c<15> l<10:10> el<10:12>
                                  n<31> u<15> t<INTEGRAL_NUMBER> p<16> l<10:10> el<10:12>
                            n<> u<22> t<Constant_expression> p<23> c<21> l<10:13> el<10:14>
                              n<> u<21> t<Constant_primary> p<22> c<20> l<10:13> el<10:14>
                                n<> u<20> t<Primary_literal> p<21> c<19> l<10:13> el<10:14>
                                  n<0> u<19> t<INTEGRAL_NUMBER> p<20> l<10:13> el<10:14>
                      n<> u<28> t<Net_decl_assignment_list> p<29> c<27> l<10:17> el<10:22>
                        n<> u<27> t<Net_decl_assignment> p<28> c<26> l<10:17> el<10:22>
                          n<O_out> u<26> t<SIMPLE_IDENTIFIER> p<27> l<10:17> el<10:22>
        n<// From test of Test.v> u<36> t<LINE_COMMENT> p<128> s<37> l<10:26> el<10:48>
        n<// End of automatics> u<37> t<LINE_COMMENT> p<128> s<68> l<11:4> el<11:24>
        n<> u<68> t<Module_item> p<128> c<67> s<126> l<13:4> el<15:32>
          n<> u<67> t<Non_port_module_item> p<68> c<66> l<13:4> el<15:32>
            n<> u<66> t<Module_or_generate_item> p<67> c<65> l<13:4> el<15:32>
              n<> u<65> t<Module_instantiation> p<66> c<38> l<13:4> el<15:32>
                n<Test> u<38> t<SIMPLE_IDENTIFIER> p<65> s<64> l<13:4> el<13:8>
                n<> u<64> t<Hierarchical_instance> p<65> c<40> l<13:9> el<15:31>
                  n<> u<40> t<Name_of_instance> p<64> c<39> s<41> l<13:9> el<13:13>
                    n<test> u<39> t<SIMPLE_IDENTIFIER> p<40> l<13:9> el<13:13>
                  n</*AUTOINST*/> u<41> t<BLOCK_COMMENT> p<64> s<42> l<15:8> el<15:30>
                  n<// Outputs> u<42> t<LINE_COMMENT> p<64> s<63> l<14:8> el<14:18>
                  n<> u<63> t<Port_connection_list> p<64> c<62> l<15:8> el<15:30>
                    n<> u<62> t<Named_port_connection> p<63> c<43> l<15:8> el<15:30>
                      n<O_out> u<43> t<SIMPLE_IDENTIFIER> p<62> s<60> l<15:9> el<15:14>
                      n<> u<60> t<OPEN_PARENS> p<62> s<59> l<15:17> el<15:18>
                      n<> u<59> t<Expression> p<62> c<58> s<61> l<15:18> el<15:29>
                        n<> u<58> t<Primary> p<59> c<57> l<15:18> el<15:29>
                          n<> u<57> t<Subroutine_call> p<58> c<44> l<15:18> el<15:29>
                            n<O_out> u<44> t<SIMPLE_IDENTIFIER> p<57> s<56> l<15:18> el<15:23>
                            n<> u<56> t<Select> p<57> c<45> l<15:23> el<15:29>
                              n<> u<45> t<Bit_select> p<56> s<55> l<15:23> el<15:23>
                              n<> u<55> t<Part_select_range> p<56> c<54> l<15:24> el<15:28>
                                n<> u<54> t<Constant_range> p<55> c<49> l<15:24> el<15:28>
                                  n<> u<49> t<Constant_expression> p<54> c<48> s<53> l<15:24> el<15:26>
                                    n<> u<48> t<Constant_primary> p<49> c<47> l<15:24> el<15:26>
                                      n<> u<47> t<Primary_literal> p<48> c<46> l<15:24> el<15:26>
                                        n<31> u<46> t<INTEGRAL_NUMBER> p<47> l<15:24> el<15:26>
                                  n<> u<53> t<Constant_expression> p<54> c<52> l<15:27> el<15:28>
                                    n<> u<52> t<Constant_primary> p<53> c<51> l<15:27> el<15:28>
                                      n<> u<51> t<Primary_literal> p<52> c<50> l<15:27> el<15:28>
                                        n<0> u<50> t<INTEGRAL_NUMBER> p<51> l<15:27> el<15:28>
                      n<> u<61> t<CLOSE_PARENS> p<62> l<15:29> el<15:30>
        n<> u<126> t<Module_item> p<128> c<125> s<127> l<17:4> el<21:7>
          n<> u<125> t<Non_port_module_item> p<126> c<124> l<17:4> el<21:7>
            n<> u<124> t<Module_or_generate_item> p<125> c<123> l<17:4> el<21:7>
              n<> u<123> t<Module_common_item> p<124> c<122> l<17:4> el<21:7>
                n<> u<122> t<Initial_construct> p<123> c<121> l<17:4> el<21:7>
                  n<> u<121> t<Statement_or_null> p<122> c<120> l<17:12> el<21:7>
                    n<> u<120> t<Statement> p<121> c<119> l<17:12> el<21:7>
                      n<> u<119> t<Statement_item> p<120> c<118> l<17:12> el<21:7>
                        n<> u<118> t<Seq_block> p<119> c<93> l<17:12> el<21:7>
                          n<> u<93> t<Statement_or_null> p<118> c<92> s<107> l<18:7> el<18:33>
                            n<> u<92> t<Statement> p<93> c<91> l<18:7> el<18:33>
                              n<> u<91> t<Statement_item> p<92> c<90> l<18:7> el<18:33>
                                n<> u<90> t<Conditional_statement> p<91> c<80> l<18:7> el<18:33>
                                  n<> u<80> t<Cond_predicate> p<90> c<79> s<89> l<18:11> el<18:25>
                                    n<> u<79> t<Expression_or_cond_pattern> p<80> c<78> l<18:11> el<18:25>
                                      n<> u<78> t<Expression> p<79> c<72> l<18:11> el<18:25>
                                        n<> u<72> t<Expression> p<78> c<71> s<77> l<18:11> el<18:16>
                                          n<> u<71> t<Primary> p<72> c<70> l<18:11> el<18:16>
                                            n<> u<70> t<Primary_literal> p<71> c<69> l<18:11> el<18:16>
                                              n<O_out> u<69> t<SIMPLE_IDENTIFIER> p<70> l<18:11> el<18:16>
                                        n<> u<77> t<NOTEQUAL> p<78> s<76> l<18:17> el<18:19>
                                        n<> u<76> t<Expression> p<78> c<75> l<18:20> el<18:25>
                                          n<> u<75> t<Primary> p<76> c<74> l<18:20> el<18:25>
                                            n<> u<74> t<Primary_literal> p<75> c<73> l<18:20> el<18:25>
                                              n<32'h4> u<73> t<INTEGRAL_NUMBER> p<74> l<18:20> el<18:25>
                                  n<> u<89> t<Statement_or_null> p<90> c<88> l<18:27> el<18:33>
                                    n<> u<88> t<Statement> p<89> c<87> l<18:27> el<18:33>
                                      n<> u<87> t<Statement_item> p<88> c<86> l<18:27> el<18:33>
                                        n<> u<86> t<Subroutine_call_statement> p<87> c<85> l<18:27> el<18:33>
                                          n<> u<85> t<Subroutine_call> p<86> c<81> l<18:27> el<18:32>
                                            n<$> u<81> t<DOLLAR> p<85> s<82> l<18:27> el<18:28>
                                            n<stop> u<82> t<SIMPLE_IDENTIFIER> p<85> s<84> l<18:28> el<18:32>
                                            n<> u<84> t<Select> p<85> c<83> l<18:32> el<18:32>
                                              n<> u<83> t<Bit_select> p<84> l<18:32> el<18:32>
                          n<> u<107> t<Statement_or_null> p<118> c<106> s<116> l<19:7> el<19:40>
                            n<> u<106> t<Statement> p<107> c<105> l<19:7> el<19:40>
                              n<> u<105> t<Statement_item> p<106> c<104> l<19:7> el<19:40>
                                n<> u<104> t<Subroutine_call_statement> p<105> c<103> l<19:7> el<19:40>
                                  n<> u<103> t<Subroutine_call> p<104> c<94> l<19:7> el<19:39>
                                    n<$> u<94> t<DOLLAR> p<103> s<95> l<19:7> el<19:8>
                                    n<write> u<95> t<SIMPLE_IDENTIFIER> p<103> s<101> l<19:8> el<19:13>
                                    n<> u<101> t<OPEN_PARENS> p<103> s<100> l<19:13> el<19:14>
                                    n<> u<100> t<Argument_list> p<103> c<99> s<102> l<19:14> el<19:38>
                                      n<> u<99> t<Expression> p<100> c<98> l<19:14> el<19:38>
                                        n<> u<98> t<Primary> p<99> c<97> l<19:14> el<19:38>
                                          n<> u<97> t<Primary_literal> p<98> c<96> l<19:14> el<19:38>
                                            n<"*-* All Finished *-*\n"> u<96> t<QUOTED_STRING> p<97> l<19:14> el<19:38>
                                    n<> u<102> t<CLOSE_PARENS> p<103> l<19:38> el<19:39>
                          n<> u<116> t<Statement_or_null> p<118> c<115> s<117> l<20:7> el<20:15>
                            n<> u<115> t<Statement> p<116> c<114> l<20:7> el<20:15>
                              n<> u<114> t<Statement_item> p<115> c<113> l<20:7> el<20:15>
                                n<> u<113> t<Subroutine_call_statement> p<114> c<112> l<20:7> el<20:15>
                                  n<> u<112> t<Subroutine_call> p<113> c<108> l<20:7> el<20:14>
                                    n<$> u<108> t<DOLLAR> p<112> s<109> l<20:7> el<20:8>
                                    n<finish> u<109> t<SIMPLE_IDENTIFIER> p<112> s<111> l<20:8> el<20:14>
                                    n<> u<111> t<Select> p<112> c<110> l<20:14> el<20:14>
                                      n<> u<110> t<Bit_select> p<111> l<20:14> el<20:14>
                          n<> u<117> t<END> p<118> l<21:4> el<21:7>
        n<> u<127> t<ENDMODULE> p<128> l<23:1> el<23:10>
    n<> u<187> t<Description> p<370> c<186> s<369> l<25:1> el<38:10>
      n<> u<186> t<Module_declaration> p<187> c<150> l<25:1> el<38:10>
        n<> u<150> t<Module_ansi_header> p<186> c<130> s<184> l<25:1> el<28:6>
          n<module> u<130> t<MODULE> p<150> s<131> l<25:1> el<25:7>
          n<Test> u<131> t<SIMPLE_IDENTIFIER> p<150> s<132> l<25:8> el<25:12>
          n<> u<132> t<Package_import_declaration_list> p<150> s<149> l<26:3> el<26:3>
          n<> u<149> t<Port_declaration_list> p<150> c<148> l<26:3> el<28:5>
            n<> u<148> t<Ansi_port_declaration> p<149> c<146> l<27:4> el<27:23>
              n<> u<146> t<Net_port_header> p<148> c<133> s<147> l<27:4> el<27:17>
                n<> u<133> t<OUTPUT> p<146> s<145> l<27:4> el<27:10>
                n<> u<145> t<Net_port_type> p<146> c<144> l<27:11> el<27:17>
                  n<> u<144> t<Data_type_or_implicit> p<145> c<143> l<27:11> el<27:17>
                    n<> u<143> t<Packed_dimension> p<144> c<142> l<27:11> el<27:17>
                      n<> u<142> t<Constant_range> p<143> c<137> l<27:12> el<27:16>
                        n<> u<137> t<Constant_expression> p<142> c<136> s<141> l<27:12> el<27:14>
                          n<> u<136> t<Constant_primary> p<137> c<135> l<27:12> el<27:14>
                            n<> u<135> t<Primary_literal> p<136> c<134> l<27:12> el<27:14>
                              n<31> u<134> t<INTEGRAL_NUMBER> p<135> l<27:12> el<27:14>
                        n<> u<141> t<Constant_expression> p<142> c<140> l<27:15> el<27:16>
                          n<> u<140> t<Constant_primary> p<141> c<139> l<27:15> el<27:16>
                            n<> u<139> t<Primary_literal> p<140> c<138> l<27:15> el<27:16>
                              n<0> u<138> t<INTEGRAL_NUMBER> p<139> l<27:15> el<27:16>
              n<O_out> u<147> t<SIMPLE_IDENTIFIER> p<148> l<27:18> el<27:23>
        n<> u<184> t<Non_port_module_item> p<186> c<183> s<185> l<30:4> el<37:4>
          n<> u<183> t<Module_or_generate_item> p<184> c<182> l<30:4> el<37:4>
            n<> u<182> t<Module_instantiation> p<183> c<151> l<30:4> el<37:4>
              n<test> u<151> t<SIMPLE_IDENTIFIER> p<182> s<169> l<30:4> el<30:8>
              n<> u<169> t<Parameter_value_assignment> p<182> c<168> s<181> l<31:6> el<34:9>
                n<> u<168> t<Parameter_assignment_list> p<169> c<159> l<32:8> el<33:16>
                  n<> u<159> t<Named_parameter_assignment> p<168> c<152> s<167> l<32:8> el<32:16>
                    n<pFOO> u<152> t<SIMPLE_IDENTIFIER> p<159> s<158> l<32:9> el<32:13>
                    n<> u<158> t<Param_expression> p<159> c<157> l<32:14> el<32:15>
                      n<> u<157> t<Mintypmax_expression> p<158> c<156> l<32:14> el<32:15>
                        n<> u<156> t<Expression> p<157> c<155> l<32:14> el<32:15>
                          n<> u<155> t<Primary> p<156> c<154> l<32:14> el<32:15>
                            n<> u<154> t<Primary_literal> p<155> c<153> l<32:14> el<32:15>
                              n<5> u<153> t<INTEGRAL_NUMBER> p<154> l<32:14> el<32:15>
                  n<> u<167> t<Named_parameter_assignment> p<168> c<160> l<33:8> el<33:16>
                    n<pBAR> u<160> t<SIMPLE_IDENTIFIER> p<167> s<166> l<33:9> el<33:13>
                    n<> u<166> t<Param_expression> p<167> c<165> l<33:14> el<33:15>
                      n<> u<165> t<Mintypmax_expression> p<166> c<164> l<33:14> el<33:15>
                        n<> u<164> t<Expression> p<165> c<163> l<33:14> el<33:15>
                          n<> u<163> t<Primary> p<164> c<162> l<33:14> el<33:15>
                            n<> u<162> t<Primary_literal> p<163> c<161> l<33:14> el<33:15>
                              n<2> u<161> t<INTEGRAL_NUMBER> p<162> l<33:14> el<33:15>
              n<> u<181> t<Hierarchical_instance> p<182> c<171> l<34:10> el<37:3>
                n<> u<171> t<Name_of_instance> p<181> c<170> s<180> l<34:10> el<34:16>
                  n<U_test> u<170> t<SIMPLE_IDENTIFIER> p<171> l<34:10> el<34:16>
                n<> u<180> t<Port_connection_list> p<181> c<179> l<36:2> el<36:15>
                  n<> u<179> t<Named_port_connection> p<180> c<172> l<36:2> el<36:15>
                    n<O_out> u<172> t<SIMPLE_IDENTIFIER> p<179> s<177> l<36:3> el<36:8>
                    n<> u<177> t<OPEN_PARENS> p<179> s<176> l<36:8> el<36:9>
                    n<> u<176> t<Expression> p<179> c<175> s<178> l<36:9> el<36:14>
                      n<> u<175> t<Primary> p<176> c<174> l<36:9> el<36:14>
                        n<> u<174> t<Primary_literal> p<175> c<173> l<36:9> el<36:14>
                          n<O_out> u<173> t<SIMPLE_IDENTIFIER> p<174> l<36:9> el<36:14>
                    n<> u<178> t<CLOSE_PARENS> p<179> l<36:14> el<36:15>
        n<> u<185> t<ENDMODULE> p<186> l<38:1> el<38:10>
    n<> u<369> t<Description> p<370> c<368> l<40:1> el<55:10>
      n<> u<368> t<Module_declaration> p<369> c<257> l<40:1> el<55:10>
        n<> u<257> t<Module_ansi_header> p<368> c<188> s<272> l<40:1> el<47:7>
          n<module> u<188> t<MODULE> p<257> s<189> l<40:1> el<40:7>
          n<test> u<189> t<SIMPLE_IDENTIFIER> p<257> s<190> l<40:8> el<40:12>
          n<> u<190> t<Package_import_declaration_list> p<257> s<239> l<41:3> el<41:3>
          n<> u<239> t<Parameter_port_list> p<257> c<202> s<256> l<41:3> el<44:6>
            n<> u<202> t<Parameter_port_declaration> p<239> c<201> s<214> l<41:5> el<41:23>
              n<> u<201> t<Parameter_declaration> p<202> c<191> l<41:5> el<41:23>
                n<> u<191> t<Data_type_or_implicit> p<201> s<200> l<41:15> el<41:15>
                n<> u<200> t<Param_assignment_list> p<201> c<199> l<41:15> el<41:23>
                  n<> u<199> t<Param_assignment> p<200> c<192> l<41:15> el<41:23>
                    n<pFOO> u<192> t<SIMPLE_IDENTIFIER> p<199> s<198> l<41:15> el<41:19>
                    n<> u<198> t<Constant_param_expression> p<199> c<197> l<41:22> el<41:23>
                      n<> u<197> t<Constant_mintypmax_expression> p<198> c<196> l<41:22> el<41:23>
                        n<> u<196> t<Constant_expression> p<197> c<195> l<41:22> el<41:23>
                          n<> u<195> t<Constant_primary> p<196> c<194> l<41:22> el<41:23>
                            n<> u<194> t<Primary_literal> p<195> c<193> l<41:22> el<41:23>
                              n<7> u<193> t<INTEGRAL_NUMBER> p<194> l<41:22> el<41:23>
            n<> u<214> t<Parameter_port_declaration> p<239> c<213> s<238> l<42:5> el<42:23>
              n<> u<213> t<Parameter_declaration> p<214> c<203> l<42:5> el<42:23>
                n<> u<203> t<Data_type_or_implicit> p<213> s<212> l<42:15> el<42:15>
                n<> u<212> t<Param_assignment_list> p<213> c<211> l<42:15> el<42:23>
                  n<> u<211> t<Param_assignment> p<212> c<204> l<42:15> el<42:23>
                    n<pBAR> u<204> t<SIMPLE_IDENTIFIER> p<211> s<210> l<42:15> el<42:19>
                    n<> u<210> t<Constant_param_expression> p<211> c<209> l<42:22> el<42:23>
                      n<> u<209> t<Constant_mintypmax_expression> p<210> c<208> l<42:22> el<42:23>
                        n<> u<208> t<Constant_expression> p<209> c<207> l<42:22> el<42:23>
                          n<> u<207> t<Constant_primary> p<208> c<206> l<42:22> el<42:23>
                            n<> u<206> t<Primary_literal> p<207> c<205> l<42:22> el<42:23>
                              n<3> u<205> t<INTEGRAL_NUMBER> p<206> l<42:22> el<42:23>
            n<> u<238> t<Parameter_port_declaration> p<239> c<237> l<43:5> el<43:41>
              n<> u<237> t<Parameter_declaration> p<238> c<215> l<43:5> el<43:41>
                n<> u<215> t<Data_type_or_implicit> p<237> s<236> l<43:15> el<43:15>
                n<> u<236> t<Param_assignment_list> p<237> c<235> l<43:15> el<43:41>
                  n<> u<235> t<Param_assignment> p<236> c<216> l<43:15> el<43:41>
                    n<pBAZ> u<216> t<SIMPLE_IDENTIFIER> p<235> s<234> l<43:15> el<43:19>
                    n<> u<234> t<Constant_param_expression> p<235> c<233> l<43:22> el<43:41>
                      n<> u<233> t<Constant_mintypmax_expression> p<234> c<232> l<43:22> el<43:41>
                        n<> u<232> t<Constant_expression> p<233> c<231> l<43:22> el<43:41>
                          n<> u<231> t<Constant_primary> p<232> c<230> l<43:22> el<43:41>
                            n<> u<230> t<Subroutine_call> p<231> c<217> l<43:22> el<43:41>
                              n<ceiling> u<217> t<SIMPLE_IDENTIFIER> p<230> s<228> l<43:22> el<43:29>
                              n<> u<228> t<OPEN_PARENS> p<230> s<227> l<43:29> el<43:30>
                              n<> u<227> t<Argument_list> p<230> c<221> s<229> l<43:30> el<43:40>
                                n<> u<221> t<Expression> p<227> c<220> s<226> l<43:30> el<43:34>
                                  n<> u<220> t<Primary> p<221> c<219> l<43:30> el<43:34>
                                    n<> u<219> t<Primary_literal> p<220> c<218> l<43:30> el<43:34>
                                      n<pFOO> u<218> t<SIMPLE_IDENTIFIER> p<219> l<43:30> el<43:34>
                                n<> u<226> t<Argument> p<227> c<225> l<43:36> el<43:40>
                                  n<> u<225> t<Expression> p<226> c<224> l<43:36> el<43:40>
                                    n<> u<224> t<Primary> p<225> c<223> l<43:36> el<43:40>
                                      n<> u<223> t<Primary_literal> p<224> c<222> l<43:36> el<43:40>
                                        n<pBAR> u<222> t<SIMPLE_IDENTIFIER> p<223> l<43:36> el<43:40>
                              n<> u<229> t<CLOSE_PARENS> p<230> l<43:40> el<43:41>
          n<> u<256> t<Port_declaration_list> p<257> c<255> l<45:4> el<47:6>
            n<> u<255> t<Ansi_port_declaration> p<256> c<253> l<46:5> el<46:24>
              n<> u<253> t<Net_port_header> p<255> c<240> s<254> l<46:5> el<46:18>
                n<> u<240> t<OUTPUT> p<253> s<252> l<46:5> el<46:11>
                n<> u<252> t<Net_port_type> p<253> c<251> l<46:12> el<46:18>
                  n<> u<251> t<Data_type_or_implicit> p<252> c<250> l<46:12> el<46:18>
                    n<> u<250> t<Packed_dimension> p<251> c<249> l<46:12> el<46:18>
                      n<> u<249> t<Constant_range> p<250> c<244> l<46:13> el<46:17>
                        n<> u<244> t<Constant_expression> p<249> c<243> s<248> l<46:13> el<46:15>
                          n<> u<243> t<Constant_primary> p<244> c<242> l<46:13> el<46:15>
                            n<> u<242> t<Primary_literal> p<243> c<241> l<46:13> el<46:15>
                              n<31> u<241> t<INTEGRAL_NUMBER> p<242> l<46:13> el<46:15>
                        n<> u<248> t<Constant_expression> p<249> c<247> l<46:16> el<46:17>
                          n<> u<247> t<Constant_primary> p<248> c<246> l<46:16> el<46:17>
                            n<> u<246> t<Primary_literal> p<247> c<245> l<46:16> el<46:17>
                              n<0> u<245> t<INTEGRAL_NUMBER> p<246> l<46:16> el<46:17>
              n<O_out> u<254> t<SIMPLE_IDENTIFIER> p<255> l<46:19> el<46:24>
        n<> u<272> t<Non_port_module_item> p<368> c<271> s<366> l<49:4> el<49:24>
          n<> u<271> t<Module_or_generate_item> p<272> c<270> l<49:4> el<49:24>
            n<> u<270> t<Module_common_item> p<271> c<269> l<49:4> el<49:24>
              n<> u<269> t<Continuous_assign> p<270> c<268> l<49:4> el<49:24>
                n<> u<268> t<Net_assignment_list> p<269> c<267> l<49:11> el<49:23>
                  n<> u<267> t<Net_assignment> p<268> c<262> l<49:11> el<49:23>
                    n<> u<262> t<Net_lvalue> p<267> c<259> s<266> l<49:11> el<49:16>
                      n<> u<259> t<Ps_or_hierarchical_identifier> p<262> c<258> s<261> l<49:11> el<49:16>
                        n<O_out> u<258> t<SIMPLE_IDENTIFIER> p<259> l<49:11> el<49:16>
                      n<> u<261> t<Constant_select> p<262> c<260> l<49:17> el<49:17>
                        n<> u<260> t<Constant_bit_select> p<261> l<49:17> el<49:17>
                    n<> u<266> t<Expression> p<267> c<265> l<49:19> el<49:23>
                      n<> u<265> t<Primary> p<266> c<264> l<49:19> el<49:23>
                        n<> u<264> t<Primary_literal> p<265> c<263> l<49:19> el<49:23>
                          n<pBAZ> u<263> t<SIMPLE_IDENTIFIER> p<264> l<49:19> el<49:23>
        n<> u<366> t<Non_port_module_item> p<368> c<365> s<367> l<51:4> el<54:15>
          n<> u<365> t<Module_or_generate_item> p<366> c<364> l<51:4> el<54:15>
            n<> u<364> t<Module_common_item> p<365> c<363> l<51:4> el<54:15>
              n<> u<363> t<Module_or_generate_item_declaration> p<364> c<362> l<51:4> el<54:15>
                n<> u<362> t<Package_or_generate_item_declaration> p<363> c<361> l<51:4> el<54:15>
                  n<> u<361> t<Function_declaration> p<362> c<360> l<51:4> el<54:15>
                    n<> u<360> t<Function_body_declaration> p<361> c<276> l<51:13> el<54:15>
                      n<> u<276> t<Function_data_type_or_implicit> p<360> c<275> s<277> l<51:13> el<51:20>
                        n<> u<275> t<Function_data_type> p<276> c<274> l<51:13> el<51:20>
                          n<> u<274> t<Data_type> p<275> c<273> l<51:13> el<51:20>
                            n<> u<273> t<INTEGER> p<274> l<51:13> el<51:20>
                      n<ceiling> u<277> t<SIMPLE_IDENTIFIER> p<360> s<295> l<51:21> el<51:28>
                      n<> u<295> t<Tf_item_declaration_list> p<360> c<294> s<358> l<52:7> el<52:25>
                        n<> u<294> t<Tf_item_declaration> p<295> c<293> l<52:7> el<52:25>
                          n<> u<293> t<Tf_port_declaration> p<294> c<278> l<52:7> el<52:25>
                            n<> u<278> t<INPUT> p<293> s<289> l<52:7> el<52:12>
                            n<> u<289> t<Data_type_or_implicit> p<293> c<288> s<292> l<52:13> el<52:19>
                              n<> u<288> t<Packed_dimension> p<289> c<287> l<52:13> el<52:19>
                                n<> u<287> t<Constant_range> p<288> c<282> l<52:14> el<52:18>
                                  n<> u<282> t<Constant_expression> p<287> c<281> s<286> l<52:14> el<52:16>
                                    n<> u<281> t<Constant_primary> p<282> c<280> l<52:14> el<52:16>
                                      n<> u<280> t<Primary_literal> p<281> c<279> l<52:14> el<52:16>
                                        n<31> u<279> t<INTEGRAL_NUMBER> p<280> l<52:14> el<52:16>
                                  n<> u<286> t<Constant_expression> p<287> c<285> l<52:17> el<52:18>
                                    n<> u<285> t<Constant_primary> p<286> c<284> l<52:17> el<52:18>
                                      n<> u<284> t<Primary_literal> p<285> c<283> l<52:17> el<52:18>
                                        n<0> u<283> t<INTEGRAL_NUMBER> p<284> l<52:17> el<52:18>
                            n<> u<292> t<Tf_variable_identifier_list> p<293> c<290> l<52:20> el<52:24>
                              n<x> u<290> t<SIMPLE_IDENTIFIER> p<292> s<291> l<52:20> el<52:21>
                              n<y> u<291> t<SIMPLE_IDENTIFIER> p<292> l<52:23> el<52:24>
                      n<> u<358> t<Function_statement_or_null> p<360> c<357> s<359> l<53:7> el<53:50>
                        n<> u<357> t<Statement> p<358> c<356> l<53:7> el<53:50>
                          n<> u<356> t<Statement_item> p<357> c<355> l<53:7> el<53:50>
                            n<> u<355> t<Blocking_assignment> p<356> c<354> l<53:7> el<53:49>
                              n<> u<354> t<Variable_assignment> p<355> c<300> l<53:7> el<53:49>
                                n<> u<300> t<Variable_lvalue> p<354> c<297> s<353> l<53:7> el<53:14>
                                  n<> u<297> t<Ps_or_hierarchical_identifier> p<300> c<296> s<299> l<53:7> el<53:14>
                                    n<ceiling> u<296> t<SIMPLE_IDENTIFIER> p<297> l<53:7> el<53:14>
                                  n<> u<299> t<Select> p<300> c<298> l<53:15> el<53:15>
                                    n<> u<298> t<Bit_select> p<299> l<53:15> el<53:15>
                                n<> u<353> t<Expression> p<354> c<347> l<53:17> el<53:49>
                                  n<> u<347> t<Expression> p<353> c<346> s<352> l<53:17> el<53:45>
                                    n<> u<346> t<Expression> p<347> c<317> l<53:18> el<53:44>
                                      n<> u<317> t<Expression> p<346> c<316> s<345> l<53:18> el<53:28>
                                        n<> u<316> t<Expression> p<317> c<310> l<53:19> el<53:27>
                                          n<> u<310> t<Expression> p<316> c<304> s<315> l<53:19> el<53:22>
                                            n<> u<304> t<Expression> p<310> c<303> s<309> l<53:19> el<53:20>
                                              n<> u<303> t<Primary> p<304> c<302> l<53:19> el<53:20>
                                                n<> u<302> t<Primary_literal> p<303> c<301> l<53:19> el<53:20>
                                                  n<x> u<301> t<SIMPLE_IDENTIFIER> p<302> l<53:19> el<53:20>
                                            n<> u<309> t<PERCENT> p<310> s<308> l<53:20> el<53:21>
                                            n<> u<308> t<Expression> p<310> c<307> l<53:21> el<53:22>
                                              n<> u<307> t<Primary> p<308> c<306> l<53:21> el<53:22>
                                                n<> u<306> t<Primary_literal> p<307> c<305> l<53:21> el<53:22>
                                                  n<y> u<305> t<SIMPLE_IDENTIFIER> p<306> l<53:21> el<53:22>
                                          n<> u<315> t<EQUIV> p<316> s<314> l<53:23> el<53:25>
                                          n<> u<314> t<Expression> p<316> c<313> l<53:26> el<53:27>
                                            n<> u<313> t<Primary> p<314> c<312> l<53:26> el<53:27>
                                              n<> u<312> t<Primary_literal> p<313> c<311> l<53:26> el<53:27>
                                                n<0> u<311> t<INTEGRAL_NUMBER> p<312> l<53:26> el<53:27>
                                      n<> u<345> t<QMARK> p<346> s<327> l<53:29> el<53:30>
                                      n<> u<327> t<Expression> p<346> c<321> s<344> l<53:31> el<53:34>
                                        n<> u<321> t<Expression> p<327> c<320> s<326> l<53:31> el<53:32>
                                          n<> u<320> t<Primary> p<321> c<319> l<53:31> el<53:32>
                                            n<> u<319> t<Primary_literal> p<320> c<318> l<53:31> el<53:32>
                                              n<x> u<318> t<SIMPLE_IDENTIFIER> p<319> l<53:31> el<53:32>
                                        n<> u<326> t<DIV> p<327> s<325> l<53:32> el<53:33>
                                        n<> u<325> t<Expression> p<327> c<324> l<53:33> el<53:34>
                                          n<> u<324> t<Primary> p<325> c<323> l<53:33> el<53:34>
                                            n<> u<323> t<Primary_literal> p<324> c<322> l<53:33> el<53:34>
                                              n<y> u<322> t<SIMPLE_IDENTIFIER> p<323> l<53:33> el<53:34>
                                      n<> u<344> t<Expression> p<346> c<338> l<53:37> el<53:44>
                                        n<> u<338> t<Expression> p<344> c<337> s<343> l<53:37> el<53:42>
                                          n<> u<337> t<Expression> p<338> c<331> l<53:38> el<53:41>
                                            n<> u<331> t<Expression> p<337> c<330> s<336> l<53:38> el<53:39>
                                              n<> u<330> t<Primary> p<331> c<329> l<53:38> el<53:39>
                                                n<> u<329> t<Primary_literal> p<330> c<328> l<53:38> el<53:39>
                                                  n<x> u<328> t<SIMPLE_IDENTIFIER> p<329> l<53:38> el<53:39>
                                            n<> u<336> t<DIV> p<337> s<335> l<53:39> el<53:40>
                                            n<> u<335> t<Expression> p<337> c<334> l<53:40> el<53:41>
                                              n<> u<334> t<Primary> p<335> c<333> l<53:40> el<53:41>
                                                n<> u<333> t<Primary_literal> p<334> c<332> l<53:40> el<53:41>
                                                  n<y> u<332> t<SIMPLE_IDENTIFIER> p<333> l<53:40> el<53:41>
                                        n<> u<343> t<BinaryOp_Plus> p<344> s<342> l<53:42> el<53:43>
                                        n<> u<342> t<Expression> p<344> c<341> l<53:43> el<53:44>
                                          n<> u<341> t<Primary> p<342> c<340> l<53:43> el<53:44>
                                            n<> u<340> t<Primary_literal> p<341> c<339> l<53:43> el<53:44>
                                              n<1> u<339> t<INTEGRAL_NUMBER> p<340> l<53:43> el<53:44>
                                  n<> u<352> t<BinaryOp_Plus> p<353> s<351> l<53:46> el<53:47>
                                  n<> u<351> t<Expression> p<353> c<350> l<53:48> el<53:49>
                                    n<> u<350> t<Primary> p<351> c<349> l<53:48> el<53:49>
                                      n<> u<349> t<Primary_literal> p<350> c<348> l<53:48> el<53:49>
                                        n<1> u<348> t<INTEGRAL_NUMBER> p<349> l<53:48> el<53:49>
                      n<> u<359> t<ENDFUNCTION> p<360> l<54:4> el<54:15>
        n<> u<367> t<ENDMODULE> p<368> l<55:1> el<55:10>
AST_DEBUG_END
[INF:CP5804] $Source01/t_param_ceil.v:6:1: Compile module "t".
[INF:CP5804] $Source01/t_param_ceil.v:25:1: Compile module "Test".
[NTE:CP5810] $Source01/t_param_ceil.v:27:18: Implicit port type (wire) for "O_out".
[INF:CP5804] $Source01/t_param_ceil.v:40:1: Compile module "test".
[NTE:CP5810] $Source01/t_param_ceil.v:46:19: Implicit port type (wire) for "O_out".
[INF:CM5028] Using global timescale: "1ns/1ns".
====== HLDB =======
Design name:unnamed:
  vpiName: unnamed
  vpiSourceFile (1 items):
    SourceFile name:t_param_ceil.v file:$Source01/t_param_ceil.v:
      vpiParent: Design name:unnamed
      vpiName: t_param_ceil.v
      vpiPreprocFile: "$Output/lib/work/t_param_ceil.v"
  vpiAllModules (3 items):
    Module name:t file:$Source01/t_param_ceil.v start:6:1 end:23:10:
      vpiParent: Design name:unnamed
      vpiName Identifier name:t start:6:8 end:6:9:
      vpiFullName: t
      vpiTypespec (2 items):
        LogicTypespec:
          vpiParent: Module name:t
          vpiRange (1 items):
            Range start:10:9 end:10:15:
              vpiParent: LogicTypespec
              vpiLeftRange Constant start:10:10 end:10:12:
                vpiParent: Range
                vpiTypespec RefTypespec:
                  vpiParent: Constant
                  vpiFullName: t
                  vpiActual: IntTypespec
                vpiConstType: unsigned int (9)
                vpiSize: 64
                vpiDecompile: "31"
                vpiValue: 31
              vpiRightRange Constant start:10:13 end:10:14:
                vpiParent: Range
                vpiTypespec RefTypespec:
                  vpiParent: Constant
                  vpiFullName: t
                  vpiActual: IntTypespec
                vpiConstType: unsigned int (9)
                vpiSize: 64
                vpiDecompile: "0"
                vpiValue: 0
          vpiVector: true
        ModuleTypespec name:Test start:13:4 end:13:8:
          vpiParent: Module name:t
          vpiName Identifier name:Test start:13:4 end:13:8:
          vpiDefName: Test
          vpiModule: Module name:Test
      vpiDefName: t
      vpiDefNetType: wire (1)
      vpiLibrary RefObj name:work start:6:8 end:6:9:
        vpiParent: Module name:t
        vpiName: work
        vpiFullName: t.work
        vpiActual: Library name:work
      vpiCell: t
      vpiNet (1 items):
        Net name:O_out start:10:17 end:10:22:
          vpiParent: Module name:t
          vpiTypespec RefTypespec start:10:9 end:10:15:
            vpiParent: Net name:O_out
            vpiFullName: t.O_out
            vpiActual: LogicTypespec
          vpiName: O_out
          vpiFullName: t.O_out
          vpiNetDeclAssign: true
          vpiNetType: wire (1)
          vpiVector: true
      vpiProcess (1 items):
        Initial start:17:4 end:21:7:
          vpiParent: Module name:t
          vpiStmt Begin start:17:12 end:21:7:
            vpiParent: Initial
            vpiFullName: t
            vpiStmt (3 items):
              IfStmt start:18:7 end:18:33:
                vpiParent: Begin
                vpiCondition Operation start:18:11 end:18:25:
                  vpiParent: IfStmt
                  vpiOpType: not equal (15)
                  vpiOperand (2 items):
                    RefObj name:O_out start:18:11 end:18:16:
                      vpiParent: Operation
                      vpiName: O_out
                      vpiFullName: t.O_out
                      vpiActual: Net name:O_out
                    Constant start:18:20 end:18:25:
                      vpiParent: Operation
                      vpiTypespec RefTypespec:
                        vpiParent: Constant
                        vpiFullName: t
                        vpiActual: IntTypespec
                      vpiConstType: hexadecimal (5)
                      vpiSize: 32
                      vpiDecompile: "32'h4"
                      vpiValue: "4"
                vpiStmt SysTaskCall name:$stop start:18:27 end:18:32:
                  vpiParent: IfStmt
                  vpiName Identifier name:$stop start:18:27 end:18:32:
                  vpiIsProperty: true
              SysTaskCall name:$write start:19:7 end:19:39:
                vpiParent: Begin
                vpiName Identifier name:$write start:19:7 end:19:13:
                vpiArgument (1 items):
                  Constant start:19:14 end:19:38:
                    vpiParent: SysTaskCall name:$write
                    vpiTypespec RefTypespec:
                      vpiParent: Constant
                      vpiFullName: t
                      vpiActual: StringTypespec
                    vpiConstType: string (6)
                    vpiSize: 168
                    vpiDecompile: "\"*-* All Finished *-*\\n\""
                    vpiValue: "*-* All Finished *-*\\n"
              SysTaskCall name:$finish start:20:7 end:20:14:
                vpiParent: Begin
                vpiName Identifier name:$finish start:20:7 end:20:14:
                vpiIsProperty: true
      vpiRefInstance (1 items):
        RefInstance name:test start:13:9 end:13:13:
          vpiParent: Module name:t
          vpiName: test
          vpiTypespec RefTypespec name:Test start:13:4 end:13:8:
            vpiParent: RefInstance name:test
            vpiName: Test
            vpiFullName: t.test.Test
            vpiActual: ModuleTypespec name:Test
          vpiPort (1 items):
            Port start:15:8 end:15:30:
              vpiParent: RefInstance name:test
              vpiLowConn RefObj name:O_out start:15:9 end:15:14:
                vpiParent: Port
                vpiName: O_out
                vpiFullName: t.test.O_out
                vpiActual: Net name:O_out
              vpiHighConn PartSelect name:O_out[31:0] start:15:18 end:15:29:
                vpiParent: Port
                vpiName: O_out[31:0]
                vpiFullName: t.test.O_out[31:0]
                vpiPrefix RefObj name:O_out start:15:18 end:15:23:
                  vpiParent: PartSelect name:O_out[31:0]
                  vpiName: O_out
                  vpiFullName: t.test.O_out[31:0].O_out
                  vpiActual: Net name:O_out
                vpiRange Range start:15:24 end:15:28:
                  vpiParent: PartSelect name:O_out[31:0]
                  vpiLeftRange Constant start:15:24 end:15:26:
                    vpiParent: Range
                    vpiTypespec RefTypespec:
                      vpiParent: Constant
                      vpiFullName: t.test.O_out[31:0]
                      vpiActual: IntTypespec
                    vpiConstType: unsigned int (9)
                    vpiSize: 64
                    vpiDecompile: "31"
                    vpiValue: 31
                  vpiRightRange Constant start:15:27 end:15:28:
                    vpiParent: Range
                    vpiTypespec RefTypespec:
                      vpiParent: Constant
                      vpiFullName: t.test.O_out[31:0]
                      vpiActual: IntTypespec
                    vpiConstType: unsigned int (9)
                    vpiSize: 64
                    vpiDecompile: "0"
                    vpiValue: 0
    Module name:Test file:$Source01/t_param_ceil.v start:25:1 end:38:10:
      vpiParent: Design name:unnamed
      vpiName Identifier name:Test start:25:8 end:25:12:
      vpiFullName: Test
      vpiTypespec (2 items):
        LogicTypespec:
          vpiParent: Module name:Test
          vpiRange (1 items):
            Range start:27:11 end:27:17:
              vpiParent: LogicTypespec
              vpiLeftRange Constant start:27:12 end:27:14:
                vpiParent: Range
                vpiTypespec RefTypespec:
                  vpiParent: Constant
                  vpiFullName: Test
                  vpiActual: IntTypespec
                vpiConstType: unsigned int (9)
                vpiSize: 64
                vpiDecompile: "31"
                vpiValue: 31
              vpiRightRange Constant start:27:15 end:27:16:
                vpiParent: Range
                vpiTypespec RefTypespec:
                  vpiParent: Constant
                  vpiFullName: Test
                  vpiActual: IntTypespec
                vpiConstType: unsigned int (9)
                vpiSize: 64
                vpiDecompile: "0"
                vpiValue: 0
          vpiVector: true
        ModuleTypespec name:test start:30:4 end:30:8:
          vpiParent: Module name:Test
          vpiName Identifier name:test start:30:4 end:30:8:
          vpiDefName: test
          vpiParamAssign (2 items):
            ParamAssign start:32:8 end:32:16:
              vpiParent: ModuleTypespec name:test
              vpiConnByName: true
              vpiOverridden: true
              vpiLhs RefObj name:pFOO start:32:9 end:32:13:
                vpiParent: ParamAssign
                vpiName: pFOO
                vpiFullName: Test.test.pFOO
                vpiActual: Parameter name:pFOO
              vpiRhs Constant start:32:14 end:32:15:
                vpiParent: ParamAssign
                vpiTypespec RefTypespec:
                  vpiParent: Constant
                  vpiFullName: Test.test
                  vpiActual: IntTypespec
                vpiConstType: unsigned int (9)
                vpiSize: 64
                vpiDecompile: "5"
                vpiValue: 5
            ParamAssign start:33:8 end:33:16:
              vpiParent: ModuleTypespec name:test
              vpiConnByName: true
              vpiOverridden: true
              vpiLhs RefObj name:pBAR start:33:9 end:33:13:
                vpiParent: ParamAssign
                vpiName: pBAR
                vpiFullName: Test.test.pBAR
                vpiActual: Parameter name:pBAR
              vpiRhs Constant start:33:14 end:33:15:
                vpiParent: ParamAssign
                vpiTypespec RefTypespec:
                  vpiParent: Constant
                  vpiFullName: Test.test
                  vpiActual: IntTypespec
                vpiConstType: unsigned int (9)
                vpiSize: 64
                vpiDecompile: "2"
                vpiValue: 2
          vpiModule: Module name:test #(.pFOO(7), .pBAR(3), .pBAZ(ceiling(pFOO, pBAR)))
      vpiDefName: Test
      vpiDefNetType: wire (1)
      vpiLibrary RefObj name:work start:25:8 end:25:12:
        vpiParent: Module name:Test
        vpiName: work
        vpiFullName: Test.work
        vpiActual: Library name:work
      vpiCell: Test
      vpiNet (1 items):
        Net name:O_out start:27:18 end:27:23:
          vpiParent: Module name:Test
          vpiTypespec RefTypespec start:27:11 end:27:17:
            vpiParent: Net name:O_out
            vpiFullName: Test.O_out
            vpiActual: LogicTypespec
          vpiName: O_out
          vpiFullName: Test.O_out
          vpiNetType: wire (1)
          vpiVector: true
      vpiPort (1 items):
        Port name:O_out start:27:18 end:27:23:
          vpiParent: Module name:Test
          vpiName: O_out
          vpiDirection: output (2)
          vpiLowConn RefObj name:O_out start:27:18 end:27:23:
            vpiParent: Port name:O_out
            vpiName: O_out
            vpiFullName: Test.O_out.O_out
            vpiActual: Net name:O_out
          vpiTypespec RefTypespec start:27:11 end:27:17:
            vpiParent: Port name:O_out
            vpiFullName: Test.O_out
            vpiActual: LogicTypespec
      vpiRefInstance (1 items):
        RefInstance name:U_test start:34:10 end:34:16:
          vpiParent: Module name:Test
          vpiName: U_test
          vpiTypespec RefTypespec name:test start:30:4 end:30:8:
            vpiParent: RefInstance name:U_test
            vpiName: test
            vpiFullName: Test.U_test.test
            vpiActual: ModuleTypespec name:test
          vpiPort (1 items):
            Port start:36:2 end:36:15:
              vpiParent: RefInstance name:U_test
              vpiLowConn RefObj name:O_out start:36:3 end:36:8:
                vpiParent: Port
                vpiName: O_out
                vpiFullName: Test.U_test.O_out
                vpiActual: Net name:O_out
              vpiHighConn RefObj name:O_out start:36:9 end:36:14:
                vpiParent: Port
                vpiName: O_out
                vpiFullName: Test.U_test.O_out
                vpiActual: Net name:O_out
    Module name:test #(.pFOO(7), .pBAR(3), .pBAZ(ceiling(pFOO, pBAR))) file:$Source01/t_param_ceil.v start:40:1 end:55:10:
      vpiParent: Design name:unnamed
      vpiName Identifier name:test #(.pFOO(7), .pBAR(3), .pBAZ(ceiling(pFOO, pBAR))) start:40:8 end:40:12:
      vpiFullName: test #(.pFOO(7), .pBAR(3), .pBAZ(ceiling(pFOO, pBAR)))
      vpiParameter (3 items):
        Parameter name:pFOO start:41:15 end:41:19:
          vpiParent: Module name:test #(.pFOO(7), .pBAR(3), .pBAZ(ceiling(pFOO, pBAR)))
          vpiTypespec RefTypespec:
            vpiParent: Parameter name:pFOO
            vpiFullName: test #(.pFOO(7), .pBAR(3), .pBAZ(ceiling(pFOO, pBAR))).pFOO
            vpiActual: LogicTypespec
          vpiName: pFOO
          vpiFullName: test #(.pFOO(7), .pBAR(3), .pBAZ(ceiling(pFOO, pBAR))).pFOO
        Parameter name:pBAR start:42:15 end:42:19:
          vpiParent: Module name:test #(.pFOO(7), .pBAR(3), .pBAZ(ceiling(pFOO, pBAR)))
          vpiTypespec RefTypespec:
            vpiParent: Parameter name:pBAR
            vpiFullName: test #(.pFOO(7), .pBAR(3), .pBAZ(ceiling(pFOO, pBAR))).pBAR
            vpiActual: LogicTypespec
          vpiName: pBAR
          vpiFullName: test #(.pFOO(7), .pBAR(3), .pBAZ(ceiling(pFOO, pBAR))).pBAR
        Parameter name:pBAZ start:43:15 end:43:19:
          vpiParent: Module name:test #(.pFOO(7), .pBAR(3), .pBAZ(ceiling(pFOO, pBAR)))
          vpiTypespec RefTypespec:
            vpiParent: Parameter name:pBAZ
            vpiFullName: test #(.pFOO(7), .pBAR(3), .pBAZ(ceiling(pFOO, pBAR))).pBAZ
            vpiActual: LogicTypespec
          vpiName: pBAZ
          vpiFullName: test #(.pFOO(7), .pBAR(3), .pBAZ(ceiling(pFOO, pBAR))).pBAZ
      vpiParamAssign (3 items):
        ParamAssign start:41:15 end:41:23:
          vpiParent: Module name:test #(.pFOO(7), .pBAR(3), .pBAZ(ceiling(pFOO, pBAR)))
          vpiLhs RefObj name:pFOO start:41:15 end:41:19:
            vpiParent: ParamAssign
            vpiName: pFOO
            vpiFullName: test #(.pFOO(7), .pBAR(3), .pBAZ(ceiling(pFOO, pBAR))).pFOO
            vpiActual: Parameter name:pFOO
          vpiRhs Constant start:41:22 end:41:23:
            vpiParent: ParamAssign
            vpiTypespec RefTypespec:
              vpiParent: Constant
              vpiFullName: test #(.pFOO(7), .pBAR(3), .pBAZ(ceiling(pFOO, pBAR)))
              vpiActual: IntTypespec
            vpiConstType: unsigned int (9)
            vpiSize: 64
            vpiDecompile: "7"
            vpiValue: 7
        ParamAssign start:42:15 end:42:23:
          vpiParent: Module name:test #(.pFOO(7), .pBAR(3), .pBAZ(ceiling(pFOO, pBAR)))
          vpiLhs RefObj name:pBAR start:42:15 end:42:19:
            vpiParent: ParamAssign
            vpiName: pBAR
            vpiFullName: test #(.pFOO(7), .pBAR(3), .pBAZ(ceiling(pFOO, pBAR))).pBAR
            vpiActual: Parameter name:pBAR
          vpiRhs Constant start:42:22 end:42:23:
            vpiParent: ParamAssign
            vpiTypespec RefTypespec:
              vpiParent: Constant
              vpiFullName: test #(.pFOO(7), .pBAR(3), .pBAZ(ceiling(pFOO, pBAR)))
              vpiActual: IntTypespec
            vpiConstType: unsigned int (9)
            vpiSize: 64
            vpiDecompile: "3"
            vpiValue: 3
        ParamAssign start:43:15 end:43:41:
          vpiParent: Module name:test #(.pFOO(7), .pBAR(3), .pBAZ(ceiling(pFOO, pBAR)))
          vpiLhs RefObj name:pBAZ start:43:15 end:43:19:
            vpiParent: ParamAssign
            vpiName: pBAZ
            vpiFullName: test #(.pFOO(7), .pBAR(3), .pBAZ(ceiling(pFOO, pBAR))).pBAZ
            vpiActual: Parameter name:pBAZ
          vpiRhs MethodFuncCall name:ceiling start:43:22 end:43:41:
            vpiParent: ParamAssign
            vpiName Identifier name:ceiling start:43:22 end:43:29:
            vpiTaskFunc: Function name:ceiling
            vpiArgument (2 items):
              RefObj name:pFOO start:43:30 end:43:34:
                vpiParent: MethodFuncCall name:ceiling
                vpiName: pFOO
                vpiFullName: test #(.pFOO(7), .pBAR(3), .pBAZ(ceiling(pFOO, pBAR))).pFOO
                vpiActual: Parameter name:pFOO
              RefObj name:pBAR start:43:36 end:43:40:
                vpiParent: MethodFuncCall name:ceiling
                vpiName: pBAR
                vpiFullName: test #(.pFOO(7), .pBAR(3), .pBAZ(ceiling(pFOO, pBAR))).pBAR
                vpiActual: Parameter name:pBAR
      vpiTypespec (2 items):
        LogicTypespec:
          vpiParent: Module name:test #(.pFOO(7), .pBAR(3), .pBAZ(ceiling(pFOO, pBAR)))
        LogicTypespec:
          vpiParent: Module name:test #(.pFOO(7), .pBAR(3), .pBAZ(ceiling(pFOO, pBAR)))
          vpiRange (1 items):
            Range start:46:12 end:46:18:
              vpiParent: LogicTypespec
              vpiLeftRange Constant start:46:13 end:46:15:
                vpiParent: Range
                vpiTypespec RefTypespec:
                  vpiParent: Constant
                  vpiFullName: test #(.pFOO(7), .pBAR(3), .pBAZ(ceiling(pFOO, pBAR)))
                  vpiActual: IntTypespec
                vpiConstType: unsigned int (9)
                vpiSize: 64
                vpiDecompile: "31"
                vpiValue: 31
              vpiRightRange Constant start:46:16 end:46:17:
                vpiParent: Range
                vpiTypespec RefTypespec:
                  vpiParent: Constant
                  vpiFullName: test #(.pFOO(7), .pBAR(3), .pBAZ(ceiling(pFOO, pBAR)))
                  vpiActual: IntTypespec
                vpiConstType: unsigned int (9)
                vpiSize: 64
                vpiDecompile: "0"
                vpiValue: 0
          vpiVector: true
      vpiDefName: test
      vpiDefNetType: wire (1)
      vpiLibrary RefObj name:work start:40:8 end:40:12:
        vpiParent: Module name:test #(.pFOO(7), .pBAR(3), .pBAZ(ceiling(pFOO, pBAR)))
        vpiName: work
        vpiFullName: test #(.pFOO(7), .pBAR(3), .pBAZ(ceiling(pFOO, pBAR))).work
        vpiActual: Library name:work
      vpiCell: test
      vpiTaskFunc (1 items):
        Function name:ceiling start:51:4 end:54:15:
          vpiParent: Module name:test #(.pFOO(7), .pBAR(3), .pBAZ(ceiling(pFOO, pBAR)))
          vpiName Identifier name:ceiling start:51:21 end:51:28:
          vpiFullName: test #(.pFOO(7), .pBAR(3), .pBAZ(ceiling(pFOO, pBAR))).ceiling
          vpiVariable (2 items):
            Variable name:x start:52:20 end:52:21:
              vpiParent: Function name:ceiling
              vpiTypespec RefTypespec start:52:13 end:52:19:
                vpiParent: Variable name:x
                vpiFullName: test #(.pFOO(7), .pBAR(3), .pBAZ(ceiling(pFOO, pBAR))).ceiling.x
                vpiActual: LogicTypespec
              vpiName: x
              vpiFullName: test #(.pFOO(7), .pBAR(3), .pBAZ(ceiling(pFOO, pBAR))).ceiling.x
            Variable name:y start:52:23 end:52:24:
              vpiParent: Function name:ceiling
              vpiTypespec RefTypespec start:52:13 end:52:19:
                vpiParent: Variable name:y
                vpiFullName: test #(.pFOO(7), .pBAR(3), .pBAZ(ceiling(pFOO, pBAR))).ceiling.y
                vpiActual: LogicTypespec
              vpiName: y
              vpiFullName: test #(.pFOO(7), .pBAR(3), .pBAZ(ceiling(pFOO, pBAR))).ceiling.y
          vpiVisibility: public (1)
          vpiIODecl (2 items):
            IODecl name:x start:52:20 end:52:21:
              vpiParent: Function name:ceiling
              vpiName: x
              vpiTypespec RefTypespec start:52:13 end:52:19:
                vpiParent: IODecl name:x
                vpiFullName: test #(.pFOO(7), .pBAR(3), .pBAZ(ceiling(pFOO, pBAR))).ceiling.x
                vpiActual: LogicTypespec
            IODecl name:y start:52:23 end:52:24:
              vpiParent: Function name:ceiling
              vpiName: y
              vpiTypespec RefTypespec start:52:13 end:52:19:
                vpiParent: IODecl name:y
                vpiFullName: test #(.pFOO(7), .pBAR(3), .pBAZ(ceiling(pFOO, pBAR))).ceiling.y
                vpiActual: LogicTypespec
          vpiStmt Begin:
            vpiParent: Function name:ceiling
            vpiFullName: test #(.pFOO(7), .pBAR(3), .pBAZ(ceiling(pFOO, pBAR))).ceiling
            vpiTypespec (2 items):
              IntegerTypespec:
                vpiParent: Begin
                vpiSigned: true
              LogicTypespec:
                vpiParent: Begin
                vpiRange (1 items):
                  Range start:52:13 end:52:19:
                    vpiParent: LogicTypespec
                    vpiLeftRange Constant start:52:14 end:52:16:
                      vpiParent: Range
                      vpiTypespec RefTypespec:
                        vpiParent: Constant
                        vpiFullName: test #(.pFOO(7), .pBAR(3), .pBAZ(ceiling(pFOO, pBAR))).ceiling
                        vpiActual: IntTypespec
                      vpiConstType: unsigned int (9)
                      vpiSize: 64
                      vpiDecompile: "31"
                      vpiValue: 31
                    vpiRightRange Constant start:52:17 end:52:18:
                      vpiParent: Range
                      vpiTypespec RefTypespec:
                        vpiParent: Constant
                        vpiFullName: test #(.pFOO(7), .pBAR(3), .pBAZ(ceiling(pFOO, pBAR))).ceiling
                        vpiActual: IntTypespec
                      vpiConstType: unsigned int (9)
                      vpiSize: 64
                      vpiDecompile: "0"
                      vpiValue: 0
                vpiVector: true
            vpiStmt (1 items):
              Assignment start:53:7 end:53:49:
                vpiParent: Begin
                vpiBlocking: true
                vpiLhs RefObj name:ceiling start:53:7 end:53:14:
                  vpiParent: Assignment
                  vpiName: ceiling
                  vpiFullName: test #(.pFOO(7), .pBAR(3), .pBAZ(ceiling(pFOO, pBAR))).ceiling.ceiling
                  vpiActual: Function name:ceiling
                vpiRhs Operation start:53:17 end:53:49:
                  vpiParent: Assignment
                  vpiOpType: add (24)
                  vpiOperand (2 items):
                    Operation start:53:18 end:53:44:
                      vpiParent: Operation
                      vpiOpType: condition (32)
                      vpiOperand (3 items):
                        Operation start:53:19 end:53:27:
                          vpiParent: Operation
                          vpiOpType: equal (14)
                          vpiOperand (2 items):
                            Operation start:53:19 end:53:22:
                              vpiParent: Operation
                              vpiOpType: modulus (13)
                              vpiOperand (2 items):
                                RefObj name:x start:53:19 end:53:20:
                                  vpiParent: Operation
                                  vpiName: x
                                  vpiFullName: test #(.pFOO(7), .pBAR(3), .pBAZ(ceiling(pFOO, pBAR))).ceiling.x
                                  vpiActual: IODecl name:x
                                RefObj name:y start:53:21 end:53:22:
                                  vpiParent: Operation
                                  vpiName: y
                                  vpiFullName: test #(.pFOO(7), .pBAR(3), .pBAZ(ceiling(pFOO, pBAR))).ceiling.y
                                  vpiActual: IODecl name:y
                            Constant start:53:26 end:53:27:
                              vpiParent: Operation
                              vpiTypespec RefTypespec:
                                vpiParent: Constant
                                vpiFullName: test #(.pFOO(7), .pBAR(3), .pBAZ(ceiling(pFOO, pBAR))).ceiling
                                vpiActual: IntTypespec
                              vpiConstType: unsigned int (9)
                              vpiSize: 64
                              vpiDecompile: "0"
                              vpiValue: 0
                        Operation start:53:31 end:53:34:
                          vpiParent: Operation
                          vpiOpType: divide (12)
                          vpiOperand (2 items):
                            RefObj name:x start:53:31 end:53:32:
                              vpiParent: Operation
                              vpiName: x
                              vpiFullName: test #(.pFOO(7), .pBAR(3), .pBAZ(ceiling(pFOO, pBAR))).ceiling.x
                              vpiActual: IODecl name:x
                            RefObj name:y start:53:33 end:53:34:
                              vpiParent: Operation
                              vpiName: y
                              vpiFullName: test #(.pFOO(7), .pBAR(3), .pBAZ(ceiling(pFOO, pBAR))).ceiling.y
                              vpiActual: IODecl name:y
                        Operation start:53:37 end:53:44:
                          vpiParent: Operation
                          vpiOpType: add (24)
                          vpiOperand (2 items):
                            Operation start:53:38 end:53:41:
                              vpiParent: Operation
                              vpiOpType: divide (12)
                              vpiOperand (2 items):
                                RefObj name:x start:53:38 end:53:39:
                                  vpiParent: Operation
                                  vpiName: x
                                  vpiFullName: test #(.pFOO(7), .pBAR(3), .pBAZ(ceiling(pFOO, pBAR))).ceiling.x
                                  vpiActual: IODecl name:x
                                RefObj name:y start:53:40 end:53:41:
                                  vpiParent: Operation
                                  vpiName: y
                                  vpiFullName: test #(.pFOO(7), .pBAR(3), .pBAZ(ceiling(pFOO, pBAR))).ceiling.y
                                  vpiActual: IODecl name:y
                            Constant start:53:43 end:53:44:
                              vpiParent: Operation
                              vpiTypespec RefTypespec:
                                vpiParent: Constant
                                vpiFullName: test #(.pFOO(7), .pBAR(3), .pBAZ(ceiling(pFOO, pBAR))).ceiling
                                vpiActual: IntTypespec
                              vpiConstType: unsigned int (9)
                              vpiSize: 64
                              vpiDecompile: "1"
                              vpiValue: 1
                    Constant start:53:48 end:53:49:
                      vpiParent: Operation
                      vpiTypespec RefTypespec:
                        vpiParent: Constant
                        vpiFullName: test #(.pFOO(7), .pBAR(3), .pBAZ(ceiling(pFOO, pBAR))).ceiling
                        vpiActual: IntTypespec
                      vpiConstType: unsigned int (9)
                      vpiSize: 64
                      vpiDecompile: "1"
                      vpiValue: 1
          vpiReturn RefTypespec start:51:13 end:51:20:
            vpiParent: Function name:ceiling
            vpiFullName: test #(.pFOO(7), .pBAR(3), .pBAZ(ceiling(pFOO, pBAR))).ceiling
            vpiActual: IntegerTypespec
      vpiNet (1 items):
        Net name:O_out start:46:19 end:46:24:
          vpiParent: Module name:test #(.pFOO(7), .pBAR(3), .pBAZ(ceiling(pFOO, pBAR)))
          vpiTypespec RefTypespec start:46:12 end:46:18:
            vpiParent: Net name:O_out
            vpiFullName: test #(.pFOO(7), .pBAR(3), .pBAZ(ceiling(pFOO, pBAR))).O_out
            vpiActual: LogicTypespec
          vpiName: O_out
          vpiFullName: test #(.pFOO(7), .pBAR(3), .pBAZ(ceiling(pFOO, pBAR))).O_out
          vpiNetType: wire (1)
          vpiVector: true
      vpiPort (1 items):
        Port name:O_out start:46:19 end:46:24:
          vpiParent: Module name:test #(.pFOO(7), .pBAR(3), .pBAZ(ceiling(pFOO, pBAR)))
          vpiName: O_out
          vpiDirection: output (2)
          vpiLowConn RefObj name:O_out start:46:19 end:46:24:
            vpiParent: Port name:O_out
            vpiName: O_out
            vpiFullName: test #(.pFOO(7), .pBAR(3), .pBAZ(ceiling(pFOO, pBAR))).O_out.O_out
            vpiActual: Net name:O_out
          vpiTypespec RefTypespec start:46:12 end:46:18:
            vpiParent: Port name:O_out
            vpiFullName: test #(.pFOO(7), .pBAR(3), .pBAZ(ceiling(pFOO, pBAR))).O_out
            vpiActual: LogicTypespec
      vpiContAssign (1 items):
        ContAssign start:49:11 end:49:23:
          vpiParent: Module name:test #(.pFOO(7), .pBAR(3), .pBAZ(ceiling(pFOO, pBAR)))
          vpiLhs RefObj name:O_out start:49:11 end:49:16:
            vpiParent: ContAssign
            vpiName: O_out
            vpiFullName: test #(.pFOO(7), .pBAR(3), .pBAZ(ceiling(pFOO, pBAR))).O_out
            vpiActual: Net name:O_out
          vpiRhs RefObj name:pBAZ start:49:19 end:49:23:
            vpiParent: ContAssign
            vpiName: pBAZ
            vpiFullName: test #(.pFOO(7), .pBAR(3), .pBAZ(ceiling(pFOO, pBAR))).pBAZ
            vpiActual: Parameter name:pBAZ
  vpiTypespec (6 items):
    ModuleTypespec name:t:
      vpiParent: Design name:unnamed
      vpiName Identifier name:t start:6:8 end:6:9:
      vpiDefName: t
      vpiModule: Module name:t
    IntTypespec:
      vpiParent: Design name:unnamed
      vpiSigned: true
    IntTypespec:
      vpiParent: Design name:unnamed
    StringTypespec:
      vpiParent: Design name:unnamed
    ModuleTypespec name:Test:
      vpiParent: Design name:unnamed
      vpiName Identifier name:Test start:25:8 end:25:12:
      vpiDefName: Test
      vpiModule: Module name:Test
    ModuleTypespec name:test:
      vpiParent: Design name:unnamed
      vpiName Identifier name:test start:40:8 end:40:12:
      vpiDefName: test
      vpiModule: Module name:test #(.pFOO(7), .pBAR(3), .pBAZ(ceiling(pFOO, pBAR)))
  vpiLibrary (1 items):
    Library name:work:
      vpiParent: Design name:unnamed
      vpiName: work
===================
[  FATAL] : 0
[ SYNTAX] : 0
[  ERROR] : 0
[WARNING] : 0
[   NOTE] : 2
********************************************************************************
*                    End HLC SystemVerilog Compiler/Linter                     *
********************************************************************************

#**#**#**#**#**#**#**#**#**#**#**#**#**#**#**#**#**#**#**#**#**#**#**#**#**#**#**#**#**#**#**#**#**#**#**#**#**#**#**#**

Environment:
      test-name: Verilator/t_param_ceil
   test-dirpath: ${HLC_DIR}/regression/Verilator/t_param_ceil
  hldb-filepath: ${HLC_DIR}/regression/Verilator/t_param_ceil/design.hldb
mounts-filepath: ${HLC_DIR}/regression/Verilator/t_param_ceil/mounts.json


{'result': {'coverage': 100.0,
            'error_count': 0,
            'file_count': 1,
            'files': {'$Output/lib/work/t_param_ceil.v': {'post_len': 0,
                                                          'pre_len': 494}},
            'post_len': 0,
            'pre_len': 494,
            'test_name': 'Verilator/t_param_ceil'}}

+---------------------------------+----------+-----------+
| INPUT                           |   PRELEN |   POSTLEN |
+=================================+==========+===========+
| $Output/lib/work/t_param_ceil.v |      494 |         0 |
+=================================+==========+===========+
|                                 |      494 |         0 |
+---------------------------------+----------+-----------+

[   ERROR] : 0
[COVERAGE] : 100.0


#**#**#**#**#**#**#**#**#**#**#**#**#**#**#**#**#**#**#**#**#**#**#**#**#**#**#**#**#**#**#**#**#**#**#**#**#**#**#**#**

COMMAND: ${HLC_DIR}/regression/Verilator/t_param_ceil/design.hldb ${HLC_DIR}/regression/Verilator/t_param_ceil/reduced.hldb

==================== BEGIN REDUCTION RESULT ====================
Name                            Before   After   Added   Removed
----------------------------------------------------------------
----------------------------------------------------------------
Others                             158     158       0         0
----------------------------------------------------------------
                                   158     158       0         0
===================== END REDUCTION RESULT =====================
