********************************************
*  SURELOG SystemVerilog  Compiler/Linter  *
********************************************
Copyright (c) 2017-2023 Alain Dargelas,
http://www.apache.org/licenses/LICENSE-2.0
VERSION: 1.84
COMMAND: -wd ../../../../tests/Yosys +incdir+. -parse -nobuiltin -timescale=1ns/1ns -d ast -d uhdm lut/map_cmp.v -mt 0 -mp 0 -d uhdmstats -d cache -d uhdm -nostdout -o ${SURELOG_DIR}/regression/Yosys/lut/map_cmp.v
[INF:CM0023] Creating log file "$Output/hlc.log".
[INF:PP0122] Preprocessing source file "$Source01/lut/map_cmp.v".
[INF:PA0201] Parsing source file "$Source01/lut/map_cmp.v".
AST_DEBUG_BEGIN
Count: 771
LIB: work
FILE: f<13>:$Source01/lut/map_cmp.v
n<$Source01/lut/map_cmp.v> u<770> t<Top_level_rule> c<1> l<1:1> el<31:1>
  n<> u<1> t<Null_rule> p<770> s<769> l<1:1>
  n<> u<769> t<Source_text> p<770> c<768> l<1:1> el<30:10>
    n<> u<768> t<Description> p<769> c<767> l<1:1> el<30:10>
      n<> u<767> t<Module_declaration> p<768> c<6> l<1:1> el<30:10>
        n<> u<6> t<Module_nonansi_header> p<767> c<2> s<23> l<1:1> el<1:14>
          n<module> u<2> t<Module_keyword> p<6> s<3> l<1:1> el<1:7>
          n<top> u<3> t<SIMPLE_IDENTIFIER> p<6> s<4> l<1:8> el<1:11>
          n<> u<4> t<Package_import_declaration_list> p<6> s<5> l<1:11> el<1:11>
          n<> u<5> t<Port_list> p<6> l<1:11> el<1:13>
        n<> u<23> t<Module_item> p<767> c<22> s<24> l<2:2> el<2:26>
          n<> u<22> t<Non_port_module_item> p<23> c<21> l<2:2> el<2:26>
            n<> u<21> t<Module_or_generate_item> p<22> c<20> l<2:2> el<2:26>
              n<> u<20> t<Module_common_item> p<21> c<19> l<2:2> el<2:26>
                n<> u<19> t<Module_or_generate_item_declaration> p<20> c<18> l<2:2> el<2:26>
                  n<> u<18> t<Package_or_generate_item_declaration> p<19> c<17> l<2:2> el<2:26>
                    n<> u<17> t<Parameter_declaration> p<18> c<7> l<2:2> el<2:25>
                      n<> u<7> t<Data_type_or_implicit> p<17> s<16> l<2:12> el<2:12>
                      n<> u<16> t<Param_assignment_list> p<17> c<15> l<2:12> el<2:25>
                        n<> u<15> t<Param_assignment> p<16> c<8> l<2:12> el<2:25>
                          n<LUT_WIDTH> u<8> t<SIMPLE_IDENTIFIER> p<15> s<14> l<2:12> el<2:21>
                          n<> u<14> t<Constant_param_expression> p<15> c<13> l<2:24> el<2:25>
                            n<> u<13> t<Constant_mintypmax_expression> p<14> c<12> l<2:24> el<2:25>
                              n<> u<12> t<Constant_expression> p<13> c<11> l<2:24> el<2:25>
                                n<> u<11> t<Constant_primary> p<12> c<10> l<2:24> el<2:25>
                                  n<> u<10> t<Primary_literal> p<11> c<9> l<2:24> el<2:25>
                                    n<4> u<9> t<INTEGRAL_NUMBER> p<10> l<2:24> el<2:25>
        n<// Multiples of 2 only> u<24> t<LINE_COMMENT> p<767> s<47> l<2:27> el<2:49>
        n<> u<47> t<Module_item> p<767> c<46> s<79> l<3:2> el<3:26>
          n<> u<46> t<Port_declaration> p<47> c<45> l<3:2> el<3:25>
            n<> u<45> t<Input_declaration> p<46> c<42> l<3:2> el<3:25>
              n<> u<42> t<Net_port_type> p<45> c<41> s<44> l<3:8> el<3:23>
                n<> u<41> t<Data_type_or_implicit> p<42> c<40> l<3:8> el<3:23>
                  n<> u<40> t<Packed_dimension> p<41> c<39> l<3:8> el<3:23>
                    n<> u<39> t<Constant_range> p<40> c<34> l<3:9> el<3:22>
                      n<> u<34> t<Constant_expression> p<39> c<28> s<38> l<3:9> el<3:20>
                        n<> u<28> t<Constant_expression> p<34> c<27> s<33> l<3:9> el<3:18>
                          n<> u<27> t<Constant_primary> p<28> c<26> l<3:9> el<3:18>
                            n<> u<26> t<Primary_literal> p<27> c<25> l<3:9> el<3:18>
                              n<LUT_WIDTH> u<25> t<SIMPLE_IDENTIFIER> p<26> l<3:9> el<3:18>
                        n<> u<33> t<BinaryOp_Minus> p<34> s<32> l<3:18> el<3:19>
                        n<> u<32> t<Constant_expression> p<34> c<31> l<3:19> el<3:20>
                          n<> u<31> t<Constant_primary> p<32> c<30> l<3:19> el<3:20>
                            n<> u<30> t<Primary_literal> p<31> c<29> l<3:19> el<3:20>
                              n<1> u<29> t<INTEGRAL_NUMBER> p<30> l<3:19> el<3:20>
                      n<> u<38> t<Constant_expression> p<39> c<37> l<3:21> el<3:22>
                        n<> u<37> t<Constant_primary> p<38> c<36> l<3:21> el<3:22>
                          n<> u<36> t<Primary_literal> p<37> c<35> l<3:21> el<3:22>
                            n<0> u<35> t<INTEGRAL_NUMBER> p<36> l<3:21> el<3:22>
              n<> u<44> t<Port_identifier_list> p<45> c<43> l<3:24> el<3:25>
                n<a> u<43> t<SIMPLE_IDENTIFIER> p<44> l<3:24> el<3:25>
        n<> u<79> t<Module_item> p<767> c<78> s<111> l<5:2> el<5:44>
          n<> u<78> t<Port_declaration> p<79> c<77> l<5:2> el<5:43>
            n<> u<77> t<Output_declaration> p<78> c<76> l<5:2> el<5:43>
              n<> u<76> t<Variable_port_identifier_list> p<77> c<48> l<5:9> el<5:43>
                n<o1_1> u<48> t<SIMPLE_IDENTIFIER> p<76> s<75> l<5:9> el<5:13>
                n<> u<75> t<Constant_expression> p<76> c<69> l<5:16> el<5:43>
                  n<> u<69> t<Constant_expression> p<75> c<68> s<74> l<5:16> el<5:38>
                    n<> u<68> t<Constant_primary> p<69> c<67> l<5:16> el<5:38>
                      n<> u<67> t<Constant_multiple_concatenation> p<68> c<61> l<5:16> el<5:38>
                        n<> u<61> t<Constant_expression> p<67> c<60> s<66> l<5:17> el<5:30>
                          n<> u<60> t<Constant_primary> p<61> c<59> l<5:17> el<5:30>
                            n<> u<59> t<Constant_mintypmax_expression> p<60> c<58> l<5:18> el<5:29>
                              n<> u<58> t<Constant_expression> p<59> c<52> l<5:18> el<5:29>
                                n<> u<52> t<Constant_expression> p<58> c<51> s<57> l<5:18> el<5:27>
                                  n<> u<51> t<Constant_primary> p<52> c<50> l<5:18> el<5:27>
                                    n<> u<50> t<Primary_literal> p<51> c<49> l<5:18> el<5:27>
                                      n<LUT_WIDTH> u<49> t<SIMPLE_IDENTIFIER> p<50> l<5:18> el<5:27>
                                n<> u<57> t<DIV> p<58> s<56> l<5:27> el<5:28>
                                n<> u<56> t<Constant_expression> p<58> c<55> l<5:28> el<5:29>
                                  n<> u<55> t<Constant_primary> p<56> c<54> l<5:28> el<5:29>
                                    n<> u<54> t<Primary_literal> p<55> c<53> l<5:28> el<5:29>
                                      n<2> u<53> t<INTEGRAL_NUMBER> p<54> l<5:28> el<5:29>
                        n<> u<66> t<Constant_concatenation> p<67> c<65> l<5:30> el<5:37>
                          n<> u<65> t<Constant_expression> p<66> c<64> l<5:31> el<5:36>
                            n<> u<64> t<Constant_primary> p<65> c<63> l<5:31> el<5:36>
                              n<> u<63> t<Primary_literal> p<64> c<62> l<5:31> el<5:36>
                                n<2'b10> u<62> t<INTEGRAL_NUMBER> p<63> l<5:31> el<5:36>
                  n<> u<74> t<LESS_EQUAL> p<75> s<73> l<5:39> el<5:41>
                  n<> u<73> t<Constant_expression> p<75> c<72> l<5:42> el<5:43>
                    n<> u<72> t<Constant_primary> p<73> c<71> l<5:42> el<5:43>
                      n<> u<71> t<Primary_literal> p<72> c<70> l<5:42> el<5:43>
                        n<a> u<70> t<SIMPLE_IDENTIFIER> p<71> l<5:42> el<5:43>
        n<> u<111> t<Module_item> p<767> c<110> s<143> l<6:2> el<6:44>
          n<> u<110> t<Port_declaration> p<111> c<109> l<6:2> el<6:43>
            n<> u<109> t<Output_declaration> p<110> c<108> l<6:2> el<6:43>
              n<> u<108> t<Variable_port_identifier_list> p<109> c<80> l<6:9> el<6:43>
                n<o1_2> u<80> t<SIMPLE_IDENTIFIER> p<108> s<107> l<6:9> el<6:13>
                n<> u<107> t<Constant_expression> p<108> c<101> l<6:16> el<6:43>
                  n<> u<101> t<Constant_expression> p<107> c<100> s<106> l<6:16> el<6:38>
                    n<> u<100> t<Constant_primary> p<101> c<99> l<6:16> el<6:38>
                      n<> u<99> t<Constant_multiple_concatenation> p<100> c<93> l<6:16> el<6:38>
                        n<> u<93> t<Constant_expression> p<99> c<92> s<98> l<6:17> el<6:30>
                          n<> u<92> t<Constant_primary> p<93> c<91> l<6:17> el<6:30>
                            n<> u<91> t<Constant_mintypmax_expression> p<92> c<90> l<6:18> el<6:29>
                              n<> u<90> t<Constant_expression> p<91> c<84> l<6:18> el<6:29>
                                n<> u<84> t<Constant_expression> p<90> c<83> s<89> l<6:18> el<6:27>
                                  n<> u<83> t<Constant_primary> p<84> c<82> l<6:18> el<6:27>
                                    n<> u<82> t<Primary_literal> p<83> c<81> l<6:18> el<6:27>
                                      n<LUT_WIDTH> u<81> t<SIMPLE_IDENTIFIER> p<82> l<6:18> el<6:27>
                                n<> u<89> t<DIV> p<90> s<88> l<6:27> el<6:28>
                                n<> u<88> t<Constant_expression> p<90> c<87> l<6:28> el<6:29>
                                  n<> u<87> t<Constant_primary> p<88> c<86> l<6:28> el<6:29>
                                    n<> u<86> t<Primary_literal> p<87> c<85> l<6:28> el<6:29>
                                      n<2> u<85> t<INTEGRAL_NUMBER> p<86> l<6:28> el<6:29>
                        n<> u<98> t<Constant_concatenation> p<99> c<97> l<6:30> el<6:37>
                          n<> u<97> t<Constant_expression> p<98> c<96> l<6:31> el<6:36>
                            n<> u<96> t<Constant_primary> p<97> c<95> l<6:31> el<6:36>
                              n<> u<95> t<Primary_literal> p<96> c<94> l<6:31> el<6:36>
                                n<2'b10> u<94> t<INTEGRAL_NUMBER> p<95> l<6:31> el<6:36>
                  n<> u<106> t<LESS> p<107> s<105> l<6:39> el<6:40>
                  n<> u<105> t<Constant_expression> p<107> c<104> l<6:42> el<6:43>
                    n<> u<104> t<Constant_primary> p<105> c<103> l<6:42> el<6:43>
                      n<> u<103> t<Primary_literal> p<104> c<102> l<6:42> el<6:43>
                        n<a> u<102> t<SIMPLE_IDENTIFIER> p<103> l<6:42> el<6:43>
        n<> u<143> t<Module_item> p<767> c<142> s<175> l<7:2> el<7:44>
          n<> u<142> t<Port_declaration> p<143> c<141> l<7:2> el<7:43>
            n<> u<141> t<Output_declaration> p<142> c<140> l<7:2> el<7:43>
              n<> u<140> t<Variable_port_identifier_list> p<141> c<112> l<7:9> el<7:43>
                n<o1_3> u<112> t<SIMPLE_IDENTIFIER> p<140> s<139> l<7:9> el<7:13>
                n<> u<139> t<Constant_expression> p<140> c<133> l<7:16> el<7:43>
                  n<> u<133> t<Constant_expression> p<139> c<132> s<138> l<7:16> el<7:38>
                    n<> u<132> t<Constant_primary> p<133> c<131> l<7:16> el<7:38>
                      n<> u<131> t<Constant_multiple_concatenation> p<132> c<125> l<7:16> el<7:38>
                        n<> u<125> t<Constant_expression> p<131> c<124> s<130> l<7:17> el<7:30>
                          n<> u<124> t<Constant_primary> p<125> c<123> l<7:17> el<7:30>
                            n<> u<123> t<Constant_mintypmax_expression> p<124> c<122> l<7:18> el<7:29>
                              n<> u<122> t<Constant_expression> p<123> c<116> l<7:18> el<7:29>
                                n<> u<116> t<Constant_expression> p<122> c<115> s<121> l<7:18> el<7:27>
                                  n<> u<115> t<Constant_primary> p<116> c<114> l<7:18> el<7:27>
                                    n<> u<114> t<Primary_literal> p<115> c<113> l<7:18> el<7:27>
                                      n<LUT_WIDTH> u<113> t<SIMPLE_IDENTIFIER> p<114> l<7:18> el<7:27>
                                n<> u<121> t<DIV> p<122> s<120> l<7:27> el<7:28>
                                n<> u<120> t<Constant_expression> p<122> c<119> l<7:28> el<7:29>
                                  n<> u<119> t<Constant_primary> p<120> c<118> l<7:28> el<7:29>
                                    n<> u<118> t<Primary_literal> p<119> c<117> l<7:28> el<7:29>
                                      n<2> u<117> t<INTEGRAL_NUMBER> p<118> l<7:28> el<7:29>
                        n<> u<130> t<Constant_concatenation> p<131> c<129> l<7:30> el<7:37>
                          n<> u<129> t<Constant_expression> p<130> c<128> l<7:31> el<7:36>
                            n<> u<128> t<Constant_primary> p<129> c<127> l<7:31> el<7:36>
                              n<> u<127> t<Primary_literal> p<128> c<126> l<7:31> el<7:36>
                                n<2'b10> u<126> t<INTEGRAL_NUMBER> p<127> l<7:31> el<7:36>
                  n<> u<138> t<GREATER_EQUAL> p<139> s<137> l<7:39> el<7:41>
                  n<> u<137> t<Constant_expression> p<139> c<136> l<7:42> el<7:43>
                    n<> u<136> t<Constant_primary> p<137> c<135> l<7:42> el<7:43>
                      n<> u<135> t<Primary_literal> p<136> c<134> l<7:42> el<7:43>
                        n<a> u<134> t<SIMPLE_IDENTIFIER> p<135> l<7:42> el<7:43>
        n<> u<175> t<Module_item> p<767> c<174> s<207> l<8:2> el<8:44>
          n<> u<174> t<Port_declaration> p<175> c<173> l<8:2> el<8:43>
            n<> u<173> t<Output_declaration> p<174> c<172> l<8:2> el<8:43>
              n<> u<172> t<Variable_port_identifier_list> p<173> c<144> l<8:9> el<8:43>
                n<o1_4> u<144> t<SIMPLE_IDENTIFIER> p<172> s<171> l<8:9> el<8:13>
                n<> u<171> t<Constant_expression> p<172> c<165> l<8:16> el<8:43>
                  n<> u<165> t<Constant_expression> p<171> c<164> s<170> l<8:16> el<8:38>
                    n<> u<164> t<Constant_primary> p<165> c<163> l<8:16> el<8:38>
                      n<> u<163> t<Constant_multiple_concatenation> p<164> c<157> l<8:16> el<8:38>
                        n<> u<157> t<Constant_expression> p<163> c<156> s<162> l<8:17> el<8:30>
                          n<> u<156> t<Constant_primary> p<157> c<155> l<8:17> el<8:30>
                            n<> u<155> t<Constant_mintypmax_expression> p<156> c<154> l<8:18> el<8:29>
                              n<> u<154> t<Constant_expression> p<155> c<148> l<8:18> el<8:29>
                                n<> u<148> t<Constant_expression> p<154> c<147> s<153> l<8:18> el<8:27>
                                  n<> u<147> t<Constant_primary> p<148> c<146> l<8:18> el<8:27>
                                    n<> u<146> t<Primary_literal> p<147> c<145> l<8:18> el<8:27>
                                      n<LUT_WIDTH> u<145> t<SIMPLE_IDENTIFIER> p<146> l<8:18> el<8:27>
                                n<> u<153> t<DIV> p<154> s<152> l<8:27> el<8:28>
                                n<> u<152> t<Constant_expression> p<154> c<151> l<8:28> el<8:29>
                                  n<> u<151> t<Constant_primary> p<152> c<150> l<8:28> el<8:29>
                                    n<> u<150> t<Primary_literal> p<151> c<149> l<8:28> el<8:29>
                                      n<2> u<149> t<INTEGRAL_NUMBER> p<150> l<8:28> el<8:29>
                        n<> u<162> t<Constant_concatenation> p<163> c<161> l<8:30> el<8:37>
                          n<> u<161> t<Constant_expression> p<162> c<160> l<8:31> el<8:36>
                            n<> u<160> t<Constant_primary> p<161> c<159> l<8:31> el<8:36>
                              n<> u<159> t<Primary_literal> p<160> c<158> l<8:31> el<8:36>
                                n<2'b10> u<158> t<INTEGRAL_NUMBER> p<159> l<8:31> el<8:36>
                  n<> u<170> t<GREATER> p<171> s<169> l<8:39> el<8:40>
                  n<> u<169> t<Constant_expression> p<171> c<168> l<8:42> el<8:43>
                    n<> u<168> t<Constant_primary> p<169> c<167> l<8:42> el<8:43>
                      n<> u<167> t<Primary_literal> p<168> c<166> l<8:42> el<8:43>
                        n<a> u<166> t<SIMPLE_IDENTIFIER> p<167> l<8:42> el<8:43>
        n<> u<207> t<Module_item> p<767> c<206> s<239> l<9:2> el<9:44>
          n<> u<206> t<Port_declaration> p<207> c<205> l<9:2> el<9:43>
            n<> u<205> t<Output_declaration> p<206> c<204> l<9:2> el<9:43>
              n<> u<204> t<Variable_port_identifier_list> p<205> c<176> l<9:9> el<9:43>
                n<o1_5> u<176> t<SIMPLE_IDENTIFIER> p<204> s<203> l<9:9> el<9:13>
                n<> u<203> t<Constant_expression> p<204> c<197> l<9:16> el<9:43>
                  n<> u<197> t<Constant_expression> p<203> c<196> s<202> l<9:16> el<9:38>
                    n<> u<196> t<Constant_primary> p<197> c<195> l<9:16> el<9:38>
                      n<> u<195> t<Constant_multiple_concatenation> p<196> c<189> l<9:16> el<9:38>
                        n<> u<189> t<Constant_expression> p<195> c<188> s<194> l<9:17> el<9:30>
                          n<> u<188> t<Constant_primary> p<189> c<187> l<9:17> el<9:30>
                            n<> u<187> t<Constant_mintypmax_expression> p<188> c<186> l<9:18> el<9:29>
                              n<> u<186> t<Constant_expression> p<187> c<180> l<9:18> el<9:29>
                                n<> u<180> t<Constant_expression> p<186> c<179> s<185> l<9:18> el<9:27>
                                  n<> u<179> t<Constant_primary> p<180> c<178> l<9:18> el<9:27>
                                    n<> u<178> t<Primary_literal> p<179> c<177> l<9:18> el<9:27>
                                      n<LUT_WIDTH> u<177> t<SIMPLE_IDENTIFIER> p<178> l<9:18> el<9:27>
                                n<> u<185> t<DIV> p<186> s<184> l<9:27> el<9:28>
                                n<> u<184> t<Constant_expression> p<186> c<183> l<9:28> el<9:29>
                                  n<> u<183> t<Constant_primary> p<184> c<182> l<9:28> el<9:29>
                                    n<> u<182> t<Primary_literal> p<183> c<181> l<9:28> el<9:29>
                                      n<2> u<181> t<INTEGRAL_NUMBER> p<182> l<9:28> el<9:29>
                        n<> u<194> t<Constant_concatenation> p<195> c<193> l<9:30> el<9:37>
                          n<> u<193> t<Constant_expression> p<194> c<192> l<9:31> el<9:36>
                            n<> u<192> t<Constant_primary> p<193> c<191> l<9:31> el<9:36>
                              n<> u<191> t<Primary_literal> p<192> c<190> l<9:31> el<9:36>
                                n<2'b10> u<190> t<INTEGRAL_NUMBER> p<191> l<9:31> el<9:36>
                  n<> u<202> t<EQUIV> p<203> s<201> l<9:39> el<9:41>
                  n<> u<201> t<Constant_expression> p<203> c<200> l<9:42> el<9:43>
                    n<> u<200> t<Constant_primary> p<201> c<199> l<9:42> el<9:43>
                      n<> u<199> t<Primary_literal> p<200> c<198> l<9:42> el<9:43>
                        n<a> u<198> t<SIMPLE_IDENTIFIER> p<199> l<9:42> el<9:43>
        n<> u<239> t<Module_item> p<767> c<238> s<271> l<10:2> el<10:44>
          n<> u<238> t<Port_declaration> p<239> c<237> l<10:2> el<10:43>
            n<> u<237> t<Output_declaration> p<238> c<236> l<10:2> el<10:43>
              n<> u<236> t<Variable_port_identifier_list> p<237> c<208> l<10:9> el<10:43>
                n<o1_6> u<208> t<SIMPLE_IDENTIFIER> p<236> s<235> l<10:9> el<10:13>
                n<> u<235> t<Constant_expression> p<236> c<229> l<10:16> el<10:43>
                  n<> u<229> t<Constant_expression> p<235> c<228> s<234> l<10:16> el<10:38>
                    n<> u<228> t<Constant_primary> p<229> c<227> l<10:16> el<10:38>
                      n<> u<227> t<Constant_multiple_concatenation> p<228> c<221> l<10:16> el<10:38>
                        n<> u<221> t<Constant_expression> p<227> c<220> s<226> l<10:17> el<10:30>
                          n<> u<220> t<Constant_primary> p<221> c<219> l<10:17> el<10:30>
                            n<> u<219> t<Constant_mintypmax_expression> p<220> c<218> l<10:18> el<10:29>
                              n<> u<218> t<Constant_expression> p<219> c<212> l<10:18> el<10:29>
                                n<> u<212> t<Constant_expression> p<218> c<211> s<217> l<10:18> el<10:27>
                                  n<> u<211> t<Constant_primary> p<212> c<210> l<10:18> el<10:27>
                                    n<> u<210> t<Primary_literal> p<211> c<209> l<10:18> el<10:27>
                                      n<LUT_WIDTH> u<209> t<SIMPLE_IDENTIFIER> p<210> l<10:18> el<10:27>
                                n<> u<217> t<DIV> p<218> s<216> l<10:27> el<10:28>
                                n<> u<216> t<Constant_expression> p<218> c<215> l<10:28> el<10:29>
                                  n<> u<215> t<Constant_primary> p<216> c<214> l<10:28> el<10:29>
                                    n<> u<214> t<Primary_literal> p<215> c<213> l<10:28> el<10:29>
                                      n<2> u<213> t<INTEGRAL_NUMBER> p<214> l<10:28> el<10:29>
                        n<> u<226> t<Constant_concatenation> p<227> c<225> l<10:30> el<10:37>
                          n<> u<225> t<Constant_expression> p<226> c<224> l<10:31> el<10:36>
                            n<> u<224> t<Constant_primary> p<225> c<223> l<10:31> el<10:36>
                              n<> u<223> t<Primary_literal> p<224> c<222> l<10:31> el<10:36>
                                n<2'b10> u<222> t<INTEGRAL_NUMBER> p<223> l<10:31> el<10:36>
                  n<> u<234> t<NOTEQUAL> p<235> s<233> l<10:39> el<10:41>
                  n<> u<233> t<Constant_expression> p<235> c<232> l<10:42> el<10:43>
                    n<> u<232> t<Constant_primary> p<233> c<231> l<10:42> el<10:43>
                      n<> u<231> t<Primary_literal> p<232> c<230> l<10:42> el<10:43>
                        n<a> u<230> t<SIMPLE_IDENTIFIER> p<231> l<10:42> el<10:43>
        n<> u<271> t<Module_item> p<767> c<270> s<303> l<12:2> el<12:44>
          n<> u<270> t<Port_declaration> p<271> c<269> l<12:2> el<12:43>
            n<> u<269> t<Output_declaration> p<270> c<268> l<12:2> el<12:43>
              n<> u<268> t<Variable_port_identifier_list> p<269> c<240> l<12:9> el<12:43>
                n<o2_1> u<240> t<SIMPLE_IDENTIFIER> p<268> s<267> l<12:9> el<12:13>
                n<> u<267> t<Constant_expression> p<268> c<244> l<12:16> el<12:43>
                  n<> u<244> t<Constant_expression> p<267> c<243> s<266> l<12:16> el<12:17>
                    n<> u<243> t<Constant_primary> p<244> c<242> l<12:16> el<12:17>
                      n<> u<242> t<Primary_literal> p<243> c<241> l<12:16> el<12:17>
                        n<a> u<241> t<SIMPLE_IDENTIFIER> p<242> l<12:16> el<12:17>
                  n<> u<266> t<LESS_EQUAL> p<267> s<265> l<12:18> el<12:20>
                  n<> u<265> t<Constant_expression> p<267> c<264> l<12:21> el<12:43>
                    n<> u<264> t<Constant_primary> p<265> c<263> l<12:21> el<12:43>
                      n<> u<263> t<Constant_multiple_concatenation> p<264> c<257> l<12:21> el<12:43>
                        n<> u<257> t<Constant_expression> p<263> c<256> s<262> l<12:22> el<12:35>
                          n<> u<256> t<Constant_primary> p<257> c<255> l<12:22> el<12:35>
                            n<> u<255> t<Constant_mintypmax_expression> p<256> c<254> l<12:23> el<12:34>
                              n<> u<254> t<Constant_expression> p<255> c<248> l<12:23> el<12:34>
                                n<> u<248> t<Constant_expression> p<254> c<247> s<253> l<12:23> el<12:32>
                                  n<> u<247> t<Constant_primary> p<248> c<246> l<12:23> el<12:32>
                                    n<> u<246> t<Primary_literal> p<247> c<245> l<12:23> el<12:32>
                                      n<LUT_WIDTH> u<245> t<SIMPLE_IDENTIFIER> p<246> l<12:23> el<12:32>
                                n<> u<253> t<DIV> p<254> s<252> l<12:32> el<12:33>
                                n<> u<252> t<Constant_expression> p<254> c<251> l<12:33> el<12:34>
                                  n<> u<251> t<Constant_primary> p<252> c<250> l<12:33> el<12:34>
                                    n<> u<250> t<Primary_literal> p<251> c<249> l<12:33> el<12:34>
                                      n<2> u<249> t<INTEGRAL_NUMBER> p<250> l<12:33> el<12:34>
                        n<> u<262> t<Constant_concatenation> p<263> c<261> l<12:35> el<12:42>
                          n<> u<261> t<Constant_expression> p<262> c<260> l<12:36> el<12:41>
                            n<> u<260> t<Constant_primary> p<261> c<259> l<12:36> el<12:41>
                              n<> u<259> t<Primary_literal> p<260> c<258> l<12:36> el<12:41>
                                n<2'b10> u<258> t<INTEGRAL_NUMBER> p<259> l<12:36> el<12:41>
        n<> u<303> t<Module_item> p<767> c<302> s<335> l<13:2> el<13:44>
          n<> u<302> t<Port_declaration> p<303> c<301> l<13:2> el<13:43>
            n<> u<301> t<Output_declaration> p<302> c<300> l<13:2> el<13:43>
              n<> u<300> t<Variable_port_identifier_list> p<301> c<272> l<13:9> el<13:43>
                n<o2_2> u<272> t<SIMPLE_IDENTIFIER> p<300> s<299> l<13:9> el<13:13>
                n<> u<299> t<Constant_expression> p<300> c<276> l<13:16> el<13:43>
                  n<> u<276> t<Constant_expression> p<299> c<275> s<298> l<13:16> el<13:17>
                    n<> u<275> t<Constant_primary> p<276> c<274> l<13:16> el<13:17>
                      n<> u<274> t<Primary_literal> p<275> c<273> l<13:16> el<13:17>
                        n<a> u<273> t<SIMPLE_IDENTIFIER> p<274> l<13:16> el<13:17>
                  n<> u<298> t<LESS> p<299> s<297> l<13:18> el<13:19>
                  n<> u<297> t<Constant_expression> p<299> c<296> l<13:21> el<13:43>
                    n<> u<296> t<Constant_primary> p<297> c<295> l<13:21> el<13:43>
                      n<> u<295> t<Constant_multiple_concatenation> p<296> c<289> l<13:21> el<13:43>
                        n<> u<289> t<Constant_expression> p<295> c<288> s<294> l<13:22> el<13:35>
                          n<> u<288> t<Constant_primary> p<289> c<287> l<13:22> el<13:35>
                            n<> u<287> t<Constant_mintypmax_expression> p<288> c<286> l<13:23> el<13:34>
                              n<> u<286> t<Constant_expression> p<287> c<280> l<13:23> el<13:34>
                                n<> u<280> t<Constant_expression> p<286> c<279> s<285> l<13:23> el<13:32>
                                  n<> u<279> t<Constant_primary> p<280> c<278> l<13:23> el<13:32>
                                    n<> u<278> t<Primary_literal> p<279> c<277> l<13:23> el<13:32>
                                      n<LUT_WIDTH> u<277> t<SIMPLE_IDENTIFIER> p<278> l<13:23> el<13:32>
                                n<> u<285> t<DIV> p<286> s<284> l<13:32> el<13:33>
                                n<> u<284> t<Constant_expression> p<286> c<283> l<13:33> el<13:34>
                                  n<> u<283> t<Constant_primary> p<284> c<282> l<13:33> el<13:34>
                                    n<> u<282> t<Primary_literal> p<283> c<281> l<13:33> el<13:34>
                                      n<2> u<281> t<INTEGRAL_NUMBER> p<282> l<13:33> el<13:34>
                        n<> u<294> t<Constant_concatenation> p<295> c<293> l<13:35> el<13:42>
                          n<> u<293> t<Constant_expression> p<294> c<292> l<13:36> el<13:41>
                            n<> u<292> t<Constant_primary> p<293> c<291> l<13:36> el<13:41>
                              n<> u<291> t<Primary_literal> p<292> c<290> l<13:36> el<13:41>
                                n<2'b10> u<290> t<INTEGRAL_NUMBER> p<291> l<13:36> el<13:41>
        n<> u<335> t<Module_item> p<767> c<334> s<367> l<14:2> el<14:44>
          n<> u<334> t<Port_declaration> p<335> c<333> l<14:2> el<14:43>
            n<> u<333> t<Output_declaration> p<334> c<332> l<14:2> el<14:43>
              n<> u<332> t<Variable_port_identifier_list> p<333> c<304> l<14:9> el<14:43>
                n<o2_3> u<304> t<SIMPLE_IDENTIFIER> p<332> s<331> l<14:9> el<14:13>
                n<> u<331> t<Constant_expression> p<332> c<308> l<14:16> el<14:43>
                  n<> u<308> t<Constant_expression> p<331> c<307> s<330> l<14:16> el<14:17>
                    n<> u<307> t<Constant_primary> p<308> c<306> l<14:16> el<14:17>
                      n<> u<306> t<Primary_literal> p<307> c<305> l<14:16> el<14:17>
                        n<a> u<305> t<SIMPLE_IDENTIFIER> p<306> l<14:16> el<14:17>
                  n<> u<330> t<GREATER_EQUAL> p<331> s<329> l<14:18> el<14:20>
                  n<> u<329> t<Constant_expression> p<331> c<328> l<14:21> el<14:43>
                    n<> u<328> t<Constant_primary> p<329> c<327> l<14:21> el<14:43>
                      n<> u<327> t<Constant_multiple_concatenation> p<328> c<321> l<14:21> el<14:43>
                        n<> u<321> t<Constant_expression> p<327> c<320> s<326> l<14:22> el<14:35>
                          n<> u<320> t<Constant_primary> p<321> c<319> l<14:22> el<14:35>
                            n<> u<319> t<Constant_mintypmax_expression> p<320> c<318> l<14:23> el<14:34>
                              n<> u<318> t<Constant_expression> p<319> c<312> l<14:23> el<14:34>
                                n<> u<312> t<Constant_expression> p<318> c<311> s<317> l<14:23> el<14:32>
                                  n<> u<311> t<Constant_primary> p<312> c<310> l<14:23> el<14:32>
                                    n<> u<310> t<Primary_literal> p<311> c<309> l<14:23> el<14:32>
                                      n<LUT_WIDTH> u<309> t<SIMPLE_IDENTIFIER> p<310> l<14:23> el<14:32>
                                n<> u<317> t<DIV> p<318> s<316> l<14:32> el<14:33>
                                n<> u<316> t<Constant_expression> p<318> c<315> l<14:33> el<14:34>
                                  n<> u<315> t<Constant_primary> p<316> c<314> l<14:33> el<14:34>
                                    n<> u<314> t<Primary_literal> p<315> c<313> l<14:33> el<14:34>
                                      n<2> u<313> t<INTEGRAL_NUMBER> p<314> l<14:33> el<14:34>
                        n<> u<326> t<Constant_concatenation> p<327> c<325> l<14:35> el<14:42>
                          n<> u<325> t<Constant_expression> p<326> c<324> l<14:36> el<14:41>
                            n<> u<324> t<Constant_primary> p<325> c<323> l<14:36> el<14:41>
                              n<> u<323> t<Primary_literal> p<324> c<322> l<14:36> el<14:41>
                                n<2'b10> u<322> t<INTEGRAL_NUMBER> p<323> l<14:36> el<14:41>
        n<> u<367> t<Module_item> p<767> c<366> s<399> l<15:2> el<15:44>
          n<> u<366> t<Port_declaration> p<367> c<365> l<15:2> el<15:43>
            n<> u<365> t<Output_declaration> p<366> c<364> l<15:2> el<15:43>
              n<> u<364> t<Variable_port_identifier_list> p<365> c<336> l<15:9> el<15:43>
                n<o2_4> u<336> t<SIMPLE_IDENTIFIER> p<364> s<363> l<15:9> el<15:13>
                n<> u<363> t<Constant_expression> p<364> c<340> l<15:16> el<15:43>
                  n<> u<340> t<Constant_expression> p<363> c<339> s<362> l<15:16> el<15:17>
                    n<> u<339> t<Constant_primary> p<340> c<338> l<15:16> el<15:17>
                      n<> u<338> t<Primary_literal> p<339> c<337> l<15:16> el<15:17>
                        n<a> u<337> t<SIMPLE_IDENTIFIER> p<338> l<15:16> el<15:17>
                  n<> u<362> t<GREATER> p<363> s<361> l<15:18> el<15:19>
                  n<> u<361> t<Constant_expression> p<363> c<360> l<15:21> el<15:43>
                    n<> u<360> t<Constant_primary> p<361> c<359> l<15:21> el<15:43>
                      n<> u<359> t<Constant_multiple_concatenation> p<360> c<353> l<15:21> el<15:43>
                        n<> u<353> t<Constant_expression> p<359> c<352> s<358> l<15:22> el<15:35>
                          n<> u<352> t<Constant_primary> p<353> c<351> l<15:22> el<15:35>
                            n<> u<351> t<Constant_mintypmax_expression> p<352> c<350> l<15:23> el<15:34>
                              n<> u<350> t<Constant_expression> p<351> c<344> l<15:23> el<15:34>
                                n<> u<344> t<Constant_expression> p<350> c<343> s<349> l<15:23> el<15:32>
                                  n<> u<343> t<Constant_primary> p<344> c<342> l<15:23> el<15:32>
                                    n<> u<342> t<Primary_literal> p<343> c<341> l<15:23> el<15:32>
                                      n<LUT_WIDTH> u<341> t<SIMPLE_IDENTIFIER> p<342> l<15:23> el<15:32>
                                n<> u<349> t<DIV> p<350> s<348> l<15:32> el<15:33>
                                n<> u<348> t<Constant_expression> p<350> c<347> l<15:33> el<15:34>
                                  n<> u<347> t<Constant_primary> p<348> c<346> l<15:33> el<15:34>
                                    n<> u<346> t<Primary_literal> p<347> c<345> l<15:33> el<15:34>
                                      n<2> u<345> t<INTEGRAL_NUMBER> p<346> l<15:33> el<15:34>
                        n<> u<358> t<Constant_concatenation> p<359> c<357> l<15:35> el<15:42>
                          n<> u<357> t<Constant_expression> p<358> c<356> l<15:36> el<15:41>
                            n<> u<356> t<Constant_primary> p<357> c<355> l<15:36> el<15:41>
                              n<> u<355> t<Primary_literal> p<356> c<354> l<15:36> el<15:41>
                                n<2'b10> u<354> t<INTEGRAL_NUMBER> p<355> l<15:36> el<15:41>
        n<> u<399> t<Module_item> p<767> c<398> s<431> l<16:2> el<16:44>
          n<> u<398> t<Port_declaration> p<399> c<397> l<16:2> el<16:43>
            n<> u<397> t<Output_declaration> p<398> c<396> l<16:2> el<16:43>
              n<> u<396> t<Variable_port_identifier_list> p<397> c<368> l<16:9> el<16:43>
                n<o2_5> u<368> t<SIMPLE_IDENTIFIER> p<396> s<395> l<16:9> el<16:13>
                n<> u<395> t<Constant_expression> p<396> c<372> l<16:16> el<16:43>
                  n<> u<372> t<Constant_expression> p<395> c<371> s<394> l<16:16> el<16:17>
                    n<> u<371> t<Constant_primary> p<372> c<370> l<16:16> el<16:17>
                      n<> u<370> t<Primary_literal> p<371> c<369> l<16:16> el<16:17>
                        n<a> u<369> t<SIMPLE_IDENTIFIER> p<370> l<16:16> el<16:17>
                  n<> u<394> t<EQUIV> p<395> s<393> l<16:18> el<16:20>
                  n<> u<393> t<Constant_expression> p<395> c<392> l<16:21> el<16:43>
                    n<> u<392> t<Constant_primary> p<393> c<391> l<16:21> el<16:43>
                      n<> u<391> t<Constant_multiple_concatenation> p<392> c<385> l<16:21> el<16:43>
                        n<> u<385> t<Constant_expression> p<391> c<384> s<390> l<16:22> el<16:35>
                          n<> u<384> t<Constant_primary> p<385> c<383> l<16:22> el<16:35>
                            n<> u<383> t<Constant_mintypmax_expression> p<384> c<382> l<16:23> el<16:34>
                              n<> u<382> t<Constant_expression> p<383> c<376> l<16:23> el<16:34>
                                n<> u<376> t<Constant_expression> p<382> c<375> s<381> l<16:23> el<16:32>
                                  n<> u<375> t<Constant_primary> p<376> c<374> l<16:23> el<16:32>
                                    n<> u<374> t<Primary_literal> p<375> c<373> l<16:23> el<16:32>
                                      n<LUT_WIDTH> u<373> t<SIMPLE_IDENTIFIER> p<374> l<16:23> el<16:32>
                                n<> u<381> t<DIV> p<382> s<380> l<16:32> el<16:33>
                                n<> u<380> t<Constant_expression> p<382> c<379> l<16:33> el<16:34>
                                  n<> u<379> t<Constant_primary> p<380> c<378> l<16:33> el<16:34>
                                    n<> u<378> t<Primary_literal> p<379> c<377> l<16:33> el<16:34>
                                      n<2> u<377> t<INTEGRAL_NUMBER> p<378> l<16:33> el<16:34>
                        n<> u<390> t<Constant_concatenation> p<391> c<389> l<16:35> el<16:42>
                          n<> u<389> t<Constant_expression> p<390> c<388> l<16:36> el<16:41>
                            n<> u<388> t<Constant_primary> p<389> c<387> l<16:36> el<16:41>
                              n<> u<387> t<Primary_literal> p<388> c<386> l<16:36> el<16:41>
                                n<2'b10> u<386> t<INTEGRAL_NUMBER> p<387> l<16:36> el<16:41>
        n<> u<431> t<Module_item> p<767> c<430> s<468> l<17:2> el<17:44>
          n<> u<430> t<Port_declaration> p<431> c<429> l<17:2> el<17:43>
            n<> u<429> t<Output_declaration> p<430> c<428> l<17:2> el<17:43>
              n<> u<428> t<Variable_port_identifier_list> p<429> c<400> l<17:9> el<17:43>
                n<o2_6> u<400> t<SIMPLE_IDENTIFIER> p<428> s<427> l<17:9> el<17:13>
                n<> u<427> t<Constant_expression> p<428> c<404> l<17:16> el<17:43>
                  n<> u<404> t<Constant_expression> p<427> c<403> s<426> l<17:16> el<17:17>
                    n<> u<403> t<Constant_primary> p<404> c<402> l<17:16> el<17:17>
                      n<> u<402> t<Primary_literal> p<403> c<401> l<17:16> el<17:17>
                        n<a> u<401> t<SIMPLE_IDENTIFIER> p<402> l<17:16> el<17:17>
                  n<> u<426> t<NOTEQUAL> p<427> s<425> l<17:18> el<17:20>
                  n<> u<425> t<Constant_expression> p<427> c<424> l<17:21> el<17:43>
                    n<> u<424> t<Constant_primary> p<425> c<423> l<17:21> el<17:43>
                      n<> u<423> t<Constant_multiple_concatenation> p<424> c<417> l<17:21> el<17:43>
                        n<> u<417> t<Constant_expression> p<423> c<416> s<422> l<17:22> el<17:35>
                          n<> u<416> t<Constant_primary> p<417> c<415> l<17:22> el<17:35>
                            n<> u<415> t<Constant_mintypmax_expression> p<416> c<414> l<17:23> el<17:34>
                              n<> u<414> t<Constant_expression> p<415> c<408> l<17:23> el<17:34>
                                n<> u<408> t<Constant_expression> p<414> c<407> s<413> l<17:23> el<17:32>
                                  n<> u<407> t<Constant_primary> p<408> c<406> l<17:23> el<17:32>
                                    n<> u<406> t<Primary_literal> p<407> c<405> l<17:23> el<17:32>
                                      n<LUT_WIDTH> u<405> t<SIMPLE_IDENTIFIER> p<406> l<17:23> el<17:32>
                                n<> u<413> t<DIV> p<414> s<412> l<17:32> el<17:33>
                                n<> u<412> t<Constant_expression> p<414> c<411> l<17:33> el<17:34>
                                  n<> u<411> t<Constant_primary> p<412> c<410> l<17:33> el<17:34>
                                    n<> u<410> t<Primary_literal> p<411> c<409> l<17:33> el<17:34>
                                      n<2> u<409> t<INTEGRAL_NUMBER> p<410> l<17:33> el<17:34>
                        n<> u<422> t<Constant_concatenation> p<423> c<421> l<17:35> el<17:42>
                          n<> u<421> t<Constant_expression> p<422> c<420> l<17:36> el<17:41>
                            n<> u<420> t<Constant_primary> p<421> c<419> l<17:36> el<17:41>
                              n<> u<419> t<Primary_literal> p<420> c<418> l<17:36> el<17:41>
                                n<2'b10> u<418> t<INTEGRAL_NUMBER> p<419> l<17:36> el<17:41>
        n<> u<468> t<Module_item> p<767> c<467> s<505> l<19:2> el<19:54>
          n<> u<467> t<Port_declaration> p<468> c<466> l<19:2> el<19:53>
            n<> u<466> t<Output_declaration> p<467> c<465> l<19:2> el<19:53>
              n<> u<465> t<Variable_port_identifier_list> p<466> c<432> l<19:9> el<19:53>
                n<o3_1> u<432> t<SIMPLE_IDENTIFIER> p<465> s<464> l<19:9> el<19:13>
                n<> u<464> t<Constant_expression> p<465> c<453> l<19:16> el<19:53>
                  n<> u<453> t<Constant_expression> p<464> c<452> s<463> l<19:16> el<19:39>
                    n<> u<452> t<Constant_primary> p<453> c<451> l<19:16> el<19:39>
                      n<> u<451> t<Constant_multiple_concatenation> p<452> c<445> l<19:16> el<19:39>
                        n<> u<445> t<Constant_expression> p<451> c<444> s<450> l<19:17> el<19:30>
                          n<> u<444> t<Constant_primary> p<445> c<443> l<19:17> el<19:30>
                            n<> u<443> t<Constant_mintypmax_expression> p<444> c<442> l<19:18> el<19:29>
                              n<> u<442> t<Constant_expression> p<443> c<436> l<19:18> el<19:29>
                                n<> u<436> t<Constant_expression> p<442> c<435> s<441> l<19:18> el<19:27>
                                  n<> u<435> t<Constant_primary> p<436> c<434> l<19:18> el<19:27>
                                    n<> u<434> t<Primary_literal> p<435> c<433> l<19:18> el<19:27>
                                      n<LUT_WIDTH> u<433> t<SIMPLE_IDENTIFIER> p<434> l<19:18> el<19:27>
                                n<> u<441> t<DIV> p<442> s<440> l<19:27> el<19:28>
                                n<> u<440> t<Constant_expression> p<442> c<439> l<19:28> el<19:29>
                                  n<> u<439> t<Constant_primary> p<440> c<438> l<19:28> el<19:29>
                                    n<> u<438> t<Primary_literal> p<439> c<437> l<19:28> el<19:29>
                                      n<2> u<437> t<INTEGRAL_NUMBER> p<438> l<19:28> el<19:29>
                        n<> u<450> t<Constant_concatenation> p<451> c<449> l<19:30> el<19:38>
                          n<> u<449> t<Constant_expression> p<450> c<448> l<19:31> el<19:37>
                            n<> u<448> t<Constant_primary> p<449> c<447> l<19:31> el<19:37>
                              n<> u<447> t<Primary_literal> p<448> c<446> l<19:31> el<19:37>
                                n<2'sb01> u<446> t<INTEGRAL_NUMBER> p<447> l<19:31> el<19:37>
                  n<> u<463> t<LESS_EQUAL> p<464> s<462> l<19:40> el<19:42>
                  n<> u<462> t<Constant_expression> p<464> c<461> l<19:43> el<19:53>
                    n<> u<461> t<System_task> p<462> c<455> l<19:43> el<19:53>
                      n<> u<455> t<System_task_names> p<461> c<454> s<460> l<19:43> el<19:50>
                        n<$signed> u<454> t<SIMPLE_IDENTIFIER> p<455> l<19:44> el<19:50>
                      n<> u<460> t<Argument_list> p<461> c<459> l<19:51> el<19:52>
                        n<> u<459> t<Expression> p<460> c<458> l<19:51> el<19:52>
                          n<> u<458> t<Primary> p<459> c<457> l<19:51> el<19:52>
                            n<> u<457> t<Primary_literal> p<458> c<456> l<19:51> el<19:52>
                              n<a> u<456> t<SIMPLE_IDENTIFIER> p<457> l<19:51> el<19:52>
        n<> u<505> t<Module_item> p<767> c<504> s<542> l<20:2> el<20:54>
          n<> u<504> t<Port_declaration> p<505> c<503> l<20:2> el<20:53>
            n<> u<503> t<Output_declaration> p<504> c<502> l<20:2> el<20:53>
              n<> u<502> t<Variable_port_identifier_list> p<503> c<469> l<20:9> el<20:53>
                n<o3_2> u<469> t<SIMPLE_IDENTIFIER> p<502> s<501> l<20:9> el<20:13>
                n<> u<501> t<Constant_expression> p<502> c<490> l<20:16> el<20:53>
                  n<> u<490> t<Constant_expression> p<501> c<489> s<500> l<20:16> el<20:39>
                    n<> u<489> t<Constant_primary> p<490> c<488> l<20:16> el<20:39>
                      n<> u<488> t<Constant_multiple_concatenation> p<489> c<482> l<20:16> el<20:39>
                        n<> u<482> t<Constant_expression> p<488> c<481> s<487> l<20:17> el<20:30>
                          n<> u<481> t<Constant_primary> p<482> c<480> l<20:17> el<20:30>
                            n<> u<480> t<Constant_mintypmax_expression> p<481> c<479> l<20:18> el<20:29>
                              n<> u<479> t<Constant_expression> p<480> c<473> l<20:18> el<20:29>
                                n<> u<473> t<Constant_expression> p<479> c<472> s<478> l<20:18> el<20:27>
                                  n<> u<472> t<Constant_primary> p<473> c<471> l<20:18> el<20:27>
                                    n<> u<471> t<Primary_literal> p<472> c<470> l<20:18> el<20:27>
                                      n<LUT_WIDTH> u<470> t<SIMPLE_IDENTIFIER> p<471> l<20:18> el<20:27>
                                n<> u<478> t<DIV> p<479> s<477> l<20:27> el<20:28>
                                n<> u<477> t<Constant_expression> p<479> c<476> l<20:28> el<20:29>
                                  n<> u<476> t<Constant_primary> p<477> c<475> l<20:28> el<20:29>
                                    n<> u<475> t<Primary_literal> p<476> c<474> l<20:28> el<20:29>
                                      n<2> u<474> t<INTEGRAL_NUMBER> p<475> l<20:28> el<20:29>
                        n<> u<487> t<Constant_concatenation> p<488> c<486> l<20:30> el<20:38>
                          n<> u<486> t<Constant_expression> p<487> c<485> l<20:31> el<20:37>
                            n<> u<485> t<Constant_primary> p<486> c<484> l<20:31> el<20:37>
                              n<> u<484> t<Primary_literal> p<485> c<483> l<20:31> el<20:37>
                                n<2'sb01> u<483> t<INTEGRAL_NUMBER> p<484> l<20:31> el<20:37>
                  n<> u<500> t<LESS> p<501> s<499> l<20:40> el<20:41>
                  n<> u<499> t<Constant_expression> p<501> c<498> l<20:43> el<20:53>
                    n<> u<498> t<System_task> p<499> c<492> l<20:43> el<20:53>
                      n<> u<492> t<System_task_names> p<498> c<491> s<497> l<20:43> el<20:50>
                        n<$signed> u<491> t<SIMPLE_IDENTIFIER> p<492> l<20:44> el<20:50>
                      n<> u<497> t<Argument_list> p<498> c<496> l<20:51> el<20:52>
                        n<> u<496> t<Expression> p<497> c<495> l<20:51> el<20:52>
                          n<> u<495> t<Primary> p<496> c<494> l<20:51> el<20:52>
                            n<> u<494> t<Primary_literal> p<495> c<493> l<20:51> el<20:52>
                              n<a> u<493> t<SIMPLE_IDENTIFIER> p<494> l<20:51> el<20:52>
        n<> u<542> t<Module_item> p<767> c<541> s<579> l<21:2> el<21:54>
          n<> u<541> t<Port_declaration> p<542> c<540> l<21:2> el<21:53>
            n<> u<540> t<Output_declaration> p<541> c<539> l<21:2> el<21:53>
              n<> u<539> t<Variable_port_identifier_list> p<540> c<506> l<21:9> el<21:53>
                n<o3_3> u<506> t<SIMPLE_IDENTIFIER> p<539> s<538> l<21:9> el<21:13>
                n<> u<538> t<Constant_expression> p<539> c<527> l<21:16> el<21:53>
                  n<> u<527> t<Constant_expression> p<538> c<526> s<537> l<21:16> el<21:39>
                    n<> u<526> t<Constant_primary> p<527> c<525> l<21:16> el<21:39>
                      n<> u<525> t<Constant_multiple_concatenation> p<526> c<519> l<21:16> el<21:39>
                        n<> u<519> t<Constant_expression> p<525> c<518> s<524> l<21:17> el<21:30>
                          n<> u<518> t<Constant_primary> p<519> c<517> l<21:17> el<21:30>
                            n<> u<517> t<Constant_mintypmax_expression> p<518> c<516> l<21:18> el<21:29>
                              n<> u<516> t<Constant_expression> p<517> c<510> l<21:18> el<21:29>
                                n<> u<510> t<Constant_expression> p<516> c<509> s<515> l<21:18> el<21:27>
                                  n<> u<509> t<Constant_primary> p<510> c<508> l<21:18> el<21:27>
                                    n<> u<508> t<Primary_literal> p<509> c<507> l<21:18> el<21:27>
                                      n<LUT_WIDTH> u<507> t<SIMPLE_IDENTIFIER> p<508> l<21:18> el<21:27>
                                n<> u<515> t<DIV> p<516> s<514> l<21:27> el<21:28>
                                n<> u<514> t<Constant_expression> p<516> c<513> l<21:28> el<21:29>
                                  n<> u<513> t<Constant_primary> p<514> c<512> l<21:28> el<21:29>
                                    n<> u<512> t<Primary_literal> p<513> c<511> l<21:28> el<21:29>
                                      n<2> u<511> t<INTEGRAL_NUMBER> p<512> l<21:28> el<21:29>
                        n<> u<524> t<Constant_concatenation> p<525> c<523> l<21:30> el<21:38>
                          n<> u<523> t<Constant_expression> p<524> c<522> l<21:31> el<21:37>
                            n<> u<522> t<Constant_primary> p<523> c<521> l<21:31> el<21:37>
                              n<> u<521> t<Primary_literal> p<522> c<520> l<21:31> el<21:37>
                                n<2'sb01> u<520> t<INTEGRAL_NUMBER> p<521> l<21:31> el<21:37>
                  n<> u<537> t<GREATER_EQUAL> p<538> s<536> l<21:40> el<21:42>
                  n<> u<536> t<Constant_expression> p<538> c<535> l<21:43> el<21:53>
                    n<> u<535> t<System_task> p<536> c<529> l<21:43> el<21:53>
                      n<> u<529> t<System_task_names> p<535> c<528> s<534> l<21:43> el<21:50>
                        n<$signed> u<528> t<SIMPLE_IDENTIFIER> p<529> l<21:44> el<21:50>
                      n<> u<534> t<Argument_list> p<535> c<533> l<21:51> el<21:52>
                        n<> u<533> t<Expression> p<534> c<532> l<21:51> el<21:52>
                          n<> u<532> t<Primary> p<533> c<531> l<21:51> el<21:52>
                            n<> u<531> t<Primary_literal> p<532> c<530> l<21:51> el<21:52>
                              n<a> u<530> t<SIMPLE_IDENTIFIER> p<531> l<21:51> el<21:52>
        n<> u<579> t<Module_item> p<767> c<578> s<616> l<22:2> el<22:54>
          n<> u<578> t<Port_declaration> p<579> c<577> l<22:2> el<22:53>
            n<> u<577> t<Output_declaration> p<578> c<576> l<22:2> el<22:53>
              n<> u<576> t<Variable_port_identifier_list> p<577> c<543> l<22:9> el<22:53>
                n<o3_4> u<543> t<SIMPLE_IDENTIFIER> p<576> s<575> l<22:9> el<22:13>
                n<> u<575> t<Constant_expression> p<576> c<564> l<22:16> el<22:53>
                  n<> u<564> t<Constant_expression> p<575> c<563> s<574> l<22:16> el<22:39>
                    n<> u<563> t<Constant_primary> p<564> c<562> l<22:16> el<22:39>
                      n<> u<562> t<Constant_multiple_concatenation> p<563> c<556> l<22:16> el<22:39>
                        n<> u<556> t<Constant_expression> p<562> c<555> s<561> l<22:17> el<22:30>
                          n<> u<555> t<Constant_primary> p<556> c<554> l<22:17> el<22:30>
                            n<> u<554> t<Constant_mintypmax_expression> p<555> c<553> l<22:18> el<22:29>
                              n<> u<553> t<Constant_expression> p<554> c<547> l<22:18> el<22:29>
                                n<> u<547> t<Constant_expression> p<553> c<546> s<552> l<22:18> el<22:27>
                                  n<> u<546> t<Constant_primary> p<547> c<545> l<22:18> el<22:27>
                                    n<> u<545> t<Primary_literal> p<546> c<544> l<22:18> el<22:27>
                                      n<LUT_WIDTH> u<544> t<SIMPLE_IDENTIFIER> p<545> l<22:18> el<22:27>
                                n<> u<552> t<DIV> p<553> s<551> l<22:27> el<22:28>
                                n<> u<551> t<Constant_expression> p<553> c<550> l<22:28> el<22:29>
                                  n<> u<550> t<Constant_primary> p<551> c<549> l<22:28> el<22:29>
                                    n<> u<549> t<Primary_literal> p<550> c<548> l<22:28> el<22:29>
                                      n<2> u<548> t<INTEGRAL_NUMBER> p<549> l<22:28> el<22:29>
                        n<> u<561> t<Constant_concatenation> p<562> c<560> l<22:30> el<22:38>
                          n<> u<560> t<Constant_expression> p<561> c<559> l<22:31> el<22:37>
                            n<> u<559> t<Constant_primary> p<560> c<558> l<22:31> el<22:37>
                              n<> u<558> t<Primary_literal> p<559> c<557> l<22:31> el<22:37>
                                n<2'sb01> u<557> t<INTEGRAL_NUMBER> p<558> l<22:31> el<22:37>
                  n<> u<574> t<GREATER> p<575> s<573> l<22:40> el<22:41>
                  n<> u<573> t<Constant_expression> p<575> c<572> l<22:43> el<22:53>
                    n<> u<572> t<System_task> p<573> c<566> l<22:43> el<22:53>
                      n<> u<566> t<System_task_names> p<572> c<565> s<571> l<22:43> el<22:50>
                        n<$signed> u<565> t<SIMPLE_IDENTIFIER> p<566> l<22:44> el<22:50>
                      n<> u<571> t<Argument_list> p<572> c<570> l<22:51> el<22:52>
                        n<> u<570> t<Expression> p<571> c<569> l<22:51> el<22:52>
                          n<> u<569> t<Primary> p<570> c<568> l<22:51> el<22:52>
                            n<> u<568> t<Primary_literal> p<569> c<567> l<22:51> el<22:52>
                              n<a> u<567> t<SIMPLE_IDENTIFIER> p<568> l<22:51> el<22:52>
        n<> u<616> t<Module_item> p<767> c<615> s<653> l<23:2> el<23:54>
          n<> u<615> t<Port_declaration> p<616> c<614> l<23:2> el<23:53>
            n<> u<614> t<Output_declaration> p<615> c<613> l<23:2> el<23:53>
              n<> u<613> t<Variable_port_identifier_list> p<614> c<580> l<23:9> el<23:53>
                n<o3_5> u<580> t<SIMPLE_IDENTIFIER> p<613> s<612> l<23:9> el<23:13>
                n<> u<612> t<Constant_expression> p<613> c<601> l<23:16> el<23:53>
                  n<> u<601> t<Constant_expression> p<612> c<600> s<611> l<23:16> el<23:39>
                    n<> u<600> t<Constant_primary> p<601> c<599> l<23:16> el<23:39>
                      n<> u<599> t<Constant_multiple_concatenation> p<600> c<593> l<23:16> el<23:39>
                        n<> u<593> t<Constant_expression> p<599> c<592> s<598> l<23:17> el<23:30>
                          n<> u<592> t<Constant_primary> p<593> c<591> l<23:17> el<23:30>
                            n<> u<591> t<Constant_mintypmax_expression> p<592> c<590> l<23:18> el<23:29>
                              n<> u<590> t<Constant_expression> p<591> c<584> l<23:18> el<23:29>
                                n<> u<584> t<Constant_expression> p<590> c<583> s<589> l<23:18> el<23:27>
                                  n<> u<583> t<Constant_primary> p<584> c<582> l<23:18> el<23:27>
                                    n<> u<582> t<Primary_literal> p<583> c<581> l<23:18> el<23:27>
                                      n<LUT_WIDTH> u<581> t<SIMPLE_IDENTIFIER> p<582> l<23:18> el<23:27>
                                n<> u<589> t<DIV> p<590> s<588> l<23:27> el<23:28>
                                n<> u<588> t<Constant_expression> p<590> c<587> l<23:28> el<23:29>
                                  n<> u<587> t<Constant_primary> p<588> c<586> l<23:28> el<23:29>
                                    n<> u<586> t<Primary_literal> p<587> c<585> l<23:28> el<23:29>
                                      n<2> u<585> t<INTEGRAL_NUMBER> p<586> l<23:28> el<23:29>
                        n<> u<598> t<Constant_concatenation> p<599> c<597> l<23:30> el<23:38>
                          n<> u<597> t<Constant_expression> p<598> c<596> l<23:31> el<23:37>
                            n<> u<596> t<Constant_primary> p<597> c<595> l<23:31> el<23:37>
                              n<> u<595> t<Primary_literal> p<596> c<594> l<23:31> el<23:37>
                                n<2'sb01> u<594> t<INTEGRAL_NUMBER> p<595> l<23:31> el<23:37>
                  n<> u<611> t<EQUIV> p<612> s<610> l<23:40> el<23:42>
                  n<> u<610> t<Constant_expression> p<612> c<609> l<23:43> el<23:53>
                    n<> u<609> t<System_task> p<610> c<603> l<23:43> el<23:53>
                      n<> u<603> t<System_task_names> p<609> c<602> s<608> l<23:43> el<23:50>
                        n<$signed> u<602> t<SIMPLE_IDENTIFIER> p<603> l<23:44> el<23:50>
                      n<> u<608> t<Argument_list> p<609> c<607> l<23:51> el<23:52>
                        n<> u<607> t<Expression> p<608> c<606> l<23:51> el<23:52>
                          n<> u<606> t<Primary> p<607> c<605> l<23:51> el<23:52>
                            n<> u<605> t<Primary_literal> p<606> c<604> l<23:51> el<23:52>
                              n<a> u<604> t<SIMPLE_IDENTIFIER> p<605> l<23:51> el<23:52>
        n<> u<653> t<Module_item> p<767> c<652> s<681> l<24:2> el<24:54>
          n<> u<652> t<Port_declaration> p<653> c<651> l<24:2> el<24:53>
            n<> u<651> t<Output_declaration> p<652> c<650> l<24:2> el<24:53>
              n<> u<650> t<Variable_port_identifier_list> p<651> c<617> l<24:9> el<24:53>
                n<o3_6> u<617> t<SIMPLE_IDENTIFIER> p<650> s<649> l<24:9> el<24:13>
                n<> u<649> t<Constant_expression> p<650> c<638> l<24:16> el<24:53>
                  n<> u<638> t<Constant_expression> p<649> c<637> s<648> l<24:16> el<24:39>
                    n<> u<637> t<Constant_primary> p<638> c<636> l<24:16> el<24:39>
                      n<> u<636> t<Constant_multiple_concatenation> p<637> c<630> l<24:16> el<24:39>
                        n<> u<630> t<Constant_expression> p<636> c<629> s<635> l<24:17> el<24:30>
                          n<> u<629> t<Constant_primary> p<630> c<628> l<24:17> el<24:30>
                            n<> u<628> t<Constant_mintypmax_expression> p<629> c<627> l<24:18> el<24:29>
                              n<> u<627> t<Constant_expression> p<628> c<621> l<24:18> el<24:29>
                                n<> u<621> t<Constant_expression> p<627> c<620> s<626> l<24:18> el<24:27>
                                  n<> u<620> t<Constant_primary> p<621> c<619> l<24:18> el<24:27>
                                    n<> u<619> t<Primary_literal> p<620> c<618> l<24:18> el<24:27>
                                      n<LUT_WIDTH> u<618> t<SIMPLE_IDENTIFIER> p<619> l<24:18> el<24:27>
                                n<> u<626> t<DIV> p<627> s<625> l<24:27> el<24:28>
                                n<> u<625> t<Constant_expression> p<627> c<624> l<24:28> el<24:29>
                                  n<> u<624> t<Constant_primary> p<625> c<623> l<24:28> el<24:29>
                                    n<> u<623> t<Primary_literal> p<624> c<622> l<24:28> el<24:29>
                                      n<2> u<622> t<INTEGRAL_NUMBER> p<623> l<24:28> el<24:29>
                        n<> u<635> t<Constant_concatenation> p<636> c<634> l<24:30> el<24:38>
                          n<> u<634> t<Constant_expression> p<635> c<633> l<24:31> el<24:37>
                            n<> u<633> t<Constant_primary> p<634> c<632> l<24:31> el<24:37>
                              n<> u<632> t<Primary_literal> p<633> c<631> l<24:31> el<24:37>
                                n<2'sb01> u<631> t<INTEGRAL_NUMBER> p<632> l<24:31> el<24:37>
                  n<> u<648> t<NOTEQUAL> p<649> s<647> l<24:40> el<24:42>
                  n<> u<647> t<Constant_expression> p<649> c<646> l<24:43> el<24:53>
                    n<> u<646> t<System_task> p<647> c<640> l<24:43> el<24:53>
                      n<> u<640> t<System_task_names> p<646> c<639> s<645> l<24:43> el<24:50>
                        n<$signed> u<639> t<SIMPLE_IDENTIFIER> p<640> l<24:44> el<24:50>
                      n<> u<645> t<Argument_list> p<646> c<644> l<24:51> el<24:52>
                        n<> u<644> t<Expression> p<645> c<643> l<24:51> el<24:52>
                          n<> u<643> t<Primary> p<644> c<642> l<24:51> el<24:52>
                            n<> u<642> t<Primary_literal> p<643> c<641> l<24:51> el<24:52>
                              n<a> u<641> t<SIMPLE_IDENTIFIER> p<642> l<24:51> el<24:52>
        n<> u<681> t<Module_item> p<767> c<680> s<709> l<26:2> el<26:49>
          n<> u<680> t<Port_declaration> p<681> c<679> l<26:2> el<26:48>
            n<> u<679> t<Output_declaration> p<680> c<678> l<26:2> el<26:48>
              n<> u<678> t<Variable_port_identifier_list> p<679> c<654> l<26:9> el<26:48>
                n<o4_1> u<654> t<SIMPLE_IDENTIFIER> p<678> s<677> l<26:9> el<26:13>
                n<> u<677> t<Constant_expression> p<678> c<663> l<26:16> el<26:48>
                  n<> u<663> t<Constant_expression> p<677> c<662> s<676> l<26:16> el<26:26>
                    n<> u<662> t<System_task> p<663> c<656> l<26:16> el<26:26>
                      n<> u<656> t<System_task_names> p<662> c<655> s<661> l<26:16> el<26:23>
                        n<$signed> u<655> t<SIMPLE_IDENTIFIER> p<656> l<26:17> el<26:23>
                      n<> u<661> t<Argument_list> p<662> c<660> l<26:24> el<26:25>
                        n<> u<660> t<Expression> p<661> c<659> l<26:24> el<26:25>
                          n<> u<659> t<Primary> p<660> c<658> l<26:24> el<26:25>
                            n<> u<658> t<Primary_literal> p<659> c<657> l<26:24> el<26:25>
                              n<a> u<657> t<SIMPLE_IDENTIFIER> p<658> l<26:24> el<26:25>
                  n<> u<676> t<LESS_EQUAL> p<677> s<675> l<26:27> el<26:29>
                  n<> u<675> t<Constant_expression> p<677> c<674> l<26:30> el<26:48>
                    n<> u<674> t<Constant_primary> p<675> c<673> l<26:30> el<26:48>
                      n<> u<673> t<Constant_multiple_concatenation> p<674> c<667> l<26:30> el<26:48>
                        n<> u<667> t<Constant_expression> p<673> c<666> s<672> l<26:31> el<26:40>
                          n<> u<666> t<Constant_primary> p<667> c<665> l<26:31> el<26:40>
                            n<> u<665> t<Primary_literal> p<666> c<664> l<26:31> el<26:40>
                              n<LUT_WIDTH> u<664> t<SIMPLE_IDENTIFIER> p<665> l<26:31> el<26:40>
                        n<> u<672> t<Constant_concatenation> p<673> c<671> l<26:40> el<26:47>
                          n<> u<671> t<Constant_expression> p<672> c<670> l<26:41> el<26:46>
                            n<> u<670> t<Constant_primary> p<671> c<669> l<26:41> el<26:46>
                              n<> u<669> t<Primary_literal> p<670> c<668> l<26:41> el<26:46>
                                n<1'sb0> u<668> t<INTEGRAL_NUMBER> p<669> l<26:41> el<26:46>
        n<> u<709> t<Module_item> p<767> c<708> s<737> l<27:2> el<27:49>
          n<> u<708> t<Port_declaration> p<709> c<707> l<27:2> el<27:48>
            n<> u<707> t<Output_declaration> p<708> c<706> l<27:2> el<27:48>
              n<> u<706> t<Variable_port_identifier_list> p<707> c<682> l<27:9> el<27:48>
                n<o4_2> u<682> t<SIMPLE_IDENTIFIER> p<706> s<705> l<27:9> el<27:13>
                n<> u<705> t<Constant_expression> p<706> c<691> l<27:16> el<27:48>
                  n<> u<691> t<Constant_expression> p<705> c<690> s<704> l<27:16> el<27:26>
                    n<> u<690> t<System_task> p<691> c<684> l<27:16> el<27:26>
                      n<> u<684> t<System_task_names> p<690> c<683> s<689> l<27:16> el<27:23>
                        n<$signed> u<683> t<SIMPLE_IDENTIFIER> p<684> l<27:17> el<27:23>
                      n<> u<689> t<Argument_list> p<690> c<688> l<27:24> el<27:25>
                        n<> u<688> t<Expression> p<689> c<687> l<27:24> el<27:25>
                          n<> u<687> t<Primary> p<688> c<686> l<27:24> el<27:25>
                            n<> u<686> t<Primary_literal> p<687> c<685> l<27:24> el<27:25>
                              n<a> u<685> t<SIMPLE_IDENTIFIER> p<686> l<27:24> el<27:25>
                  n<> u<704> t<LESS> p<705> s<703> l<27:27> el<27:28>
                  n<> u<703> t<Constant_expression> p<705> c<702> l<27:30> el<27:48>
                    n<> u<702> t<Constant_primary> p<703> c<701> l<27:30> el<27:48>
                      n<> u<701> t<Constant_multiple_concatenation> p<702> c<695> l<27:30> el<27:48>
                        n<> u<695> t<Constant_expression> p<701> c<694> s<700> l<27:31> el<27:40>
                          n<> u<694> t<Constant_primary> p<695> c<693> l<27:31> el<27:40>
                            n<> u<693> t<Primary_literal> p<694> c<692> l<27:31> el<27:40>
                              n<LUT_WIDTH> u<692> t<SIMPLE_IDENTIFIER> p<693> l<27:31> el<27:40>
                        n<> u<700> t<Constant_concatenation> p<701> c<699> l<27:40> el<27:47>
                          n<> u<699> t<Constant_expression> p<700> c<698> l<27:41> el<27:46>
                            n<> u<698> t<Constant_primary> p<699> c<697> l<27:41> el<27:46>
                              n<> u<697> t<Primary_literal> p<698> c<696> l<27:41> el<27:46>
                                n<1'sb0> u<696> t<INTEGRAL_NUMBER> p<697> l<27:41> el<27:46>
        n<> u<737> t<Module_item> p<767> c<736> s<765> l<28:2> el<28:49>
          n<> u<736> t<Port_declaration> p<737> c<735> l<28:2> el<28:48>
            n<> u<735> t<Output_declaration> p<736> c<734> l<28:2> el<28:48>
              n<> u<734> t<Variable_port_identifier_list> p<735> c<710> l<28:9> el<28:48>
                n<o4_3> u<710> t<SIMPLE_IDENTIFIER> p<734> s<733> l<28:9> el<28:13>
                n<> u<733> t<Constant_expression> p<734> c<719> l<28:16> el<28:48>
                  n<> u<719> t<Constant_expression> p<733> c<718> s<732> l<28:16> el<28:26>
                    n<> u<718> t<System_task> p<719> c<712> l<28:16> el<28:26>
                      n<> u<712> t<System_task_names> p<718> c<711> s<717> l<28:16> el<28:23>
                        n<$signed> u<711> t<SIMPLE_IDENTIFIER> p<712> l<28:17> el<28:23>
                      n<> u<717> t<Argument_list> p<718> c<716> l<28:24> el<28:25>
                        n<> u<716> t<Expression> p<717> c<715> l<28:24> el<28:25>
                          n<> u<715> t<Primary> p<716> c<714> l<28:24> el<28:25>
                            n<> u<714> t<Primary_literal> p<715> c<713> l<28:24> el<28:25>
                              n<a> u<713> t<SIMPLE_IDENTIFIER> p<714> l<28:24> el<28:25>
                  n<> u<732> t<GREATER_EQUAL> p<733> s<731> l<28:27> el<28:29>
                  n<> u<731> t<Constant_expression> p<733> c<730> l<28:30> el<28:48>
                    n<> u<730> t<Constant_primary> p<731> c<729> l<28:30> el<28:48>
                      n<> u<729> t<Constant_multiple_concatenation> p<730> c<723> l<28:30> el<28:48>
                        n<> u<723> t<Constant_expression> p<729> c<722> s<728> l<28:31> el<28:40>
                          n<> u<722> t<Constant_primary> p<723> c<721> l<28:31> el<28:40>
                            n<> u<721> t<Primary_literal> p<722> c<720> l<28:31> el<28:40>
                              n<LUT_WIDTH> u<720> t<SIMPLE_IDENTIFIER> p<721> l<28:31> el<28:40>
                        n<> u<728> t<Constant_concatenation> p<729> c<727> l<28:40> el<28:47>
                          n<> u<727> t<Constant_expression> p<728> c<726> l<28:41> el<28:46>
                            n<> u<726> t<Constant_primary> p<727> c<725> l<28:41> el<28:46>
                              n<> u<725> t<Primary_literal> p<726> c<724> l<28:41> el<28:46>
                                n<1'sb0> u<724> t<INTEGRAL_NUMBER> p<725> l<28:41> el<28:46>
        n<> u<765> t<Module_item> p<767> c<764> s<766> l<29:2> el<29:49>
          n<> u<764> t<Port_declaration> p<765> c<763> l<29:2> el<29:48>
            n<> u<763> t<Output_declaration> p<764> c<762> l<29:2> el<29:48>
              n<> u<762> t<Variable_port_identifier_list> p<763> c<738> l<29:9> el<29:48>
                n<o4_4> u<738> t<SIMPLE_IDENTIFIER> p<762> s<761> l<29:9> el<29:13>
                n<> u<761> t<Constant_expression> p<762> c<747> l<29:16> el<29:48>
                  n<> u<747> t<Constant_expression> p<761> c<746> s<760> l<29:16> el<29:26>
                    n<> u<746> t<System_task> p<747> c<740> l<29:16> el<29:26>
                      n<> u<740> t<System_task_names> p<746> c<739> s<745> l<29:16> el<29:23>
                        n<$signed> u<739> t<SIMPLE_IDENTIFIER> p<740> l<29:17> el<29:23>
                      n<> u<745> t<Argument_list> p<746> c<744> l<29:24> el<29:25>
                        n<> u<744> t<Expression> p<745> c<743> l<29:24> el<29:25>
                          n<> u<743> t<Primary> p<744> c<742> l<29:24> el<29:25>
                            n<> u<742> t<Primary_literal> p<743> c<741> l<29:24> el<29:25>
                              n<a> u<741> t<SIMPLE_IDENTIFIER> p<742> l<29:24> el<29:25>
                  n<> u<760> t<GREATER> p<761> s<759> l<29:27> el<29:28>
                  n<> u<759> t<Constant_expression> p<761> c<758> l<29:30> el<29:48>
                    n<> u<758> t<Constant_primary> p<759> c<757> l<29:30> el<29:48>
                      n<> u<757> t<Constant_multiple_concatenation> p<758> c<751> l<29:30> el<29:48>
                        n<> u<751> t<Constant_expression> p<757> c<750> s<756> l<29:31> el<29:40>
                          n<> u<750> t<Constant_primary> p<751> c<749> l<29:31> el<29:40>
                            n<> u<749> t<Primary_literal> p<750> c<748> l<29:31> el<29:40>
                              n<LUT_WIDTH> u<748> t<SIMPLE_IDENTIFIER> p<749> l<29:31> el<29:40>
                        n<> u<756> t<Constant_concatenation> p<757> c<755> l<29:40> el<29:47>
                          n<> u<755> t<Constant_expression> p<756> c<754> l<29:41> el<29:46>
                            n<> u<754> t<Constant_primary> p<755> c<753> l<29:41> el<29:46>
                              n<> u<753> t<Primary_literal> p<754> c<752> l<29:41> el<29:46>
                                n<1'sb0> u<752> t<INTEGRAL_NUMBER> p<753> l<29:41> el<29:46>
        n<> u<766> t<ENDMODULE> p<767> l<30:1> el<30:10>
AST_DEBUG_END
[INF:CP0303] $Source01/lut/map_cmp.v:1:1: Compile module "work@top".
[INF:CM0029] Using global timescale: "1ns/1ns".
====== UHDM =======
Design name:unnamed:
  vpiName: unnamed
  vpiSourceFile (1 items):
    SourceFile name:map_cmp.v file:$Source01/lut/map_cmp.v:
      vpiParent: Design name:unnamed
      vpiName: map_cmp.v
      vpiPreprocFile: "$Output/lib/work/lut/map_cmp.v"
      vpiDefNetType: none (12)
  vpiAllModules (1 items):
    Module name:work@top file:$Source01/lut/map_cmp.v start:1:1 end:30:10:
      vpiParent: Design name:unnamed
      vpiName Identifier name:work@top start:1:8 end:1:11:
        vpiParent: Module name:work@top
        vpiName: work@top
      vpiFullName: work@top
      vpiParameter (1 items):
        Parameter name:LUT_WIDTH start:2:12 end:2:21:
          vpiParent: Module name:work@top
          vpiTypespec RefTypespec start:2:12 end:2:12:
            vpiParent: Parameter name:LUT_WIDTH
            vpiFullName: work@top.LUT_WIDTH
            vpiActual: LogicTypespec
          vpiName: LUT_WIDTH
          vpiFullName: work@top.LUT_WIDTH
      vpiParamAssign (1 items):
        ParamAssign start:2:12 end:2:25:
          vpiParent: Module name:work@top
          vpiLhs RefObj name:LUT_WIDTH start:2:12 end:2:21:
            vpiParent: ParamAssign
            vpiName: LUT_WIDTH
            vpiFullName: work@top.LUT_WIDTH
            vpiActual: Parameter name:LUT_WIDTH
          vpiRhs Constant start:2:24 end:2:25:
            vpiParent: ParamAssign
            vpiTypespec RefTypespec:
              vpiParent: Constant
              vpiFullName: work@top
              vpiActual: IntTypespec
            vpiConstType: unsigned int (9)
            vpiSize: 64
            vpiDecompile: "4"
            vpiValue: 4
      vpiTypespec (2 items):
        LogicTypespec:
          vpiParent: Module name:work@top
        LogicTypespec:
          vpiParent: Module name:work@top
          vpiRange (1 items):
            Range start:3:8 end:3:23:
              vpiParent: LogicTypespec
              vpiLeftRange Operation start:3:9 end:3:20:
                vpiParent: Range
                vpiOpType: subtract (11)
                vpiOperand (2 items):
                  RefObj name:LUT_WIDTH start:3:9 end:3:18:
                    vpiParent: Operation
                    vpiName: LUT_WIDTH
                    vpiFullName: work@top.LUT_WIDTH
                    vpiActual: Parameter name:LUT_WIDTH
                  Constant start:3:19 end:3:20:
                    vpiParent: Operation
                    vpiTypespec RefTypespec:
                      vpiParent: Constant
                      vpiFullName: work@top
                      vpiActual: IntTypespec
                    vpiConstType: unsigned int (9)
                    vpiSize: 64
                    vpiDecompile: "1"
                    vpiValue: 1
              vpiRightRange Constant start:3:21 end:3:22:
                vpiParent: Range
                vpiTypespec RefTypespec:
                  vpiParent: Constant
                  vpiFullName: work@top
                  vpiActual: IntTypespec
                vpiConstType: unsigned int (9)
                vpiSize: 64
                vpiDecompile: "0"
                vpiValue: 0
          vpiVector: true
      vpiDefName: work@top
      vpiDefNetType: none (12)
      vpiLibrary RefObj name:work:
        vpiParent: Module name:work@top
        vpiName: work
        vpiFullName: work@top.work
      vpiCell: top
  vpiTypespec (3 items):
    ModuleTypespec name:work@top:
      vpiParent: Design name:unnamed
      vpiName Identifier name:work@top start:1:8 end:1:11:
        vpiParent: ModuleTypespec name:work@top
        vpiName: work@top
      vpiModule: Module name:work@top
    IntTypespec:
      vpiParent: Design name:unnamed
      vpiSigned: true
    LogicTypespec:
      vpiParent: Design name:unnamed
===================
[  FATAL] : 0
[ SYNTAX] : 0
[  ERROR] : 0
[WARNING] : 0
[   NOTE] : 0
********************************************
*   End SURELOG SVerilog Compiler/Linter   *
********************************************

#**#**#**#**#**#**#**#**#**#**#**#**#**#**#**#**#**#**#**#**#**#**#**#**#**#**#**#**#**#**#**#**#**#**#**#**#**#**#**#**

Environment:
      test-name: Yosys/lut/map_cmp.v
   test-dirpath: ${SURELOG_DIR}/regression/Yosys/lut/map_cmp.v
  uhdm-filepath: ${SURELOG_DIR}/regression/Yosys/lut/map_cmp.v/surelog.uhdm
mounts-filepath: ${SURELOG_DIR}/regression/Yosys/lut/map_cmp.v/mounts.json


{'result': {'coverage': 48.51,
            'error_count': 0,
            'file_count': 1,
            'files': {'$Output/lib/work/lut/map_cmp.v': {'post_len': 553,
                                                         'pre_len': 1074}},
            'post_len': 553,
            'pre_len': 1074,
            'test_name': 'Yosys/lut/map_cmp.v'}}

+--------------------------------+----------+-----------+
| INPUT                          |   PRELEN |   POSTLEN |
+================================+==========+===========+
| $Output/lib/work/lut/map_cmp.v |     1074 |       553 |
+================================+==========+===========+
|                                |     1074 |       553 |
+--------------------------------+----------+-----------+

[   ERROR] : 0
[COVERAGE] : 48.51


#**#**#**#**#**#**#**#**#**#**#**#**#**#**#**#**#**#**#**#**#**#**#**#**#**#**#**#**#**#**#**#**#**#**#**#**#**#**#**#**

COMMAND: ${SURELOG_DIR}/regression/Yosys/lut/map_cmp.v/surelog.uhdm ${SURELOG_DIR}/regression/Yosys/lut/map_cmp.v/reduced.uhdm

==================== BEGIN REDUCTION RESULT ====================
Name                            Before   After   Added   Removed
----------------------------------------------------------------
Constant                             3       3       1         1
Operation                            1       0       0         1
RefObj                               3       2       0         1
RefTypespec                          4       4       1         1
----------------------------------------------------------------
Others                              13      13       0         0
----------------------------------------------------------------
                                    24      22       2         4
===================== END REDUCTION RESULT =====================
