********************************************
*  SURELOG SystemVerilog  Compiler/Linter  *
********************************************
Copyright (c) 2017-2023 Alain Dargelas,
http://www.apache.org/licenses/LICENSE-2.0
VERSION: 1.84
BUILT  : Jun 18 2026
DATE   : 2026-06-18.18:58:03
COMMAND: -wd ../../../tests/OneNetModPortGeneric -fileunit -writepp -parse -d uhdm -sv dut.v tb.v -nobuiltin -nocache -mt 0 -mp 0 -d uhdmstats -d cache -d uhdm -nostdout -o ${SURELOG_DIR}/regression/OneNetModPortGeneric/OneNetModPortGeneric
[INF:CM0023] Creating log file "$Output/hlc.log".
[INF:CM0020] Separate compilation-unit mode is on.
[INF:PP0122] Preprocessing source file "$Source01/dut.v".
[INF:PP0122] Preprocessing source file "$Source01/tb.v".
[INF:PA0201] Parsing source file "$Source01/dut.v".
[INF:PA0201] Parsing source file "$Source01/tb.v".
[INF:CP0303] $Source01/dut.v:2:1: Compile module "work@dut".
[INF:CP0304] $Source01/dut.v:9:1: Compile interface "work@ConnectTB".
[INF:CP0303] $Source01/dut.v:22:1: Compile module "work@middle".
[INF:CP0303] $Source01/dut.v:26:1: Compile module "work@SUB".
[INF:CP0303] $Source01/dut.v:30:1: Compile module "work@OBSERVER".
[INF:CP0306] $Source01/tb.v:1:9: Compile program "TESTBENCH".
[WRN:CP0314] $Source01/tb.v:1:9: Using programs is discouraged "TESTBENCH", programs are obsoleted by UVM.
[INF:CP0303] $Source01/tb.v:15:1: Compile module "work@TOP".
[WRN:PA0205] $Source01/dut.v:2:1: No timescale set for "work@dut".
[WRN:PA0205] $Source01/dut.v:22:1: No timescale set for "work@middle".
[WRN:PA0205] $Source01/dut.v:26:1: No timescale set for "work@SUB".
[WRN:PA0205] $Source01/dut.v:30:1: No timescale set for "work@OBSERVER".
[WRN:PA0205] $Source01/tb.v:15:1: No timescale set for "work@TOP".
[WRN:PA0205] $Source01/dut.v:9:1: No timescale set for "work@ConnectTB".
[WRN:PA0205] $Source01/tb.v:1:1: No timescale set for "work@TESTBENCH".
[ERR:EL0535] $Source01/dut.v:3:17: Illegal implicit net "id:41, name:drive".
[ERR:EL0535] $Source01/dut.v:4:21: Illegal implicit net "id:47, name:observe".
[ERR:EL0535] $Source01/dut.v:6:20: Illegal implicit net "id:58, name:intf".
[ERR:EL0535] $Source01/dut.v:23:22: Illegal implicit net "id:90, name:drive".
[ERR:EL0535] $Source01/dut.v:23:13: Illegal implicit net "id:92, name:inp".
[ERR:EL0535] $Source01/dut.v:23:40: Illegal implicit net "id:95, name:observe".
[ERR:EL0535] $Source01/dut.v:23:31: Illegal implicit net "id:97, name:out".
[ERR:EL0535] $Source01/dut.v:31:11: Illegal implicit net "id:126, name:obs".
[ERR:EL0535] $Source01/dut.v:31:22: Illegal implicit net "id:129, name:observe".
[ERR:EL0535] $Source01/tb.v:5:51: Illegal implicit net "id:154, name:drive".
[ERR:EL0535] $Source01/tb.v:5:63: Illegal implicit net "id:157, name:observe".
[ERR:EL0535] $Source01/tb.v:6:10: Illegal implicit net "id:162, name:drive".
[ERR:EL0535] $Source01/tb.v:7:20: Illegal implicit net "id:173, name:drive".
[ERR:EL0535] $Source01/tb.v:7:34: Illegal implicit net "id:176, name:observe".
[ERR:EL0535] $Source01/tb.v:8:15: Illegal implicit net "id:198, name:drive".
[ERR:EL0535] $Source01/tb.v:9:20: Illegal implicit net "id:209, name:drive".
[ERR:EL0535] $Source01/tb.v:9:34: Illegal implicit net "id:212, name:observe".
[ERR:EL0535] $Source01/tb.v:17:23: Illegal implicit net "id:242, name:drive".
[ERR:EL0535] $Source01/tb.v:17:14: Illegal implicit net "id:244, name:i".
[ERR:EL0535] $Source01/tb.v:17:41: Illegal implicit net "id:247, name:observe".
[ERR:EL0535] $Source01/tb.v:17:32: Illegal implicit net "id:249, name:o".
[ERR:EL0535] $Source01/tb.v:18:17: Illegal implicit net "id:258, name:intf".
[ERR:EL0535] $Source01/tb.v:19:17: Illegal implicit net "id:265, name:intf".
====== UHDM =======
Design name:unnamed:
  vpiName: unnamed
  vpiSourceFile (2 items):
    SourceFile name:dut.v file:$Source01/dut.v:
      vpiParent: Design name:unnamed
      vpiName: dut.v
      vpiPreprocFile: "$Output/lib/work/dut.v"
      vpiDefNetType: none (12)
    SourceFile name:tb.v file:$Source01/tb.v:
      vpiParent: Design name:unnamed
      vpiName: tb.v
      vpiPreprocFile: "$Output/lib/work/tb.v"
      vpiDefNetType: none (12)
  vpiAllInterfaces (1 items):
    Interface name:work@ConnectTB file:$Source01/dut.v start:9:1 end:20:13:
      vpiParent: Design name:unnamed
      vpiName Identifier name:work@ConnectTB start:9:11 end:9:20:
        vpiParent: Interface name:work@ConnectTB
        vpiName: work@ConnectTB
      vpiFullName: work@ConnectTB
      vpiVariable (2 items):
        Variable name:drive start:10:9 end:10:14:
          vpiParent: Interface name:work@ConnectTB
          vpiTypespec RefTypespec name:logic start:10:3 end:10:8:
            vpiParent: Variable name:drive
            vpiName: logic
            vpiFullName: work@ConnectTB.drive.logic
          vpiName: drive
          vpiFullName: work@ConnectTB.drive
          vpiNetType: none (12)
        Variable name:observe start:11:9 end:11:16:
          vpiParent: Interface name:work@ConnectTB
          vpiTypespec RefTypespec name:logic start:11:3 end:11:8:
            vpiParent: Variable name:observe
            vpiName: logic
            vpiFullName: work@ConnectTB.observe.logic
          vpiName: observe
          vpiFullName: work@ConnectTB.observe
          vpiNetType: none (12)
      vpiDefNetType: none (12)
      vpiLibrary RefObj name:work:
        vpiParent: Interface name:work@ConnectTB
        vpiName: work
        vpiFullName: work@ConnectTB.work
      vpiCell: ConnectTB
      vpiModport (2 items):
        Modport name:dut start:12:11 end:12:14:
          vpiParent: Interface name:work@ConnectTB
          vpiName Identifier name:dut:
            vpiParent: Modport name:dut
            vpiName: dut
          vpiIODecl (2 items):
            IODecl name:drive start:13:11 end:13:16:
              vpiParent: Modport name:dut
              vpiName: drive
              vpiDirection: input (1)
              vpiTypespec RefTypespec:
                vpiParent: IODecl name:drive
                vpiFullName: work@ConnectTB.dut.drive
            IODecl name:observe start:14:12 end:14:19:
              vpiParent: Modport name:dut
              vpiName: observe
              vpiDirection: output (2)
              vpiTypespec RefTypespec:
                vpiParent: IODecl name:observe
                vpiFullName: work@ConnectTB.dut.observe
          vpiInterface: Interface name:work@ConnectTB
        Modport name:tb start:16:11 end:16:13:
          vpiParent: Interface name:work@ConnectTB
          vpiName Identifier name:tb:
            vpiParent: Modport name:tb
            vpiName: tb
          vpiIODecl (2 items):
            IODecl name:drive start:17:12 end:17:17:
              vpiParent: Modport name:tb
              vpiName: drive
              vpiDirection: output (2)
              vpiTypespec RefTypespec:
                vpiParent: IODecl name:drive
                vpiFullName: work@ConnectTB.tb.drive
            IODecl name:observe start:18:11 end:18:18:
              vpiParent: Modport name:tb
              vpiName: observe
              vpiDirection: input (1)
              vpiTypespec RefTypespec:
                vpiParent: IODecl name:observe
                vpiFullName: work@ConnectTB.tb.observe
          vpiInterface: Interface name:work@ConnectTB
  vpiAllPrograms (1 items):
    Program name:work@TESTBENCH file:$Source01/tb.v start:1:1 end:12:11:
      vpiParent: Design name:unnamed
      vpiName Identifier name:work@TESTBENCH start:1:9 end:1:18:
        vpiParent: Program name:work@TESTBENCH
        vpiName: work@TESTBENCH
      vpiFullName: work@TESTBENCH
      vpiVariable (1 items):
        Variable name:intf start:1:31 end:1:35:
          vpiParent: Program name:work@TESTBENCH
          vpiTypespec RefTypespec:
            vpiParent: Variable name:intf
            vpiFullName: work@TESTBENCH.intf
          vpiName: intf
          vpiFullName: work@TESTBENCH.intf
          vpiNetType: wire (1)
      vpiDefNetType: none (12)
      vpiLibrary RefObj name:work:
        vpiParent: Program name:work@TESTBENCH
        vpiName: work
        vpiFullName: work@TESTBENCH.work
      vpiCell: TESTBENCH
      vpiProcess (1 items):
        Initial start:2:3 end:11:6:
          vpiParent: Program name:work@TESTBENCH
          vpiStmt Begin start:2:11 end:11:6:
            vpiParent: Initial
            vpiFullName: work@TESTBENCH
            vpiStmt (8 items):
              SysFuncCall name:$dumpfile start:3:5 end:3:26:
                vpiParent: Begin
                vpiName Identifier name:$dumpfile start:3:5 end:3:14:
                  vpiParent: SysFuncCall name:$dumpfile
                  vpiName: "$dumpfile"
                vpiArgument (1 items):
                  Constant start:3:15 end:3:25:
                    vpiParent: SysFuncCall name:$dumpfile
                    vpiTypespec RefTypespec:
                      vpiParent: Constant
                      vpiFullName: work@TESTBENCH
                      vpiActual: StringTypespec
                    vpiConstType: string (6)
                    vpiSize: 64
                    vpiDecompile: "\"test.vcd\""
                    vpiValue: test.vcd
              SysFuncCall name:$dumpvars start:4:5 end:4:14:
                vpiParent: Begin
                vpiName Identifier name:$dumpvars start:4:5 end:4:14:
                  vpiParent: SysFuncCall name:$dumpvars
                  vpiName: "$dumpvars"
              SysFuncCall name:$monitor start:5:5 end:5:71:
                vpiParent: Begin
                vpiName Identifier name:$monitor start:5:5 end:5:13:
                  vpiParent: SysFuncCall name:$monitor
                  vpiName: "$monitor"
                vpiArgument (4 items):
                  Constant start:5:14 end:5:39:
                    vpiParent: SysFuncCall name:$monitor
                    vpiTypespec RefTypespec:
                      vpiParent: Constant
                      vpiFullName: work@TESTBENCH
                      vpiActual: StringTypespec
                    vpiConstType: string (6)
                    vpiSize: 184
                    vpiDecompile: "\"@%0dns i = %0d, o = %0d\""
                    vpiValue: "@%0dns i = %0d, o = %0d"
                  SysTaskCall name:$time start:5:40 end:5:45:
                    vpiParent: SysFuncCall name:$monitor
                    vpiName Identifier name:$time start:5:40 end:5:45:
                      vpiParent: SysTaskCall name:$time
                      vpiName: "$time"
                  HierPath name:intf.drive start:5:46 end:5:56:
                    vpiParent: SysFuncCall name:$monitor
                    vpiName: intf.drive
                    vpiFullName: work@TESTBENCH.intf.drive
                    vpiPathElem (2 items):
                      RefObj name:intf start:5:46 end:5:50:
                        vpiParent: HierPath name:intf.drive
                        vpiName: intf
                        vpiFullName: work@TESTBENCH.intf
                        vpiActual: Port name:intf
                      RefObj name:drive start:5:51 end:5:56:
                        vpiParent: HierPath name:intf.drive
                        vpiName: drive
                        vpiFullName: work@TESTBENCH.drive
                  HierPath name:intf.observe start:5:58 end:5:70:
                    vpiParent: SysFuncCall name:$monitor
                    vpiName: intf.observe
                    vpiFullName: work@TESTBENCH.intf.observe
                    vpiPathElem (2 items):
                      RefObj name:intf start:5:58 end:5:62:
                        vpiParent: HierPath name:intf.observe
                        vpiName: intf
                        vpiFullName: work@TESTBENCH.intf
                        vpiActual: Port name:intf
                      RefObj name:observe start:5:63 end:5:70:
                        vpiParent: HierPath name:intf.observe
                        vpiName: observe
                        vpiFullName: work@TESTBENCH.observe
              Assignment start:6:5 end:6:19:
                vpiParent: Begin
                vpiBlocking: true
                vpiLhs HierPath name:intf.drive start:6:5 end:6:15:
                  vpiParent: Assignment
                  vpiName: intf.drive
                  vpiFullName: work@TESTBENCH.intf.drive
                  vpiPathElem (2 items):
                    RefObj name:intf start:6:5 end:6:9:
                      vpiParent: HierPath name:intf.drive
                      vpiName: intf
                      vpiFullName: work@TESTBENCH.intf
                      vpiActual: Port name:intf
                    RefObj name:drive start:6:10 end:6:15:
                      vpiParent: HierPath name:intf.drive
                      vpiName: drive
                      vpiFullName: work@TESTBENCH.drive
                vpiRhs Constant start:6:18 end:6:19:
                  vpiParent: Assignment
                  vpiTypespec RefTypespec:
                    vpiParent: Constant
                    vpiFullName: work@TESTBENCH
                    vpiActual: IntTypespec
                  vpiConstType: unsigned int (9)
                  vpiSize: 64
                  vpiDecompile: "0"
                  vpiValue: 0
              DelayControl start:7:5 end:7:106:
                vpiParent: Begin
                vpiStmt ImmediateAssert start:7:8 end:7:106:
                  vpiParent: DelayControl
                  vpiExpr Operation start:7:15 end:7:41:
                    vpiParent: ImmediateAssert
                    vpiOpType: equal (14)
                    vpiOperand (2 items):
                      HierPath name:intf.drive start:7:15 end:7:25:
                        vpiParent: Operation
                        vpiName: intf.drive
                        vpiFullName: work@TESTBENCH.intf.drive
                        vpiPathElem (2 items):
                          RefObj name:intf start:7:15 end:7:19:
                            vpiParent: HierPath name:intf.drive
                            vpiName: intf
                            vpiFullName: work@TESTBENCH.intf
                            vpiActual: Port name:intf
                          RefObj name:drive start:7:20 end:7:25:
                            vpiParent: HierPath name:intf.drive
                            vpiName: drive
                            vpiFullName: work@TESTBENCH.drive
                      HierPath name:intf.observe start:7:29 end:7:41:
                        vpiParent: Operation
                        vpiName: intf.observe
                        vpiFullName: work@TESTBENCH.intf.observe
                        vpiPathElem (2 items):
                          RefObj name:intf start:7:29 end:7:33:
                            vpiParent: HierPath name:intf.observe
                            vpiName: intf
                            vpiFullName: work@TESTBENCH.intf
                            vpiActual: Port name:intf
                          RefObj name:observe start:7:34 end:7:41:
                            vpiParent: HierPath name:intf.observe
                            vpiName: observe
                            vpiFullName: work@TESTBENCH.observe
                  vpiStmt SysFuncCall name:$display start:7:43 end:7:58:
                    vpiParent: ImmediateAssert
                    vpiName Identifier name:$display start:7:43 end:7:51:
                      vpiParent: SysFuncCall name:$display
                      vpiName: "$display"
                    vpiArgument (1 items):
                      Constant start:7:52 end:7:57:
                        vpiParent: SysFuncCall name:$display
                        vpiTypespec RefTypespec:
                          vpiParent: Constant
                          vpiFullName: work@TESTBENCH
                          vpiActual: StringTypespec
                        vpiConstType: string (6)
                        vpiSize: 24
                        vpiDecompile: "\"OK!\""
                        vpiValue: OK!
                  vpiElseStmt SysFuncCall name:$fatal start:7:65 end:7:105:
                    vpiParent: ImmediateAssert
                    vpiName Identifier name:$fatal start:7:65 end:7:71:
                      vpiParent: SysFuncCall name:$fatal
                      vpiName: "$fatal"
                    vpiArgument (2 items):
                      Constant start:7:72 end:7:73:
                        vpiParent: SysFuncCall name:$fatal
                        vpiTypespec RefTypespec:
                          vpiParent: Constant
                          vpiFullName: work@TESTBENCH
                          vpiActual: IntTypespec
                        vpiConstType: unsigned int (9)
                        vpiSize: 64
                        vpiDecompile: "1"
                        vpiValue: 1
                      Constant start:7:75 end:7:104:
                        vpiParent: SysFuncCall name:$fatal
                        vpiTypespec RefTypespec:
                          vpiParent: Constant
                          vpiFullName: work@TESTBENCH
                          vpiActual: StringTypespec
                        vpiConstType: string (6)
                        vpiSize: 216
                        vpiDecompile: "\"intf.drive != intf.observe!\""
                        vpiValue: intf.drive != intf.observe!
                vpiDelay Constant start:7:6 end:7:7:
                  vpiParent: DelayControl
                  vpiTypespec RefTypespec:
                    vpiParent: Constant
                    vpiFullName: work@TESTBENCH
                    vpiActual: IntTypespec
                  vpiConstType: int (7)
                  vpiSize: 32
                  vpiDecompile: "1"
                  vpiValue: 1
              DelayControl start:8:5 end:8:25:
                vpiParent: Begin
                vpiStmt Assignment start:8:10 end:8:24:
                  vpiParent: DelayControl
                  vpiBlocking: true
                  vpiLhs HierPath name:intf.drive start:8:10 end:8:20:
                    vpiParent: Assignment
                    vpiName: intf.drive
                    vpiFullName: work@TESTBENCH.intf.drive
                    vpiPathElem (2 items):
                      RefObj name:intf start:8:10 end:8:14:
                        vpiParent: HierPath name:intf.drive
                        vpiName: intf
                        vpiFullName: work@TESTBENCH.intf
                        vpiActual: Port name:intf
                      RefObj name:drive start:8:15 end:8:20:
                        vpiParent: HierPath name:intf.drive
                        vpiName: drive
                        vpiFullName: work@TESTBENCH.drive
                  vpiRhs Constant start:8:23 end:8:24:
                    vpiParent: Assignment
                    vpiTypespec RefTypespec:
                      vpiParent: Constant
                      vpiFullName: work@TESTBENCH
                      vpiActual: IntTypespec
                    vpiConstType: unsigned int (9)
                    vpiSize: 64
                    vpiDecompile: "1"
                    vpiValue: 1
                vpiDelay Constant start:8:6 end:8:9:
                  vpiParent: DelayControl
                  vpiTypespec RefTypespec:
                    vpiParent: Constant
                    vpiFullName: work@TESTBENCH
                    vpiActual: IntTypespec
                  vpiConstType: int (7)
                  vpiSize: 32
                  vpiDecompile: "100"
                  vpiValue: 100
              DelayControl start:9:5 end:9:106:
                vpiParent: Begin
                vpiStmt ImmediateAssert start:9:8 end:9:106:
                  vpiParent: DelayControl
                  vpiExpr Operation start:9:15 end:9:41:
                    vpiParent: ImmediateAssert
                    vpiOpType: equal (14)
                    vpiOperand (2 items):
                      HierPath name:intf.drive start:9:15 end:9:25:
                        vpiParent: Operation
                        vpiName: intf.drive
                        vpiFullName: work@TESTBENCH.intf.drive
                        vpiPathElem (2 items):
                          RefObj name:intf start:9:15 end:9:19:
                            vpiParent: HierPath name:intf.drive
                            vpiName: intf
                            vpiFullName: work@TESTBENCH.intf
                            vpiActual: Port name:intf
                          RefObj name:drive start:9:20 end:9:25:
                            vpiParent: HierPath name:intf.drive
                            vpiName: drive
                            vpiFullName: work@TESTBENCH.drive
                      HierPath name:intf.observe start:9:29 end:9:41:
                        vpiParent: Operation
                        vpiName: intf.observe
                        vpiFullName: work@TESTBENCH.intf.observe
                        vpiPathElem (2 items):
                          RefObj name:intf start:9:29 end:9:33:
                            vpiParent: HierPath name:intf.observe
                            vpiName: intf
                            vpiFullName: work@TESTBENCH.intf
                            vpiActual: Port name:intf
                          RefObj name:observe start:9:34 end:9:41:
                            vpiParent: HierPath name:intf.observe
                            vpiName: observe
                            vpiFullName: work@TESTBENCH.observe
                  vpiStmt SysFuncCall name:$display start:9:43 end:9:58:
                    vpiParent: ImmediateAssert
                    vpiName Identifier name:$display start:9:43 end:9:51:
                      vpiParent: SysFuncCall name:$display
                      vpiName: "$display"
                    vpiArgument (1 items):
                      Constant start:9:52 end:9:57:
                        vpiParent: SysFuncCall name:$display
                        vpiTypespec RefTypespec:
                          vpiParent: Constant
                          vpiFullName: work@TESTBENCH
                          vpiActual: StringTypespec
                        vpiConstType: string (6)
                        vpiSize: 24
                        vpiDecompile: "\"OK!\""
                        vpiValue: OK!
                  vpiElseStmt SysFuncCall name:$fatal start:9:65 end:9:105:
                    vpiParent: ImmediateAssert
                    vpiName Identifier name:$fatal start:9:65 end:9:71:
                      vpiParent: SysFuncCall name:$fatal
                      vpiName: "$fatal"
                    vpiArgument (2 items):
                      Constant start:9:72 end:9:73:
                        vpiParent: SysFuncCall name:$fatal
                        vpiTypespec RefTypespec:
                          vpiParent: Constant
                          vpiFullName: work@TESTBENCH
                          vpiActual: IntTypespec
                        vpiConstType: unsigned int (9)
                        vpiSize: 64
                        vpiDecompile: "1"
                        vpiValue: 1
                      Constant start:9:75 end:9:104:
                        vpiParent: SysFuncCall name:$fatal
                        vpiTypespec RefTypespec:
                          vpiParent: Constant
                          vpiFullName: work@TESTBENCH
                          vpiActual: StringTypespec
                        vpiConstType: string (6)
                        vpiSize: 216
                        vpiDecompile: "\"intf.drive != intf.observe!\""
                        vpiValue: intf.drive != intf.observe!
                vpiDelay Constant start:9:6 end:9:7:
                  vpiParent: DelayControl
                  vpiTypespec RefTypespec:
                    vpiParent: Constant
                    vpiFullName: work@TESTBENCH
                    vpiActual: IntTypespec
                  vpiConstType: int (7)
                  vpiSize: 32
                  vpiDecompile: "1"
                  vpiValue: 1
              DelayControl start:10:5 end:10:20:
                vpiParent: Begin
                vpiStmt SysFuncCall name:$finish start:10:10 end:10:19:
                  vpiParent: DelayControl
                  vpiName Identifier name:$finish start:10:10 end:10:17:
                    vpiParent: SysFuncCall name:$finish
                    vpiName: "$finish"
                vpiDelay Constant start:10:6 end:10:9:
                  vpiParent: DelayControl
                  vpiTypespec RefTypespec:
                    vpiParent: Constant
                    vpiFullName: work@TESTBENCH
                    vpiActual: IntTypespec
                  vpiConstType: int (7)
                  vpiSize: 32
                  vpiDecompile: "100"
                  vpiValue: 100
      vpiPort (1 items):
        Port name:intf start:1:31 end:1:35:
          vpiParent: Program name:work@TESTBENCH
          vpiName: intf
          vpiDirection: inout (3)
          vpiLowConn RefObj start:1:31 end:1:35:
            vpiParent: Port name:intf
            vpiFullName: work@TESTBENCH.intf
            vpiActual: Variable name:intf
          vpiTypespec RefTypespec:
            vpiParent: Port name:intf
            vpiFullName: work@TESTBENCH.intf
  vpiAllModules (5 items):
    Module name:work@dut file:$Source01/dut.v start:2:1 end:7:10:
      vpiParent: Design name:unnamed
      vpiName Identifier name:work@dut start:2:8 end:2:11:
        vpiParent: Module name:work@dut
        vpiName: work@dut
      vpiFullName: work@dut
      vpiVariable (1 items):
        Variable name:o start:2:38 end:2:39:
          vpiParent: Module name:work@dut
          vpiTypespec RefTypespec start:2:27 end:2:37:
            vpiParent: Variable name:o
            vpiFullName: work@dut.o
            vpiActual: LogicTypespec
          vpiName: o
          vpiFullName: work@dut.o
          vpiNetType: none (12)
      vpiTypespec (3 items):
        LogicTypespec:
          vpiParent: Module name:work@dut
        InterfaceTypespec name:work@ConnectTB start:5:3 end:5:12:
          vpiParent: Module name:work@dut
          vpiName Identifier name:work@ConnectTB start:5:3 end:5:12:
            vpiParent: InterfaceTypespec name:work@ConnectTB
            vpiName: work@ConnectTB
        ModuleTypespec name:work@middle start:6:3 end:6:9:
          vpiParent: Module name:work@dut
          vpiName Identifier name:work@middle start:6:3 end:6:9:
            vpiParent: ModuleTypespec name:work@middle
            vpiName: work@middle
      vpiDefName: work@dut
      vpiDefNetType: none (12)
      vpiLibrary RefObj name:work:
        vpiParent: Module name:work@dut
        vpiName: work
        vpiFullName: work@dut.work
      vpiCell: dut
      vpiNet (1 items):
        Net name:i start:2:24 end:2:25:
          vpiParent: Module name:work@dut
          vpiTypespec RefTypespec start:2:13 end:2:23:
            vpiParent: Net name:i
            vpiFullName: work@dut.i
            vpiActual: LogicTypespec
          vpiName: i
          vpiFullName: work@dut.i
          vpiNetType: wire (1)
      vpiPort (2 items):
        Port name:i start:2:24 end:2:25:
          vpiParent: Module name:work@dut
          vpiName: i
          vpiDirection: input (1)
          vpiLowConn RefObj start:2:24 end:2:25:
            vpiParent: Port name:i
            vpiFullName: work@dut.i
            vpiActual: Net name:i
          vpiTypespec RefTypespec start:2:13 end:2:23:
            vpiParent: Port name:i
            vpiFullName: work@dut.i
            vpiActual: LogicTypespec
        Port name:o start:2:38 end:2:39:
          vpiParent: Module name:work@dut
          vpiName: o
          vpiDirection: output (2)
          vpiLowConn RefObj start:2:38 end:2:39:
            vpiParent: Port name:o
            vpiFullName: work@dut.o
            vpiActual: Variable name:o
          vpiTypespec RefTypespec start:2:27 end:2:37:
            vpiParent: Port name:o
            vpiFullName: work@dut.o
            vpiActual: LogicTypespec
      vpiContAssign (2 items):
        ContAssign start:3:10 end:3:26:
          vpiParent: Module name:work@dut
          vpiLhs HierPath name:conntb.drive start:3:10 end:3:22:
            vpiParent: ContAssign
            vpiName: conntb.drive
            vpiFullName: work@dut.conntb.drive
            vpiPathElem (2 items):
              RefObj name:conntb start:3:10 end:3:16:
                vpiParent: HierPath name:conntb.drive
                vpiName: conntb
                vpiFullName: work@dut.conntb
                vpiActual: RefInstance name:conntb
              RefObj name:drive start:3:17 end:3:22:
                vpiParent: HierPath name:conntb.drive
                vpiName: drive
                vpiFullName: work@dut.drive
          vpiRhs RefObj name:i start:3:25 end:3:26:
            vpiParent: ContAssign
            vpiName: i
            vpiFullName: work@dut.i
            vpiActual: Net name:i
        ContAssign start:4:10 end:4:28:
          vpiParent: Module name:work@dut
          vpiLhs RefObj name:o start:4:10 end:4:11:
            vpiParent: ContAssign
            vpiName: o
            vpiFullName: work@dut.o
            vpiActual: Variable name:o
          vpiRhs HierPath name:conntb.observe start:4:14 end:4:28:
            vpiParent: ContAssign
            vpiName: conntb.observe
            vpiFullName: work@dut.conntb.observe
            vpiPathElem (2 items):
              RefObj name:conntb start:4:14 end:4:20:
                vpiParent: HierPath name:conntb.observe
                vpiName: conntb
                vpiFullName: work@dut.conntb
                vpiActual: RefInstance name:conntb
              RefObj name:observe start:4:21 end:4:28:
                vpiParent: HierPath name:conntb.observe
                vpiName: observe
                vpiFullName: work@dut.observe
      vpiRefInstance (2 items):
        RefInstance name:conntb start:5:13 end:5:19:
          vpiParent: Module name:work@dut
          vpiName: conntb
          vpiTypespec RefTypespec name:work@ConnectTB start:5:3 end:5:12:
            vpiParent: RefInstance name:conntb
            vpiName: work@ConnectTB
            vpiFullName: work@dut.conntb.work@ConnectTB
            vpiActual: InterfaceTypespec name:work@ConnectTB
        RefInstance name:middle1 start:6:10 end:6:17:
          vpiParent: Module name:work@dut
          vpiName: middle1
          vpiTypespec RefTypespec name:work@middle start:6:3 end:6:9:
            vpiParent: RefInstance name:middle1
            vpiName: work@middle
            vpiFullName: work@dut.middle1.work@middle
            vpiActual: ModuleTypespec name:work@middle
          vpiPort (1 items):
            Port start:6:19 end:6:36:
              vpiParent: RefInstance name:middle1
              vpiLowConn RefObj name:intf start:6:20 end:6:24:
                vpiParent: Port
                vpiName: intf
                vpiFullName: work@dut.middle1.intf
              vpiHighConn HierPath name:conntb.dut start:6:25 end:6:35:
                vpiParent: Port
                vpiName: conntb.dut
                vpiFullName: work@dut.middle1.conntb.dut
                vpiPathElem (2 items):
                  RefObj name:conntb start:6:25 end:6:31:
                    vpiParent: HierPath name:conntb.dut
                    vpiName: conntb
                    vpiFullName: work@dut.middle1.conntb
                    vpiActual: RefInstance name:conntb
                  RefObj name:dut start:6:32 end:6:35:
                    vpiParent: HierPath name:conntb.dut
                    vpiName: dut
                    vpiFullName: work@dut.middle1.dut
                    vpiActual: Module name:work@dut
    Module name:work@middle file:$Source01/dut.v start:22:1 end:24:10:
      vpiParent: Design name:unnamed
      vpiName Identifier name:work@middle start:22:8 end:22:14:
        vpiParent: Module name:work@middle
        vpiName: work@middle
      vpiFullName: work@middle
      vpiTypespec (1 items):
        ModuleTypespec name:work@SUB start:23:3 end:23:6:
          vpiParent: Module name:work@middle
          vpiName Identifier name:work@SUB start:23:3 end:23:6:
            vpiParent: ModuleTypespec name:work@SUB
            vpiName: work@SUB
      vpiDefName: work@middle
      vpiDefNetType: none (12)
      vpiLibrary RefObj name:work:
        vpiParent: Module name:work@middle
        vpiName: work
        vpiFullName: work@middle.work
      vpiCell: middle
      vpiNet (1 items):
        Net name:intf start:22:26 end:22:30:
          vpiParent: Module name:work@middle
          vpiTypespec RefTypespec:
            vpiParent: Net name:intf
            vpiFullName: work@middle.intf
          vpiName: intf
          vpiFullName: work@middle.intf
          vpiNetType: wire (1)
      vpiPort (1 items):
        Port name:intf start:22:26 end:22:30:
          vpiParent: Module name:work@middle
          vpiName: intf
          vpiDirection: inout (3)
          vpiLowConn RefObj start:22:26 end:22:30:
            vpiParent: Port name:intf
            vpiFullName: work@middle.intf
            vpiActual: Net name:intf
          vpiTypespec RefTypespec:
            vpiParent: Port name:intf
            vpiFullName: work@middle.intf
      vpiRefInstance (1 items):
        RefInstance name:sub1 start:23:7 end:23:11:
          vpiParent: Module name:work@middle
          vpiName: sub1
          vpiTypespec RefTypespec name:work@SUB start:23:3 end:23:6:
            vpiParent: RefInstance name:sub1
            vpiName: work@SUB
            vpiFullName: work@middle.sub1.work@SUB
            vpiActual: ModuleTypespec name:work@SUB
          vpiPort (2 items):
            Port start:23:12 end:23:28:
              vpiParent: RefInstance name:sub1
              vpiLowConn RefObj name:inp start:23:13 end:23:16:
                vpiParent: Port
                vpiName: inp
                vpiFullName: work@middle.sub1.inp
              vpiHighConn HierPath name:intf.drive start:23:17 end:23:27:
                vpiParent: Port
                vpiName: intf.drive
                vpiFullName: work@middle.sub1.intf.drive
                vpiPathElem (2 items):
                  RefObj name:intf start:23:17 end:23:21:
                    vpiParent: HierPath name:intf.drive
                    vpiName: intf
                    vpiFullName: work@middle.sub1.intf
                    vpiActual: Net name:intf
                  RefObj name:drive start:23:22 end:23:27:
                    vpiParent: HierPath name:intf.drive
                    vpiName: drive
                    vpiFullName: work@middle.sub1.drive
            Port start:23:30 end:23:48:
              vpiParent: RefInstance name:sub1
              vpiLowConn RefObj name:out start:23:31 end:23:34:
                vpiParent: Port
                vpiName: out
                vpiFullName: work@middle.sub1.out
              vpiHighConn HierPath name:intf.observe start:23:35 end:23:47:
                vpiParent: Port
                vpiName: intf.observe
                vpiFullName: work@middle.sub1.intf.observe
                vpiPathElem (2 items):
                  RefObj name:intf start:23:35 end:23:39:
                    vpiParent: HierPath name:intf.observe
                    vpiName: intf
                    vpiFullName: work@middle.sub1.intf
                    vpiActual: Net name:intf
                  RefObj name:observe start:23:40 end:23:47:
                    vpiParent: HierPath name:intf.observe
                    vpiName: observe
                    vpiFullName: work@middle.sub1.observe
    Module name:work@SUB file:$Source01/dut.v start:26:1 end:28:10:
      vpiParent: Design name:unnamed
      vpiName Identifier name:work@SUB start:26:8 end:26:11:
        vpiParent: Module name:work@SUB
        vpiName: work@SUB
      vpiFullName: work@SUB
      vpiVariable (1 items):
        Variable name:out start:26:40 end:26:43:
          vpiParent: Module name:work@SUB
          vpiTypespec RefTypespec start:26:29 end:26:39:
            vpiParent: Variable name:out
            vpiFullName: work@SUB.out
            vpiActual: LogicTypespec
          vpiName: out
          vpiFullName: work@SUB.out
          vpiNetType: none (12)
      vpiTypespec (1 items):
        LogicTypespec:
          vpiParent: Module name:work@SUB
      vpiDefName: work@SUB
      vpiDefNetType: none (12)
      vpiLibrary RefObj name:work:
        vpiParent: Module name:work@SUB
        vpiName: work
        vpiFullName: work@SUB.work
      vpiCell: SUB
      vpiNet (1 items):
        Net name:inp start:26:24 end:26:27:
          vpiParent: Module name:work@SUB
          vpiTypespec RefTypespec start:26:13 end:26:23:
            vpiParent: Net name:inp
            vpiFullName: work@SUB.inp
            vpiActual: LogicTypespec
          vpiName: inp
          vpiFullName: work@SUB.inp
          vpiNetType: wire (1)
      vpiPort (2 items):
        Port name:inp start:26:24 end:26:27:
          vpiParent: Module name:work@SUB
          vpiName: inp
          vpiDirection: input (1)
          vpiLowConn RefObj start:26:24 end:26:27:
            vpiParent: Port name:inp
            vpiFullName: work@SUB.inp
            vpiActual: Net name:inp
          vpiTypespec RefTypespec start:26:13 end:26:23:
            vpiParent: Port name:inp
            vpiFullName: work@SUB.inp
            vpiActual: LogicTypespec
        Port name:out start:26:40 end:26:43:
          vpiParent: Module name:work@SUB
          vpiName: out
          vpiDirection: output (2)
          vpiLowConn RefObj start:26:40 end:26:43:
            vpiParent: Port name:out
            vpiFullName: work@SUB.out
            vpiActual: Variable name:out
          vpiTypespec RefTypespec start:26:29 end:26:39:
            vpiParent: Port name:out
            vpiFullName: work@SUB.out
            vpiActual: LogicTypespec
      vpiContAssign (1 items):
        ContAssign start:27:10 end:27:19:
          vpiParent: Module name:work@SUB
          vpiLhs RefObj name:out start:27:10 end:27:13:
            vpiParent: ContAssign
            vpiName: out
            vpiFullName: work@SUB.out
            vpiActual: Variable name:out
          vpiRhs RefObj name:inp start:27:16 end:27:19:
            vpiParent: ContAssign
            vpiName: inp
            vpiFullName: work@SUB.inp
            vpiActual: Net name:inp
    Module name:work@OBSERVER file:$Source01/dut.v start:30:1 end:32:10:
      vpiParent: Design name:unnamed
      vpiName Identifier name:work@OBSERVER start:30:8 end:30:16:
        vpiParent: Module name:work@OBSERVER
        vpiName: work@OBSERVER
      vpiFullName: work@OBSERVER
      vpiDefName: work@OBSERVER
      vpiDefNetType: none (12)
      vpiLibrary RefObj name:work:
        vpiParent: Module name:work@OBSERVER
        vpiName: work
        vpiFullName: work@OBSERVER.work
      vpiCell: OBSERVER
      vpiNet (1 items):
        Net name:intf start:30:27 end:30:31:
          vpiParent: Module name:work@OBSERVER
          vpiTypespec RefTypespec:
            vpiParent: Net name:intf
            vpiFullName: work@OBSERVER.intf
          vpiName: intf
          vpiFullName: work@OBSERVER.intf
          vpiNetType: wire (1)
      vpiPort (1 items):
        Port name:intf start:30:27 end:30:31:
          vpiParent: Module name:work@OBSERVER
          vpiName: intf
          vpiDirection: inout (3)
          vpiLowConn RefObj start:30:27 end:30:31:
            vpiParent: Port name:intf
            vpiFullName: work@OBSERVER.intf
            vpiActual: Net name:intf
          vpiTypespec RefTypespec:
            vpiParent: Port name:intf
            vpiFullName: work@OBSERVER.intf
      vpiContAssign (1 items):
        ContAssign start:31:11 end:31:29:
          vpiParent: Module name:work@OBSERVER
          vpiLhs RefObj name:obs start:31:11 end:31:14:
            vpiParent: ContAssign
            vpiName: obs
            vpiFullName: work@OBSERVER.obs
          vpiRhs HierPath name:intf.observe start:31:17 end:31:29:
            vpiParent: ContAssign
            vpiName: intf.observe
            vpiFullName: work@OBSERVER.intf.observe
            vpiPathElem (2 items):
              RefObj name:intf start:31:17 end:31:21:
                vpiParent: HierPath name:intf.observe
                vpiName: intf
                vpiFullName: work@OBSERVER.intf
                vpiActual: Net name:intf
              RefObj name:observe start:31:22 end:31:29:
                vpiParent: HierPath name:intf.observe
                vpiName: observe
                vpiFullName: work@OBSERVER.observe
    Module name:work@TOP file:$Source01/tb.v start:15:1 end:20:10:
      vpiParent: Design name:unnamed
      vpiName Identifier name:work@TOP start:15:8 end:15:11:
        vpiParent: Module name:work@TOP
        vpiName: work@TOP
      vpiFullName: work@TOP
      vpiTypespec (1 items):
        ProgramTypespec name:work@TESTBENCH start:18:3 end:18:12:
          vpiParent: Module name:work@TOP
          vpiName Identifier name:work@TESTBENCH start:18:3 end:18:12:
            vpiParent: ProgramTypespec name:work@TESTBENCH
            vpiName: work@TESTBENCH
      vpiDefName: work@TOP
      vpiDefNetType: none (12)
      vpiLibrary RefObj name:work:
        vpiParent: Module name:work@TOP
        vpiName: work
        vpiFullName: work@TOP.work
      vpiCell: TOP
      vpiRefInstance (4 items):
        RefInstance name:conntb start:16:13 end:16:19:
          vpiParent: Module name:work@TOP
          vpiName: conntb
          vpiTypespec RefTypespec name:work@ConnectTB start:16:3 end:16:12:
            vpiParent: RefInstance name:conntb
            vpiName: work@ConnectTB
            vpiFullName: work@TOP.conntb.work@ConnectTB
            vpiActual: InterfaceTypespec name:work@ConnectTB
        RefInstance name:dut1 start:17:7 end:17:11:
          vpiParent: Module name:work@TOP
          vpiName: dut1
          vpiTypespec RefTypespec name:work@dut start:17:3 end:17:6:
            vpiParent: RefInstance name:dut1
            vpiName: work@dut
            vpiFullName: work@TOP.dut1.work@dut
            vpiActual: ModuleTypespec name:work@dut
          vpiPort (2 items):
            Port start:17:13 end:17:29:
              vpiParent: RefInstance name:dut1
              vpiLowConn RefObj name:i start:17:14 end:17:15:
                vpiParent: Port
                vpiName: i
                vpiFullName: work@TOP.dut1.i
              vpiHighConn HierPath name:conntb.drive start:17:16 end:17:28:
                vpiParent: Port
                vpiName: conntb.drive
                vpiFullName: work@TOP.dut1.conntb.drive
                vpiPathElem (2 items):
                  RefObj name:conntb start:17:16 end:17:22:
                    vpiParent: HierPath name:conntb.drive
                    vpiName: conntb
                    vpiFullName: work@TOP.dut1.conntb
                    vpiActual: RefInstance name:conntb
                  RefObj name:drive start:17:23 end:17:28:
                    vpiParent: HierPath name:conntb.drive
                    vpiName: drive
                    vpiFullName: work@TOP.dut1.drive
            Port start:17:31 end:17:49:
              vpiParent: RefInstance name:dut1
              vpiLowConn RefObj name:o start:17:32 end:17:33:
                vpiParent: Port
                vpiName: o
                vpiFullName: work@TOP.dut1.o
              vpiHighConn HierPath name:conntb.observe start:17:34 end:17:48:
                vpiParent: Port
                vpiName: conntb.observe
                vpiFullName: work@TOP.dut1.conntb.observe
                vpiPathElem (2 items):
                  RefObj name:conntb start:17:34 end:17:40:
                    vpiParent: HierPath name:conntb.observe
                    vpiName: conntb
                    vpiFullName: work@TOP.dut1.conntb
                    vpiActual: RefInstance name:conntb
                  RefObj name:observe start:17:41 end:17:48:
                    vpiParent: HierPath name:conntb.observe
                    vpiName: observe
                    vpiFullName: work@TOP.dut1.observe
        RefInstance name:tb start:18:13 end:18:15:
          vpiParent: Module name:work@TOP
          vpiName: tb
          vpiTypespec RefTypespec name:work@TESTBENCH start:18:3 end:18:12:
            vpiParent: RefInstance name:tb
            vpiName: work@TESTBENCH
            vpiFullName: work@TOP.tb.work@TESTBENCH
            vpiActual: ProgramTypespec name:work@TESTBENCH
          vpiPort (1 items):
            Port start:18:16 end:18:32:
              vpiParent: RefInstance name:tb
              vpiLowConn RefObj name:intf start:18:17 end:18:21:
                vpiParent: Port
                vpiName: intf
                vpiFullName: work@TOP.tb.intf
              vpiHighConn HierPath name:conntb.tb start:18:22 end:18:31:
                vpiParent: Port
                vpiName: conntb.tb
                vpiFullName: work@TOP.tb.conntb.tb
                vpiPathElem (2 items):
                  RefObj name:conntb start:18:22 end:18:28:
                    vpiParent: HierPath name:conntb.tb
                    vpiName: conntb
                    vpiFullName: work@TOP.tb.conntb
                    vpiActual: RefInstance name:conntb
                  RefObj name:tb start:18:29 end:18:31:
                    vpiParent: HierPath name:conntb.tb
                    vpiName: tb
                    vpiFullName: work@TOP.tb.tb
                    vpiActual: RefInstance name:tb
        RefInstance name:obs start:19:12 end:19:15:
          vpiParent: Module name:work@TOP
          vpiName: obs
          vpiTypespec RefTypespec name:work@OBSERVER start:19:3 end:19:11:
            vpiParent: RefInstance name:obs
            vpiName: work@OBSERVER
            vpiFullName: work@TOP.obs.work@OBSERVER
            vpiActual: ModuleTypespec name:work@OBSERVER
          vpiPort (1 items):
            Port start:19:16 end:19:29:
              vpiParent: RefInstance name:obs
              vpiLowConn RefObj name:intf start:19:17 end:19:21:
                vpiParent: Port
                vpiName: intf
                vpiFullName: work@TOP.obs.intf
              vpiHighConn RefObj name:conntb start:19:22 end:19:28:
                vpiParent: Port
                vpiName: conntb
                vpiFullName: work@TOP.obs.conntb
                vpiActual: RefInstance name:conntb
  vpiTypespec (9 items):
    ModuleTypespec name:work@dut:
      vpiParent: Design name:unnamed
      vpiName Identifier name:work@dut start:2:8 end:2:11:
        vpiParent: ModuleTypespec name:work@dut
        vpiName: work@dut
      vpiModule: Module name:work@dut
    InterfaceTypespec name:work@ConnectTB:
      vpiParent: Design name:unnamed
      vpiName Identifier name:work@ConnectTB start:9:11 end:9:20:
        vpiParent: InterfaceTypespec name:work@ConnectTB
        vpiName: work@ConnectTB
      vpiInterface: Interface name:work@ConnectTB
    ModuleTypespec name:work@middle:
      vpiParent: Design name:unnamed
      vpiName Identifier name:work@middle start:22:8 end:22:14:
        vpiParent: ModuleTypespec name:work@middle
        vpiName: work@middle
      vpiModule: Module name:work@middle
    ModuleTypespec name:work@SUB:
      vpiParent: Design name:unnamed
      vpiName Identifier name:work@SUB start:26:8 end:26:11:
        vpiParent: ModuleTypespec name:work@SUB
        vpiName: work@SUB
      vpiModule: Module name:work@SUB
    ModuleTypespec name:work@OBSERVER:
      vpiParent: Design name:unnamed
      vpiName Identifier name:work@OBSERVER start:30:8 end:30:16:
        vpiParent: ModuleTypespec name:work@OBSERVER
        vpiName: work@OBSERVER
      vpiModule: Module name:work@OBSERVER
    ProgramTypespec name:work@TESTBENCH:
      vpiParent: Design name:unnamed
      vpiName Identifier name:work@TESTBENCH start:1:9 end:1:18:
        vpiParent: ProgramTypespec name:work@TESTBENCH
        vpiName: work@TESTBENCH
      vpiProgram: Program name:work@TESTBENCH
    StringTypespec:
      vpiParent: Design name:unnamed
    IntTypespec:
      vpiParent: Design name:unnamed
      vpiSigned: true
    ModuleTypespec name:work@TOP:
      vpiParent: Design name:unnamed
      vpiName Identifier name:work@TOP start:15:8 end:15:11:
        vpiParent: ModuleTypespec name:work@TOP
        vpiName: work@TOP
      vpiModule: Module name:work@TOP
===================
[  FATAL] : 0
[ SYNTAX] : 0
[  ERROR] : 23
[WARNING] : 8
[   NOTE] : 0
********************************************
*   End SURELOG SVerilog Compiler/Linter   *
********************************************

#**#**#**#**#**#**#**#**#**#**#**#**#**#**#**#**#**#**#**#**#**#**#**#**#**#**#**#**#**#**#**#**#**#**#**#**#**#**#**#**

Environment:
      test-name: OneNetModPortGeneric/OneNetModPortGeneric
   test-dirpath: ${SURELOG_DIR}/regression/OneNetModPortGeneric/OneNetModPortGeneric
  uhdm-filepath: ${SURELOG_DIR}/regression/OneNetModPortGeneric/OneNetModPortGeneric/surelog.uhdm
mounts-filepath: ${SURELOG_DIR}/regression/OneNetModPortGeneric/OneNetModPortGeneric/mounts.json


{'result': {'coverage': 100.0,
            'error_count': 0,
            'file_count': 2,
            'files': {'$Output/lib/work/dut.v': {'post_len': 0, 'pre_len': 517},
                      '$Output/lib/work/tb.v': {'post_len': 0, 'pre_len': 564}},
            'post_len': 0,
            'pre_len': 1081,
            'test_name': 'OneNetModPortGeneric/OneNetModPortGeneric'}}

+------------------------+----------+-----------+
| INPUT                  |   PRELEN |   POSTLEN |
+========================+==========+===========+
| $Output/lib/work/dut.v |      517 |         0 |
| $Output/lib/work/tb.v  |      564 |         0 |
+========================+==========+===========+
|                        |     1081 |         0 |
+------------------------+----------+-----------+

[   ERROR] : 0
[COVERAGE] : 100.0


#**#**#**#**#**#**#**#**#**#**#**#**#**#**#**#**#**#**#**#**#**#**#**#**#**#**#**#**#**#**#**#**#**#**#**#**#**#**#**#**

COMMAND: ${SURELOG_DIR}/regression/OneNetModPortGeneric/OneNetModPortGeneric/surelog.uhdm ${SURELOG_DIR}/regression/OneNetModPortGeneric/OneNetModPortGeneric/reduced.uhdm

==================== BEGIN REDUCTION RESULT ====================
Name                            Before   After   Added   Removed
----------------------------------------------------------------
----------------------------------------------------------------
Others                             248     248       0         0
----------------------------------------------------------------
                                   248     248       0         0
===================== END REDUCTION RESULT =====================
