********************************************************************************
*                   Begin HLC SystemVerilog Compiler/Linter                    *
********************************************************************************
Copyright (c) 2020 Apotell,
http://www.apache.org/licenses/LICENSE-2.0
VERSION: 1.84
COMMAND: -wd ../../../../tests/Google/chapter-13 -timescale=1ns/1ns -d ast -d db -nobuiltin 13.4.3--const-function.sv -wd ${HLC_DIR}/third_party/UVM -I1800.2-2017-1.0/src -mt 0 -d dbstats -d cache -writepp -d db -nostdout -o ${HLC_DIR}/regression/Google/chapter-13/13.4.3--const-function
[INF:CM5022] Creating log file "$Output/hlc.log".
[INF:PP5223] Preprocessing source file "$Source01/13.4.3--const-function.sv".
[INF:PA5502] Parsing source file "$Source01/13.4.3--const-function.sv".
AST_DEBUG_BEGIN
Count: 103
LIB: work
FILE<0>:$Source01/13.4.3--const-function.sv
n<$Source01/13.4.3--const-function.sv> u<102> t<Top_level_rule> c<1> l<16:1> el<28:1>
  n<> u<1> t<Null_rule> p<102> s<2> l<16:1> el<16:1>
  n<// Copyright (C) 2019-2021  The SymbiFlow Authors.> u<2> t<LINE_COMMENT> p<102> s<3> l<1:1> el<1:51>
  n<//> u<3> t<LINE_COMMENT> p<102> s<4> l<2:1> el<2:3>
  n<// Use of this source code is governed by a ISC-style> u<4> t<LINE_COMMENT> p<102> s<5> l<3:1> el<3:54>
  n<// license that can be found in the LICENSE file or at> u<5> t<LINE_COMMENT> p<102> s<6> l<4:1> el<4:55>
  n<// https://opensource.org/licenses/ISC> u<6> t<LINE_COMMENT> p<102> s<7> l<5:1> el<5:39>
  n<//> u<7> t<LINE_COMMENT> p<102> s<8> l<6:1> el<6:3>
  n<// SPDX-License-Identifier: ISC> u<8> t<LINE_COMMENT> p<102> s<9> l<7:1> el<7:32>
  n</*\n:name: const_function\n:description: const function test\n:tags: 13.4.3\n:type: simulation parsing\n*/> u<9> t<BLOCK_COMMENT> p<102> s<101> l<16:1> el<27:10>
  n<> u<101> t<Source_text> p<102> c<100> l<16:1> el<27:10>
    n<> u<100> t<Description> p<101> c<99> l<16:1> el<27:10>
      n<> u<99> t<Module_declaration> p<100> c<14> l<16:1> el<27:10>
        n<> u<14> t<Module_nonansi_header> p<99> c<10> s<38> l<16:1> el<16:14>
          n<module> u<10> t<MODULE> p<14> s<11> l<16:1> el<16:7>
          n<top> u<11> t<SIMPLE_IDENTIFIER> p<14> s<12> l<16:8> el<16:11>
          n<> u<12> t<Package_import_declaration_list> p<14> s<13> l<16:11> el<16:11>
          n<> u<13> t<Port_list> p<14> l<16:11> el<16:13>
        n<> u<38> t<Module_item> p<99> c<37> s<73> l<18:1> el<18:23>
          n<> u<37> t<Non_port_module_item> p<38> c<36> l<18:1> el<18:23>
            n<> u<36> t<Module_or_generate_item> p<37> c<35> l<18:1> el<18:23>
              n<> u<35> t<Module_common_item> p<36> c<34> l<18:1> el<18:23>
                n<> u<34> t<Module_or_generate_item_declaration> p<35> c<33> l<18:1> el<18:23>
                  n<> u<33> t<Package_or_generate_item_declaration> p<34> c<32> l<18:1> el<18:23>
                    n<> u<32> t<Local_parameter_declaration> p<33> c<15> l<18:1> el<18:22>
                      n<> u<15> t<Data_type_or_implicit> p<32> s<31> l<18:12> el<18:12>
                      n<> u<31> t<Param_assignment_list> p<32> c<30> l<18:12> el<18:22>
                        n<> u<30> t<Param_assignment> p<31> c<16> l<18:12> el<18:22>
                          n<a> u<16> t<SIMPLE_IDENTIFIER> p<30> s<29> l<18:12> el<18:13>
                          n<> u<29> t<Constant_param_expression> p<30> c<28> l<18:16> el<18:22>
                            n<> u<28> t<Constant_mintypmax_expression> p<29> c<27> l<18:16> el<18:22>
                              n<> u<27> t<Constant_expression> p<28> c<26> l<18:16> el<18:22>
                                n<> u<26> t<Constant_primary> p<27> c<25> l<18:16> el<18:22>
                                  n<> u<25> t<Subroutine_call> p<26> c<17> l<18:16> el<18:22>
                                    n<fun> u<17> t<SIMPLE_IDENTIFIER> p<25> s<23> l<18:16> el<18:19>
                                    n<> u<23> t<OPEN_PARENS> p<25> s<22> l<18:19> el<18:20>
                                    n<> u<22> t<Argument_list> p<25> c<21> s<24> l<18:20> el<18:21>
                                      n<> u<21> t<Expression> p<22> c<20> l<18:20> el<18:21>
                                        n<> u<20> t<Primary> p<21> c<19> l<18:20> el<18:21>
                                          n<> u<19> t<Primary_literal> p<20> c<18> l<18:20> el<18:21>
                                            n<3> u<18> t<INTEGRAL_NUMBER> p<19> l<18:20> el<18:21>
                                    n<> u<24> t<CLOSE_PARENS> p<25> l<18:21> el<18:22>
        n<> u<73> t<Module_item> p<99> c<72> s<97> l<20:1> el<22:12>
          n<> u<72> t<Non_port_module_item> p<73> c<71> l<20:1> el<22:12>
            n<> u<71> t<Module_or_generate_item> p<72> c<70> l<20:1> el<22:12>
              n<> u<70> t<Module_common_item> p<71> c<69> l<20:1> el<22:12>
                n<> u<69> t<Module_or_generate_item_declaration> p<70> c<68> l<20:1> el<22:12>
                  n<> u<68> t<Package_or_generate_item_declaration> p<69> c<67> l<20:1> el<22:12>
                    n<> u<67> t<Function_declaration> p<68> c<66> l<20:1> el<22:12>
                      n<> u<66> t<Function_body_declaration> p<67> c<42> l<20:10> el<22:12>
                        n<> u<42> t<Function_data_type_or_implicit> p<66> c<41> s<43> l<20:10> el<20:13>
                          n<> u<41> t<Function_data_type> p<42> c<40> l<20:10> el<20:13>
                            n<> u<40> t<Data_type> p<41> c<39> l<20:10> el<20:13>
                              n<> u<39> t<INT> p<40> l<20:10> el<20:13>
                        n<fun> u<43> t<SIMPLE_IDENTIFIER> p<66> s<49> l<20:14> el<20:17>
                        n<> u<49> t<Tf_port_item_list> p<66> c<48> s<64> l<20:17> el<20:26>
                          n<> u<48> t<Tf_port_item> p<49> c<46> l<20:18> el<20:25>
                            n<> u<46> t<Data_type_or_implicit> p<48> c<45> s<47> l<20:18> el<20:21>
                              n<> u<45> t<Data_type> p<46> c<44> l<20:18> el<20:21>
                                n<> u<44> t<INT> p<45> l<20:18> el<20:21>
                            n<val> u<47> t<SIMPLE_IDENTIFIER> p<48> l<20:22> el<20:25>
                        n<> u<64> t<Function_statement_or_null> p<66> c<63> s<65> l<21:2> el<21:17>
                          n<> u<63> t<Statement> p<64> c<62> l<21:2> el<21:17>
                            n<> u<62> t<Statement_item> p<63> c<61> l<21:2> el<21:17>
                              n<> u<61> t<Jump_statement> p<62> c<60> l<21:2> el<21:17>
                                n<> u<60> t<RETURN> p<61> s<59> l<21:2> el<21:8>
                                n<> u<59> t<Expression> p<61> c<53> l<21:9> el<21:16>
                                  n<> u<53> t<Expression> p<59> c<52> s<58> l<21:9> el<21:12>
                                    n<> u<52> t<Primary> p<53> c<51> l<21:9> el<21:12>
                                      n<> u<51> t<Primary_literal> p<52> c<50> l<21:9> el<21:12>
                                        n<val> u<50> t<SIMPLE_IDENTIFIER> p<51> l<21:9> el<21:12>
                                  n<> u<58> t<BinaryOp_Plus> p<59> s<57> l<21:13> el<21:14>
                                  n<> u<57> t<Expression> p<59> c<56> l<21:15> el<21:16>
                                    n<> u<56> t<Primary> p<57> c<55> l<21:15> el<21:16>
                                      n<> u<55> t<Primary_literal> p<56> c<54> l<21:15> el<21:16>
                                        n<1> u<54> t<INTEGRAL_NUMBER> p<55> l<21:15> el<21:16>
                        n<> u<65> t<ENDFUNCTION> p<66> l<22:1> el<22:12>
        n<> u<97> t<Module_item> p<99> c<96> s<98> l<24:1> el<25:36>
          n<> u<96> t<Non_port_module_item> p<97> c<95> l<24:1> el<25:36>
            n<> u<95> t<Module_or_generate_item> p<96> c<94> l<24:1> el<25:36>
              n<> u<94> t<Module_common_item> p<95> c<93> l<24:1> el<25:36>
                n<> u<93> t<Initial_construct> p<94> c<92> l<24:1> el<25:36>
                  n<> u<92> t<Statement_or_null> p<93> c<91> l<25:2> el<25:36>
                    n<> u<91> t<Statement> p<92> c<90> l<25:2> el<25:36>
                      n<> u<90> t<Statement_item> p<91> c<89> l<25:2> el<25:36>
                        n<> u<89> t<Subroutine_call_statement> p<90> c<88> l<25:2> el<25:36>
                          n<> u<88> t<Subroutine_call> p<89> c<74> l<25:2> el<25:35>
                            n<$> u<74> t<DOLLAR> p<88> s<75> l<25:2> el<25:3>
                            n<display> u<75> t<SIMPLE_IDENTIFIER> p<88> s<86> l<25:3> el<25:10>
                            n<> u<86> t<OPEN_PARENS> p<88> s<85> l<25:10> el<25:11>
                            n<> u<85> t<Argument_list> p<88> c<79> s<87> l<25:11> el<25:34>
                              n<> u<79> t<Expression> p<85> c<78> s<84> l<25:11> el<25:31>
                                n<> u<78> t<Primary> p<79> c<77> l<25:11> el<25:31>
                                  n<> u<77> t<Primary_literal> p<78> c<76> l<25:11> el<25:31>
                                    n<":assert: (%d == 4)"> u<76> t<QUOTED_STRING> p<77> l<25:11> el<25:31>
                              n<> u<84> t<Argument> p<85> c<83> l<25:33> el<25:34>
                                n<> u<83> t<Expression> p<84> c<82> l<25:33> el<25:34>
                                  n<> u<82> t<Primary> p<83> c<81> l<25:33> el<25:34>
                                    n<> u<81> t<Primary_literal> p<82> c<80> l<25:33> el<25:34>
                                      n<a> u<80> t<SIMPLE_IDENTIFIER> p<81> l<25:33> el<25:34>
                            n<> u<87> t<CLOSE_PARENS> p<88> l<25:34> el<25:35>
        n<> u<98> t<ENDMODULE> p<99> l<27:1> el<27:10>
AST_DEBUG_END
[INF:CP5804] $Source01/13.4.3--const-function.sv:16:1: Compile module "top".
[INF:CM5028] Using global timescale: "1ns/1ns".
====== HLDB =======
Design name:unnamed:
  vpiName: unnamed
  vpiSourceFile (1 items):
    SourceFile name:13.4.3--const-function.sv file:$Source01/13.4.3--const-function.sv:
      vpiParent: Design name:unnamed
      vpiName: "13.4.3--const-function.sv"
      vpiPreprocFile: "$Output/lib/work/13.4.3--const-function.sv"
  vpiAllModules (1 items):
    Module name:top file:$Source01/13.4.3--const-function.sv start:16:1 end:27:10:
      vpiParent: Design name:unnamed
      vpiName Identifier name:top start:16:8 end:16:11:
      vpiFullName: top
      vpiParameter (1 items):
        Parameter name:a start:18:12 end:18:13:
          vpiParent: Module name:top
          vpiTypespec RefTypespec:
            vpiParent: Parameter name:a
            vpiFullName: top.a
            vpiActual: LogicTypespec
          vpiName: a
          vpiFullName: top.a
          vpiLocalParam: true
      vpiParamAssign (1 items):
        ParamAssign start:18:12 end:18:22:
          vpiParent: Module name:top
          vpiLhs RefObj name:a start:18:12 end:18:13:
            vpiParent: ParamAssign
            vpiName: a
            vpiFullName: top.a
            vpiActual: Parameter name:a
          vpiRhs FuncCall name:fun start:18:16 end:18:22:
            vpiParent: ParamAssign
            vpiName Identifier name:fun start:18:16 end:18:19:
            vpiTaskFunc: Function name:fun
            vpiArgument (1 items):
              Constant start:18:20 end:18:21:
                vpiParent: FuncCall name:fun
                vpiTypespec RefTypespec:
                  vpiParent: Constant
                  vpiFullName: top
                  vpiActual: IntTypespec
                vpiConstType: unsigned int (9)
                vpiSize: 64
                vpiDecompile: "3"
                vpiValue: 3
      vpiTypespec (1 items):
        LogicTypespec:
          vpiParent: Module name:top
      vpiDefName: top
      vpiDefNetType: wire (1)
      vpiLibrary RefObj name:work start:16:8 end:16:11:
        vpiParent: Module name:top
        vpiName: work
        vpiFullName: top.work
      vpiCell: top
      vpiTaskFunc (1 items):
        Function name:fun start:20:1 end:22:12:
          vpiParent: Module name:top
          vpiName Identifier name:fun start:20:14 end:20:17:
          vpiFullName: top.fun
          vpiVisibility: public (1)
          vpiIODecl (1 items):
            IODecl name:val start:20:22 end:20:25:
              vpiParent: Function name:fun
              vpiName: val
              vpiDirection: input (1)
              vpiTypespec RefTypespec start:20:18 end:20:21:
                vpiParent: IODecl name:val
                vpiFullName: top.fun.val
                vpiActual: IntTypespec
          vpiStmt ReturnStmt start:21:2 end:21:17:
            vpiParent: Function name:fun
            vpiCondition Operation start:21:9 end:21:16:
              vpiParent: ReturnStmt
              vpiOpType: add (24)
              vpiOperand (2 items):
                RefObj name:val start:21:9 end:21:12:
                  vpiParent: Operation
                  vpiName: val
                  vpiFullName: top.fun.val
                  vpiActual: IODecl name:val
                Constant start:21:15 end:21:16:
                  vpiParent: Operation
                  vpiTypespec RefTypespec:
                    vpiParent: Constant
                    vpiFullName: top.fun
                    vpiActual: IntTypespec
                  vpiConstType: unsigned int (9)
                  vpiSize: 64
                  vpiDecompile: "1"
                  vpiValue: 1
          vpiReturn RefTypespec start:20:10 end:20:13:
            vpiParent: Function name:fun
            vpiFullName: top.fun
            vpiActual: IntTypespec
      vpiProcess (1 items):
        Initial start:24:1 end:25:36:
          vpiParent: Module name:top
          vpiStmt SysTaskCall name:$display start:25:2 end:25:35:
            vpiParent: Initial
            vpiName Identifier name:$display start:25:2 end:25:10:
            vpiArgument (2 items):
              Constant start:25:11 end:25:31:
                vpiParent: SysTaskCall name:$display
                vpiTypespec RefTypespec:
                  vpiParent: Constant
                  vpiFullName: top
                  vpiActual: StringTypespec
                vpiConstType: string (6)
                vpiSize: 144
                vpiDecompile: "\":assert: (%d == 4)\""
                vpiValue: ":assert: (%d == 4)"
              RefObj name:a start:25:33 end:25:34:
                vpiParent: SysTaskCall name:$display
                vpiName: a
                vpiFullName: top.a
                vpiActual: Parameter name:a
  vpiTypespec (3 items):
    ModuleTypespec name:top:
      vpiParent: Design name:unnamed
      vpiName Identifier name:top start:16:8 end:16:11:
      vpiDefName: top
      vpiModule: Module name:top
    IntTypespec:
      vpiParent: Design name:unnamed
      vpiSigned: true
    StringTypespec:
      vpiParent: Design name:unnamed
  vpiLibrary (1 items):
    Library name:work:
      vpiParent: Design name:unnamed
      vpiName: work
===================
[  FATAL] : 0
[ SYNTAX] : 0
[  ERROR] : 0
[WARNING] : 0
[   NOTE] : 0
********************************************************************************
*                    End HLC SystemVerilog Compiler/Linter                     *
********************************************************************************

#**#**#**#**#**#**#**#**#**#**#**#**#**#**#**#**#**#**#**#**#**#**#**#**#**#**#**#**#**#**#**#**#**#**#**#**#**#**#**#**

Environment:
      test-name: Google/chapter-13/13.4.3--const-function
   test-dirpath: ${HLC_DIR}/regression/Google/chapter-13/13.4.3--const-function
  hldb-filepath: ${HLC_DIR}/regression/Google/chapter-13/13.4.3--const-function/design.hldb
mounts-filepath: ${HLC_DIR}/regression/Google/chapter-13/13.4.3--const-function/mounts.json


{'result': {'coverage': 100.0,
            'error_count': 0,
            'file_count': 1,
            'files': {'$Output/lib/work/13.4.3--const-function.sv': {'post_len': 0,
                                                                     'pre_len': 137}},
            'post_len': 0,
            'pre_len': 137,
            'test_name': 'Google/chapter-13/13.4.3--const-function'}}

+--------------------------------------------+----------+-----------+
| INPUT                                      |   PRELEN |   POSTLEN |
+============================================+==========+===========+
| $Output/lib/work/13.4.3--const-function.sv |      137 |         0 |
+============================================+==========+===========+
|                                            |      137 |         0 |
+--------------------------------------------+----------+-----------+

[   ERROR] : 0
[COVERAGE] : 100.0


#**#**#**#**#**#**#**#**#**#**#**#**#**#**#**#**#**#**#**#**#**#**#**#**#**#**#**#**#**#**#**#**#**#**#**#**#**#**#**#**

COMMAND: ${HLC_DIR}/regression/Google/chapter-13/13.4.3--const-function/design.hldb ${HLC_DIR}/regression/Google/chapter-13/13.4.3--const-function/reduced.hldb

==================== BEGIN REDUCTION RESULT ====================
Name                            Before   After   Added   Removed
----------------------------------------------------------------
----------------------------------------------------------------
Others                              35      35       0         0
----------------------------------------------------------------
                                    35      35       0         0
===================== END REDUCTION RESULT =====================
