********************************************************************************
*                   Begin HLC SystemVerilog Compiler/Linter                    *
********************************************************************************
Copyright (c) 2020 Apotell,
http://www.apache.org/licenses/LICENSE-2.0
VERSION: 1.84
COMMAND: -wd ../../../tests/Verilator +incdir+. -nobuiltin -timescale=1ns/1ns -d ast -d db t_package_export.v -mt 0 -d dbstats -d cache -writepp -d db -nostdout -o ${HLC_DIR}/regression/Verilator/t_package_export
[INF:CM5022] Creating log file "$Output/hlc.log".
[INF:PP5223] Preprocessing source file "$Source01/t_package_export.v".
[INF:PA5502] Parsing source file "$Source01/t_package_export.v".
AST_DEBUG_BEGIN
Count: 450
LIB: work
FILE<0>:$Source01/t_package_export.v
n<$Source01/t_package_export.v> u<449> t<Top_level_rule> c<1> l<8:1> el<72:1>
  n<> u<1> t<Null_rule> p<449> s<2> l<8:1> el<8:1>
  n<// DESCRIPTION: Verilator: Verilog Test module> u<2> t<LINE_COMMENT> p<449> s<3> l<1:1> el<1:47>
  n<//> u<3> t<LINE_COMMENT> p<449> s<4> l<2:1> el<2:3>
  n<// This file ONLY is placed into the Public Domain, for any use,> u<4> t<LINE_COMMENT> p<449> s<5> l<3:1> el<3:65>
  n<// without warranty, 2012 by Jeremy Bennett> u<5> t<LINE_COMMENT> p<449> s<6> l<4:1> el<4:44>
  n<// see bug 591> u<6> t<LINE_COMMENT> p<449> s<448> l<6:1> el<6:15>
  n<> u<448> t<Source_text> p<449> c<38> l<8:1> el<71:10>
    n<> u<38> t<Description> p<448> c<37> s<71> l<8:1> el<11:18>
      n<> u<37> t<Package_declaration> p<38> c<7> l<8:1> el<11:18>
        n<> u<7> t<PACKAGE> p<37> s<8> l<8:1> el<8:8>
        n<pkg1> u<8> t<SIMPLE_IDENTIFIER> p<37> s<21> l<8:9> el<8:13>
        n<> u<21> t<Package_item> p<37> c<20> s<34> l<9:4> el<9:26>
          n<> u<20> t<Package_or_generate_item_declaration> p<21> c<19> l<9:4> el<9:26>
            n<> u<19> t<Parameter_declaration> p<20> c<9> l<9:4> el<9:25>
              n<> u<9> t<Data_type_or_implicit> p<19> s<18> l<9:14> el<9:14>
              n<> u<18> t<Param_assignment_list> p<19> c<17> l<9:14> el<9:25>
                n<> u<17> t<Param_assignment> p<18> c<10> l<9:14> el<9:25>
                  n<PARAM2> u<10> t<SIMPLE_IDENTIFIER> p<17> s<16> l<9:14> el<9:20>
                  n<> u<16> t<Constant_param_expression> p<17> c<15> l<9:23> el<9:25>
                    n<> u<15> t<Constant_mintypmax_expression> p<16> c<14> l<9:23> el<9:25>
                      n<> u<14> t<Constant_expression> p<15> c<13> l<9:23> el<9:25>
                        n<> u<13> t<Constant_primary> p<14> c<12> l<9:23> el<9:25>
                          n<> u<12> t<Primary_literal> p<13> c<11> l<9:23> el<9:25>
                            n<16> u<11> t<INTEGRAL_NUMBER> p<12> l<9:23> el<9:25>
        n<> u<34> t<Package_item> p<37> c<33> s<36> l<10:4> el<10:26>
          n<> u<33> t<Package_or_generate_item_declaration> p<34> c<32> l<10:4> el<10:26>
            n<> u<32> t<Parameter_declaration> p<33> c<22> l<10:4> el<10:25>
              n<> u<22> t<Data_type_or_implicit> p<32> s<31> l<10:14> el<10:14>
              n<> u<31> t<Param_assignment_list> p<32> c<30> l<10:14> el<10:25>
                n<> u<30> t<Param_assignment> p<31> c<23> l<10:14> el<10:25>
                  n<PARAM3> u<23> t<SIMPLE_IDENTIFIER> p<30> s<29> l<10:14> el<10:20>
                  n<> u<29> t<Constant_param_expression> p<30> c<28> l<10:23> el<10:25>
                    n<> u<28> t<Constant_mintypmax_expression> p<29> c<27> l<10:23> el<10:25>
                      n<> u<27> t<Constant_expression> p<28> c<26> l<10:23> el<10:25>
                        n<> u<26> t<Constant_primary> p<27> c<25> l<10:23> el<10:25>
                          n<> u<25> t<Primary_literal> p<26> c<24> l<10:23> el<10:25>
                            n<16> u<24> t<INTEGRAL_NUMBER> p<25> l<10:23> el<10:25>
        n<> u<36> t<ENDPACKAGE> p<37> s<35> l<11:1> el<11:11>
        n<pkg1> u<35> t<SIMPLE_IDENTIFIER> p<37> l<11:14> el<11:18>
    n<> u<71> t<Description> p<448> c<70> s<83> l<14:1> el<21:11>
      n<> u<70> t<Package_declaration> p<71> c<39> l<14:1> el<21:11>
        n<> u<39> t<PACKAGE> p<70> s<40> l<14:1> el<14:8>
        n<pkg10> u<40> t<SIMPLE_IDENTIFIER> p<70> s<47> l<14:9> el<14:14>
        n<> u<47> t<Package_item> p<70> c<46> s<54> l<15:4> el<15:19>
          n<> u<46> t<Package_or_generate_item_declaration> p<47> c<45> l<15:4> el<15:19>
            n<> u<45> t<Data_declaration> p<46> c<44> l<15:4> el<15:19>
              n<> u<44> t<Package_import_declaration> p<45> c<43> l<15:4> el<15:19>
                n<> u<43> t<Package_import_item> p<44> c<41> l<15:11> el<15:18>
                  n<pkg1> u<41> t<SIMPLE_IDENTIFIER> p<43> s<42> l<15:11> el<15:15>
                  n<> u<42> t<STAR> p<43> l<15:17> el<15:18>
        n<> u<54> t<Package_item> p<70> c<53> s<55> l<16:4> el<16:19>
          n<> u<53> t<Package_or_generate_item_declaration> p<54> c<52> l<16:4> el<16:19>
            n<> u<52> t<Data_declaration> p<53> c<51> l<16:4> el<16:19>
              n<> u<51> t<Package_import_declaration> p<52> c<50> l<16:4> el<16:19>
                n<> u<50> t<Package_import_item> p<51> c<48> l<16:11> el<16:18>
                  n<pkg1> u<48> t<SIMPLE_IDENTIFIER> p<50> s<49> l<16:11> el<16:15>
                  n<> u<49> t<STAR> p<50> l<16:17> el<16:18>
        n<// Ignore if already> u<55> t<LINE_COMMENT> p<70> s<68> l<16:21> el<16:41>
        n<> u<68> t<Package_item> p<70> c<67> s<69> l<20:4> el<20:25>
          n<> u<67> t<Package_or_generate_item_declaration> p<68> c<66> l<20:4> el<20:25>
            n<> u<66> t<Parameter_declaration> p<67> c<56> l<20:4> el<20:24>
              n<> u<56> t<Data_type_or_implicit> p<66> s<65> l<20:14> el<20:14>
              n<> u<65> t<Param_assignment_list> p<66> c<64> l<20:14> el<20:24>
                n<> u<64> t<Param_assignment> p<65> c<57> l<20:14> el<20:24>
                  n<PARAM1> u<57> t<SIMPLE_IDENTIFIER> p<64> s<63> l<20:14> el<20:20>
                  n<> u<63> t<Constant_param_expression> p<64> c<62> l<20:23> el<20:24>
                    n<> u<62> t<Constant_mintypmax_expression> p<63> c<61> l<20:23> el<20:24>
                      n<> u<61> t<Constant_expression> p<62> c<60> l<20:23> el<20:24>
                        n<> u<60> t<Constant_primary> p<61> c<59> l<20:23> el<20:24>
                          n<> u<59> t<Primary_literal> p<60> c<58> l<20:23> el<20:24>
                            n<8> u<58> t<INTEGRAL_NUMBER> p<59> l<20:23> el<20:24>
        n<> u<69> t<ENDPACKAGE> p<70> l<21:1> el<21:11>
    n<> u<83> t<Description> p<448> c<82> s<108> l<22:1> el<24:11>
      n<> u<82> t<Package_declaration> p<83> c<72> l<22:1> el<24:11>
        n<> u<72> t<PACKAGE> p<82> s<73> l<22:1> el<22:8>
        n<pkg11> u<73> t<SIMPLE_IDENTIFIER> p<82> s<80> l<22:9> el<22:14>
        n<> u<80> t<Package_item> p<82> c<79> s<81> l<23:4> el<23:20>
          n<> u<79> t<Package_or_generate_item_declaration> p<80> c<78> l<23:4> el<23:20>
            n<> u<78> t<Data_declaration> p<79> c<77> l<23:4> el<23:20>
              n<> u<77> t<Package_import_declaration> p<78> c<76> l<23:4> el<23:20>
                n<> u<76> t<Package_import_item> p<77> c<74> l<23:11> el<23:19>
                  n<pkg10> u<74> t<SIMPLE_IDENTIFIER> p<76> s<75> l<23:11> el<23:16>
                  n<> u<75> t<STAR> p<76> l<23:18> el<23:19>
        n<> u<81> t<ENDPACKAGE> p<82> l<24:1> el<24:11>
    n<> u<108> t<Description> p<448> c<107> s<120> l<26:1> el<32:11>
      n<> u<107> t<Package_declaration> p<108> c<84> l<26:1> el<32:11>
        n<> u<84> t<PACKAGE> p<107> s<85> l<26:1> el<26:8>
        n<pkg20> u<85> t<SIMPLE_IDENTIFIER> p<107> s<92> l<26:9> el<26:14>
        n<> u<92> t<Package_item> p<107> c<91> s<105> l<27:4> el<27:19>
          n<> u<91> t<Package_or_generate_item_declaration> p<92> c<90> l<27:4> el<27:19>
            n<> u<90> t<Data_declaration> p<91> c<89> l<27:4> el<27:19>
              n<> u<89> t<Package_import_declaration> p<90> c<88> l<27:4> el<27:19>
                n<> u<88> t<Package_import_item> p<89> c<86> l<27:11> el<27:18>
                  n<pkg1> u<86> t<SIMPLE_IDENTIFIER> p<88> s<87> l<27:11> el<27:15>
                  n<> u<87> t<STAR> p<88> l<27:17> el<27:18>
        n<> u<105> t<Package_item> p<107> c<104> s<106> l<31:4> el<31:25>
          n<> u<104> t<Package_or_generate_item_declaration> p<105> c<103> l<31:4> el<31:25>
            n<> u<103> t<Parameter_declaration> p<104> c<93> l<31:4> el<31:24>
              n<> u<93> t<Data_type_or_implicit> p<103> s<102> l<31:14> el<31:14>
              n<> u<102> t<Param_assignment_list> p<103> c<101> l<31:14> el<31:24>
                n<> u<101> t<Param_assignment> p<102> c<94> l<31:14> el<31:24>
                  n<PARAM1> u<94> t<SIMPLE_IDENTIFIER> p<101> s<100> l<31:14> el<31:20>
                  n<> u<100> t<Constant_param_expression> p<101> c<99> l<31:23> el<31:24>
                    n<> u<99> t<Constant_mintypmax_expression> p<100> c<98> l<31:23> el<31:24>
                      n<> u<98> t<Constant_expression> p<99> c<97> l<31:23> el<31:24>
                        n<> u<97> t<Constant_primary> p<98> c<96> l<31:23> el<31:24>
                          n<> u<96> t<Primary_literal> p<97> c<95> l<31:23> el<31:24>
                            n<8> u<95> t<INTEGRAL_NUMBER> p<96> l<31:23> el<31:24>
        n<> u<106> t<ENDPACKAGE> p<107> l<32:1> el<32:11>
    n<> u<120> t<Description> p<448> c<119> s<145> l<33:1> el<35:11>
      n<> u<119> t<Package_declaration> p<120> c<109> l<33:1> el<35:11>
        n<> u<109> t<PACKAGE> p<119> s<110> l<33:1> el<33:8>
        n<pkg21> u<110> t<SIMPLE_IDENTIFIER> p<119> s<117> l<33:9> el<33:14>
        n<> u<117> t<Package_item> p<119> c<116> s<118> l<34:4> el<34:20>
          n<> u<116> t<Package_or_generate_item_declaration> p<117> c<115> l<34:4> el<34:20>
            n<> u<115> t<Data_declaration> p<116> c<114> l<34:4> el<34:20>
              n<> u<114> t<Package_import_declaration> p<115> c<113> l<34:4> el<34:20>
                n<> u<113> t<Package_import_item> p<114> c<111> l<34:11> el<34:19>
                  n<pkg20> u<111> t<SIMPLE_IDENTIFIER> p<113> s<112> l<34:11> el<34:16>
                  n<> u<112> t<STAR> p<113> l<34:18> el<34:19>
        n<> u<118> t<ENDPACKAGE> p<119> l<35:1> el<35:11>
    n<> u<145> t<Description> p<448> c<144> s<157> l<37:1> el<44:11>
      n<> u<144> t<Package_declaration> p<145> c<121> l<37:1> el<44:11>
        n<> u<121> t<PACKAGE> p<144> s<122> l<37:1> el<37:8>
        n<pkg30> u<122> t<SIMPLE_IDENTIFIER> p<144> s<129> l<37:9> el<37:14>
        n<> u<129> t<Package_item> p<144> c<128> s<142> l<38:4> el<38:19>
          n<> u<128> t<Package_or_generate_item_declaration> p<129> c<127> l<38:4> el<38:19>
            n<> u<127> t<Data_declaration> p<128> c<126> l<38:4> el<38:19>
              n<> u<126> t<Package_import_declaration> p<127> c<125> l<38:4> el<38:19>
                n<> u<125> t<Package_import_item> p<126> c<123> l<38:11> el<38:18>
                  n<pkg1> u<123> t<SIMPLE_IDENTIFIER> p<125> s<124> l<38:11> el<38:15>
                  n<> u<124> t<STAR> p<125> l<38:17> el<38:18>
        n<> u<142> t<Package_item> p<144> c<141> s<143> l<43:4> el<43:25>
          n<> u<141> t<Package_or_generate_item_declaration> p<142> c<140> l<43:4> el<43:25>
            n<> u<140> t<Parameter_declaration> p<141> c<130> l<43:4> el<43:24>
              n<> u<130> t<Data_type_or_implicit> p<140> s<139> l<43:14> el<43:14>
              n<> u<139> t<Param_assignment_list> p<140> c<138> l<43:14> el<43:24>
                n<> u<138> t<Param_assignment> p<139> c<131> l<43:14> el<43:24>
                  n<PARAM1> u<131> t<SIMPLE_IDENTIFIER> p<138> s<137> l<43:14> el<43:20>
                  n<> u<137> t<Constant_param_expression> p<138> c<136> l<43:23> el<43:24>
                    n<> u<136> t<Constant_mintypmax_expression> p<137> c<135> l<43:23> el<43:24>
                      n<> u<135> t<Constant_expression> p<136> c<134> l<43:23> el<43:24>
                        n<> u<134> t<Constant_primary> p<135> c<133> l<43:23> el<43:24>
                          n<> u<133> t<Primary_literal> p<134> c<132> l<43:23> el<43:24>
                            n<8> u<132> t<INTEGRAL_NUMBER> p<133> l<43:23> el<43:24>
        n<> u<143> t<ENDPACKAGE> p<144> l<44:1> el<44:11>
    n<> u<157> t<Description> p<448> c<156> s<447> l<45:1> el<47:11>
      n<> u<156> t<Package_declaration> p<157> c<146> l<45:1> el<47:11>
        n<> u<146> t<PACKAGE> p<156> s<147> l<45:1> el<45:8>
        n<pkg31> u<147> t<SIMPLE_IDENTIFIER> p<156> s<154> l<45:9> el<45:14>
        n<> u<154> t<Package_item> p<156> c<153> s<155> l<46:4> el<46:20>
          n<> u<153> t<Package_or_generate_item_declaration> p<154> c<152> l<46:4> el<46:20>
            n<> u<152> t<Data_declaration> p<153> c<151> l<46:4> el<46:20>
              n<> u<151> t<Package_import_declaration> p<152> c<150> l<46:4> el<46:20>
                n<> u<150> t<Package_import_item> p<151> c<148> l<46:11> el<46:19>
                  n<pkg30> u<148> t<SIMPLE_IDENTIFIER> p<150> s<149> l<46:11> el<46:16>
                  n<> u<149> t<STAR> p<150> l<46:18> el<46:19>
        n<> u<155> t<ENDPACKAGE> p<156> l<47:1> el<47:11>
    n<> u<447> t<Description> p<448> c<446> l<49:1> el<71:10>
      n<> u<446> t<Module_declaration> p<447> c<170> l<49:1> el<71:10>
        n<> u<170> t<Module_nonansi_header> p<446> c<158> s<177> l<49:1> el<52:6>
          n<module> u<158> t<MODULE> p<170> s<159> l<49:1> el<49:7>
          n<t> u<159> t<SIMPLE_IDENTIFIER> p<170> s<160> l<49:8> el<49:9>
          n<> u<160> t<Package_import_declaration_list> p<170> s<161> l<49:10> el<49:10>
          n</*AUTOARG*/> u<161> t<BLOCK_COMMENT> p<170> s<162> l<49:10> el<52:5>
          n<// Inputs> u<162> t<LINE_COMMENT> p<170> s<169> l<50:4> el<50:13>
          n<> u<169> t<Port_list> p<170> c<168> l<49:10> el<52:5>
            n<> u<168> t<Port> p<169> c<167> l<51:4> el<51:7>
              n<> u<167> t<Port_expression> p<168> c<166> l<51:4> el<51:7>
                n<> u<166> t<Port_reference> p<167> c<163> l<51:4> el<51:7>
                  n<clk> u<163> t<SIMPLE_IDENTIFIER> p<166> s<165> l<51:4> el<51:7>
                  n<> u<165> t<Constant_select> p<166> c<164> l<52:4> el<52:4>
                    n<> u<164> t<Constant_bit_select> p<165> l<52:4> el<52:4>
        n<> u<177> t<Module_item> p<446> c<176> s<203> l<53:4> el<53:14>
          n<> u<176> t<Port_declaration> p<177> c<175> l<53:4> el<53:13>
            n<> u<175> t<Input_declaration> p<176> c<172> l<53:4> el<53:13>
              n<> u<172> t<Net_port_type> p<175> c<171> s<174> l<53:10> el<53:10>
                n<> u<171> t<Data_type_or_implicit> p<172> l<53:10> el<53:10>
              n<> u<174> t<Port_identifier_list> p<175> c<173> l<53:10> el<53:13>
                n<clk> u<173> t<SIMPLE_IDENTIFIER> p<174> l<53:10> el<53:13>
        n<> u<203> t<Module_item> p<446> c<202> s<229> l<55:4> el<55:34>
          n<> u<202> t<Non_port_module_item> p<203> c<201> l<55:4> el<55:34>
            n<> u<201> t<Module_or_generate_item> p<202> c<200> l<55:4> el<55:34>
              n<> u<200> t<Module_common_item> p<201> c<199> l<55:4> el<55:34>
                n<> u<199> t<Module_or_generate_item_declaration> p<200> c<198> l<55:4> el<55:34>
                  n<> u<198> t<Package_or_generate_item_declaration> p<199> c<197> l<55:4> el<55:34>
                    n<> u<197> t<Data_declaration> p<198> c<196> l<55:4> el<55:34>
                      n<> u<196> t<Variable_declaration> p<197> c<192> l<55:4> el<55:34>
                        n<> u<192> t<Data_type> p<196> c<178> s<195> l<55:4> el<55:27>
                          n<> u<178> t<REG> p<192> s<191> l<55:4> el<55:7>
                          n<> u<191> t<Packed_dimension> p<192> c<190> l<55:8> el<55:27>
                            n<> u<190> t<Constant_range> p<191> c<185> l<55:9> el<55:26>
                              n<> u<185> t<Constant_expression> p<190> c<184> s<189> l<55:9> el<55:22>
                                n<> u<184> t<Constant_primary> p<185> c<180> l<55:9> el<55:22>
                                  n<> u<180> t<Package_scope> p<184> c<179> s<181> l<55:9> el<55:16>
                                    n<pkg11> u<179> t<SIMPLE_IDENTIFIER> p<180> l<55:9> el<55:14>
                                  n<PARAM1> u<181> t<SIMPLE_IDENTIFIER> p<184> s<183> l<55:16> el<55:22>
                                  n<> u<183> t<Constant_select> p<184> c<182> l<55:23> el<55:23>
                                    n<> u<182> t<Constant_bit_select> p<183> l<55:23> el<55:23>
                              n<> u<189> t<Constant_expression> p<190> c<188> l<55:25> el<55:26>
                                n<> u<188> t<Constant_primary> p<189> c<187> l<55:25> el<55:26>
                                  n<> u<187> t<Primary_literal> p<188> c<186> l<55:25> el<55:26>
                                    n<0> u<186> t<INTEGRAL_NUMBER> p<187> l<55:25> el<55:26>
                        n<> u<195> t<Variable_decl_assignment_list> p<196> c<194> l<55:28> el<55:33>
                          n<> u<194> t<Variable_decl_assignment> p<195> c<193> l<55:28> el<55:33>
                            n<bus11> u<193> t<SIMPLE_IDENTIFIER> p<194> l<55:28> el<55:33>
        n<> u<229> t<Module_item> p<446> c<228> s<255> l<56:4> el<56:34>
          n<> u<228> t<Non_port_module_item> p<229> c<227> l<56:4> el<56:34>
            n<> u<227> t<Module_or_generate_item> p<228> c<226> l<56:4> el<56:34>
              n<> u<226> t<Module_common_item> p<227> c<225> l<56:4> el<56:34>
                n<> u<225> t<Module_or_generate_item_declaration> p<226> c<224> l<56:4> el<56:34>
                  n<> u<224> t<Package_or_generate_item_declaration> p<225> c<223> l<56:4> el<56:34>
                    n<> u<223> t<Data_declaration> p<224> c<222> l<56:4> el<56:34>
                      n<> u<222> t<Variable_declaration> p<223> c<218> l<56:4> el<56:34>
                        n<> u<218> t<Data_type> p<222> c<204> s<221> l<56:4> el<56:27>
                          n<> u<204> t<REG> p<218> s<217> l<56:4> el<56:7>
                          n<> u<217> t<Packed_dimension> p<218> c<216> l<56:8> el<56:27>
                            n<> u<216> t<Constant_range> p<217> c<211> l<56:9> el<56:26>
                              n<> u<211> t<Constant_expression> p<216> c<210> s<215> l<56:9> el<56:22>
                                n<> u<210> t<Constant_primary> p<211> c<206> l<56:9> el<56:22>
                                  n<> u<206> t<Package_scope> p<210> c<205> s<207> l<56:9> el<56:16>
                                    n<pkg11> u<205> t<SIMPLE_IDENTIFIER> p<206> l<56:9> el<56:14>
                                  n<PARAM2> u<207> t<SIMPLE_IDENTIFIER> p<210> s<209> l<56:16> el<56:22>
                                  n<> u<209> t<Constant_select> p<210> c<208> l<56:23> el<56:23>
                                    n<> u<208> t<Constant_bit_select> p<209> l<56:23> el<56:23>
                              n<> u<215> t<Constant_expression> p<216> c<214> l<56:25> el<56:26>
                                n<> u<214> t<Constant_primary> p<215> c<213> l<56:25> el<56:26>
                                  n<> u<213> t<Primary_literal> p<214> c<212> l<56:25> el<56:26>
                                    n<0> u<212> t<INTEGRAL_NUMBER> p<213> l<56:25> el<56:26>
                        n<> u<221> t<Variable_decl_assignment_list> p<222> c<220> l<56:28> el<56:33>
                          n<> u<220> t<Variable_decl_assignment> p<221> c<219> l<56:28> el<56:33>
                            n<bus12> u<219> t<SIMPLE_IDENTIFIER> p<220> l<56:28> el<56:33>
        n<> u<255> t<Module_item> p<446> c<254> s<281> l<57:4> el<57:34>
          n<> u<254> t<Non_port_module_item> p<255> c<253> l<57:4> el<57:34>
            n<> u<253> t<Module_or_generate_item> p<254> c<252> l<57:4> el<57:34>
              n<> u<252> t<Module_common_item> p<253> c<251> l<57:4> el<57:34>
                n<> u<251> t<Module_or_generate_item_declaration> p<252> c<250> l<57:4> el<57:34>
                  n<> u<250> t<Package_or_generate_item_declaration> p<251> c<249> l<57:4> el<57:34>
                    n<> u<249> t<Data_declaration> p<250> c<248> l<57:4> el<57:34>
                      n<> u<248> t<Variable_declaration> p<249> c<244> l<57:4> el<57:34>
                        n<> u<244> t<Data_type> p<248> c<230> s<247> l<57:4> el<57:27>
                          n<> u<230> t<REG> p<244> s<243> l<57:4> el<57:7>
                          n<> u<243> t<Packed_dimension> p<244> c<242> l<57:8> el<57:27>
                            n<> u<242> t<Constant_range> p<243> c<237> l<57:9> el<57:26>
                              n<> u<237> t<Constant_expression> p<242> c<236> s<241> l<57:9> el<57:22>
                                n<> u<236> t<Constant_primary> p<237> c<232> l<57:9> el<57:22>
                                  n<> u<232> t<Package_scope> p<236> c<231> s<233> l<57:9> el<57:16>
                                    n<pkg11> u<231> t<SIMPLE_IDENTIFIER> p<232> l<57:9> el<57:14>
                                  n<PARAM3> u<233> t<SIMPLE_IDENTIFIER> p<236> s<235> l<57:16> el<57:22>
                                  n<> u<235> t<Constant_select> p<236> c<234> l<57:23> el<57:23>
                                    n<> u<234> t<Constant_bit_select> p<235> l<57:23> el<57:23>
                              n<> u<241> t<Constant_expression> p<242> c<240> l<57:25> el<57:26>
                                n<> u<240> t<Constant_primary> p<241> c<239> l<57:25> el<57:26>
                                  n<> u<239> t<Primary_literal> p<240> c<238> l<57:25> el<57:26>
                                    n<0> u<238> t<INTEGRAL_NUMBER> p<239> l<57:25> el<57:26>
                        n<> u<247> t<Variable_decl_assignment_list> p<248> c<246> l<57:28> el<57:33>
                          n<> u<246> t<Variable_decl_assignment> p<247> c<245> l<57:28> el<57:33>
                            n<bus13> u<245> t<SIMPLE_IDENTIFIER> p<246> l<57:28> el<57:33>
        n<> u<281> t<Module_item> p<446> c<280> s<307> l<59:4> el<59:34>
          n<> u<280> t<Non_port_module_item> p<281> c<279> l<59:4> el<59:34>
            n<> u<279> t<Module_or_generate_item> p<280> c<278> l<59:4> el<59:34>
              n<> u<278> t<Module_common_item> p<279> c<277> l<59:4> el<59:34>
                n<> u<277> t<Module_or_generate_item_declaration> p<278> c<276> l<59:4> el<59:34>
                  n<> u<276> t<Package_or_generate_item_declaration> p<277> c<275> l<59:4> el<59:34>
                    n<> u<275> t<Data_declaration> p<276> c<274> l<59:4> el<59:34>
                      n<> u<274> t<Variable_declaration> p<275> c<270> l<59:4> el<59:34>
                        n<> u<270> t<Data_type> p<274> c<256> s<273> l<59:4> el<59:27>
                          n<> u<256> t<REG> p<270> s<269> l<59:4> el<59:7>
                          n<> u<269> t<Packed_dimension> p<270> c<268> l<59:8> el<59:27>
                            n<> u<268> t<Constant_range> p<269> c<263> l<59:9> el<59:26>
                              n<> u<263> t<Constant_expression> p<268> c<262> s<267> l<59:9> el<59:22>
                                n<> u<262> t<Constant_primary> p<263> c<258> l<59:9> el<59:22>
                                  n<> u<258> t<Package_scope> p<262> c<257> s<259> l<59:9> el<59:16>
                                    n<pkg21> u<257> t<SIMPLE_IDENTIFIER> p<258> l<59:9> el<59:14>
                                  n<PARAM1> u<259> t<SIMPLE_IDENTIFIER> p<262> s<261> l<59:16> el<59:22>
                                  n<> u<261> t<Constant_select> p<262> c<260> l<59:23> el<59:23>
                                    n<> u<260> t<Constant_bit_select> p<261> l<59:23> el<59:23>
                              n<> u<267> t<Constant_expression> p<268> c<266> l<59:25> el<59:26>
                                n<> u<266> t<Constant_primary> p<267> c<265> l<59:25> el<59:26>
                                  n<> u<265> t<Primary_literal> p<266> c<264> l<59:25> el<59:26>
                                    n<0> u<264> t<INTEGRAL_NUMBER> p<265> l<59:25> el<59:26>
                        n<> u<273> t<Variable_decl_assignment_list> p<274> c<272> l<59:28> el<59:33>
                          n<> u<272> t<Variable_decl_assignment> p<273> c<271> l<59:28> el<59:33>
                            n<bus21> u<271> t<SIMPLE_IDENTIFIER> p<272> l<59:28> el<59:33>
        n<> u<307> t<Module_item> p<446> c<306> s<333> l<60:4> el<60:34>
          n<> u<306> t<Non_port_module_item> p<307> c<305> l<60:4> el<60:34>
            n<> u<305> t<Module_or_generate_item> p<306> c<304> l<60:4> el<60:34>
              n<> u<304> t<Module_common_item> p<305> c<303> l<60:4> el<60:34>
                n<> u<303> t<Module_or_generate_item_declaration> p<304> c<302> l<60:4> el<60:34>
                  n<> u<302> t<Package_or_generate_item_declaration> p<303> c<301> l<60:4> el<60:34>
                    n<> u<301> t<Data_declaration> p<302> c<300> l<60:4> el<60:34>
                      n<> u<300> t<Variable_declaration> p<301> c<296> l<60:4> el<60:34>
                        n<> u<296> t<Data_type> p<300> c<282> s<299> l<60:4> el<60:27>
                          n<> u<282> t<REG> p<296> s<295> l<60:4> el<60:7>
                          n<> u<295> t<Packed_dimension> p<296> c<294> l<60:8> el<60:27>
                            n<> u<294> t<Constant_range> p<295> c<289> l<60:9> el<60:26>
                              n<> u<289> t<Constant_expression> p<294> c<288> s<293> l<60:9> el<60:22>
                                n<> u<288> t<Constant_primary> p<289> c<284> l<60:9> el<60:22>
                                  n<> u<284> t<Package_scope> p<288> c<283> s<285> l<60:9> el<60:16>
                                    n<pkg21> u<283> t<SIMPLE_IDENTIFIER> p<284> l<60:9> el<60:14>
                                  n<PARAM2> u<285> t<SIMPLE_IDENTIFIER> p<288> s<287> l<60:16> el<60:22>
                                  n<> u<287> t<Constant_select> p<288> c<286> l<60:23> el<60:23>
                                    n<> u<286> t<Constant_bit_select> p<287> l<60:23> el<60:23>
                              n<> u<293> t<Constant_expression> p<294> c<292> l<60:25> el<60:26>
                                n<> u<292> t<Constant_primary> p<293> c<291> l<60:25> el<60:26>
                                  n<> u<291> t<Primary_literal> p<292> c<290> l<60:25> el<60:26>
                                    n<0> u<290> t<INTEGRAL_NUMBER> p<291> l<60:25> el<60:26>
                        n<> u<299> t<Variable_decl_assignment_list> p<300> c<298> l<60:28> el<60:33>
                          n<> u<298> t<Variable_decl_assignment> p<299> c<297> l<60:28> el<60:33>
                            n<bus22> u<297> t<SIMPLE_IDENTIFIER> p<298> l<60:28> el<60:33>
        n<> u<333> t<Module_item> p<446> c<332> s<359> l<61:4> el<61:34>
          n<> u<332> t<Non_port_module_item> p<333> c<331> l<61:4> el<61:34>
            n<> u<331> t<Module_or_generate_item> p<332> c<330> l<61:4> el<61:34>
              n<> u<330> t<Module_common_item> p<331> c<329> l<61:4> el<61:34>
                n<> u<329> t<Module_or_generate_item_declaration> p<330> c<328> l<61:4> el<61:34>
                  n<> u<328> t<Package_or_generate_item_declaration> p<329> c<327> l<61:4> el<61:34>
                    n<> u<327> t<Data_declaration> p<328> c<326> l<61:4> el<61:34>
                      n<> u<326> t<Variable_declaration> p<327> c<322> l<61:4> el<61:34>
                        n<> u<322> t<Data_type> p<326> c<308> s<325> l<61:4> el<61:27>
                          n<> u<308> t<REG> p<322> s<321> l<61:4> el<61:7>
                          n<> u<321> t<Packed_dimension> p<322> c<320> l<61:8> el<61:27>
                            n<> u<320> t<Constant_range> p<321> c<315> l<61:9> el<61:26>
                              n<> u<315> t<Constant_expression> p<320> c<314> s<319> l<61:9> el<61:22>
                                n<> u<314> t<Constant_primary> p<315> c<310> l<61:9> el<61:22>
                                  n<> u<310> t<Package_scope> p<314> c<309> s<311> l<61:9> el<61:16>
                                    n<pkg21> u<309> t<SIMPLE_IDENTIFIER> p<310> l<61:9> el<61:14>
                                  n<PARAM3> u<311> t<SIMPLE_IDENTIFIER> p<314> s<313> l<61:16> el<61:22>
                                  n<> u<313> t<Constant_select> p<314> c<312> l<61:23> el<61:23>
                                    n<> u<312> t<Constant_bit_select> p<313> l<61:23> el<61:23>
                              n<> u<319> t<Constant_expression> p<320> c<318> l<61:25> el<61:26>
                                n<> u<318> t<Constant_primary> p<319> c<317> l<61:25> el<61:26>
                                  n<> u<317> t<Primary_literal> p<318> c<316> l<61:25> el<61:26>
                                    n<0> u<316> t<INTEGRAL_NUMBER> p<317> l<61:25> el<61:26>
                        n<> u<325> t<Variable_decl_assignment_list> p<326> c<324> l<61:28> el<61:33>
                          n<> u<324> t<Variable_decl_assignment> p<325> c<323> l<61:28> el<61:33>
                            n<bus23> u<323> t<SIMPLE_IDENTIFIER> p<324> l<61:28> el<61:33>
        n<> u<359> t<Module_item> p<446> c<358> s<385> l<63:4> el<63:34>
          n<> u<358> t<Non_port_module_item> p<359> c<357> l<63:4> el<63:34>
            n<> u<357> t<Module_or_generate_item> p<358> c<356> l<63:4> el<63:34>
              n<> u<356> t<Module_common_item> p<357> c<355> l<63:4> el<63:34>
                n<> u<355> t<Module_or_generate_item_declaration> p<356> c<354> l<63:4> el<63:34>
                  n<> u<354> t<Package_or_generate_item_declaration> p<355> c<353> l<63:4> el<63:34>
                    n<> u<353> t<Data_declaration> p<354> c<352> l<63:4> el<63:34>
                      n<> u<352> t<Variable_declaration> p<353> c<348> l<63:4> el<63:34>
                        n<> u<348> t<Data_type> p<352> c<334> s<351> l<63:4> el<63:27>
                          n<> u<334> t<REG> p<348> s<347> l<63:4> el<63:7>
                          n<> u<347> t<Packed_dimension> p<348> c<346> l<63:8> el<63:27>
                            n<> u<346> t<Constant_range> p<347> c<341> l<63:9> el<63:26>
                              n<> u<341> t<Constant_expression> p<346> c<340> s<345> l<63:9> el<63:22>
                                n<> u<340> t<Constant_primary> p<341> c<336> l<63:9> el<63:22>
                                  n<> u<336> t<Package_scope> p<340> c<335> s<337> l<63:9> el<63:16>
                                    n<pkg31> u<335> t<SIMPLE_IDENTIFIER> p<336> l<63:9> el<63:14>
                                  n<PARAM1> u<337> t<SIMPLE_IDENTIFIER> p<340> s<339> l<63:16> el<63:22>
                                  n<> u<339> t<Constant_select> p<340> c<338> l<63:23> el<63:23>
                                    n<> u<338> t<Constant_bit_select> p<339> l<63:23> el<63:23>
                              n<> u<345> t<Constant_expression> p<346> c<344> l<63:25> el<63:26>
                                n<> u<344> t<Constant_primary> p<345> c<343> l<63:25> el<63:26>
                                  n<> u<343> t<Primary_literal> p<344> c<342> l<63:25> el<63:26>
                                    n<0> u<342> t<INTEGRAL_NUMBER> p<343> l<63:25> el<63:26>
                        n<> u<351> t<Variable_decl_assignment_list> p<352> c<350> l<63:28> el<63:33>
                          n<> u<350> t<Variable_decl_assignment> p<351> c<349> l<63:28> el<63:33>
                            n<bus31> u<349> t<SIMPLE_IDENTIFIER> p<350> l<63:28> el<63:33>
        n<> u<385> t<Module_item> p<446> c<384> s<411> l<64:4> el<64:34>
          n<> u<384> t<Non_port_module_item> p<385> c<383> l<64:4> el<64:34>
            n<> u<383> t<Module_or_generate_item> p<384> c<382> l<64:4> el<64:34>
              n<> u<382> t<Module_common_item> p<383> c<381> l<64:4> el<64:34>
                n<> u<381> t<Module_or_generate_item_declaration> p<382> c<380> l<64:4> el<64:34>
                  n<> u<380> t<Package_or_generate_item_declaration> p<381> c<379> l<64:4> el<64:34>
                    n<> u<379> t<Data_declaration> p<380> c<378> l<64:4> el<64:34>
                      n<> u<378> t<Variable_declaration> p<379> c<374> l<64:4> el<64:34>
                        n<> u<374> t<Data_type> p<378> c<360> s<377> l<64:4> el<64:27>
                          n<> u<360> t<REG> p<374> s<373> l<64:4> el<64:7>
                          n<> u<373> t<Packed_dimension> p<374> c<372> l<64:8> el<64:27>
                            n<> u<372> t<Constant_range> p<373> c<367> l<64:9> el<64:26>
                              n<> u<367> t<Constant_expression> p<372> c<366> s<371> l<64:9> el<64:22>
                                n<> u<366> t<Constant_primary> p<367> c<362> l<64:9> el<64:22>
                                  n<> u<362> t<Package_scope> p<366> c<361> s<363> l<64:9> el<64:16>
                                    n<pkg31> u<361> t<SIMPLE_IDENTIFIER> p<362> l<64:9> el<64:14>
                                  n<PARAM2> u<363> t<SIMPLE_IDENTIFIER> p<366> s<365> l<64:16> el<64:22>
                                  n<> u<365> t<Constant_select> p<366> c<364> l<64:23> el<64:23>
                                    n<> u<364> t<Constant_bit_select> p<365> l<64:23> el<64:23>
                              n<> u<371> t<Constant_expression> p<372> c<370> l<64:25> el<64:26>
                                n<> u<370> t<Constant_primary> p<371> c<369> l<64:25> el<64:26>
                                  n<> u<369> t<Primary_literal> p<370> c<368> l<64:25> el<64:26>
                                    n<0> u<368> t<INTEGRAL_NUMBER> p<369> l<64:25> el<64:26>
                        n<> u<377> t<Variable_decl_assignment_list> p<378> c<376> l<64:28> el<64:33>
                          n<> u<376> t<Variable_decl_assignment> p<377> c<375> l<64:28> el<64:33>
                            n<bus32> u<375> t<SIMPLE_IDENTIFIER> p<376> l<64:28> el<64:33>
        n<> u<411> t<Module_item> p<446> c<410> s<444> l<65:4> el<65:34>
          n<> u<410> t<Non_port_module_item> p<411> c<409> l<65:4> el<65:34>
            n<> u<409> t<Module_or_generate_item> p<410> c<408> l<65:4> el<65:34>
              n<> u<408> t<Module_common_item> p<409> c<407> l<65:4> el<65:34>
                n<> u<407> t<Module_or_generate_item_declaration> p<408> c<406> l<65:4> el<65:34>
                  n<> u<406> t<Package_or_generate_item_declaration> p<407> c<405> l<65:4> el<65:34>
                    n<> u<405> t<Data_declaration> p<406> c<404> l<65:4> el<65:34>
                      n<> u<404> t<Variable_declaration> p<405> c<400> l<65:4> el<65:34>
                        n<> u<400> t<Data_type> p<404> c<386> s<403> l<65:4> el<65:27>
                          n<> u<386> t<REG> p<400> s<399> l<65:4> el<65:7>
                          n<> u<399> t<Packed_dimension> p<400> c<398> l<65:8> el<65:27>
                            n<> u<398> t<Constant_range> p<399> c<393> l<65:9> el<65:26>
                              n<> u<393> t<Constant_expression> p<398> c<392> s<397> l<65:9> el<65:22>
                                n<> u<392> t<Constant_primary> p<393> c<388> l<65:9> el<65:22>
                                  n<> u<388> t<Package_scope> p<392> c<387> s<389> l<65:9> el<65:16>
                                    n<pkg31> u<387> t<SIMPLE_IDENTIFIER> p<388> l<65:9> el<65:14>
                                  n<PARAM3> u<389> t<SIMPLE_IDENTIFIER> p<392> s<391> l<65:16> el<65:22>
                                  n<> u<391> t<Constant_select> p<392> c<390> l<65:23> el<65:23>
                                    n<> u<390> t<Constant_bit_select> p<391> l<65:23> el<65:23>
                              n<> u<397> t<Constant_expression> p<398> c<396> l<65:25> el<65:26>
                                n<> u<396> t<Constant_primary> p<397> c<395> l<65:25> el<65:26>
                                  n<> u<395> t<Primary_literal> p<396> c<394> l<65:25> el<65:26>
                                    n<0> u<394> t<INTEGRAL_NUMBER> p<395> l<65:25> el<65:26>
                        n<> u<403> t<Variable_decl_assignment_list> p<404> c<402> l<65:28> el<65:33>
                          n<> u<402> t<Variable_decl_assignment> p<403> c<401> l<65:28> el<65:33>
                            n<bus33> u<401> t<SIMPLE_IDENTIFIER> p<402> l<65:28> el<65:33>
        n<> u<444> t<Module_item> p<446> c<443> s<445> l<67:4> el<70:7>
          n<> u<443> t<Non_port_module_item> p<444> c<442> l<67:4> el<70:7>
            n<> u<442> t<Module_or_generate_item> p<443> c<441> l<67:4> el<70:7>
              n<> u<441> t<Module_common_item> p<442> c<440> l<67:4> el<70:7>
                n<> u<440> t<Initial_construct> p<441> c<439> l<67:4> el<70:7>
                  n<> u<439> t<Statement_or_null> p<440> c<438> l<67:12> el<70:7>
                    n<> u<438> t<Statement> p<439> c<437> l<67:12> el<70:7>
                      n<> u<437> t<Statement_item> p<438> c<436> l<67:12> el<70:7>
                        n<> u<436> t<Seq_block> p<437> c<425> l<67:12> el<70:7>
                          n<> u<425> t<Statement_or_null> p<436> c<424> s<434> l<68:7> el<68:40>
                            n<> u<424> t<Statement> p<425> c<423> l<68:7> el<68:40>
                              n<> u<423> t<Statement_item> p<424> c<422> l<68:7> el<68:40>
                                n<> u<422> t<Subroutine_call_statement> p<423> c<421> l<68:7> el<68:40>
                                  n<> u<421> t<Subroutine_call> p<422> c<412> l<68:7> el<68:39>
                                    n<$> u<412> t<DOLLAR> p<421> s<413> l<68:7> el<68:8>
                                    n<write> u<413> t<SIMPLE_IDENTIFIER> p<421> s<419> l<68:8> el<68:13>
                                    n<> u<419> t<OPEN_PARENS> p<421> s<418> l<68:13> el<68:14>
                                    n<> u<418> t<Argument_list> p<421> c<417> s<420> l<68:14> el<68:38>
                                      n<> u<417> t<Expression> p<418> c<416> l<68:14> el<68:38>
                                        n<> u<416> t<Primary> p<417> c<415> l<68:14> el<68:38>
                                          n<> u<415> t<Primary_literal> p<416> c<414> l<68:14> el<68:38>
                                            n<"*-* All Finished *-*\n"> u<414> t<QUOTED_STRING> p<415> l<68:14> el<68:38>
                                    n<> u<420> t<CLOSE_PARENS> p<421> l<68:38> el<68:39>
                          n<> u<434> t<Statement_or_null> p<436> c<433> s<435> l<69:7> el<69:15>
                            n<> u<433> t<Statement> p<434> c<432> l<69:7> el<69:15>
                              n<> u<432> t<Statement_item> p<433> c<431> l<69:7> el<69:15>
                                n<> u<431> t<Subroutine_call_statement> p<432> c<430> l<69:7> el<69:15>
                                  n<> u<430> t<Subroutine_call> p<431> c<426> l<69:7> el<69:14>
                                    n<$> u<426> t<DOLLAR> p<430> s<427> l<69:7> el<69:8>
                                    n<finish> u<427> t<SIMPLE_IDENTIFIER> p<430> s<429> l<69:8> el<69:14>
                                    n<> u<429> t<Select> p<430> c<428> l<69:14> el<69:14>
                                      n<> u<428> t<Bit_select> p<429> l<69:14> el<69:14>
                          n<> u<435> t<END> p<436> l<70:4> el<70:7>
        n<> u<445> t<ENDMODULE> p<446> l<71:1> el<71:10>
AST_DEBUG_END
[INF:CP5802] $Source01/t_package_export.v:8:1: Compile package "pkg1".
[INF:CP5802] $Source01/t_package_export.v:14:1: Compile package "pkg10".
[ERR:CP5824] $Source01/t_package_export.v:14:1: Multiply defined typedef "pkg1".
[INF:CP5802] $Source01/t_package_export.v:22:1: Compile package "pkg11".
[INF:CP5802] $Source01/t_package_export.v:26:1: Compile package "pkg20".
[INF:CP5802] $Source01/t_package_export.v:33:1: Compile package "pkg21".
[INF:CP5802] $Source01/t_package_export.v:37:1: Compile package "pkg30".
[INF:CP5802] $Source01/t_package_export.v:45:1: Compile package "pkg31".
[INF:CP5804] $Source01/t_package_export.v:49:1: Compile module "t".
[INF:CM5028] Using global timescale: "1ns/1ns".
====== HLDB =======
Design name:unnamed:
  vpiName: unnamed
  vpiSourceFile (1 items):
    SourceFile name:t_package_export.v file:$Source01/t_package_export.v:
      vpiParent: Design name:unnamed
      vpiName: t_package_export.v
      vpiPreprocFile: "$Output/lib/work/t_package_export.v"
  vpiAllPackages (7 items):
    Package name:pkg1 file:$Source01/t_package_export.v start:8:1 end:11:18:
      vpiParent: Design name:unnamed
      vpiName Identifier name:pkg1 start:8:9 end:8:13:
      vpiFullName: pkg1
      vpiParameter (2 items):
        Parameter name:PARAM2 start:9:14 end:9:20:
          vpiParent: Package name:pkg1
          vpiTypespec RefTypespec:
            vpiParent: Parameter name:PARAM2
            vpiFullName: pkg1::PARAM2
            vpiActual: LogicTypespec
          vpiName: PARAM2
          vpiFullName: pkg1::PARAM2
        Parameter name:PARAM3 start:10:14 end:10:20:
          vpiParent: Package name:pkg1
          vpiTypespec RefTypespec:
            vpiParent: Parameter name:PARAM3
            vpiFullName: pkg1::PARAM3
            vpiActual: LogicTypespec
          vpiName: PARAM3
          vpiFullName: pkg1::PARAM3
      vpiParamAssign (2 items):
        ParamAssign start:9:14 end:9:25:
          vpiParent: Package name:pkg1
          vpiLhs RefObj name:PARAM2 start:9:14 end:9:20:
            vpiParent: ParamAssign
            vpiName: PARAM2
            vpiFullName: pkg1::PARAM2
            vpiActual: Parameter name:PARAM2
          vpiRhs Constant start:9:23 end:9:25:
            vpiParent: ParamAssign
            vpiTypespec RefTypespec:
              vpiParent: Constant
              vpiFullName: pkg1
              vpiActual: IntTypespec
            vpiConstType: unsigned int (9)
            vpiSize: 64
            vpiDecompile: "16"
            vpiValue: 16
        ParamAssign start:10:14 end:10:25:
          vpiParent: Package name:pkg1
          vpiLhs RefObj name:PARAM3 start:10:14 end:10:20:
            vpiParent: ParamAssign
            vpiName: PARAM3
            vpiFullName: pkg1::PARAM3
            vpiActual: Parameter name:PARAM3
          vpiRhs Constant start:10:23 end:10:25:
            vpiParent: ParamAssign
            vpiTypespec RefTypespec:
              vpiParent: Constant
              vpiFullName: pkg1
              vpiActual: IntTypespec
            vpiConstType: unsigned int (9)
            vpiSize: 64
            vpiDecompile: "16"
            vpiValue: 16
      vpiTypespec (1 items):
        LogicTypespec:
          vpiParent: Package name:pkg1
      vpiDefName: pkg1
      vpiDefNetType: wire (1)
      vpiLibrary RefObj name:work start:8:9 end:8:13:
        vpiParent: Package name:pkg1
        vpiName: work
        vpiFullName: pkg1::work
        vpiActual: Library name:work
      vpiCell: pkg1
      vpiEndLabel Identifier name:pkg1 start:11:14 end:11:18:
    Package name:pkg10 file:$Source01/t_package_export.v start:14:1 end:21:11:
      vpiParent: Design name:unnamed
      vpiName Identifier name:pkg10 start:14:9 end:14:14:
      vpiFullName: pkg10
      vpiParameter (1 items):
        Parameter name:PARAM1 start:20:14 end:20:20:
          vpiParent: Package name:pkg10
          vpiTypespec RefTypespec:
            vpiParent: Parameter name:PARAM1
            vpiFullName: pkg10::PARAM1
            vpiActual: LogicTypespec
          vpiName: PARAM1
          vpiFullName: pkg10::PARAM1
      vpiParamAssign (1 items):
        ParamAssign start:20:14 end:20:24:
          vpiParent: Package name:pkg10
          vpiLhs RefObj name:PARAM1 start:20:14 end:20:20:
            vpiParent: ParamAssign
            vpiName: PARAM1
            vpiFullName: pkg10::PARAM1
            vpiActual: Parameter name:PARAM1
          vpiRhs Constant start:20:23 end:20:24:
            vpiParent: ParamAssign
            vpiTypespec RefTypespec:
              vpiParent: Constant
              vpiFullName: pkg10
              vpiActual: IntTypespec
            vpiConstType: unsigned int (9)
            vpiSize: 64
            vpiDecompile: "8"
            vpiValue: 8
      vpiTypespec (3 items):
        ImportTypespec name:pkg1 start:15:11 end:15:18:
          vpiParent: Package name:pkg10
          vpiName Identifier name:pkg1 start:15:11 end:15:15:
          vpiImportTypespecItem Constant start:15:17 end:15:18:
            vpiParent: ImportTypespec name:pkg1
            vpiTypespec RefTypespec:
              vpiParent: Constant
              vpiFullName: pkg10::pkg1
              vpiActual: StringTypespec
            vpiConstType: string (6)
            vpiSize: 8
            vpiDecompile: "*"
            vpiValue: "*"
        ImportTypespec name:pkg1 start:16:11 end:16:18:
          vpiParent: Package name:pkg10
          vpiName Identifier name:pkg1 start:16:11 end:16:15:
          vpiImportTypespecItem Constant start:16:17 end:16:18:
            vpiParent: ImportTypespec name:pkg1
            vpiTypespec RefTypespec:
              vpiParent: Constant
              vpiFullName: pkg10::pkg1
              vpiActual: StringTypespec
            vpiConstType: string (6)
            vpiSize: 8
            vpiDecompile: "*"
            vpiValue: "*"
        LogicTypespec:
          vpiParent: Package name:pkg10
      vpiDefName: pkg10
      vpiDefNetType: wire (1)
      vpiLibrary RefObj name:work start:14:9 end:14:14:
        vpiParent: Package name:pkg10
        vpiName: work
        vpiFullName: pkg10::work
        vpiActual: Library name:work
      vpiCell: pkg10
    Package name:pkg11 file:$Source01/t_package_export.v start:22:1 end:24:11:
      vpiParent: Design name:unnamed
      vpiName Identifier name:pkg11 start:22:9 end:22:14:
      vpiFullName: pkg11
      vpiTypespec (1 items):
        ImportTypespec name:pkg10 start:23:11 end:23:19:
          vpiParent: Package name:pkg11
          vpiName Identifier name:pkg10 start:23:11 end:23:16:
          vpiImportTypespecItem Constant start:23:18 end:23:19:
            vpiParent: ImportTypespec name:pkg10
            vpiTypespec RefTypespec:
              vpiParent: Constant
              vpiFullName: pkg11::pkg10
              vpiActual: StringTypespec
            vpiConstType: string (6)
            vpiSize: 8
            vpiDecompile: "*"
            vpiValue: "*"
      vpiDefName: pkg11
      vpiDefNetType: wire (1)
      vpiLibrary RefObj name:work start:22:9 end:22:14:
        vpiParent: Package name:pkg11
        vpiName: work
        vpiFullName: pkg11::work
        vpiActual: Library name:work
      vpiCell: pkg11
    Package name:pkg20 file:$Source01/t_package_export.v start:26:1 end:32:11:
      vpiParent: Design name:unnamed
      vpiName Identifier name:pkg20 start:26:9 end:26:14:
      vpiFullName: pkg20
      vpiParameter (1 items):
        Parameter name:PARAM1 start:31:14 end:31:20:
          vpiParent: Package name:pkg20
          vpiTypespec RefTypespec:
            vpiParent: Parameter name:PARAM1
            vpiFullName: pkg20::PARAM1
            vpiActual: LogicTypespec
          vpiName: PARAM1
          vpiFullName: pkg20::PARAM1
      vpiParamAssign (1 items):
        ParamAssign start:31:14 end:31:24:
          vpiParent: Package name:pkg20
          vpiLhs RefObj name:PARAM1 start:31:14 end:31:20:
            vpiParent: ParamAssign
            vpiName: PARAM1
            vpiFullName: pkg20::PARAM1
            vpiActual: Parameter name:PARAM1
          vpiRhs Constant start:31:23 end:31:24:
            vpiParent: ParamAssign
            vpiTypespec RefTypespec:
              vpiParent: Constant
              vpiFullName: pkg20
              vpiActual: IntTypespec
            vpiConstType: unsigned int (9)
            vpiSize: 64
            vpiDecompile: "8"
            vpiValue: 8
      vpiTypespec (2 items):
        ImportTypespec name:pkg1 start:27:11 end:27:18:
          vpiParent: Package name:pkg20
          vpiName Identifier name:pkg1 start:27:11 end:27:15:
          vpiImportTypespecItem Constant start:27:17 end:27:18:
            vpiParent: ImportTypespec name:pkg1
            vpiTypespec RefTypespec:
              vpiParent: Constant
              vpiFullName: pkg20::pkg1
              vpiActual: StringTypespec
            vpiConstType: string (6)
            vpiSize: 8
            vpiDecompile: "*"
            vpiValue: "*"
        LogicTypespec:
          vpiParent: Package name:pkg20
      vpiDefName: pkg20
      vpiDefNetType: wire (1)
      vpiLibrary RefObj name:work start:26:9 end:26:14:
        vpiParent: Package name:pkg20
        vpiName: work
        vpiFullName: pkg20::work
        vpiActual: Library name:work
      vpiCell: pkg20
    Package name:pkg21 file:$Source01/t_package_export.v start:33:1 end:35:11:
      vpiParent: Design name:unnamed
      vpiName Identifier name:pkg21 start:33:9 end:33:14:
      vpiFullName: pkg21
      vpiTypespec (1 items):
        ImportTypespec name:pkg20 start:34:11 end:34:19:
          vpiParent: Package name:pkg21
          vpiName Identifier name:pkg20 start:34:11 end:34:16:
          vpiImportTypespecItem Constant start:34:18 end:34:19:
            vpiParent: ImportTypespec name:pkg20
            vpiTypespec RefTypespec:
              vpiParent: Constant
              vpiFullName: pkg21::pkg20
              vpiActual: StringTypespec
            vpiConstType: string (6)
            vpiSize: 8
            vpiDecompile: "*"
            vpiValue: "*"
      vpiDefName: pkg21
      vpiDefNetType: wire (1)
      vpiLibrary RefObj name:work start:33:9 end:33:14:
        vpiParent: Package name:pkg21
        vpiName: work
        vpiFullName: pkg21::work
        vpiActual: Library name:work
      vpiCell: pkg21
    Package name:pkg30 file:$Source01/t_package_export.v start:37:1 end:44:11:
      vpiParent: Design name:unnamed
      vpiName Identifier name:pkg30 start:37:9 end:37:14:
      vpiFullName: pkg30
      vpiParameter (1 items):
        Parameter name:PARAM1 start:43:14 end:43:20:
          vpiParent: Package name:pkg30
          vpiTypespec RefTypespec:
            vpiParent: Parameter name:PARAM1
            vpiFullName: pkg30::PARAM1
            vpiActual: LogicTypespec
          vpiName: PARAM1
          vpiFullName: pkg30::PARAM1
      vpiParamAssign (1 items):
        ParamAssign start:43:14 end:43:24:
          vpiParent: Package name:pkg30
          vpiLhs RefObj name:PARAM1 start:43:14 end:43:20:
            vpiParent: ParamAssign
            vpiName: PARAM1
            vpiFullName: pkg30::PARAM1
            vpiActual: Parameter name:PARAM1
          vpiRhs Constant start:43:23 end:43:24:
            vpiParent: ParamAssign
            vpiTypespec RefTypespec:
              vpiParent: Constant
              vpiFullName: pkg30
              vpiActual: IntTypespec
            vpiConstType: unsigned int (9)
            vpiSize: 64
            vpiDecompile: "8"
            vpiValue: 8
      vpiTypespec (2 items):
        ImportTypespec name:pkg1 start:38:11 end:38:18:
          vpiParent: Package name:pkg30
          vpiName Identifier name:pkg1 start:38:11 end:38:15:
          vpiImportTypespecItem Constant start:38:17 end:38:18:
            vpiParent: ImportTypespec name:pkg1
            vpiTypespec RefTypespec:
              vpiParent: Constant
              vpiFullName: pkg30::pkg1
              vpiActual: StringTypespec
            vpiConstType: string (6)
            vpiSize: 8
            vpiDecompile: "*"
            vpiValue: "*"
        LogicTypespec:
          vpiParent: Package name:pkg30
      vpiDefName: pkg30
      vpiDefNetType: wire (1)
      vpiLibrary RefObj name:work start:37:9 end:37:14:
        vpiParent: Package name:pkg30
        vpiName: work
        vpiFullName: pkg30::work
        vpiActual: Library name:work
      vpiCell: pkg30
    Package name:pkg31 file:$Source01/t_package_export.v start:45:1 end:47:11:
      vpiParent: Design name:unnamed
      vpiName Identifier name:pkg31 start:45:9 end:45:14:
      vpiFullName: pkg31
      vpiTypespec (1 items):
        ImportTypespec name:pkg30 start:46:11 end:46:19:
          vpiParent: Package name:pkg31
          vpiName Identifier name:pkg30 start:46:11 end:46:16:
          vpiImportTypespecItem Constant start:46:18 end:46:19:
            vpiParent: ImportTypespec name:pkg30
            vpiTypespec RefTypespec:
              vpiParent: Constant
              vpiFullName: pkg31::pkg30
              vpiActual: StringTypespec
            vpiConstType: string (6)
            vpiSize: 8
            vpiDecompile: "*"
            vpiValue: "*"
      vpiDefName: pkg31
      vpiDefNetType: wire (1)
      vpiLibrary RefObj name:work start:45:9 end:45:14:
        vpiParent: Package name:pkg31
        vpiName: work
        vpiFullName: pkg31::work
        vpiActual: Library name:work
      vpiCell: pkg31
  vpiAllModules (1 items):
    Module name:t file:$Source01/t_package_export.v start:49:1 end:71:10:
      vpiParent: Design name:unnamed
      vpiName Identifier name:t start:49:8 end:49:9:
      vpiFullName: t
      vpiVariable (9 items):
        Variable name:bus11 start:55:28 end:55:33:
          vpiParent: Module name:t
          vpiTypespec RefTypespec start:55:4 end:55:27:
            vpiParent: Variable name:bus11
            vpiFullName: t.bus11
            vpiActual: LogicTypespec
          vpiName: bus11
          vpiFullName: t.bus11
          vpiVector: true
        Variable name:bus12 start:56:28 end:56:33:
          vpiParent: Module name:t
          vpiTypespec RefTypespec start:56:4 end:56:27:
            vpiParent: Variable name:bus12
            vpiFullName: t.bus12
            vpiActual: LogicTypespec
          vpiName: bus12
          vpiFullName: t.bus12
          vpiVector: true
        Variable name:bus13 start:57:28 end:57:33:
          vpiParent: Module name:t
          vpiTypespec RefTypespec start:57:4 end:57:27:
            vpiParent: Variable name:bus13
            vpiFullName: t.bus13
            vpiActual: LogicTypespec
          vpiName: bus13
          vpiFullName: t.bus13
          vpiVector: true
        Variable name:bus21 start:59:28 end:59:33:
          vpiParent: Module name:t
          vpiTypespec RefTypespec start:59:4 end:59:27:
            vpiParent: Variable name:bus21
            vpiFullName: t.bus21
            vpiActual: LogicTypespec
          vpiName: bus21
          vpiFullName: t.bus21
          vpiVector: true
        Variable name:bus22 start:60:28 end:60:33:
          vpiParent: Module name:t
          vpiTypespec RefTypespec start:60:4 end:60:27:
            vpiParent: Variable name:bus22
            vpiFullName: t.bus22
            vpiActual: LogicTypespec
          vpiName: bus22
          vpiFullName: t.bus22
          vpiVector: true
        Variable name:bus23 start:61:28 end:61:33:
          vpiParent: Module name:t
          vpiTypespec RefTypespec start:61:4 end:61:27:
            vpiParent: Variable name:bus23
            vpiFullName: t.bus23
            vpiActual: LogicTypespec
          vpiName: bus23
          vpiFullName: t.bus23
          vpiVector: true
        Variable name:bus31 start:63:28 end:63:33:
          vpiParent: Module name:t
          vpiTypespec RefTypespec start:63:4 end:63:27:
            vpiParent: Variable name:bus31
            vpiFullName: t.bus31
            vpiActual: LogicTypespec
          vpiName: bus31
          vpiFullName: t.bus31
          vpiVector: true
        Variable name:bus32 start:64:28 end:64:33:
          vpiParent: Module name:t
          vpiTypespec RefTypespec start:64:4 end:64:27:
            vpiParent: Variable name:bus32
            vpiFullName: t.bus32
            vpiActual: LogicTypespec
          vpiName: bus32
          vpiFullName: t.bus32
          vpiVector: true
        Variable name:bus33 start:65:28 end:65:33:
          vpiParent: Module name:t
          vpiTypespec RefTypespec start:65:4 end:65:27:
            vpiParent: Variable name:bus33
            vpiFullName: t.bus33
            vpiActual: LogicTypespec
          vpiName: bus33
          vpiFullName: t.bus33
          vpiVector: true
      vpiTypespec (10 items):
        LogicTypespec:
          vpiParent: Module name:t
        LogicTypespec:
          vpiParent: Module name:t
          vpiRange (1 items):
            Range start:55:8 end:55:27:
              vpiParent: LogicTypespec
              vpiLeftRange RefObj name:pkg11::PARAM1 start:55:9 end:55:22:
                vpiParent: Range
                vpiName: pkg11::PARAM1
                vpiFullName: t.pkg11::PARAM1
                vpiPathElem (2 items):
                  RefObj name:pkg11 start:55:9 end:55:14:
                    vpiParent: RefObj name:pkg11::PARAM1
                    vpiName: pkg11
                    vpiFullName: t.pkg11
                    vpiActual: Package name:pkg11
                  RefObj name:PARAM1 start:55:16 end:55:22:
                    vpiParent: RefObj name:pkg11::PARAM1
                    vpiName: PARAM1
                    vpiFullName: t.PARAM1
                    vpiActual: Parameter name:PARAM1
                vpiActual: Parameter name:PARAM1
              vpiRightRange Constant start:55:25 end:55:26:
                vpiParent: Range
                vpiTypespec RefTypespec:
                  vpiParent: Constant
                  vpiFullName: t
                  vpiActual: IntTypespec
                vpiConstType: unsigned int (9)
                vpiSize: 64
                vpiDecompile: "0"
                vpiValue: 0
          vpiVector: true
        LogicTypespec:
          vpiParent: Module name:t
          vpiRange (1 items):
            Range start:56:8 end:56:27:
              vpiParent: LogicTypespec
              vpiLeftRange RefObj name:pkg11::PARAM2 start:56:9 end:56:22:
                vpiParent: Range
                vpiName: pkg11::PARAM2
                vpiFullName: t.pkg11::PARAM2
                vpiPathElem (2 items):
                  RefObj name:pkg11 start:56:9 end:56:14:
                    vpiParent: RefObj name:pkg11::PARAM2
                    vpiName: pkg11
                    vpiFullName: t.pkg11
                    vpiActual: Package name:pkg11
                  RefObj name:PARAM2 start:56:16 end:56:22:
                    vpiParent: RefObj name:pkg11::PARAM2
                    vpiName: PARAM2
                    vpiFullName: t.PARAM2
                    vpiActual: Parameter name:PARAM2
                vpiActual: Parameter name:PARAM2
              vpiRightRange Constant start:56:25 end:56:26:
                vpiParent: Range
                vpiTypespec RefTypespec:
                  vpiParent: Constant
                  vpiFullName: t
                  vpiActual: IntTypespec
                vpiConstType: unsigned int (9)
                vpiSize: 64
                vpiDecompile: "0"
                vpiValue: 0
          vpiVector: true
        LogicTypespec:
          vpiParent: Module name:t
          vpiRange (1 items):
            Range start:57:8 end:57:27:
              vpiParent: LogicTypespec
              vpiLeftRange RefObj name:pkg11::PARAM3 start:57:9 end:57:22:
                vpiParent: Range
                vpiName: pkg11::PARAM3
                vpiFullName: t.pkg11::PARAM3
                vpiPathElem (2 items):
                  RefObj name:pkg11 start:57:9 end:57:14:
                    vpiParent: RefObj name:pkg11::PARAM3
                    vpiName: pkg11
                    vpiFullName: t.pkg11
                    vpiActual: Package name:pkg11
                  RefObj name:PARAM3 start:57:16 end:57:22:
                    vpiParent: RefObj name:pkg11::PARAM3
                    vpiName: PARAM3
                    vpiFullName: t.PARAM3
                    vpiActual: Parameter name:PARAM3
                vpiActual: Parameter name:PARAM3
              vpiRightRange Constant start:57:25 end:57:26:
                vpiParent: Range
                vpiTypespec RefTypespec:
                  vpiParent: Constant
                  vpiFullName: t
                  vpiActual: IntTypespec
                vpiConstType: unsigned int (9)
                vpiSize: 64
                vpiDecompile: "0"
                vpiValue: 0
          vpiVector: true
        LogicTypespec:
          vpiParent: Module name:t
          vpiRange (1 items):
            Range start:59:8 end:59:27:
              vpiParent: LogicTypespec
              vpiLeftRange RefObj name:pkg21::PARAM1 start:59:9 end:59:22:
                vpiParent: Range
                vpiName: pkg21::PARAM1
                vpiFullName: t.pkg21::PARAM1
                vpiPathElem (2 items):
                  RefObj name:pkg21 start:59:9 end:59:14:
                    vpiParent: RefObj name:pkg21::PARAM1
                    vpiName: pkg21
                    vpiFullName: t.pkg21
                    vpiActual: Package name:pkg21
                  RefObj name:PARAM1 start:59:16 end:59:22:
                    vpiParent: RefObj name:pkg21::PARAM1
                    vpiName: PARAM1
                    vpiFullName: t.PARAM1
                    vpiActual: Parameter name:PARAM1
                vpiActual: Parameter name:PARAM1
              vpiRightRange Constant start:59:25 end:59:26:
                vpiParent: Range
                vpiTypespec RefTypespec:
                  vpiParent: Constant
                  vpiFullName: t
                  vpiActual: IntTypespec
                vpiConstType: unsigned int (9)
                vpiSize: 64
                vpiDecompile: "0"
                vpiValue: 0
          vpiVector: true
        LogicTypespec:
          vpiParent: Module name:t
          vpiRange (1 items):
            Range start:60:8 end:60:27:
              vpiParent: LogicTypespec
              vpiLeftRange RefObj name:pkg21::PARAM2 start:60:9 end:60:22:
                vpiParent: Range
                vpiName: pkg21::PARAM2
                vpiFullName: t.pkg21::PARAM2
                vpiPathElem (2 items):
                  RefObj name:pkg21 start:60:9 end:60:14:
                    vpiParent: RefObj name:pkg21::PARAM2
                    vpiName: pkg21
                    vpiFullName: t.pkg21
                    vpiActual: Package name:pkg21
                  RefObj name:PARAM2 start:60:16 end:60:22:
                    vpiParent: RefObj name:pkg21::PARAM2
                    vpiName: PARAM2
                    vpiFullName: t.PARAM2
                    vpiActual: Parameter name:PARAM2
                vpiActual: Parameter name:PARAM2
              vpiRightRange Constant start:60:25 end:60:26:
                vpiParent: Range
                vpiTypespec RefTypespec:
                  vpiParent: Constant
                  vpiFullName: t
                  vpiActual: IntTypespec
                vpiConstType: unsigned int (9)
                vpiSize: 64
                vpiDecompile: "0"
                vpiValue: 0
          vpiVector: true
        LogicTypespec:
          vpiParent: Module name:t
          vpiRange (1 items):
            Range start:61:8 end:61:27:
              vpiParent: LogicTypespec
              vpiLeftRange RefObj name:pkg21::PARAM3 start:61:9 end:61:22:
                vpiParent: Range
                vpiName: pkg21::PARAM3
                vpiFullName: t.pkg21::PARAM3
                vpiPathElem (2 items):
                  RefObj name:pkg21 start:61:9 end:61:14:
                    vpiParent: RefObj name:pkg21::PARAM3
                    vpiName: pkg21
                    vpiFullName: t.pkg21
                    vpiActual: Package name:pkg21
                  RefObj name:PARAM3 start:61:16 end:61:22:
                    vpiParent: RefObj name:pkg21::PARAM3
                    vpiName: PARAM3
                    vpiFullName: t.PARAM3
                    vpiActual: Parameter name:PARAM3
                vpiActual: Parameter name:PARAM3
              vpiRightRange Constant start:61:25 end:61:26:
                vpiParent: Range
                vpiTypespec RefTypespec:
                  vpiParent: Constant
                  vpiFullName: t
                  vpiActual: IntTypespec
                vpiConstType: unsigned int (9)
                vpiSize: 64
                vpiDecompile: "0"
                vpiValue: 0
          vpiVector: true
        LogicTypespec:
          vpiParent: Module name:t
          vpiRange (1 items):
            Range start:63:8 end:63:27:
              vpiParent: LogicTypespec
              vpiLeftRange RefObj name:pkg31::PARAM1 start:63:9 end:63:22:
                vpiParent: Range
                vpiName: pkg31::PARAM1
                vpiFullName: t.pkg31::PARAM1
                vpiPathElem (2 items):
                  RefObj name:pkg31 start:63:9 end:63:14:
                    vpiParent: RefObj name:pkg31::PARAM1
                    vpiName: pkg31
                    vpiFullName: t.pkg31
                    vpiActual: Package name:pkg31
                  RefObj name:PARAM1 start:63:16 end:63:22:
                    vpiParent: RefObj name:pkg31::PARAM1
                    vpiName: PARAM1
                    vpiFullName: t.PARAM1
                    vpiActual: Parameter name:PARAM1
                vpiActual: Parameter name:PARAM1
              vpiRightRange Constant start:63:25 end:63:26:
                vpiParent: Range
                vpiTypespec RefTypespec:
                  vpiParent: Constant
                  vpiFullName: t
                  vpiActual: IntTypespec
                vpiConstType: unsigned int (9)
                vpiSize: 64
                vpiDecompile: "0"
                vpiValue: 0
          vpiVector: true
        LogicTypespec:
          vpiParent: Module name:t
          vpiRange (1 items):
            Range start:64:8 end:64:27:
              vpiParent: LogicTypespec
              vpiLeftRange RefObj name:pkg31::PARAM2 start:64:9 end:64:22:
                vpiParent: Range
                vpiName: pkg31::PARAM2
                vpiFullName: t.pkg31::PARAM2
                vpiPathElem (2 items):
                  RefObj name:pkg31 start:64:9 end:64:14:
                    vpiParent: RefObj name:pkg31::PARAM2
                    vpiName: pkg31
                    vpiFullName: t.pkg31
                    vpiActual: Package name:pkg31
                  RefObj name:PARAM2 start:64:16 end:64:22:
                    vpiParent: RefObj name:pkg31::PARAM2
                    vpiName: PARAM2
                    vpiFullName: t.PARAM2
                    vpiActual: Parameter name:PARAM2
                vpiActual: Parameter name:PARAM2
              vpiRightRange Constant start:64:25 end:64:26:
                vpiParent: Range
                vpiTypespec RefTypespec:
                  vpiParent: Constant
                  vpiFullName: t
                  vpiActual: IntTypespec
                vpiConstType: unsigned int (9)
                vpiSize: 64
                vpiDecompile: "0"
                vpiValue: 0
          vpiVector: true
        LogicTypespec:
          vpiParent: Module name:t
          vpiRange (1 items):
            Range start:65:8 end:65:27:
              vpiParent: LogicTypespec
              vpiLeftRange RefObj name:pkg31::PARAM3 start:65:9 end:65:22:
                vpiParent: Range
                vpiName: pkg31::PARAM3
                vpiFullName: t.pkg31::PARAM3
                vpiPathElem (2 items):
                  RefObj name:pkg31 start:65:9 end:65:14:
                    vpiParent: RefObj name:pkg31::PARAM3
                    vpiName: pkg31
                    vpiFullName: t.pkg31
                    vpiActual: Package name:pkg31
                  RefObj name:PARAM3 start:65:16 end:65:22:
                    vpiParent: RefObj name:pkg31::PARAM3
                    vpiName: PARAM3
                    vpiFullName: t.PARAM3
                    vpiActual: Parameter name:PARAM3
                vpiActual: Parameter name:PARAM3
              vpiRightRange Constant start:65:25 end:65:26:
                vpiParent: Range
                vpiTypespec RefTypespec:
                  vpiParent: Constant
                  vpiFullName: t
                  vpiActual: IntTypespec
                vpiConstType: unsigned int (9)
                vpiSize: 64
                vpiDecompile: "0"
                vpiValue: 0
          vpiVector: true
      vpiDefName: t
      vpiDefNetType: wire (1)
      vpiLibrary RefObj name:work start:49:8 end:49:9:
        vpiParent: Module name:t
        vpiName: work
        vpiFullName: t.work
        vpiActual: Library name:work
      vpiCell: t
      vpiNet (1 items):
        Net name:clk start:53:10 end:53:13:
          vpiParent: Module name:t
          vpiTypespec RefTypespec:
            vpiParent: Net name:clk
            vpiFullName: t.clk
            vpiActual: LogicTypespec
          vpiName: clk
          vpiFullName: t.clk
          vpiNetType: wire (1)
          vpiScalar: true
      vpiPort (1 items):
        Port name:clk start:51:4 end:51:7:
          vpiParent: Module name:t
          vpiName: clk
          vpiDirection: input (1)
          vpiLowConn RefObj name:clk start:53:10 end:53:13:
            vpiParent: Port name:clk
            vpiName: clk
            vpiFullName: t.clk.clk
            vpiActual: Net name:clk
          vpiTypespec RefTypespec:
            vpiParent: Port name:clk
            vpiFullName: t.clk
            vpiActual: LogicTypespec
      vpiProcess (1 items):
        Initial start:67:4 end:70:7:
          vpiParent: Module name:t
          vpiStmt Begin start:67:12 end:70:7:
            vpiParent: Initial
            vpiFullName: t
            vpiStmt (2 items):
              SysTaskCall name:$write start:68:7 end:68:39:
                vpiParent: Begin
                vpiName Identifier name:$write start:68:7 end:68:13:
                vpiArgument (1 items):
                  Constant start:68:14 end:68:38:
                    vpiParent: SysTaskCall name:$write
                    vpiTypespec RefTypespec:
                      vpiParent: Constant
                      vpiFullName: t
                      vpiActual: StringTypespec
                    vpiConstType: string (6)
                    vpiSize: 168
                    vpiDecompile: "\"*-* All Finished *-*\\n\""
                    vpiValue: "*-* All Finished *-*\\n"
              SysTaskCall name:$finish start:69:7 end:69:14:
                vpiParent: Begin
                vpiName Identifier name:$finish start:69:7 end:69:14:
                vpiIsProperty: true
  vpiTypespec (3 items):
    IntTypespec:
      vpiParent: Design name:unnamed
      vpiSigned: true
    StringTypespec:
      vpiParent: Design name:unnamed
    ModuleTypespec name:t:
      vpiParent: Design name:unnamed
      vpiName Identifier name:t start:49:8 end:49:9:
      vpiDefName: t
      vpiModule: Module name:t
  vpiLibrary (1 items):
    Library name:work:
      vpiParent: Design name:unnamed
      vpiName: work
===================
[  FATAL] : 0
[ SYNTAX] : 0
[  ERROR] : 1
[WARNING] : 0
[   NOTE] : 0
********************************************************************************
*                    End HLC SystemVerilog Compiler/Linter                     *
********************************************************************************

#**#**#**#**#**#**#**#**#**#**#**#**#**#**#**#**#**#**#**#**#**#**#**#**#**#**#**#**#**#**#**#**#**#**#**#**#**#**#**#**

Environment:
      test-name: Verilator/t_package_export
   test-dirpath: ${HLC_DIR}/regression/Verilator/t_package_export
  hldb-filepath: ${HLC_DIR}/regression/Verilator/t_package_export/design.hldb
mounts-filepath: ${HLC_DIR}/regression/Verilator/t_package_export/mounts.json


{'result': {'coverage': 100.0,
            'error_count': 0,
            'file_count': 1,
            'files': {'$Output/lib/work/t_package_export.v': {'post_len': 0,
                                                              'pre_len': 750}},
            'post_len': 0,
            'pre_len': 750,
            'test_name': 'Verilator/t_package_export'}}

+-------------------------------------+----------+-----------+
| INPUT                               |   PRELEN |   POSTLEN |
+=====================================+==========+===========+
| $Output/lib/work/t_package_export.v |      750 |         0 |
+=====================================+==========+===========+
|                                     |      750 |         0 |
+-------------------------------------+----------+-----------+

[   ERROR] : 0
[COVERAGE] : 100.0


#**#**#**#**#**#**#**#**#**#**#**#**#**#**#**#**#**#**#**#**#**#**#**#**#**#**#**#**#**#**#**#**#**#**#**#**#**#**#**#**

COMMAND: ${HLC_DIR}/regression/Verilator/t_package_export/design.hldb ${HLC_DIR}/regression/Verilator/t_package_export/reduced.hldb

==================== BEGIN REDUCTION RESULT ====================
Name                            Before   After   Added   Removed
----------------------------------------------------------------
----------------------------------------------------------------
Others                             189     189       0         0
----------------------------------------------------------------
                                   189     189       0         0
===================== END REDUCTION RESULT =====================
