********************************************************************************
*                   Begin HLC SystemVerilog Compiler/Linter                    *
********************************************************************************
Copyright (c) 2020 Apotell,
http://www.apache.org/licenses/LICENSE-2.0
VERSION: 1.84
COMMAND: -wd ../../../../../../../tests/Google/chapter-7/arrays/associative/locator-methods -timescale=1ns/1ns -d ast -d db -nobuiltin find-first-index.sv -wd ${HLC_DIR}/third_party/UVM -I1800.2-2017-1.0/src -mt 0 -mp 0 -d dbstats -d cache -d db -nostdout -o ${HLC_DIR}/regression/Google/chapter-7/arrays/associative/locator-methods/find-first-index
[INF:CM0023] Creating log file "$Output/hlc.log".
[INF:PP0122] Preprocessing source file "$Source01/find-first-index.sv".
[INF:PA0201] Parsing source file "$Source01/find-first-index.sv".
AST_DEBUG_BEGIN
Count: 157
LIB: work
FILE: f<14>:$Source01/find-first-index.sv
n<$Source01/find-first-index.sv> u<156> t<Top_level_rule> c<1> l<16:1> el<28:1>
  n<> u<1> t<Null_rule> p<156> s<2> l<16:1> el<16:1>
  n<// Copyright (C) 2019-2021  The SymbiFlow Authors.> u<2> t<LINE_COMMENT> p<156> s<3> l<1:1> el<1:51>
  n<//> u<3> t<LINE_COMMENT> p<156> s<4> l<2:1> el<2:3>
  n<// Use of this source code is governed by a ISC-style> u<4> t<LINE_COMMENT> p<156> s<5> l<3:1> el<3:54>
  n<// license that can be found in the LICENSE file or at> u<5> t<LINE_COMMENT> p<156> s<6> l<4:1> el<4:55>
  n<// https://opensource.org/licenses/ISC> u<6> t<LINE_COMMENT> p<156> s<7> l<5:1> el<5:39>
  n<//> u<7> t<LINE_COMMENT> p<156> s<8> l<6:1> el<6:3>
  n<// SPDX-License-Identifier: ISC> u<8> t<LINE_COMMENT> p<156> s<9> l<7:1> el<7:32>
  n</*\n:name: array-locator-methods-find-first-index\n:description: Test support of array locator methods\n:tags: 7.12.1 7.12 7.10\n:type: simulation parsing\n*/> u<9> t<BLOCK_COMMENT> p<156> s<155> l<16:1> el<27:10>
  n<> u<155> t<Source_text> p<156> c<154> l<16:1> el<27:10>
    n<> u<154> t<Description> p<155> c<153> l<16:1> el<27:10>
      n<> u<153> t<Module_declaration> p<154> c<14> l<16:1> el<27:10>
        n<> u<14> t<Module_nonansi_header> p<153> c<10> s<48> l<16:1> el<16:15>
          n<module> u<10> t<Module_keyword> p<14> s<11> l<16:1> el<16:7>
          n<top> u<11> t<SIMPLE_IDENTIFIER> p<14> s<12> l<16:8> el<16:11>
          n<> u<12> t<Package_import_declaration_list> p<14> s<13> l<16:12> el<16:12>
          n<> u<13> t<Port_list> p<14> l<16:12> el<16:14>
        n<> u<48> t<Module_item> p<153> c<47> s<66> l<18:1> el<18:51>
          n<> u<47> t<Non_port_module_item> p<48> c<46> l<18:1> el<18:51>
            n<> u<46> t<Module_or_generate_item> p<47> c<45> l<18:1> el<18:51>
              n<> u<45> t<Module_common_item> p<46> c<44> l<18:1> el<18:51>
                n<> u<44> t<Module_or_generate_item_declaration> p<45> c<43> l<18:1> el<18:51>
                  n<> u<43> t<Package_or_generate_item_declaration> p<44> c<42> l<18:1> el<18:51>
                    n<> u<42> t<Data_declaration> p<43> c<41> l<18:1> el<18:51>
                      n<> u<41> t<Variable_declaration> p<42> c<16> l<18:1> el<18:51>
                        n<string> u<16> t<Data_type> p<41> c<15> s<40> l<18:1> el<18:7>
                          n<string> u<15> t<String_type> p<16> l<18:1> el<18:7>
                        n<> u<40> t<Variable_decl_assignment_list> p<41> c<39> l<18:8> el<18:50>
                          n<> u<39> t<Variable_decl_assignment> p<40> c<17> l<18:8> el<18:50>
                            n<s> u<17> t<SIMPLE_IDENTIFIER> p<39> s<19> l<18:8> el<18:9>
                            n<> u<19> t<Variable_dimension> p<39> c<18> s<38> l<18:9> el<18:11>
                              n<> u<18> t<Unsized_dimension> p<19> l<18:9> el<18:11>
                            n<> u<38> t<Expression> p<39> c<37> l<18:14> el<18:50>
                              n<> u<37> t<Primary> p<38> c<36> l<18:14> el<18:50>
                                n<> u<36> t<Concatenation> p<37> c<23> l<18:14> el<18:50>
                                  n<> u<23> t<Expression> p<36> c<22> s<27> l<18:16> el<18:23>
                                    n<> u<22> t<Primary> p<23> c<21> l<18:16> el<18:23>
                                      n<> u<21> t<Primary_literal> p<22> c<20> l<18:16> el<18:23>
                                        n<"hello"> u<20> t<QUOTED_STRING> p<21> l<18:16> el<18:23>
                                  n<> u<27> t<Expression> p<36> c<26> s<31> l<18:25> el<18:30>
                                    n<> u<26> t<Primary> p<27> c<25> l<18:25> el<18:30>
                                      n<> u<25> t<Primary_literal> p<26> c<24> l<18:25> el<18:30>
                                        n<"sad"> u<24> t<QUOTED_STRING> p<25> l<18:25> el<18:30>
                                  n<> u<31> t<Expression> p<36> c<30> s<35> l<18:32> el<18:39>
                                    n<> u<30> t<Primary> p<31> c<29> l<18:32> el<18:39>
                                      n<> u<29> t<Primary_literal> p<30> c<28> l<18:32> el<18:39>
                                        n<"hello"> u<28> t<QUOTED_STRING> p<29> l<18:32> el<18:39>
                                  n<> u<35> t<Expression> p<36> c<34> l<18:41> el<18:48>
                                    n<> u<34> t<Primary> p<35> c<33> l<18:41> el<18:48>
                                      n<> u<33> t<Primary_literal> p<34> c<32> l<18:41> el<18:48>
                                        n<"world"> u<32> t<QUOTED_STRING> p<33> l<18:41> el<18:48>
        n<> u<66> t<Module_item> p<153> c<65> s<151> l<19:1> el<19:11>
          n<> u<65> t<Non_port_module_item> p<66> c<64> l<19:1> el<19:11>
            n<> u<64> t<Module_or_generate_item> p<65> c<63> l<19:1> el<19:11>
              n<> u<63> t<Module_common_item> p<64> c<62> l<19:1> el<19:11>
                n<> u<62> t<Module_or_generate_item_declaration> p<63> c<61> l<19:1> el<19:11>
                  n<> u<61> t<Package_or_generate_item_declaration> p<62> c<60> l<19:1> el<19:11>
                    n<> u<60> t<Data_declaration> p<61> c<59> l<19:1> el<19:11>
                      n<> u<59> t<Variable_declaration> p<60> c<50> l<19:1> el<19:11>
                        n<> u<50> t<Data_type> p<59> c<49> s<58> l<19:1> el<19:4>
                          n<> u<49> t<INT> p<50> l<19:1> el<19:4>
                        n<> u<58> t<Variable_decl_assignment_list> p<59> c<57> l<19:5> el<19:10>
                          n<> u<57> t<Variable_decl_assignment> p<58> c<51> l<19:5> el<19:10>
                            n<qi> u<51> t<SIMPLE_IDENTIFIER> p<57> s<56> l<19:5> el<19:7>
                            n<> u<56> t<Variable_dimension> p<57> c<55> l<19:7> el<19:10>
                              n<> u<55> t<Unpacked_dimension> p<56> c<54> l<19:7> el<19:10>
                                n<> u<54> t<Constant_expression> p<55> c<53> l<19:8> el<19:9>
                                  n<> u<53> t<Constant_primary> p<54> c<52> l<19:8> el<19:9>
                                    n<$> u<52> t<DOLLAR> p<53> l<19:8> el<19:9>
        n<> u<151> t<Module_item> p<153> c<150> s<152> l<21:1> el<25:4>
          n<> u<150> t<Non_port_module_item> p<151> c<149> l<21:1> el<25:4>
            n<> u<149> t<Module_or_generate_item> p<150> c<148> l<21:1> el<25:4>
              n<> u<148> t<Module_common_item> p<149> c<147> l<21:1> el<25:4>
                n<> u<147> t<Initial_construct> p<148> c<146> l<21:1> el<25:4>
                  n<> u<146> t<Statement_or_null> p<147> c<145> l<21:9> el<25:4>
                    n<> u<145> t<Statement> p<146> c<144> l<21:9> el<25:4>
                      n<> u<144> t<Statement_item> p<145> c<143> l<21:9> el<25:4>
                        n<> u<143> t<Seq_block> p<144> c<97> l<21:9> el<25:4>
                          n<> u<97> t<Statement_or_null> p<143> c<96> s<118> l<22:2> el<22:51>
                            n<> u<96> t<Statement> p<97> c<95> l<22:2> el<22:51>
                              n<> u<95> t<Statement_item> p<96> c<94> l<22:2> el<22:51>
                                n<> u<94> t<Blocking_assignment> p<95> c<93> l<22:2> el<22:50>
                                  n<> u<93> t<Variable_assignment> p<94> c<71> l<22:2> el<22:50>
                                    n<> u<71> t<Variable_lvalue> p<93> c<68> s<92> l<22:2> el<22:4>
                                      n<> u<68> t<Ps_or_hierarchical_identifier> p<71> c<67> s<70> l<22:2> el<22:4>
                                        n<qi> u<67> t<SIMPLE_IDENTIFIER> p<68> l<22:2> el<22:4>
                                      n<> u<70> t<Select> p<71> c<69> l<22:5> el<22:5>
                                        n<> u<69> t<Bit_select> p<70> l<22:5> el<22:5>
                                    n<> u<92> t<Expression> p<93> c<91> l<22:7> el<22:50>
                                      n<> u<91> t<Primary> p<92> c<90> l<22:7> el<22:50>
                                        n<> u<90> t<Subroutine_call> p<91> c<72> l<22:7> el<22:50>
                                          n<s> u<72> t<SIMPLE_IDENTIFIER> p<90> s<74> l<22:7> el<22:8>
                                          n<> u<74> t<Select> p<90> c<73> s<89> l<22:8> el<22:8>
                                            n<> u<73> t<Bit_select> p<74> l<22:8> el<22:8>
                                          n<> u<89> t<Method_call_body> p<90> c<88> l<22:9> el<22:50>
                                            n<> u<88> t<Built_in_method_call> p<89> c<87> l<22:9> el<22:50>
                                              n<> u<87> t<Array_manipulation_call> p<88> c<76> l<22:9> el<22:50>
                                                n<> u<76> t<Array_method_name> p<87> c<75> s<86> l<22:9> el<22:25>
                                                  n<find_first_index> u<75> t<SIMPLE_IDENTIFIER> p<76> l<22:9> el<22:25>
                                                n<> u<86> t<Expression> p<87> c<80> l<22:33> el<22:48>
                                                  n<> u<80> t<Expression> p<86> c<79> s<85> l<22:33> el<22:37>
                                                    n<> u<79> t<Primary> p<80> c<78> l<22:33> el<22:37>
                                                      n<> u<78> t<Primary_literal> p<79> c<77> l<22:33> el<22:37>
                                                        n<item> u<77> t<SIMPLE_IDENTIFIER> p<78> l<22:33> el<22:37>
                                                  n<> u<85> t<EQUIV> p<86> s<84> l<22:38> el<22:40>
                                                  n<> u<84> t<Expression> p<86> c<83> l<22:41> el<22:48>
                                                    n<> u<83> t<Primary> p<84> c<82> l<22:41> el<22:48>
                                                      n<> u<82> t<Primary_literal> p<83> c<81> l<22:41> el<22:48>
                                                        n<"hello"> u<81> t<QUOTED_STRING> p<82> l<22:41> el<22:48>
                          n<> u<118> t<Statement_or_null> p<143> c<117> s<141> l<23:5> el<23:45>
                            n<> u<117> t<Statement> p<118> c<116> l<23:5> el<23:45>
                              n<> u<116> t<Statement_item> p<117> c<115> l<23:5> el<23:45>
                                n<> u<115> t<Subroutine_call_statement> p<116> c<114> l<23:5> el<23:45>
                                  n<> u<114> t<Subroutine_call> p<115> c<98> l<23:5> el<23:44>
                                    n<$> u<98> t<DOLLAR> p<114> s<99> l<23:5> el<23:6>
                                    n<display> u<99> t<SIMPLE_IDENTIFIER> p<114> s<113> l<23:6> el<23:13>
                                    n<> u<113> t<Argument_list> p<114> c<103> l<23:14> el<23:43>
                                      n<> u<103> t<Expression> p<113> c<102> s<112> l<23:14> el<23:34>
                                        n<> u<102> t<Primary> p<103> c<101> l<23:14> el<23:34>
                                          n<> u<101> t<Primary_literal> p<102> c<100> l<23:14> el<23:34>
                                            n<":assert: (%d == 1)"> u<100> t<QUOTED_STRING> p<101> l<23:14> el<23:34>
                                      n<> u<112> t<Argument> p<113> c<111> l<23:36> el<23:43>
                                        n<> u<111> t<Expression> p<112> c<110> l<23:36> el<23:43>
                                          n<> u<110> t<Primary> p<111> c<109> l<23:36> el<23:43>
                                            n<> u<109> t<Subroutine_call> p<110> c<104> l<23:36> el<23:43>
                                              n<qi> u<104> t<SIMPLE_IDENTIFIER> p<109> s<105> l<23:36> el<23:38>
                                              n<> u<105> t<Constant_bit_select> p<109> s<106> l<23:38> el<23:38>
                                              n<size> u<106> t<SIMPLE_IDENTIFIER> p<109> s<108> l<23:39> el<23:43>
                                              n<> u<108> t<Select> p<109> c<107> l<23:43> el<23:43>
                                                n<> u<107> t<Bit_select> p<108> l<23:43> el<23:43>
                          n<> u<141> t<Statement_or_null> p<143> c<140> s<142> l<24:5> el<24:43>
                            n<> u<140> t<Statement> p<141> c<139> l<24:5> el<24:43>
                              n<> u<139> t<Statement_item> p<140> c<138> l<24:5> el<24:43>
                                n<> u<138> t<Subroutine_call_statement> p<139> c<137> l<24:5> el<24:43>
                                  n<> u<137> t<Subroutine_call> p<138> c<119> l<24:5> el<24:42>
                                    n<$> u<119> t<DOLLAR> p<137> s<120> l<24:5> el<24:6>
                                    n<display> u<120> t<SIMPLE_IDENTIFIER> p<137> s<136> l<24:6> el<24:13>
                                    n<> u<136> t<Argument_list> p<137> c<124> l<24:14> el<24:41>
                                      n<> u<124> t<Expression> p<136> c<123> s<135> l<24:14> el<24:34>
                                        n<> u<123> t<Primary> p<124> c<122> l<24:14> el<24:34>
                                          n<> u<122> t<Primary_literal> p<123> c<121> l<24:14> el<24:34>
                                            n<":assert: (%d == 0)"> u<121> t<QUOTED_STRING> p<122> l<24:14> el<24:34>
                                      n<> u<135> t<Argument> p<136> c<134> l<24:36> el<24:41>
                                        n<> u<134> t<Expression> p<135> c<133> l<24:36> el<24:41>
                                          n<> u<133> t<Primary> p<134> c<132> l<24:36> el<24:41>
                                            n<> u<132> t<Subroutine_call> p<133> c<125> l<24:36> el<24:41>
                                              n<qi> u<125> t<SIMPLE_IDENTIFIER> p<132> s<131> l<24:36> el<24:38>
                                              n<> u<131> t<Select> p<132> c<130> l<24:38> el<24:41>
                                                n<> u<130> t<Bit_select> p<131> c<129> l<24:38> el<24:41>
                                                  n<> u<129> t<Expression> p<130> c<128> l<24:39> el<24:40>
                                                    n<> u<128> t<Primary> p<129> c<127> l<24:39> el<24:40>
                                                      n<> u<127> t<Primary_literal> p<128> c<126> l<24:39> el<24:40>
                                                        n<0> u<126> t<INTEGRAL_NUMBER> p<127> l<24:39> el<24:40>
                          n<> u<142> t<END> p<143> l<25:1> el<25:4>
        n<> u<152> t<ENDMODULE> p<153> l<27:1> el<27:10>
AST_DEBUG_END
[INF:CP0303] $Source01/find-first-index.sv:16:1: Compile module "work@top".
[INF:CM0029] Using global timescale: "1ns/1ns".
[ERR:EL0535] $Source01/find-first-index.sv:22:33: Illegal implicit net "id:40, name:item".
[ERR:EL0535] $Source01/find-first-index.sv:23:39: Illegal implicit net "id:55, name:size".
====== HLDB =======
Design name:unnamed:
  vpiName: unnamed
  vpiSourceFile (1 items):
    SourceFile name:find-first-index.sv file:$Source01/find-first-index.sv:
      vpiParent: Design name:unnamed
      vpiName: find-first-index.sv
      vpiPreprocFile: "$Output/lib/work/find-first-index.sv"
      vpiDefNetType: none (12)
  vpiAllModules (1 items):
    Module name:work@top file:$Source01/find-first-index.sv start:16:1 end:27:10:
      vpiParent: Design name:unnamed
      vpiName Identifier name:work@top start:16:8 end:16:11:
        vpiParent: Module name:work@top
        vpiName: work@top
      vpiFullName: work@top
      vpiTypespec (2 items):
        ArrayTypespec:
          vpiParent: Module name:work@top
          vpiArrayType: dynamic (2)
          vpiElemTypespec RefTypespec name:string start:18:1 end:18:7:
            vpiParent: ArrayTypespec
            vpiName: string
            vpiFullName: work@top.string
            vpiActual: StringTypespec
        ArrayTypespec:
          vpiParent: Module name:work@top
          vpiArrayType: static (1)
          vpiRange Range start:19:7 end:19:10:
            vpiParent: ArrayTypespec
            vpiLeftRange Operation:
              vpiParent: Range
              vpiOpType: subtract (11)
              vpiOperand (1 items):
                Constant start:19:8 end:19:9:
                  vpiParent: Operation
                  vpiTypespec RefTypespec:
                    vpiParent: Constant
                    vpiFullName: work@top
                    vpiActual: StringTypespec
                  vpiConstType: unbounded (11)
                  vpiDecompile: "$"
                  vpiValue: "$"
          vpiElemTypespec RefTypespec start:19:1 end:19:4:
            vpiParent: ArrayTypespec
            vpiFullName: work@top
            vpiActual: IntTypespec
      vpiDefName: work@top
      vpiDefNetType: none (12)
      vpiLibrary RefObj name:work:
        vpiParent: Module name:work@top
        vpiName: work
        vpiFullName: work@top.work
      vpiCell: top
      vpiNet (2 items):
        Net name:s start:18:8 end:18:9:
          vpiParent: Module name:work@top
          vpiTypespec RefTypespec:
            vpiParent: Net name:s
            vpiFullName: work@top.s
            vpiActual: ArrayTypespec
          vpiName: s
          vpiFullName: work@top.s
          vpiValue Operation start:18:14 end:18:50:
            vpiParent: Net name:s
            vpiOpType: concatenation (33)
            vpiOperand (4 items):
              Constant start:18:16 end:18:23:
                vpiParent: Operation
                vpiTypespec RefTypespec:
                  vpiParent: Constant
                  vpiFullName: work@top.s
                  vpiActual: StringTypespec
                vpiConstType: string (6)
                vpiSize: 40
                vpiDecompile: "\"hello\""
                vpiValue: hello
              Constant start:18:25 end:18:30:
                vpiParent: Operation
                vpiTypespec RefTypespec:
                  vpiParent: Constant
                  vpiFullName: work@top.s
                  vpiActual: StringTypespec
                vpiConstType: string (6)
                vpiSize: 24
                vpiDecompile: "\"sad\""
                vpiValue: sad
              Constant start:18:32 end:18:39:
                vpiParent: Operation
                vpiTypespec RefTypespec:
                  vpiParent: Constant
                  vpiFullName: work@top.s
                  vpiActual: StringTypespec
                vpiConstType: string (6)
                vpiSize: 40
                vpiDecompile: "\"hello\""
                vpiValue: hello
              Constant start:18:41 end:18:48:
                vpiParent: Operation
                vpiTypespec RefTypespec:
                  vpiParent: Constant
                  vpiFullName: work@top.s
                  vpiActual: StringTypespec
                vpiConstType: string (6)
                vpiSize: 40
                vpiDecompile: "\"world\""
                vpiValue: world
        Net name:qi start:19:5 end:19:7:
          vpiParent: Module name:work@top
          vpiTypespec RefTypespec:
            vpiParent: Net name:qi
            vpiFullName: work@top.qi
            vpiActual: ArrayTypespec
          vpiName: qi
          vpiFullName: work@top.qi
      vpiProcess (1 items):
        Initial start:21:1 end:25:4:
          vpiParent: Module name:work@top
          vpiStmt Begin start:21:9 end:25:4:
            vpiParent: Initial
            vpiFullName: work@top
            vpiStmt (3 items):
              Assignment start:22:2 end:22:50:
                vpiParent: Begin
                vpiBlocking: true
                vpiLhs RefObj name:qi start:22:2 end:22:4:
                  vpiParent: Assignment
                  vpiName: qi
                  vpiFullName: work@top.qi
                  vpiActual: Net name:qi
                vpiRhs HierPath name:s.find_first_index() start:22:7 end:22:50:
                  vpiParent: Assignment
                  vpiName: s.find_first_index()
                  vpiFullName: work@top.s.find_first_index()
                  vpiPathElem (2 items):
                    RefObj name:s start:22:7 end:22:8:
                      vpiParent: HierPath name:s.find_first_index()
                      vpiName: s
                      vpiFullName: work@top.s
                      vpiActual: Net name:s
                    MethodFuncCall name:find_first_index start:22:9 end:22:50:
                      vpiParent: HierPath name:s.find_first_index()
                      vpiName Identifier name:find_first_index start:22:9 end:22:25:
                        vpiParent: MethodFuncCall name:find_first_index
                        vpiName: find_first_index
                      vpiWith Operation start:22:33 end:22:48:
                        vpiParent: MethodFuncCall name:find_first_index
                        vpiOpType: equal (14)
                        vpiOperand (2 items):
                          RefObj name:item start:22:33 end:22:37:
                            vpiParent: Operation
                            vpiName: item
                            vpiFullName: work@top.s.find_first_index().item
                          Constant start:22:41 end:22:48:
                            vpiParent: Operation
                            vpiTypespec RefTypespec:
                              vpiParent: Constant
                              vpiFullName: work@top.s.find_first_index()
                              vpiActual: StringTypespec
                            vpiConstType: string (6)
                            vpiSize: 40
                            vpiDecompile: "\"hello\""
                            vpiValue: hello
              SysFuncCall name:$display start:23:5 end:23:44:
                vpiParent: Begin
                vpiName Identifier name:$display start:23:5 end:23:13:
                  vpiParent: SysFuncCall name:$display
                  vpiName: "$display"
                vpiArgument (2 items):
                  Constant start:23:14 end:23:34:
                    vpiParent: SysFuncCall name:$display
                    vpiTypespec RefTypespec:
                      vpiParent: Constant
                      vpiFullName: work@top
                      vpiActual: StringTypespec
                    vpiConstType: string (6)
                    vpiSize: 144
                    vpiDecompile: "\":assert: (%d == 1)\""
                    vpiValue: ":assert: (%d == 1)"
                  HierPath name:qi.size start:23:36 end:23:43:
                    vpiParent: SysFuncCall name:$display
                    vpiName: qi.size
                    vpiFullName: work@top.qi.size
                    vpiPathElem (2 items):
                      RefObj name:qi start:23:36 end:23:38:
                        vpiParent: HierPath name:qi.size
                        vpiName: qi
                        vpiFullName: work@top.qi
                        vpiActual: Net name:qi
                      RefObj name:size start:23:39 end:23:43:
                        vpiParent: HierPath name:qi.size
                        vpiName: size
                        vpiFullName: work@top.size
              SysFuncCall name:$display start:24:5 end:24:42:
                vpiParent: Begin
                vpiName Identifier name:$display start:24:5 end:24:13:
                  vpiParent: SysFuncCall name:$display
                  vpiName: "$display"
                vpiArgument (2 items):
                  Constant start:24:14 end:24:34:
                    vpiParent: SysFuncCall name:$display
                    vpiTypespec RefTypespec:
                      vpiParent: Constant
                      vpiFullName: work@top
                      vpiActual: StringTypespec
                    vpiConstType: string (6)
                    vpiSize: 144
                    vpiDecompile: "\":assert: (%d == 0)\""
                    vpiValue: ":assert: (%d == 0)"
                  BitSelect name:qi[0] start:24:36 end:24:41:
                    vpiParent: SysFuncCall name:$display
                    vpiName: qi[0]
                    vpiFullName: work@top.qi[0]
                    vpiPrefix RefObj name:qi start:24:36 end:24:38:
                      vpiParent: BitSelect name:qi[0]
                      vpiName: qi
                      vpiFullName: work@top.qi
                      vpiActual: Net name:qi
                    vpiIndex Constant start:24:39 end:24:40:
                      vpiParent: BitSelect name:qi[0]
                      vpiTypespec RefTypespec:
                        vpiParent: Constant
                        vpiFullName: work@top.qi[0]
                        vpiActual: IntTypespec
                      vpiConstType: unsigned int (9)
                      vpiSize: 64
                      vpiDecompile: "0"
                      vpiValue: 0
  vpiTypespec (3 items):
    ModuleTypespec name:work@top:
      vpiParent: Design name:unnamed
      vpiName Identifier name:work@top start:16:8 end:16:11:
        vpiParent: ModuleTypespec name:work@top
        vpiName: work@top
      vpiModule: Module name:work@top
    StringTypespec:
      vpiParent: Design name:unnamed
    IntTypespec:
      vpiParent: Design name:unnamed
      vpiSigned: true
===================
[  FATAL] : 0
[ SYNTAX] : 0
[  ERROR] : 2
[WARNING] : 0
[   NOTE] : 0
********************************************************************************
*                    End HLC SystemVerilog Compiler/Linter                     *
********************************************************************************

#**#**#**#**#**#**#**#**#**#**#**#**#**#**#**#**#**#**#**#**#**#**#**#**#**#**#**#**#**#**#**#**#**#**#**#**#**#**#**#**

Environment:
      test-name: Google/chapter-7/arrays/associative/locator-methods/find-first-index
   test-dirpath: ${HLC_DIR}/regression/Google/chapter-7/arrays/associative/locator-methods/find-first-index
  hldb-filepath: ${HLC_DIR}/regression/Google/chapter-7/arrays/associative/locator-methods/find-first-index/design.hldb
mounts-filepath: ${HLC_DIR}/regression/Google/chapter-7/arrays/associative/locator-methods/find-first-index/mounts.json


{'result': {'coverage': 100.0,
            'error_count': 0,
            'file_count': 1,
            'files': {'$Output/lib/work/find-first-index.sv': {'post_len': 0,
                                                               'pre_len': 226}},
            'post_len': 0,
            'pre_len': 226,
            'test_name': 'Google/chapter-7/arrays/associative/locator-methods/find-first-index'}}

+--------------------------------------+----------+-----------+
| INPUT                                |   PRELEN |   POSTLEN |
+======================================+==========+===========+
| $Output/lib/work/find-first-index.sv |      226 |         0 |
+======================================+==========+===========+
|                                      |      226 |         0 |
+--------------------------------------+----------+-----------+

[   ERROR] : 0
[COVERAGE] : 100.0


#**#**#**#**#**#**#**#**#**#**#**#**#**#**#**#**#**#**#**#**#**#**#**#**#**#**#**#**#**#**#**#**#**#**#**#**#**#**#**#**

COMMAND: ${HLC_DIR}/regression/Google/chapter-7/arrays/associative/locator-methods/find-first-index/design.hldb ${HLC_DIR}/regression/Google/chapter-7/arrays/associative/locator-methods/find-first-index/reduced.hldb

==================== BEGIN REDUCTION RESULT ====================
Name                            Before   After   Added   Removed
----------------------------------------------------------------
Constant                             9       6       1         4
Operation                            3       2       0         1
RefTypespec                         13       9       0         4
----------------------------------------------------------------
Others                              32      32       0         0
----------------------------------------------------------------
                                    57      49       1         9
===================== END REDUCTION RESULT =====================
