[INF:CM0023] Creating log file "${SURELOG_DIR}/regression/Google/chapter-22/22.12--line-basic/slpp_all/surelog.log".
AST_DEBUG_BEGIN
Count: 12
LIB: work
FILE: ${SURELOG_DIR}/tests/Google/chapter-22/22.12--line-basic.sv
n<${SURELOG_DIR}/tests/Google/chapter-22/22.12--line-basic.sv> u<11> t<Top_level_rule> c<1> l<17:1> el<17:1>
  n<> u<1> t<Null_rule> p<11> s<2> l<17:1> el<17:1>
  n<> u<2> t<Source_text> p<11> s<3> l<17:1> el<17:1>
  n<// Copyright (C) 2019-2021  The SymbiFlow Authors.> u<3> t<LINE_COMMENT> p<11> s<4> l<1:1> el<1:51>
  n<//> u<4> t<LINE_COMMENT> p<11> s<5> l<2:1> el<2:3>
  n<// Use of this source code is governed by a ISC-style> u<5> t<LINE_COMMENT> p<11> s<6> l<3:1> el<3:54>
  n<// license that can be found in the LICENSE file or at> u<6> t<LINE_COMMENT> p<11> s<7> l<4:1> el<4:55>
  n<// https://opensource.org/licenses/ISC> u<7> t<LINE_COMMENT> p<11> s<8> l<5:1> el<5:39>
  n<//> u<8> t<LINE_COMMENT> p<11> s<9> l<6:1> el<6:3>
  n<// SPDX-License-Identifier: ISC> u<9> t<LINE_COMMENT> p<11> s<10> l<7:1> el<7:32>
  n</*\n:name: 22.12--line-basic\n:description: Test\n:tags: 22.12\n:type: preprocessing\n*/> u<10> t<BLOCK_COMMENT> p<11> l<17:1> el<17:1>
AST_DEBUG_END
[INF:CM0029] Using global timescale: "1ns/1ns".
====== UHDM =======
Design name:unnamed:
  vpiName: unnamed
  vpiSourceFiles (1 items):
    SourceFile name:22.12--line-basic.sv file:${SURELOG_DIR}/tests/Google/chapter-22/22.12--line-basic.sv:
      vpiParent: Design name:unnamed
      vpiName: "22.12--line-basic.sv"
      vpiPreprocFile: "${SURELOG_DIR}/regression/Google/chapter-22/22.12--line-basic/slpp_all/lib/work/22.12--line-basic.sv"
      vpiDefNetType: none (12)
===================

[  FATAL] : 0
[ SYNTAX] : 0
[  ERROR] : 0
[WARNING] : 0
[   NOTE] : 0

#**#**#**#**#**#**#**#**#**#**#**#**#**#**#**#**#**#**#**#**#**#**#**#**#**#**#**#**#**#**#**#**#**#**#**#**#**#**#**#**

Environment:
    test-name: Google/chapter-22/22.12--line-basic
 test-dirpath: ${SURELOG_DIR}/regression/Google/chapter-22/22.12--line-basic
 slpp_dirpath: ${SURELOG_DIR}/regression/Google/chapter-22/22.12--line-basic/slpp_all
uhdm-filepath: ${SURELOG_DIR}/regression/Google/chapter-22/22.12--line-basic/slpp_all/surelog.uhdm


{'result': {'coverage': 0,
            'error_count': 0,
            'file_count': 1,
            'files': {PosixPath('${SURELOG_DIR}/regression/Google/chapter-22/22.12--line-basic/slpp_all/lib/work/22.12--line-basic.sv'): {'post_len': 0,
                                                                                                                                                               'pre_len': 0}},
            'post_len': 0,
            'pre_len': 0,
            'test_name': 'Google/chapter-22/22.12--line-basic'}}

+----------------------------------------+----------+-----------+
| INPUT                                  |   PRELEN |   POSTLEN |
+========================================+==========+===========+
| slpp_all/lib/work/22.12--line-basic.sv |        0 |         0 |
+========================================+==========+===========+
|                                        |        0 |         0 |
+----------------------------------------+----------+-----------+

[   ERROR] : 0
[COVERAGE] : 0


#**#**#**#**#**#**#**#**#**#**#**#**#**#**#**#**#**#**#**#**#**#**#**#**#**#**#**#**#**#**#**#**#**#**#**#**#**#**#**#**

COMMAND: ${SURELOG_DIR}/regression/Google/chapter-22/22.12--line-basic/slpp_all/surelog.uhdm ${SURELOG_DIR}/regression/Google/chapter-22/22.12--line-basic/slpp_all/reduced.uhdm

==================== BEGIN REDUCTION RESULT ====================
Name                            Before   After   Added   Removed
----------------------------------------------------------------
----------------------------------------------------------------
Others                               2       2       0         0
----------------------------------------------------------------
                                     2       2       0         0
===================== END REDUCTION RESULT =====================
