********************************************************************************
*                   Begin HLC SystemVerilog Compiler/Linter                    *
********************************************************************************
Copyright (c) 2020 Apotell,
http://www.apache.org/licenses/LICENSE-2.0
VERSION: 1.84
COMMAND: -wd ../../../tests/Verilator +incdir+. -nobuiltin -timescale=1ns/1ns -d ast -d db t_var_in_assign_bad.v -mt 0 -mp 0 -d dbstats -d cache -d db -nostdout -o ${HLC_DIR}/regression/Verilator/t_var_in_assign_bad
[INF:CM0023] Creating log file "$Output/hlc.log".
[INF:PP0122] Preprocessing source file "$Source01/t_var_in_assign_bad.v".
[INF:PA0201] Parsing source file "$Source01/t_var_in_assign_bad.v".
AST_DEBUG_BEGIN
Count: 135
LIB: work
FILE: f<13>:$Source01/t_var_in_assign_bad.v
n<$Source01/t_var_in_assign_bad.v> u<134> t<Top_level_rule> c<1> l<6:1> el<22:1>
  n<> u<1> t<Null_rule> p<134> s<2> l<6:1> el<6:1>
  n<// DESCRIPTION: Verilator: Verilog Test module> u<2> t<LINE_COMMENT> p<134> s<3> l<1:1> el<1:47>
  n<//> u<3> t<LINE_COMMENT> p<134> s<4> l<2:1> el<2:3>
  n<// This file ONLY is placed into the Public Domain, for any use,> u<4> t<LINE_COMMENT> p<134> s<5> l<3:1> el<3:65>
  n<// without warranty, 2005 by Wilson Snyder.> u<5> t<LINE_COMMENT> p<134> s<133> l<4:1> el<4:44>
  n<> u<133> t<Source_text> p<134> c<83> l<6:1> el<21:10>
    n<> u<83> t<Description> p<133> c<82> s<132> l<6:1> el<13:10>
      n<> u<82> t<Module_declaration> p<83> c<18> l<6:1> el<13:10>
        n<> u<18> t<Module_nonansi_header> p<82> c<6> s<35> l<6:1> el<9:6>
          n<module> u<6> t<MODULE> p<18> s<7> l<6:1> el<6:7>
          n<t> u<7> t<SIMPLE_IDENTIFIER> p<18> s<8> l<6:8> el<6:9>
          n<> u<8> t<Package_import_declaration_list> p<18> s<9> l<6:10> el<6:10>
          n</*AUTOARG*/> u<9> t<BLOCK_COMMENT> p<18> s<10> l<6:10> el<9:5>
          n<// Inputs> u<10> t<LINE_COMMENT> p<18> s<17> l<7:4> el<7:13>
          n<> u<17> t<Port_list> p<18> c<16> l<6:10> el<9:5>
            n<> u<16> t<Port> p<17> c<15> l<8:4> el<8:9>
              n<> u<15> t<Port_expression> p<16> c<14> l<8:4> el<8:9>
                n<> u<14> t<Port_reference> p<15> c<11> l<8:4> el<8:9>
                  n<value> u<11> t<SIMPLE_IDENTIFIER> p<14> s<13> l<8:4> el<8:9>
                  n<> u<13> t<Constant_select> p<14> c<12> l<9:4> el<9:4>
                    n<> u<12> t<Constant_bit_select> p<13> l<9:4> el<9:4>
        n<> u<35> t<Module_item> p<82> c<34> s<51> l<10:4> el<10:22>
          n<> u<34> t<Port_declaration> p<35> c<33> l<10:4> el<10:21>
            n<> u<33> t<Input_declaration> p<34> c<30> l<10:4> el<10:21>
              n<> u<30> t<Net_port_type> p<33> c<29> s<32> l<10:10> el<10:15>
                n<> u<29> t<Data_type_or_implicit> p<30> c<28> l<10:10> el<10:15>
                  n<> u<28> t<Packed_dimension> p<29> c<27> l<10:10> el<10:15>
                    n<> u<27> t<Constant_range> p<28> c<22> l<10:11> el<10:14>
                      n<> u<22> t<Constant_expression> p<27> c<21> s<26> l<10:11> el<10:12>
                        n<> u<21> t<Constant_primary> p<22> c<20> l<10:11> el<10:12>
                          n<> u<20> t<Primary_literal> p<21> c<19> l<10:11> el<10:12>
                            n<3> u<19> t<INTEGRAL_NUMBER> p<20> l<10:11> el<10:12>
                      n<> u<26> t<Constant_expression> p<27> c<25> l<10:13> el<10:14>
                        n<> u<25> t<Constant_primary> p<26> c<24> l<10:13> el<10:14>
                          n<> u<24> t<Primary_literal> p<25> c<23> l<10:13> el<10:14>
                            n<0> u<23> t<INTEGRAL_NUMBER> p<24> l<10:13> el<10:14>
              n<> u<32> t<Port_identifier_list> p<33> c<31> l<10:16> el<10:21>
                n<value> u<31> t<SIMPLE_IDENTIFIER> p<32> l<10:16> el<10:21>
        n<> u<51> t<Module_item> p<82> c<50> s<80> l<11:4> el<11:29>
          n<> u<50> t<Non_port_module_item> p<51> c<49> l<11:4> el<11:29>
            n<> u<49> t<Module_or_generate_item> p<50> c<48> l<11:4> el<11:29>
              n<> u<48> t<Module_common_item> p<49> c<47> l<11:4> el<11:29>
                n<> u<47> t<Continuous_assign> p<48> c<46> l<11:4> el<11:29>
                  n<> u<46> t<Net_assignment_list> p<47> c<45> l<11:16> el<11:28>
                    n<> u<45> t<Net_assignment> p<46> c<40> l<11:16> el<11:28>
                      n<> u<40> t<Net_lvalue> p<45> c<37> s<44> l<11:16> el<11:21>
                        n<> u<37> t<Ps_or_hierarchical_identifier> p<40> c<36> s<39> l<11:16> el<11:21>
                          n<value> u<36> t<SIMPLE_IDENTIFIER> p<37> l<11:16> el<11:21>
                        n<> u<39> t<Constant_select> p<40> c<38> l<11:22> el<11:22>
                          n<> u<38> t<Constant_bit_select> p<39> l<11:22> el<11:22>
                      n<> u<44> t<Expression> p<45> c<43> l<11:24> el<11:28>
                        n<> u<43> t<Primary> p<44> c<42> l<11:24> el<11:28>
                          n<> u<42> t<Primary_literal> p<43> c<41> l<11:24> el<11:28>
                            n<4'h0> u<41> t<INTEGRAL_NUMBER> p<42> l<11:24> el<11:28>
        n<> u<80> t<Module_item> p<82> c<79> s<81> l<12:4> el<12:35>
          n<> u<79> t<Non_port_module_item> p<80> c<78> l<12:4> el<12:35>
            n<> u<78> t<Module_or_generate_item> p<79> c<77> l<12:4> el<12:35>
              n<> u<77> t<Module_instantiation> p<78> c<52> l<12:4> el<12:35>
                n<sub> u<52> t<SIMPLE_IDENTIFIER> p<77> s<76> l<12:4> el<12:7>
                n<> u<76> t<Hierarchical_instance> p<77> c<54> l<12:8> el<12:34>
                  n<> u<54> t<Name_of_instance> p<76> c<53> s<75> l<12:8> el<12:11>
                    n<sub> u<53> t<SIMPLE_IDENTIFIER> p<54> l<12:8> el<12:11>
                  n<> u<75> t<Port_connection_list> p<76> c<74> l<12:12> el<12:33>
                    n<> u<74> t<Named_port_connection> p<75> c<55> l<12:12> el<12:33>
                      n<valueSub> u<55> t<SIMPLE_IDENTIFIER> p<74> s<72> l<12:13> el<12:21>
                      n<> u<72> t<OPEN_PARENS> p<74> s<71> l<12:21> el<12:22>
                      n<> u<71> t<Expression> p<74> c<70> s<73> l<12:22> el<12:32>
                        n<> u<70> t<Primary> p<71> c<69> l<12:22> el<12:32>
                          n<> u<69> t<Subroutine_call> p<70> c<56> l<12:22> el<12:32>
                            n<value> u<56> t<SIMPLE_IDENTIFIER> p<69> s<68> l<12:22> el<12:27>
                            n<> u<68> t<Select> p<69> c<57> l<12:27> el<12:32>
                              n<> u<57> t<Bit_select> p<68> s<67> l<12:27> el<12:27>
                              n<> u<67> t<Part_select_range> p<68> c<66> l<12:28> el<12:31>
                                n<> u<66> t<Constant_range> p<67> c<61> l<12:28> el<12:31>
                                  n<> u<61> t<Constant_expression> p<66> c<60> s<65> l<12:28> el<12:29>
                                    n<> u<60> t<Constant_primary> p<61> c<59> l<12:28> el<12:29>
                                      n<> u<59> t<Primary_literal> p<60> c<58> l<12:28> el<12:29>
                                        n<3> u<58> t<INTEGRAL_NUMBER> p<59> l<12:28> el<12:29>
                                  n<> u<65> t<Constant_expression> p<66> c<64> l<12:30> el<12:31>
                                    n<> u<64> t<Constant_primary> p<65> c<63> l<12:30> el<12:31>
                                      n<> u<63> t<Primary_literal> p<64> c<62> l<12:30> el<12:31>
                                        n<0> u<62> t<INTEGRAL_NUMBER> p<63> l<12:30> el<12:31>
                      n<> u<73> t<CLOSE_PARENS> p<74> l<12:32> el<12:33>
        n<> u<81> t<ENDMODULE> p<82> l<13:1> el<13:10>
    n<> u<132> t<Description> p<133> c<131> l<15:1> el<21:10>
      n<> u<131> t<Module_declaration> p<132> c<96> l<15:1> el<21:10>
        n<> u<96> t<Module_nonansi_header> p<131> c<84> s<113> l<15:1> el<18:6>
          n<module> u<84> t<MODULE> p<96> s<85> l<15:1> el<15:7>
          n<sub> u<85> t<SIMPLE_IDENTIFIER> p<96> s<86> l<15:8> el<15:11>
          n<> u<86> t<Package_import_declaration_list> p<96> s<87> l<15:12> el<15:12>
          n</*AUTOARG*/> u<87> t<BLOCK_COMMENT> p<96> s<88> l<15:12> el<18:5>
          n<// Inputs> u<88> t<LINE_COMMENT> p<96> s<95> l<16:4> el<16:13>
          n<> u<95> t<Port_list> p<96> c<94> l<15:12> el<18:5>
            n<> u<94> t<Port> p<95> c<93> l<17:4> el<17:12>
              n<> u<93> t<Port_expression> p<94> c<92> l<17:4> el<17:12>
                n<> u<92> t<Port_reference> p<93> c<89> l<17:4> el<17:12>
                  n<valueSub> u<89> t<SIMPLE_IDENTIFIER> p<92> s<91> l<17:4> el<17:12>
                  n<> u<91> t<Constant_select> p<92> c<90> l<18:4> el<18:4>
                    n<> u<90> t<Constant_bit_select> p<91> l<18:4> el<18:4>
        n<> u<113> t<Module_item> p<131> c<112> s<129> l<19:4> el<19:25>
          n<> u<112> t<Port_declaration> p<113> c<111> l<19:4> el<19:24>
            n<> u<111> t<Input_declaration> p<112> c<108> l<19:4> el<19:24>
              n<> u<108> t<Net_port_type> p<111> c<107> s<110> l<19:10> el<19:15>
                n<> u<107> t<Data_type_or_implicit> p<108> c<106> l<19:10> el<19:15>
                  n<> u<106> t<Packed_dimension> p<107> c<105> l<19:10> el<19:15>
                    n<> u<105> t<Constant_range> p<106> c<100> l<19:11> el<19:14>
                      n<> u<100> t<Constant_expression> p<105> c<99> s<104> l<19:11> el<19:12>
                        n<> u<99> t<Constant_primary> p<100> c<98> l<19:11> el<19:12>
                          n<> u<98> t<Primary_literal> p<99> c<97> l<19:11> el<19:12>
                            n<3> u<97> t<INTEGRAL_NUMBER> p<98> l<19:11> el<19:12>
                      n<> u<104> t<Constant_expression> p<105> c<103> l<19:13> el<19:14>
                        n<> u<103> t<Constant_primary> p<104> c<102> l<19:13> el<19:14>
                          n<> u<102> t<Primary_literal> p<103> c<101> l<19:13> el<19:14>
                            n<0> u<101> t<INTEGRAL_NUMBER> p<102> l<19:13> el<19:14>
              n<> u<110> t<Port_identifier_list> p<111> c<109> l<19:16> el<19:24>
                n<valueSub> u<109> t<SIMPLE_IDENTIFIER> p<110> l<19:16> el<19:24>
        n<> u<129> t<Module_item> p<131> c<128> s<130> l<20:4> el<20:32>
          n<> u<128> t<Non_port_module_item> p<129> c<127> l<20:4> el<20:32>
            n<> u<127> t<Module_or_generate_item> p<128> c<126> l<20:4> el<20:32>
              n<> u<126> t<Module_common_item> p<127> c<125> l<20:4> el<20:32>
                n<> u<125> t<Continuous_assign> p<126> c<124> l<20:4> el<20:32>
                  n<> u<124> t<Net_assignment_list> p<125> c<123> l<20:16> el<20:31>
                    n<> u<123> t<Net_assignment> p<124> c<118> l<20:16> el<20:31>
                      n<> u<118> t<Net_lvalue> p<123> c<115> s<122> l<20:16> el<20:24>
                        n<> u<115> t<Ps_or_hierarchical_identifier> p<118> c<114> s<117> l<20:16> el<20:24>
                          n<valueSub> u<114> t<SIMPLE_IDENTIFIER> p<115> l<20:16> el<20:24>
                        n<> u<117> t<Constant_select> p<118> c<116> l<20:25> el<20:25>
                          n<> u<116> t<Constant_bit_select> p<117> l<20:25> el<20:25>
                      n<> u<122> t<Expression> p<123> c<121> l<20:27> el<20:31>
                        n<> u<121> t<Primary> p<122> c<120> l<20:27> el<20:31>
                          n<> u<120> t<Primary_literal> p<121> c<119> l<20:27> el<20:31>
                            n<4'h0> u<119> t<INTEGRAL_NUMBER> p<120> l<20:27> el<20:31>
        n<> u<130> t<ENDMODULE> p<131> l<21:1> el<21:10>
AST_DEBUG_END
[INF:CP0303] $Source01/t_var_in_assign_bad.v:6:1: Compile module "t".
[INF:CP0303] $Source01/t_var_in_assign_bad.v:15:1: Compile module "sub".
[INF:CM0029] Using global timescale: "1ns/1ns".
====== HLDB =======
Design name:unnamed:
  vpiName: unnamed
  vpiSourceFile (1 items):
    SourceFile name:t_var_in_assign_bad.v file:$Source01/t_var_in_assign_bad.v:
      vpiParent: Design name:unnamed
      vpiName: t_var_in_assign_bad.v
      vpiPreprocFile: "$Output/lib/work/t_var_in_assign_bad.v"
  vpiAllModules (2 items):
    Module name:t file:$Source01/t_var_in_assign_bad.v start:6:1 end:13:10:
      vpiParent: Design name:unnamed
      vpiName Identifier name:t start:6:8 end:6:9:
        vpiParent: Module name:t
        vpiName: t
      vpiFullName: t
      vpiTypespec (2 items):
        LogicTypespec:
          vpiParent: Module name:t
          vpiRange (1 items):
            Range start:10:10 end:10:15:
              vpiParent: LogicTypespec
              vpiLeftRange Constant start:10:11 end:10:12:
                vpiParent: Range
                vpiTypespec RefTypespec:
                  vpiParent: Constant
                  vpiFullName: t
                  vpiActual: IntTypespec
                vpiConstType: unsigned int (9)
                vpiSize: 64
                vpiDecompile: "3"
                vpiValue: 3
              vpiRightRange Constant start:10:13 end:10:14:
                vpiParent: Range
                vpiTypespec RefTypespec:
                  vpiParent: Constant
                  vpiFullName: t
                  vpiActual: IntTypespec
                vpiConstType: unsigned int (9)
                vpiSize: 64
                vpiDecompile: "0"
                vpiValue: 0
          vpiVector: true
        ModuleTypespec name:sub start:12:4 end:12:7:
          vpiParent: Module name:t
          vpiName Identifier name:sub start:12:4 end:12:7:
            vpiParent: ModuleTypespec name:sub
            vpiName: sub
          vpiModule: Module name:sub
      vpiDefName: t
      vpiDefNetType: wire (1)
      vpiLibrary RefObj name:work:
        vpiParent: Module name:t
        vpiName: work
        vpiFullName: t.work
      vpiCell: t
      vpiNet (1 items):
        Net name:value start:10:16 end:10:21:
          vpiParent: Module name:t
          vpiTypespec RefTypespec start:10:10 end:10:15:
            vpiParent: Net name:value
            vpiFullName: t.value
            vpiActual: LogicTypespec
          vpiName: value
          vpiFullName: t.value
          vpiNetType: wire (1)
          vpiVector: true
      vpiPort (1 items):
        Port name:value start:8:4 end:8:9:
          vpiParent: Module name:t
          vpiName: value
          vpiDirection: input (1)
          vpiLowConn RefObj name:value start:10:16 end:10:21:
            vpiParent: Port name:value
            vpiName: value
            vpiFullName: t.value.value
            vpiActual: Net name:value
          vpiTypespec RefTypespec start:10:10 end:10:15:
            vpiParent: Port name:value
            vpiFullName: t.value
            vpiActual: LogicTypespec
      vpiContAssign (1 items):
        ContAssign start:11:16 end:11:28:
          vpiParent: Module name:t
          vpiLhs RefObj name:value start:11:16 end:11:21:
            vpiParent: ContAssign
            vpiName: value
            vpiFullName: t.value
            vpiActual: Net name:value
          vpiRhs Constant start:11:24 end:11:28:
            vpiParent: ContAssign
            vpiTypespec RefTypespec:
              vpiParent: Constant
              vpiFullName: t
              vpiActual: IntTypespec
            vpiConstType: hexadecimal (5)
            vpiSize: 4
            vpiDecompile: "4'h0"
            vpiValue: "0"
      vpiRefInstance (1 items):
        RefInstance name:sub start:12:8 end:12:11:
          vpiParent: Module name:t
          vpiName: sub
          vpiTypespec RefTypespec name:sub start:12:4 end:12:7:
            vpiParent: RefInstance name:sub
            vpiName: sub
            vpiFullName: t.sub.sub
            vpiActual: ModuleTypespec name:sub
          vpiPort (1 items):
            Port start:12:12 end:12:33:
              vpiParent: RefInstance name:sub
              vpiLowConn RefObj name:valueSub start:12:13 end:12:21:
                vpiParent: Port
                vpiName: valueSub
                vpiFullName: t.sub.valueSub
                vpiActual: Port name:valueSub
              vpiHighConn PartSelect name:value[3:0] start:12:22 end:12:32:
                vpiParent: Port
                vpiName: value[3:0]
                vpiFullName: t.sub.value[3:0]
                vpiPrefix RefObj name:value start:12:22 end:12:27:
                  vpiParent: PartSelect name:value[3:0]
                  vpiName: value
                  vpiFullName: t.sub.value[3:0].value
                  vpiActual: Net name:value
                vpiRange Range start:12:28 end:12:31:
                  vpiParent: PartSelect name:value[3:0]
                  vpiLeftRange Constant start:12:28 end:12:29:
                    vpiParent: Range
                    vpiTypespec RefTypespec:
                      vpiParent: Constant
                      vpiFullName: t.sub.value[3:0]
                      vpiActual: IntTypespec
                    vpiConstType: unsigned int (9)
                    vpiSize: 64
                    vpiDecompile: "3"
                    vpiValue: 3
                  vpiRightRange Constant start:12:30 end:12:31:
                    vpiParent: Range
                    vpiTypespec RefTypespec:
                      vpiParent: Constant
                      vpiFullName: t.sub.value[3:0]
                      vpiActual: IntTypespec
                    vpiConstType: unsigned int (9)
                    vpiSize: 64
                    vpiDecompile: "0"
                    vpiValue: 0
    Module name:sub file:$Source01/t_var_in_assign_bad.v start:15:1 end:21:10:
      vpiParent: Design name:unnamed
      vpiName Identifier name:sub start:15:8 end:15:11:
        vpiParent: Module name:sub
        vpiName: sub
      vpiFullName: sub
      vpiTypespec (1 items):
        LogicTypespec:
          vpiParent: Module name:sub
          vpiRange (1 items):
            Range start:19:10 end:19:15:
              vpiParent: LogicTypespec
              vpiLeftRange Constant start:19:11 end:19:12:
                vpiParent: Range
                vpiTypespec RefTypespec:
                  vpiParent: Constant
                  vpiFullName: sub
                  vpiActual: IntTypespec
                vpiConstType: unsigned int (9)
                vpiSize: 64
                vpiDecompile: "3"
                vpiValue: 3
              vpiRightRange Constant start:19:13 end:19:14:
                vpiParent: Range
                vpiTypespec RefTypespec:
                  vpiParent: Constant
                  vpiFullName: sub
                  vpiActual: IntTypespec
                vpiConstType: unsigned int (9)
                vpiSize: 64
                vpiDecompile: "0"
                vpiValue: 0
          vpiVector: true
      vpiDefName: sub
      vpiDefNetType: wire (1)
      vpiLibrary RefObj name:work:
        vpiParent: Module name:sub
        vpiName: work
        vpiFullName: sub.work
      vpiCell: sub
      vpiNet (1 items):
        Net name:valueSub start:19:16 end:19:24:
          vpiParent: Module name:sub
          vpiTypespec RefTypespec start:19:10 end:19:15:
            vpiParent: Net name:valueSub
            vpiFullName: sub.valueSub
            vpiActual: LogicTypespec
          vpiName: valueSub
          vpiFullName: sub.valueSub
          vpiNetType: wire (1)
          vpiVector: true
      vpiPort (1 items):
        Port name:valueSub start:17:4 end:17:12:
          vpiParent: Module name:sub
          vpiName: valueSub
          vpiDirection: input (1)
          vpiLowConn RefObj name:valueSub start:19:16 end:19:24:
            vpiParent: Port name:valueSub
            vpiName: valueSub
            vpiFullName: sub.valueSub.valueSub
            vpiActual: Net name:valueSub
          vpiTypespec RefTypespec start:19:10 end:19:15:
            vpiParent: Port name:valueSub
            vpiFullName: sub.valueSub
            vpiActual: LogicTypespec
      vpiContAssign (1 items):
        ContAssign start:20:16 end:20:31:
          vpiParent: Module name:sub
          vpiLhs RefObj name:valueSub start:20:16 end:20:24:
            vpiParent: ContAssign
            vpiName: valueSub
            vpiFullName: sub.valueSub
            vpiActual: Net name:valueSub
          vpiRhs Constant start:20:27 end:20:31:
            vpiParent: ContAssign
            vpiTypespec RefTypespec:
              vpiParent: Constant
              vpiFullName: sub
              vpiActual: IntTypespec
            vpiConstType: hexadecimal (5)
            vpiSize: 4
            vpiDecompile: "4'h0"
            vpiValue: "0"
  vpiTypespec (4 items):
    ModuleTypespec name:t:
      vpiParent: Design name:unnamed
      vpiName Identifier name:t start:6:8 end:6:9:
        vpiParent: ModuleTypespec name:t
        vpiName: t
      vpiModule: Module name:t
    IntTypespec:
      vpiParent: Design name:unnamed
      vpiSigned: true
    IntTypespec:
      vpiParent: Design name:unnamed
    ModuleTypespec name:sub:
      vpiParent: Design name:unnamed
      vpiName Identifier name:sub start:15:8 end:15:11:
        vpiParent: ModuleTypespec name:sub
        vpiName: sub
      vpiModule: Module name:sub
===================
[  FATAL] : 0
[ SYNTAX] : 0
[  ERROR] : 0
[WARNING] : 0
[   NOTE] : 0
********************************************************************************
*                    End HLC SystemVerilog Compiler/Linter                     *
********************************************************************************

#**#**#**#**#**#**#**#**#**#**#**#**#**#**#**#**#**#**#**#**#**#**#**#**#**#**#**#**#**#**#**#**#**#**#**#**#**#**#**#**

Environment:
      test-name: Verilator/t_var_in_assign_bad
   test-dirpath: ${HLC_DIR}/regression/Verilator/t_var_in_assign_bad
  hldb-filepath: ${HLC_DIR}/regression/Verilator/t_var_in_assign_bad/design.hldb
mounts-filepath: ${HLC_DIR}/regression/Verilator/t_var_in_assign_bad/mounts.json


{'result': {'coverage': 100.0,
            'error_count': 0,
            'file_count': 1,
            'files': {'$Output/lib/work/t_var_in_assign_bad.v': {'post_len': 0,
                                                                 'pre_len': 180}},
            'post_len': 0,
            'pre_len': 180,
            'test_name': 'Verilator/t_var_in_assign_bad'}}

+----------------------------------------+----------+-----------+
| INPUT                                  |   PRELEN |   POSTLEN |
+========================================+==========+===========+
| $Output/lib/work/t_var_in_assign_bad.v |      180 |         0 |
+========================================+==========+===========+
|                                        |      180 |         0 |
+----------------------------------------+----------+-----------+

[   ERROR] : 0
[COVERAGE] : 100.0


#**#**#**#**#**#**#**#**#**#**#**#**#**#**#**#**#**#**#**#**#**#**#**#**#**#**#**#**#**#**#**#**#**#**#**#**#**#**#**#**

COMMAND: ${HLC_DIR}/regression/Verilator/t_var_in_assign_bad/design.hldb ${HLC_DIR}/regression/Verilator/t_var_in_assign_bad/reduced.hldb

==================== BEGIN REDUCTION RESULT ====================
Name                            Before   After   Added   Removed
----------------------------------------------------------------
----------------------------------------------------------------
Others                              57      57       0         0
----------------------------------------------------------------
                                    57      57       0         0
===================== END REDUCTION RESULT =====================
