[INF:CM0023] Creating log file "${SURELOG_DIR}/regression/Yosys/asicworld/code_hdl_models_rom_using_case.v/surelog.log".
AST_DEBUG_BEGIN
Count: 467
LIB: work
FILE: ${SURELOG_DIR}/tests/Yosys/asicworld/code_hdl_models_rom_using_case.v
n<${SURELOG_DIR}/tests/Yosys/asicworld/code_hdl_models_rom_using_case.v> u<466> t<Top_level_rule> c<1> l<7:1> el<43:1>
  n<> u<1> t<Null_rule> p<466> s<2> l<7:1> el<7:1>
  n<//-----------------------------------------------------> u<2> t<LINE_COMMENT> p<466> s<3> l<1:1> el<1:56>
  n<// Design Name : rom_using_case> u<3> t<LINE_COMMENT> p<466> s<4> l<2:1> el<2:32>
  n<// File Name   : rom_using_case.v> u<4> t<LINE_COMMENT> p<466> s<5> l<3:1> el<3:34>
  n<// Function    : ROM using case> u<5> t<LINE_COMMENT> p<466> s<6> l<4:1> el<4:32>
  n<// Coder       : Deepak Kumar Tala> u<6> t<LINE_COMMENT> p<466> s<7> l<5:1> el<5:35>
  n<//-----------------------------------------------------> u<7> t<LINE_COMMENT> p<466> s<465> l<6:1> el<6:56>
  n<> u<465> t<Source_text> p<466> c<464> l<7:1> el<42:10>
    n<> u<464> t<Description> p<465> c<463> l<7:1> el<42:10>
      n<> u<463> t<Module_declaration> p<464> c<40> l<7:1> el<42:10>
        n<> u<40> t<Module_nonansi_header> p<463> c<8> s<57> l<7:1> el<12:3>
          n<module> u<8> t<Module_keyword> p<40> s<9> l<7:1> el<7:7>
          n<rom_using_case> u<9> t<SIMPLE_IDENTIFIER> p<40> s<10> l<7:8> el<7:22>
          n<> u<10> t<Package_import_declaration_list> p<40> s<39> l<7:23> el<7:23>
          n<> u<39> t<Port_list> p<40> c<16> l<7:23> el<12:2>
            n<> u<16> t<Port> p<39> c<15> s<17> l<8:1> el<8:8>
              n<> u<15> t<Port_expression> p<16> c<14> l<8:1> el<8:8>
                n<> u<14> t<Port_reference> p<15> c<11> l<8:1> el<8:8>
                  n<address> u<11> t<SIMPLE_IDENTIFIER> p<14> s<13> l<8:1> el<8:8>
                  n<> u<13> t<Constant_select> p<14> c<12> l<8:9> el<8:9>
                    n<> u<12> t<Constant_bit_select> p<13> l<8:9> el<8:9>
            n<// Address input> u<17> t<LINE_COMMENT> p<39> s<23> l<8:11> el<8:27>
            n<> u<23> t<Port> p<39> c<22> s<24> l<9:1> el<9:5>
              n<> u<22> t<Port_expression> p<23> c<21> l<9:1> el<9:5>
                n<> u<21> t<Port_reference> p<22> c<18> l<9:1> el<9:5>
                  n<data> u<18> t<SIMPLE_IDENTIFIER> p<21> s<20> l<9:1> el<9:5>
                  n<> u<20> t<Constant_select> p<21> c<19> l<9:9> el<9:9>
                    n<> u<19> t<Constant_bit_select> p<20> l<9:9> el<9:9>
            n<// Data output> u<24> t<LINE_COMMENT> p<39> s<30> l<9:11> el<9:25>
            n<> u<30> t<Port> p<39> c<29> s<31> l<10:1> el<10:8>
              n<> u<29> t<Port_expression> p<30> c<28> l<10:1> el<10:8>
                n<> u<28> t<Port_reference> p<29> c<25> l<10:1> el<10:8>
                  n<read_en> u<25> t<SIMPLE_IDENTIFIER> p<28> s<27> l<10:1> el<10:8>
                  n<> u<27> t<Constant_select> p<28> c<26> l<10:9> el<10:9>
                    n<> u<26> t<Constant_bit_select> p<27> l<10:9> el<10:9>
            n<// Read Enable > u<31> t<LINE_COMMENT> p<39> s<38> l<10:11> el<10:26>
            n<> u<38> t<Port> p<39> c<37> l<11:1> el<11:3>
              n<> u<37> t<Port_expression> p<38> c<36> l<11:1> el<11:3>
                n<> u<36> t<Port_reference> p<37> c<32> l<11:1> el<11:3>
                  n<ce> u<32> t<SIMPLE_IDENTIFIER> p<36> s<33> l<11:1> el<11:3>
                  n<// Chip Enable> u<33> t<LINE_COMMENT> p<36> s<35> l<11:11> el<11:25>
                  n<> u<35> t<Constant_select> p<36> c<34> l<12:1> el<12:1>
                    n<> u<34> t<Constant_bit_select> p<35> l<12:1> el<12:1>
        n<> u<57> t<Module_item> p<463> c<56> s<74> l<13:1> el<13:21>
          n<> u<56> t<Port_declaration> p<57> c<55> l<13:1> el<13:20>
            n<> u<55> t<Input_declaration> p<56> c<52> l<13:1> el<13:20>
              n<> u<52> t<Net_port_type> p<55> c<51> s<54> l<13:7> el<13:12>
                n<> u<51> t<Data_type_or_implicit> p<52> c<50> l<13:7> el<13:12>
                  n<> u<50> t<Packed_dimension> p<51> c<49> l<13:7> el<13:12>
                    n<> u<49> t<Constant_range> p<50> c<44> l<13:8> el<13:11>
                      n<> u<44> t<Constant_expression> p<49> c<43> s<48> l<13:8> el<13:9>
                        n<> u<43> t<Constant_primary> p<44> c<42> l<13:8> el<13:9>
                          n<> u<42> t<Primary_literal> p<43> c<41> l<13:8> el<13:9>
                            n<3> u<41> t<INTEGRAL_NUMBER> p<42> l<13:8> el<13:9>
                      n<> u<48> t<Constant_expression> p<49> c<47> l<13:10> el<13:11>
                        n<> u<47> t<Constant_primary> p<48> c<46> l<13:10> el<13:11>
                          n<> u<46> t<Primary_literal> p<47> c<45> l<13:10> el<13:11>
                            n<0> u<45> t<INTEGRAL_NUMBER> p<46> l<13:10> el<13:11>
              n<> u<54> t<Port_identifier_list> p<55> c<53> l<13:13> el<13:20>
                n<address> u<53> t<SIMPLE_IDENTIFIER> p<54> l<13:13> el<13:20>
        n<> u<74> t<Module_item> p<463> c<73> s<81> l<14:1> el<14:19>
          n<> u<73> t<Port_declaration> p<74> c<72> l<14:1> el<14:18>
            n<> u<72> t<Output_declaration> p<73> c<69> l<14:1> el<14:18>
              n<> u<69> t<Net_port_type> p<72> c<68> s<71> l<14:8> el<14:13>
                n<> u<68> t<Data_type_or_implicit> p<69> c<67> l<14:8> el<14:13>
                  n<> u<67> t<Packed_dimension> p<68> c<66> l<14:8> el<14:13>
                    n<> u<66> t<Constant_range> p<67> c<61> l<14:9> el<14:12>
                      n<> u<61> t<Constant_expression> p<66> c<60> s<65> l<14:9> el<14:10>
                        n<> u<60> t<Constant_primary> p<61> c<59> l<14:9> el<14:10>
                          n<> u<59> t<Primary_literal> p<60> c<58> l<14:9> el<14:10>
                            n<7> u<58> t<INTEGRAL_NUMBER> p<59> l<14:9> el<14:10>
                      n<> u<65> t<Constant_expression> p<66> c<64> l<14:11> el<14:12>
                        n<> u<64> t<Constant_primary> p<65> c<63> l<14:11> el<14:12>
                          n<> u<63> t<Primary_literal> p<64> c<62> l<14:11> el<14:12>
                            n<0> u<62> t<INTEGRAL_NUMBER> p<63> l<14:11> el<14:12>
              n<> u<71> t<Port_identifier_list> p<72> c<70> l<14:14> el<14:18>
                n<data> u<70> t<SIMPLE_IDENTIFIER> p<71> l<14:14> el<14:18>
        n<> u<81> t<Module_item> p<463> c<80> s<88> l<15:1> el<15:15>
          n<> u<80> t<Port_declaration> p<81> c<79> l<15:1> el<15:14>
            n<> u<79> t<Input_declaration> p<80> c<76> l<15:1> el<15:14>
              n<> u<76> t<Net_port_type> p<79> c<75> s<78> l<15:7> el<15:7>
                n<> u<75> t<Data_type_or_implicit> p<76> l<15:7> el<15:7>
              n<> u<78> t<Port_identifier_list> p<79> c<77> l<15:7> el<15:14>
                n<read_en> u<77> t<SIMPLE_IDENTIFIER> p<78> l<15:7> el<15:14>
        n<> u<88> t<Module_item> p<463> c<87> s<111> l<16:1> el<16:10>
          n<> u<87> t<Port_declaration> p<88> c<86> l<16:1> el<16:9>
            n<> u<86> t<Input_declaration> p<87> c<83> l<16:1> el<16:9>
              n<> u<83> t<Net_port_type> p<86> c<82> s<85> l<16:7> el<16:7>
                n<> u<82> t<Data_type_or_implicit> p<83> l<16:7> el<16:7>
              n<> u<85> t<Port_identifier_list> p<86> c<84> l<16:7> el<16:9>
                n<ce> u<84> t<SIMPLE_IDENTIFIER> p<85> l<16:7> el<16:9>
        n<> u<111> t<Module_item> p<463> c<110> s<461> l<18:1> el<18:17>
          n<> u<110> t<Non_port_module_item> p<111> c<109> l<18:1> el<18:17>
            n<> u<109> t<Module_or_generate_item> p<110> c<108> l<18:1> el<18:17>
              n<> u<108> t<Module_common_item> p<109> c<107> l<18:1> el<18:17>
                n<> u<107> t<Module_or_generate_item_declaration> p<108> c<106> l<18:1> el<18:17>
                  n<> u<106> t<Package_or_generate_item_declaration> p<107> c<105> l<18:1> el<18:17>
                    n<> u<105> t<Data_declaration> p<106> c<104> l<18:1> el<18:17>
                      n<> u<104> t<Variable_declaration> p<105> c<100> l<18:1> el<18:17>
                        n<> u<100> t<Data_type> p<104> c<89> s<103> l<18:1> el<18:10>
                          n<> u<89> t<REG> p<100> s<99> l<18:1> el<18:4>
                          n<> u<99> t<Packed_dimension> p<100> c<98> l<18:5> el<18:10>
                            n<> u<98> t<Constant_range> p<99> c<93> l<18:6> el<18:9>
                              n<> u<93> t<Constant_expression> p<98> c<92> s<97> l<18:6> el<18:7>
                                n<> u<92> t<Constant_primary> p<93> c<91> l<18:6> el<18:7>
                                  n<> u<91> t<Primary_literal> p<92> c<90> l<18:6> el<18:7>
                                    n<7> u<90> t<INTEGRAL_NUMBER> p<91> l<18:6> el<18:7>
                              n<> u<97> t<Constant_expression> p<98> c<96> l<18:8> el<18:9>
                                n<> u<96> t<Constant_primary> p<97> c<95> l<18:8> el<18:9>
                                  n<> u<95> t<Primary_literal> p<96> c<94> l<18:8> el<18:9>
                                    n<0> u<94> t<INTEGRAL_NUMBER> p<95> l<18:8> el<18:9>
                        n<> u<103> t<Variable_decl_assignment_list> p<104> c<102> l<18:11> el<18:15>
                          n<> u<102> t<Variable_decl_assignment> p<103> c<101> l<18:11> el<18:15>
                            n<data> u<101> t<SIMPLE_IDENTIFIER> p<102> l<18:11> el<18:15>
        n<> u<461> t<Module_item> p<463> c<460> s<462> l<20:1> el<40:4>
          n<> u<460> t<Non_port_module_item> p<461> c<459> l<20:1> el<40:4>
            n<> u<459> t<Module_or_generate_item> p<460> c<458> l<20:1> el<40:4>
              n<> u<458> t<Module_common_item> p<459> c<457> l<20:1> el<40:4>
                n<> u<457> t<Always_construct> p<458> c<112> l<20:1> el<40:4>
                  n<> u<112> t<ALWAYS> p<457> s<456> l<20:1> el<20:7>
                  n<> u<456> t<Statement> p<457> c<455> l<20:8> el<40:4>
                    n<> u<455> t<Statement_item> p<456> c<454> l<20:8> el<40:4>
                      n<> u<454> t<Procedural_timing_control_statement> p<455> c<133> l<20:8> el<40:4>
                        n<> u<133> t<Procedural_timing_control> p<454> c<132> s<453> l<20:8> el<20:36>
                          n<> u<132> t<Event_control> p<133> c<131> l<20:8> el<20:36>
                            n<> u<131> t<Event_expression> p<132> c<124> l<20:11> el<20:35>
                              n<> u<124> t<Event_expression> p<131> c<117> s<125> l<20:11> el<20:24>
                                n<> u<117> t<Event_expression> p<124> c<116> s<118> l<20:11> el<20:13>
                                  n<> u<116> t<Expression> p<117> c<115> l<20:11> el<20:13>
                                    n<> u<115> t<Primary> p<116> c<114> l<20:11> el<20:13>
                                      n<> u<114> t<Primary_literal> p<115> c<113> l<20:11> el<20:13>
                                        n<ce> u<113> t<SIMPLE_IDENTIFIER> p<114> l<20:11> el<20:13>
                                n<> u<118> t<Or_operator> p<124> s<123> l<20:14> el<20:16>
                                n<> u<123> t<Event_expression> p<124> c<122> l<20:17> el<20:24>
                                  n<> u<122> t<Expression> p<123> c<121> l<20:17> el<20:24>
                                    n<> u<121> t<Primary> p<122> c<120> l<20:17> el<20:24>
                                      n<> u<120> t<Primary_literal> p<121> c<119> l<20:17> el<20:24>
                                        n<read_en> u<119> t<SIMPLE_IDENTIFIER> p<120> l<20:17> el<20:24>
                              n<> u<125> t<Or_operator> p<131> s<130> l<20:25> el<20:27>
                              n<> u<130> t<Event_expression> p<131> c<129> l<20:28> el<20:35>
                                n<> u<129> t<Expression> p<130> c<128> l<20:28> el<20:35>
                                  n<> u<128> t<Primary> p<129> c<127> l<20:28> el<20:35>
                                    n<> u<127> t<Primary_literal> p<128> c<126> l<20:28> el<20:35>
                                      n<address> u<126> t<SIMPLE_IDENTIFIER> p<127> l<20:28> el<20:35>
                        n<> u<453> t<Statement_or_null> p<454> c<452> l<21:1> el<40:4>
                          n<> u<452> t<Statement> p<453> c<451> l<21:1> el<40:4>
                            n<> u<451> t<Statement_item> p<452> c<450> l<21:1> el<40:4>
                              n<> u<450> t<Seq_block> p<451> c<448> l<21:1> el<40:4>
                                n<> u<448> t<Statement_or_null> p<450> c<447> s<449> l<22:3> el<39:10>
                                  n<> u<447> t<Statement> p<448> c<446> l<22:3> el<39:10>
                                    n<> u<446> t<Statement_item> p<447> c<445> l<22:3> el<39:10>
                                      n<> u<445> t<Case_statement> p<446> c<135> l<22:3> el<39:10>
                                        n<> u<135> t<Case_keyword> p<445> c<134> s<139> l<22:3> el<22:7>
                                          n<> u<134> t<CASE> p<135> l<22:3> el<22:7>
                                        n<> u<139> t<Expression> p<445> c<138> s<158> l<22:9> el<22:16>
                                          n<> u<138> t<Primary> p<139> c<137> l<22:9> el<22:16>
                                            n<> u<137> t<Primary_literal> p<138> c<136> l<22:9> el<22:16>
                                              n<address> u<136> t<SIMPLE_IDENTIFIER> p<137> l<22:9> el<22:16>
                                        n<> u<158> t<Case_item> p<445> c<143> s<177> l<23:5> el<23:19>
                                          n<> u<143> t<Expression> p<158> c<142> s<157> l<23:5> el<23:6>
                                            n<> u<142> t<Primary> p<143> c<141> l<23:5> el<23:6>
                                              n<> u<141> t<Primary_literal> p<142> c<140> l<23:5> el<23:6>
                                                n<0> u<140> t<INTEGRAL_NUMBER> p<141> l<23:5> el<23:6>
                                          n<> u<157> t<Statement_or_null> p<158> c<156> l<23:9> el<23:19>
                                            n<> u<156> t<Statement> p<157> c<155> l<23:9> el<23:19>
                                              n<> u<155> t<Statement_item> p<156> c<154> l<23:9> el<23:19>
                                                n<> u<154> t<Blocking_assignment> p<155> c<153> l<23:9> el<23:18>
                                                  n<> u<153> t<Variable_assignment> p<154> c<148> l<23:9> el<23:18>
                                                    n<> u<148> t<Variable_lvalue> p<153> c<145> s<152> l<23:9> el<23:13>
                                                      n<> u<145> t<Ps_or_hierarchical_identifier> p<148> c<144> s<147> l<23:9> el<23:13>
                                                        n<data> u<144> t<SIMPLE_IDENTIFIER> p<145> l<23:9> el<23:13>
                                                      n<> u<147> t<Select> p<148> c<146> l<23:14> el<23:14>
                                                        n<> u<146> t<Bit_select> p<147> l<23:14> el<23:14>
                                                    n<> u<152> t<Expression> p<153> c<151> l<23:16> el<23:18>
                                                      n<> u<151> t<Primary> p<152> c<150> l<23:16> el<23:18>
                                                        n<> u<150> t<Primary_literal> p<151> c<149> l<23:16> el<23:18>
                                                          n<10> u<149> t<INTEGRAL_NUMBER> p<150> l<23:16> el<23:18>
                                        n<> u<177> t<Case_item> p<445> c<162> s<196> l<24:5> el<24:19>
                                          n<> u<162> t<Expression> p<177> c<161> s<176> l<24:5> el<24:6>
                                            n<> u<161> t<Primary> p<162> c<160> l<24:5> el<24:6>
                                              n<> u<160> t<Primary_literal> p<161> c<159> l<24:5> el<24:6>
                                                n<1> u<159> t<INTEGRAL_NUMBER> p<160> l<24:5> el<24:6>
                                          n<> u<176> t<Statement_or_null> p<177> c<175> l<24:9> el<24:19>
                                            n<> u<175> t<Statement> p<176> c<174> l<24:9> el<24:19>
                                              n<> u<174> t<Statement_item> p<175> c<173> l<24:9> el<24:19>
                                                n<> u<173> t<Blocking_assignment> p<174> c<172> l<24:9> el<24:18>
                                                  n<> u<172> t<Variable_assignment> p<173> c<167> l<24:9> el<24:18>
                                                    n<> u<167> t<Variable_lvalue> p<172> c<164> s<171> l<24:9> el<24:13>
                                                      n<> u<164> t<Ps_or_hierarchical_identifier> p<167> c<163> s<166> l<24:9> el<24:13>
                                                        n<data> u<163> t<SIMPLE_IDENTIFIER> p<164> l<24:9> el<24:13>
                                                      n<> u<166> t<Select> p<167> c<165> l<24:14> el<24:14>
                                                        n<> u<165> t<Bit_select> p<166> l<24:14> el<24:14>
                                                    n<> u<171> t<Expression> p<172> c<170> l<24:16> el<24:18>
                                                      n<> u<170> t<Primary> p<171> c<169> l<24:16> el<24:18>
                                                        n<> u<169> t<Primary_literal> p<170> c<168> l<24:16> el<24:18>
                                                          n<55> u<168> t<INTEGRAL_NUMBER> p<169> l<24:16> el<24:18>
                                        n<> u<196> t<Case_item> p<445> c<181> s<215> l<25:5> el<25:20>
                                          n<> u<181> t<Expression> p<196> c<180> s<195> l<25:5> el<25:6>
                                            n<> u<180> t<Primary> p<181> c<179> l<25:5> el<25:6>
                                              n<> u<179> t<Primary_literal> p<180> c<178> l<25:5> el<25:6>
                                                n<2> u<178> t<INTEGRAL_NUMBER> p<179> l<25:5> el<25:6>
                                          n<> u<195> t<Statement_or_null> p<196> c<194> l<25:9> el<25:20>
                                            n<> u<194> t<Statement> p<195> c<193> l<25:9> el<25:20>
                                              n<> u<193> t<Statement_item> p<194> c<192> l<25:9> el<25:20>
                                                n<> u<192> t<Blocking_assignment> p<193> c<191> l<25:9> el<25:19>
                                                  n<> u<191> t<Variable_assignment> p<192> c<186> l<25:9> el<25:19>
                                                    n<> u<186> t<Variable_lvalue> p<191> c<183> s<190> l<25:9> el<25:13>
                                                      n<> u<183> t<Ps_or_hierarchical_identifier> p<186> c<182> s<185> l<25:9> el<25:13>
                                                        n<data> u<182> t<SIMPLE_IDENTIFIER> p<183> l<25:9> el<25:13>
                                                      n<> u<185> t<Select> p<186> c<184> l<25:14> el<25:14>
                                                        n<> u<184> t<Bit_select> p<185> l<25:14> el<25:14>
                                                    n<> u<190> t<Expression> p<191> c<189> l<25:16> el<25:19>
                                                      n<> u<189> t<Primary> p<190> c<188> l<25:16> el<25:19>
                                                        n<> u<188> t<Primary_literal> p<189> c<187> l<25:16> el<25:19>
                                                          n<244> u<187> t<INTEGRAL_NUMBER> p<188> l<25:16> el<25:19>
                                        n<> u<215> t<Case_item> p<445> c<200> s<234> l<26:5> el<26:18>
                                          n<> u<200> t<Expression> p<215> c<199> s<214> l<26:5> el<26:6>
                                            n<> u<199> t<Primary> p<200> c<198> l<26:5> el<26:6>
                                              n<> u<198> t<Primary_literal> p<199> c<197> l<26:5> el<26:6>
                                                n<3> u<197> t<INTEGRAL_NUMBER> p<198> l<26:5> el<26:6>
                                          n<> u<214> t<Statement_or_null> p<215> c<213> l<26:9> el<26:18>
                                            n<> u<213> t<Statement> p<214> c<212> l<26:9> el<26:18>
                                              n<> u<212> t<Statement_item> p<213> c<211> l<26:9> el<26:18>
                                                n<> u<211> t<Blocking_assignment> p<212> c<210> l<26:9> el<26:17>
                                                  n<> u<210> t<Variable_assignment> p<211> c<205> l<26:9> el<26:17>
                                                    n<> u<205> t<Variable_lvalue> p<210> c<202> s<209> l<26:9> el<26:13>
                                                      n<> u<202> t<Ps_or_hierarchical_identifier> p<205> c<201> s<204> l<26:9> el<26:13>
                                                        n<data> u<201> t<SIMPLE_IDENTIFIER> p<202> l<26:9> el<26:13>
                                                      n<> u<204> t<Select> p<205> c<203> l<26:14> el<26:14>
                                                        n<> u<203> t<Bit_select> p<204> l<26:14> el<26:14>
                                                    n<> u<209> t<Expression> p<210> c<208> l<26:16> el<26:17>
                                                      n<> u<208> t<Primary> p<209> c<207> l<26:16> el<26:17>
                                                        n<> u<207> t<Primary_literal> p<208> c<206> l<26:16> el<26:17>
                                                          n<0> u<206> t<INTEGRAL_NUMBER> p<207> l<26:16> el<26:17>
                                        n<> u<234> t<Case_item> p<445> c<219> s<253> l<27:5> el<27:18>
                                          n<> u<219> t<Expression> p<234> c<218> s<233> l<27:5> el<27:6>
                                            n<> u<218> t<Primary> p<219> c<217> l<27:5> el<27:6>
                                              n<> u<217> t<Primary_literal> p<218> c<216> l<27:5> el<27:6>
                                                n<4> u<216> t<INTEGRAL_NUMBER> p<217> l<27:5> el<27:6>
                                          n<> u<233> t<Statement_or_null> p<234> c<232> l<27:9> el<27:18>
                                            n<> u<232> t<Statement> p<233> c<231> l<27:9> el<27:18>
                                              n<> u<231> t<Statement_item> p<232> c<230> l<27:9> el<27:18>
                                                n<> u<230> t<Blocking_assignment> p<231> c<229> l<27:9> el<27:17>
                                                  n<> u<229> t<Variable_assignment> p<230> c<224> l<27:9> el<27:17>
                                                    n<> u<224> t<Variable_lvalue> p<229> c<221> s<228> l<27:9> el<27:13>
                                                      n<> u<221> t<Ps_or_hierarchical_identifier> p<224> c<220> s<223> l<27:9> el<27:13>
                                                        n<data> u<220> t<SIMPLE_IDENTIFIER> p<221> l<27:9> el<27:13>
                                                      n<> u<223> t<Select> p<224> c<222> l<27:14> el<27:14>
                                                        n<> u<222> t<Bit_select> p<223> l<27:14> el<27:14>
                                                    n<> u<228> t<Expression> p<229> c<227> l<27:16> el<27:17>
                                                      n<> u<227> t<Primary> p<228> c<226> l<27:16> el<27:17>
                                                        n<> u<226> t<Primary_literal> p<227> c<225> l<27:16> el<27:17>
                                                          n<1> u<225> t<INTEGRAL_NUMBER> p<226> l<27:16> el<27:17>
                                        n<> u<253> t<Case_item> p<445> c<238> s<272> l<28:5> el<28:22>
                                          n<> u<238> t<Expression> p<253> c<237> s<252> l<28:5> el<28:6>
                                            n<> u<237> t<Primary> p<238> c<236> l<28:5> el<28:6>
                                              n<> u<236> t<Primary_literal> p<237> c<235> l<28:5> el<28:6>
                                                n<5> u<235> t<INTEGRAL_NUMBER> p<236> l<28:5> el<28:6>
                                          n<> u<252> t<Statement_or_null> p<253> c<251> l<28:9> el<28:22>
                                            n<> u<251> t<Statement> p<252> c<250> l<28:9> el<28:22>
                                              n<> u<250> t<Statement_item> p<251> c<249> l<28:9> el<28:22>
                                                n<> u<249> t<Blocking_assignment> p<250> c<248> l<28:9> el<28:21>
                                                  n<> u<248> t<Variable_assignment> p<249> c<243> l<28:9> el<28:21>
                                                    n<> u<243> t<Variable_lvalue> p<248> c<240> s<247> l<28:9> el<28:13>
                                                      n<> u<240> t<Ps_or_hierarchical_identifier> p<243> c<239> s<242> l<28:9> el<28:13>
                                                        n<data> u<239> t<SIMPLE_IDENTIFIER> p<240> l<28:9> el<28:13>
                                                      n<> u<242> t<Select> p<243> c<241> l<28:14> el<28:14>
                                                        n<> u<241> t<Bit_select> p<242> l<28:14> el<28:14>
                                                    n<> u<247> t<Expression> p<248> c<246> l<28:16> el<28:21>
                                                      n<> u<246> t<Primary> p<247> c<245> l<28:16> el<28:21>
                                                        n<> u<245> t<Primary_literal> p<246> c<244> l<28:16> el<28:21>
                                                          n<8'hff> u<244> t<INTEGRAL_NUMBER> p<245> l<28:16> el<28:21>
                                        n<> u<272> t<Case_item> p<445> c<257> s<291> l<29:5> el<29:22>
                                          n<> u<257> t<Expression> p<272> c<256> s<271> l<29:5> el<29:6>
                                            n<> u<256> t<Primary> p<257> c<255> l<29:5> el<29:6>
                                              n<> u<255> t<Primary_literal> p<256> c<254> l<29:5> el<29:6>
                                                n<6> u<254> t<INTEGRAL_NUMBER> p<255> l<29:5> el<29:6>
                                          n<> u<271> t<Statement_or_null> p<272> c<270> l<29:9> el<29:22>
                                            n<> u<270> t<Statement> p<271> c<269> l<29:9> el<29:22>
                                              n<> u<269> t<Statement_item> p<270> c<268> l<29:9> el<29:22>
                                                n<> u<268> t<Blocking_assignment> p<269> c<267> l<29:9> el<29:21>
                                                  n<> u<267> t<Variable_assignment> p<268> c<262> l<29:9> el<29:21>
                                                    n<> u<262> t<Variable_lvalue> p<267> c<259> s<266> l<29:9> el<29:13>
                                                      n<> u<259> t<Ps_or_hierarchical_identifier> p<262> c<258> s<261> l<29:9> el<29:13>
                                                        n<data> u<258> t<SIMPLE_IDENTIFIER> p<259> l<29:9> el<29:13>
                                                      n<> u<261> t<Select> p<262> c<260> l<29:14> el<29:14>
                                                        n<> u<260> t<Bit_select> p<261> l<29:14> el<29:14>
                                                    n<> u<266> t<Expression> p<267> c<265> l<29:16> el<29:21>
                                                      n<> u<265> t<Primary> p<266> c<264> l<29:16> el<29:21>
                                                        n<> u<264> t<Primary_literal> p<265> c<263> l<29:16> el<29:21>
                                                          n<8'h11> u<263> t<INTEGRAL_NUMBER> p<264> l<29:16> el<29:21>
                                        n<> u<291> t<Case_item> p<445> c<276> s<310> l<30:5> el<30:21>
                                          n<> u<276> t<Expression> p<291> c<275> s<290> l<30:5> el<30:6>
                                            n<> u<275> t<Primary> p<276> c<274> l<30:5> el<30:6>
                                              n<> u<274> t<Primary_literal> p<275> c<273> l<30:5> el<30:6>
                                                n<7> u<273> t<INTEGRAL_NUMBER> p<274> l<30:5> el<30:6>
                                          n<> u<290> t<Statement_or_null> p<291> c<289> l<30:9> el<30:21>
                                            n<> u<289> t<Statement> p<290> c<288> l<30:9> el<30:21>
                                              n<> u<288> t<Statement_item> p<289> c<287> l<30:9> el<30:21>
                                                n<> u<287> t<Blocking_assignment> p<288> c<286> l<30:9> el<30:20>
                                                  n<> u<286> t<Variable_assignment> p<287> c<281> l<30:9> el<30:20>
                                                    n<> u<281> t<Variable_lvalue> p<286> c<278> s<285> l<30:9> el<30:13>
                                                      n<> u<278> t<Ps_or_hierarchical_identifier> p<281> c<277> s<280> l<30:9> el<30:13>
                                                        n<data> u<277> t<SIMPLE_IDENTIFIER> p<278> l<30:9> el<30:13>
                                                      n<> u<280> t<Select> p<281> c<279> l<30:14> el<30:14>
                                                        n<> u<279> t<Bit_select> p<280> l<30:14> el<30:14>
                                                    n<> u<285> t<Expression> p<286> c<284> l<30:16> el<30:20>
                                                      n<> u<284> t<Primary> p<285> c<283> l<30:16> el<30:20>
                                                        n<> u<283> t<Primary_literal> p<284> c<282> l<30:16> el<30:20>
                                                          n<8'h1> u<282> t<INTEGRAL_NUMBER> p<283> l<30:16> el<30:20>
                                        n<> u<310> t<Case_item> p<445> c<295> s<329> l<31:5> el<31:22>
                                          n<> u<295> t<Expression> p<310> c<294> s<309> l<31:5> el<31:6>
                                            n<> u<294> t<Primary> p<295> c<293> l<31:5> el<31:6>
                                              n<> u<293> t<Primary_literal> p<294> c<292> l<31:5> el<31:6>
                                                n<8> u<292> t<INTEGRAL_NUMBER> p<293> l<31:5> el<31:6>
                                          n<> u<309> t<Statement_or_null> p<310> c<308> l<31:9> el<31:22>
                                            n<> u<308> t<Statement> p<309> c<307> l<31:9> el<31:22>
                                              n<> u<307> t<Statement_item> p<308> c<306> l<31:9> el<31:22>
                                                n<> u<306> t<Blocking_assignment> p<307> c<305> l<31:9> el<31:21>
                                                  n<> u<305> t<Variable_assignment> p<306> c<300> l<31:9> el<31:21>
                                                    n<> u<300> t<Variable_lvalue> p<305> c<297> s<304> l<31:9> el<31:13>
                                                      n<> u<297> t<Ps_or_hierarchical_identifier> p<300> c<296> s<299> l<31:9> el<31:13>
                                                        n<data> u<296> t<SIMPLE_IDENTIFIER> p<297> l<31:9> el<31:13>
                                                      n<> u<299> t<Select> p<300> c<298> l<31:14> el<31:14>
                                                        n<> u<298> t<Bit_select> p<299> l<31:14> el<31:14>
                                                    n<> u<304> t<Expression> p<305> c<303> l<31:16> el<31:21>
                                                      n<> u<303> t<Primary> p<304> c<302> l<31:16> el<31:21>
                                                        n<> u<302> t<Primary_literal> p<303> c<301> l<31:16> el<31:21>
                                                          n<8'h10> u<301> t<INTEGRAL_NUMBER> p<302> l<31:16> el<31:21>
                                        n<> u<329> t<Case_item> p<445> c<314> s<348> l<32:5> el<32:21>
                                          n<> u<314> t<Expression> p<329> c<313> s<328> l<32:5> el<32:6>
                                            n<> u<313> t<Primary> p<314> c<312> l<32:5> el<32:6>
                                              n<> u<312> t<Primary_literal> p<313> c<311> l<32:5> el<32:6>
                                                n<9> u<311> t<INTEGRAL_NUMBER> p<312> l<32:5> el<32:6>
                                          n<> u<328> t<Statement_or_null> p<329> c<327> l<32:9> el<32:21>
                                            n<> u<327> t<Statement> p<328> c<326> l<32:9> el<32:21>
                                              n<> u<326> t<Statement_item> p<327> c<325> l<32:9> el<32:21>
                                                n<> u<325> t<Blocking_assignment> p<326> c<324> l<32:9> el<32:20>
                                                  n<> u<324> t<Variable_assignment> p<325> c<319> l<32:9> el<32:20>
                                                    n<> u<319> t<Variable_lvalue> p<324> c<316> s<323> l<32:9> el<32:13>
                                                      n<> u<316> t<Ps_or_hierarchical_identifier> p<319> c<315> s<318> l<32:9> el<32:13>
                                                        n<data> u<315> t<SIMPLE_IDENTIFIER> p<316> l<32:9> el<32:13>
                                                      n<> u<318> t<Select> p<319> c<317> l<32:14> el<32:14>
                                                        n<> u<317> t<Bit_select> p<318> l<32:14> el<32:14>
                                                    n<> u<323> t<Expression> p<324> c<322> l<32:16> el<32:20>
                                                      n<> u<322> t<Primary> p<323> c<321> l<32:16> el<32:20>
                                                        n<> u<321> t<Primary_literal> p<322> c<320> l<32:16> el<32:20>
                                                          n<8'h0> u<320> t<INTEGRAL_NUMBER> p<321> l<32:16> el<32:20>
                                        n<> u<348> t<Case_item> p<445> c<333> s<367> l<33:5> el<33:23>
                                          n<> u<333> t<Expression> p<348> c<332> s<347> l<33:5> el<33:7>
                                            n<> u<332> t<Primary> p<333> c<331> l<33:5> el<33:7>
                                              n<> u<331> t<Primary_literal> p<332> c<330> l<33:5> el<33:7>
                                                n<10> u<330> t<INTEGRAL_NUMBER> p<331> l<33:5> el<33:7>
                                          n<> u<347> t<Statement_or_null> p<348> c<346> l<33:10> el<33:23>
                                            n<> u<346> t<Statement> p<347> c<345> l<33:10> el<33:23>
                                              n<> u<345> t<Statement_item> p<346> c<344> l<33:10> el<33:23>
                                                n<> u<344> t<Blocking_assignment> p<345> c<343> l<33:10> el<33:22>
                                                  n<> u<343> t<Variable_assignment> p<344> c<338> l<33:10> el<33:22>
                                                    n<> u<338> t<Variable_lvalue> p<343> c<335> s<342> l<33:10> el<33:14>
                                                      n<> u<335> t<Ps_or_hierarchical_identifier> p<338> c<334> s<337> l<33:10> el<33:14>
                                                        n<data> u<334> t<SIMPLE_IDENTIFIER> p<335> l<33:10> el<33:14>
                                                      n<> u<337> t<Select> p<338> c<336> l<33:15> el<33:15>
                                                        n<> u<336> t<Bit_select> p<337> l<33:15> el<33:15>
                                                    n<> u<342> t<Expression> p<343> c<341> l<33:17> el<33:22>
                                                      n<> u<341> t<Primary> p<342> c<340> l<33:17> el<33:22>
                                                        n<> u<340> t<Primary_literal> p<341> c<339> l<33:17> el<33:22>
                                                          n<8'h10> u<339> t<INTEGRAL_NUMBER> p<340> l<33:17> el<33:22>
                                        n<> u<367> t<Case_item> p<445> c<352> s<386> l<34:5> el<34:23>
                                          n<> u<352> t<Expression> p<367> c<351> s<366> l<34:5> el<34:7>
                                            n<> u<351> t<Primary> p<352> c<350> l<34:5> el<34:7>
                                              n<> u<350> t<Primary_literal> p<351> c<349> l<34:5> el<34:7>
                                                n<11> u<349> t<INTEGRAL_NUMBER> p<350> l<34:5> el<34:7>
                                          n<> u<366> t<Statement_or_null> p<367> c<365> l<34:10> el<34:23>
                                            n<> u<365> t<Statement> p<366> c<364> l<34:10> el<34:23>
                                              n<> u<364> t<Statement_item> p<365> c<363> l<34:10> el<34:23>
                                                n<> u<363> t<Blocking_assignment> p<364> c<362> l<34:10> el<34:22>
                                                  n<> u<362> t<Variable_assignment> p<363> c<357> l<34:10> el<34:22>
                                                    n<> u<357> t<Variable_lvalue> p<362> c<354> s<361> l<34:10> el<34:14>
                                                      n<> u<354> t<Ps_or_hierarchical_identifier> p<357> c<353> s<356> l<34:10> el<34:14>
                                                        n<data> u<353> t<SIMPLE_IDENTIFIER> p<354> l<34:10> el<34:14>
                                                      n<> u<356> t<Select> p<357> c<355> l<34:15> el<34:15>
                                                        n<> u<355> t<Bit_select> p<356> l<34:15> el<34:15>
                                                    n<> u<361> t<Expression> p<362> c<360> l<34:17> el<34:22>
                                                      n<> u<360> t<Primary> p<361> c<359> l<34:17> el<34:22>
                                                        n<> u<359> t<Primary_literal> p<360> c<358> l<34:17> el<34:22>
                                                          n<8'h15> u<358> t<INTEGRAL_NUMBER> p<359> l<34:17> el<34:22>
                                        n<> u<386> t<Case_item> p<445> c<371> s<405> l<35:5> el<35:23>
                                          n<> u<371> t<Expression> p<386> c<370> s<385> l<35:5> el<35:7>
                                            n<> u<370> t<Primary> p<371> c<369> l<35:5> el<35:7>
                                              n<> u<369> t<Primary_literal> p<370> c<368> l<35:5> el<35:7>
                                                n<12> u<368> t<INTEGRAL_NUMBER> p<369> l<35:5> el<35:7>
                                          n<> u<385> t<Statement_or_null> p<386> c<384> l<35:10> el<35:23>
                                            n<> u<384> t<Statement> p<385> c<383> l<35:10> el<35:23>
                                              n<> u<383> t<Statement_item> p<384> c<382> l<35:10> el<35:23>
                                                n<> u<382> t<Blocking_assignment> p<383> c<381> l<35:10> el<35:22>
                                                  n<> u<381> t<Variable_assignment> p<382> c<376> l<35:10> el<35:22>
                                                    n<> u<376> t<Variable_lvalue> p<381> c<373> s<380> l<35:10> el<35:14>
                                                      n<> u<373> t<Ps_or_hierarchical_identifier> p<376> c<372> s<375> l<35:10> el<35:14>
                                                        n<data> u<372> t<SIMPLE_IDENTIFIER> p<373> l<35:10> el<35:14>
                                                      n<> u<375> t<Select> p<376> c<374> l<35:15> el<35:15>
                                                        n<> u<374> t<Bit_select> p<375> l<35:15> el<35:15>
                                                    n<> u<380> t<Expression> p<381> c<379> l<35:17> el<35:22>
                                                      n<> u<379> t<Primary> p<380> c<378> l<35:17> el<35:22>
                                                        n<> u<378> t<Primary_literal> p<379> c<377> l<35:17> el<35:22>
                                                          n<8'h60> u<377> t<INTEGRAL_NUMBER> p<378> l<35:17> el<35:22>
                                        n<> u<405> t<Case_item> p<445> c<390> s<424> l<36:5> el<36:23>
                                          n<> u<390> t<Expression> p<405> c<389> s<404> l<36:5> el<36:7>
                                            n<> u<389> t<Primary> p<390> c<388> l<36:5> el<36:7>
                                              n<> u<388> t<Primary_literal> p<389> c<387> l<36:5> el<36:7>
                                                n<13> u<387> t<INTEGRAL_NUMBER> p<388> l<36:5> el<36:7>
                                          n<> u<404> t<Statement_or_null> p<405> c<403> l<36:10> el<36:23>
                                            n<> u<403> t<Statement> p<404> c<402> l<36:10> el<36:23>
                                              n<> u<402> t<Statement_item> p<403> c<401> l<36:10> el<36:23>
                                                n<> u<401> t<Blocking_assignment> p<402> c<400> l<36:10> el<36:22>
                                                  n<> u<400> t<Variable_assignment> p<401> c<395> l<36:10> el<36:22>
                                                    n<> u<395> t<Variable_lvalue> p<400> c<392> s<399> l<36:10> el<36:14>
                                                      n<> u<392> t<Ps_or_hierarchical_identifier> p<395> c<391> s<394> l<36:10> el<36:14>
                                                        n<data> u<391> t<SIMPLE_IDENTIFIER> p<392> l<36:10> el<36:14>
                                                      n<> u<394> t<Select> p<395> c<393> l<36:15> el<36:15>
                                                        n<> u<393> t<Bit_select> p<394> l<36:15> el<36:15>
                                                    n<> u<399> t<Expression> p<400> c<398> l<36:17> el<36:22>
                                                      n<> u<398> t<Primary> p<399> c<397> l<36:17> el<36:22>
                                                        n<> u<397> t<Primary_literal> p<398> c<396> l<36:17> el<36:22>
                                                          n<8'h90> u<396> t<INTEGRAL_NUMBER> p<397> l<36:17> el<36:22>
                                        n<> u<424> t<Case_item> p<445> c<409> s<443> l<37:5> el<37:23>
                                          n<> u<409> t<Expression> p<424> c<408> s<423> l<37:5> el<37:7>
                                            n<> u<408> t<Primary> p<409> c<407> l<37:5> el<37:7>
                                              n<> u<407> t<Primary_literal> p<408> c<406> l<37:5> el<37:7>
                                                n<14> u<406> t<INTEGRAL_NUMBER> p<407> l<37:5> el<37:7>
                                          n<> u<423> t<Statement_or_null> p<424> c<422> l<37:10> el<37:23>
                                            n<> u<422> t<Statement> p<423> c<421> l<37:10> el<37:23>
                                              n<> u<421> t<Statement_item> p<422> c<420> l<37:10> el<37:23>
                                                n<> u<420> t<Blocking_assignment> p<421> c<419> l<37:10> el<37:22>
                                                  n<> u<419> t<Variable_assignment> p<420> c<414> l<37:10> el<37:22>
                                                    n<> u<414> t<Variable_lvalue> p<419> c<411> s<418> l<37:10> el<37:14>
                                                      n<> u<411> t<Ps_or_hierarchical_identifier> p<414> c<410> s<413> l<37:10> el<37:14>
                                                        n<data> u<410> t<SIMPLE_IDENTIFIER> p<411> l<37:10> el<37:14>
                                                      n<> u<413> t<Select> p<414> c<412> l<37:15> el<37:15>
                                                        n<> u<412> t<Bit_select> p<413> l<37:15> el<37:15>
                                                    n<> u<418> t<Expression> p<419> c<417> l<37:17> el<37:22>
                                                      n<> u<417> t<Primary> p<418> c<416> l<37:17> el<37:22>
                                                        n<> u<416> t<Primary_literal> p<417> c<415> l<37:17> el<37:22>
                                                          n<8'h70> u<415> t<INTEGRAL_NUMBER> p<416> l<37:17> el<37:22>
                                        n<> u<443> t<Case_item> p<445> c<428> s<444> l<38:5> el<38:23>
                                          n<> u<428> t<Expression> p<443> c<427> s<442> l<38:5> el<38:7>
                                            n<> u<427> t<Primary> p<428> c<426> l<38:5> el<38:7>
                                              n<> u<426> t<Primary_literal> p<427> c<425> l<38:5> el<38:7>
                                                n<15> u<425> t<INTEGRAL_NUMBER> p<426> l<38:5> el<38:7>
                                          n<> u<442> t<Statement_or_null> p<443> c<441> l<38:10> el<38:23>
                                            n<> u<441> t<Statement> p<442> c<440> l<38:10> el<38:23>
                                              n<> u<440> t<Statement_item> p<441> c<439> l<38:10> el<38:23>
                                                n<> u<439> t<Blocking_assignment> p<440> c<438> l<38:10> el<38:22>
                                                  n<> u<438> t<Variable_assignment> p<439> c<433> l<38:10> el<38:22>
                                                    n<> u<433> t<Variable_lvalue> p<438> c<430> s<437> l<38:10> el<38:14>
                                                      n<> u<430> t<Ps_or_hierarchical_identifier> p<433> c<429> s<432> l<38:10> el<38:14>
                                                        n<data> u<429> t<SIMPLE_IDENTIFIER> p<430> l<38:10> el<38:14>
                                                      n<> u<432> t<Select> p<433> c<431> l<38:15> el<38:15>
                                                        n<> u<431> t<Bit_select> p<432> l<38:15> el<38:15>
                                                    n<> u<437> t<Expression> p<438> c<436> l<38:17> el<38:22>
                                                      n<> u<436> t<Primary> p<437> c<435> l<38:17> el<38:22>
                                                        n<> u<435> t<Primary_literal> p<436> c<434> l<38:17> el<38:22>
                                                          n<8'h90> u<434> t<INTEGRAL_NUMBER> p<435> l<38:17> el<38:22>
                                        n<> u<444> t<ENDCASE> p<445> l<39:3> el<39:10>
                                n<> u<449> t<END> p<450> l<40:1> el<40:4>
        n<> u<462> t<ENDMODULE> p<463> l<42:1> el<42:10>
AST_DEBUG_END
[INF:CP0303] ${SURELOG_DIR}/tests/Yosys/asicworld/code_hdl_models_rom_using_case.v:7:1: Compile module "work@rom_using_case".
[INF:CM0029] Using global timescale: "1ns/1ns".
====== UHDM =======
Design name:unnamed:
  vpiName: unnamed
  vpiSourceFiles (1 items):
    SourceFile name:code_hdl_models_rom_using_case.v file:${SURELOG_DIR}/tests/Yosys/asicworld/code_hdl_models_rom_using_case.v:
      vpiParent: Design name:unnamed
      vpiName: code_hdl_models_rom_using_case.v
      vpiPreprocFile: "${SURELOG_DIR}/regression/Yosys/asicworld/code_hdl_models_rom_using_case.v/lib/work/asicworld/code_hdl_models_rom_using_case.v"
      vpiDefNetType: none (12)
  vpiAllModules (1 items):
    Module name:work@rom_using_case file:${SURELOG_DIR}/tests/Yosys/asicworld/code_hdl_models_rom_using_case.v start:7:1 end:42:10:
      vpiParent: Design name:unnamed
      vpiName Identifier name:work@rom_using_case start:7:8 end:7:22:
        vpiParent: Module name:work@rom_using_case
        vpiName: work@rom_using_case
      vpiFullName: work@rom_using_case
      vpiTypespec (4 items):
        LogicTypespec:
          vpiParent: Module name:work@rom_using_case
          vpiRange (1 items):
            Range start:13:7 end:13:12:
              vpiParent: LogicTypespec
              vpiLeftRange Constant start:13:8 end:13:9:
                vpiParent: Range
                vpiTypespec RefTypespec:
                  vpiParent: Constant
                  vpiFullName: work@rom_using_case
                  vpiActual: IntTypespec
                vpiConstType: unsigned int (9)
                vpiSize: 64
                vpiDecompile: "3"
                vpiValue: 3
              vpiRightRange Constant start:13:10 end:13:11:
                vpiParent: Range
                vpiTypespec RefTypespec:
                  vpiParent: Constant
                  vpiFullName: work@rom_using_case
                  vpiActual: IntTypespec
                vpiConstType: unsigned int (9)
                vpiSize: 64
                vpiDecompile: "0"
                vpiValue: 0
          vpiVector: true
        LogicTypespec:
          vpiParent: Module name:work@rom_using_case
          vpiRange (1 items):
            Range start:14:8 end:14:13:
              vpiParent: LogicTypespec
              vpiLeftRange Constant start:14:9 end:14:10:
                vpiParent: Range
                vpiTypespec RefTypespec:
                  vpiParent: Constant
                  vpiFullName: work@rom_using_case
                  vpiActual: IntTypespec
                vpiConstType: unsigned int (9)
                vpiSize: 64
                vpiDecompile: "7"
                vpiValue: 7
              vpiRightRange Constant start:14:11 end:14:12:
                vpiParent: Range
                vpiTypespec RefTypespec:
                  vpiParent: Constant
                  vpiFullName: work@rom_using_case
                  vpiActual: IntTypespec
                vpiConstType: unsigned int (9)
                vpiSize: 64
                vpiDecompile: "0"
                vpiValue: 0
          vpiVector: true
        LogicTypespec:
          vpiParent: Module name:work@rom_using_case
        LogicTypespec:
          vpiParent: Module name:work@rom_using_case
          vpiRange (1 items):
            Range start:18:5 end:18:10:
              vpiParent: LogicTypespec
              vpiLeftRange Constant start:18:6 end:18:7:
                vpiParent: Range
                vpiTypespec RefTypespec:
                  vpiParent: Constant
                  vpiFullName: work@rom_using_case
                  vpiActual: IntTypespec
                vpiConstType: unsigned int (9)
                vpiSize: 64
                vpiDecompile: "7"
                vpiValue: 7
              vpiRightRange Constant start:18:8 end:18:9:
                vpiParent: Range
                vpiTypespec RefTypespec:
                  vpiParent: Constant
                  vpiFullName: work@rom_using_case
                  vpiActual: IntTypespec
                vpiConstType: unsigned int (9)
                vpiSize: 64
                vpiDecompile: "0"
                vpiValue: 0
          vpiVector: true
      vpiDefName: work@rom_using_case
      vpiDefNetType: none (12)
      vpiNet (4 items):
        Net name:address start:13:13 end:13:20:
          vpiParent: Module name:work@rom_using_case
          vpiTypespec RefTypespec start:13:7 end:13:12:
            vpiParent: Net name:address
            vpiFullName: work@rom_using_case.address
            vpiActual: LogicTypespec
          vpiName: address
          vpiFullName: work@rom_using_case.address
        Net name:data start:14:14 end:14:18:
          vpiParent: Module name:work@rom_using_case
          vpiTypespec RefTypespec start:14:8 end:14:13:
            vpiParent: Net name:data
            vpiFullName: work@rom_using_case.data
            vpiActual: LogicTypespec
          vpiName: data
          vpiFullName: work@rom_using_case.data
        Net name:read_en start:15:7 end:15:14:
          vpiParent: Module name:work@rom_using_case
          vpiTypespec RefTypespec start:15:7 end:15:7:
            vpiParent: Net name:read_en
            vpiFullName: work@rom_using_case.read_en
            vpiActual: LogicTypespec
          vpiName: read_en
          vpiFullName: work@rom_using_case.read_en
        Net name:ce start:16:7 end:16:9:
          vpiParent: Module name:work@rom_using_case
          vpiTypespec RefTypespec start:16:7 end:16:7:
            vpiParent: Net name:ce
            vpiFullName: work@rom_using_case.ce
            vpiActual: LogicTypespec
          vpiName: ce
          vpiFullName: work@rom_using_case.ce
      vpiPort (4 items):
        Port name:address start:8:1 end:8:8:
          vpiParent: Module name:work@rom_using_case
          vpiName: address
          vpiDirection: input (1)
          vpiLowConn RefObj name:address start:8:1 end:8:8:
            vpiParent: Port name:address
            vpiName: address
            vpiFullName: work@rom_using_case.address.address
            vpiActual: Net name:address
          vpiTypespec RefTypespec start:13:7 end:13:12:
            vpiParent: Port name:address
            vpiFullName: work@rom_using_case.address
            vpiActual: LogicTypespec
        Port name:data start:9:1 end:9:5:
          vpiParent: Module name:work@rom_using_case
          vpiName: data
          vpiDirection: output (2)
          vpiLowConn RefObj name:data start:9:1 end:9:5:
            vpiParent: Port name:data
            vpiName: data
            vpiFullName: work@rom_using_case.data.data
            vpiActual: Net name:data
          vpiTypespec RefTypespec start:14:8 end:14:13:
            vpiParent: Port name:data
            vpiFullName: work@rom_using_case.data
            vpiActual: LogicTypespec
        Port name:read_en start:10:1 end:10:8:
          vpiParent: Module name:work@rom_using_case
          vpiName: read_en
          vpiDirection: input (1)
          vpiLowConn RefObj name:read_en start:10:1 end:10:8:
            vpiParent: Port name:read_en
            vpiName: read_en
            vpiFullName: work@rom_using_case.read_en.read_en
            vpiActual: Net name:read_en
          vpiTypespec RefTypespec start:15:7 end:15:7:
            vpiParent: Port name:read_en
            vpiFullName: work@rom_using_case.read_en
            vpiActual: LogicTypespec
        Port name:ce start:11:1 end:11:3:
          vpiParent: Module name:work@rom_using_case
          vpiName: ce
          vpiDirection: input (1)
          vpiLowConn RefObj name:ce start:11:1 end:11:3:
            vpiParent: Port name:ce
            vpiName: ce
            vpiFullName: work@rom_using_case.ce.ce
            vpiActual: Net name:ce
          vpiTypespec RefTypespec start:16:7 end:16:7:
            vpiParent: Port name:ce
            vpiFullName: work@rom_using_case.ce
            vpiActual: LogicTypespec
      vpiProcess (1 items):
        Always start:20:1 end:40:4:
          vpiParent: Module name:work@rom_using_case
          vpiStmt EventControl start:20:8 end:40:4:
            vpiParent: Always
            vpiCondition Operation start:20:11 end:20:35:
              vpiParent: EventControl
              vpiOpType: event or (35)
              vpiOperand (2 items):
                Operation start:20:11 end:20:24:
                  vpiParent: Operation
                  vpiOpType: event or (35)
                  vpiOperand (2 items):
                    RefObj name:ce start:20:11 end:20:13:
                      vpiParent: Operation
                      vpiName: ce
                      vpiFullName: work@rom_using_case.ce
                      vpiActual: Net name:ce
                    RefObj name:read_en start:20:17 end:20:24:
                      vpiParent: Operation
                      vpiName: read_en
                      vpiFullName: work@rom_using_case.read_en
                      vpiActual: Net name:read_en
                RefObj name:address start:20:28 end:20:35:
                  vpiParent: Operation
                  vpiName: address
                  vpiFullName: work@rom_using_case.address
                  vpiActual: Net name:address
            vpiStmt Begin start:21:1 end:40:4:
              vpiParent: EventControl
              vpiFullName: work@rom_using_case
              vpiStmt (1 items):
                CaseStmt start:22:3 end:39:10:
                  vpiParent: Begin
                  vpiCaseType: exact (1)
                  vpiCondition RefObj name:address start:22:9 end:22:16:
                    vpiParent: CaseStmt
                    vpiName: address
                    vpiFullName: work@rom_using_case.address
                    vpiActual: Net name:address
                  vpiCaseItem (16 items):
                    CaseItem start:23:5 end:23:19:
                      vpiParent: CaseStmt
                      vpiExpr (1 items):
                        Constant start:23:5 end:23:6:
                          vpiParent: CaseItem
                          vpiTypespec RefTypespec:
                            vpiParent: Constant
                            vpiFullName: work@rom_using_case
                            vpiActual: IntTypespec
                          vpiConstType: unsigned int (9)
                          vpiSize: 64
                          vpiDecompile: "0"
                          vpiValue: 0
                      vpiStmt Assignment start:23:9 end:23:18:
                        vpiParent: CaseItem
                        vpiBlocking: true
                        vpiLhs RefObj name:data start:23:9 end:23:13:
                          vpiParent: Assignment
                          vpiName: data
                          vpiFullName: work@rom_using_case.data
                          vpiActual: Net name:data
                        vpiRhs Constant start:23:16 end:23:18:
                          vpiParent: Assignment
                          vpiTypespec RefTypespec:
                            vpiParent: Constant
                            vpiFullName: work@rom_using_case
                            vpiActual: IntTypespec
                          vpiConstType: unsigned int (9)
                          vpiSize: 64
                          vpiDecompile: "10"
                          vpiValue: 10
                    CaseItem start:24:5 end:24:19:
                      vpiParent: CaseStmt
                      vpiExpr (1 items):
                        Constant start:24:5 end:24:6:
                          vpiParent: CaseItem
                          vpiTypespec RefTypespec:
                            vpiParent: Constant
                            vpiFullName: work@rom_using_case
                            vpiActual: IntTypespec
                          vpiConstType: unsigned int (9)
                          vpiSize: 64
                          vpiDecompile: "1"
                          vpiValue: 1
                      vpiStmt Assignment start:24:9 end:24:18:
                        vpiParent: CaseItem
                        vpiBlocking: true
                        vpiLhs RefObj name:data start:24:9 end:24:13:
                          vpiParent: Assignment
                          vpiName: data
                          vpiFullName: work@rom_using_case.data
                          vpiActual: Net name:data
                        vpiRhs Constant start:24:16 end:24:18:
                          vpiParent: Assignment
                          vpiTypespec RefTypespec:
                            vpiParent: Constant
                            vpiFullName: work@rom_using_case
                            vpiActual: IntTypespec
                          vpiConstType: unsigned int (9)
                          vpiSize: 64
                          vpiDecompile: "55"
                          vpiValue: 55
                    CaseItem start:25:5 end:25:20:
                      vpiParent: CaseStmt
                      vpiExpr (1 items):
                        Constant start:25:5 end:25:6:
                          vpiParent: CaseItem
                          vpiTypespec RefTypespec:
                            vpiParent: Constant
                            vpiFullName: work@rom_using_case
                            vpiActual: IntTypespec
                          vpiConstType: unsigned int (9)
                          vpiSize: 64
                          vpiDecompile: "2"
                          vpiValue: 2
                      vpiStmt Assignment start:25:9 end:25:19:
                        vpiParent: CaseItem
                        vpiBlocking: true
                        vpiLhs RefObj name:data start:25:9 end:25:13:
                          vpiParent: Assignment
                          vpiName: data
                          vpiFullName: work@rom_using_case.data
                          vpiActual: Net name:data
                        vpiRhs Constant start:25:16 end:25:19:
                          vpiParent: Assignment
                          vpiTypespec RefTypespec:
                            vpiParent: Constant
                            vpiFullName: work@rom_using_case
                            vpiActual: IntTypespec
                          vpiConstType: unsigned int (9)
                          vpiSize: 64
                          vpiDecompile: "244"
                          vpiValue: 244
                    CaseItem start:26:5 end:26:18:
                      vpiParent: CaseStmt
                      vpiExpr (1 items):
                        Constant start:26:5 end:26:6:
                          vpiParent: CaseItem
                          vpiTypespec RefTypespec:
                            vpiParent: Constant
                            vpiFullName: work@rom_using_case
                            vpiActual: IntTypespec
                          vpiConstType: unsigned int (9)
                          vpiSize: 64
                          vpiDecompile: "3"
                          vpiValue: 3
                      vpiStmt Assignment start:26:9 end:26:17:
                        vpiParent: CaseItem
                        vpiBlocking: true
                        vpiLhs RefObj name:data start:26:9 end:26:13:
                          vpiParent: Assignment
                          vpiName: data
                          vpiFullName: work@rom_using_case.data
                          vpiActual: Net name:data
                        vpiRhs Constant start:26:16 end:26:17:
                          vpiParent: Assignment
                          vpiTypespec RefTypespec:
                            vpiParent: Constant
                            vpiFullName: work@rom_using_case
                            vpiActual: IntTypespec
                          vpiConstType: unsigned int (9)
                          vpiSize: 64
                          vpiDecompile: "0"
                          vpiValue: 0
                    CaseItem start:27:5 end:27:18:
                      vpiParent: CaseStmt
                      vpiExpr (1 items):
                        Constant start:27:5 end:27:6:
                          vpiParent: CaseItem
                          vpiTypespec RefTypespec:
                            vpiParent: Constant
                            vpiFullName: work@rom_using_case
                            vpiActual: IntTypespec
                          vpiConstType: unsigned int (9)
                          vpiSize: 64
                          vpiDecompile: "4"
                          vpiValue: 4
                      vpiStmt Assignment start:27:9 end:27:17:
                        vpiParent: CaseItem
                        vpiBlocking: true
                        vpiLhs RefObj name:data start:27:9 end:27:13:
                          vpiParent: Assignment
                          vpiName: data
                          vpiFullName: work@rom_using_case.data
                          vpiActual: Net name:data
                        vpiRhs Constant start:27:16 end:27:17:
                          vpiParent: Assignment
                          vpiTypespec RefTypespec:
                            vpiParent: Constant
                            vpiFullName: work@rom_using_case
                            vpiActual: IntTypespec
                          vpiConstType: unsigned int (9)
                          vpiSize: 64
                          vpiDecompile: "1"
                          vpiValue: 1
                    CaseItem start:28:5 end:28:22:
                      vpiParent: CaseStmt
                      vpiExpr (1 items):
                        Constant start:28:5 end:28:6:
                          vpiParent: CaseItem
                          vpiTypespec RefTypespec:
                            vpiParent: Constant
                            vpiFullName: work@rom_using_case
                            vpiActual: IntTypespec
                          vpiConstType: unsigned int (9)
                          vpiSize: 64
                          vpiDecompile: "5"
                          vpiValue: 5
                      vpiStmt Assignment start:28:9 end:28:21:
                        vpiParent: CaseItem
                        vpiBlocking: true
                        vpiLhs RefObj name:data start:28:9 end:28:13:
                          vpiParent: Assignment
                          vpiName: data
                          vpiFullName: work@rom_using_case.data
                          vpiActual: Net name:data
                        vpiRhs Constant start:28:16 end:28:21:
                          vpiParent: Assignment
                          vpiTypespec RefTypespec:
                            vpiParent: Constant
                            vpiFullName: work@rom_using_case
                            vpiActual: IntTypespec
                          vpiConstType: hexadecimal (5)
                          vpiSize: 8
                          vpiDecompile: "8'hff"
                          vpiValue: ff
                    CaseItem start:29:5 end:29:22:
                      vpiParent: CaseStmt
                      vpiExpr (1 items):
                        Constant start:29:5 end:29:6:
                          vpiParent: CaseItem
                          vpiTypespec RefTypespec:
                            vpiParent: Constant
                            vpiFullName: work@rom_using_case
                            vpiActual: IntTypespec
                          vpiConstType: unsigned int (9)
                          vpiSize: 64
                          vpiDecompile: "6"
                          vpiValue: 6
                      vpiStmt Assignment start:29:9 end:29:21:
                        vpiParent: CaseItem
                        vpiBlocking: true
                        vpiLhs RefObj name:data start:29:9 end:29:13:
                          vpiParent: Assignment
                          vpiName: data
                          vpiFullName: work@rom_using_case.data
                          vpiActual: Net name:data
                        vpiRhs Constant start:29:16 end:29:21:
                          vpiParent: Assignment
                          vpiTypespec RefTypespec:
                            vpiParent: Constant
                            vpiFullName: work@rom_using_case
                            vpiActual: IntTypespec
                          vpiConstType: hexadecimal (5)
                          vpiSize: 8
                          vpiDecompile: "8'h11"
                          vpiValue: 11
                    CaseItem start:30:5 end:30:21:
                      vpiParent: CaseStmt
                      vpiExpr (1 items):
                        Constant start:30:5 end:30:6:
                          vpiParent: CaseItem
                          vpiTypespec RefTypespec:
                            vpiParent: Constant
                            vpiFullName: work@rom_using_case
                            vpiActual: IntTypespec
                          vpiConstType: unsigned int (9)
                          vpiSize: 64
                          vpiDecompile: "7"
                          vpiValue: 7
                      vpiStmt Assignment start:30:9 end:30:20:
                        vpiParent: CaseItem
                        vpiBlocking: true
                        vpiLhs RefObj name:data start:30:9 end:30:13:
                          vpiParent: Assignment
                          vpiName: data
                          vpiFullName: work@rom_using_case.data
                          vpiActual: Net name:data
                        vpiRhs Constant start:30:16 end:30:20:
                          vpiParent: Assignment
                          vpiTypespec RefTypespec:
                            vpiParent: Constant
                            vpiFullName: work@rom_using_case
                            vpiActual: IntTypespec
                          vpiConstType: hexadecimal (5)
                          vpiSize: 8
                          vpiDecompile: "8'h1"
                          vpiValue: 1
                    CaseItem start:31:5 end:31:22:
                      vpiParent: CaseStmt
                      vpiExpr (1 items):
                        Constant start:31:5 end:31:6:
                          vpiParent: CaseItem
                          vpiTypespec RefTypespec:
                            vpiParent: Constant
                            vpiFullName: work@rom_using_case
                            vpiActual: IntTypespec
                          vpiConstType: unsigned int (9)
                          vpiSize: 64
                          vpiDecompile: "8"
                          vpiValue: 8
                      vpiStmt Assignment start:31:9 end:31:21:
                        vpiParent: CaseItem
                        vpiBlocking: true
                        vpiLhs RefObj name:data start:31:9 end:31:13:
                          vpiParent: Assignment
                          vpiName: data
                          vpiFullName: work@rom_using_case.data
                          vpiActual: Net name:data
                        vpiRhs Constant start:31:16 end:31:21:
                          vpiParent: Assignment
                          vpiTypespec RefTypespec:
                            vpiParent: Constant
                            vpiFullName: work@rom_using_case
                            vpiActual: IntTypespec
                          vpiConstType: hexadecimal (5)
                          vpiSize: 8
                          vpiDecompile: "8'h10"
                          vpiValue: 10
                    CaseItem start:32:5 end:32:21:
                      vpiParent: CaseStmt
                      vpiExpr (1 items):
                        Constant start:32:5 end:32:6:
                          vpiParent: CaseItem
                          vpiTypespec RefTypespec:
                            vpiParent: Constant
                            vpiFullName: work@rom_using_case
                            vpiActual: IntTypespec
                          vpiConstType: unsigned int (9)
                          vpiSize: 64
                          vpiDecompile: "9"
                          vpiValue: 9
                      vpiStmt Assignment start:32:9 end:32:20:
                        vpiParent: CaseItem
                        vpiBlocking: true
                        vpiLhs RefObj name:data start:32:9 end:32:13:
                          vpiParent: Assignment
                          vpiName: data
                          vpiFullName: work@rom_using_case.data
                          vpiActual: Net name:data
                        vpiRhs Constant start:32:16 end:32:20:
                          vpiParent: Assignment
                          vpiTypespec RefTypespec:
                            vpiParent: Constant
                            vpiFullName: work@rom_using_case
                            vpiActual: IntTypespec
                          vpiConstType: hexadecimal (5)
                          vpiSize: 8
                          vpiDecompile: "8'h0"
                          vpiValue: 0
                    CaseItem start:33:5 end:33:23:
                      vpiParent: CaseStmt
                      vpiExpr (1 items):
                        Constant start:33:5 end:33:7:
                          vpiParent: CaseItem
                          vpiTypespec RefTypespec:
                            vpiParent: Constant
                            vpiFullName: work@rom_using_case
                            vpiActual: IntTypespec
                          vpiConstType: unsigned int (9)
                          vpiSize: 64
                          vpiDecompile: "10"
                          vpiValue: 10
                      vpiStmt Assignment start:33:10 end:33:22:
                        vpiParent: CaseItem
                        vpiBlocking: true
                        vpiLhs RefObj name:data start:33:10 end:33:14:
                          vpiParent: Assignment
                          vpiName: data
                          vpiFullName: work@rom_using_case.data
                          vpiActual: Net name:data
                        vpiRhs Constant start:33:17 end:33:22:
                          vpiParent: Assignment
                          vpiTypespec RefTypespec:
                            vpiParent: Constant
                            vpiFullName: work@rom_using_case
                            vpiActual: IntTypespec
                          vpiConstType: hexadecimal (5)
                          vpiSize: 8
                          vpiDecompile: "8'h10"
                          vpiValue: 10
                    CaseItem start:34:5 end:34:23:
                      vpiParent: CaseStmt
                      vpiExpr (1 items):
                        Constant start:34:5 end:34:7:
                          vpiParent: CaseItem
                          vpiTypespec RefTypespec:
                            vpiParent: Constant
                            vpiFullName: work@rom_using_case
                            vpiActual: IntTypespec
                          vpiConstType: unsigned int (9)
                          vpiSize: 64
                          vpiDecompile: "11"
                          vpiValue: 11
                      vpiStmt Assignment start:34:10 end:34:22:
                        vpiParent: CaseItem
                        vpiBlocking: true
                        vpiLhs RefObj name:data start:34:10 end:34:14:
                          vpiParent: Assignment
                          vpiName: data
                          vpiFullName: work@rom_using_case.data
                          vpiActual: Net name:data
                        vpiRhs Constant start:34:17 end:34:22:
                          vpiParent: Assignment
                          vpiTypespec RefTypespec:
                            vpiParent: Constant
                            vpiFullName: work@rom_using_case
                            vpiActual: IntTypespec
                          vpiConstType: hexadecimal (5)
                          vpiSize: 8
                          vpiDecompile: "8'h15"
                          vpiValue: 15
                    CaseItem start:35:5 end:35:23:
                      vpiParent: CaseStmt
                      vpiExpr (1 items):
                        Constant start:35:5 end:35:7:
                          vpiParent: CaseItem
                          vpiTypespec RefTypespec:
                            vpiParent: Constant
                            vpiFullName: work@rom_using_case
                            vpiActual: IntTypespec
                          vpiConstType: unsigned int (9)
                          vpiSize: 64
                          vpiDecompile: "12"
                          vpiValue: 12
                      vpiStmt Assignment start:35:10 end:35:22:
                        vpiParent: CaseItem
                        vpiBlocking: true
                        vpiLhs RefObj name:data start:35:10 end:35:14:
                          vpiParent: Assignment
                          vpiName: data
                          vpiFullName: work@rom_using_case.data
                          vpiActual: Net name:data
                        vpiRhs Constant start:35:17 end:35:22:
                          vpiParent: Assignment
                          vpiTypespec RefTypespec:
                            vpiParent: Constant
                            vpiFullName: work@rom_using_case
                            vpiActual: IntTypespec
                          vpiConstType: hexadecimal (5)
                          vpiSize: 8
                          vpiDecompile: "8'h60"
                          vpiValue: 60
                    CaseItem start:36:5 end:36:23:
                      vpiParent: CaseStmt
                      vpiExpr (1 items):
                        Constant start:36:5 end:36:7:
                          vpiParent: CaseItem
                          vpiTypespec RefTypespec:
                            vpiParent: Constant
                            vpiFullName: work@rom_using_case
                            vpiActual: IntTypespec
                          vpiConstType: unsigned int (9)
                          vpiSize: 64
                          vpiDecompile: "13"
                          vpiValue: 13
                      vpiStmt Assignment start:36:10 end:36:22:
                        vpiParent: CaseItem
                        vpiBlocking: true
                        vpiLhs RefObj name:data start:36:10 end:36:14:
                          vpiParent: Assignment
                          vpiName: data
                          vpiFullName: work@rom_using_case.data
                          vpiActual: Net name:data
                        vpiRhs Constant start:36:17 end:36:22:
                          vpiParent: Assignment
                          vpiTypespec RefTypespec:
                            vpiParent: Constant
                            vpiFullName: work@rom_using_case
                            vpiActual: IntTypespec
                          vpiConstType: hexadecimal (5)
                          vpiSize: 8
                          vpiDecompile: "8'h90"
                          vpiValue: 90
                    CaseItem start:37:5 end:37:23:
                      vpiParent: CaseStmt
                      vpiExpr (1 items):
                        Constant start:37:5 end:37:7:
                          vpiParent: CaseItem
                          vpiTypespec RefTypespec:
                            vpiParent: Constant
                            vpiFullName: work@rom_using_case
                            vpiActual: IntTypespec
                          vpiConstType: unsigned int (9)
                          vpiSize: 64
                          vpiDecompile: "14"
                          vpiValue: 14
                      vpiStmt Assignment start:37:10 end:37:22:
                        vpiParent: CaseItem
                        vpiBlocking: true
                        vpiLhs RefObj name:data start:37:10 end:37:14:
                          vpiParent: Assignment
                          vpiName: data
                          vpiFullName: work@rom_using_case.data
                          vpiActual: Net name:data
                        vpiRhs Constant start:37:17 end:37:22:
                          vpiParent: Assignment
                          vpiTypespec RefTypespec:
                            vpiParent: Constant
                            vpiFullName: work@rom_using_case
                            vpiActual: IntTypespec
                          vpiConstType: hexadecimal (5)
                          vpiSize: 8
                          vpiDecompile: "8'h70"
                          vpiValue: 70
                    CaseItem start:38:5 end:38:23:
                      vpiParent: CaseStmt
                      vpiExpr (1 items):
                        Constant start:38:5 end:38:7:
                          vpiParent: CaseItem
                          vpiTypespec RefTypespec:
                            vpiParent: Constant
                            vpiFullName: work@rom_using_case
                            vpiActual: IntTypespec
                          vpiConstType: unsigned int (9)
                          vpiSize: 64
                          vpiDecompile: "15"
                          vpiValue: 15
                      vpiStmt Assignment start:38:10 end:38:22:
                        vpiParent: CaseItem
                        vpiBlocking: true
                        vpiLhs RefObj name:data start:38:10 end:38:14:
                          vpiParent: Assignment
                          vpiName: data
                          vpiFullName: work@rom_using_case.data
                          vpiActual: Net name:data
                        vpiRhs Constant start:38:17 end:38:22:
                          vpiParent: Assignment
                          vpiTypespec RefTypespec:
                            vpiParent: Constant
                            vpiFullName: work@rom_using_case
                            vpiActual: IntTypespec
                          vpiConstType: hexadecimal (5)
                          vpiSize: 8
                          vpiDecompile: "8'h90"
                          vpiValue: 90
          vpiAlwaysType: always (1)
  vpiTypespec (3 items):
    ModuleTypespec name:work@rom_using_case:
      vpiParent: Design name:unnamed
      vpiName Identifier name:work@rom_using_case start:7:8 end:7:22:
        vpiParent: ModuleTypespec name:work@rom_using_case
        vpiName: work@rom_using_case
      vpiModule: Module name:work@rom_using_case
    IntTypespec:
      vpiParent: Design name:unnamed
      vpiSigned: true
    IntTypespec:
      vpiParent: Design name:unnamed
===================

[  FATAL] : 0
[ SYNTAX] : 0
[  ERROR] : 0
[WARNING] : 0
[   NOTE] : 0

#**#**#**#**#**#**#**#**#**#**#**#**#**#**#**#**#**#**#**#**#**#**#**#**#**#**#**#**#**#**#**#**#**#**#**#**#**#**#**#**

Environment:
    test-name: Yosys/asicworld/code_hdl_models_rom_using_case.v
 test-dirpath: ${SURELOG_DIR}/regression/Yosys/asicworld/code_hdl_models_rom_using_case.v
uhdm-filepath: ${SURELOG_DIR}/regression/Yosys/asicworld/code_hdl_models_rom_using_case.v/surelog.uhdm


{'result': {'coverage': 99.14,
            'error_count': 0,
            'file_count': 1,
            'files': {PosixPath('${SURELOG_DIR}/regression/Yosys/asicworld/code_hdl_models_rom_using_case.v/lib/work/asicworld/code_hdl_models_rom_using_case.v'): {'post_len': 4,
                                                                                                                                                                                         'pre_len': 464}},
            'post_len': 4,
            'pre_len': 464,
            'test_name': 'Yosys/asicworld/code_hdl_models_rom_using_case.v'}}

+-----------------------------------------------------+----------+-----------+
| INPUT                                               |   PRELEN |   POSTLEN |
+=====================================================+==========+===========+
| lib/work/asicworld/code_hdl_models_rom_using_case.v |      464 |         4 |
+=====================================================+==========+===========+
|                                                     |      464 |         4 |
+-----------------------------------------------------+----------+-----------+

[   ERROR] : 0
[COVERAGE] : 99.14


#**#**#**#**#**#**#**#**#**#**#**#**#**#**#**#**#**#**#**#**#**#**#**#**#**#**#**#**#**#**#**#**#**#**#**#**#**#**#**#**

COMMAND: ${SURELOG_DIR}/regression/Yosys/asicworld/code_hdl_models_rom_using_case.v/surelog.uhdm ${SURELOG_DIR}/regression/Yosys/asicworld/code_hdl_models_rom_using_case.v/reduced.uhdm

==================== BEGIN REDUCTION RESULT ====================
Name                            Before   After   Added   Removed
----------------------------------------------------------------
----------------------------------------------------------------
Others                             169     169       0         0
----------------------------------------------------------------
                                   169     169       0         0
===================== END REDUCTION RESULT =====================
