********************************************************************************
*                   Begin HLC SystemVerilog Compiler/Linter                    *
********************************************************************************
Copyright (c) 2020 Apotell,
http://www.apache.org/licenses/LICENSE-2.0
VERSION: 1.84
COMMAND: -wd ../../../../tests/Icarus/vpi +incdir+. -nobuiltin -timescale=1ns/1ns -d ast -d db pokevent.v -mt 0 -d dbstats -d cache -writepp -d db -nostdout -o ${HLC_DIR}/regression/Icarus/vpi/pokevent
[INF:CM5022] Creating log file "$Output/hlc.log".
[INF:PP5223] Preprocessing source file "$Source01/pokevent.v".
[INF:PA5502] Parsing source file "$Source01/pokevent.v".
AST_DEBUG_BEGIN
Count: 160
LIB: work
FILE<0>:$Source01/pokevent.v
n<$Source01/pokevent.v> u<159> t<Top_level_rule> c<1> l<1:1> el<21:1>
  n<> u<1> t<Null_rule> p<159> s<158> l<1:1>
  n<> u<158> t<Source_text> p<159> c<157> l<1:1> el<20:10>
    n<> u<157> t<Description> p<158> c<156> l<1:1> el<20:10>
      n<> u<156> t<Module_declaration> p<157> c<5> l<1:1> el<20:10>
        n<> u<5> t<Module_ansi_header> p<156> c<2> s<14> l<1:1> el<1:13>
          n<module> u<2> t<MODULE> p<5> s<3> l<1:1> el<1:7>
          n<test> u<3> t<SIMPLE_IDENTIFIER> p<5> s<4> l<1:8> el<1:12>
          n<> u<4> t<Package_import_declaration_list> p<5> l<1:12> el<1:12>
        n<> u<14> t<Non_port_module_item> p<156> c<13> s<26> l<3:5> el<3:18>
          n<> u<13> t<Module_or_generate_item> p<14> c<12> l<3:5> el<3:18>
            n<> u<12> t<Module_common_item> p<13> c<11> l<3:5> el<3:18>
              n<> u<11> t<Module_or_generate_item_declaration> p<12> c<10> l<3:5> el<3:18>
                n<> u<10> t<Package_or_generate_item_declaration> p<11> c<9> l<3:5> el<3:18>
                  n<> u<9> t<Data_declaration> p<10> c<8> l<3:5> el<3:18>
                    n<> u<8> t<Event_declaration> p<9> c<7> l<3:5> el<3:18>
                      n<> u<7> t<Identifier_list> p<8> c<6> l<3:11> el<3:17>
                        n<e_Peek> u<6> t<SIMPLE_IDENTIFIER> p<7> l<3:11> el<3:17>
        n<> u<26> t<Non_port_module_item> p<156> c<25> s<78> l<4:5> el<4:18>
          n<> u<25> t<Module_or_generate_item> p<26> c<24> l<4:5> el<4:18>
            n<> u<24> t<Module_common_item> p<25> c<23> l<4:5> el<4:18>
              n<> u<23> t<Module_or_generate_item_declaration> p<24> c<22> l<4:5> el<4:18>
                n<> u<22> t<Package_or_generate_item_declaration> p<23> c<21> l<4:5> el<4:18>
                  n<> u<21> t<Data_declaration> p<22> c<20> l<4:5> el<4:18>
                    n<> u<20> t<Variable_declaration> p<21> c<16> l<4:5> el<4:18>
                      n<> u<16> t<Data_type> p<20> c<15> s<19> l<4:5> el<4:8>
                        n<> u<15> t<REG> p<16> l<4:5> el<4:8>
                      n<> u<19> t<Variable_decl_assignment_list> p<20> c<18> l<4:11> el<4:17>
                        n<> u<18> t<Variable_decl_assignment> p<19> c<17> l<4:11> el<4:17>
                          n<r_Poke> u<17> t<SIMPLE_IDENTIFIER> p<18> l<4:11> el<4:17>
        n<> u<78> t<Non_port_module_item> p<156> c<77> s<154> l<6:5> el<11:8>
          n<> u<77> t<Module_or_generate_item> p<78> c<76> l<6:5> el<11:8>
            n<> u<76> t<Module_common_item> p<77> c<75> l<6:5> el<11:8>
              n<> u<75> t<Initial_construct> p<76> c<74> l<6:5> el<11:8>
                n<> u<74> t<Statement_or_null> p<75> c<73> l<6:13> el<11:8>
                  n<> u<73> t<Statement> p<74> c<72> l<6:13> el<11:8>
                    n<> u<72> t<Statement_item> p<73> c<27> l<6:13> el<11:8>
                      n<// $dumpvars;> u<27> t<LINE_COMMENT> p<72> s<71> l<7:2> el<7:15>
                      n<> u<71> t<Seq_block> p<72> c<37> l<6:13> el<11:8>
                        n<> u<37> t<Statement_or_null> p<71> c<36> s<51> l<8:2> el<8:5>
                          n<> u<36> t<Statement> p<37> c<35> l<8:2> el<8:5>
                            n<> u<35> t<Statement_item> p<36> c<34> l<8:2> el<8:5>
                              n<> u<34> t<Procedural_timing_control_statement> p<35> c<32> l<8:2> el<8:5>
                                n<> u<32> t<Procedural_timing_control> p<34> c<31> s<33> l<8:2> el<8:4>
                                  n<> u<31> t<Delay_control> p<32> c<30> l<8:2> el<8:4>
                                    n<> u<30> t<Pound_delay_value> p<31> c<29> l<8:2> el<8:4>
                                      n<#0> u<29> t<Pound_time_literal> p<30> c<28> l<8:2> el<8:4>
                                        n<#0> u<28> t<POUND_DELAY> p<29> l<8:2> el<8:4>
                                n<> u<33> t<Statement_or_null> p<34> l<8:4> el<8:5>
                        n<> u<51> t<Statement_or_null> p<71> c<50> s<69> l<9:2> el<9:13>
                          n<> u<50> t<Statement> p<51> c<49> l<9:2> el<9:13>
                            n<> u<49> t<Statement_item> p<50> c<48> l<9:2> el<9:13>
                              n<> u<48> t<Blocking_assignment> p<49> c<47> l<9:2> el<9:12>
                                n<> u<47> t<Variable_assignment> p<48> c<42> l<9:2> el<9:12>
                                  n<> u<42> t<Variable_lvalue> p<47> c<39> s<46> l<9:2> el<9:8>
                                    n<> u<39> t<Ps_or_hierarchical_identifier> p<42> c<38> s<41> l<9:2> el<9:8>
                                      n<r_Poke> u<38> t<SIMPLE_IDENTIFIER> p<39> l<9:2> el<9:8>
                                    n<> u<41> t<Select> p<42> c<40> l<9:9> el<9:9>
                                      n<> u<40> t<Bit_select> p<41> l<9:9> el<9:9>
                                  n<> u<46> t<Expression> p<47> c<45> l<9:11> el<9:12>
                                    n<> u<45> t<Primary> p<46> c<44> l<9:11> el<9:12>
                                      n<> u<44> t<Primary_literal> p<45> c<43> l<9:11> el<9:12>
                                        n<0> u<43> t<INTEGRAL_NUMBER> p<44> l<9:11> el<9:12>
                        n<> u<69> t<Statement_or_null> p<71> c<68> s<70> l<10:2> el<10:14>
                          n<> u<68> t<Statement> p<69> c<67> l<10:2> el<10:14>
                            n<> u<67> t<Statement_item> p<68> c<66> l<10:2> el<10:14>
                              n<> u<66> t<Procedural_timing_control_statement> p<67> c<56> l<10:2> el<10:14>
                                n<> u<56> t<Procedural_timing_control> p<66> c<55> s<65> l<10:2> el<10:5>
                                  n<> u<55> t<Delay_control> p<56> c<54> l<10:2> el<10:5>
                                    n<> u<54> t<Pound_delay_value> p<55> c<53> l<10:2> el<10:5>
                                      n<#50> u<53> t<Pound_time_literal> p<54> c<52> l<10:2> el<10:5>
                                        n<#50> u<52> t<POUND_DELAY> p<53> l<10:2> el<10:5>
                                n<> u<65> t<Statement_or_null> p<66> c<64> l<10:6> el<10:14>
                                  n<> u<64> t<Statement> p<65> c<63> l<10:6> el<10:14>
                                    n<> u<63> t<Statement_item> p<64> c<62> l<10:6> el<10:14>
                                      n<> u<62> t<Subroutine_call_statement> p<63> c<61> l<10:6> el<10:14>
                                        n<> u<61> t<Subroutine_call> p<62> c<57> l<10:6> el<10:13>
                                          n<$> u<57> t<DOLLAR> p<61> s<58> l<10:6> el<10:7>
                                          n<finish> u<58> t<SIMPLE_IDENTIFIER> p<61> s<60> l<10:7> el<10:13>
                                          n<> u<60> t<Select> p<61> c<59> l<10:13> el<10:13>
                                            n<> u<59> t<Bit_select> p<60> l<10:13> el<10:13>
                        n<> u<70> t<END> p<71> l<11:5> el<11:8>
        n<> u<154> t<Non_port_module_item> p<156> c<153> s<155> l<13:5> el<18:8>
          n<> u<153> t<Module_or_generate_item> p<154> c<152> l<13:5> el<18:8>
            n<> u<152> t<Module_common_item> p<153> c<151> l<13:5> el<18:8>
              n<> u<151> t<Always_construct> p<152> c<79> l<13:5> el<18:8>
                n<> u<79> t<ALWAYS> p<151> s<150> l<13:5> el<13:11>
                n<> u<150> t<Statement> p<151> c<149> l<13:12> el<18:8>
                  n<> u<149> t<Statement_item> p<150> c<148> l<13:12> el<18:8>
                    n<> u<148> t<Procedural_timing_control_statement> p<149> c<86> l<13:12> el<18:8>
                      n<> u<86> t<Procedural_timing_control> p<148> c<85> s<147> l<13:12> el<13:21>
                        n<> u<85> t<Event_control> p<86> c<84> l<13:12> el<13:21>
                          n<> u<84> t<Event_expression> p<85> c<83> l<13:14> el<13:20>
                            n<> u<83> t<Expression> p<84> c<82> l<13:14> el<13:20>
                              n<> u<82> t<Primary> p<83> c<81> l<13:14> el<13:20>
                                n<> u<81> t<Primary_literal> p<82> c<80> l<13:14> el<13:20>
                                  n<r_Poke> u<80> t<SIMPLE_IDENTIFIER> p<81> l<13:14> el<13:20>
                      n<> u<147> t<Statement_or_null> p<148> c<146> l<13:22> el<18:8>
                        n<> u<146> t<Statement> p<147> c<145> l<13:22> el<18:8>
                          n<> u<145> t<Statement_item> p<146> c<144> l<13:22> el<18:8>
                            n<> u<144> t<Seq_block> p<145> c<106> l<13:22> el<18:8>
                              n<> u<106> t<Statement_or_null> p<144> c<105> s<116> l<14:2> el<14:43>
                                n<> u<105> t<Statement> p<106> c<104> l<14:2> el<14:43>
                                  n<> u<104> t<Statement_item> p<105> c<103> l<14:2> el<14:43>
                                    n<> u<103> t<Subroutine_call_statement> p<104> c<102> l<14:2> el<14:43>
                                      n<> u<102> t<Subroutine_call> p<103> c<87> l<14:2> el<14:42>
                                        n<$> u<87> t<DOLLAR> p<102> s<88> l<14:2> el<14:3>
                                        n<display> u<88> t<SIMPLE_IDENTIFIER> p<102> s<100> l<14:3> el<14:10>
                                        n<> u<100> t<OPEN_PARENS> p<102> s<99> l<14:10> el<14:11>
                                        n<> u<99> t<Argument_list> p<102> c<92> s<101> l<14:11> el<14:41>
                                          n<> u<92> t<Expression> p<99> c<91> s<98> l<14:11> el<14:34>
                                            n<> u<91> t<Primary> p<92> c<90> l<14:11> el<14:34>
                                              n<> u<90> t<Primary_literal> p<91> c<89> l<14:11> el<14:34>
                                                n<"r_Poke recieved @ %0t"> u<89> t<QUOTED_STRING> p<90> l<14:11> el<14:34>
                                          n<> u<98> t<Argument> p<99> c<97> l<14:36> el<14:41>
                                            n<> u<97> t<Expression> p<98> c<96> l<14:36> el<14:41>
                                              n<> u<96> t<Primary> p<97> c<95> l<14:36> el<14:41>
                                                n<> u<95> t<System_task> p<96> c<94> l<14:36> el<14:41>
                                                  n<> u<94> t<System_task_names> p<95> c<93> l<14:36> el<14:41>
                                                    n<$time> u<93> t<SIMPLE_IDENTIFIER> p<94> l<14:37> el<14:41>
                                        n<> u<101> t<CLOSE_PARENS> p<102> l<14:41> el<14:42>
                              n<> u<116> t<Statement_or_null> p<144> c<115> s<136> l<15:2> el<15:6>
                                n<> u<115> t<Statement> p<116> c<114> l<15:2> el<15:6>
                                  n<> u<114> t<Statement_item> p<115> c<113> l<15:2> el<15:6>
                                    n<> u<113> t<Procedural_timing_control_statement> p<114> c<111> l<15:2> el<15:6>
                                      n<> u<111> t<Procedural_timing_control> p<113> c<110> s<112> l<15:2> el<15:5>
                                        n<> u<110> t<Delay_control> p<111> c<109> l<15:2> el<15:5>
                                          n<> u<109> t<Pound_delay_value> p<110> c<108> l<15:2> el<15:5>
                                            n<#10> u<108> t<Pound_time_literal> p<109> c<107> l<15:2> el<15:5>
                                              n<#10> u<107> t<POUND_DELAY> p<108> l<15:2> el<15:5>
                                      n<> u<112> t<Statement_or_null> p<113> l<15:5> el<15:6>
                              n<> u<136> t<Statement_or_null> p<144> c<135> s<142> l<16:2> el<16:43>
                                n<> u<135> t<Statement> p<136> c<134> l<16:2> el<16:43>
                                  n<> u<134> t<Statement_item> p<135> c<133> l<16:2> el<16:43>
                                    n<> u<133> t<Subroutine_call_statement> p<134> c<132> l<16:2> el<16:43>
                                      n<> u<132> t<Subroutine_call> p<133> c<117> l<16:2> el<16:42>
                                        n<$> u<117> t<DOLLAR> p<132> s<118> l<16:2> el<16:3>
                                        n<display> u<118> t<SIMPLE_IDENTIFIER> p<132> s<130> l<16:3> el<16:10>
                                        n<> u<130> t<OPEN_PARENS> p<132> s<129> l<16:10> el<16:11>
                                        n<> u<129> t<Argument_list> p<132> c<122> s<131> l<16:11> el<16:41>
                                          n<> u<122> t<Expression> p<129> c<121> s<128> l<16:11> el<16:34>
                                            n<> u<121> t<Primary> p<122> c<120> l<16:11> el<16:34>
                                              n<> u<120> t<Primary_literal> p<121> c<119> l<16:11> el<16:34>
                                                n<"e_Peek asserted @ %0t"> u<119> t<QUOTED_STRING> p<120> l<16:11> el<16:34>
                                          n<> u<128> t<Argument> p<129> c<127> l<16:36> el<16:41>
                                            n<> u<127> t<Expression> p<128> c<126> l<16:36> el<16:41>
                                              n<> u<126> t<Primary> p<127> c<125> l<16:36> el<16:41>
                                                n<> u<125> t<System_task> p<126> c<124> l<16:36> el<16:41>
                                                  n<> u<124> t<System_task_names> p<125> c<123> l<16:36> el<16:41>
                                                    n<$time> u<123> t<SIMPLE_IDENTIFIER> p<124> l<16:37> el<16:41>
                                        n<> u<131> t<CLOSE_PARENS> p<132> l<16:41> el<16:42>
                              n<> u<142> t<Statement_or_null> p<144> c<141> s<143> l<17:2> el<17:11>
                                n<> u<141> t<Statement> p<142> c<140> l<17:2> el<17:11>
                                  n<> u<140> t<Statement_item> p<141> c<139> l<17:2> el<17:11>
                                    n<> u<139> t<Event_trigger> p<140> c<138> l<17:2> el<17:11>
                                      n<> u<138> t<IMPLY> p<139> s<137> l<17:2> el<17:4>
                                      n<e_Peek> u<137> t<SIMPLE_IDENTIFIER> p<139> l<17:4> el<17:10>
                              n<> u<143> t<END> p<144> l<18:5> el<18:8>
        n<> u<155> t<ENDMODULE> p<156> l<20:1> el<20:10>
AST_DEBUG_END
[INF:CP5804] $Source01/pokevent.v:1:1: Compile module "test".
[INF:CM5028] Using global timescale: "1ns/1ns".
====== HLDB =======
Design name:unnamed:
  vpiName: unnamed
  vpiSourceFile (1 items):
    SourceFile name:pokevent.v file:$Source01/pokevent.v:
      vpiParent: Design name:unnamed
      vpiName: pokevent.v
      vpiPreprocFile: "$Output/lib/work/pokevent.v"
  vpiAllModules (1 items):
    Module name:test file:$Source01/pokevent.v start:1:1 end:20:10:
      vpiParent: Design name:unnamed
      vpiName Identifier name:test start:1:8 end:1:12:
      vpiFullName: test
      vpiNamedEvent (1 items):
        NamedEvent name:e_Peek start:3:11 end:3:17:
          vpiParent: Module name:test
          vpiName: e_Peek
          vpiFullName: test.e_Peek
          vpiTypespec RefTypespec name:e_Peek start:3:11 end:3:17:
            vpiParent: NamedEvent name:e_Peek
            vpiName: e_Peek
            vpiFullName: test.e_Peek.e_Peek
            vpiActual: EventTypespec name:e_Peek
      vpiVariable (1 items):
        Variable name:r_Poke start:4:11 end:4:17:
          vpiParent: Module name:test
          vpiTypespec RefTypespec start:4:5 end:4:8:
            vpiParent: Variable name:r_Poke
            vpiFullName: test.r_Poke
            vpiActual: LogicTypespec
          vpiName: r_Poke
          vpiFullName: test.r_Poke
      vpiTypespec (2 items):
        EventTypespec name:e_Peek start:3:11 end:3:17:
          vpiParent: Module name:test
          vpiName: e_Peek
          vpiNamedEvent: NamedEvent name:e_Peek
        LogicTypespec:
          vpiParent: Module name:test
      vpiDefName: test
      vpiDefNetType: wire (1)
      vpiLibrary RefObj name:work start:1:8 end:1:12:
        vpiParent: Module name:test
        vpiName: work
        vpiFullName: test.work
        vpiActual: Library name:work
      vpiCell: test
      vpiProcess (2 items):
        Initial start:6:5 end:11:8:
          vpiParent: Module name:test
          vpiStmt Begin start:6:13 end:11:8:
            vpiParent: Initial
            vpiFullName: test
            vpiStmt (3 items):
              DelayControl start:8:2 end:8:4:
                vpiParent: Begin
                vpiDelay: 0
                vpiDelay Constant start:8:3 end:8:4:
                  vpiParent: DelayControl
                  vpiTypespec RefTypespec:
                    vpiParent: Constant
                    vpiFullName: test
                    vpiActual: IntTypespec
                  vpiConstType: int (7)
                  vpiSize: 32
                  vpiDecompile: "0"
                  vpiValue: 0
              Assignment start:9:2 end:9:12:
                vpiParent: Begin
                vpiBlocking: true
                vpiLhs RefObj name:r_Poke start:9:2 end:9:8:
                  vpiParent: Assignment
                  vpiName: r_Poke
                  vpiFullName: test.r_Poke
                  vpiActual: Variable name:r_Poke
                vpiRhs Constant start:9:11 end:9:12:
                  vpiParent: Assignment
                  vpiTypespec RefTypespec:
                    vpiParent: Constant
                    vpiFullName: test
                    vpiActual: IntTypespec
                  vpiConstType: unsigned int (9)
                  vpiSize: 64
                  vpiDecompile: "0"
                  vpiValue: 0
              DelayControl start:10:2 end:10:14:
                vpiParent: Begin
                vpiDelay: 50
                vpiStmt SysTaskCall name:$finish start:10:6 end:10:13:
                  vpiParent: DelayControl
                  vpiName Identifier name:$finish start:10:6 end:10:13:
                  vpiIsProperty: true
                vpiDelay Constant start:10:3 end:10:5:
                  vpiParent: DelayControl
                  vpiTypespec RefTypespec:
                    vpiParent: Constant
                    vpiFullName: test
                    vpiActual: IntTypespec
                  vpiConstType: int (7)
                  vpiSize: 32
                  vpiDecompile: "50"
                  vpiValue: 50
        Always start:13:5 end:18:8:
          vpiParent: Module name:test
          vpiStmt EventControl start:13:12 end:18:8:
            vpiParent: Always
            vpiCondition RefObj name:r_Poke start:13:14 end:13:20:
              vpiParent: EventControl
              vpiName: r_Poke
              vpiFullName: test.r_Poke
              vpiActual: Variable name:r_Poke
            vpiStmt Begin start:13:22 end:18:8:
              vpiParent: EventControl
              vpiFullName: test
              vpiStmt (4 items):
                SysTaskCall name:$display start:14:2 end:14:42:
                  vpiParent: Begin
                  vpiName Identifier name:$display start:14:2 end:14:10:
                  vpiArgument (2 items):
                    Constant start:14:11 end:14:34:
                      vpiParent: SysTaskCall name:$display
                      vpiTypespec RefTypespec:
                        vpiParent: Constant
                        vpiFullName: test
                        vpiActual: StringTypespec
                      vpiConstType: string (6)
                      vpiSize: 168
                      vpiDecompile: "\"r_Poke recieved @ %0t\""
                      vpiValue: r_Poke recieved @ %0t
                    SysFuncCall name:$time start:14:36 end:14:41:
                      vpiParent: SysTaskCall name:$display
                      vpiName Identifier name:$time start:14:36 end:14:41:
                DelayControl start:15:2 end:15:5:
                  vpiParent: Begin
                  vpiDelay: 10
                  vpiDelay Constant start:15:3 end:15:5:
                    vpiParent: DelayControl
                    vpiTypespec RefTypespec:
                      vpiParent: Constant
                      vpiFullName: test
                      vpiActual: IntTypespec
                    vpiConstType: int (7)
                    vpiSize: 32
                    vpiDecompile: "10"
                    vpiValue: 10
                SysTaskCall name:$display start:16:2 end:16:42:
                  vpiParent: Begin
                  vpiName Identifier name:$display start:16:2 end:16:10:
                  vpiArgument (2 items):
                    Constant start:16:11 end:16:34:
                      vpiParent: SysTaskCall name:$display
                      vpiTypespec RefTypespec:
                        vpiParent: Constant
                        vpiFullName: test
                        vpiActual: StringTypespec
                      vpiConstType: string (6)
                      vpiSize: 168
                      vpiDecompile: "\"e_Peek asserted @ %0t\""
                      vpiValue: e_Peek asserted @ %0t
                    SysFuncCall name:$time start:16:36 end:16:41:
                      vpiParent: SysTaskCall name:$display
                      vpiName Identifier name:$time start:16:36 end:16:41:
                EventStmt start:17:2 end:17:11:
                  vpiParent: Begin
                  vpiBlocking: true
                  vpiNamedEvent RefObj name:e_Peek start:17:4 end:17:10:
                    vpiParent: EventStmt
                    vpiName: e_Peek
                    vpiFullName: test.e_Peek
                    vpiActual: NamedEvent name:e_Peek
          vpiAlwaysType: always (1)
  vpiTypespec (3 items):
    ModuleTypespec name:test:
      vpiParent: Design name:unnamed
      vpiName Identifier name:test start:1:8 end:1:12:
      vpiDefName: test
      vpiModule: Module name:test
    IntTypespec:
      vpiParent: Design name:unnamed
      vpiSigned: true
    StringTypespec:
      vpiParent: Design name:unnamed
  vpiLibrary (1 items):
    Library name:work:
      vpiParent: Design name:unnamed
      vpiName: work
===================
[  FATAL] : 0
[ SYNTAX] : 0
[  ERROR] : 0
[WARNING] : 0
[   NOTE] : 0
********************************************************************************
*                    End HLC SystemVerilog Compiler/Linter                     *
********************************************************************************

#**#**#**#**#**#**#**#**#**#**#**#**#**#**#**#**#**#**#**#**#**#**#**#**#**#**#**#**#**#**#**#**#**#**#**#**#**#**#**#**

Environment:
      test-name: Icarus/vpi/pokevent
   test-dirpath: ${HLC_DIR}/regression/Icarus/vpi/pokevent
  hldb-filepath: ${HLC_DIR}/regression/Icarus/vpi/pokevent/design.hldb
mounts-filepath: ${HLC_DIR}/regression/Icarus/vpi/pokevent/mounts.json


{'result': {'coverage': 100.0,
            'error_count': 0,
            'file_count': 1,
            'files': {'$Output/lib/work/pokevent.v': {'post_len': 0,
                                                      'pre_len': 209}},
            'post_len': 0,
            'pre_len': 209,
            'test_name': 'Icarus/vpi/pokevent'}}

+-----------------------------+----------+-----------+
| INPUT                       |   PRELEN |   POSTLEN |
+=============================+==========+===========+
| $Output/lib/work/pokevent.v |      209 |         0 |
+=============================+==========+===========+
|                             |      209 |         0 |
+-----------------------------+----------+-----------+

[   ERROR] : 0
[COVERAGE] : 100.0


#**#**#**#**#**#**#**#**#**#**#**#**#**#**#**#**#**#**#**#**#**#**#**#**#**#**#**#**#**#**#**#**#**#**#**#**#**#**#**#**

COMMAND: ${HLC_DIR}/regression/Icarus/vpi/pokevent/design.hldb ${HLC_DIR}/regression/Icarus/vpi/pokevent/reduced.hldb

==================== BEGIN REDUCTION RESULT ====================
Name                            Before   After   Added   Removed
----------------------------------------------------------------
----------------------------------------------------------------
Others                              51      51       0         0
----------------------------------------------------------------
                                    51      51       0         0
===================== END REDUCTION RESULT =====================
