********************************************************************************
*                   Begin HLC SystemVerilog Compiler/Linter                    *
********************************************************************************
Copyright (c) 2020 Apotell,
http://www.apache.org/licenses/LICENSE-2.0
VERSION: 1.84
COMMAND: -wd ../../../tests/Verilator +incdir+. -nobuiltin -timescale=1ns/1ns -d ast -d db t_flag_bboxsys.v -mt 0 -d dbstats -d cache -writepp -d db -nostdout -o ${HLC_DIR}/regression/Verilator/t_flag_bboxsys
[INF:CM5022] Creating log file "$Output/hlc.log".
[INF:PP5223] Preprocessing source file "$Source01/t_flag_bboxsys.v".
[INF:PA5502] Parsing source file "$Source01/t_flag_bboxsys.v".
AST_DEBUG_BEGIN
Count: 121
LIB: work
FILE<0>:$Source01/t_flag_bboxsys.v
n<$Source01/t_flag_bboxsys.v> u<120> t<Top_level_rule> c<1> l<6:1> el<17:1>
  n<> u<1> t<Null_rule> p<120> s<2> l<6:1> el<6:1>
  n<// DESCRIPTION: Verilator: Verilog Test module> u<2> t<LINE_COMMENT> p<120> s<3> l<1:1> el<1:47>
  n<//> u<3> t<LINE_COMMENT> p<120> s<4> l<2:1> el<2:3>
  n<// This file ONLY is placed into the Public Domain, for any use,> u<4> t<LINE_COMMENT> p<120> s<5> l<3:1> el<3:65>
  n<// without warranty, 2008 by Wilson Snyder.> u<5> t<LINE_COMMENT> p<120> s<119> l<4:1> el<4:44>
  n<> u<119> t<Source_text> p<120> c<118> l<6:1> el<16:10>
    n<> u<118> t<Description> p<119> c<117> l<6:1> el<16:10>
      n<> u<117> t<Module_declaration> p<118> c<9> l<6:1> el<16:10>
        n<> u<9> t<Module_ansi_header> p<117> c<6> s<21> l<6:1> el<6:10>
          n<module> u<6> t<MODULE> p<9> s<7> l<6:1> el<6:7>
          n<t> u<7> t<SIMPLE_IDENTIFIER> p<9> s<8> l<6:8> el<6:9>
          n<> u<8> t<Package_import_declaration_list> p<9> l<6:9> el<6:9>
        n<> u<21> t<Non_port_module_item> p<117> c<20> s<115> l<7:4> el<7:10>
          n<> u<20> t<Module_or_generate_item> p<21> c<19> l<7:4> el<7:10>
            n<> u<19> t<Module_common_item> p<20> c<18> l<7:4> el<7:10>
              n<> u<18> t<Module_or_generate_item_declaration> p<19> c<17> l<7:4> el<7:10>
                n<> u<17> t<Package_or_generate_item_declaration> p<18> c<16> l<7:4> el<7:10>
                  n<> u<16> t<Data_declaration> p<17> c<15> l<7:4> el<7:10>
                    n<> u<15> t<Variable_declaration> p<16> c<11> l<7:4> el<7:10>
                      n<> u<11> t<Data_type> p<15> c<10> s<14> l<7:4> el<7:7>
                        n<> u<10> t<REG> p<11> l<7:4> el<7:7>
                      n<> u<14> t<Variable_decl_assignment_list> p<15> c<13> l<7:8> el<7:9>
                        n<> u<13> t<Variable_decl_assignment> p<14> c<12> l<7:8> el<7:9>
                          n<a> u<12> t<SIMPLE_IDENTIFIER> p<13> l<7:8> el<7:9>
        n<> u<115> t<Non_port_module_item> p<117> c<114> s<116> l<8:4> el<15:7>
          n<> u<114> t<Module_or_generate_item> p<115> c<113> l<8:4> el<15:7>
            n<> u<113> t<Module_common_item> p<114> c<112> l<8:4> el<15:7>
              n<> u<112> t<Initial_construct> p<113> c<111> l<8:4> el<15:7>
                n<> u<111> t<Statement_or_null> p<112> c<110> l<8:12> el<15:7>
                  n<> u<110> t<Statement> p<111> c<109> l<8:12> el<15:7>
                    n<> u<109> t<Statement_item> p<110> c<108> l<8:12> el<15:7>
                      n<> u<108> t<Seq_block> p<109> c<35> l<8:12> el<15:7>
                        n<> u<35> t<Statement_or_null> p<108> c<34> s<44> l<9:7> el<9:49>
                          n<> u<34> t<Statement> p<35> c<33> l<9:7> el<9:49>
                            n<> u<33> t<Statement_item> p<34> c<32> l<9:7> el<9:49>
                              n<> u<32> t<Subroutine_call_statement> p<33> c<31> l<9:7> el<9:49>
                                n<> u<31> t<Subroutine_call> p<32> c<22> l<9:7> el<9:48>
                                  n<$> u<22> t<DOLLAR> p<31> s<23> l<9:7> el<9:8>
                                  n<unknown_sys_task_call_to_be_bbox> u<23> t<SIMPLE_IDENTIFIER> p<31> s<29> l<9:8> el<9:40>
                                  n<> u<29> t<OPEN_PARENS> p<31> s<28> l<9:40> el<9:41>
                                  n<> u<28> t<Argument_list> p<31> c<27> s<30> l<9:41> el<9:47>
                                    n<> u<27> t<Expression> p<28> c<26> l<9:41> el<9:47>
                                      n<> u<26> t<Primary> p<27> c<25> l<9:41> el<9:47>
                                        n<> u<25> t<Primary_literal> p<26> c<24> l<9:41> el<9:47>
                                          n<"blah"> u<24> t<QUOTED_STRING> p<25> l<9:41> el<9:47>
                                  n<> u<30> t<CLOSE_PARENS> p<31> l<9:47> el<9:48>
                        n<> u<44> t<Statement_or_null> p<108> c<43> s<66> l<10:7> el<10:35>
                          n<> u<43> t<Statement> p<44> c<42> l<10:7> el<10:35>
                            n<> u<42> t<Statement_item> p<43> c<41> l<10:7> el<10:35>
                              n<> u<41> t<Subroutine_call_statement> p<42> c<40> l<10:7> el<10:35>
                                n<> u<40> t<Subroutine_call> p<41> c<36> l<10:7> el<10:34>
                                  n<$> u<36> t<DOLLAR> p<40> s<37> l<10:7> el<10:8>
                                  n<unkown_sys_task_call_noarg> u<37> t<SIMPLE_IDENTIFIER> p<40> s<39> l<10:8> el<10:34>
                                  n<> u<39> t<Select> p<40> c<38> l<10:34> el<10:34>
                                    n<> u<38> t<Bit_select> p<39> l<10:34> el<10:34>
                        n<> u<66> t<Statement_or_null> p<108> c<65> s<83> l<11:7> el<11:38>
                          n<> u<65> t<Statement> p<66> c<64> l<11:7> el<11:38>
                            n<> u<64> t<Statement_item> p<65> c<63> l<11:7> el<11:38>
                              n<> u<63> t<Blocking_assignment> p<64> c<62> l<11:7> el<11:37>
                                n<> u<62> t<Variable_assignment> p<63> c<49> l<11:7> el<11:37>
                                  n<> u<49> t<Variable_lvalue> p<62> c<46> s<61> l<11:7> el<11:8>
                                    n<> u<46> t<Ps_or_hierarchical_identifier> p<49> c<45> s<48> l<11:7> el<11:8>
                                      n<a> u<45> t<SIMPLE_IDENTIFIER> p<46> l<11:7> el<11:8>
                                    n<> u<48> t<Select> p<49> c<47> l<11:9> el<11:9>
                                      n<> u<47> t<Bit_select> p<48> l<11:9> el<11:9>
                                  n<> u<61> t<Expression> p<62> c<60> l<11:11> el<11:37>
                                    n<> u<60> t<Primary> p<61> c<59> l<11:11> el<11:37>
                                      n<> u<59> t<Subroutine_call> p<60> c<50> l<11:11> el<11:37>
                                        n<$> u<50> t<DOLLAR> p<59> s<51> l<11:11> el<11:12>
                                        n<unknown_sys_func_call> u<51> t<SIMPLE_IDENTIFIER> p<59> s<57> l<11:12> el<11:33>
                                        n<> u<57> t<OPEN_PARENS> p<59> s<56> l<11:33> el<11:34>
                                        n<> u<56> t<Argument_list> p<59> c<55> s<58> l<11:34> el<11:36>
                                          n<> u<55> t<Expression> p<56> c<54> l<11:34> el<11:36>
                                            n<> u<54> t<Primary> p<55> c<53> l<11:34> el<11:36>
                                              n<> u<53> t<Primary_literal> p<54> c<52> l<11:34> el<11:36>
                                                n<23> u<52> t<INTEGRAL_NUMBER> p<53> l<11:34> el<11:36>
                                        n<> u<58> t<CLOSE_PARENS> p<59> l<11:36> el<11:37>
                        n<> u<83> t<Statement_or_null> p<108> c<82> s<97> l<12:7> el<12:40>
                          n<> u<82> t<Statement> p<83> c<81> l<12:7> el<12:40>
                            n<> u<81> t<Statement_item> p<82> c<80> l<12:7> el<12:40>
                              n<> u<80> t<Blocking_assignment> p<81> c<79> l<12:7> el<12:39>
                                n<> u<79> t<Variable_assignment> p<80> c<71> l<12:7> el<12:39>
                                  n<> u<71> t<Variable_lvalue> p<79> c<68> s<78> l<12:7> el<12:8>
                                    n<> u<68> t<Ps_or_hierarchical_identifier> p<71> c<67> s<70> l<12:7> el<12:8>
                                      n<a> u<67> t<SIMPLE_IDENTIFIER> p<68> l<12:7> el<12:8>
                                    n<> u<70> t<Select> p<71> c<69> l<12:9> el<12:9>
                                      n<> u<69> t<Bit_select> p<70> l<12:9> el<12:9>
                                  n<> u<78> t<Expression> p<79> c<77> l<12:11> el<12:39>
                                    n<> u<77> t<Primary> p<78> c<76> l<12:11> el<12:39>
                                      n<> u<76> t<Subroutine_call> p<77> c<72> l<12:11> el<12:39>
                                        n<$> u<72> t<DOLLAR> p<76> s<73> l<12:11> el<12:12>
                                        n<unknown_sys_func_call_noarg> u<73> t<SIMPLE_IDENTIFIER> p<76> s<75> l<12:12> el<12:39>
                                        n<> u<75> t<Select> p<76> c<74> l<12:39> el<12:39>
                                          n<> u<74> t<Bit_select> p<75> l<12:39> el<12:39>
                        n<> u<97> t<Statement_or_null> p<108> c<96> s<106> l<13:7> el<13:40>
                          n<> u<96> t<Statement> p<97> c<95> l<13:7> el<13:40>
                            n<> u<95> t<Statement_item> p<96> c<94> l<13:7> el<13:40>
                              n<> u<94> t<Subroutine_call_statement> p<95> c<93> l<13:7> el<13:40>
                                n<> u<93> t<Subroutine_call> p<94> c<84> l<13:7> el<13:39>
                                  n<$> u<84> t<DOLLAR> p<93> s<85> l<13:7> el<13:8>
                                  n<write> u<85> t<SIMPLE_IDENTIFIER> p<93> s<91> l<13:8> el<13:13>
                                  n<> u<91> t<OPEN_PARENS> p<93> s<90> l<13:13> el<13:14>
                                  n<> u<90> t<Argument_list> p<93> c<89> s<92> l<13:14> el<13:38>
                                    n<> u<89> t<Expression> p<90> c<88> l<13:14> el<13:38>
                                      n<> u<88> t<Primary> p<89> c<87> l<13:14> el<13:38>
                                        n<> u<87> t<Primary_literal> p<88> c<86> l<13:14> el<13:38>
                                          n<"*-* All Finished *-*\n"> u<86> t<QUOTED_STRING> p<87> l<13:14> el<13:38>
                                  n<> u<92> t<CLOSE_PARENS> p<93> l<13:38> el<13:39>
                        n<> u<106> t<Statement_or_null> p<108> c<105> s<107> l<14:7> el<14:15>
                          n<> u<105> t<Statement> p<106> c<104> l<14:7> el<14:15>
                            n<> u<104> t<Statement_item> p<105> c<103> l<14:7> el<14:15>
                              n<> u<103> t<Subroutine_call_statement> p<104> c<102> l<14:7> el<14:15>
                                n<> u<102> t<Subroutine_call> p<103> c<98> l<14:7> el<14:14>
                                  n<$> u<98> t<DOLLAR> p<102> s<99> l<14:7> el<14:8>
                                  n<finish> u<99> t<SIMPLE_IDENTIFIER> p<102> s<101> l<14:8> el<14:14>
                                  n<> u<101> t<Select> p<102> c<100> l<14:14> el<14:14>
                                    n<> u<100> t<Bit_select> p<101> l<14:14> el<14:14>
                        n<> u<107> t<END> p<108> l<15:4> el<15:7>
        n<> u<116> t<ENDMODULE> p<117> l<16:1> el<16:10>
AST_DEBUG_END
[INF:CP5804] $Source01/t_flag_bboxsys.v:6:1: Compile module "t".
[INF:CM5028] Using global timescale: "1ns/1ns".
====== HLDB =======
Design name:unnamed:
  vpiName: unnamed
  vpiSourceFile (1 items):
    SourceFile name:t_flag_bboxsys.v file:$Source01/t_flag_bboxsys.v:
      vpiParent: Design name:unnamed
      vpiName: t_flag_bboxsys.v
      vpiPreprocFile: "$Output/lib/work/t_flag_bboxsys.v"
  vpiAllModules (1 items):
    Module name:t file:$Source01/t_flag_bboxsys.v start:6:1 end:16:10:
      vpiParent: Design name:unnamed
      vpiName Identifier name:t start:6:8 end:6:9:
      vpiFullName: t
      vpiVariable (1 items):
        Variable name:a start:7:8 end:7:9:
          vpiParent: Module name:t
          vpiTypespec RefTypespec start:7:4 end:7:7:
            vpiParent: Variable name:a
            vpiFullName: t.a
            vpiActual: LogicTypespec
          vpiName: a
          vpiFullName: t.a
      vpiTypespec (1 items):
        LogicTypespec:
          vpiParent: Module name:t
      vpiDefName: t
      vpiDefNetType: wire (1)
      vpiDefDelayMode: none (1)
      vpiUnconnDrive: highz (1)
      vpiLibrary RefObj name:work start:6:8 end:6:9:
        vpiParent: Module name:t
        vpiName: work
        vpiFullName: t.work
        vpiActual: Library name:work
      vpiCell: t
      vpiProcess (1 items):
        Initial start:8:4 end:15:7:
          vpiParent: Module name:t
          vpiStmt Begin start:8:12 end:15:7:
            vpiParent: Initial
            vpiFullName: t
            vpiStmt (6 items):
              SysFuncCall name:$unknown_sys_task_call_to_be_bbox start:9:7 end:9:48:
                vpiParent: Begin
                vpiName Identifier name:$unknown_sys_task_call_to_be_bbox start:9:7 end:9:40:
                vpiArgument (1 items):
                  NamedArgument start:9:41 end:9:47:
                    vpiParent: SysFuncCall name:$unknown_sys_task_call_to_be_bbox
                    vpiHighConn Constant start:9:41 end:9:47:
                      vpiParent: NamedArgument
                      vpiTypespec RefTypespec:
                        vpiParent: Constant
                        vpiFullName: t
                        vpiActual: StringTypespec
                      vpiConstType: string (6)
                      vpiSize: 32
                      vpiDecompile: "\"blah\""
                      vpiValue: blah
              SysFuncCall name:$unkown_sys_task_call_noarg start:10:7 end:10:34:
                vpiParent: Begin
                vpiName Identifier name:$unkown_sys_task_call_noarg start:10:7 end:10:34:
                vpiIsProperty: true
              Assignment start:11:7 end:11:37:
                vpiParent: Begin
                vpiBlocking: true
                vpiLhs RefObj name:a start:11:7 end:11:8:
                  vpiParent: Assignment
                  vpiName: a
                  vpiFullName: t.a
                  vpiActual: Variable name:a
                vpiRhs SysFuncCall name:$unknown_sys_func_call start:11:11 end:11:37:
                  vpiParent: Assignment
                  vpiName Identifier name:$unknown_sys_func_call start:11:11 end:11:33:
                  vpiArgument (1 items):
                    NamedArgument start:11:34 end:11:36:
                      vpiParent: SysFuncCall name:$unknown_sys_func_call
                      vpiHighConn Constant start:11:34 end:11:36:
                        vpiParent: NamedArgument
                        vpiTypespec RefTypespec:
                          vpiParent: Constant
                          vpiFullName: t
                          vpiActual: IntTypespec
                        vpiConstType: unsigned int (9)
                        vpiSize: 64
                        vpiDecompile: "23"
                        vpiValue: 23
              Assignment start:12:7 end:12:39:
                vpiParent: Begin
                vpiBlocking: true
                vpiLhs RefObj name:a start:12:7 end:12:8:
                  vpiParent: Assignment
                  vpiName: a
                  vpiFullName: t.a
                  vpiActual: Variable name:a
                vpiRhs SysFuncCall name:$unknown_sys_func_call_noarg start:12:11 end:12:39:
                  vpiParent: Assignment
                  vpiName Identifier name:$unknown_sys_func_call_noarg start:12:11 end:12:39:
                  vpiIsProperty: true
              SysTaskCall name:$write start:13:7 end:13:39:
                vpiParent: Begin
                vpiName Identifier name:$write start:13:7 end:13:13:
                vpiArgument (1 items):
                  NamedArgument start:13:14 end:13:38:
                    vpiParent: SysTaskCall name:$write
                    vpiHighConn Constant start:13:14 end:13:38:
                      vpiParent: NamedArgument
                      vpiTypespec RefTypespec:
                        vpiParent: Constant
                        vpiFullName: t
                        vpiActual: StringTypespec
                      vpiConstType: string (6)
                      vpiSize: 168
                      vpiDecompile: "\"*-* All Finished *-*\\n\""
                      vpiValue: "*-* All Finished *-*\\n"
              SysTaskCall name:$finish start:14:7 end:14:14:
                vpiParent: Begin
                vpiName Identifier name:$finish start:14:7 end:14:14:
                vpiIsProperty: true
  vpiTypespec (3 items):
    ModuleTypespec name:t:
      vpiParent: Design name:unnamed
      vpiName Identifier name:t start:6:8 end:6:9:
      vpiDefName: t
      vpiModule: Module name:t
    StringTypespec:
      vpiParent: Design name:unnamed
    IntTypespec:
      vpiParent: Design name:unnamed
      vpiSigned: true
  vpiLibrary (1 items):
    Library name:work:
      vpiParent: Design name:unnamed
      vpiName: work
===================
[  FATAL] : 0
[ SYNTAX] : 0
[  ERROR] : 0
[WARNING] : 0
[   NOTE] : 0
********************************************************************************
*                    End HLC SystemVerilog Compiler/Linter                     *
********************************************************************************

#**#**#**#**#**#**#**#**#**#**#**#**#**#**#**#**#**#**#**#**#**#**#**#**#**#**#**#**#**#**#**#**#**#**#**#**#**#**#**#**

Environment:
      test-name: Verilator/t_flag_bboxsys
   test-dirpath: ${HLC_DIR}/regression/Verilator/t_flag_bboxsys
  hldb-filepath: ${HLC_DIR}/regression/Verilator/t_flag_bboxsys/design.hldb
mounts-filepath: ${HLC_DIR}/regression/Verilator/t_flag_bboxsys/mounts.json


{'result': {'coverage': 100.0,
            'error_count': 0,
            'file_count': 1,
            'files': {'$Output/lib/work/t_flag_bboxsys.v': {'post_len': 0,
                                                            'pre_len': 215}},
            'post_len': 0,
            'pre_len': 215,
            'test_name': 'Verilator/t_flag_bboxsys'}}

+-----------------------------------+----------+-----------+
| INPUT                             |   PRELEN |   POSTLEN |
+===================================+==========+===========+
| $Output/lib/work/t_flag_bboxsys.v |      215 |         0 |
+===================================+==========+===========+
|                                   |      215 |         0 |
+-----------------------------------+----------+-----------+

[   ERROR] : 0
[COVERAGE] : 100.0


#**#**#**#**#**#**#**#**#**#**#**#**#**#**#**#**#**#**#**#**#**#**#**#**#**#**#**#**#**#**#**#**#**#**#**#**#**#**#**#**

COMMAND: ${HLC_DIR}/regression/Verilator/t_flag_bboxsys/design.hldb ${HLC_DIR}/regression/Verilator/t_flag_bboxsys/reduced.hldb

==================== BEGIN REDUCTION RESULT ====================
Name                            Before   After   Added   Removed
----------------------------------------------------------------
----------------------------------------------------------------
Others                              40      40       0         0
----------------------------------------------------------------
                                    40      40       0         0
===================== END REDUCTION RESULT =====================
