[INF:CM0023] Creating log file "${SURELOG_DIR}/regression/Google/chapter-18/18.17.5--interleaving-productions-rand-join_0/slpp_all/surelog.log".
AST_DEBUG_BEGIN
Count: 107
LIB: work
FILE: ${SURELOG_DIR}/tests/Google/chapter-18/18.17.5--interleaving-productions-rand-join_0.sv
n<${SURELOG_DIR}/tests/Google/chapter-18/18.17.5--interleaving-productions-rand-join_0.sv> u<106> t<Top_level_rule> c<1> l<16:1> el<25:1>
  n<> u<1> t<Null_rule> p<106> s<2> l<16:1> el<16:1>
  n<// Copyright (C) 2019-2021  The SymbiFlow Authors.> u<2> t<LINE_COMMENT> p<106> s<3> l<1:1> el<1:51>
  n<//> u<3> t<LINE_COMMENT> p<106> s<4> l<2:1> el<2:3>
  n<// Use of this source code is governed by a ISC-style> u<4> t<LINE_COMMENT> p<106> s<5> l<3:1> el<3:54>
  n<// license that can be found in the LICENSE file or at> u<5> t<LINE_COMMENT> p<106> s<6> l<4:1> el<4:55>
  n<// https://opensource.org/licenses/ISC> u<6> t<LINE_COMMENT> p<106> s<7> l<5:1> el<5:39>
  n<//> u<7> t<LINE_COMMENT> p<106> s<8> l<6:1> el<6:3>
  n<// SPDX-License-Identifier: ISC> u<8> t<LINE_COMMENT> p<106> s<9> l<7:1> el<7:32>
  n</*\n:name: interleaving_productions_rand_join_0\n:description: rand join statement test\n:tags: 18.17.5\n*/> u<9> t<BLOCK_COMMENT> p<106> s<105> l<16:1> el<24:12>
  n<> u<105> t<Source_text> p<106> c<104> l<16:1> el<24:12>
    n<> u<104> t<Description> p<105> c<103> l<16:1> el<24:12>
      n<> u<103> t<Package_item> p<104> c<102> l<16:1> el<24:12>
        n<> u<102> t<Package_or_generate_item_declaration> p<103> c<101> l<16:1> el<24:12>
          n<> u<101> t<Function_declaration> p<102> c<100> l<16:1> el<24:12>
            n<> u<100> t<Function_body_declaration> p<101> c<13> l<16:10> el<24:12>
              n<> u<13> t<Function_data_type_or_implicit> p<100> c<12> s<14> l<16:10> el<16:13>
                n<> u<12> t<Function_data_type> p<13> c<11> l<16:10> el<16:13>
                  n<> u<11> t<Data_type> p<12> c<10> l<16:10> el<16:13>
                    n<> u<10> t<INT> p<11> l<16:10> el<16:13>
              n<F> u<14> t<SIMPLE_IDENTIFIER> p<100> s<15> l<16:14> el<16:15>
              n<> u<15> t<Tf_port_item_list> p<100> s<23> l<16:15> el<16:17>
              n<> u<23> t<Block_item_declaration> p<100> c<22> s<89> l<17:5> el<17:11>
                n<> u<22> t<Data_declaration> p<23> c<21> l<17:5> el<17:11>
                  n<> u<21> t<Variable_declaration> p<22> c<17> l<17:5> el<17:11>
                    n<> u<17> t<Data_type> p<21> c<16> s<20> l<17:5> el<17:8>
                      n<> u<16> t<INT> p<17> l<17:5> el<17:8>
                    n<> u<20> t<Variable_decl_assignment_list> p<21> c<19> l<17:9> el<17:10>
                      n<> u<19> t<Variable_decl_assignment> p<20> c<18> l<17:9> el<17:10>
                        n<x> u<18> t<SIMPLE_IDENTIFIER> p<19> l<17:9> el<17:10>
              n<> u<89> t<Function_statement_or_null> p<100> c<88> s<98> l<18:5> el<22:16>
                n<> u<88> t<Statement> p<89> c<87> l<18:5> el<22:16>
                  n<> u<87> t<Statement_item> p<88> c<86> l<18:5> el<22:16>
                    n<> u<86> t<Randsequence_statement> p<87> c<24> l<18:5> el<22:16>
                      n<main> u<24> t<SIMPLE_IDENTIFIER> p<86> s<32> l<18:19> el<18:23>
                      n<> u<32> t<Production> p<86> c<25> s<58> l<19:7> el<19:37>
                        n<main> u<25> t<SIMPLE_IDENTIFIER> p<32> s<31> l<19:7> el<19:11>
                        n<> u<31> t<Rs_rule> p<32> c<30> l<19:14> el<19:36>
                          n<> u<30> t<Rs_production_list> p<31> c<27> l<19:14> el<19:36>
                            n<> u<27> t<Production_item> p<30> c<26> s<29> l<19:24> el<19:29>
                              n<first> u<26> t<SIMPLE_IDENTIFIER> p<27> l<19:24> el<19:29>
                            n<> u<29> t<Production_item> p<30> c<28> l<19:30> el<19:36>
                              n<second> u<28> t<SIMPLE_IDENTIFIER> p<29> l<19:30> el<19:36>
                      n<> u<58> t<Production> p<86> c<33> s<84> l<20:7> el<20:31>
                        n<first> u<33> t<SIMPLE_IDENTIFIER> p<58> s<57> l<20:7> el<20:12>
                        n<> u<57> t<Rs_rule> p<58> c<56> l<20:15> el<20:30>
                          n<> u<56> t<Rs_production_list> p<57> c<55> l<20:15> el<20:30>
                            n<> u<55> t<Rs_prod> p<56> c<54> l<20:15> el<20:30>
                              n<> u<54> t<Rs_code_block> p<55> c<53> l<20:15> el<20:30>
                                n<> u<53> t<Statement_or_null> p<54> c<52> l<20:17> el<20:28>
                                  n<> u<52> t<Statement> p<53> c<51> l<20:17> el<20:28>
                                    n<> u<51> t<Statement_item> p<52> c<50> l<20:17> el<20:28>
                                      n<> u<50> t<Blocking_assignment> p<51> c<49> l<20:17> el<20:27>
                                        n<> u<49> t<Variable_assignment> p<50> c<38> l<20:17> el<20:27>
                                          n<> u<38> t<Variable_lvalue> p<49> c<35> s<48> l<20:17> el<20:18>
                                            n<> u<35> t<Ps_or_hierarchical_identifier> p<38> c<34> s<37> l<20:17> el<20:18>
                                              n<x> u<34> t<SIMPLE_IDENTIFIER> p<35> l<20:17> el<20:18>
                                            n<> u<37> t<Select> p<38> c<36> l<20:19> el<20:19>
                                              n<> u<36> t<Bit_select> p<37> l<20:19> el<20:19>
                                          n<> u<48> t<Expression> p<49> c<42> l<20:21> el<20:27>
                                            n<> u<42> t<Expression> p<48> c<41> s<47> l<20:21> el<20:22>
                                              n<> u<41> t<Primary> p<42> c<40> l<20:21> el<20:22>
                                                n<> u<40> t<Primary_literal> p<41> c<39> l<20:21> el<20:22>
                                                  n<x> u<39> t<SIMPLE_IDENTIFIER> p<40> l<20:21> el<20:22>
                                            n<> u<47> t<BinaryOp_Plus> p<48> s<46> l<20:23> el<20:24>
                                            n<> u<46> t<Expression> p<48> c<45> l<20:25> el<20:27>
                                              n<> u<45> t<Primary> p<46> c<44> l<20:25> el<20:27>
                                                n<> u<44> t<Primary_literal> p<45> c<43> l<20:25> el<20:27>
                                                  n<20> u<43> t<INTEGRAL_NUMBER> p<44> l<20:25> el<20:27>
                      n<> u<84> t<Production> p<86> c<59> s<85> l<21:7> el<21:32>
                        n<second> u<59> t<SIMPLE_IDENTIFIER> p<84> s<83> l<21:7> el<21:13>
                        n<> u<83> t<Rs_rule> p<84> c<82> l<21:16> el<21:31>
                          n<> u<82> t<Rs_production_list> p<83> c<81> l<21:16> el<21:31>
                            n<> u<81> t<Rs_prod> p<82> c<80> l<21:16> el<21:31>
                              n<> u<80> t<Rs_code_block> p<81> c<79> l<21:16> el<21:31>
                                n<> u<79> t<Statement_or_null> p<80> c<78> l<21:18> el<21:29>
                                  n<> u<78> t<Statement> p<79> c<77> l<21:18> el<21:29>
                                    n<> u<77> t<Statement_item> p<78> c<76> l<21:18> el<21:29>
                                      n<> u<76> t<Blocking_assignment> p<77> c<75> l<21:18> el<21:28>
                                        n<> u<75> t<Variable_assignment> p<76> c<64> l<21:18> el<21:28>
                                          n<> u<64> t<Variable_lvalue> p<75> c<61> s<74> l<21:18> el<21:19>
                                            n<> u<61> t<Ps_or_hierarchical_identifier> p<64> c<60> s<63> l<21:18> el<21:19>
                                              n<x> u<60> t<SIMPLE_IDENTIFIER> p<61> l<21:18> el<21:19>
                                            n<> u<63> t<Select> p<64> c<62> l<21:20> el<21:20>
                                              n<> u<62> t<Bit_select> p<63> l<21:20> el<21:20>
                                          n<> u<74> t<Expression> p<75> c<68> l<21:22> el<21:28>
                                            n<> u<68> t<Expression> p<74> c<67> s<73> l<21:22> el<21:23>
                                              n<> u<67> t<Primary> p<68> c<66> l<21:22> el<21:23>
                                                n<> u<66> t<Primary_literal> p<67> c<65> l<21:22> el<21:23>
                                                  n<x> u<65> t<SIMPLE_IDENTIFIER> p<66> l<21:22> el<21:23>
                                            n<> u<73> t<BinaryOp_Minus> p<74> s<72> l<21:24> el<21:25>
                                            n<> u<72> t<Expression> p<74> c<71> l<21:26> el<21:28>
                                              n<> u<71> t<Primary> p<72> c<70> l<21:26> el<21:28>
                                                n<> u<70> t<Primary_literal> p<71> c<69> l<21:26> el<21:28>
                                                  n<10> u<69> t<INTEGRAL_NUMBER> p<70> l<21:26> el<21:28>
                      n<> u<85> t<ENDSEQUENCE> p<86> l<22:5> el<22:16>
              n<> u<98> t<Function_statement_or_null> p<100> c<97> s<99> l<23:5> el<23:14>
                n<> u<97> t<Statement> p<98> c<96> l<23:5> el<23:14>
                  n<> u<96> t<Statement_item> p<97> c<95> l<23:5> el<23:14>
                    n<> u<95> t<Jump_statement> p<96> c<94> l<23:5> el<23:14>
                      n<> u<94> t<RETURN> p<95> s<93> l<23:5> el<23:11>
                      n<> u<93> t<Expression> p<95> c<92> l<23:12> el<23:13>
                        n<> u<92> t<Primary> p<93> c<91> l<23:12> el<23:13>
                          n<> u<91> t<Primary_literal> p<92> c<90> l<23:12> el<23:13>
                            n<x> u<90> t<SIMPLE_IDENTIFIER> p<91> l<23:12> el<23:13>
              n<> u<99> t<ENDFUNCTION> p<100> l<24:1> el<24:12>
AST_DEBUG_END
[INF:CM0029] Using global timescale: "1ns/1ns".
====== UHDM =======
Design name:unnamed:
  vpiName: unnamed
  vpiSourceFiles (1 items):
    SourceFile name:18.17.5--interleaving-productions-rand-join_0.sv file:${SURELOG_DIR}/tests/Google/chapter-18/18.17.5--interleaving-productions-rand-join_0.sv:
      vpiParent: Design name:unnamed
      vpiName: "18.17.5--interleaving-productions-rand-join_0.sv"
      vpiPreprocFile: "${SURELOG_DIR}/regression/Google/chapter-18/18.17.5--interleaving-productions-rand-join_0/slpp_all/lib/work/18.17.5--interleaving-productions-rand-join_0.sv"
      vpiDefNetType: none (12)
  vpiTypespec (1 items):
    IntTypespec:
      vpiParent: Design name:unnamed
      vpiSigned: true
  vpiTaskFunc (1 items):
    Function name:F start:16:1 end:24:12:
      vpiParent: Design name:unnamed
      vpiName Identifier name:F start:16:14 end:16:15:
        vpiParent: Function name:F
        vpiName: F
      vpiFullName: F
      vpiVisibility: public (1)
      vpiStmt Begin:
        vpiParent: Function name:F
        vpiFullName: F
        vpiSequenceDecl (1 items):
          SequenceDecl start:18:5 end:22:16:
            vpiParent: Begin
            vpiFullName: F
        vpiVariable (1 items):
          Variable name:x start:17:9 end:17:10:
            vpiParent: Begin
            vpiTypespec RefTypespec start:17:5 end:17:8:
              vpiParent: Variable name:x
              vpiFullName: F.x
              vpiActual: IntTypespec
            vpiName: x
            vpiFullName: F.x
        vpiStmt (2 items):
          SequenceDecl
          ReturnStmt start:23:5 end:23:14:
            vpiParent: Begin
            vpiCondition RefObj name:x start:23:12 end:23:13:
              vpiParent: ReturnStmt
              vpiName: x
              vpiFullName: F.x
              vpiActual: Variable name:x
      vpiReturn RefTypespec start:16:10 end:16:13:
        vpiParent: Function name:F
        vpiFullName: F
        vpiActual: IntTypespec
===================

[  FATAL] : 0
[ SYNTAX] : 0
[  ERROR] : 0
[WARNING] : 0
[   NOTE] : 0

#**#**#**#**#**#**#**#**#**#**#**#**#**#**#**#**#**#**#**#**#**#**#**#**#**#**#**#**#**#**#**#**#**#**#**#**#**#**#**#**

Environment:
    test-name: Google/chapter-18/18.17.5--interleaving-productions-rand-join_0
 test-dirpath: ${SURELOG_DIR}/regression/Google/chapter-18/18.17.5--interleaving-productions-rand-join_0
 slpp_dirpath: ${SURELOG_DIR}/regression/Google/chapter-18/18.17.5--interleaving-productions-rand-join_0/slpp_all
uhdm-filepath: ${SURELOG_DIR}/regression/Google/chapter-18/18.17.5--interleaving-productions-rand-join_0/slpp_all/surelog.uhdm


{'result': {'coverage': 69.93,
            'error_count': 0,
            'file_count': 1,
            'files': {PosixPath('${SURELOG_DIR}/regression/Google/chapter-18/18.17.5--interleaving-productions-rand-join_0/slpp_all/lib/work/18.17.5--interleaving-productions-rand-join_0.sv'): {'post_len': 46,
                                                                                                                                                                                                                       'pre_len': 153}},
            'post_len': 46,
            'pre_len': 153,
            'test_name': 'Google/chapter-18/18.17.5--interleaving-productions-rand-join_0'}}

+--------------------------------------------------------------------+----------+-----------+
| INPUT                                                              |   PRELEN |   POSTLEN |
+====================================================================+==========+===========+
| slpp_all/lib/work/18.17.5--interleaving-productions-rand-join_0.sv |      153 |        46 |
+====================================================================+==========+===========+
|                                                                    |      153 |        46 |
+--------------------------------------------------------------------+----------+-----------+

[   ERROR] : 0
[COVERAGE] : 69.93


#**#**#**#**#**#**#**#**#**#**#**#**#**#**#**#**#**#**#**#**#**#**#**#**#**#**#**#**#**#**#**#**#**#**#**#**#**#**#**#**

COMMAND: ${SURELOG_DIR}/regression/Google/chapter-18/18.17.5--interleaving-productions-rand-join_0/slpp_all/surelog.uhdm ${SURELOG_DIR}/regression/Google/chapter-18/18.17.5--interleaving-productions-rand-join_0/slpp_all/reduced.uhdm

==================== BEGIN REDUCTION RESULT ====================
Name                            Before   After   Added   Removed
----------------------------------------------------------------
----------------------------------------------------------------
Others                              12      12       0         0
----------------------------------------------------------------
                                    12      12       0         0
===================== END REDUCTION RESULT =====================
