[INF:CM0023] Creating log file "${SURELOG_DIR}/regression/Google/chapter-12/12.7.6--forever/surelog.log".
AST_DEBUG_BEGIN
Count: 46
LIB: work
FILE: ${SURELOG_DIR}/tests/Google/chapter-12/12.7.6--forever.sv
n<${SURELOG_DIR}/tests/Google/chapter-12/12.7.6--forever.sv> u<45> t<Top_level_rule> c<1> l<15:1> el<22:1>
  n<> u<1> t<Null_rule> p<45> s<2> l<15:1> el<15:1>
  n<// Copyright (C) 2019-2021  The SymbiFlow Authors.> u<2> t<LINE_COMMENT> p<45> s<3> l<1:1> el<1:51>
  n<//> u<3> t<LINE_COMMENT> p<45> s<4> l<2:1> el<2:3>
  n<// Use of this source code is governed by a ISC-style> u<4> t<LINE_COMMENT> p<45> s<5> l<3:1> el<3:54>
  n<// license that can be found in the LICENSE file or at> u<5> t<LINE_COMMENT> p<45> s<6> l<4:1> el<4:55>
  n<// https://opensource.org/licenses/ISC> u<6> t<LINE_COMMENT> p<45> s<7> l<5:1> el<5:39>
  n<//> u<7> t<LINE_COMMENT> p<45> s<8> l<6:1> el<6:3>
  n<// SPDX-License-Identifier: ISC> u<8> t<LINE_COMMENT> p<45> s<9> l<7:1> el<7:32>
  n</*\n:name: forever_loop\n:description: A module testing forever loop\n:tags: 12.7.6\n*/> u<9> t<BLOCK_COMMENT> p<45> s<44> l<15:1> el<21:10>
  n<> u<44> t<Source_text> p<45> c<43> l<15:1> el<21:10>
    n<> u<43> t<Description> p<44> c<42> l<15:1> el<21:10>
      n<> u<42> t<Module_declaration> p<43> c<14> l<15:1> el<21:10>
        n<> u<14> t<Module_nonansi_header> p<42> c<10> s<40> l<15:1> el<15:22>
          n<module> u<10> t<Module_keyword> p<14> s<11> l<15:1> el<15:7>
          n<foreach_tb> u<11> t<SIMPLE_IDENTIFIER> p<14> s<12> l<15:8> el<15:18>
          n<> u<12> t<Package_import_declaration_list> p<14> s<13> l<15:19> el<15:19>
          n<> u<13> t<Port_list> p<14> l<15:19> el<15:21>
        n<> u<40> t<Module_item> p<42> c<39> s<41> l<16:4> el<20:7>
          n<> u<39> t<Non_port_module_item> p<40> c<38> l<16:4> el<20:7>
            n<> u<38> t<Module_or_generate_item> p<39> c<37> l<16:4> el<20:7>
              n<> u<37> t<Module_common_item> p<38> c<36> l<16:4> el<20:7>
                n<> u<36> t<Initial_construct> p<37> c<35> l<16:4> el<20:7>
                  n<> u<35> t<Statement_or_null> p<36> c<34> l<16:12> el<20:7>
                    n<> u<34> t<Statement> p<35> c<33> l<16:12> el<20:7>
                      n<> u<33> t<Statement_item> p<34> c<32> l<16:12> el<20:7>
                        n<> u<32> t<Seq_block> p<33> c<30> l<16:12> el<20:7>
                          n<> u<30> t<Statement_or_null> p<32> c<29> s<31> l<17:7> el<19:10>
                            n<> u<29> t<Statement> p<30> c<28> l<17:7> el<19:10>
                              n<> u<28> t<Statement_item> p<29> c<27> l<17:7> el<19:10>
                                n<> u<27> t<Loop_statement> p<28> c<26> l<17:7> el<19:10>
                                  n<> u<26> t<FOREVER> p<27> s<25> l<17:7> el<17:14>
                                  n<> u<25> t<Statement_or_null> p<27> c<24> l<17:15> el<19:10>
                                    n<> u<24> t<Statement> p<25> c<23> l<17:15> el<19:10>
                                      n<> u<23> t<Statement_item> p<24> c<22> l<17:15> el<19:10>
                                        n<> u<22> t<Seq_block> p<23> c<15> l<17:15> el<19:10>
                                          n<loop> u<15> t<SIMPLE_IDENTIFIER> p<22> s<20> l<17:23> el<17:27>
                                          n<> u<20> t<Statement_or_null> p<22> c<19> s<21> l<18:3> el<18:16>
                                            n<> u<19> t<Statement> p<20> c<18> l<18:3> el<18:16>
                                              n<> u<18> t<Statement_item> p<19> c<17> l<18:3> el<18:16>
                                                n<> u<17> t<Disable_statement> p<18> c<16> l<18:3> el<18:16>
                                                  n<loop> u<16> t<SIMPLE_IDENTIFIER> p<17> l<18:11> el<18:15>
                                          n<> u<21> t<END> p<22> l<19:7> el<19:10>
                          n<> u<31> t<END> p<32> l<20:4> el<20:7>
        n<> u<41> t<ENDMODULE> p<42> l<21:1> el<21:10>
AST_DEBUG_END
[INF:CP0303] ${SURELOG_DIR}/tests/Google/chapter-12/12.7.6--forever.sv:15:1: Compile module "work@foreach_tb".
[INF:CM0029] Using global timescale: "1ns/1ns".
====== UHDM =======
Design name:unnamed:
  vpiName: unnamed
  vpiSourceFiles (1 items):
    SourceFile name:12.7.6--forever.sv file:${SURELOG_DIR}/tests/Google/chapter-12/12.7.6--forever.sv:
      vpiParent: Design name:unnamed
      vpiName: "12.7.6--forever.sv"
      vpiPreprocFile: "${SURELOG_DIR}/regression/Google/chapter-12/12.7.6--forever/lib/work/12.7.6--forever.sv"
      vpiDefNetType: none (12)
  vpiAllModules (1 items):
    Module name:work@foreach_tb file:${SURELOG_DIR}/tests/Google/chapter-12/12.7.6--forever.sv start:15:1 end:21:10:
      vpiParent: Design name:unnamed
      vpiName Identifier name:work@foreach_tb start:15:8 end:15:18:
        vpiParent: Module name:work@foreach_tb
        vpiName: work@foreach_tb
      vpiFullName: work@foreach_tb
      vpiDefName: work@foreach_tb
      vpiDefNetType: none (12)
      vpiProcess (1 items):
        Initial start:16:4 end:20:7:
          vpiParent: Module name:work@foreach_tb
          vpiStmt Begin start:16:12 end:20:7:
            vpiParent: Initial
            vpiFullName: work@foreach_tb
            vpiStmt (1 items):
              ForeverStmt start:17:7 end:19:10:
                vpiParent: Begin
                vpiStmt Begin name:loop start:17:15 end:19:10:
                  vpiParent: ForeverStmt
                  vpiName Identifier name:loop start:17:23 end:17:27:
                    vpiParent: Begin name:loop
                    vpiName: loop
                  vpiFullName: work@foreach_tb.loop
                  vpiStmt (1 items):
                    Disable start:18:3 end:18:16:
                      vpiParent: Begin name:loop
                      vpiExpr RefObj name:loop start:18:11 end:18:15:
                        vpiParent: Disable
                        vpiName: loop
                        vpiFullName: work@foreach_tb.loop.loop
                        vpiActual: Begin name:loop
  vpiTypespec (1 items):
    ModuleTypespec name:work@foreach_tb:
      vpiParent: Design name:unnamed
      vpiName Identifier name:work@foreach_tb start:15:8 end:15:18:
        vpiParent: ModuleTypespec name:work@foreach_tb
        vpiName: work@foreach_tb
      vpiModule: Module name:work@foreach_tb
===================

[  FATAL] : 0
[ SYNTAX] : 0
[  ERROR] : 0
[WARNING] : 0
[   NOTE] : 0

#**#**#**#**#**#**#**#**#**#**#**#**#**#**#**#**#**#**#**#**#**#**#**#**#**#**#**#**#**#**#**#**#**#**#**#**#**#**#**#**

Environment:
    test-name: Google/chapter-12/12.7.6--forever
 test-dirpath: ${SURELOG_DIR}/regression/Google/chapter-12/12.7.6--forever
uhdm-filepath: ${SURELOG_DIR}/regression/Google/chapter-12/12.7.6--forever/surelog.uhdm


{'result': {'coverage': 100.0,
            'error_count': 0,
            'file_count': 1,
            'files': {PosixPath('${SURELOG_DIR}/regression/Google/chapter-12/12.7.6--forever/lib/work/12.7.6--forever.sv'): {'post_len': 0,
                                                                                                                                                  'pre_len': 82}},
            'post_len': 0,
            'pre_len': 82,
            'test_name': 'Google/chapter-12/12.7.6--forever'}}

+-----------------------------+----------+-----------+
| INPUT                       |   PRELEN |   POSTLEN |
+=============================+==========+===========+
| lib/work/12.7.6--forever.sv |       82 |         0 |
+=============================+==========+===========+
|                             |       82 |         0 |
+-----------------------------+----------+-----------+

[   ERROR] : 0
[COVERAGE] : 100.0


#**#**#**#**#**#**#**#**#**#**#**#**#**#**#**#**#**#**#**#**#**#**#**#**#**#**#**#**#**#**#**#**#**#**#**#**#**#**#**#**

COMMAND: ${SURELOG_DIR}/regression/Google/chapter-12/12.7.6--forever/surelog.uhdm ${SURELOG_DIR}/regression/Google/chapter-12/12.7.6--forever/reduced.uhdm

==================== BEGIN REDUCTION RESULT ====================
Name                            Before   After   Added   Removed
----------------------------------------------------------------
----------------------------------------------------------------
Others                              13      13       0         0
----------------------------------------------------------------
                                    13      13       0         0
===================== END REDUCTION RESULT =====================
