********************************************************************************
*                   Begin HLC SystemVerilog Compiler/Linter                    *
********************************************************************************
Copyright (c) 2020 Apotell,
http://www.apache.org/licenses/LICENSE-2.0
VERSION: 1.84
COMMAND: -wd ../../../../../../tests/Google/chapter-7/arrays/dynamic -timescale=1ns/1ns -d ast -d db -nobuiltin op-size.sv -wd ${HLC_DIR}/third_party/UVM -I1800.2-2017-1.0/src -mt 0 -mp 0 -d dbstats -d cache -d db -nostdout -o ${HLC_DIR}/regression/Google/chapter-7/arrays/dynamic/op-size
[INF:CM0023] Creating log file "$Output/hlc.log".
[INF:PP0122] Preprocessing source file "$Source01/op-size.sv".
[INF:PA0201] Parsing source file "$Source01/op-size.sv".
AST_DEBUG_BEGIN
Count: 122
LIB: work
FILE: f<14>:$Source01/op-size.sv
n<$Source01/op-size.sv> u<121> t<Top_level_rule> c<1> l<16:1> el<28:1>
  n<> u<1> t<Null_rule> p<121> s<2> l<16:1> el<16:1>
  n<// Copyright (C) 2019-2021  The SymbiFlow Authors.> u<2> t<LINE_COMMENT> p<121> s<3> l<1:1> el<1:51>
  n<//> u<3> t<LINE_COMMENT> p<121> s<4> l<2:1> el<2:3>
  n<// Use of this source code is governed by a ISC-style> u<4> t<LINE_COMMENT> p<121> s<5> l<3:1> el<3:54>
  n<// license that can be found in the LICENSE file or at> u<5> t<LINE_COMMENT> p<121> s<6> l<4:1> el<4:55>
  n<// https://opensource.org/licenses/ISC> u<6> t<LINE_COMMENT> p<121> s<7> l<5:1> el<5:39>
  n<//> u<7> t<LINE_COMMENT> p<121> s<8> l<6:1> el<6:3>
  n<// SPDX-License-Identifier: ISC> u<8> t<LINE_COMMENT> p<121> s<9> l<7:1> el<7:32>
  n</*\n:name: dynamic-arrays-op-size\n:description: Test dynamic arrays operator size support\n:tags: 7.5.2\n:type: simulation parsing\n*/> u<9> t<BLOCK_COMMENT> p<121> s<120> l<16:1> el<27:10>
  n<> u<120> t<Source_text> p<121> c<119> l<16:1> el<27:10>
    n<> u<119> t<Description> p<120> c<118> l<16:1> el<27:10>
      n<> u<118> t<Module_declaration> p<119> c<14> l<16:1> el<27:10>
        n<> u<14> t<Module_nonansi_header> p<118> c<10> s<38> l<16:1> el<16:15>
          n<module> u<10> t<MODULE> p<14> s<11> l<16:1> el<16:7>
          n<top> u<11> t<SIMPLE_IDENTIFIER> p<14> s<12> l<16:8> el<16:11>
          n<> u<12> t<Package_import_declaration_list> p<14> s<13> l<16:12> el<16:12>
          n<> u<13> t<Port_list> p<14> l<16:12> el<16:14>
        n<> u<38> t<Module_item> p<118> c<37> s<116> l<18:1> el<18:17>
          n<> u<37> t<Non_port_module_item> p<38> c<36> l<18:1> el<18:17>
            n<> u<36> t<Module_or_generate_item> p<37> c<35> l<18:1> el<18:17>
              n<> u<35> t<Module_common_item> p<36> c<34> l<18:1> el<18:17>
                n<> u<34> t<Module_or_generate_item_declaration> p<35> c<33> l<18:1> el<18:17>
                  n<> u<33> t<Package_or_generate_item_declaration> p<34> c<32> l<18:1> el<18:17>
                    n<> u<32> t<Data_declaration> p<33> c<31> l<18:1> el<18:17>
                      n<> u<31> t<Variable_declaration> p<32> c<26> l<18:1> el<18:17>
                        n<> u<26> t<Data_type> p<31> c<15> s<30> l<18:1> el<18:10>
                          n<> u<15> t<BIT> p<26> s<25> l<18:1> el<18:4>
                          n<> u<25> t<Packed_dimension> p<26> c<24> l<18:5> el<18:10>
                            n<> u<24> t<Constant_range> p<25> c<19> l<18:6> el<18:9>
                              n<> u<19> t<Constant_expression> p<24> c<18> s<23> l<18:6> el<18:7>
                                n<> u<18> t<Constant_primary> p<19> c<17> l<18:6> el<18:7>
                                  n<> u<17> t<Primary_literal> p<18> c<16> l<18:6> el<18:7>
                                    n<7> u<16> t<INTEGRAL_NUMBER> p<17> l<18:6> el<18:7>
                              n<> u<23> t<Constant_expression> p<24> c<22> l<18:8> el<18:9>
                                n<> u<22> t<Constant_primary> p<23> c<21> l<18:8> el<18:9>
                                  n<> u<21> t<Primary_literal> p<22> c<20> l<18:8> el<18:9>
                                    n<0> u<20> t<INTEGRAL_NUMBER> p<21> l<18:8> el<18:9>
                        n<> u<30> t<Variable_decl_assignment_list> p<31> c<29> l<18:11> el<18:16>
                          n<> u<29> t<Variable_decl_assignment> p<30> c<27> l<18:11> el<18:16>
                            n<arr> u<27> t<SIMPLE_IDENTIFIER> p<29> s<28> l<18:11> el<18:14>
                            n<> u<28> t<Unsized_dimension> p<29> l<18:14> el<18:16>
        n<> u<116> t<Module_item> p<118> c<115> s<117> l<20:1> el<25:4>
          n<> u<115> t<Non_port_module_item> p<116> c<114> l<20:1> el<25:4>
            n<> u<114> t<Module_or_generate_item> p<115> c<113> l<20:1> el<25:4>
              n<> u<113> t<Module_common_item> p<114> c<112> l<20:1> el<25:4>
                n<> u<112> t<Initial_construct> p<113> c<111> l<20:1> el<25:4>
                  n<> u<111> t<Statement_or_null> p<112> c<110> l<20:9> el<25:4>
                    n<> u<110> t<Statement> p<111> c<109> l<20:9> el<25:4>
                      n<> u<109> t<Statement_item> p<110> c<108> l<20:9> el<25:4>
                        n<> u<108> t<Seq_block> p<109> c<51> l<20:9> el<25:4>
                          n<> u<51> t<Statement_or_null> p<108> c<50> s<72> l<21:5> el<21:22>
                            n<> u<50> t<Statement> p<51> c<49> l<21:5> el<21:22>
                              n<> u<49> t<Statement_item> p<50> c<48> l<21:5> el<21:22>
                                n<> u<48> t<Blocking_assignment> p<49> c<42> l<21:5> el<21:21>
                                  n<> u<42> t<Nonrange_variable_lvalue> p<48> c<39> s<47> l<21:5> el<21:8>
                                    n<arr> u<39> t<SIMPLE_IDENTIFIER> p<42> s<41> l<21:5> el<21:8>
                                    n<> u<41> t<Nonrange_select> p<42> c<40> l<21:9> el<21:9>
                                      n<> u<40> t<Bit_select> p<41> l<21:9> el<21:9>
                                  n<> u<47> t<Dynamic_array_new> p<48> c<46> l<21:11> el<21:21>
                                    n<> u<46> t<Expression> p<47> c<45> l<21:17> el<21:19>
                                      n<> u<45> t<Primary> p<46> c<44> l<21:17> el<21:19>
                                        n<> u<44> t<Primary_literal> p<45> c<43> l<21:17> el<21:19>
                                          n<16> u<43> t<INTEGRAL_NUMBER> p<44> l<21:17> el<21:19>
                          n<> u<72> t<Statement_or_null> p<108> c<71> s<85> l<22:5> el<22:47>
                            n<> u<71> t<Statement> p<72> c<70> l<22:5> el<22:47>
                              n<> u<70> t<Statement_item> p<71> c<69> l<22:5> el<22:47>
                                n<> u<69> t<Subroutine_call_statement> p<70> c<68> l<22:5> el<22:47>
                                  n<> u<68> t<Subroutine_call> p<69> c<52> l<22:5> el<22:46>
                                    n<$> u<52> t<DOLLAR> p<68> s<53> l<22:5> el<22:6>
                                    n<display> u<53> t<SIMPLE_IDENTIFIER> p<68> s<67> l<22:6> el<22:13>
                                    n<> u<67> t<Argument_list> p<68> c<57> l<22:14> el<22:45>
                                      n<> u<57> t<Expression> p<67> c<56> s<66> l<22:14> el<22:35>
                                        n<> u<56> t<Primary> p<57> c<55> l<22:14> el<22:35>
                                          n<> u<55> t<Primary_literal> p<56> c<54> l<22:14> el<22:35>
                                            n<":assert: (%d == 16)"> u<54> t<QUOTED_STRING> p<55> l<22:14> el<22:35>
                                      n<> u<66> t<Argument> p<67> c<65> l<22:37> el<22:45>
                                        n<> u<65> t<Expression> p<66> c<64> l<22:37> el<22:45>
                                          n<> u<64> t<Primary> p<65> c<63> l<22:37> el<22:45>
                                            n<> u<63> t<Subroutine_call> p<64> c<58> l<22:37> el<22:45>
                                              n<arr> u<58> t<SIMPLE_IDENTIFIER> p<63> s<59> l<22:37> el<22:40>
                                              n<> u<59> t<Constant_bit_select> p<63> s<60> l<22:40> el<22:40>
                                              n<size> u<60> t<SIMPLE_IDENTIFIER> p<63> s<62> l<22:41> el<22:45>
                                              n<> u<62> t<Select> p<63> c<61> l<22:45> el<22:45>
                                                n<> u<61> t<Bit_select> p<62> l<22:45> el<22:45>
                          n<> u<85> t<Statement_or_null> p<108> c<84> s<106> l<23:5> el<23:21>
                            n<> u<84> t<Statement> p<85> c<83> l<23:5> el<23:21>
                              n<> u<83> t<Statement_item> p<84> c<82> l<23:5> el<23:21>
                                n<> u<82> t<Blocking_assignment> p<83> c<76> l<23:5> el<23:20>
                                  n<> u<76> t<Nonrange_variable_lvalue> p<82> c<73> s<81> l<23:5> el<23:8>
                                    n<arr> u<73> t<SIMPLE_IDENTIFIER> p<76> s<75> l<23:5> el<23:8>
                                    n<> u<75> t<Nonrange_select> p<76> c<74> l<23:9> el<23:9>
                                      n<> u<74> t<Bit_select> p<75> l<23:9> el<23:9>
                                  n<> u<81> t<Dynamic_array_new> p<82> c<80> l<23:11> el<23:20>
                                    n<> u<80> t<Expression> p<81> c<79> l<23:17> el<23:18>
                                      n<> u<79> t<Primary> p<80> c<78> l<23:17> el<23:18>
                                        n<> u<78> t<Primary_literal> p<79> c<77> l<23:17> el<23:18>
                                          n<8> u<77> t<INTEGRAL_NUMBER> p<78> l<23:17> el<23:18>
                          n<> u<106> t<Statement_or_null> p<108> c<105> s<107> l<24:5> el<24:46>
                            n<> u<105> t<Statement> p<106> c<104> l<24:5> el<24:46>
                              n<> u<104> t<Statement_item> p<105> c<103> l<24:5> el<24:46>
                                n<> u<103> t<Subroutine_call_statement> p<104> c<102> l<24:5> el<24:46>
                                  n<> u<102> t<Subroutine_call> p<103> c<86> l<24:5> el<24:45>
                                    n<$> u<86> t<DOLLAR> p<102> s<87> l<24:5> el<24:6>
                                    n<display> u<87> t<SIMPLE_IDENTIFIER> p<102> s<101> l<24:6> el<24:13>
                                    n<> u<101> t<Argument_list> p<102> c<91> l<24:14> el<24:44>
                                      n<> u<91> t<Expression> p<101> c<90> s<100> l<24:14> el<24:34>
                                        n<> u<90> t<Primary> p<91> c<89> l<24:14> el<24:34>
                                          n<> u<89> t<Primary_literal> p<90> c<88> l<24:14> el<24:34>
                                            n<":assert: (%d == 8)"> u<88> t<QUOTED_STRING> p<89> l<24:14> el<24:34>
                                      n<> u<100> t<Argument> p<101> c<99> l<24:36> el<24:44>
                                        n<> u<99> t<Expression> p<100> c<98> l<24:36> el<24:44>
                                          n<> u<98> t<Primary> p<99> c<97> l<24:36> el<24:44>
                                            n<> u<97> t<Subroutine_call> p<98> c<92> l<24:36> el<24:44>
                                              n<arr> u<92> t<SIMPLE_IDENTIFIER> p<97> s<93> l<24:36> el<24:39>
                                              n<> u<93> t<Constant_bit_select> p<97> s<94> l<24:39> el<24:39>
                                              n<size> u<94> t<SIMPLE_IDENTIFIER> p<97> s<96> l<24:40> el<24:44>
                                              n<> u<96> t<Select> p<97> c<95> l<24:44> el<24:44>
                                                n<> u<95> t<Bit_select> p<96> l<24:44> el<24:44>
                          n<> u<107> t<END> p<108> l<25:1> el<25:4>
        n<> u<117> t<ENDMODULE> p<118> l<27:1> el<27:10>
AST_DEBUG_END
[INF:CP0303] $Source01/op-size.sv:16:1: Compile module "top".
[INF:CM0029] Using global timescale: "1ns/1ns".
[ERR:LN0805] $Source01/op-size.sv:22:41: Null Actual: id:34, type:MethodFuncCall, name:size, relation:vpiPathElem.
[ERR:LN0805] $Source01/op-size.sv:24:40: Null Actual: id:49, type:MethodFuncCall, name:size, relation:vpiPathElem.
====== HLDB =======
Design name:unnamed:
  vpiName: unnamed
  vpiSourceFile (1 items):
    SourceFile name:op-size.sv file:$Source01/op-size.sv:
      vpiParent: Design name:unnamed
      vpiName: op-size.sv
      vpiPreprocFile: "$Output/lib/work/op-size.sv"
  vpiAllModules (1 items):
    Module name:top file:$Source01/op-size.sv start:16:1 end:27:10:
      vpiParent: Design name:unnamed
      vpiName Identifier name:top start:16:8 end:16:11:
        vpiParent: Module name:top
        vpiName: top
      vpiFullName: top
      vpiVariable (1 items):
        Variable name:arr start:18:11 end:18:14:
          vpiParent: Module name:top
          vpiTypespec RefTypespec:
            vpiParent: Variable name:arr
            vpiFullName: top.arr
            vpiActual: ArrayTypespec
          vpiName: arr
          vpiFullName: top.arr
          vpiVector: true
      vpiTypespec (2 items):
        BitTypespec:
          vpiParent: Module name:top
          vpiRange (1 items):
            Range start:18:5 end:18:10:
              vpiParent: BitTypespec
              vpiLeftRange Constant start:18:6 end:18:7:
                vpiParent: Range
                vpiTypespec RefTypespec:
                  vpiParent: Constant
                  vpiFullName: top
                  vpiActual: IntTypespec
                vpiConstType: unsigned int (9)
                vpiSize: 64
                vpiDecompile: "7"
                vpiValue: 7
              vpiRightRange Constant start:18:8 end:18:9:
                vpiParent: Range
                vpiTypespec RefTypespec:
                  vpiParent: Constant
                  vpiFullName: top
                  vpiActual: IntTypespec
                vpiConstType: unsigned int (9)
                vpiSize: 64
                vpiDecompile: "0"
                vpiValue: 0
          vpiVector: true
        ArrayTypespec:
          vpiParent: Module name:top
          vpiArrayType: dynamic (2)
          vpiRange Range start:18:14 end:18:16:
            vpiParent: ArrayTypespec
          vpiElemTypespec RefTypespec start:18:1 end:18:10:
            vpiParent: ArrayTypespec
            vpiFullName: top
            vpiActual: BitTypespec
      vpiDefName: top
      vpiDefNetType: wire (1)
      vpiLibrary RefObj name:work:
        vpiParent: Module name:top
        vpiName: work
        vpiFullName: top.work
      vpiCell: top
      vpiProcess (1 items):
        Initial start:20:1 end:25:4:
          vpiParent: Module name:top
          vpiStmt Begin start:20:9 end:25:4:
            vpiParent: Initial
            vpiFullName: top
            vpiStmt (4 items):
              Assignment start:21:5 end:21:21:
                vpiParent: Begin
                vpiBlocking: true
                vpiLhs RefObj name:arr start:21:5 end:21:8:
                  vpiParent: Assignment
                  vpiName: arr
                  vpiFullName: top.arr
                  vpiActual: Variable name:arr
                vpiRhs ArrayExpr start:21:11 end:21:21:
                  vpiParent: Assignment
                  vpiExpr (1 items):
                    Constant start:21:17 end:21:19:
                      vpiParent: ArrayExpr
                      vpiTypespec RefTypespec:
                        vpiParent: Constant
                        vpiFullName: top
                        vpiActual: IntTypespec
                      vpiConstType: unsigned int (9)
                      vpiSize: 64
                      vpiDecompile: "16"
                      vpiValue: 16
              SysTaskCall name:$display start:22:5 end:22:46:
                vpiParent: Begin
                vpiName Identifier name:$display start:22:5 end:22:13:
                  vpiParent: SysTaskCall name:$display
                  vpiName: "$display"
                vpiArgument (2 items):
                  Constant start:22:14 end:22:35:
                    vpiParent: SysTaskCall name:$display
                    vpiTypespec RefTypespec:
                      vpiParent: Constant
                      vpiFullName: top
                      vpiActual: StringTypespec
                    vpiConstType: string (6)
                    vpiSize: 152
                    vpiDecompile: "\":assert: (%d == 16)\""
                    vpiValue: ":assert: (%d == 16)"
                  HierPath name:arr.size start:22:37 end:22:45:
                    vpiParent: SysTaskCall name:$display
                    vpiName: arr.size
                    vpiFullName: top.arr.size
                    vpiPathElem (2 items):
                      RefObj name:arr start:22:37 end:22:40:
                        vpiParent: HierPath name:arr.size
                        vpiName: arr
                        vpiFullName: top.arr
                        vpiActual: Variable name:arr
                      MethodFuncCall name:size start:22:41 end:22:45:
                        vpiParent: HierPath name:arr.size
                        vpiName Identifier name:size start:22:41 end:22:45:
                          vpiParent: MethodFuncCall name:size
                          vpiName: size
              Assignment start:23:5 end:23:20:
                vpiParent: Begin
                vpiBlocking: true
                vpiLhs RefObj name:arr start:23:5 end:23:8:
                  vpiParent: Assignment
                  vpiName: arr
                  vpiFullName: top.arr
                  vpiActual: Variable name:arr
                vpiRhs ArrayExpr start:23:11 end:23:20:
                  vpiParent: Assignment
                  vpiExpr (1 items):
                    Constant start:23:17 end:23:18:
                      vpiParent: ArrayExpr
                      vpiTypespec RefTypespec:
                        vpiParent: Constant
                        vpiFullName: top
                        vpiActual: IntTypespec
                      vpiConstType: unsigned int (9)
                      vpiSize: 64
                      vpiDecompile: "8"
                      vpiValue: 8
              SysTaskCall name:$display start:24:5 end:24:45:
                vpiParent: Begin
                vpiName Identifier name:$display start:24:5 end:24:13:
                  vpiParent: SysTaskCall name:$display
                  vpiName: "$display"
                vpiArgument (2 items):
                  Constant start:24:14 end:24:34:
                    vpiParent: SysTaskCall name:$display
                    vpiTypespec RefTypespec:
                      vpiParent: Constant
                      vpiFullName: top
                      vpiActual: StringTypespec
                    vpiConstType: string (6)
                    vpiSize: 144
                    vpiDecompile: "\":assert: (%d == 8)\""
                    vpiValue: ":assert: (%d == 8)"
                  HierPath name:arr.size start:24:36 end:24:44:
                    vpiParent: SysTaskCall name:$display
                    vpiName: arr.size
                    vpiFullName: top.arr.size
                    vpiPathElem (2 items):
                      RefObj name:arr start:24:36 end:24:39:
                        vpiParent: HierPath name:arr.size
                        vpiName: arr
                        vpiFullName: top.arr
                        vpiActual: Variable name:arr
                      MethodFuncCall name:size start:24:40 end:24:44:
                        vpiParent: HierPath name:arr.size
                        vpiName Identifier name:size start:24:40 end:24:44:
                          vpiParent: MethodFuncCall name:size
                          vpiName: size
  vpiTypespec (3 items):
    ModuleTypespec name:top:
      vpiParent: Design name:unnamed
      vpiName Identifier name:top start:16:8 end:16:11:
        vpiParent: ModuleTypespec name:top
        vpiName: top
      vpiModule: Module name:top
    IntTypespec:
      vpiParent: Design name:unnamed
      vpiSigned: true
    StringTypespec:
      vpiParent: Design name:unnamed
===================
[  FATAL] : 0
[ SYNTAX] : 0
[  ERROR] : 2
[WARNING] : 0
[   NOTE] : 0
********************************************************************************
*                    End HLC SystemVerilog Compiler/Linter                     *
********************************************************************************

#**#**#**#**#**#**#**#**#**#**#**#**#**#**#**#**#**#**#**#**#**#**#**#**#**#**#**#**#**#**#**#**#**#**#**#**#**#**#**#**

Environment:
      test-name: Google/chapter-7/arrays/dynamic/op-size
   test-dirpath: ${HLC_DIR}/regression/Google/chapter-7/arrays/dynamic/op-size
  hldb-filepath: ${HLC_DIR}/regression/Google/chapter-7/arrays/dynamic/op-size/design.hldb
mounts-filepath: ${HLC_DIR}/regression/Google/chapter-7/arrays/dynamic/op-size/mounts.json


{'result': {'coverage': 100.0,
            'error_count': 0,
            'file_count': 1,
            'files': {'$Output/lib/work/op-size.sv': {'post_len': 0,
                                                      'pre_len': 171}},
            'post_len': 0,
            'pre_len': 171,
            'test_name': 'Google/chapter-7/arrays/dynamic/op-size'}}

+-----------------------------+----------+-----------+
| INPUT                       |   PRELEN |   POSTLEN |
+=============================+==========+===========+
| $Output/lib/work/op-size.sv |      171 |         0 |
+=============================+==========+===========+
|                             |      171 |         0 |
+-----------------------------+----------+-----------+

[   ERROR] : 0
[COVERAGE] : 100.0


#**#**#**#**#**#**#**#**#**#**#**#**#**#**#**#**#**#**#**#**#**#**#**#**#**#**#**#**#**#**#**#**#**#**#**#**#**#**#**#**

COMMAND: ${HLC_DIR}/regression/Google/chapter-7/arrays/dynamic/op-size/design.hldb ${HLC_DIR}/regression/Google/chapter-7/arrays/dynamic/op-size/reduced.hldb

==================== BEGIN REDUCTION RESULT ====================
Name                            Before   After   Added   Removed
----------------------------------------------------------------
----------------------------------------------------------------
Others                              48      48       0         0
----------------------------------------------------------------
                                    48      48       0         0
===================== END REDUCTION RESULT =====================
