[INF:CM0023] Creating log file "$Output/hlc.log".
AST_DEBUG_BEGIN
Count: 5
LIB: work
FILE: $Source01/t_flag_f_tsub_inc.v
n<$Source01/t_flag_f_tsub_inc.v> u<4> t<Top_level_rule> c<1> l<4:1> el<4:1>
  n<> u<1> t<Null_rule> p<4> s<2> l<4:1> el<4:1>
  n<> u<2> t<Source_text> p<4> s<3> l<4:1> el<4:1>
  n<// DESCRIPTION: Verilator: Verilog Test module> u<3> t<LINE_COMMENT> p<4> l<1:1> el<1:47>
AST_DEBUG_END
[INF:CM0029] Using global timescale: "1ns/1ns".
====== UHDM =======
Design name:unnamed:
  vpiName: unnamed
  vpiSourceFiles (1 items):
    SourceFile name:t_flag_f_tsub_inc.v file:$Source01/t_flag_f_tsub_inc.v:
      vpiParent: Design name:unnamed
      vpiName: t_flag_f_tsub_inc.v
      vpiPreprocFile: "$Output/lib/work/t_flag_f_tsub_inc.v"
      vpiPreprocMacroDefinition (1 items):
        PreprocMacroDefinition name:GOT_DEF5 start:3:1 end:4:1:
          vpiParent: SourceFile name:t_flag_f_tsub_inc.v
          vpiName: GOT_DEF5
          vpiNameStartColumn: 9
      vpiDefNetType: none (12)
===================

[  FATAL] : 0
[ SYNTAX] : 0
[  ERROR] : 0
[WARNING] : 0
[   NOTE] : 0

#**#**#**#**#**#**#**#**#**#**#**#**#**#**#**#**#**#**#**#**#**#**#**#**#**#**#**#**#**#**#**#**#**#**#**#**#**#**#**#**

Environment:
      test-name: Verilator/tsub/t_flag_f_tsub_inc
   test-dirpath: ${SURELOG_DIR}/regression/Verilator/tsub/t_flag_f_tsub_inc
  uhdm-filepath: ${SURELOG_DIR}/regression/Verilator/tsub/t_flag_f_tsub_inc/surelog.uhdm
mounts-filepath: ${SURELOG_DIR}/regression/Verilator/tsub/t_flag_f_tsub_inc/mounts.json


{'result': {'coverage': 0,
            'error_count': 0,
            'file_count': 1,
            'files': {'$Output/lib/work/t_flag_f_tsub_inc.v': {'post_len': 0,
                                                               'pre_len': 0}},
            'post_len': 0,
            'pre_len': 0,
            'test_name': 'Verilator/tsub/t_flag_f_tsub_inc'}}

+--------------------------------------+----------+-----------+
| INPUT                                |   PRELEN |   POSTLEN |
+======================================+==========+===========+
| $Output/lib/work/t_flag_f_tsub_inc.v |        0 |         0 |
+======================================+==========+===========+
|                                      |        0 |         0 |
+--------------------------------------+----------+-----------+

[   ERROR] : 0
[COVERAGE] : 0


#**#**#**#**#**#**#**#**#**#**#**#**#**#**#**#**#**#**#**#**#**#**#**#**#**#**#**#**#**#**#**#**#**#**#**#**#**#**#**#**

COMMAND: ${SURELOG_DIR}/regression/Verilator/tsub/t_flag_f_tsub_inc/surelog.uhdm ${SURELOG_DIR}/regression/Verilator/tsub/t_flag_f_tsub_inc/reduced.uhdm

==================== BEGIN REDUCTION RESULT ====================
Name                            Before   After   Added   Removed
----------------------------------------------------------------
----------------------------------------------------------------
Others                               3       3       0         0
----------------------------------------------------------------
                                     3       3       0         0
===================== END REDUCTION RESULT =====================
