********************************************************************************
*                   Begin HLC SystemVerilog Compiler/Linter                    *
********************************************************************************
Copyright (c) 2020 Apotell,
http://www.apache.org/licenses/LICENSE-2.0
VERSION: 1.84
COMMAND: -wd ../../../tests/FuncNoArgs -d db -d ast dut.sv -mt 0 -d dbstats -d cache -writepp -d db -nostdout -o ${HLC_DIR}/regression/FuncNoArgs/FuncNoArgs
[INF:CM5022] Creating log file "$Output/hlc.log".
[INF:PP5223] Preprocessing source file "$Source01/dut.sv".
[INF:PP5223] Preprocessing source file "$Scratch/0_builtin.sv".
[INF:PA5502] Parsing source file "$Source01/dut.sv".
[INF:PA5502] Parsing source file "$Scratch/0_builtin.sv".
AST_DEBUG_BEGIN
Count: 253
LIB: work
FILE<0>:$Source01/dut.sv
n<$Source01/dut.sv> u<252> t<Top_level_rule> c<1> l<1:1> el<32:1>
  n<> u<1> t<Null_rule> p<252> s<251> l<1:1>
  n<> u<251> t<Source_text> p<252> c<250> l<1:1> el<31:10>
    n<> u<250> t<Description> p<251> c<249> l<1:1> el<31:10>
      n<> u<249> t<Module_declaration> p<250> c<6> l<1:1> el<31:10>
        n<> u<6> t<Module_nonansi_header> p<249> c<2> s<23> l<1:1> el<1:27>
          n<module> u<2> t<MODULE> p<6> s<3> l<1:1> el<1:7>
          n<my_opt_reduce_or> u<3> t<SIMPLE_IDENTIFIER> p<6> s<4> l<1:8> el<1:24>
          n<> u<4> t<Package_import_declaration_list> p<6> s<5> l<1:24> el<1:24>
          n<> u<5> t<Port_list> p<6> l<1:24> el<1:26>
        n<> u<23> t<Module_item> p<249> c<22> s<40> l<2:5> el<2:28>
          n<> u<22> t<Non_port_module_item> p<23> c<21> l<2:5> el<2:28>
            n<> u<21> t<Module_or_generate_item> p<22> c<20> l<2:5> el<2:28>
              n<> u<20> t<Module_common_item> p<21> c<19> l<2:5> el<2:28>
                n<> u<19> t<Module_or_generate_item_declaration> p<20> c<18> l<2:5> el<2:28>
                  n<> u<18> t<Package_or_generate_item_declaration> p<19> c<17> l<2:5> el<2:28>
                    n<> u<17> t<Parameter_declaration> p<18> c<7> l<2:5> el<2:27>
                      n<> u<7> t<Data_type_or_implicit> p<17> s<16> l<2:15> el<2:15>
                      n<> u<16> t<Param_assignment_list> p<17> c<15> l<2:15> el<2:27>
                        n<> u<15> t<Param_assignment> p<16> c<8> l<2:15> el<2:27>
                          n<A_SIGNED> u<8> t<SIMPLE_IDENTIFIER> p<15> s<14> l<2:15> el<2:23>
                          n<> u<14> t<Constant_param_expression> p<15> c<13> l<2:26> el<2:27>
                            n<> u<13> t<Constant_mintypmax_expression> p<14> c<12> l<2:26> el<2:27>
                              n<> u<12> t<Constant_expression> p<13> c<11> l<2:26> el<2:27>
                                n<> u<11> t<Constant_primary> p<12> c<10> l<2:26> el<2:27>
                                  n<> u<10> t<Primary_literal> p<11> c<9> l<2:26> el<2:27>
                                    n<0> u<9> t<INTEGRAL_NUMBER> p<10> l<2:26> el<2:27>
        n<> u<40> t<Module_item> p<249> c<39> s<88> l<3:5> el<3:27>
          n<> u<39> t<Non_port_module_item> p<40> c<38> l<3:5> el<3:27>
            n<> u<38> t<Module_or_generate_item> p<39> c<37> l<3:5> el<3:27>
              n<> u<37> t<Module_common_item> p<38> c<36> l<3:5> el<3:27>
                n<> u<36> t<Module_or_generate_item_declaration> p<37> c<35> l<3:5> el<3:27>
                  n<> u<35> t<Package_or_generate_item_declaration> p<36> c<34> l<3:5> el<3:27>
                    n<> u<34> t<Parameter_declaration> p<35> c<24> l<3:5> el<3:26>
                      n<> u<24> t<Data_type_or_implicit> p<34> s<33> l<3:15> el<3:15>
                      n<> u<33> t<Param_assignment_list> p<34> c<32> l<3:15> el<3:26>
                        n<> u<32> t<Param_assignment> p<33> c<25> l<3:15> el<3:26>
                          n<A_WIDTH> u<25> t<SIMPLE_IDENTIFIER> p<32> s<31> l<3:15> el<3:22>
                          n<> u<31> t<Constant_param_expression> p<32> c<30> l<3:25> el<3:26>
                            n<> u<30> t<Constant_mintypmax_expression> p<31> c<29> l<3:25> el<3:26>
                              n<> u<29> t<Constant_expression> p<30> c<28> l<3:25> el<3:26>
                                n<> u<28> t<Constant_primary> p<29> c<27> l<3:25> el<3:26>
                                  n<> u<27> t<Primary_literal> p<28> c<26> l<3:25> el<3:26>
                                    n<1> u<26> t<INTEGRAL_NUMBER> p<27> l<3:25> el<3:26>
        n<> u<88> t<Module_item> p<249> c<87> s<214> l<5:5> el<5:63>
          n<> u<87> t<Non_port_module_item> p<88> c<86> l<5:5> el<5:63>
            n<> u<86> t<Module_or_generate_item> p<87> c<85> l<5:5> el<5:63>
              n<> u<85> t<Module_common_item> p<86> c<84> l<5:5> el<5:63>
                n<> u<84> t<Module_or_generate_item_declaration> p<85> c<83> l<5:5> el<5:63>
                  n<> u<83> t<Package_or_generate_item_declaration> p<84> c<82> l<5:5> el<5:63>
                    n<> u<82> t<Parameter_declaration> p<83> c<63> l<5:5> el<5:62>
                      n<> u<63> t<Data_type_or_implicit> p<82> c<62> s<81> l<5:15> el<5:31>
                        n<> u<62> t<Data_type> p<63> c<41> l<5:15> el<5:31>
                          n<> u<41> t<LOGIC> p<62> s<51> l<5:15> el<5:20>
                          n<> u<51> t<Packed_dimension> p<62> c<50> s<61> l<5:21> el<5:26>
                            n<> u<50> t<Constant_range> p<51> c<45> l<5:22> el<5:25>
                              n<> u<45> t<Constant_expression> p<50> c<44> s<49> l<5:22> el<5:23>
                                n<> u<44> t<Constant_primary> p<45> c<43> l<5:22> el<5:23>
                                  n<> u<43> t<Primary_literal> p<44> c<42> l<5:22> el<5:23>
                                    n<1> u<42> t<INTEGRAL_NUMBER> p<43> l<5:22> el<5:23>
                              n<> u<49> t<Constant_expression> p<50> c<48> l<5:24> el<5:25>
                                n<> u<48> t<Constant_primary> p<49> c<47> l<5:24> el<5:25>
                                  n<> u<47> t<Primary_literal> p<48> c<46> l<5:24> el<5:25>
                                    n<0> u<46> t<INTEGRAL_NUMBER> p<47> l<5:24> el<5:25>
                          n<> u<61> t<Packed_dimension> p<62> c<60> l<5:26> el<5:31>
                            n<> u<60> t<Constant_range> p<61> c<55> l<5:27> el<5:30>
                              n<> u<55> t<Constant_expression> p<60> c<54> s<59> l<5:27> el<5:28>
                                n<> u<54> t<Constant_primary> p<55> c<53> l<5:27> el<5:28>
                                  n<> u<53> t<Primary_literal> p<54> c<52> l<5:27> el<5:28>
                                    n<2> u<52> t<INTEGRAL_NUMBER> p<53> l<5:27> el<5:28>
                              n<> u<59> t<Constant_expression> p<60> c<58> l<5:29> el<5:30>
                                n<> u<58> t<Constant_primary> p<59> c<57> l<5:29> el<5:30>
                                  n<> u<57> t<Primary_literal> p<58> c<56> l<5:29> el<5:30>
                                    n<0> u<56> t<INTEGRAL_NUMBER> p<57> l<5:29> el<5:30>
                      n<> u<81> t<Param_assignment_list> p<82> c<80> l<5:32> el<5:62>
                        n<> u<80> t<Param_assignment> p<81> c<64> l<5:32> el<5:62>
                          n<_TECHMAP_CONSTMSK_A_> u<64> t<SIMPLE_IDENTIFIER> p<80> s<79> l<5:32> el<5:52>
                          n<> u<79> t<Constant_param_expression> p<80> c<78> l<5:55> el<5:62>
                            n<> u<78> t<Constant_mintypmax_expression> p<79> c<77> l<5:55> el<5:62>
                              n<> u<77> t<Constant_expression> p<78> c<76> l<5:55> el<5:62>
                                n<> u<76> t<Constant_primary> p<77> c<75> l<5:55> el<5:62>
                                  n<> u<75> t<Constant_assignment_pattern_expression> p<76> c<74> l<5:55> el<5:62>
                                    n<> u<74> t<Assignment_pattern_expression> p<75> c<73> l<5:55> el<5:62>
                                      n<> u<73> t<Assignment_pattern> p<74> c<68> l<5:55> el<5:62>
                                        n<> u<68> t<Expression> p<73> c<67> s<72> l<5:57> el<5:58>
                                          n<> u<67> t<Primary> p<68> c<66> l<5:57> el<5:58>
                                            n<> u<66> t<Primary_literal> p<67> c<65> l<5:57> el<5:58>
                                              n<0> u<65> t<INTEGRAL_NUMBER> p<66> l<5:57> el<5:58>
                                        n<> u<72> t<Expression> p<73> c<71> l<5:60> el<5:61>
                                          n<> u<71> t<Primary> p<72> c<70> l<5:60> el<5:61>
                                            n<> u<70> t<Primary_literal> p<71> c<69> l<5:60> el<5:61>
                                              n<0> u<69> t<INTEGRAL_NUMBER> p<70> l<5:60> el<5:61>
        n<> u<214> t<Module_item> p<249> c<213> s<215> l<7:5> el<15:16>
          n<> u<213> t<Non_port_module_item> p<214> c<212> l<7:5> el<15:16>
            n<> u<212> t<Module_or_generate_item> p<213> c<211> l<7:5> el<15:16>
              n<> u<211> t<Module_common_item> p<212> c<210> l<7:5> el<15:16>
                n<> u<210> t<Module_or_generate_item_declaration> p<211> c<209> l<7:5> el<15:16>
                  n<> u<209> t<Package_or_generate_item_declaration> p<210> c<208> l<7:5> el<15:16>
                    n<> u<208> t<Function_declaration> p<209> c<207> l<7:5> el<15:16>
                      n<> u<207> t<Function_body_declaration> p<208> c<92> l<7:14> el<15:16>
                        n<> u<92> t<Function_data_type_or_implicit> p<207> c<91> s<93> l<7:14> el<7:21>
                          n<> u<91> t<Function_data_type> p<92> c<90> l<7:14> el<7:21>
                            n<> u<90> t<Data_type> p<91> c<89> l<7:14> el<7:21>
                              n<> u<89> t<INTEGER> p<90> l<7:14> el<7:21>
                        n<count_nonconst_bits> u<93> t<SIMPLE_IDENTIFIER> p<207> s<103> l<7:22> el<7:41>
                        n<> u<103> t<Tf_item_declaration_list> p<207> c<102> s<205> l<8:9> el<8:19>
                          n<> u<102> t<Tf_item_declaration> p<103> c<101> l<8:9> el<8:19>
                            n<> u<101> t<Block_item_declaration> p<102> c<100> l<8:9> el<8:19>
                              n<> u<100> t<Data_declaration> p<101> c<99> l<8:9> el<8:19>
                                n<> u<99> t<Variable_declaration> p<100> c<95> l<8:9> el<8:19>
                                  n<> u<95> t<Data_type> p<99> c<94> s<98> l<8:9> el<8:16>
                                    n<> u<94> t<INTEGER> p<95> l<8:9> el<8:16>
                                  n<> u<98> t<Variable_decl_assignment_list> p<99> c<97> l<8:17> el<8:18>
                                    n<> u<97> t<Variable_decl_assignment> p<98> c<96> l<8:17> el<8:18>
                                      n<i> u<96> t<SIMPLE_IDENTIFIER> p<97> l<8:17> el<8:18>
                        n<> u<205> t<Function_statement_or_null> p<207> c<204> s<206> l<9:9> el<14:12>
                          n<> u<204> t<Statement> p<205> c<203> l<9:9> el<14:12>
                            n<> u<203> t<Statement_item> p<204> c<202> l<9:9> el<14:12>
                              n<> u<202> t<Seq_block> p<203> c<117> l<9:9> el<14:12>
                                n<> u<117> t<Statement_or_null> p<202> c<116> s<200> l<10:13> el<10:37>
                                  n<> u<116> t<Statement> p<117> c<115> l<10:13> el<10:37>
                                    n<> u<115> t<Statement_item> p<116> c<114> l<10:13> el<10:37>
                                      n<> u<114> t<Blocking_assignment> p<115> c<113> l<10:13> el<10:36>
                                        n<> u<113> t<Variable_assignment> p<114> c<108> l<10:13> el<10:36>
                                          n<> u<108> t<Variable_lvalue> p<113> c<105> s<112> l<10:13> el<10:32>
                                            n<> u<105> t<Ps_or_hierarchical_identifier> p<108> c<104> s<107> l<10:13> el<10:32>
                                              n<count_nonconst_bits> u<104> t<SIMPLE_IDENTIFIER> p<105> l<10:13> el<10:32>
                                            n<> u<107> t<Select> p<108> c<106> l<10:33> el<10:33>
                                              n<> u<106> t<Bit_select> p<107> l<10:33> el<10:33>
                                          n<> u<112> t<Expression> p<113> c<111> l<10:35> el<10:36>
                                            n<> u<111> t<Primary> p<112> c<110> l<10:35> el<10:36>
                                              n<> u<110> t<Primary_literal> p<111> c<109> l<10:35> el<10:36>
                                                n<0> u<109> t<INTEGRAL_NUMBER> p<110> l<10:35> el<10:36>
                                n<> u<200> t<Statement_or_null> p<202> c<199> s<201> l<11:13> el<13:65>
                                  n<> u<199> t<Statement> p<200> c<198> l<11:13> el<13:65>
                                    n<> u<198> t<Statement_item> p<199> c<197> l<11:13> el<13:65>
                                      n<> u<197> t<Loop_statement> p<198> c<196> l<11:13> el<13:65>
                                        n<> u<196> t<FOR> p<197> s<129> l<11:13> el<11:16>
                                        n<> u<129> t<For_initialization> p<197> c<128> s<139> l<11:18> el<11:23>
                                          n<> u<128> t<Variable_assignment_list> p<129> c<127> l<11:18> el<11:23>
                                            n<> u<127> t<Variable_assignment> p<128> c<122> l<11:18> el<11:23>
                                              n<> u<122> t<Variable_lvalue> p<127> c<119> s<126> l<11:18> el<11:19>
                                                n<> u<119> t<Ps_or_hierarchical_identifier> p<122> c<118> s<121> l<11:18> el<11:19>
                                                  n<i> u<118> t<SIMPLE_IDENTIFIER> p<119> l<11:18> el<11:19>
                                                n<> u<121> t<Select> p<122> c<120> l<11:20> el<11:20>
                                                  n<> u<120> t<Bit_select> p<121> l<11:20> el<11:20>
                                              n<> u<126> t<Expression> p<127> c<125> l<11:22> el<11:23>
                                                n<> u<125> t<Primary> p<126> c<124> l<11:22> el<11:23>
                                                  n<> u<124> t<Primary_literal> p<125> c<123> l<11:22> el<11:23>
                                                    n<0> u<123> t<INTEGRAL_NUMBER> p<124> l<11:22> el<11:23>
                                        n<> u<139> t<Expression> p<197> c<133> s<157> l<11:25> el<11:36>
                                          n<> u<133> t<Expression> p<139> c<132> s<138> l<11:25> el<11:26>
                                            n<> u<132> t<Primary> p<133> c<131> l<11:25> el<11:26>
                                              n<> u<131> t<Primary_literal> p<132> c<130> l<11:25> el<11:26>
                                                n<i> u<130> t<SIMPLE_IDENTIFIER> p<131> l<11:25> el<11:26>
                                          n<> u<138> t<LESS> p<139> s<137> l<11:27> el<11:28>
                                          n<> u<137> t<Expression> p<139> c<136> l<11:29> el<11:36>
                                            n<> u<136> t<Primary> p<137> c<135> l<11:29> el<11:36>
                                              n<> u<135> t<Primary_literal> p<136> c<134> l<11:29> el<11:36>
                                                n<A_WIDTH> u<134> t<SIMPLE_IDENTIFIER> p<135> l<11:29> el<11:36>
                                        n<> u<157> t<For_step> p<197> c<156> s<195> l<11:38> el<11:43>
                                          n<> u<156> t<For_step_assignment> p<157> c<155> l<11:38> el<11:43>
                                            n<> u<155> t<Variable_assignment> p<156> c<144> l<11:38> el<11:43>
                                              n<> u<144> t<Variable_lvalue> p<155> c<141> s<154> l<11:38> el<11:39>
                                                n<> u<141> t<Ps_or_hierarchical_identifier> p<144> c<140> s<143> l<11:38> el<11:39>
                                                  n<i> u<140> t<SIMPLE_IDENTIFIER> p<141> l<11:38> el<11:39>
                                                n<> u<143> t<Select> p<144> c<142> l<11:39> el<11:39>
                                                  n<> u<142> t<Bit_select> p<143> l<11:39> el<11:39>
                                              n<> u<154> t<Expression> p<155> c<148> l<11:40> el<11:43>
                                                n<> u<148> t<Expression> p<154> c<147> s<153> l<11:40> el<11:41>
                                                  n<> u<147> t<Primary> p<148> c<146> l<11:40> el<11:41>
                                                    n<> u<146> t<Primary_literal> p<147> c<145> l<11:40> el<11:41>
                                                      n<i> u<145> t<SIMPLE_IDENTIFIER> p<146> l<11:40> el<11:41>
                                                n<> u<153> t<BinaryOp_Plus> p<154> s<152> l<11:41> el<11:42>
                                                n<> u<152> t<Expression> p<154> c<151> l<11:42> el<11:43>
                                                  n<> u<151> t<Primary> p<152> c<150> l<11:42> el<11:43>
                                                    n<> u<150> t<Primary_literal> p<151> c<149> l<11:42> el<11:43>
                                                      n<1> u<149> t<INTEGRAL_NUMBER> p<150> l<11:42> el<11:43>
                                        n<> u<195> t<Statement_or_null> p<197> c<194> l<12:17> el<13:65>
                                          n<> u<194> t<Statement> p<195> c<193> l<12:17> el<13:65>
                                            n<> u<193> t<Statement_item> p<194> c<192> l<12:17> el<13:65>
                                              n<> u<192> t<Conditional_statement> p<193> c<171> l<12:17> el<13:65>
                                                n<> u<171> t<Cond_predicate> p<192> c<170> s<191> l<12:21> el<12:45>
                                                  n<> u<170> t<Expression_or_cond_pattern> p<171> c<169> l<12:21> el<12:45>
                                                    n<> u<169> t<Expression> p<170> c<168> l<12:21> el<12:45>
                                                      n<> u<168> t<BANG> p<169> s<167> l<12:21> el<12:22>
                                                      n<> u<167> t<Expression> p<169> c<166> l<12:22> el<12:45>
                                                        n<> u<166> t<Primary> p<167> c<165> l<12:22> el<12:45>
                                                          n<> u<165> t<Subroutine_call> p<166> c<158> l<12:22> el<12:45>
                                                            n<_TECHMAP_CONSTMSK_A_> u<158> t<SIMPLE_IDENTIFIER> p<165> s<164> l<12:22> el<12:42>
                                                            n<> u<164> t<Select> p<165> c<163> l<12:42> el<12:45>
                                                              n<> u<163> t<Bit_select> p<164> c<162> l<12:42> el<12:45>
                                                                n<> u<162> t<Expression> p<163> c<161> l<12:43> el<12:44>
                                                                  n<> u<161> t<Primary> p<162> c<160> l<12:43> el<12:44>
                                                                    n<> u<160> t<Primary_literal> p<161> c<159> l<12:43> el<12:44>
                                                                      n<i> u<159> t<SIMPLE_IDENTIFIER> p<160> l<12:43> el<12:44>
                                                n<> u<191> t<Statement_or_null> p<192> c<190> l<13:21> el<13:65>
                                                  n<> u<190> t<Statement> p<191> c<189> l<13:21> el<13:65>
                                                    n<> u<189> t<Statement_item> p<190> c<188> l<13:21> el<13:65>
                                                      n<> u<188> t<Blocking_assignment> p<189> c<187> l<13:21> el<13:64>
                                                        n<> u<187> t<Variable_assignment> p<188> c<176> l<13:21> el<13:64>
                                                          n<> u<176> t<Variable_lvalue> p<187> c<173> s<186> l<13:21> el<13:40>
                                                            n<> u<173> t<Ps_or_hierarchical_identifier> p<176> c<172> s<175> l<13:21> el<13:40>
                                                              n<count_nonconst_bits> u<172> t<SIMPLE_IDENTIFIER> p<173> l<13:21> el<13:40>
                                                            n<> u<175> t<Select> p<176> c<174> l<13:41> el<13:41>
                                                              n<> u<174> t<Bit_select> p<175> l<13:41> el<13:41>
                                                          n<> u<186> t<Expression> p<187> c<180> l<13:43> el<13:64>
                                                            n<> u<180> t<Expression> p<186> c<179> s<185> l<13:43> el<13:62>
                                                              n<> u<179> t<Primary> p<180> c<178> l<13:43> el<13:62>
                                                                n<> u<178> t<Primary_literal> p<179> c<177> l<13:43> el<13:62>
                                                                  n<count_nonconst_bits> u<177> t<SIMPLE_IDENTIFIER> p<178> l<13:43> el<13:62>
                                                            n<> u<185> t<BinaryOp_Plus> p<186> s<184> l<13:62> el<13:63>
                                                            n<> u<184> t<Expression> p<186> c<183> l<13:63> el<13:64>
                                                              n<> u<183> t<Primary> p<184> c<182> l<13:63> el<13:64>
                                                                n<> u<182> t<Primary_literal> p<183> c<181> l<13:63> el<13:64>
                                                                  n<1> u<181> t<INTEGRAL_NUMBER> p<182> l<13:63> el<13:64>
                                n<> u<201> t<END> p<202> l<14:9> el<14:12>
                        n<> u<206> t<ENDFUNCTION> p<207> l<15:5> el<15:16>
        n</*\n    function has_const_one;\n        integer i;\n        begin\n            has_const_one = 0;\n            for (i = 0; i < A_WIDTH; i=i+1)\n                if (_TECHMAP_CONSTMSK_A_[i] && _TECHMAP_CONSTVAL_A_[i] === 1'b1)\n                    has_const_one = 1;\n        end\n    endfunction\n*/> u<215> t<BLOCK_COMMENT> p<249> s<247> l<28:5> el<28:41>
        n<> u<247> t<Module_item> p<249> c<246> s<248> l<28:5> el<28:41>
          n<> u<246> t<Non_port_module_item> p<247> c<245> l<28:5> el<28:41>
            n<> u<245> t<Module_or_generate_item> p<246> c<244> l<28:5> el<28:41>
              n<> u<244> t<Module_common_item> p<245> c<243> l<28:5> el<28:41>
                n<> u<243> t<Module_or_generate_item_declaration> p<244> c<242> l<28:5> el<28:41>
                  n<> u<242> t<Package_or_generate_item_declaration> p<243> c<241> l<28:5> el<28:41>
                    n<> u<241> t<Data_declaration> p<242> c<240> l<28:5> el<28:41>
                      n<> u<240> t<Variable_declaration> p<241> c<236> l<28:5> el<28:41>
                        n<> u<236> t<Data_type> p<240> c<216> s<239> l<28:5> el<28:36>
                          n<> u<216> t<REG> p<236> s<235> l<28:5> el<28:8>
                          n<> u<235> t<Packed_dimension> p<236> c<234> l<28:9> el<28:36>
                            n<> u<234> t<Constant_range> p<235> c<229> l<28:10> el<28:35>
                              n<> u<229> t<Constant_expression> p<234> c<223> s<233> l<28:10> el<28:33>
                                n<> u<223> t<Constant_expression> p<229> c<222> s<228> l<28:10> el<28:31>
                                  n<> u<222> t<Constant_primary> p<223> c<221> l<28:10> el<28:31>
                                    n<> u<221> t<Subroutine_call> p<222> c<217> l<28:10> el<28:31>
                                      n<count_nonconst_bits> u<217> t<SIMPLE_IDENTIFIER> p<221> s<219> l<28:10> el<28:29>
                                      n<> u<219> t<OPEN_PARENS> p<221> s<218> l<28:29> el<28:30>
                                      n<> u<218> t<Argument_list> p<221> s<220> l<28:30> el<28:30>
                                      n<> u<220> t<CLOSE_PARENS> p<221> l<28:30> el<28:31>
                                n<> u<228> t<BinaryOp_Minus> p<229> s<227> l<28:31> el<28:32>
                                n<> u<227> t<Constant_expression> p<229> c<226> l<28:32> el<28:33>
                                  n<> u<226> t<Constant_primary> p<227> c<225> l<28:32> el<28:33>
                                    n<> u<225> t<Primary_literal> p<226> c<224> l<28:32> el<28:33>
                                      n<1> u<224> t<INTEGRAL_NUMBER> p<225> l<28:32> el<28:33>
                              n<> u<233> t<Constant_expression> p<234> c<232> l<28:34> el<28:35>
                                n<> u<232> t<Constant_primary> p<233> c<231> l<28:34> el<28:35>
                                  n<> u<231> t<Primary_literal> p<232> c<230> l<28:34> el<28:35>
                                    n<0> u<230> t<INTEGRAL_NUMBER> p<231> l<28:34> el<28:35>
                        n<> u<239> t<Variable_decl_assignment_list> p<240> c<238> l<28:37> el<28:40>
                          n<> u<238> t<Variable_decl_assignment> p<239> c<237> l<28:37> el<28:40>
                            n<tmp> u<237> t<SIMPLE_IDENTIFIER> p<238> l<28:37> el<28:40>
        n<> u<248> t<ENDMODULE> p<249> l<31:1> el<31:10>
AST_DEBUG_END
[INF:CP5804] $Source01/dut.sv:1:1: Compile module "my_opt_reduce_or".
[WRN:PA5506] $Source01/dut.sv:1:1: No timescale set for "my_opt_reduce_or".
====== HLDB =======
Design name:unnamed:
  vpiName: unnamed
  vpiSourceFile (1 items):
    SourceFile name:dut.sv file:$Source01/dut.sv:
      vpiParent: Design name:unnamed
      vpiName: dut.sv
      vpiPreprocFile: "$Output/lib/work/dut.sv"
  vpiAllModules (1 items):
    Module name:my_opt_reduce_or file:$Source01/dut.sv start:1:1 end:31:10:
      vpiParent: Design name:unnamed
      vpiName Identifier name:my_opt_reduce_or start:1:8 end:1:24:
      vpiFullName: my_opt_reduce_or
      vpiVariable (1 items):
        Variable name:tmp start:28:37 end:28:40:
          vpiParent: Module name:my_opt_reduce_or
          vpiTypespec RefTypespec start:28:5 end:28:36:
            vpiParent: Variable name:tmp
            vpiFullName: my_opt_reduce_or.tmp
            vpiActual: LogicTypespec
          vpiName: tmp
          vpiFullName: my_opt_reduce_or.tmp
          vpiVector: true
      vpiParameter (3 items):
        Parameter name:A_SIGNED start:2:15 end:2:23:
          vpiParent: Module name:my_opt_reduce_or
          vpiTypespec RefTypespec:
            vpiParent: Parameter name:A_SIGNED
            vpiFullName: my_opt_reduce_or.A_SIGNED
            vpiActual: LogicTypespec
          vpiName: A_SIGNED
          vpiFullName: my_opt_reduce_or.A_SIGNED
        Parameter name:A_WIDTH start:3:15 end:3:22:
          vpiParent: Module name:my_opt_reduce_or
          vpiTypespec RefTypespec:
            vpiParent: Parameter name:A_WIDTH
            vpiFullName: my_opt_reduce_or.A_WIDTH
            vpiActual: LogicTypespec
          vpiName: A_WIDTH
          vpiFullName: my_opt_reduce_or.A_WIDTH
        Parameter name:_TECHMAP_CONSTMSK_A_ start:5:32 end:5:52:
          vpiParent: Module name:my_opt_reduce_or
          vpiTypespec RefTypespec start:5:15 end:5:31:
            vpiParent: Parameter name:_TECHMAP_CONSTMSK_A_
            vpiFullName: my_opt_reduce_or._TECHMAP_CONSTMSK_A_
            vpiActual: LogicTypespec
          vpiName: "_TECHMAP_CONSTMSK_A_"
          vpiFullName: my_opt_reduce_or._TECHMAP_CONSTMSK_A_
      vpiParamAssign (3 items):
        ParamAssign start:2:15 end:2:27:
          vpiParent: Module name:my_opt_reduce_or
          vpiLhs RefObj name:A_SIGNED start:2:15 end:2:23:
            vpiParent: ParamAssign
            vpiName: A_SIGNED
            vpiFullName: my_opt_reduce_or.A_SIGNED
            vpiActual: Parameter name:A_SIGNED
          vpiRhs Constant start:2:26 end:2:27:
            vpiParent: ParamAssign
            vpiTypespec RefTypespec:
              vpiParent: Constant
              vpiFullName: my_opt_reduce_or
              vpiActual: IntTypespec
            vpiConstType: unsigned int (9)
            vpiSize: 64
            vpiDecompile: "0"
            vpiValue: 0
        ParamAssign start:3:15 end:3:26:
          vpiParent: Module name:my_opt_reduce_or
          vpiLhs RefObj name:A_WIDTH start:3:15 end:3:22:
            vpiParent: ParamAssign
            vpiName: A_WIDTH
            vpiFullName: my_opt_reduce_or.A_WIDTH
            vpiActual: Parameter name:A_WIDTH
          vpiRhs Constant start:3:25 end:3:26:
            vpiParent: ParamAssign
            vpiTypespec RefTypespec:
              vpiParent: Constant
              vpiFullName: my_opt_reduce_or
              vpiActual: IntTypespec
            vpiConstType: unsigned int (9)
            vpiSize: 64
            vpiDecompile: "1"
            vpiValue: 1
        ParamAssign start:5:32 end:5:62:
          vpiParent: Module name:my_opt_reduce_or
          vpiLhs RefObj name:_TECHMAP_CONSTMSK_A_ start:5:32 end:5:52:
            vpiParent: ParamAssign
            vpiName: "_TECHMAP_CONSTMSK_A_"
            vpiFullName: my_opt_reduce_or._TECHMAP_CONSTMSK_A_
            vpiActual: Parameter name:_TECHMAP_CONSTMSK_A_
          vpiRhs Operation start:5:55 end:5:62:
            vpiParent: ParamAssign
            vpiOpType: assign pattern (87)
            vpiOperand (2 items):
              Constant start:5:57 end:5:58:
                vpiParent: Operation
                vpiTypespec RefTypespec:
                  vpiParent: Constant
                  vpiFullName: my_opt_reduce_or
                  vpiActual: IntTypespec
                vpiConstType: unsigned int (9)
                vpiSize: 64
                vpiDecompile: "0"
                vpiValue: 0
              Constant start:5:60 end:5:61:
                vpiParent: Operation
                vpiTypespec RefTypespec:
                  vpiParent: Constant
                  vpiFullName: my_opt_reduce_or
                  vpiActual: IntTypespec
                vpiConstType: unsigned int (9)
                vpiSize: 64
                vpiDecompile: "0"
                vpiValue: 0
      vpiTypespec (3 items):
        LogicTypespec:
          vpiParent: Module name:my_opt_reduce_or
        LogicTypespec:
          vpiParent: Module name:my_opt_reduce_or
          vpiRange (2 items):
            Range start:5:21 end:5:26:
              vpiParent: LogicTypespec
              vpiLeftRange Constant start:5:22 end:5:23:
                vpiParent: Range
                vpiTypespec RefTypespec:
                  vpiParent: Constant
                  vpiFullName: my_opt_reduce_or
                  vpiActual: IntTypespec
                vpiConstType: unsigned int (9)
                vpiSize: 64
                vpiDecompile: "1"
                vpiValue: 1
              vpiRightRange Constant start:5:24 end:5:25:
                vpiParent: Range
                vpiTypespec RefTypespec:
                  vpiParent: Constant
                  vpiFullName: my_opt_reduce_or
                  vpiActual: IntTypespec
                vpiConstType: unsigned int (9)
                vpiSize: 64
                vpiDecompile: "0"
                vpiValue: 0
            Range start:5:26 end:5:31:
              vpiParent: LogicTypespec
              vpiLeftRange Constant start:5:27 end:5:28:
                vpiParent: Range
                vpiTypespec RefTypespec:
                  vpiParent: Constant
                  vpiFullName: my_opt_reduce_or
                  vpiActual: IntTypespec
                vpiConstType: unsigned int (9)
                vpiSize: 64
                vpiDecompile: "2"
                vpiValue: 2
              vpiRightRange Constant start:5:29 end:5:30:
                vpiParent: Range
                vpiTypespec RefTypespec:
                  vpiParent: Constant
                  vpiFullName: my_opt_reduce_or
                  vpiActual: IntTypespec
                vpiConstType: unsigned int (9)
                vpiSize: 64
                vpiDecompile: "0"
                vpiValue: 0
          vpiVector: true
        LogicTypespec:
          vpiParent: Module name:my_opt_reduce_or
          vpiRange (1 items):
            Range start:28:9 end:28:36:
              vpiParent: LogicTypespec
              vpiLeftRange Operation start:28:10 end:28:33:
                vpiParent: Range
                vpiOpType: subtract (11)
                vpiOperand (2 items):
                  MethodFuncCall name:count_nonconst_bits start:28:10 end:28:31:
                    vpiParent: Operation
                    vpiName Identifier name:count_nonconst_bits start:28:10 end:28:29:
                    vpiTaskFunc: Function name:count_nonconst_bits
                  Constant start:28:32 end:28:33:
                    vpiParent: Operation
                    vpiTypespec RefTypespec:
                      vpiParent: Constant
                      vpiFullName: my_opt_reduce_or
                      vpiActual: IntTypespec
                    vpiConstType: unsigned int (9)
                    vpiSize: 64
                    vpiDecompile: "1"
                    vpiValue: 1
              vpiRightRange Constant start:28:34 end:28:35:
                vpiParent: Range
                vpiTypespec RefTypespec:
                  vpiParent: Constant
                  vpiFullName: my_opt_reduce_or
                  vpiActual: IntTypespec
                vpiConstType: unsigned int (9)
                vpiSize: 64
                vpiDecompile: "0"
                vpiValue: 0
          vpiVector: true
      vpiDefName: my_opt_reduce_or
      vpiDefNetType: wire (1)
      vpiDefDelayMode: none (1)
      vpiUnconnDrive: highz (1)
      vpiLibrary RefObj name:work start:1:8 end:1:24:
        vpiParent: Module name:my_opt_reduce_or
        vpiName: work
        vpiFullName: my_opt_reduce_or.work
        vpiActual: Library name:work
      vpiCell: my_opt_reduce_or
      vpiTaskFunc (1 items):
        Function name:count_nonconst_bits start:7:5 end:15:16:
          vpiParent: Module name:my_opt_reduce_or
          vpiName Identifier name:count_nonconst_bits start:7:22 end:7:41:
          vpiFullName: my_opt_reduce_or.count_nonconst_bits
          vpiVisibility: public (1)
          vpiStmt Begin:
            vpiParent: Function name:count_nonconst_bits
            vpiFullName: my_opt_reduce_or.count_nonconst_bits
            vpiVariable (1 items):
              Variable name:i start:8:17 end:8:18:
                vpiParent: Begin
                vpiTypespec RefTypespec start:8:9 end:8:16:
                  vpiParent: Variable name:i
                  vpiFullName: my_opt_reduce_or.count_nonconst_bits.i
                  vpiActual: IntegerTypespec
                vpiName: i
                vpiFullName: my_opt_reduce_or.count_nonconst_bits.i
            vpiTypespec (1 items):
              IntegerTypespec:
                vpiParent: Begin
                vpiSigned: true
            vpiStmt (2 items):
              Variable name:i:
              Begin start:9:9 end:14:12:
                vpiParent: Begin
                vpiFullName: my_opt_reduce_or.count_nonconst_bits
                vpiStmt (2 items):
                  Assignment start:10:13 end:10:36:
                    vpiParent: Begin
                    vpiBlocking: true
                    vpiLhs RefObj name:count_nonconst_bits start:10:13 end:10:32:
                      vpiParent: Assignment
                      vpiName: count_nonconst_bits
                      vpiFullName: my_opt_reduce_or.count_nonconst_bits.count_nonconst_bits
                      vpiActual: Function name:count_nonconst_bits
                    vpiRhs Constant start:10:35 end:10:36:
                      vpiParent: Assignment
                      vpiTypespec RefTypespec:
                        vpiParent: Constant
                        vpiFullName: my_opt_reduce_or.count_nonconst_bits
                        vpiActual: IntTypespec
                      vpiConstType: unsigned int (9)
                      vpiSize: 64
                      vpiDecompile: "0"
                      vpiValue: 0
                  ForStmt start:11:13 end:13:65:
                    vpiParent: Begin
                    vpiFullName: my_opt_reduce_or.count_nonconst_bits
                    vpiForInitStmt (1 items):
                      Assignment start:11:18 end:11:23:
                        vpiParent: ForStmt
                        vpiBlocking: true
                        vpiLhs RefObj name:i start:11:18 end:11:19:
                          vpiParent: Assignment
                          vpiName: i
                          vpiFullName: my_opt_reduce_or.count_nonconst_bits.i
                          vpiActual: Variable name:i
                        vpiRhs Constant start:11:22 end:11:23:
                          vpiParent: Assignment
                          vpiTypespec RefTypespec:
                            vpiParent: Constant
                            vpiFullName: my_opt_reduce_or.count_nonconst_bits
                            vpiActual: IntTypespec
                          vpiConstType: unsigned int (9)
                          vpiSize: 64
                          vpiDecompile: "0"
                          vpiValue: 0
                    vpiForIncStmt (1 items):
                      Assignment start:11:38 end:11:43:
                        vpiParent: ForStmt
                        vpiBlocking: true
                        vpiLhs RefObj name:i start:11:38 end:11:39:
                          vpiParent: Assignment
                          vpiName: i
                          vpiFullName: my_opt_reduce_or.count_nonconst_bits.i
                          vpiActual: Variable name:i
                        vpiRhs Operation start:11:40 end:11:43:
                          vpiParent: Assignment
                          vpiOpType: add (24)
                          vpiOperand (2 items):
                            RefObj name:i start:11:40 end:11:41:
                              vpiParent: Operation
                              vpiName: i
                              vpiFullName: my_opt_reduce_or.count_nonconst_bits.i
                              vpiActual: Variable name:i
                            Constant start:11:42 end:11:43:
                              vpiParent: Operation
                              vpiTypespec RefTypespec:
                                vpiParent: Constant
                                vpiFullName: my_opt_reduce_or.count_nonconst_bits
                                vpiActual: IntTypespec
                              vpiConstType: unsigned int (9)
                              vpiSize: 64
                              vpiDecompile: "1"
                              vpiValue: 1
                    vpiCondition Operation start:11:25 end:11:36:
                      vpiParent: ForStmt
                      vpiOpType: less than (20)
                      vpiOperand (2 items):
                        RefObj name:i start:11:25 end:11:26:
                          vpiParent: Operation
                          vpiName: i
                          vpiFullName: my_opt_reduce_or.count_nonconst_bits.i
                          vpiActual: Variable name:i
                        RefObj name:A_WIDTH start:11:29 end:11:36:
                          vpiParent: Operation
                          vpiName: A_WIDTH
                          vpiFullName: my_opt_reduce_or.count_nonconst_bits.A_WIDTH
                          vpiActual: Parameter name:A_WIDTH
                    vpiStmt IfStmt start:12:17 end:13:65:
                      vpiParent: ForStmt
                      vpiCondition Operation start:12:21 end:12:45:
                        vpiParent: IfStmt
                        vpiOpType: not (3)
                        vpiOperand (1 items):
                          BitSelect name:_TECHMAP_CONSTMSK_A_[i] start:12:22 end:12:45:
                            vpiParent: Operation
                            vpiName: "_TECHMAP_CONSTMSK_A_[i]"
                            vpiFullName: my_opt_reduce_or.count_nonconst_bits._TECHMAP_CONSTMSK_A_[i]
                            vpiPrefix RefObj name:_TECHMAP_CONSTMSK_A_ start:12:22 end:12:42:
                              vpiParent: BitSelect name:_TECHMAP_CONSTMSK_A_[i]
                              vpiName: "_TECHMAP_CONSTMSK_A_"
                              vpiFullName: my_opt_reduce_or.count_nonconst_bits._TECHMAP_CONSTMSK_A_
                              vpiActual: Parameter name:_TECHMAP_CONSTMSK_A_
                            vpiIndex RefObj name:i start:12:43 end:12:44:
                              vpiParent: BitSelect name:_TECHMAP_CONSTMSK_A_[i]
                              vpiName: i
                              vpiFullName: my_opt_reduce_or.count_nonconst_bits.i
                              vpiActual: Variable name:i
                      vpiStmt Assignment start:13:21 end:13:64:
                        vpiParent: IfStmt
                        vpiBlocking: true
                        vpiLhs RefObj name:count_nonconst_bits start:13:21 end:13:40:
                          vpiParent: Assignment
                          vpiName: count_nonconst_bits
                          vpiFullName: my_opt_reduce_or.count_nonconst_bits.count_nonconst_bits
                          vpiActual: Function name:count_nonconst_bits
                        vpiRhs Operation start:13:43 end:13:64:
                          vpiParent: Assignment
                          vpiOpType: add (24)
                          vpiOperand (2 items):
                            RefObj name:count_nonconst_bits start:13:43 end:13:62:
                              vpiParent: Operation
                              vpiName: count_nonconst_bits
                              vpiFullName: my_opt_reduce_or.count_nonconst_bits.count_nonconst_bits
                              vpiActual: Function name:count_nonconst_bits
                            Constant start:13:63 end:13:64:
                              vpiParent: Operation
                              vpiTypespec RefTypespec:
                                vpiParent: Constant
                                vpiFullName: my_opt_reduce_or.count_nonconst_bits
                                vpiActual: IntTypespec
                              vpiConstType: unsigned int (9)
                              vpiSize: 64
                              vpiDecompile: "1"
                              vpiValue: 1
          vpiReturn RefTypespec start:7:14 end:7:21:
            vpiParent: Function name:count_nonconst_bits
            vpiFullName: my_opt_reduce_or.count_nonconst_bits
            vpiActual: IntegerTypespec
  vpiTypespec (8 items):
    ModuleTypespec name:my_opt_reduce_or:
      vpiParent: Design name:unnamed
      vpiName Identifier name:my_opt_reduce_or start:1:8 end:1:24:
      vpiDefName: my_opt_reduce_or
      vpiModule: Module name:my_opt_reduce_or
    IntTypespec:
      vpiParent: Design name:unnamed
      vpiSigned: true
    VoidTypespec:
      vpiParent: Design name:unnamed
    StringTypespec:
      vpiParent: Design name:unnamed
    IntTypespec:
      vpiParent: Design name:unnamed
    RealTypespec:
      vpiParent: Design name:unnamed
    ShortRealTypespec:
      vpiParent: Design name:unnamed
    TimeTypespec:
      vpiParent: Design name:unnamed
  vpiLibrary (1 items):
    Library name:work:
      vpiParent: Design name:unnamed
      vpiName: work
===================
[  FATAL] : 0
[ SYNTAX] : 0
[  ERROR] : 0
[WARNING] : 1
[   NOTE] : 0
********************************************************************************
*                    End HLC SystemVerilog Compiler/Linter                     *
********************************************************************************

#**#**#**#**#**#**#**#**#**#**#**#**#**#**#**#**#**#**#**#**#**#**#**#**#**#**#**#**#**#**#**#**#**#**#**#**#**#**#**#**

Environment:
      test-name: FuncNoArgs/FuncNoArgs
   test-dirpath: ${HLC_DIR}/regression/FuncNoArgs/FuncNoArgs
  hldb-filepath: ${HLC_DIR}/regression/FuncNoArgs/FuncNoArgs/design.hldb
mounts-filepath: ${HLC_DIR}/regression/FuncNoArgs/FuncNoArgs/mounts.json


{'result': {'coverage': 100.0,
            'error_count': 0,
            'file_count': 1,
            'files': {'$Output/lib/work/dut.sv': {'post_len': 0,
                                                  'pre_len': 368}},
            'post_len': 0,
            'pre_len': 368,
            'test_name': 'FuncNoArgs/FuncNoArgs'}}

+-------------------------+----------+-----------+
| INPUT                   |   PRELEN |   POSTLEN |
+=========================+==========+===========+
| $Output/lib/work/dut.sv |      368 |         0 |
+=========================+==========+===========+
|                         |      368 |         0 |
+-------------------------+----------+-----------+

[   ERROR] : 0
[COVERAGE] : 100.0


#**#**#**#**#**#**#**#**#**#**#**#**#**#**#**#**#**#**#**#**#**#**#**#**#**#**#**#**#**#**#**#**#**#**#**#**#**#**#**#**

COMMAND: ${HLC_DIR}/regression/FuncNoArgs/FuncNoArgs/design.hldb ${HLC_DIR}/regression/FuncNoArgs/FuncNoArgs/reduced.hldb

==================== BEGIN REDUCTION RESULT ====================
Name                            Before   After   Added   Removed
----------------------------------------------------------------
----------------------------------------------------------------
Others                            1456    1456       0         0
----------------------------------------------------------------
                                  1456    1456       0         0
===================== END REDUCTION RESULT =====================
