[INF:CM0023] Creating log file "${SURELOG_DIR}/regression/Verilator/t_var_port2_bad/slpp_all/surelog.log".
AST_DEBUG_BEGIN
Count: 29
LIB: work
FILE: ${SURELOG_DIR}/tests/Verilator/t_var_port2_bad.v
n<${SURELOG_DIR}/tests/Verilator/t_var_port2_bad.v> u<28> t<Top_level_rule> c<1> l<6:1> el<9:1>
  n<> u<1> t<Null_rule> p<28> s<2> l<6:1> el<6:1>
  n<// DESCRIPTION: Verilator: Verilog Test module> u<2> t<LINE_COMMENT> p<28> s<3> l<1:1> el<1:47>
  n<//> u<3> t<LINE_COMMENT> p<28> s<4> l<2:1> el<2:3>
  n<// This file ONLY is placed into the Public Domain, for any use,> u<4> t<LINE_COMMENT> p<28> s<5> l<3:1> el<3:65>
  n<// without warranty, 2019 by Wilson Snyder.> u<5> t<LINE_COMMENT> p<28> s<27> l<4:1> el<4:44>
  n<> u<27> t<Source_text> p<28> c<26> l<6:1> el<8:10>
    n<> u<26> t<Description> p<27> c<25> l<6:1> el<8:10>
      n<> u<25> t<Module_declaration> p<26> c<16> l<6:1> el<8:10>
        n<> u<16> t<Module_nonansi_header> p<25> c<6> s<23> l<6:1> el<6:24>
          n<module> u<6> t<Module_keyword> p<16> s<7> l<6:1> el<6:7>
          n<t> u<7> t<SIMPLE_IDENTIFIER> p<16> s<8> l<6:8> el<6:9>
          n<> u<8> t<Package_import_declaration_list> p<16> s<15> l<6:10> el<6:10>
          n<> u<15> t<Port_list> p<16> c<14> l<6:10> el<6:23>
            n<> u<14> t<Port> p<15> c<13> l<6:11> el<6:22>
              n<> u<13> t<Port_expression> p<14> c<12> l<6:11> el<6:22>
                n<> u<12> t<Port_reference> p<13> c<9> l<6:11> el<6:22>
                  n<portwithoin> u<9> t<SIMPLE_IDENTIFIER> p<12> s<11> l<6:11> el<6:22>
                  n<> u<11> t<Constant_select> p<12> c<10> l<6:22> el<6:22>
                    n<> u<10> t<Constant_bit_select> p<11> l<6:22> el<6:22>
        n<> u<23> t<Module_item> p<25> c<22> s<24> l<7:4> el<7:21>
          n<> u<22> t<Port_declaration> p<23> c<21> l<7:4> el<7:20>
            n<> u<21> t<Input_declaration> p<22> c<18> l<7:4> el<7:20>
              n<> u<18> t<Net_port_type> p<21> c<17> s<20> l<7:10> el<7:10>
                n<> u<17> t<Data_type_or_implicit> p<18> l<7:10> el<7:10>
              n<> u<20> t<Port_identifier_list> p<21> c<19> l<7:10> el<7:20>
                n<portwithin> u<19> t<SIMPLE_IDENTIFIER> p<20> l<7:10> el<7:20>
        n<> u<24> t<ENDMODULE> p<25> l<8:1> el<8:10>
AST_DEBUG_END
[INF:CP0303] ${SURELOG_DIR}/tests/Verilator/t_var_port2_bad.v:6:1: Compile module "work@t".
[INF:CM0029] Using global timescale: "1ns/1ns".
====== UHDM =======
Design name:unnamed:
  vpiName: unnamed
  vpiSourceFiles (1 items):
    SourceFile name:t_var_port2_bad.v file:${SURELOG_DIR}/tests/Verilator/t_var_port2_bad.v:
      vpiParent: Design name:unnamed
      vpiName: t_var_port2_bad.v
      vpiPreprocFile: "${SURELOG_DIR}/regression/Verilator/t_var_port2_bad/slpp_all/lib/work/t_var_port2_bad.v"
      vpiDefNetType: none (12)
  vpiAllModules (1 items):
    Module name:work@t file:${SURELOG_DIR}/tests/Verilator/t_var_port2_bad.v start:6:1 end:8:10:
      vpiParent: Design name:unnamed
      vpiName Identifier name:work@t start:6:8 end:6:9:
        vpiParent: Module name:work@t
        vpiName: work@t
      vpiFullName: work@t
      vpiTypespec (1 items):
        LogicTypespec:
          vpiParent: Module name:work@t
      vpiDefName: work@t
      vpiDefNetType: none (12)
      vpiNet (1 items):
        Net name:portwithoin start:6:11 end:6:22:
          vpiParent: Module name:work@t
          vpiTypespec RefTypespec:
            vpiParent: Net name:portwithoin
            vpiFullName: work@t.portwithoin
          vpiName: portwithoin
          vpiFullName: work@t.portwithoin
      vpiPort (1 items):
        Port name:portwithoin start:6:11 end:6:22:
          vpiParent: Module name:work@t
          vpiName: portwithoin
          vpiLowConn RefObj name:portwithoin start:6:11 end:6:22:
            vpiParent: Port name:portwithoin
            vpiName: portwithoin
            vpiFullName: work@t.portwithoin.portwithoin
            vpiActual: Net name:portwithoin
          vpiTypespec RefTypespec:
            vpiParent: Port name:portwithoin
            vpiFullName: work@t.portwithoin
  vpiTypespec (1 items):
    ModuleTypespec name:work@t:
      vpiParent: Design name:unnamed
      vpiName Identifier name:work@t start:6:8 end:6:9:
        vpiParent: ModuleTypespec name:work@t
        vpiName: work@t
      vpiModule: Module name:work@t
===================

[  FATAL] : 0
[ SYNTAX] : 0
[  ERROR] : 0
[WARNING] : 0
[   NOTE] : 0

#**#**#**#**#**#**#**#**#**#**#**#**#**#**#**#**#**#**#**#**#**#**#**#**#**#**#**#**#**#**#**#**#**#**#**#**#**#**#**#**

Environment:
    test-name: Verilator/t_var_port2_bad
 test-dirpath: ${SURELOG_DIR}/regression/Verilator/t_var_port2_bad
 slpp_dirpath: ${SURELOG_DIR}/regression/Verilator/t_var_port2_bad/slpp_all
uhdm-filepath: ${SURELOG_DIR}/regression/Verilator/t_var_port2_bad/slpp_all/surelog.uhdm


{'result': {'coverage': 79.59,
            'error_count': 0,
            'file_count': 1,
            'files': {PosixPath('${SURELOG_DIR}/regression/Verilator/t_var_port2_bad/slpp_all/lib/work/t_var_port2_bad.v'): {'post_len': 10,
                                                                                                                                                  'pre_len': 49}},
            'post_len': 10,
            'pre_len': 49,
            'test_name': 'Verilator/t_var_port2_bad'}}

+-------------------------------------+----------+-----------+
| INPUT                               |   PRELEN |   POSTLEN |
+=====================================+==========+===========+
| slpp_all/lib/work/t_var_port2_bad.v |       49 |        10 |
+=====================================+==========+===========+
|                                     |       49 |        10 |
+-------------------------------------+----------+-----------+

[   ERROR] : 0
[COVERAGE] : 79.59


#**#**#**#**#**#**#**#**#**#**#**#**#**#**#**#**#**#**#**#**#**#**#**#**#**#**#**#**#**#**#**#**#**#**#**#**#**#**#**#**

COMMAND: ${SURELOG_DIR}/regression/Verilator/t_var_port2_bad/slpp_all/surelog.uhdm ${SURELOG_DIR}/regression/Verilator/t_var_port2_bad/slpp_all/reduced.uhdm

==================== BEGIN REDUCTION RESULT ====================
Name                            Before   After   Added   Removed
----------------------------------------------------------------
----------------------------------------------------------------
Others                              12      12       0         0
----------------------------------------------------------------
                                    12      12       0         0
===================== END REDUCTION RESULT =====================
