********************************************************************************
*                   Begin HLC SystemVerilog Compiler/Linter                    *
********************************************************************************
Copyright (c) 2020 Apotell,
http://www.apache.org/licenses/LICENSE-2.0
VERSION: 1.84
COMMAND: -wd ../../../../tests/ErrorCatalog/chapter-23 -d ast -d db -nobuiltin 23--error_rules.sv -mt 0 -d dbstats -d cache -writepp -d db -nostdout -o ${HLC_DIR}/regression/ErrorCatalog/chapter-23/23--error_rules
[INF:CM5022] Creating log file "$Output/hlc.log".
[INF:PP5223] Preprocessing source file "$Source01/23--error_rules.sv".
[INF:PA5502] Parsing source file "$Source01/23--error_rules.sv".
AST_DEBUG_BEGIN
Count: 194
LIB: work
FILE<0>:$Source01/23--error_rules.sv
n<$Source01/23--error_rules.sv> u<193> t<Top_level_rule> c<1> l<18:1> el<42:1>
  n<> u<1> t<Null_rule> p<193> s<2> l<18:1> el<18:1>
  n</*\n:name: chapter23_error_rules\n:description: IEEE 1800-2023 Clause 23 error scenarios\n:tags: 23.3.3.2 23.3.3.4 23.10.1\n*/> u<2> t<BLOCK_COMMENT> p<193> s<3> l<18:1> el<41:10>
  n<// Every scenario below is derived from one row of the SV error catalog> u<3> t<LINE_COMMENT> p<193> s<4> l<7:1> el<7:72>
  n<// (docs/error_catalog.xml). The "catalog row N" comment is the link back to> u<4> t<LINE_COMMENT> p<193> s<5> l<8:1> el<8:77>
  n<// that row; the matching gtest is named RowN_...> u<5> t<LINE_COMMENT> p<193> s<6> l<9:1> el<9:50>
  n<//> u<6> t<LINE_COMMENT> p<193> s<7> l<10:1> el<10:3>
  n<// None of the three scenarios here raise a syntax error (all are COMP/LINT> u<7> t<LINE_COMMENT> p<193> s<8> l<11:1> el<11:76>
  n<// semantic checks on otherwise well-formed designs), so all three are> u<8> t<LINE_COMMENT> p<193> s<9> l<12:1> el<12:71>
  n<// observed by a single compilation and no sibling fixture is needed.> u<9> t<LINE_COMMENT> p<193> s<10> l<13:1> el<13:70>
  n<// catalog row 862 | 23.3.3.2 | LINT> u<10> t<LINE_COMMENT> p<193> s<11> l<15:1> el<15:37>
  n<// A ref port shall be connected to an equivalent variable data type and> u<11> t<LINE_COMMENT> p<193> s<12> l<16:1> el<16:73>
  n<// cannot be left unconnected.> u<12> t<LINE_COMMENT> p<193> s<192> l<17:1> el<17:31>
  n<> u<192> t<Source_text> p<193> c<28> l<18:1> el<41:10>
    n<> u<28> t<Description> p<192> c<27> s<45> l<18:1> el<18:39>
      n<> u<27> t<Module_declaration> p<28> c<25> l<18:1> el<18:39>
        n<> u<25> t<Module_ansi_header> p<27> c<13> s<26> l<18:1> el<18:29>
          n<module> u<13> t<MODULE> p<25> s<14> l<18:1> el<18:7>
          n<r862_sub> u<14> t<SIMPLE_IDENTIFIER> p<25> s<15> l<18:8> el<18:16>
          n<> u<15> t<Package_import_declaration_list> p<25> s<24> l<18:17> el<18:17>
          n<> u<24> t<Port_declaration_list> p<25> c<23> l<18:17> el<18:28>
            n<> u<23> t<Ansi_port_declaration> p<24> c<21> l<18:18> el<18:27>
              n<> u<21> t<Net_port_header> p<23> c<16> s<22> l<18:18> el<18:25>
                n<> u<16> t<REF> p<21> s<20> l<18:18> el<18:21>
                n<> u<20> t<Net_port_type> p<21> c<19> l<18:22> el<18:25>
                  n<> u<19> t<Data_type_or_implicit> p<20> c<18> l<18:22> el<18:25>
                    n<> u<18> t<Data_type> p<19> c<17> l<18:22> el<18:25>
                      n<> u<17> t<INT> p<18> l<18:22> el<18:25>
              n<r> u<22> t<SIMPLE_IDENTIFIER> p<23> l<18:26> el<18:27>
        n<> u<26> t<ENDMODULE> p<27> l<18:30> el<18:39>
    n<> u<45> t<Description> p<192> c<44> s<46> l<19:1> el<21:10>
      n<> u<44> t<Module_declaration> p<45> c<32> l<19:1> el<21:10>
        n<> u<32> t<Module_ansi_header> p<44> c<29> s<41> l<19:1> el<19:17>
          n<module> u<29> t<MODULE> p<32> s<30> l<19:1> el<19:7>
          n<r862_top> u<30> t<SIMPLE_IDENTIFIER> p<32> s<31> l<19:8> el<19:16>
          n<> u<31> t<Package_import_declaration_list> p<32> l<19:16> el<19:16>
        n<> u<41> t<Non_port_module_item> p<44> c<40> s<42> l<20:3> el<20:17>
          n<> u<40> t<Module_or_generate_item> p<41> c<39> l<20:3> el<20:17>
            n<> u<39> t<Module_instantiation> p<40> c<33> l<20:3> el<20:17>
              n<r862_sub> u<33> t<SIMPLE_IDENTIFIER> p<39> s<38> l<20:3> el<20:11>
              n<> u<38> t<Hierarchical_instance> p<39> c<35> l<20:12> el<20:16>
                n<> u<35> t<Name_of_instance> p<38> c<34> s<37> l<20:12> el<20:13>
                  n<u> u<34> t<SIMPLE_IDENTIFIER> p<35> l<20:12> el<20:13>
                n<> u<37> t<Port_connection_list> p<38> c<36> l<20:15> el<20:15>
                  n<> u<36> t<Ordered_port_connection> p<37> l<20:15> el<20:15>
        n<// illegal: a ref port cannot be left unconnected> u<42> t<LINE_COMMENT> p<44> s<43> l<20:18> el<20:67>
        n<> u<43> t<ENDMODULE> p<44> l<21:1> el<21:10>
    n<// catalog row 864 | 23.3.3.4 | LINT> u<46> t<LINE_COMMENT> p<192> s<47> l<23:1> el<23:37>
    n<// An interface port shall always be connected to an interface instance or a> u<47> t<LINE_COMMENT> p<192> s<48> l<24:1> el<24:77>
    n<// higher level interface port; an interface port cannot be left unconnected.> u<48> t<LINE_COMMENT> p<192> s<67> l<25:1> el<25:78>
    n<> u<67> t<Description> p<192> c<66> s<83> l<26:1> el<26:40>
      n<> u<66> t<Interface_declaration> p<67> c<52> l<26:1> el<26:40>
        n<> u<52> t<Interface_ansi_header> p<66> c<49> s<64> l<26:1> el<26:18>
          n<> u<49> t<INTERFACE> p<52> s<50> l<26:1> el<26:10>
          n<r864_I> u<50> t<SIMPLE_IDENTIFIER> p<52> s<51> l<26:11> el<26:17>
          n<> u<51> t<Package_import_declaration_list> p<52> l<26:17> el<26:17>
        n<> u<64> t<Non_port_interface_item> p<66> c<63> s<65> l<26:19> el<26:27>
          n<> u<63> t<Interface_or_generate_item> p<64> c<62> l<26:19> el<26:27>
            n<> u<62> t<Module_common_item> p<63> c<61> l<26:19> el<26:27>
              n<> u<61> t<Module_or_generate_item_declaration> p<62> c<60> l<26:19> el<26:27>
                n<> u<60> t<Package_or_generate_item_declaration> p<61> c<59> l<26:19> el<26:27>
                  n<> u<59> t<Data_declaration> p<60> c<58> l<26:19> el<26:27>
                    n<> u<58> t<Variable_declaration> p<59> c<54> l<26:19> el<26:27>
                      n<> u<54> t<Data_type> p<58> c<53> s<57> l<26:19> el<26:24>
                        n<> u<53> t<LOGIC> p<54> l<26:19> el<26:24>
                      n<> u<57> t<Variable_decl_assignment_list> p<58> c<56> l<26:25> el<26:26>
                        n<> u<56> t<Variable_decl_assignment> p<57> c<55> l<26:25> el<26:26>
                          n<a> u<55> t<SIMPLE_IDENTIFIER> p<56> l<26:25> el<26:26>
        n<> u<65> t<ENDINTERFACE> p<66> l<26:28> el<26:40>
    n<> u<83> t<Description> p<192> c<82> s<100> l<27:1> el<27:38>
      n<> u<82> t<Module_declaration> p<83> c<80> l<27:1> el<27:38>
        n<> u<80> t<Module_ansi_header> p<82> c<68> s<81> l<27:1> el<27:28>
          n<module> u<68> t<MODULE> p<80> s<69> l<27:1> el<27:7>
          n<r864_sub> u<69> t<SIMPLE_IDENTIFIER> p<80> s<70> l<27:8> el<27:16>
          n<> u<70> t<Package_import_declaration_list> p<80> s<79> l<27:17> el<27:17>
          n<> u<79> t<Port_declaration_list> p<80> c<78> l<27:17> el<27:27>
            n<> u<78> t<Ansi_port_declaration> p<79> c<76> l<27:18> el<27:26>
              n<> u<76> t<Net_port_header> p<78> c<75> s<77> l<27:18> el<27:24>
                n<> u<75> t<Net_port_type> p<76> c<74> l<27:18> el<27:24>
                  n<> u<74> t<Data_type_or_implicit> p<75> c<73> l<27:18> el<27:24>
                    n<> u<73> t<Data_type> p<74> c<72> l<27:18> el<27:24>
                      n<> u<72> t<Class_type> p<73> c<71> l<27:18> el<27:24>
                        n<r864_I> u<71> t<SIMPLE_IDENTIFIER> p<72> l<27:18> el<27:24>
              n<i> u<77> t<SIMPLE_IDENTIFIER> p<78> l<27:25> el<27:26>
        n<> u<81> t<ENDMODULE> p<82> l<27:29> el<27:38>
    n<> u<100> t<Description> p<192> c<99> s<101> l<28:1> el<30:10>
      n<> u<99> t<Module_declaration> p<100> c<87> l<28:1> el<30:10>
        n<> u<87> t<Module_ansi_header> p<99> c<84> s<96> l<28:1> el<28:17>
          n<module> u<84> t<MODULE> p<87> s<85> l<28:1> el<28:7>
          n<r864_top> u<85> t<SIMPLE_IDENTIFIER> p<87> s<86> l<28:8> el<28:16>
          n<> u<86> t<Package_import_declaration_list> p<87> l<28:16> el<28:16>
        n<> u<96> t<Non_port_module_item> p<99> c<95> s<97> l<29:3> el<29:17>
          n<> u<95> t<Module_or_generate_item> p<96> c<94> l<29:3> el<29:17>
            n<> u<94> t<Module_instantiation> p<95> c<88> l<29:3> el<29:17>
              n<r864_sub> u<88> t<SIMPLE_IDENTIFIER> p<94> s<93> l<29:3> el<29:11>
              n<> u<93> t<Hierarchical_instance> p<94> c<90> l<29:12> el<29:16>
                n<> u<90> t<Name_of_instance> p<93> c<89> s<92> l<29:12> el<29:13>
                  n<u> u<89> t<SIMPLE_IDENTIFIER> p<90> l<29:12> el<29:13>
                n<> u<92> t<Port_connection_list> p<93> c<91> l<29:15> el<29:15>
                  n<> u<91> t<Ordered_port_connection> p<92> l<29:15> el<29:15>
        n<// illegal: interface port left unconnected> u<97> t<LINE_COMMENT> p<99> s<98> l<29:18> el<29:61>
        n<> u<98> t<ENDMODULE> p<99> l<30:1> el<30:10>
    n<// catalog row 881 | 23.10.1 | LINT> u<101> t<LINE_COMMENT> p<192> s<102> l<32:1> el<32:36>
    n<// Parameters referenced on the right-hand side of a defparam shall be> u<102> t<LINE_COMMENT> p<192> s<103> l<33:1> el<33:71>
    n<// declared in the same module as the defparam statement.> u<103> t<LINE_COMMENT> p<192> s<126> l<34:1> el<34:58>
    n<> u<126> t<Description> p<192> c<125> s<149> l<35:1> el<35:46>
      n<> u<125> t<Module_declaration> p<126> c<107> l<35:1> el<35:46>
        n<> u<107> t<Module_ansi_header> p<125> c<104> s<123> l<35:1> el<35:19>
          n<module> u<104> t<MODULE> p<107> s<105> l<35:1> el<35:7>
          n<r881_other> u<105> t<SIMPLE_IDENTIFIER> p<107> s<106> l<35:8> el<35:18>
          n<> u<106> t<Package_import_declaration_list> p<107> l<35:18> el<35:18>
        n<> u<123> t<Non_port_module_item> p<125> c<122> s<124> l<35:20> el<35:36>
          n<> u<122> t<Module_or_generate_item> p<123> c<121> l<35:20> el<35:36>
            n<> u<121> t<Module_common_item> p<122> c<120> l<35:20> el<35:36>
              n<> u<120> t<Module_or_generate_item_declaration> p<121> c<119> l<35:20> el<35:36>
                n<> u<119> t<Package_or_generate_item_declaration> p<120> c<118> l<35:20> el<35:36>
                  n<> u<118> t<Parameter_declaration> p<119> c<108> l<35:20> el<35:35>
                    n<> u<108> t<Data_type_or_implicit> p<118> s<117> l<35:30> el<35:30>
                    n<> u<117> t<Param_assignment_list> p<118> c<116> l<35:30> el<35:35>
                      n<> u<116> t<Param_assignment> p<117> c<109> l<35:30> el<35:35>
                        n<q> u<109> t<SIMPLE_IDENTIFIER> p<116> s<115> l<35:30> el<35:31>
                        n<> u<115> t<Constant_param_expression> p<116> c<114> l<35:34> el<35:35>
                          n<> u<114> t<Constant_mintypmax_expression> p<115> c<113> l<35:34> el<35:35>
                            n<> u<113> t<Constant_expression> p<114> c<112> l<35:34> el<35:35>
                              n<> u<112> t<Constant_primary> p<113> c<111> l<35:34> el<35:35>
                                n<> u<111> t<Primary_literal> p<112> c<110> l<35:34> el<35:35>
                                  n<4> u<110> t<INTEGRAL_NUMBER> p<111> l<35:34> el<35:35>
        n<> u<124> t<ENDMODULE> p<125> l<35:37> el<35:46>
    n<> u<149> t<Description> p<192> c<148> s<191> l<36:1> el<36:44>
      n<> u<148> t<Module_declaration> p<149> c<130> l<36:1> el<36:44>
        n<> u<130> t<Module_ansi_header> p<148> c<127> s<146> l<36:1> el<36:17>
          n<module> u<127> t<MODULE> p<130> s<128> l<36:1> el<36:7>
          n<r881_sub> u<128> t<SIMPLE_IDENTIFIER> p<130> s<129> l<36:8> el<36:16>
          n<> u<129> t<Package_import_declaration_list> p<130> l<36:16> el<36:16>
        n<> u<146> t<Non_port_module_item> p<148> c<145> s<147> l<36:18> el<36:34>
          n<> u<145> t<Module_or_generate_item> p<146> c<144> l<36:18> el<36:34>
            n<> u<144> t<Module_common_item> p<145> c<143> l<36:18> el<36:34>
              n<> u<143> t<Module_or_generate_item_declaration> p<144> c<142> l<36:18> el<36:34>
                n<> u<142> t<Package_or_generate_item_declaration> p<143> c<141> l<36:18> el<36:34>
                  n<> u<141> t<Parameter_declaration> p<142> c<131> l<36:18> el<36:33>
                    n<> u<131> t<Data_type_or_implicit> p<141> s<140> l<36:28> el<36:28>
                    n<> u<140> t<Param_assignment_list> p<141> c<139> l<36:28> el<36:33>
                      n<> u<139> t<Param_assignment> p<140> c<132> l<36:28> el<36:33>
                        n<p> u<132> t<SIMPLE_IDENTIFIER> p<139> s<138> l<36:28> el<36:29>
                        n<> u<138> t<Constant_param_expression> p<139> c<137> l<36:32> el<36:33>
                          n<> u<137> t<Constant_mintypmax_expression> p<138> c<136> l<36:32> el<36:33>
                            n<> u<136> t<Constant_expression> p<137> c<135> l<36:32> el<36:33>
                              n<> u<135> t<Constant_primary> p<136> c<134> l<36:32> el<36:33>
                                n<> u<134> t<Primary_literal> p<135> c<133> l<36:32> el<36:33>
                                  n<1> u<133> t<INTEGRAL_NUMBER> p<134> l<36:32> el<36:33>
        n<> u<147> t<ENDMODULE> p<148> l<36:35> el<36:44>
    n<> u<191> t<Description> p<192> c<190> l<37:1> el<41:10>
      n<> u<190> t<Module_declaration> p<191> c<153> l<37:1> el<41:10>
        n<> u<153> t<Module_ansi_header> p<190> c<150> s<162> l<37:1> el<37:17>
          n<module> u<150> t<MODULE> p<153> s<151> l<37:1> el<37:7>
          n<r881_top> u<151> t<SIMPLE_IDENTIFIER> p<153> s<152> l<37:8> el<37:16>
          n<> u<152> t<Package_import_declaration_list> p<153> l<37:16> el<37:16>
        n<> u<162> t<Non_port_module_item> p<190> c<161> s<171> l<38:3> el<38:19>
          n<> u<161> t<Module_or_generate_item> p<162> c<160> l<38:3> el<38:19>
            n<> u<160> t<Module_instantiation> p<161> c<154> l<38:3> el<38:19>
              n<r881_other> u<154> t<SIMPLE_IDENTIFIER> p<160> s<159> l<38:3> el<38:13>
              n<> u<159> t<Hierarchical_instance> p<160> c<156> l<38:14> el<38:18>
                n<> u<156> t<Name_of_instance> p<159> c<155> s<158> l<38:14> el<38:15>
                  n<o> u<155> t<SIMPLE_IDENTIFIER> p<156> l<38:14> el<38:15>
                n<> u<158> t<Port_connection_list> p<159> c<157> l<38:17> el<38:17>
                  n<> u<157> t<Ordered_port_connection> p<158> l<38:17> el<38:17>
        n<> u<171> t<Non_port_module_item> p<190> c<170> s<187> l<39:3> el<39:17>
          n<> u<170> t<Module_or_generate_item> p<171> c<169> l<39:3> el<39:17>
            n<> u<169> t<Module_instantiation> p<170> c<163> l<39:3> el<39:17>
              n<r881_sub> u<163> t<SIMPLE_IDENTIFIER> p<169> s<168> l<39:3> el<39:11>
              n<> u<168> t<Hierarchical_instance> p<169> c<165> l<39:12> el<39:16>
                n<> u<165> t<Name_of_instance> p<168> c<164> s<167> l<39:12> el<39:13>
                  n<u> u<164> t<SIMPLE_IDENTIFIER> p<165> l<39:12> el<39:13>
                n<> u<167> t<Port_connection_list> p<168> c<166> l<39:15> el<39:15>
                  n<> u<166> t<Ordered_port_connection> p<167> l<39:15> el<39:15>
        n<> u<187> t<Non_port_module_item> p<190> c<186> s<188> l<40:3> el<40:22>
          n<> u<186> t<Module_or_generate_item> p<187> c<185> l<40:3> el<40:22>
            n<> u<185> t<Parameter_override> p<186> c<184> l<40:3> el<40:22>
              n<> u<184> t<Defparam_assignment_list> p<185> c<183> l<40:12> el<40:21>
                n<> u<183> t<Defparam_assignment> p<184> c<175> l<40:12> el<40:21>
                  n<> u<175> t<Hierarchical_identifier> p<183> c<172> s<182> l<40:12> el<40:15>
                    n<u> u<172> t<SIMPLE_IDENTIFIER> p<175> s<173> l<40:12> el<40:13>
                    n<> u<173> t<Constant_bit_select> p<175> s<174> l<40:13> el<40:13>
                    n<p> u<174> t<SIMPLE_IDENTIFIER> p<175> l<40:14> el<40:15>
                  n<> u<182> t<Constant_mintypmax_expression> p<183> c<181> l<40:18> el<40:21>
                    n<> u<181> t<Constant_expression> p<182> c<180> l<40:18> el<40:21>
                      n<> u<180> t<Constant_primary> p<181> c<176> l<40:18> el<40:21>
                        n<o> u<176> t<SIMPLE_IDENTIFIER> p<180> s<179> l<40:18> el<40:19>
                        n<> u<179> t<Constant_select> p<180> c<177> l<40:19> el<40:21>
                          n<q> u<177> t<SIMPLE_IDENTIFIER> p<179> s<178> l<40:20> el<40:21>
                          n<> u<178> t<Constant_bit_select> p<179> l<40:21> el<40:21>
        n<// illegal: referenced parameter is not declared in the module containing the defparam> u<188> t<LINE_COMMENT> p<190> s<189> l<40:23> el<40:109>
        n<> u<189> t<ENDMODULE> p<190> l<41:1> el<41:10>
AST_DEBUG_END
[INF:CP5804] $Source01/23--error_rules.sv:18:1: Compile module "r862_sub".
[INF:CP5804] $Source01/23--error_rules.sv:19:1: Compile module "r862_top".
[INF:CP5805] $Source01/23--error_rules.sv:26:1: Compile interface "r864_I".
[INF:CP5804] $Source01/23--error_rules.sv:27:1: Compile module "r864_sub".
[WRN:CP5811] $Source01/23--error_rules.sv:27:25: Port "i" definition missing its direction (input, output, inout).
[INF:CP5804] $Source01/23--error_rules.sv:28:1: Compile module "r864_top".
[INF:CP5804] $Source01/23--error_rules.sv:35:1: Compile module "r881_other".
[INF:CP5804] $Source01/23--error_rules.sv:36:1: Compile module "r881_sub".
[INF:CP5804] $Source01/23--error_rules.sv:37:1: Compile module "r881_top".
[WRN:PA5506] $Source01/23--error_rules.sv:18:1: No timescale set for "r862_sub".
[WRN:PA5506] $Source01/23--error_rules.sv:19:1: No timescale set for "r862_top".
[WRN:PA5506] $Source01/23--error_rules.sv:27:1: No timescale set for "r864_sub".
[WRN:PA5506] $Source01/23--error_rules.sv:28:1: No timescale set for "r864_top".
[WRN:PA5506] $Source01/23--error_rules.sv:35:1: No timescale set for "r881_other".
[WRN:PA5506] $Source01/23--error_rules.sv:36:1: No timescale set for "r881_sub".
[WRN:PA5506] $Source01/23--error_rules.sv:37:1: No timescale set for "r881_top".
[WRN:PA5506] $Source01/23--error_rules.sv:26:1: No timescale set for "r864_I".
[ERR:CP5929] $Source01/23--error_rules.sv:40:12: Illegal expression in this context: r881_top.
====== HLDB =======
Design name:unnamed:
  vpiName: unnamed
  vpiSourceFile (1 items):
    SourceFile name:23--error_rules.sv file:$Source01/23--error_rules.sv:
      vpiParent: Design name:unnamed
      vpiName: "23--error_rules.sv"
      vpiPreprocFile: "$Output/lib/work/23--error_rules.sv"
  vpiAllInterfaces (1 items):
    Interface name:r864_I file:$Source01/23--error_rules.sv start:26:1 end:26:40:
      vpiParent: Design name:unnamed
      vpiName Identifier name:r864_I start:26:11 end:26:17:
      vpiFullName: r864_I
      vpiVariable (1 items):
        Variable name:a start:26:25 end:26:26:
          vpiParent: Interface name:r864_I
          vpiTypespec RefTypespec start:26:19 end:26:24:
            vpiParent: Variable name:a
            vpiFullName: r864_I.a
            vpiActual: LogicTypespec
          vpiName: a
          vpiFullName: r864_I.a
      vpiTypespec (1 items):
        LogicTypespec:
          vpiParent: Interface name:r864_I
      vpiDefName: r864_I
      vpiDefNetType: wire (1)
      vpiUnconnDrive: highz (1)
      vpiLibrary RefObj name:work start:26:11 end:26:17:
        vpiParent: Interface name:r864_I
        vpiName: work
        vpiFullName: r864_I.work
        vpiActual: Library name:work
      vpiCell: r864_I
  vpiAllModules (7 items):
    Module name:r862_sub file:$Source01/23--error_rules.sv start:18:1 end:18:39:
      vpiParent: Design name:unnamed
      vpiName Identifier name:r862_sub start:18:8 end:18:16:
      vpiFullName: r862_sub
      vpiVariable (1 items):
        Variable name:r start:18:26 end:18:27:
          vpiParent: Module name:r862_sub
          vpiTypespec RefTypespec start:18:22 end:18:25:
            vpiParent: Variable name:r
            vpiFullName: r862_sub.r
            vpiActual: IntTypespec
          vpiName: r
          vpiFullName: r862_sub.r
      vpiDefName: r862_sub
      vpiDefNetType: wire (1)
      vpiDefDelayMode: none (1)
      vpiUnconnDrive: highz (1)
      vpiLibrary RefObj name:work start:18:8 end:18:16:
        vpiParent: Module name:r862_sub
        vpiName: work
        vpiFullName: r862_sub.work
        vpiActual: Library name:work
      vpiCell: r862_sub
      vpiPort (1 items):
        Port name:r start:18:26 end:18:27:
          vpiParent: Module name:r862_sub
          vpiName: r
          vpiDirection: ref (6)
          vpiLowConn RefObj name:r start:18:26 end:18:27:
            vpiParent: Port name:r
            vpiName: r
            vpiFullName: r862_sub.r.r
            vpiActual: Variable name:r
          vpiTypespec RefTypespec start:18:22 end:18:25:
            vpiParent: Port name:r
            vpiFullName: r862_sub.r
            vpiActual: IntTypespec
    Module name:r862_top file:$Source01/23--error_rules.sv start:19:1 end:21:10:
      vpiParent: Design name:unnamed
      vpiName Identifier name:r862_top start:19:8 end:19:16:
      vpiFullName: r862_top
      vpiTypespec (1 items):
        ModuleTypespec name:r862_sub start:20:3 end:20:11:
          vpiParent: Module name:r862_top
          vpiName Identifier name:r862_sub start:20:3 end:20:11:
          vpiDefName: r862_sub
          vpiModule: Module name:r862_sub
      vpiDefName: r862_top
      vpiDefNetType: wire (1)
      vpiDefDelayMode: none (1)
      vpiUnconnDrive: highz (1)
      vpiLibrary RefObj name:work start:19:8 end:19:16:
        vpiParent: Module name:r862_top
        vpiName: work
        vpiFullName: r862_top.work
        vpiActual: Library name:work
      vpiCell: r862_top
      vpiRefInstance (1 items):
        RefInstance name:u start:20:12 end:20:13:
          vpiParent: Module name:r862_top
          vpiName: u
          vpiTypespec RefTypespec name:r862_sub start:20:3 end:20:11:
            vpiParent: RefInstance name:u
            vpiName: r862_sub
            vpiFullName: r862_top.u.r862_sub
            vpiActual: ModuleTypespec name:r862_sub
    Module name:r864_sub file:$Source01/23--error_rules.sv start:27:1 end:27:38:
      vpiParent: Design name:unnamed
      vpiName Identifier name:r864_sub start:27:8 end:27:16:
      vpiFullName: r864_sub
      vpiDefName: r864_sub
      vpiDefNetType: wire (1)
      vpiDefDelayMode: none (1)
      vpiUnconnDrive: highz (1)
      vpiLibrary RefObj name:work start:27:8 end:27:16:
        vpiParent: Module name:r864_sub
        vpiName: work
        vpiFullName: r864_sub.work
        vpiActual: Library name:work
      vpiCell: r864_sub
      vpiNet (1 items):
        Net name:i start:27:25 end:27:26:
          vpiParent: Module name:r864_sub
          vpiTypespec RefTypespec name:r864_I start:27:18 end:27:24:
            vpiParent: Net name:i
            vpiName: r864_I
            vpiFullName: r864_sub.i.r864_I
            vpiActual: InterfaceTypespec name:r864_I
          vpiName: i
          vpiFullName: r864_sub.i
          vpiNetType: wire (1)
      vpiPort (1 items):
        Port name:i start:27:25 end:27:26:
          vpiParent: Module name:r864_sub
          vpiName: i
          vpiDirection: inout (3)
          vpiLowConn RefObj name:i start:27:25 end:27:26:
            vpiParent: Port name:i
            vpiName: i
            vpiFullName: r864_sub.i.i
            vpiActual: Net name:i
          vpiTypespec RefTypespec name:r864_I start:27:18 end:27:24:
            vpiParent: Port name:i
            vpiName: r864_I
            vpiFullName: r864_sub.i.r864_I
            vpiActual: InterfaceTypespec name:r864_I
    Module name:r864_top file:$Source01/23--error_rules.sv start:28:1 end:30:10:
      vpiParent: Design name:unnamed
      vpiName Identifier name:r864_top start:28:8 end:28:16:
      vpiFullName: r864_top
      vpiTypespec (1 items):
        ModuleTypespec name:r864_sub start:29:3 end:29:11:
          vpiParent: Module name:r864_top
          vpiName Identifier name:r864_sub start:29:3 end:29:11:
          vpiDefName: r864_sub
          vpiModule: Module name:r864_sub
      vpiDefName: r864_top
      vpiDefNetType: wire (1)
      vpiDefDelayMode: none (1)
      vpiUnconnDrive: highz (1)
      vpiLibrary RefObj name:work start:28:8 end:28:16:
        vpiParent: Module name:r864_top
        vpiName: work
        vpiFullName: r864_top.work
        vpiActual: Library name:work
      vpiCell: r864_top
      vpiRefInstance (1 items):
        RefInstance name:u start:29:12 end:29:13:
          vpiParent: Module name:r864_top
          vpiName: u
          vpiTypespec RefTypespec name:r864_sub start:29:3 end:29:11:
            vpiParent: RefInstance name:u
            vpiName: r864_sub
            vpiFullName: r864_top.u.r864_sub
            vpiActual: ModuleTypespec name:r864_sub
    Module name:r881_other file:$Source01/23--error_rules.sv start:35:1 end:35:46:
      vpiParent: Design name:unnamed
      vpiName Identifier name:r881_other start:35:8 end:35:18:
      vpiFullName: r881_other
      vpiParameter (1 items):
        Parameter name:q start:35:30 end:35:31:
          vpiParent: Module name:r881_other
          vpiTypespec RefTypespec:
            vpiParent: Parameter name:q
            vpiFullName: r881_other.q
            vpiActual: LogicTypespec
          vpiName: q
          vpiFullName: r881_other.q
      vpiParamAssign (1 items):
        ParamAssign start:35:30 end:35:35:
          vpiParent: Module name:r881_other
          vpiLhs RefObj name:q start:35:30 end:35:31:
            vpiParent: ParamAssign
            vpiName: q
            vpiFullName: r881_other.q
            vpiActual: Parameter name:q
          vpiRhs Constant start:35:34 end:35:35:
            vpiParent: ParamAssign
            vpiTypespec RefTypespec:
              vpiParent: Constant
              vpiFullName: r881_other
              vpiActual: IntTypespec
            vpiConstType: unsigned int (9)
            vpiSize: 64
            vpiDecompile: "4"
            vpiValue: 4
      vpiTypespec (1 items):
        LogicTypespec:
          vpiParent: Module name:r881_other
      vpiDefName: r881_other
      vpiDefNetType: wire (1)
      vpiDefDelayMode: none (1)
      vpiUnconnDrive: highz (1)
      vpiLibrary RefObj name:work start:35:8 end:35:18:
        vpiParent: Module name:r881_other
        vpiName: work
        vpiFullName: r881_other.work
        vpiActual: Library name:work
      vpiCell: r881_other
    Module name:r881_sub file:$Source01/23--error_rules.sv start:36:1 end:36:44:
      vpiParent: Design name:unnamed
      vpiName Identifier name:r881_sub start:36:8 end:36:16:
      vpiFullName: r881_sub
      vpiParameter (1 items):
        Parameter name:p start:36:28 end:36:29:
          vpiParent: Module name:r881_sub
          vpiTypespec RefTypespec:
            vpiParent: Parameter name:p
            vpiFullName: r881_sub.p
            vpiActual: LogicTypespec
          vpiName: p
          vpiFullName: r881_sub.p
      vpiParamAssign (1 items):
        ParamAssign start:36:28 end:36:33:
          vpiParent: Module name:r881_sub
          vpiLhs RefObj name:p start:36:28 end:36:29:
            vpiParent: ParamAssign
            vpiName: p
            vpiFullName: r881_sub.p
            vpiActual: Parameter name:p
          vpiRhs Constant start:36:32 end:36:33:
            vpiParent: ParamAssign
            vpiTypespec RefTypespec:
              vpiParent: Constant
              vpiFullName: r881_sub
              vpiActual: IntTypespec
            vpiConstType: unsigned int (9)
            vpiSize: 64
            vpiDecompile: "1"
            vpiValue: 1
      vpiTypespec (1 items):
        LogicTypespec:
          vpiParent: Module name:r881_sub
      vpiDefName: r881_sub
      vpiDefNetType: wire (1)
      vpiDefDelayMode: none (1)
      vpiUnconnDrive: highz (1)
      vpiLibrary RefObj name:work start:36:8 end:36:16:
        vpiParent: Module name:r881_sub
        vpiName: work
        vpiFullName: r881_sub.work
        vpiActual: Library name:work
      vpiCell: r881_sub
    Module name:r881_top file:$Source01/23--error_rules.sv start:37:1 end:41:10:
      vpiParent: Design name:unnamed
      vpiName Identifier name:r881_top start:37:8 end:37:16:
      vpiFullName: r881_top
      vpiTypespec (2 items):
        ModuleTypespec name:r881_other start:38:3 end:38:13:
          vpiParent: Module name:r881_top
          vpiName Identifier name:r881_other start:38:3 end:38:13:
          vpiDefName: r881_other
          vpiModule: Module name:r881_other
        ModuleTypespec name:r881_sub start:39:3 end:39:11:
          vpiParent: Module name:r881_top
          vpiName Identifier name:r881_sub start:39:3 end:39:11:
          vpiDefName: r881_sub
          vpiModule: Module name:r881_sub
      vpiDefName: r881_top
      vpiDefNetType: wire (1)
      vpiDefDelayMode: none (1)
      vpiUnconnDrive: highz (1)
      vpiLibrary RefObj name:work start:37:8 end:37:16:
        vpiParent: Module name:r881_top
        vpiName: work
        vpiFullName: r881_top.work
        vpiActual: Library name:work
      vpiCell: r881_top
      vpiDefParam (1 items):
        DefParam start:40:12 end:40:21:
          vpiParent: Module name:r881_top
          vpiLhs RefObj name:u.p start:40:12 end:40:15:
            vpiParent: DefParam
            vpiName: u.p
            vpiFullName: r881_top.u.p
            vpiPathElem (2 items):
              RefObj name:u start:40:12 end:40:13:
                vpiParent: RefObj name:u.p
                vpiName: u
                vpiFullName: r881_top.u
                vpiActual: RefInstance name:u
              RefObj name:p start:40:14 end:40:15:
                vpiParent: RefObj name:u.p
                vpiName: p
                vpiFullName: r881_top.p
                vpiActual: Parameter name:p
            vpiActual: Parameter name:p
          vpiRhs RefObj name:o.q start:40:18 end:40:21:
            vpiParent: DefParam
            vpiName: o.q
            vpiFullName: r881_top.o.q
            vpiPathElem (2 items):
              RefObj name:o start:40:18 end:40:19:
                vpiParent: RefObj name:o.q
                vpiName: o
                vpiFullName: r881_top.o
                vpiActual: RefInstance name:o
              RefObj name:q start:40:20 end:40:21:
                vpiParent: RefObj name:o.q
                vpiName: q
                vpiFullName: r881_top.q
                vpiActual: Parameter name:q
            vpiActual: Parameter name:q
      vpiRefInstance (2 items):
        RefInstance name:o start:38:14 end:38:15:
          vpiParent: Module name:r881_top
          vpiName: o
          vpiTypespec RefTypespec name:r881_other start:38:3 end:38:13:
            vpiParent: RefInstance name:o
            vpiName: r881_other
            vpiFullName: r881_top.o.r881_other
            vpiActual: ModuleTypespec name:r881_other
        RefInstance name:u start:39:12 end:39:13:
          vpiParent: Module name:r881_top
          vpiName: u
          vpiTypespec RefTypespec name:r881_sub start:39:3 end:39:11:
            vpiParent: RefInstance name:u
            vpiName: r881_sub
            vpiFullName: r881_top.u.r881_sub
            vpiActual: ModuleTypespec name:r881_sub
  vpiTypespec (9 items):
    ModuleTypespec name:r862_sub:
      vpiParent: Design name:unnamed
      vpiName Identifier name:r862_sub start:18:8 end:18:16:
      vpiDefName: r862_sub
      vpiModule: Module name:r862_sub
    IntTypespec:
      vpiParent: Design name:unnamed
      vpiSigned: true
    ModuleTypespec name:r862_top:
      vpiParent: Design name:unnamed
      vpiName Identifier name:r862_top start:19:8 end:19:16:
      vpiDefName: r862_top
      vpiModule: Module name:r862_top
    InterfaceTypespec name:r864_I:
      vpiParent: Design name:unnamed
      vpiName Identifier name:r864_I start:26:11 end:26:17:
      vpiDefName: r864_I
      vpiInterface: Interface name:r864_I
    ModuleTypespec name:r864_sub:
      vpiParent: Design name:unnamed
      vpiName Identifier name:r864_sub start:27:8 end:27:16:
      vpiDefName: r864_sub
      vpiModule: Module name:r864_sub
    ModuleTypespec name:r864_top:
      vpiParent: Design name:unnamed
      vpiName Identifier name:r864_top start:28:8 end:28:16:
      vpiDefName: r864_top
      vpiModule: Module name:r864_top
    ModuleTypespec name:r881_other:
      vpiParent: Design name:unnamed
      vpiName Identifier name:r881_other start:35:8 end:35:18:
      vpiDefName: r881_other
      vpiModule: Module name:r881_other
    ModuleTypespec name:r881_sub:
      vpiParent: Design name:unnamed
      vpiName Identifier name:r881_sub start:36:8 end:36:16:
      vpiDefName: r881_sub
      vpiModule: Module name:r881_sub
    ModuleTypespec name:r881_top:
      vpiParent: Design name:unnamed
      vpiName Identifier name:r881_top start:37:8 end:37:16:
      vpiDefName: r881_top
      vpiModule: Module name:r881_top
  vpiLibrary (1 items):
    Library name:work:
      vpiParent: Design name:unnamed
      vpiName: work
===================
[  FATAL] : 0
[ SYNTAX] : 0
[  ERROR] : 1
[WARNING] : 9
[   NOTE] : 0
********************************************************************************
*                    End HLC SystemVerilog Compiler/Linter                     *
********************************************************************************

#**#**#**#**#**#**#**#**#**#**#**#**#**#**#**#**#**#**#**#**#**#**#**#**#**#**#**#**#**#**#**#**#**#**#**#**#**#**#**#**

Environment:
      test-name: ErrorCatalog/chapter-23/23--error_rules
   test-dirpath: ${HLC_DIR}/regression/ErrorCatalog/chapter-23/23--error_rules
  hldb-filepath: ${HLC_DIR}/regression/ErrorCatalog/chapter-23/23--error_rules/design.hldb
mounts-filepath: ${HLC_DIR}/regression/ErrorCatalog/chapter-23/23--error_rules/mounts.json


{'result': {'coverage': 100.0,
            'error_count': 0,
            'file_count': 1,
            'files': {'$Output/lib/work/23--error_rules.sv': {'post_len': 0,
                                                              'pre_len': 354}},
            'post_len': 0,
            'pre_len': 354,
            'test_name': 'ErrorCatalog/chapter-23/23--error_rules'}}

+-------------------------------------+----------+-----------+
| INPUT                               |   PRELEN |   POSTLEN |
+=====================================+==========+===========+
| $Output/lib/work/23--error_rules.sv |      354 |         0 |
+=====================================+==========+===========+
|                                     |      354 |         0 |
+-------------------------------------+----------+-----------+

[   ERROR] : 0
[COVERAGE] : 100.0


#**#**#**#**#**#**#**#**#**#**#**#**#**#**#**#**#**#**#**#**#**#**#**#**#**#**#**#**#**#**#**#**#**#**#**#**#**#**#**#**

COMMAND: ${HLC_DIR}/regression/ErrorCatalog/chapter-23/23--error_rules/design.hldb ${HLC_DIR}/regression/ErrorCatalog/chapter-23/23--error_rules/reduced.hldb

==================== BEGIN REDUCTION RESULT ====================
Name                            Before   After   Added   Removed
----------------------------------------------------------------
----------------------------------------------------------------
Others                              94      94       0         0
----------------------------------------------------------------
                                    94      94       0         0
===================== END REDUCTION RESULT =====================
