********************************************************************************
*                   Begin HLC SystemVerilog Compiler/Linter                    *
********************************************************************************
Copyright (c) 2020 Apotell,
http://www.apache.org/licenses/LICENSE-2.0
VERSION: 1.84
COMMAND: -wd ../../../tests/UtdSV -nobuiltin -timescale=1ns/1ns -d ast -d db casez.v -mt 0 -d dbstats -d cache -writepp -d db -nostdout -o ${HLC_DIR}/regression/UtdSV/casez.v
[INF:CM5022] Creating log file "$Output/hlc.log".
[INF:PP5223] Preprocessing source file "$Source01/casez.v".
[INF:PA5502] Parsing source file "$Source01/casez.v".
AST_DEBUG_BEGIN
Count: 207
LIB: work
FILE<0>:$Source01/casez.v
n<$Source01/casez.v> u<206> t<Top_level_rule> c<1> l<3:1> el<28:1>
  n<> u<1> t<Null_rule> p<206> s<205> l<3:1> el<3:1>
  n<> u<205> t<Source_text> p<206> c<204> l<3:1> el<27:10>
    n<> u<204> t<Description> p<205> c<203> l<3:1> el<27:10>
      n<> u<203> t<Module_declaration> p<204> c<5> l<3:1> el<27:10>
        n<> u<5> t<Module_ansi_header> p<203> c<2> s<26> l<3:1> el<3:17>
          n<module> u<2> t<MODULE> p<5> s<3> l<3:1> el<3:7>
          n<tb_casez> u<3> t<SIMPLE_IDENTIFIER> p<5> s<4> l<3:8> el<3:16>
          n<> u<4> t<Package_import_declaration_list> p<5> l<3:16> el<3:16>
        n<> u<26> t<Non_port_module_item> p<203> c<25> s<47> l<5:1> el<5:21>
          n<> u<25> t<Module_or_generate_item> p<26> c<24> l<5:1> el<5:21>
            n<> u<24> t<Module_common_item> p<25> c<23> l<5:1> el<5:21>
              n<> u<23> t<Module_or_generate_item_declaration> p<24> c<22> l<5:1> el<5:21>
                n<> u<22> t<Package_or_generate_item_declaration> p<23> c<21> l<5:1> el<5:21>
                  n<> u<21> t<Net_declaration> p<22> c<6> l<5:1> el<5:21>
                    n<> u<6> t<WIRE> p<21> s<17> l<5:1> el<5:5>
                    n<> u<17> t<Data_type_or_implicit> p<21> c<16> s<20> l<5:6> el<5:12>
                      n<> u<16> t<Packed_dimension> p<17> c<15> l<5:6> el<5:12>
                        n<> u<15> t<Constant_range> p<16> c<10> l<5:7> el<5:11>
                          n<> u<10> t<Constant_expression> p<15> c<9> s<14> l<5:7> el<5:9>
                            n<> u<9> t<Constant_primary> p<10> c<8> l<5:7> el<5:9>
                              n<> u<8> t<Primary_literal> p<9> c<7> l<5:7> el<5:9>
                                n<31> u<7> t<INTEGRAL_NUMBER> p<8> l<5:7> el<5:9>
                          n<> u<14> t<Constant_expression> p<15> c<13> l<5:10> el<5:11>
                            n<> u<13> t<Constant_primary> p<14> c<12> l<5:10> el<5:11>
                              n<> u<12> t<Primary_literal> p<13> c<11> l<5:10> el<5:11>
                                n<0> u<11> t<INTEGRAL_NUMBER> p<12> l<5:10> el<5:11>
                    n<> u<20> t<Net_decl_assignment_list> p<21> c<19> l<5:13> el<5:20>
                      n<> u<19> t<Net_decl_assignment> p<20> c<18> l<5:13> el<5:20>
                        n<shifter> u<18> t<SIMPLE_IDENTIFIER> p<19> l<5:13> el<5:20>
        n<> u<47> t<Non_port_module_item> p<203> c<46> s<201> l<6:1> el<6:20>
          n<> u<46> t<Module_or_generate_item> p<47> c<45> l<6:1> el<6:20>
            n<> u<45> t<Module_common_item> p<46> c<44> l<6:1> el<6:20>
              n<> u<44> t<Module_or_generate_item_declaration> p<45> c<43> l<6:1> el<6:20>
                n<> u<43> t<Package_or_generate_item_declaration> p<44> c<42> l<6:1> el<6:20>
                  n<> u<42> t<Net_declaration> p<43> c<27> l<6:1> el<6:20>
                    n<> u<27> t<WIRE> p<42> s<38> l<6:1> el<6:5>
                    n<> u<38> t<Data_type_or_implicit> p<42> c<37> s<41> l<6:6> el<6:12>
                      n<> u<37> t<Packed_dimension> p<38> c<36> l<6:6> el<6:12>
                        n<> u<36> t<Constant_range> p<37> c<31> l<6:7> el<6:11>
                          n<> u<31> t<Constant_expression> p<36> c<30> s<35> l<6:7> el<6:9>
                            n<> u<30> t<Constant_primary> p<31> c<29> l<6:7> el<6:9>
                              n<> u<29> t<Primary_literal> p<30> c<28> l<6:7> el<6:9>
                                n<31> u<28> t<INTEGRAL_NUMBER> p<29> l<6:7> el<6:9>
                          n<> u<35> t<Constant_expression> p<36> c<34> l<6:10> el<6:11>
                            n<> u<34> t<Constant_primary> p<35> c<33> l<6:10> el<6:11>
                              n<> u<33> t<Primary_literal> p<34> c<32> l<6:10> el<6:11>
                                n<0> u<32> t<INTEGRAL_NUMBER> p<33> l<6:10> el<6:11>
                    n<> u<41> t<Net_decl_assignment_list> p<42> c<40> l<6:13> el<6:19>
                      n<> u<40> t<Net_decl_assignment> p<41> c<39> l<6:13> el<6:19>
                        n<result> u<39> t<SIMPLE_IDENTIFIER> p<40> l<6:13> el<6:19>
        n<> u<201> t<Non_port_module_item> p<203> c<200> s<202> l<8:1> el<25:4>
          n<> u<200> t<Module_or_generate_item> p<201> c<199> l<8:1> el<25:4>
            n<> u<199> t<Module_common_item> p<200> c<198> l<8:1> el<25:4>
              n<> u<198> t<Initial_construct> p<199> c<197> l<8:1> el<25:4>
                n<> u<197> t<Statement_or_null> p<198> c<196> l<8:9> el<25:4>
                  n<> u<196> t<Statement> p<197> c<195> l<8:9> el<25:4>
                    n<> u<195> t<Statement_item> p<196> c<194> l<8:9> el<25:4>
                      n<> u<194> t<Seq_block> p<195> c<66> l<8:9> el<25:4>
                        n<> u<66> t<Statement_or_null> p<194> c<65> s<80> l<10:5> el<10:30>
                          n<> u<65> t<Statement> p<66> c<64> l<10:5> el<10:30>
                            n<> u<64> t<Statement_item> p<65> c<63> l<10:5> el<10:30>
                              n<> u<63> t<Subroutine_call_statement> p<64> c<62> l<10:5> el<10:30>
                                n<> u<62> t<Subroutine_call> p<63> c<48> l<10:5> el<10:29>
                                  n<$> u<48> t<DOLLAR> p<62> s<49> l<10:5> el<10:6>
                                  n<monitor> u<49> t<SIMPLE_IDENTIFIER> p<62> s<60> l<10:6> el<10:13>
                                  n<> u<60> t<OPEN_PARENS> p<62> s<59> l<10:13> el<10:14>
                                  n<> u<59> t<Argument_list> p<62> c<53> s<61> l<10:14> el<10:28>
                                    n<> u<53> t<Expression> p<59> c<52> s<58> l<10:14> el<10:21>
                                      n<> u<52> t<Primary> p<53> c<51> l<10:14> el<10:21>
                                        n<> u<51> t<Primary_literal> p<52> c<50> l<10:14> el<10:21>
                                          n<shifter> u<50> t<SIMPLE_IDENTIFIER> p<51> l<10:14> el<10:21>
                                    n<> u<58> t<Argument> p<59> c<57> l<10:22> el<10:28>
                                      n<> u<57> t<Expression> p<58> c<56> l<10:22> el<10:28>
                                        n<> u<56> t<Primary> p<57> c<55> l<10:22> el<10:28>
                                          n<> u<55> t<Primary_literal> p<56> c<54> l<10:22> el<10:28>
                                            n<result> u<54> t<SIMPLE_IDENTIFIER> p<55> l<10:22> el<10:28>
                                  n<> u<61> t<CLOSE_PARENS> p<62> l<10:28> el<10:29>
                        n<> u<80> t<Statement_or_null> p<194> c<79> s<100> l<11:5> el<11:21>
                          n<> u<79> t<Statement> p<80> c<78> l<11:5> el<11:21>
                            n<> u<78> t<Statement_item> p<79> c<77> l<11:5> el<11:21>
                              n<> u<77> t<Blocking_assignment> p<78> c<76> l<11:5> el<11:20>
                                n<> u<76> t<Variable_assignment> p<77> c<71> l<11:5> el<11:20>
                                  n<> u<71> t<Variable_lvalue> p<76> c<68> s<75> l<11:5> el<11:12>
                                    n<> u<68> t<Ps_or_hierarchical_identifier> p<71> c<67> s<70> l<11:5> el<11:12>
                                      n<shifter> u<67> t<SIMPLE_IDENTIFIER> p<68> l<11:5> el<11:12>
                                    n<> u<70> t<Select> p<71> c<69> l<11:13> el<11:13>
                                      n<> u<69> t<Bit_select> p<70> l<11:13> el<11:13>
                                  n<> u<75> t<Expression> p<76> c<74> l<11:15> el<11:20>
                                    n<> u<74> t<Primary> p<75> c<73> l<11:15> el<11:20>
                                      n<> u<73> t<Primary_literal> p<74> c<72> l<11:15> el<11:20>
                                        n<32'b1> u<72> t<INTEGRAL_NUMBER> p<73> l<11:15> el<11:20>
                        n<> u<100> t<Statement_or_null> p<194> c<99> s<148> l<13:5> el<13:27>
                          n<> u<99> t<Statement> p<100> c<98> l<13:5> el<13:27>
                            n<> u<98> t<Statement_item> p<99> c<97> l<13:5> el<13:27>
                              n<> u<97> t<Blocking_assignment> p<98> c<96> l<13:5> el<13:26>
                                n<> u<96> t<Variable_assignment> p<97> c<85> l<13:5> el<13:26>
                                  n<> u<85> t<Variable_lvalue> p<96> c<82> s<95> l<13:5> el<13:11>
                                    n<> u<82> t<Ps_or_hierarchical_identifier> p<85> c<81> s<84> l<13:5> el<13:11>
                                      n<result> u<81> t<SIMPLE_IDENTIFIER> p<82> l<13:5> el<13:11>
                                    n<> u<84> t<Select> p<85> c<83> l<13:12> el<13:12>
                                      n<> u<83> t<Bit_select> p<84> l<13:12> el<13:12>
                                  n<> u<95> t<Expression> p<96> c<89> l<13:14> el<13:26>
                                    n<> u<89> t<Expression> p<95> c<88> s<94> l<13:14> el<13:21>
                                      n<> u<88> t<Primary> p<89> c<87> l<13:14> el<13:21>
                                        n<> u<87> t<Primary_literal> p<88> c<86> l<13:14> el<13:21>
                                          n<shifter> u<86> t<SIMPLE_IDENTIFIER> p<87> l<13:14> el<13:21>
                                    n<> u<94> t<SHIFT_LEFT> p<95> s<93> l<13:22> el<13:24>
                                    n<> u<93> t<Expression> p<95> c<92> l<13:25> el<13:26>
                                      n<> u<92> t<Primary> p<93> c<91> l<13:25> el<13:26>
                                        n<> u<91> t<Primary_literal> p<92> c<90> l<13:25> el<13:26>
                                          n<4> u<90> t<INTEGRAL_NUMBER> p<91> l<13:25> el<13:26>
                        n<> u<148> t<Statement_or_null> p<194> c<147> s<192> l<15:5> el<18:12>
                          n<> u<147> t<Statement> p<148> c<146> l<15:5> el<18:12>
                            n<> u<146> t<Statement_item> p<147> c<145> l<15:5> el<18:12>
                              n<> u<145> t<Case_statement> p<146> c<101> l<15:5> el<18:12>
                                n<> u<101> t<CASEZ> p<145> s<105> l<15:5> el<15:10>
                                n<> u<105> t<Expression> p<145> c<104> s<124> l<15:11> el<15:17>
                                  n<> u<104> t<Primary> p<105> c<103> l<15:11> el<15:17>
                                    n<> u<103> t<Primary_literal> p<104> c<102> l<15:11> el<15:17>
                                      n<result> u<102> t<SIMPLE_IDENTIFIER> p<103> l<15:11> el<15:17>
                                n<> u<124> t<Case_item> p<145> c<109> s<143> l<16:9> el<16:38>
                                  n<> u<109> t<Expression> p<124> c<108> s<123> l<16:9> el<16:18>
                                    n<> u<108> t<Primary> p<109> c<107> l<16:9> el<16:18>
                                      n<> u<107> t<Primary_literal> p<108> c<106> l<16:9> el<16:18>
                                        n<32'b10000> u<106> t<INTEGRAL_NUMBER> p<107> l<16:9> el<16:18>
                                  n<> u<123> t<Statement_or_null> p<124> c<122> l<16:21> el<16:38>
                                    n<> u<122> t<Statement> p<123> c<121> l<16:21> el<16:38>
                                      n<> u<121> t<Statement_item> p<122> c<120> l<16:21> el<16:38>
                                        n<> u<120> t<Subroutine_call_statement> p<121> c<119> l<16:21> el<16:38>
                                          n<> u<119> t<Subroutine_call> p<120> c<110> l<16:21> el<16:37>
                                            n<$> u<110> t<DOLLAR> p<119> s<111> l<16:21> el<16:22>
                                            n<display> u<111> t<SIMPLE_IDENTIFIER> p<119> s<117> l<16:22> el<16:29>
                                            n<> u<117> t<OPEN_PARENS> p<119> s<116> l<16:29> el<16:30>
                                            n<> u<116> t<Argument_list> p<119> c<115> s<118> l<16:30> el<16:36>
                                              n<> u<115> t<Expression> p<116> c<114> l<16:30> el<16:36>
                                                n<> u<114> t<Primary> p<115> c<113> l<16:30> el<16:36>
                                                  n<> u<113> t<Primary_literal> p<114> c<112> l<16:30> el<16:36>
                                                    n<"true"> u<112> t<QUOTED_STRING> p<113> l<16:30> el<16:36>
                                            n<> u<118> t<CLOSE_PARENS> p<119> l<16:36> el<16:37>
                                n<> u<143> t<Case_item> p<145> c<128> s<144> l<17:9> el<17:39>
                                  n<> u<128> t<Expression> p<143> c<127> s<142> l<17:9> el<17:18>
                                    n<> u<127> t<Primary> p<128> c<126> l<17:9> el<17:18>
                                      n<> u<126> t<Primary_literal> p<127> c<125> l<17:9> el<17:18>
                                        n<32'b11000> u<125> t<INTEGRAL_NUMBER> p<126> l<17:9> el<17:18>
                                  n<> u<142> t<Statement_or_null> p<143> c<141> l<17:21> el<17:39>
                                    n<> u<141> t<Statement> p<142> c<140> l<17:21> el<17:39>
                                      n<> u<140> t<Statement_item> p<141> c<139> l<17:21> el<17:39>
                                        n<> u<139> t<Subroutine_call_statement> p<140> c<138> l<17:21> el<17:39>
                                          n<> u<138> t<Subroutine_call> p<139> c<129> l<17:21> el<17:38>
                                            n<$> u<129> t<DOLLAR> p<138> s<130> l<17:21> el<17:22>
                                            n<display> u<130> t<SIMPLE_IDENTIFIER> p<138> s<136> l<17:22> el<17:29>
                                            n<> u<136> t<OPEN_PARENS> p<138> s<135> l<17:29> el<17:30>
                                            n<> u<135> t<Argument_list> p<138> c<134> s<137> l<17:30> el<17:37>
                                              n<> u<134> t<Expression> p<135> c<133> l<17:30> el<17:37>
                                                n<> u<133> t<Primary> p<134> c<132> l<17:30> el<17:37>
                                                  n<> u<132> t<Primary_literal> p<133> c<131> l<17:30> el<17:37>
                                                    n<"false"> u<131> t<QUOTED_STRING> p<132> l<17:30> el<17:37>
                                            n<> u<137> t<CLOSE_PARENS> p<138> l<17:37> el<17:38>
                                n<> u<144> t<ENDCASE> p<145> l<18:5> el<18:12>
                        n<> u<192> t<Statement_or_null> p<194> c<191> s<193> l<20:5> el<23:12>
                          n<> u<191> t<Statement> p<192> c<190> l<20:5> el<23:12>
                            n<> u<190> t<Statement_item> p<191> c<189> l<20:5> el<23:12>
                              n<> u<189> t<Case_statement> p<190> c<149> l<20:5> el<23:12>
                                n<> u<149> t<CASEZ> p<189> s<153> l<20:5> el<20:10>
                                n<> u<153> t<Expression> p<189> c<152> s<172> l<20:11> el<20:17>
                                  n<> u<152> t<Primary> p<153> c<151> l<20:11> el<20:17>
                                    n<> u<151> t<Primary_literal> p<152> c<150> l<20:11> el<20:17>
                                      n<result> u<150> t<SIMPLE_IDENTIFIER> p<151> l<20:11> el<20:17>
                                n<> u<172> t<Case_item> p<189> c<157> s<187> l<21:9> el<21:39>
                                  n<> u<157> t<Expression> p<172> c<156> s<171> l<21:9> el<21:18>
                                    n<> u<156> t<Primary> p<157> c<155> l<21:9> el<21:18>
                                      n<> u<155> t<Primary_literal> p<156> c<154> l<21:9> el<21:18>
                                        n<32'b11000> u<154> t<INTEGRAL_NUMBER> p<155> l<21:9> el<21:18>
                                  n<> u<171> t<Statement_or_null> p<172> c<170> l<21:21> el<21:39>
                                    n<> u<170> t<Statement> p<171> c<169> l<21:21> el<21:39>
                                      n<> u<169> t<Statement_item> p<170> c<168> l<21:21> el<21:39>
                                        n<> u<168> t<Subroutine_call_statement> p<169> c<167> l<21:21> el<21:39>
                                          n<> u<167> t<Subroutine_call> p<168> c<158> l<21:21> el<21:38>
                                            n<$> u<158> t<DOLLAR> p<167> s<159> l<21:21> el<21:22>
                                            n<display> u<159> t<SIMPLE_IDENTIFIER> p<167> s<165> l<21:22> el<21:29>
                                            n<> u<165> t<OPEN_PARENS> p<167> s<164> l<21:29> el<21:30>
                                            n<> u<164> t<Argument_list> p<167> c<163> s<166> l<21:30> el<21:37>
                                              n<> u<163> t<Expression> p<164> c<162> l<21:30> el<21:37>
                                                n<> u<162> t<Primary> p<163> c<161> l<21:30> el<21:37>
                                                  n<> u<161> t<Primary_literal> p<162> c<160> l<21:30> el<21:37>
                                                    n<"false"> u<160> t<QUOTED_STRING> p<161> l<21:30> el<21:37>
                                            n<> u<166> t<CLOSE_PARENS> p<167> l<21:37> el<21:38>
                                n<> u<187> t<Case_item> p<189> c<186> s<188> l<22:9> el<22:43>
                                  n<> u<186> t<Statement_or_null> p<187> c<185> l<22:18> el<22:43>
                                    n<> u<185> t<Statement> p<186> c<184> l<22:18> el<22:43>
                                      n<> u<184> t<Statement_item> p<185> c<183> l<22:18> el<22:43>
                                        n<> u<183> t<Subroutine_call_statement> p<184> c<182> l<22:18> el<22:43>
                                          n<> u<182> t<Subroutine_call> p<183> c<173> l<22:18> el<22:42>
                                            n<$> u<173> t<DOLLAR> p<182> s<174> l<22:18> el<22:19>
                                            n<display> u<174> t<SIMPLE_IDENTIFIER> p<182> s<180> l<22:19> el<22:26>
                                            n<> u<180> t<OPEN_PARENS> p<182> s<179> l<22:26> el<22:27>
                                            n<> u<179> t<Argument_list> p<182> c<178> s<181> l<22:27> el<22:41>
                                              n<> u<178> t<Expression> p<179> c<177> l<22:27> el<22:41>
                                                n<> u<177> t<Primary> p<178> c<176> l<22:27> el<22:41>
                                                  n<> u<176> t<Primary_literal> p<177> c<175> l<22:27> el<22:41>
                                                    n<"default case"> u<175> t<QUOTED_STRING> p<176> l<22:27> el<22:41>
                                            n<> u<181> t<CLOSE_PARENS> p<182> l<22:41> el<22:42>
                                n<> u<188> t<ENDCASE> p<189> l<23:5> el<23:12>
                        n<> u<193> t<END> p<194> l<25:1> el<25:4>
        n<> u<202> t<ENDMODULE> p<203> l<27:1> el<27:10>
AST_DEBUG_END
[INF:CP5804] $Source01/casez.v:3:1: Compile module "tb_casez".
[INF:CM5028] Using global timescale: "1ns/1ns".
[ERR:DB2019] $Source01/casez.v:11:5: Illegal lhs of type wire "shifter".
[ERR:DB2019] $Source01/casez.v:13:5: Illegal lhs of type wire "result".
====== HLDB =======
Design name:unnamed:
  vpiName: unnamed
  vpiSourceFile (1 items):
    SourceFile name:casez.v file:$Source01/casez.v:
      vpiParent: Design name:unnamed
      vpiName: casez.v
      vpiPreprocFile: "$Output/lib/work/casez.v"
  vpiAllModules (1 items):
    Module name:tb_casez file:$Source01/casez.v start:3:1 end:27:10:
      vpiParent: Design name:unnamed
      vpiName Identifier name:tb_casez start:3:8 end:3:16:
      vpiFullName: tb_casez
      vpiTypespec (2 items):
        LogicTypespec:
          vpiParent: Module name:tb_casez
          vpiRange (1 items):
            Range start:5:6 end:5:12:
              vpiParent: LogicTypespec
              vpiLeftRange Constant start:5:7 end:5:9:
                vpiParent: Range
                vpiTypespec RefTypespec:
                  vpiParent: Constant
                  vpiFullName: tb_casez
                  vpiActual: IntTypespec
                vpiConstType: unsigned int (9)
                vpiSize: 64
                vpiDecompile: "31"
                vpiValue: 31
              vpiRightRange Constant start:5:10 end:5:11:
                vpiParent: Range
                vpiTypespec RefTypespec:
                  vpiParent: Constant
                  vpiFullName: tb_casez
                  vpiActual: IntTypespec
                vpiConstType: unsigned int (9)
                vpiSize: 64
                vpiDecompile: "0"
                vpiValue: 0
          vpiVector: true
        LogicTypespec:
          vpiParent: Module name:tb_casez
          vpiRange (1 items):
            Range start:6:6 end:6:12:
              vpiParent: LogicTypespec
              vpiLeftRange Constant start:6:7 end:6:9:
                vpiParent: Range
                vpiTypespec RefTypespec:
                  vpiParent: Constant
                  vpiFullName: tb_casez
                  vpiActual: IntTypespec
                vpiConstType: unsigned int (9)
                vpiSize: 64
                vpiDecompile: "31"
                vpiValue: 31
              vpiRightRange Constant start:6:10 end:6:11:
                vpiParent: Range
                vpiTypespec RefTypespec:
                  vpiParent: Constant
                  vpiFullName: tb_casez
                  vpiActual: IntTypespec
                vpiConstType: unsigned int (9)
                vpiSize: 64
                vpiDecompile: "0"
                vpiValue: 0
          vpiVector: true
      vpiDefName: tb_casez
      vpiDefNetType: wire (1)
      vpiLibrary RefObj name:work start:3:8 end:3:16:
        vpiParent: Module name:tb_casez
        vpiName: work
        vpiFullName: tb_casez.work
        vpiActual: Library name:work
      vpiCell: tb_casez
      vpiNet (2 items):
        Net name:shifter start:5:13 end:5:20:
          vpiParent: Module name:tb_casez
          vpiTypespec RefTypespec start:5:6 end:5:12:
            vpiParent: Net name:shifter
            vpiFullName: tb_casez.shifter
            vpiActual: LogicTypespec
          vpiName: shifter
          vpiFullName: tb_casez.shifter
          vpiNetDeclAssign: true
          vpiNetType: wire (1)
          vpiVector: true
        Net name:result start:6:13 end:6:19:
          vpiParent: Module name:tb_casez
          vpiTypespec RefTypespec start:6:6 end:6:12:
            vpiParent: Net name:result
            vpiFullName: tb_casez.result
            vpiActual: LogicTypespec
          vpiName: result
          vpiFullName: tb_casez.result
          vpiNetDeclAssign: true
          vpiNetType: wire (1)
          vpiVector: true
      vpiProcess (1 items):
        Initial start:8:1 end:25:4:
          vpiParent: Module name:tb_casez
          vpiStmt Begin start:8:9 end:25:4:
            vpiParent: Initial
            vpiFullName: tb_casez
            vpiStmt (5 items):
              SysTaskCall name:$monitor start:10:5 end:10:29:
                vpiParent: Begin
                vpiName Identifier name:$monitor start:10:5 end:10:13:
                vpiArgument (2 items):
                  RefObj name:shifter start:10:14 end:10:21:
                    vpiParent: SysTaskCall name:$monitor
                    vpiName: shifter
                    vpiFullName: tb_casez.shifter
                    vpiActual: Net name:shifter
                  RefObj name:result start:10:22 end:10:28:
                    vpiParent: SysTaskCall name:$monitor
                    vpiName: result
                    vpiFullName: tb_casez.result
                    vpiActual: Net name:result
              Assignment start:11:5 end:11:20:
                vpiParent: Begin
                vpiBlocking: true
                vpiLhs RefObj name:shifter start:11:5 end:11:12:
                  vpiParent: Assignment
                  vpiName: shifter
                  vpiFullName: tb_casez.shifter
                  vpiActual: Net name:shifter
                vpiRhs Constant start:11:15 end:11:20:
                  vpiParent: Assignment
                  vpiTypespec RefTypespec:
                    vpiParent: Constant
                    vpiFullName: tb_casez
                    vpiActual: LogicTypespec
                  vpiConstType: binary (3)
                  vpiSize: 32
                  vpiDecompile: "32'b1"
                  vpiValue: "1"
              Assignment start:13:5 end:13:26:
                vpiParent: Begin
                vpiBlocking: true
                vpiLhs RefObj name:result start:13:5 end:13:11:
                  vpiParent: Assignment
                  vpiName: result
                  vpiFullName: tb_casez.result
                  vpiActual: Net name:result
                vpiRhs Operation start:13:14 end:13:26:
                  vpiParent: Assignment
                  vpiOpType: logical shift left (22)
                  vpiOperand (2 items):
                    RefObj name:shifter start:13:14 end:13:21:
                      vpiParent: Operation
                      vpiName: shifter
                      vpiFullName: tb_casez.shifter
                      vpiActual: Net name:shifter
                    Constant start:13:25 end:13:26:
                      vpiParent: Operation
                      vpiTypespec RefTypespec:
                        vpiParent: Constant
                        vpiFullName: tb_casez
                        vpiActual: IntTypespec
                      vpiConstType: unsigned int (9)
                      vpiSize: 64
                      vpiDecompile: "4"
                      vpiValue: 4
              CaseStmt start:15:5 end:18:12:
                vpiParent: Begin
                vpiCaseType: z (3)
                vpiCondition RefObj name:result start:15:11 end:15:17:
                  vpiParent: CaseStmt
                  vpiName: result
                  vpiFullName: tb_casez.result
                  vpiActual: Net name:result
                vpiCaseItem (2 items):
                  CaseItem start:16:9 end:16:38:
                    vpiParent: CaseStmt
                    vpiExpr (1 items):
                      Constant start:16:9 end:16:18:
                        vpiParent: CaseItem
                        vpiTypespec RefTypespec:
                          vpiParent: Constant
                          vpiFullName: tb_casez
                          vpiActual: LogicTypespec
                        vpiConstType: binary (3)
                        vpiSize: 32
                        vpiDecompile: "32'b10000"
                        vpiValue: "10000"
                    vpiStmt SysTaskCall name:$display start:16:21 end:16:37:
                      vpiParent: CaseItem
                      vpiName Identifier name:$display start:16:21 end:16:29:
                      vpiArgument (1 items):
                        Constant start:16:30 end:16:36:
                          vpiParent: SysTaskCall name:$display
                          vpiTypespec RefTypespec:
                            vpiParent: Constant
                            vpiFullName: tb_casez
                            vpiActual: StringTypespec
                          vpiConstType: string (6)
                          vpiSize: 32
                          vpiDecompile: "\"true\""
                          vpiValue: true
                  CaseItem start:17:9 end:17:39:
                    vpiParent: CaseStmt
                    vpiExpr (1 items):
                      Constant start:17:9 end:17:18:
                        vpiParent: CaseItem
                        vpiTypespec RefTypespec:
                          vpiParent: Constant
                          vpiFullName: tb_casez
                          vpiActual: LogicTypespec
                        vpiConstType: binary (3)
                        vpiSize: 32
                        vpiDecompile: "32'b11000"
                        vpiValue: "11000"
                    vpiStmt SysTaskCall name:$display start:17:21 end:17:38:
                      vpiParent: CaseItem
                      vpiName Identifier name:$display start:17:21 end:17:29:
                      vpiArgument (1 items):
                        Constant start:17:30 end:17:37:
                          vpiParent: SysTaskCall name:$display
                          vpiTypespec RefTypespec:
                            vpiParent: Constant
                            vpiFullName: tb_casez
                            vpiActual: StringTypespec
                          vpiConstType: string (6)
                          vpiSize: 40
                          vpiDecompile: "\"false\""
                          vpiValue: false
              CaseStmt start:20:5 end:23:12:
                vpiParent: Begin
                vpiCaseType: z (3)
                vpiCondition RefObj name:result start:20:11 end:20:17:
                  vpiParent: CaseStmt
                  vpiName: result
                  vpiFullName: tb_casez.result
                  vpiActual: Net name:result
                vpiCaseItem (2 items):
                  CaseItem start:21:9 end:21:39:
                    vpiParent: CaseStmt
                    vpiExpr (1 items):
                      Constant start:21:9 end:21:18:
                        vpiParent: CaseItem
                        vpiTypespec RefTypespec:
                          vpiParent: Constant
                          vpiFullName: tb_casez
                          vpiActual: LogicTypespec
                        vpiConstType: binary (3)
                        vpiSize: 32
                        vpiDecompile: "32'b11000"
                        vpiValue: "11000"
                    vpiStmt SysTaskCall name:$display start:21:21 end:21:38:
                      vpiParent: CaseItem
                      vpiName Identifier name:$display start:21:21 end:21:29:
                      vpiArgument (1 items):
                        Constant start:21:30 end:21:37:
                          vpiParent: SysTaskCall name:$display
                          vpiTypespec RefTypespec:
                            vpiParent: Constant
                            vpiFullName: tb_casez
                            vpiActual: StringTypespec
                          vpiConstType: string (6)
                          vpiSize: 40
                          vpiDecompile: "\"false\""
                          vpiValue: false
                  CaseItem start:22:9 end:22:43:
                    vpiParent: CaseStmt
                    vpiStmt SysTaskCall name:$display start:22:18 end:22:42:
                      vpiParent: CaseItem
                      vpiName Identifier name:$display start:22:18 end:22:26:
                      vpiArgument (1 items):
                        Constant start:22:27 end:22:41:
                          vpiParent: SysTaskCall name:$display
                          vpiTypespec RefTypespec:
                            vpiParent: Constant
                            vpiFullName: tb_casez
                            vpiActual: StringTypespec
                          vpiConstType: string (6)
                          vpiSize: 96
                          vpiDecompile: "\"default case\""
                          vpiValue: default case
  vpiTypespec (4 items):
    ModuleTypespec name:tb_casez:
      vpiParent: Design name:unnamed
      vpiName Identifier name:tb_casez start:3:8 end:3:16:
      vpiDefName: tb_casez
      vpiModule: Module name:tb_casez
    IntTypespec:
      vpiParent: Design name:unnamed
      vpiSigned: true
    LogicTypespec:
      vpiParent: Design name:unnamed
    StringTypespec:
      vpiParent: Design name:unnamed
  vpiLibrary (1 items):
    Library name:work:
      vpiParent: Design name:unnamed
      vpiName: work
===================
[  FATAL] : 0
[ SYNTAX] : 0
[  ERROR] : 2
[WARNING] : 0
[   NOTE] : 0
********************************************************************************
*                    End HLC SystemVerilog Compiler/Linter                     *
********************************************************************************

#**#**#**#**#**#**#**#**#**#**#**#**#**#**#**#**#**#**#**#**#**#**#**#**#**#**#**#**#**#**#**#**#**#**#**#**#**#**#**#**

Environment:
      test-name: UtdSV/casez.v
   test-dirpath: ${HLC_DIR}/regression/UtdSV/casez.v
  hldb-filepath: ${HLC_DIR}/regression/UtdSV/casez.v/design.hldb
mounts-filepath: ${HLC_DIR}/regression/UtdSV/casez.v/mounts.json


{'result': {'coverage': 100.0,
            'error_count': 0,
            'file_count': 1,
            'files': {'$Output/lib/work/casez.v': {'post_len': 0,
                                                   'pre_len': 306}},
            'post_len': 0,
            'pre_len': 306,
            'test_name': 'UtdSV/casez.v'}}

+--------------------------+----------+-----------+
| INPUT                    |   PRELEN |   POSTLEN |
+==========================+==========+===========+
| $Output/lib/work/casez.v |      306 |         0 |
+==========================+==========+===========+
|                          |      306 |         0 |
+--------------------------+----------+-----------+

[   ERROR] : 0
[COVERAGE] : 100.0


#**#**#**#**#**#**#**#**#**#**#**#**#**#**#**#**#**#**#**#**#**#**#**#**#**#**#**#**#**#**#**#**#**#**#**#**#**#**#**#**

COMMAND: ${HLC_DIR}/regression/UtdSV/casez.v/design.hldb ${HLC_DIR}/regression/UtdSV/casez.v/reduced.hldb

==================== BEGIN REDUCTION RESULT ====================
Name                            Before   After   Added   Removed
----------------------------------------------------------------
----------------------------------------------------------------
Others                              73      73       0         0
----------------------------------------------------------------
                                    73      73       0         0
===================== END REDUCTION RESULT =====================
