********************************************************************************
*                   Begin HLC SystemVerilog Compiler/Linter                    *
********************************************************************************
Copyright (c) 2020 Apotell,
http://www.apache.org/licenses/LICENSE-2.0
VERSION: 1.84
COMMAND: -wd ../../../tests/Verilator +incdir+. -nobuiltin -timescale=1ns/1ns -d ast -d db t_func_lib.v -mt 0 -d dbstats -d cache -writepp -d db -nostdout -o ${HLC_DIR}/regression/Verilator/t_func_lib
[INF:CM5022] Creating log file "$Output/hlc.log".
[INF:PP5223] Preprocessing source file "$Source01/t_func_lib.v".
[INF:PA5502] Parsing source file "$Source01/t_func_lib.v".
AST_DEBUG_BEGIN
Count: 45
LIB: work
FILE: f<15>:$Source01/t_func_lib.v
n<$Source01/t_func_lib.v> u<44> t<Top_level_rule> c<1> l<6:1> el<12:1>
  n<> u<1> t<Null_rule> p<44> s<2> l<6:1> el<6:1>
  n<// DESCRIPTION: Verilator: Verilog Test module> u<2> t<LINE_COMMENT> p<44> s<3> l<1:1> el<1:47>
  n<//> u<3> t<LINE_COMMENT> p<44> s<4> l<2:1> el<2:3>
  n<// This file ONLY is placed into the Public Domain, for any use,> u<4> t<LINE_COMMENT> p<44> s<5> l<3:1> el<3:65>
  n<// without warranty, 2003-2007 by Wilson Snyder.> u<5> t<LINE_COMMENT> p<44> s<43> l<4:1> el<4:49>
  n<> u<43> t<Source_text> p<44> c<42> l<6:1> el<11:10>
    n<> u<42> t<Description> p<43> c<41> l<6:1> el<11:10>
      n<> u<41> t<Module_declaration> p<42> c<9> l<6:1> el<11:10>
        n<> u<9> t<Module_ansi_header> p<41> c<6> s<39> l<6:1> el<6:10>
          n<module> u<6> t<MODULE> p<9> s<7> l<6:1> el<6:7>
          n<t> u<7> t<SIMPLE_IDENTIFIER> p<9> s<8> l<6:8> el<6:9>
          n<> u<8> t<Package_import_declaration_list> p<9> l<6:9> el<6:9>
        n<> u<39> t<Non_port_module_item> p<41> c<38> s<40> l<7:4> el<10:7>
          n<> u<38> t<Module_or_generate_item> p<39> c<37> l<7:4> el<10:7>
            n<> u<37> t<Module_common_item> p<38> c<36> l<7:4> el<10:7>
              n<> u<36> t<Initial_construct> p<37> c<35> l<7:4> el<10:7>
                n<> u<35> t<Statement_or_null> p<36> c<34> l<7:12> el<10:7>
                  n<> u<34> t<Statement> p<35> c<33> l<7:12> el<10:7>
                    n<> u<33> t<Statement_item> p<34> c<32> l<7:12> el<10:7>
                      n<> u<32> t<Seq_block> p<33> c<21> l<7:12> el<10:7>
                        n<> u<21> t<Statement_or_null> p<32> c<20> s<30> l<8:7> el<8:40>
                          n<> u<20> t<Statement> p<21> c<19> l<8:7> el<8:40>
                            n<> u<19> t<Statement_item> p<20> c<18> l<8:7> el<8:40>
                              n<> u<18> t<Subroutine_call_statement> p<19> c<17> l<8:7> el<8:40>
                                n<> u<17> t<Subroutine_call> p<18> c<10> l<8:7> el<8:39>
                                  n<$> u<10> t<DOLLAR> p<17> s<11> l<8:7> el<8:8>
                                  n<write> u<11> t<SIMPLE_IDENTIFIER> p<17> s<16> l<8:8> el<8:13>
                                  n<> u<16> t<Argument_list> p<17> c<15> l<8:14> el<8:38>
                                    n<> u<15> t<Expression> p<16> c<14> l<8:14> el<8:38>
                                      n<> u<14> t<Primary> p<15> c<13> l<8:14> el<8:38>
                                        n<> u<13> t<Primary_literal> p<14> c<12> l<8:14> el<8:38>
                                          n<"*-* All Finished *-*\n"> u<12> t<QUOTED_STRING> p<13> l<8:14> el<8:38>
                        n<> u<30> t<Statement_or_null> p<32> c<29> s<31> l<9:7> el<9:15>
                          n<> u<29> t<Statement> p<30> c<28> l<9:7> el<9:15>
                            n<> u<28> t<Statement_item> p<29> c<27> l<9:7> el<9:15>
                              n<> u<27> t<Subroutine_call_statement> p<28> c<26> l<9:7> el<9:15>
                                n<> u<26> t<Subroutine_call> p<27> c<22> l<9:7> el<9:14>
                                  n<$> u<22> t<DOLLAR> p<26> s<23> l<9:7> el<9:8>
                                  n<finish> u<23> t<SIMPLE_IDENTIFIER> p<26> s<25> l<9:8> el<9:14>
                                  n<> u<25> t<Select> p<26> c<24> l<9:14> el<9:14>
                                    n<> u<24> t<Bit_select> p<25> l<9:14> el<9:14>
                        n<> u<31> t<END> p<32> l<10:4> el<10:7>
        n<> u<40> t<ENDMODULE> p<41> l<11:1> el<11:10>
AST_DEBUG_END
[INF:CP5804] $Source01/t_func_lib.v:6:1: Compile module "t".
[INF:CM5028] Using global timescale: "1ns/1ns".
====== HLDB =======
Design name:unnamed:
  vpiName: unnamed
  vpiSourceFile (1 items):
    SourceFile name:t_func_lib.v file:$Source01/t_func_lib.v:
      vpiParent: Design name:unnamed
      vpiName: t_func_lib.v
      vpiPreprocFile: "$Output/lib/work/t_func_lib.v"
  vpiAllModules (1 items):
    Module name:t file:$Source01/t_func_lib.v start:6:1 end:11:10:
      vpiParent: Design name:unnamed
      vpiName Identifier name:t start:6:8 end:6:9:
        vpiParent: Module name:t
        vpiName: t
      vpiFullName: t
      vpiDefName: t
      vpiDefNetType: wire (1)
      vpiLibrary RefObj name:work:
        vpiParent: Module name:t
        vpiName: work
        vpiFullName: t.work
      vpiCell: t
      vpiProcess (1 items):
        Initial start:7:4 end:10:7:
          vpiParent: Module name:t
          vpiStmt Begin start:7:12 end:10:7:
            vpiParent: Initial
            vpiFullName: t
            vpiStmt (2 items):
              SysTaskCall name:$write start:8:7 end:8:39:
                vpiParent: Begin
                vpiName Identifier name:$write start:8:7 end:8:13:
                  vpiParent: SysTaskCall name:$write
                  vpiName: "$write"
                vpiArgument (1 items):
                  Constant start:8:14 end:8:38:
                    vpiParent: SysTaskCall name:$write
                    vpiTypespec RefTypespec:
                      vpiParent: Constant
                      vpiFullName: t
                      vpiActual: StringTypespec
                    vpiConstType: string (6)
                    vpiSize: 168
                    vpiDecompile: "\"*-* All Finished *-*\\n\""
                    vpiValue: "*-* All Finished *-*\\n"
              SysTaskCall name:$finish start:9:7 end:9:14:
                vpiParent: Begin
                vpiName Identifier name:$finish start:9:7 end:9:14:
                  vpiParent: SysTaskCall name:$finish
                  vpiName: "$finish"
  vpiTypespec (2 items):
    ModuleTypespec name:t:
      vpiParent: Design name:unnamed
      vpiName Identifier name:t start:6:8 end:6:9:
        vpiParent: ModuleTypespec name:t
        vpiName: t
      vpiModule: Module name:t
    StringTypespec:
      vpiParent: Design name:unnamed
===================
[  FATAL] : 0
[ SYNTAX] : 0
[  ERROR] : 0
[WARNING] : 0
[   NOTE] : 0
********************************************************************************
*                    End HLC SystemVerilog Compiler/Linter                     *
********************************************************************************

#**#**#**#**#**#**#**#**#**#**#**#**#**#**#**#**#**#**#**#**#**#**#**#**#**#**#**#**#**#**#**#**#**#**#**#**#**#**#**#**

Environment:
      test-name: Verilator/t_func_lib
   test-dirpath: ${HLC_DIR}/regression/Verilator/t_func_lib
  hldb-filepath: ${HLC_DIR}/regression/Verilator/t_func_lib/design.hldb
mounts-filepath: ${HLC_DIR}/regression/Verilator/t_func_lib/mounts.json


{'result': {'coverage': 100.0,
            'error_count': 0,
            'file_count': 1,
            'files': {'$Output/lib/work/t_func_lib.v': {'post_len': 0,
                                                        'pre_len': 75}},
            'post_len': 0,
            'pre_len': 75,
            'test_name': 'Verilator/t_func_lib'}}

+-------------------------------+----------+-----------+
| INPUT                         |   PRELEN |   POSTLEN |
+===============================+==========+===========+
| $Output/lib/work/t_func_lib.v |       75 |         0 |
+===============================+==========+===========+
|                               |       75 |         0 |
+-------------------------------+----------+-----------+

[   ERROR] : 0
[COVERAGE] : 100.0


#**#**#**#**#**#**#**#**#**#**#**#**#**#**#**#**#**#**#**#**#**#**#**#**#**#**#**#**#**#**#**#**#**#**#**#**#**#**#**#**

COMMAND: ${HLC_DIR}/regression/Verilator/t_func_lib/design.hldb ${HLC_DIR}/regression/Verilator/t_func_lib/reduced.hldb

==================== BEGIN REDUCTION RESULT ====================
Name                            Before   After   Added   Removed
----------------------------------------------------------------
----------------------------------------------------------------
Others                              16      16       0         0
----------------------------------------------------------------
                                    16      16       0         0
===================== END REDUCTION RESULT =====================
