********************************************
*  SURELOG SystemVerilog  Compiler/Linter  *
********************************************
Copyright (c) 2017-2023 Alain Dargelas,
http://www.apache.org/licenses/LICENSE-2.0
VERSION: 1.84
BUILT  : Jun 18 2026
DATE   : 2026-06-18.18:59:31
COMMAND: -wd ../../../tests/UtdSV -parse -nobuiltin -timescale=1ns/1ns -d ast -d uhdm tlu_addern_32.v -mt 0 -mp 0 -d uhdmstats -d cache -d uhdm -nostdout -o ${SURELOG_DIR}/regression/UtdSV/tlu_addern_32.v
[INF:CM0023] Creating log file "$Output/hlc.log".
[INF:PP0122] Preprocessing source file "$Source01/tlu_addern_32.v".
[INF:PA0201] Parsing source file "$Source01/tlu_addern_32.v".
[WRN:PA0215] Invalid VObject location.
AST_DEBUG_BEGIN
Count: 352
LIB: work
FILE: $Source01/tlu_addern_32.v
INCL f<83>: $Source01/sys.h
n<$Source01/tlu_addern_32.v> u<351> t<Top_level_rule> c<1> f<83> l<34:1> el<54:1>
  n<> u<1> t<Null_rule> p<351> s<2> f<83> l<34:1> el<34:1>
  n<// ========== Copyright Header Begin ==========================================> u<2> t<LINE_COMMENT> p<351> s<3> l<1:1> el<1:80>
  n<// > u<3> t<LINE_COMMENT> p<351> s<4> l<2:1> el<2:4>
  n<// OpenSPARC T1 Processor File: tlu_addern_32.v> u<4> t<LINE_COMMENT> p<351> s<5> l<3:1> el<3:48>
  n<// Copyright (c) 2006 Sun Microsystems, Inc.  All Rights Reserved.> u<5> t<LINE_COMMENT> p<351> s<6> l<4:1> el<4:67>
  n<// DO NOT ALTER OR REMOVE COPYRIGHT NOTICES.> u<6> t<LINE_COMMENT> p<351> s<7> l<5:1> el<5:45>
  n<// > u<7> t<LINE_COMMENT> p<351> s<8> l<6:1> el<6:4>
  n<// The above named program is free software; you can redistribute it and/or> u<8> t<LINE_COMMENT> p<351> s<9> l<7:1> el<7:76>
  n<// modify it under the terms of the GNU General Public> u<9> t<LINE_COMMENT> p<351> s<10> l<8:1> el<8:55>
  n<// License version 2 as published by the Free Software Foundation.> u<10> t<LINE_COMMENT> p<351> s<11> l<9:1> el<9:67>
  n<// > u<11> t<LINE_COMMENT> p<351> s<12> l<10:1> el<10:4>
  n<// The above named program is distributed in the hope that it will be > u<12> t<LINE_COMMENT> p<351> s<13> l<11:1> el<11:71>
  n<// useful, but WITHOUT ANY WARRANTY; without even the implied warranty of> u<13> t<LINE_COMMENT> p<351> s<14> l<12:1> el<12:74>
  n<// MERCHANTABILITY or FITNESS FOR A PARTICULAR PURPOSE.  See the GNU> u<14> t<LINE_COMMENT> p<351> s<15> l<13:1> el<13:69>
  n<// General Public License for more details.> u<15> t<LINE_COMMENT> p<351> s<16> l<14:1> el<14:44>
  n<// > u<16> t<LINE_COMMENT> p<351> s<17> l<15:1> el<15:4>
  n<// You should have received a copy of the GNU General Public> u<17> t<LINE_COMMENT> p<351> s<18> l<16:1> el<16:61>
  n<// License along with this work; if not, write to the Free Software> u<18> t<LINE_COMMENT> p<351> s<19> l<17:1> el<17:68>
  n<// Foundation, Inc., 51 Franklin St, Fifth Floor, Boston, MA 02110-1301, USA.> u<19> t<LINE_COMMENT> p<351> s<20> l<18:1> el<18:78>
  n<// > u<20> t<LINE_COMMENT> p<351> s<21> l<19:1> el<19:4>
  n<// ========== Copyright Header End ============================================> u<21> t<LINE_COMMENT> p<351> s<22> l<20:1> el<20:80>
  n<////////////////////////////////////////////////////////////////////////> u<22> t<LINE_COMMENT> p<351> s<23> l<21:1> el<21:73>
  n</*\n//      Description:    parameterized adder macro\n*/> u<23> t<BLOCK_COMMENT> p<351> s<24> f<83> l<34:1> el<53:10>
  n<////////////////////////////////////////////////////////////////////////> u<24> t<LINE_COMMENT> p<351> s<25> l<25:1> el<25:73>
  n<// Global header file includes> u<25> t<LINE_COMMENT> p<351> s<26> l<26:1> el<26:31>
  n<////////////////////////////////////////////////////////////////////////> u<26> t<LINE_COMMENT> p<351> s<27> l<27:1> el<27:73>
  n</*\n* ========== Copyright Header Begin ==========================================\n* \n* OpenSPARC T1 Processor File: sys.h\n* Copyright (c) 2006 Sun Microsystems, Inc.  All Rights Reserved.\n* DO NOT ALTER OR REMOVE COPYRIGHT NOTICES.\n* \n* The above named program is free software; you can redistribute it and/or\n* modify it under the terms of the GNU General Public\n* License version 2 as published by the Free Software Foundation.\n* \n* The above named program is distributed in the hope that it will be \n* useful, but WITHOUT ANY WARRANTY; without even the implied warranty of\n* MERCHANTABILITY or FITNESS FOR A PARTICULAR PURPOSE.  See the GNU\n* General Public License for more details.\n* \n* You should have received a copy of the GNU General Public\n* License along with this work; if not, write to the Free Software\n* Foundation, Inc., 51 Franklin St, Fifth Floor, Boston, MA 02110-1301, USA.\n* \n* ========== Copyright Header End ============================================\n*/> u<27> t<BLOCK_COMMENT> p<351> s<28> f<83> l<34:1> el<53:10>
  n<// -*- verilog -*-> u<28> t<LINE_COMMENT> p<351> s<29> f<83> l<23:1> el<23:19>
  n<////////////////////////////////////////////////////////////////////////> u<29> t<LINE_COMMENT> p<351> s<30> f<83> l<24:1> el<24:73>
  n</*\n//\n// Description:		Global header file that contain definitions that \n//                      are common/shared at the systme level\n*/> u<30> t<BLOCK_COMMENT> p<351> s<31> f<83> l<34:1> el<53:10>
  n<////////////////////////////////////////////////////////////////////////> u<31> t<LINE_COMMENT> p<351> s<32> f<83> l<30:1> el<30:73>
  n<//> u<32> t<LINE_COMMENT> p<351> s<33> f<83> l<31:1> el<31:3>
  n<// Setting the time scale> u<33> t<LINE_COMMENT> p<351> s<34> f<83> l<32:1> el<32:26>
  n<// If the timescale changes, JP_TIMESCALE may also have to change.> u<34> t<LINE_COMMENT> p<351> s<349> f<83> l<33:1> el<33:67>
  n<> u<349> t<Source_text> p<351> c<43> s<350> f<83> l<34:1> el<53:10>
    n<> u<43> t<Description> p<349> c<42> s<44> f<83> l<34:1> el<34:19>
      n<> u<42> t<Top_directives> p<43> c<41> f<83> l<34:1> el<34:19>
        n<> u<41> t<Timescale_directive> p<42> c<37> f<83> l<34:1> el<34:19>
          n<> u<37> t<Time_literal> p<41> c<35> s<40> f<83> l<34:12> el<34:15>
            n<1> u<35> t<INTEGRAL_NUMBER> p<37> s<36> f<83> l<34:12> el<34:13>
            n<ps> u<36> t<Time_unit> p<37> f<83> l<34:13> el<34:15>
          n<> u<40> t<Time_literal> p<41> c<38> f<83> l<34:16> el<34:19>
            n<1> u<38> t<INTEGRAL_NUMBER> p<40> s<39> f<83> l<34:16> el<34:17>
            n<ps> u<39> t<Time_unit> p<40> f<83> l<34:17> el<34:19>
    n<//> u<44> t<LINE_COMMENT> p<349> s<45> f<83> l<36:1> el<36:3>
    n<// JBUS clock> u<45> t<LINE_COMMENT> p<349> s<46> f<83> l<37:1> el<37:14>
    n<// =========> u<46> t<LINE_COMMENT> p<349> s<47> f<83> l<38:1> el<38:13>
    n<//> u<47> t<LINE_COMMENT> p<349> s<48> f<83> l<39:1> el<39:3>
    n<// Afara Link Defines> u<48> t<LINE_COMMENT> p<349> s<49> f<83> l<43:1> el<43:22>
    n<// ==================> u<49> t<LINE_COMMENT> p<349> s<50> f<83> l<44:1> el<44:22>
    n<// Reliable Link> u<50> t<LINE_COMMENT> p<349> s<51> f<83> l<46:1> el<46:17>
    n<// Afara Link Objects> u<51> t<LINE_COMMENT> p<349> s<52> f<83> l<51:1> el<51:22>
    n<// Afara Link Object Format - Reliable Link> u<52> t<LINE_COMMENT> p<349> s<53> f<83> l<54:1> el<54:44>
    n<// Afara Link Object Format - Congestion> u<53> t<LINE_COMMENT> p<349> s<54> f<83> l<65:1> el<65:41>
    n<// Afara Link Object Format - Acknowledge> u<54> t<LINE_COMMENT> p<349> s<55> f<83> l<77:1> el<77:42>
    n<// Afara Link Object Format - Request> u<55> t<LINE_COMMENT> p<349> s<56> f<83> l<89:1> el<89:38>
    n<// Afara Link Object Format - Message> u<56> t<LINE_COMMENT> p<349> s<57> f<83> l<107:1> el<107:38>
    n<// Acknowledge Types> u<57> t<LINE_COMMENT> p<349> s<58> f<83> l<111:1> el<111:21>
    n<// Request Types> u<58> t<LINE_COMMENT> p<349> s<59> f<83> l<116:1> el<116:17>
    n<// Afara Link Frame> u<59> t<LINE_COMMENT> p<349> s<60> f<83> l<122:1> el<122:20>
    n<//> u<60> t<LINE_COMMENT> p<349> s<61> f<83> l<126:1> el<126:3>
    n<// UCB Packet Type> u<61> t<LINE_COMMENT> p<349> s<62> f<83> l<127:1> el<127:19>
    n<// ===============> u<62> t<LINE_COMMENT> p<349> s<63> f<83> l<128:1> el<128:19>
    n<//> u<63> t<LINE_COMMENT> p<349> s<64> f<83> l<129:1> el<129:3>
    n<//> u<64> t<LINE_COMMENT> p<349> s<65> f<83> l<147:1> el<147:3>
    n<// UCB Data Packet Format> u<65> t<LINE_COMMENT> p<349> s<66> f<83> l<148:1> el<148:26>
    n<// ======================> u<66> t<LINE_COMMENT> p<349> s<67> f<83> l<149:1> el<149:26>
    n<//> u<67> t<LINE_COMMENT> p<349> s<68> f<83> l<150:1> el<150:3>
    n<// Size encoding for the UCB_SIZE_HI/LO field> u<68> t<LINE_COMMENT> p<349> s<69> f<83> l<181:1> el<181:46>
    n<// 000 - byte> u<69> t<LINE_COMMENT> p<349> s<70> f<83> l<182:1> el<182:14>
    n<// 001 - half-word> u<70> t<LINE_COMMENT> p<349> s<71> f<83> l<183:1> el<183:19>
    n<// 010 - word> u<71> t<LINE_COMMENT> p<349> s<72> f<83> l<184:1> el<184:14>
    n<// 011 - double-word> u<72> t<LINE_COMMENT> p<349> s<73> f<83> l<185:1> el<185:21>
    n<// 111 - quad-word> u<73> t<LINE_COMMENT> p<349> s<74> f<83> l<186:1> el<186:19>
    n<//> u<74> t<LINE_COMMENT> p<349> s<75> f<83> l<194:1> el<194:3>
    n<// UCB Interrupt Packet Format> u<75> t<LINE_COMMENT> p<349> s<76> f<83> l<195:1> el<195:31>
    n<// ===========================> u<76> t<LINE_COMMENT> p<349> s<77> f<83> l<196:1> el<196:31>
    n<//> u<77> t<LINE_COMMENT> p<349> s<78> f<83> l<197:1> el<197:3>
    n<//`define UCB_THR_HI             9      // (6) cpu/thread ID shared with> u<78> t<LINE_COMMENT> p<349> s<79> f<83> l<208:1> el<208:73>
    n<//`define UCB_THR_LO             4             data packet format> u<79> t<LINE_COMMENT> p<349> s<80> f<83> l<209:1> el<209:66>
    n<//`define UCB_PKT_HI             3      // (4) packet type shared with> u<80> t<LINE_COMMENT> p<349> s<81> f<83> l<210:1> el<210:71>
    n<//`define UCB_PKT_LO             0      //     data packet format> u<81> t<LINE_COMMENT> p<349> s<82> f<83> l<211:1> el<211:66>
    n<//> u<82> t<LINE_COMMENT> p<349> s<83> f<83> l<219:1> el<219:3>
    n<// FCRAM Bus Widths> u<83> t<LINE_COMMENT> p<349> s<84> f<83> l<220:1> el<220:20>
    n<// ================> u<84> t<LINE_COMMENT> p<349> s<85> f<83> l<221:1> el<221:20>
    n<//> u<85> t<LINE_COMMENT> p<349> s<86> f<83> l<222:1> el<222:3>
    n<//> u<86> t<LINE_COMMENT> p<349> s<87> f<83> l<229:1> el<229:3>
    n<// ENET clock periods> u<87> t<LINE_COMMENT> p<349> s<88> f<83> l<230:1> el<230:22>
    n<// ==================> u<88> t<LINE_COMMENT> p<349> s<89> f<83> l<231:1> el<231:22>
    n<//> u<89> t<LINE_COMMENT> p<349> s<90> f<83> l<232:1> el<232:3>
    n<//> u<90> t<LINE_COMMENT> p<349> s<91> f<83> l<237:1> el<237:3>
    n<// JBus Bridge defines> u<91> t<LINE_COMMENT> p<349> s<92> f<83> l<238:1> el<238:23>
    n<// =================> u<92> t<LINE_COMMENT> p<349> s<93> f<83> l<239:1> el<239:21>
    n<//> u<93> t<LINE_COMMENT> p<349> s<94> f<83> l<240:1> el<240:3>
    n<//> u<94> t<LINE_COMMENT> p<349> s<95> f<83> l<252:1> el<252:3>
    n<// PCI Device Address Configuration> u<95> t<LINE_COMMENT> p<349> s<96> f<83> l<253:1> el<253:36>
    n<// ================================> u<96> t<LINE_COMMENT> p<349> s<97> f<83> l<254:1> el<254:36>
    n<//> u<97> t<LINE_COMMENT> p<349> s<98> f<83> l<255:1> el<255:3>
    n<// system level definition file which contains the> u<98> t<LINE_COMMENT> p<349> s<99> f<83> l<279:2> el<28:52>
    n<// time scale definition> u<99> t<LINE_COMMENT> p<349> s<100> l<29:25> el<29:49>
    n<////////////////////////////////////////////////////////////////////////> u<100> t<LINE_COMMENT> p<349> s<101> l<31:1> el<31:73>
    n<// Local header file includes / local defines> u<101> t<LINE_COMMENT> p<349> s<102> l<32:1> el<32:46>
    n<////////////////////////////////////////////////////////////////////////> u<102> t<LINE_COMMENT> p<349> s<348> l<33:1> el<33:73>
    n<> u<348> t<Description> p<349> c<347> l<35:1> el<53:10>
      n<> u<347> t<Module_declaration> p<348> c<125> l<35:1> el<53:10>
        n<> u<125> t<Module_nonansi_header> p<347> c<103> s<126> l<35:1> el<35:39>
          n<module> u<103> t<Module_keyword> p<125> s<104> l<35:1> el<35:7>
          n<tlu_addern_32> u<104> t<SIMPLE_IDENTIFIER> p<125> s<105> l<35:8> el<35:21>
          n<> u<105> t<Package_import_declaration_list> p<125> s<124> l<35:22> el<35:22>
          n<> u<124> t<Port_list> p<125> c<111> l<35:22> el<35:38>
            n<> u<111> t<Port> p<124> c<110> s<117> l<35:23> el<35:26>
              n<> u<110> t<Port_expression> p<111> c<109> l<35:23> el<35:26>
                n<> u<109> t<Port_reference> p<110> c<106> l<35:23> el<35:26>
                  n<din> u<106> t<SIMPLE_IDENTIFIER> p<109> s<108> l<35:23> el<35:26>
                  n<> u<108> t<Constant_select> p<109> c<107> l<35:26> el<35:26>
                    n<> u<107> t<Constant_bit_select> p<108> l<35:26> el<35:26>
            n<> u<117> t<Port> p<124> c<116> s<123> l<35:28> el<35:32>
              n<> u<116> t<Port_expression> p<117> c<115> l<35:28> el<35:32>
                n<> u<115> t<Port_reference> p<116> c<112> l<35:28> el<35:32>
                  n<incr> u<112> t<SIMPLE_IDENTIFIER> p<115> s<114> l<35:28> el<35:32>
                  n<> u<114> t<Constant_select> p<115> c<113> l<35:32> el<35:32>
                    n<> u<113> t<Constant_bit_select> p<114> l<35:32> el<35:32>
            n<> u<123> t<Port> p<124> c<122> l<35:34> el<35:37>
              n<> u<122> t<Port_expression> p<123> c<121> l<35:34> el<35:37>
                n<> u<121> t<Port_reference> p<122> c<118> l<35:34> el<35:37>
                  n<sum> u<118> t<SIMPLE_IDENTIFIER> p<121> s<120> l<35:34> el<35:37>
                  n<> u<120> t<Constant_select> p<121> c<119> l<35:37> el<35:37>
                    n<> u<119> t<Constant_bit_select> p<120> l<35:37> el<35:37>
        n<// synopsys template> u<126> t<LINE_COMMENT> p<347> s<143> l<36:1> el<36:21>
        n<> u<143> t<Module_item> p<347> c<142> s<160> l<38:1> el<38:33>
          n<> u<142> t<Non_port_module_item> p<143> c<141> l<38:1> el<38:33>
            n<> u<141> t<Module_or_generate_item> p<142> c<140> l<38:1> el<38:33>
              n<> u<140> t<Module_common_item> p<141> c<139> l<38:1> el<38:33>
                n<> u<139> t<Module_or_generate_item_declaration> p<140> c<138> l<38:1> el<38:33>
                  n<> u<138> t<Package_or_generate_item_declaration> p<139> c<137> l<38:1> el<38:33>
                    n<> u<137> t<Parameter_declaration> p<138> c<127> l<38:1> el<38:32>
                      n<> u<127> t<Data_type_or_implicit> p<137> s<136> l<38:11> el<38:11>
                      n<> u<136> t<Param_assignment_list> p<137> c<135> l<38:11> el<38:32>
                        n<> u<135> t<Param_assignment> p<136> c<128> l<38:11> el<38:32>
                          n<ADDER_DATA_WIDTH> u<128> t<SIMPLE_IDENTIFIER> p<135> s<134> l<38:11> el<38:27>
                          n<> u<134> t<Constant_param_expression> p<135> c<133> l<38:30> el<38:32>
                            n<> u<133> t<Constant_mintypmax_expression> p<134> c<132> l<38:30> el<38:32>
                              n<> u<132> t<Constant_expression> p<133> c<131> l<38:30> el<38:32>
                                n<> u<131> t<Constant_primary> p<132> c<130> l<38:30> el<38:32>
                                  n<> u<130> t<Primary_literal> p<131> c<129> l<38:30> el<38:32>
                                    n<33> u<129> t<INTEGRAL_NUMBER> p<130> l<38:30> el<38:32>
        n<> u<160> t<Module_item> p<347> c<159> s<183> l<39:1> el<39:33>
          n<> u<159> t<Non_port_module_item> p<160> c<158> l<39:1> el<39:33>
            n<> u<158> t<Module_or_generate_item> p<159> c<157> l<39:1> el<39:33>
              n<> u<157> t<Module_common_item> p<158> c<156> l<39:1> el<39:33>
                n<> u<156> t<Module_or_generate_item_declaration> p<157> c<155> l<39:1> el<39:33>
                  n<> u<155> t<Package_or_generate_item_declaration> p<156> c<154> l<39:1> el<39:33>
                    n<> u<154> t<Parameter_declaration> p<155> c<144> l<39:1> el<39:32>
                      n<> u<144> t<Data_type_or_implicit> p<154> s<153> l<39:11> el<39:11>
                      n<> u<153> t<Param_assignment_list> p<154> c<152> l<39:11> el<39:32>
                        n<> u<152> t<Param_assignment> p<153> c<145> l<39:11> el<39:32>
                          n<INCR_DATA_WIDTH> u<145> t<SIMPLE_IDENTIFIER> p<152> s<151> l<39:11> el<39:26>
                          n<> u<151> t<Constant_param_expression> p<152> c<150> l<39:31> el<39:32>
                            n<> u<150> t<Constant_mintypmax_expression> p<151> c<149> l<39:31> el<39:32>
                              n<> u<149> t<Constant_expression> p<150> c<148> l<39:31> el<39:32>
                                n<> u<148> t<Constant_primary> p<149> c<147> l<39:31> el<39:32>
                                  n<> u<147> t<Primary_literal> p<148> c<146> l<39:31> el<39:32>
                                    n<1> u<146> t<INTEGRAL_NUMBER> p<147> l<39:31> el<39:32>
        n<> u<183> t<Module_item> p<347> c<182> s<206> l<40:1> el<40:66>
          n<> u<182> t<Non_port_module_item> p<183> c<181> l<40:1> el<40:66>
            n<> u<181> t<Module_or_generate_item> p<182> c<180> l<40:1> el<40:66>
              n<> u<180> t<Module_common_item> p<181> c<179> l<40:1> el<40:66>
                n<> u<179> t<Module_or_generate_item_declaration> p<180> c<178> l<40:1> el<40:66>
                  n<> u<178> t<Package_or_generate_item_declaration> p<179> c<177> l<40:1> el<40:66>
                    n<> u<177> t<Parameter_declaration> p<178> c<161> l<40:1> el<40:65>
                      n<> u<161> t<Data_type_or_implicit> p<177> s<176> l<40:11> el<40:11>
                      n<> u<176> t<Param_assignment_list> p<177> c<175> l<40:11> el<40:65>
                        n<> u<175> t<Param_assignment> p<176> c<162> l<40:11> el<40:65>
                          n<UPPER_DATA_WIDTH> u<162> t<SIMPLE_IDENTIFIER> p<175> s<174> l<40:11> el<40:27>
                          n<> u<174> t<Constant_param_expression> p<175> c<173> l<40:31> el<40:65>
                            n<> u<173> t<Constant_mintypmax_expression> p<174> c<172> l<40:31> el<40:65>
                              n<> u<172> t<Constant_expression> p<173> c<166> l<40:31> el<40:65>
                                n<> u<166> t<Constant_expression> p<172> c<165> s<171> l<40:31> el<40:47>
                                  n<> u<165> t<Constant_primary> p<166> c<164> l<40:31> el<40:47>
                                    n<> u<164> t<Primary_literal> p<165> c<163> l<40:31> el<40:47>
                                      n<ADDER_DATA_WIDTH> u<163> t<SIMPLE_IDENTIFIER> p<164> l<40:31> el<40:47>
                                n<> u<171> t<BinaryOp_Minus> p<172> s<170> l<40:48> el<40:49>
                                n<> u<170> t<Constant_expression> p<172> c<169> l<40:50> el<40:65>
                                  n<> u<169> t<Constant_primary> p<170> c<168> l<40:50> el<40:65>
                                    n<> u<168> t<Primary_literal> p<169> c<167> l<40:50> el<40:65>
                                      n<INCR_DATA_WIDTH> u<167> t<SIMPLE_IDENTIFIER> p<168> l<40:50> el<40:65>
        n<> u<206> t<Module_item> p<347> c<205> s<229> l<42:1> el<42:34>
          n<> u<205> t<Port_declaration> p<206> c<204> l<42:1> el<42:33>
            n<> u<204> t<Input_declaration> p<205> c<201> l<42:1> el<42:33>
              n<> u<201> t<Net_port_type> p<204> c<200> s<203> l<42:7> el<42:29>
                n<> u<200> t<Data_type_or_implicit> p<201> c<199> l<42:7> el<42:29>
                  n<> u<199> t<Packed_dimension> p<200> c<198> l<42:7> el<42:29>
                    n<> u<198> t<Constant_range> p<199> c<193> l<42:8> el<42:28>
                      n<> u<193> t<Constant_expression> p<198> c<187> s<197> l<42:8> el<42:26>
                        n<> u<187> t<Constant_expression> p<193> c<186> s<192> l<42:8> el<42:24>
                          n<> u<186> t<Constant_primary> p<187> c<185> l<42:8> el<42:24>
                            n<> u<185> t<Primary_literal> p<186> c<184> l<42:8> el<42:24>
                              n<ADDER_DATA_WIDTH> u<184> t<SIMPLE_IDENTIFIER> p<185> l<42:8> el<42:24>
                        n<> u<192> t<BinaryOp_Minus> p<193> s<191> l<42:24> el<42:25>
                        n<> u<191> t<Constant_expression> p<193> c<190> l<42:25> el<42:26>
                          n<> u<190> t<Constant_primary> p<191> c<189> l<42:25> el<42:26>
                            n<> u<189> t<Primary_literal> p<190> c<188> l<42:25> el<42:26>
                              n<1> u<188> t<INTEGRAL_NUMBER> p<189> l<42:25> el<42:26>
                      n<> u<197> t<Constant_expression> p<198> c<196> l<42:27> el<42:28>
                        n<> u<196> t<Constant_primary> p<197> c<195> l<42:27> el<42:28>
                          n<> u<195> t<Primary_literal> p<196> c<194> l<42:27> el<42:28>
                            n<0> u<194> t<INTEGRAL_NUMBER> p<195> l<42:27> el<42:28>
              n<> u<203> t<Port_identifier_list> p<204> c<202> l<42:30> el<42:33>
                n<din> u<202> t<SIMPLE_IDENTIFIER> p<203> l<42:30> el<42:33>
        n<> u<229> t<Module_item> p<347> c<228> s<252> l<43:1> el<43:36>
          n<> u<228> t<Port_declaration> p<229> c<227> l<43:1> el<43:35>
            n<> u<227> t<Input_declaration> p<228> c<224> l<43:1> el<43:35>
              n<> u<224> t<Net_port_type> p<227> c<223> s<226> l<43:7> el<43:28>
                n<> u<223> t<Data_type_or_implicit> p<224> c<222> l<43:7> el<43:28>
                  n<> u<222> t<Packed_dimension> p<223> c<221> l<43:7> el<43:28>
                    n<> u<221> t<Constant_range> p<222> c<216> l<43:8> el<43:27>
                      n<> u<216> t<Constant_expression> p<221> c<210> s<220> l<43:8> el<43:25>
                        n<> u<210> t<Constant_expression> p<216> c<209> s<215> l<43:8> el<43:23>
                          n<> u<209> t<Constant_primary> p<210> c<208> l<43:8> el<43:23>
                            n<> u<208> t<Primary_literal> p<209> c<207> l<43:8> el<43:23>
                              n<INCR_DATA_WIDTH> u<207> t<SIMPLE_IDENTIFIER> p<208> l<43:8> el<43:23>
                        n<> u<215> t<BinaryOp_Minus> p<216> s<214> l<43:23> el<43:24>
                        n<> u<214> t<Constant_expression> p<216> c<213> l<43:24> el<43:25>
                          n<> u<213> t<Constant_primary> p<214> c<212> l<43:24> el<43:25>
                            n<> u<212> t<Primary_literal> p<213> c<211> l<43:24> el<43:25>
                              n<1> u<211> t<INTEGRAL_NUMBER> p<212> l<43:24> el<43:25>
                      n<> u<220> t<Constant_expression> p<221> c<219> l<43:26> el<43:27>
                        n<> u<219> t<Constant_primary> p<220> c<218> l<43:26> el<43:27>
                          n<> u<218> t<Primary_literal> p<219> c<217> l<43:26> el<43:27>
                            n<0> u<217> t<INTEGRAL_NUMBER> p<218> l<43:26> el<43:27>
              n<> u<226> t<Port_identifier_list> p<227> c<225> l<43:31> el<43:35>
                n<incr> u<225> t<SIMPLE_IDENTIFIER> p<226> l<43:31> el<43:35>
        n<> u<252> t<Module_item> p<347> c<251> s<253> l<44:1> el<44:35>
          n<> u<251> t<Port_declaration> p<252> c<250> l<44:1> el<44:34>
            n<> u<250> t<Output_declaration> p<251> c<247> l<44:1> el<44:34>
              n<> u<247> t<Net_port_type> p<250> c<246> s<249> l<44:8> el<44:30>
                n<> u<246> t<Data_type_or_implicit> p<247> c<245> l<44:8> el<44:30>
                  n<> u<245> t<Packed_dimension> p<246> c<244> l<44:8> el<44:30>
                    n<> u<244> t<Constant_range> p<245> c<239> l<44:9> el<44:29>
                      n<> u<239> t<Constant_expression> p<244> c<233> s<243> l<44:9> el<44:27>
                        n<> u<233> t<Constant_expression> p<239> c<232> s<238> l<44:9> el<44:25>
                          n<> u<232> t<Constant_primary> p<233> c<231> l<44:9> el<44:25>
                            n<> u<231> t<Primary_literal> p<232> c<230> l<44:9> el<44:25>
                              n<ADDER_DATA_WIDTH> u<230> t<SIMPLE_IDENTIFIER> p<231> l<44:9> el<44:25>
                        n<> u<238> t<BinaryOp_Minus> p<239> s<237> l<44:25> el<44:26>
                        n<> u<237> t<Constant_expression> p<239> c<236> l<44:26> el<44:27>
                          n<> u<236> t<Constant_primary> p<237> c<235> l<44:26> el<44:27>
                            n<> u<235> t<Primary_literal> p<236> c<234> l<44:26> el<44:27>
                              n<1> u<234> t<INTEGRAL_NUMBER> p<235> l<44:26> el<44:27>
                      n<> u<243> t<Constant_expression> p<244> c<242> l<44:28> el<44:29>
                        n<> u<242> t<Constant_primary> p<243> c<241> l<44:28> el<44:29>
                          n<> u<241> t<Primary_literal> p<242> c<240> l<44:28> el<44:29>
                            n<0> u<240> t<INTEGRAL_NUMBER> p<241> l<44:28> el<44:29>
              n<> u<249> t<Port_identifier_list> p<250> c<248> l<44:31> el<44:34>
                n<sum> u<248> t<SIMPLE_IDENTIFIER> p<249> l<44:31> el<44:34>
        n<//> u<253> t<LINE_COMMENT> p<347> s<254> l<45:1> el<45:3>
        n<////////////////////////////////////////////////////////////////////////> u<254> t<LINE_COMMENT> p<347> s<255> l<46:1> el<46:73>
        n<// local signal declaraiont> u<255> t<LINE_COMMENT> p<347> s<256> l<47:1> el<47:28>
        n<////////////////////////////////////////////////////////////////////////> u<256> t<LINE_COMMENT> p<347> s<345> l<48:1> el<48:73>
        n<> u<345> t<Module_item> p<347> c<344> s<346> l<50:1> el<51:94>
          n<> u<344> t<Non_port_module_item> p<345> c<343> l<50:1> el<51:94>
            n<> u<343> t<Module_or_generate_item> p<344> c<342> l<50:1> el<51:94>
              n<> u<342> t<Module_common_item> p<343> c<341> l<50:1> el<51:94>
                n<> u<341> t<Continuous_assign> p<342> c<340> l<50:1> el<51:94>
                  n<> u<340> t<Net_assignment_list> p<341> c<339> l<50:8> el<51:93>
                    n<> u<339> t<Net_assignment> p<340> c<277> l<50:8> el<51:93>
                      n<> u<277> t<Net_lvalue> p<339> c<258> s<338> l<50:8> el<50:33>
                        n<> u<258> t<Ps_or_hierarchical_identifier> p<277> c<257> s<276> l<50:8> el<50:11>
                          n<sum> u<257> t<SIMPLE_IDENTIFIER> p<258> l<50:8> el<50:11>
                        n<> u<276> t<Constant_select> p<277> c<259> l<50:11> el<50:33>
                          n<> u<259> t<Constant_bit_select> p<276> s<275> l<50:11> el<50:11>
                          n<> u<275> t<Constant_part_select_range> p<276> c<274> l<50:11> el<50:33>
                            n<> u<274> t<Constant_range> p<275> c<269> l<50:12> el<50:32>
                              n<> u<269> t<Constant_expression> p<274> c<263> s<273> l<50:12> el<50:30>
                                n<> u<263> t<Constant_expression> p<269> c<262> s<268> l<50:12> el<50:28>
                                  n<> u<262> t<Constant_primary> p<263> c<261> l<50:12> el<50:28>
                                    n<> u<261> t<Primary_literal> p<262> c<260> l<50:12> el<50:28>
                                      n<ADDER_DATA_WIDTH> u<260> t<SIMPLE_IDENTIFIER> p<261> l<50:12> el<50:28>
                                n<> u<268> t<BinaryOp_Minus> p<269> s<267> l<50:28> el<50:29>
                                n<> u<267> t<Constant_expression> p<269> c<266> l<50:29> el<50:30>
                                  n<> u<266> t<Constant_primary> p<267> c<265> l<50:29> el<50:30>
                                    n<> u<265> t<Primary_literal> p<266> c<264> l<50:29> el<50:30>
                                      n<1> u<264> t<INTEGRAL_NUMBER> p<265> l<50:29> el<50:30>
                              n<> u<273> t<Constant_expression> p<274> c<272> l<50:31> el<50:32>
                                n<> u<272> t<Constant_primary> p<273> c<271> l<50:31> el<50:32>
                                  n<> u<271> t<Primary_literal> p<272> c<270> l<50:31> el<50:32>
                                    n<0> u<270> t<INTEGRAL_NUMBER> p<271> l<50:31> el<50:32>
                      n<> u<338> t<Expression> p<339> c<299> l<51:13> el<51:93>
                        n<> u<299> t<Expression> p<338> c<298> s<337> l<51:13> el<51:38>
                          n<> u<298> t<Primary> p<299> c<297> l<51:13> el<51:38>
                            n<> u<297> t<Subroutine_call> p<298> c<278> l<51:13> el<51:38>
                              n<din> u<278> t<SIMPLE_IDENTIFIER> p<297> s<296> l<51:13> el<51:16>
                              n<> u<296> t<Select> p<297> c<279> l<51:16> el<51:38>
                                n<> u<279> t<Bit_select> p<296> s<295> l<51:16> el<51:16>
                                n<> u<295> t<Part_select_range> p<296> c<294> l<51:17> el<51:37>
                                  n<> u<294> t<Constant_range> p<295> c<289> l<51:17> el<51:37>
                                    n<> u<289> t<Constant_expression> p<294> c<283> s<293> l<51:17> el<51:35>
                                      n<> u<283> t<Constant_expression> p<289> c<282> s<288> l<51:17> el<51:33>
                                        n<> u<282> t<Constant_primary> p<283> c<281> l<51:17> el<51:33>
                                          n<> u<281> t<Primary_literal> p<282> c<280> l<51:17> el<51:33>
                                            n<ADDER_DATA_WIDTH> u<280> t<SIMPLE_IDENTIFIER> p<281> l<51:17> el<51:33>
                                      n<> u<288> t<BinaryOp_Minus> p<289> s<287> l<51:33> el<51:34>
                                      n<> u<287> t<Constant_expression> p<289> c<286> l<51:34> el<51:35>
                                        n<> u<286> t<Constant_primary> p<287> c<285> l<51:34> el<51:35>
                                          n<> u<285> t<Primary_literal> p<286> c<284> l<51:34> el<51:35>
                                            n<1> u<284> t<INTEGRAL_NUMBER> p<285> l<51:34> el<51:35>
                                    n<> u<293> t<Constant_expression> p<294> c<292> l<51:36> el<51:37>
                                      n<> u<292> t<Constant_primary> p<293> c<291> l<51:36> el<51:37>
                                        n<> u<291> t<Primary_literal> p<292> c<290> l<51:36> el<51:37>
                                          n<0> u<290> t<INTEGRAL_NUMBER> p<291> l<51:36> el<51:37>
                        n<> u<337> t<BinaryOp_Plus> p<338> s<336> l<51:39> el<51:40>
                        n<> u<336> t<Expression> p<338> c<335> l<51:41> el<51:93>
                          n<> u<335> t<Primary> p<336> c<334> l<51:41> el<51:93>
                            n<> u<334> t<Concatenation> p<335> c<311> l<51:41> el<51:93>
                              n<> u<311> t<Expression> p<334> c<310> s<333> l<51:42> el<51:66>
                                n<> u<310> t<Primary> p<311> c<309> l<51:42> el<51:66>
                                  n<> u<309> t<Multiple_concatenation> p<310> c<303> l<51:42> el<51:66>
                                    n<> u<303> t<Expression> p<309> c<302> s<308> l<51:43> el<51:59>
                                      n<> u<302> t<Primary> p<303> c<301> l<51:43> el<51:59>
                                        n<> u<301> t<Primary_literal> p<302> c<300> l<51:43> el<51:59>
                                          n<UPPER_DATA_WIDTH> u<300> t<SIMPLE_IDENTIFIER> p<301> l<51:43> el<51:59>
                                    n<> u<308> t<Concatenation> p<309> c<307> l<51:59> el<51:65>
                                      n<> u<307> t<Expression> p<308> c<306> l<51:60> el<51:64>
                                        n<> u<306> t<Primary> p<307> c<305> l<51:60> el<51:64>
                                          n<> u<305> t<Primary_literal> p<306> c<304> l<51:60> el<51:64>
                                            n<> u<304> t<ONE_TICK_b0> p<305> l<51:60> el<51:64>
                              n<> u<333> t<Expression> p<334> c<332> l<51:67> el<51:92>
                                n<> u<332> t<Primary> p<333> c<331> l<51:67> el<51:92>
                                  n<> u<331> t<Subroutine_call> p<332> c<312> l<51:67> el<51:92>
                                    n<incr> u<312> t<SIMPLE_IDENTIFIER> p<331> s<330> l<51:67> el<51:71>
                                    n<> u<330> t<Select> p<331> c<313> l<51:71> el<51:92>
                                      n<> u<313> t<Bit_select> p<330> s<329> l<51:71> el<51:71>
                                      n<> u<329> t<Part_select_range> p<330> c<328> l<51:72> el<51:91>
                                        n<> u<328> t<Constant_range> p<329> c<323> l<51:72> el<51:91>
                                          n<> u<323> t<Constant_expression> p<328> c<317> s<327> l<51:72> el<51:89>
                                            n<> u<317> t<Constant_expression> p<323> c<316> s<322> l<51:72> el<51:87>
                                              n<> u<316> t<Constant_primary> p<317> c<315> l<51:72> el<51:87>
                                                n<> u<315> t<Primary_literal> p<316> c<314> l<51:72> el<51:87>
                                                  n<INCR_DATA_WIDTH> u<314> t<SIMPLE_IDENTIFIER> p<315> l<51:72> el<51:87>
                                            n<> u<322> t<BinaryOp_Minus> p<323> s<321> l<51:87> el<51:88>
                                            n<> u<321> t<Constant_expression> p<323> c<320> l<51:88> el<51:89>
                                              n<> u<320> t<Constant_primary> p<321> c<319> l<51:88> el<51:89>
                                                n<> u<319> t<Primary_literal> p<320> c<318> l<51:88> el<51:89>
                                                  n<1> u<318> t<INTEGRAL_NUMBER> p<319> l<51:88> el<51:89>
                                          n<> u<327> t<Constant_expression> p<328> c<326> l<51:90> el<51:91>
                                            n<> u<326> t<Constant_primary> p<327> c<325> l<51:90> el<51:91>
                                              n<> u<325> t<Primary_literal> p<326> c<324> l<51:90> el<51:91>
                                                n<0> u<324> t<INTEGRAL_NUMBER> p<325> l<51:90> el<51:91>
        n<> u<346> t<ENDMODULE> p<347> l<53:1> el<53:10>
  n<// tlu_addern_32> u<350> t<LINE_COMMENT> p<351> l<53:11> el<53:27>
AST_DEBUG_END
[INF:CP0303] $Source01/tlu_addern_32.v:35:1: Compile module "work@tlu_addern_32".
[INF:CM0029] Using global timescale: "1ns/1ns".
====== UHDM =======
Design name:unnamed:
  vpiName: unnamed
  vpiSourceFile (1 items):
    SourceFile name:tlu_addern_32.v file:$Source01/tlu_addern_32.v:
      vpiParent: Design name:unnamed
      vpiName: tlu_addern_32.v
      vpiPreprocFile: "$Output/lib/work/tlu_addern_32.v"
      vpiIncludes (1 items):
        SourceFile name:sys.h file:$Source01/sys.h start:28:1 end:28:24:
          vpiParent: SourceFile name:tlu_addern_32.v
          vpiName: sys.h
          vpiPreprocMacroDefinition (149 items):
            PreprocMacroDefinition name:SYSCLK_PERIOD start:40:1 end:40:29:
              vpiParent: SourceFile name:sys.h
              vpiName: SYSCLK_PERIOD
              vpiNameStartColumn: 9
              vpiBodyStartColumn: 25
            PreprocMacroDefinition name:AL_RB_CNT start:47:1 end:47:27:
              vpiParent: SourceFile name:sys.h
              vpiName: AL_RB_CNT
              vpiNameStartColumn: 9
              vpiBodyStartColumn: 25
            PreprocMacroDefinition name:AL_RB_IDX start:48:1 end:48:27:
              vpiParent: SourceFile name:sys.h
              vpiName: AL_RB_IDX
              vpiNameStartColumn: 9
              vpiBodyStartColumn: 26
            PreprocMacroDefinition name:AL_RB_WINDOW start:49:1 end:49:38:
              vpiParent: SourceFile name:sys.h
              vpiName: AL_RB_WINDOW
              vpiNameStartColumn: 9
              vpiBodyStartColumn: 25
            PreprocMacroDefinition name:AL_OBJ_SZ start:52:1 end:52:27:
              vpiParent: SourceFile name:sys.h
              vpiName: AL_OBJ_SZ
              vpiNameStartColumn: 9
              vpiBodyStartColumn: 24
            PreprocMacroDefinition name:AL_RL_HI start:55:1 end:55:27:
              vpiParent: SourceFile name:sys.h
              vpiName: AL_RL_HI
              vpiNameStartColumn: 9
              vpiBodyStartColumn: 24
            PreprocMacroDefinition name:AL_RL_LO start:56:1 end:56:27:
              vpiParent: SourceFile name:sys.h
              vpiName: AL_RL_LO
              vpiNameStartColumn: 9
              vpiBodyStartColumn: 24
            PreprocMacroDefinition name:AL_RL_SZ start:57:1 end:57:27:
              vpiParent: SourceFile name:sys.h
              vpiName: AL_RL_SZ
              vpiNameStartColumn: 9
              vpiBodyStartColumn: 26
            PreprocMacroDefinition name:AL_ESN_HI start:59:1 end:59:27:
              vpiParent: SourceFile name:sys.h
              vpiName: AL_ESN_HI
              vpiNameStartColumn: 9
              vpiBodyStartColumn: 24
            PreprocMacroDefinition name:AL_ESN_LO start:60:1 end:60:27:
              vpiParent: SourceFile name:sys.h
              vpiName: AL_ESN_LO
              vpiNameStartColumn: 9
              vpiBodyStartColumn: 24
            PreprocMacroDefinition name:AL_SSN_HI start:61:1 end:61:27:
              vpiParent: SourceFile name:sys.h
              vpiName: AL_SSN_HI
              vpiNameStartColumn: 9
              vpiBodyStartColumn: 24
            PreprocMacroDefinition name:AL_SSN_LO start:62:1 end:62:27:
              vpiParent: SourceFile name:sys.h
              vpiName: AL_SSN_LO
              vpiNameStartColumn: 9
              vpiBodyStartColumn: 24
            PreprocMacroDefinition name:AL_ED start:63:1 end:63:27:
              vpiParent: SourceFile name:sys.h
              vpiName: AL_ED
              vpiNameStartColumn: 9
              vpiBodyStartColumn: 24
            PreprocMacroDefinition name:AL_CNG_HI start:66:1 end:66:27:
              vpiParent: SourceFile name:sys.h
              vpiName: AL_CNG_HI
              vpiNameStartColumn: 9
              vpiBodyStartColumn: 24
            PreprocMacroDefinition name:AL_CNG_LO start:67:1 end:67:27:
              vpiParent: SourceFile name:sys.h
              vpiName: AL_CNG_LO
              vpiNameStartColumn: 9
              vpiBodyStartColumn: 25
            PreprocMacroDefinition name:AL_CNG_SZ start:68:1 end:68:27:
              vpiParent: SourceFile name:sys.h
              vpiName: AL_CNG_SZ
              vpiNameStartColumn: 9
              vpiBodyStartColumn: 26
            PreprocMacroDefinition name:AL_REQ_CNG start:70:1 end:70:27:
              vpiParent: SourceFile name:sys.h
              vpiName: AL_REQ_CNG
              vpiNameStartColumn: 9
              vpiBodyStartColumn: 24
            PreprocMacroDefinition name:AL_BSCT_HI start:71:1 end:71:27:
              vpiParent: SourceFile name:sys.h
              vpiName: AL_BSCT_HI
              vpiNameStartColumn: 9
              vpiBodyStartColumn: 24
            PreprocMacroDefinition name:AL_BSCT_LO start:72:1 end:72:27:
              vpiParent: SourceFile name:sys.h
              vpiName: AL_BSCT_LO
              vpiNameStartColumn: 9
              vpiBodyStartColumn: 25
            PreprocMacroDefinition name:AL_EGR_P_CNG start:73:1 end:73:27:
              vpiParent: SourceFile name:sys.h
              vpiName: AL_EGR_P_CNG
              vpiNameStartColumn: 9
              vpiBodyStartColumn: 25
            PreprocMacroDefinition name:AL_MARK start:74:1 end:74:27:
              vpiParent: SourceFile name:sys.h
              vpiName: AL_MARK
              vpiNameStartColumn: 9
              vpiBodyStartColumn: 25
            PreprocMacroDefinition name:AL_ACK_SZ start:78:1 end:78:27:
              vpiParent: SourceFile name:sys.h
              vpiName: AL_ACK_SZ
              vpiNameStartColumn: 9
              vpiBodyStartColumn: 25
            PreprocMacroDefinition name:AL_A_COS start:79:1 end:79:27:
              vpiParent: SourceFile name:sys.h
              vpiName: AL_A_COS
              vpiNameStartColumn: 9
              vpiBodyStartColumn: 25
            PreprocMacroDefinition name:AL_A_TYP_HI start:80:1 end:80:27:
              vpiParent: SourceFile name:sys.h
              vpiName: AL_A_TYP_HI
              vpiNameStartColumn: 9
              vpiBodyStartColumn: 25
            PreprocMacroDefinition name:AL_A_TYP_LO start:81:1 end:81:27:
              vpiParent: SourceFile name:sys.h
              vpiName: AL_A_TYP_LO
              vpiNameStartColumn: 9
              vpiBodyStartColumn: 25
            PreprocMacroDefinition name:AL_A_NACK start:82:1 end:82:27:
              vpiParent: SourceFile name:sys.h
              vpiName: AL_A_NACK
              vpiNameStartColumn: 9
              vpiBodyStartColumn: 25
            PreprocMacroDefinition name:AL_A_TAG_HI start:83:1 end:83:27:
              vpiParent: SourceFile name:sys.h
              vpiName: AL_A_TAG_HI
              vpiNameStartColumn: 9
              vpiBodyStartColumn: 25
            PreprocMacroDefinition name:AL_A_TAG_LO start:84:1 end:84:27:
              vpiParent: SourceFile name:sys.h
              vpiName: AL_A_TAG_LO
              vpiNameStartColumn: 9
              vpiBodyStartColumn: 25
            PreprocMacroDefinition name:AL_A_PORT_HI start:85:1 end:85:27:
              vpiParent: SourceFile name:sys.h
              vpiName: AL_A_PORT_HI
              vpiNameStartColumn: 9
              vpiBodyStartColumn: 25
            PreprocMacroDefinition name:AL_A_PORT_LO start:86:1 end:86:27:
              vpiParent: SourceFile name:sys.h
              vpiName: AL_A_PORT_LO
              vpiNameStartColumn: 9
              vpiBodyStartColumn: 25
            PreprocMacroDefinition name:AL_REQ_SZ start:90:1 end:90:27:
              vpiParent: SourceFile name:sys.h
              vpiName: AL_REQ_SZ
              vpiNameStartColumn: 9
              vpiBodyStartColumn: 25
            PreprocMacroDefinition name:AL_R_COS start:91:1 end:91:27:
              vpiParent: SourceFile name:sys.h
              vpiName: AL_R_COS
              vpiNameStartColumn: 9
              vpiBodyStartColumn: 25
            PreprocMacroDefinition name:AL_R_TYP_HI start:92:1 end:92:27:
              vpiParent: SourceFile name:sys.h
              vpiName: AL_R_TYP_HI
              vpiNameStartColumn: 9
              vpiBodyStartColumn: 25
            PreprocMacroDefinition name:AL_R_TYP_LO start:93:1 end:93:27:
              vpiParent: SourceFile name:sys.h
              vpiName: AL_R_TYP_LO
              vpiNameStartColumn: 9
              vpiBodyStartColumn: 25
            PreprocMacroDefinition name:AL_R_SCR_HI start:94:1 end:94:27:
              vpiParent: SourceFile name:sys.h
              vpiName: AL_R_SCR_HI
              vpiNameStartColumn: 9
              vpiBodyStartColumn: 25
            PreprocMacroDefinition name:AL_R_SCR_LO start:95:1 end:95:27:
              vpiParent: SourceFile name:sys.h
              vpiName: AL_R_SCR_LO
              vpiNameStartColumn: 9
              vpiBodyStartColumn: 25
            PreprocMacroDefinition name:AL_R_TCR_HI start:96:1 end:96:27:
              vpiParent: SourceFile name:sys.h
              vpiName: AL_R_TCR_HI
              vpiNameStartColumn: 9
              vpiBodyStartColumn: 25
            PreprocMacroDefinition name:AL_R_TCR_LO start:97:1 end:97:27:
              vpiParent: SourceFile name:sys.h
              vpiName: AL_R_TCR_LO
              vpiNameStartColumn: 9
              vpiBodyStartColumn: 25
            PreprocMacroDefinition name:AL_R_TAG_HI start:98:1 end:98:27:
              vpiParent: SourceFile name:sys.h
              vpiName: AL_R_TAG_HI
              vpiNameStartColumn: 9
              vpiBodyStartColumn: 25
            PreprocMacroDefinition name:AL_R_TAG_LO start:99:1 end:99:27:
              vpiParent: SourceFile name:sys.h
              vpiName: AL_R_TAG_LO
              vpiNameStartColumn: 9
              vpiBodyStartColumn: 25
            PreprocMacroDefinition name:AL_R_PORT_HI start:100:1 end:100:27:
              vpiParent: SourceFile name:sys.h
              vpiName: AL_R_PORT_HI
              vpiNameStartColumn: 9
              vpiBodyStartColumn: 25
            PreprocMacroDefinition name:AL_R_PORT_LO start:101:1 end:101:27:
              vpiParent: SourceFile name:sys.h
              vpiName: AL_R_PORT_LO
              vpiNameStartColumn: 9
              vpiBodyStartColumn: 25
            PreprocMacroDefinition name:AL_R_LEN_HI start:102:1 end:102:27:
              vpiParent: SourceFile name:sys.h
              vpiName: AL_R_LEN_HI
              vpiNameStartColumn: 9
              vpiBodyStartColumn: 25
            PreprocMacroDefinition name:AL_R_LEN_LO start:103:1 end:103:27:
              vpiParent: SourceFile name:sys.h
              vpiName: AL_R_LEN_LO
              vpiNameStartColumn: 9
              vpiBodyStartColumn: 25
            PreprocMacroDefinition name:AL_R_ADD_HI start:104:1 end:104:27:
              vpiParent: SourceFile name:sys.h
              vpiName: AL_R_ADD_HI
              vpiNameStartColumn: 9
              vpiBodyStartColumn: 25
            PreprocMacroDefinition name:AL_R_ADD_LO start:105:1 end:105:27:
              vpiParent: SourceFile name:sys.h
              vpiName: AL_R_ADD_LO
              vpiNameStartColumn: 9
              vpiBodyStartColumn: 26
            PreprocMacroDefinition name:AL_M_MQID_HI start:108:1 end:108:27:
              vpiParent: SourceFile name:sys.h
              vpiName: AL_M_MQID_HI
              vpiNameStartColumn: 9
              vpiBodyStartColumn: 26
            PreprocMacroDefinition name:AL_M_MQID_LO start:109:1 end:109:27:
              vpiParent: SourceFile name:sys.h
              vpiName: AL_M_MQID_LO
              vpiNameStartColumn: 9
              vpiBodyStartColumn: 26
            PreprocMacroDefinition name:AL_ACK_NONE start:112:1 end:112:28:
              vpiParent: SourceFile name:sys.h
              vpiName: AL_ACK_NONE
              vpiNameStartColumn: 9
              vpiBodyStartColumn: 23
            PreprocMacroDefinition name:AL_ACK_NPAY start:113:1 end:113:28:
              vpiParent: SourceFile name:sys.h
              vpiName: AL_ACK_NPAY
              vpiNameStartColumn: 9
              vpiBodyStartColumn: 23
            PreprocMacroDefinition name:AL_ACK_WPAY start:114:1 end:114:28:
              vpiParent: SourceFile name:sys.h
              vpiName: AL_ACK_WPAY
              vpiNameStartColumn: 9
              vpiBodyStartColumn: 23
            PreprocMacroDefinition name:AL_REQ_NONE start:117:1 end:117:28:
              vpiParent: SourceFile name:sys.h
              vpiName: AL_REQ_NONE
              vpiNameStartColumn: 9
              vpiBodyStartColumn: 23
            PreprocMacroDefinition name:AL_REQ_NPAY start:118:1 end:118:28:
              vpiParent: SourceFile name:sys.h
              vpiName: AL_REQ_NPAY
              vpiNameStartColumn: 9
              vpiBodyStartColumn: 23
            PreprocMacroDefinition name:AL_REQ_WPAY start:119:1 end:119:28:
              vpiParent: SourceFile name:sys.h
              vpiName: AL_REQ_WPAY
              vpiNameStartColumn: 9
              vpiBodyStartColumn: 23
            PreprocMacroDefinition name:AL_REQ_MSG start:120:1 end:120:28:
              vpiParent: SourceFile name:sys.h
              vpiName: AL_REQ_MSG
              vpiNameStartColumn: 9
              vpiBodyStartColumn: 23
            PreprocMacroDefinition name:AL_FRAME_SZ start:123:1 end:123:27:
              vpiParent: SourceFile name:sys.h
              vpiName: AL_FRAME_SZ
              vpiNameStartColumn: 9
              vpiBodyStartColumn: 24
            PreprocMacroDefinition name:UCB_READ_NACK start:130:1 end:130:37:
              vpiParent: SourceFile name:sys.h
              vpiName: UCB_READ_NACK
              vpiNameStartColumn: 9
              vpiBodyStartColumn: 30
            PreprocMacroDefinition name:UCB_READ_ACK start:131:1 end:131:37:
              vpiParent: SourceFile name:sys.h
              vpiName: UCB_READ_ACK
              vpiNameStartColumn: 9
              vpiBodyStartColumn: 30
            PreprocMacroDefinition name:UCB_WRITE_ACK start:132:1 end:132:37:
              vpiParent: SourceFile name:sys.h
              vpiName: UCB_WRITE_ACK
              vpiNameStartColumn: 9
              vpiBodyStartColumn: 30
            PreprocMacroDefinition name:UCB_IFILL_ACK start:133:1 end:133:37:
              vpiParent: SourceFile name:sys.h
              vpiName: UCB_IFILL_ACK
              vpiNameStartColumn: 9
              vpiBodyStartColumn: 30
            PreprocMacroDefinition name:UCB_IFILL_NACK start:134:1 end:134:37:
              vpiParent: SourceFile name:sys.h
              vpiName: UCB_IFILL_NACK
              vpiNameStartColumn: 9
              vpiBodyStartColumn: 30
            PreprocMacroDefinition name:UCB_READ_REQ start:136:1 end:136:37:
              vpiParent: SourceFile name:sys.h
              vpiName: UCB_READ_REQ
              vpiNameStartColumn: 9
              vpiBodyStartColumn: 30
            PreprocMacroDefinition name:UCB_WRITE_REQ start:137:1 end:137:37:
              vpiParent: SourceFile name:sys.h
              vpiName: UCB_WRITE_REQ
              vpiNameStartColumn: 9
              vpiBodyStartColumn: 30
            PreprocMacroDefinition name:UCB_IFILL_REQ start:138:1 end:138:37:
              vpiParent: SourceFile name:sys.h
              vpiName: UCB_IFILL_REQ
              vpiNameStartColumn: 9
              vpiBodyStartColumn: 30
            PreprocMacroDefinition name:UCB_INT start:140:1 end:140:37:
              vpiParent: SourceFile name:sys.h
              vpiName: UCB_INT
              vpiNameStartColumn: 9
              vpiBodyStartColumn: 30
            PreprocMacroDefinition name:UCB_INT_VEC start:141:1 end:141:37:
              vpiParent: SourceFile name:sys.h
              vpiName: UCB_INT_VEC
              vpiNameStartColumn: 9
              vpiBodyStartColumn: 30
            PreprocMacroDefinition name:UCB_RESET_VEC start:142:1 end:142:37:
              vpiParent: SourceFile name:sys.h
              vpiName: UCB_RESET_VEC
              vpiNameStartColumn: 9
              vpiBodyStartColumn: 30
            PreprocMacroDefinition name:UCB_IDLE_VEC start:143:1 end:143:37:
              vpiParent: SourceFile name:sys.h
              vpiName: UCB_IDLE_VEC
              vpiNameStartColumn: 9
              vpiBodyStartColumn: 30
            PreprocMacroDefinition name:UCB_RESUME_VEC start:144:1 end:144:37:
              vpiParent: SourceFile name:sys.h
              vpiName: UCB_RESUME_VEC
              vpiNameStartColumn: 9
              vpiBodyStartColumn: 30
            PreprocMacroDefinition name:UCB_NOPAY_PKT_WIDTH start:151:1 end:151:33:
              vpiParent: SourceFile name:sys.h
              vpiName: UCB_NOPAY_PKT_WIDTH
              vpiNameStartColumn: 9
              vpiBodyStartColumn: 31
            PreprocMacroDefinition name:UCB_64PAY_PKT_WIDTH start:152:1 end:152:33:
              vpiParent: SourceFile name:sys.h
              vpiName: UCB_64PAY_PKT_WIDTH
              vpiNameStartColumn: 9
              vpiBodyStartColumn: 30
            PreprocMacroDefinition name:UCB_128PAY_PKT_WIDTH start:153:1 end:153:33:
              vpiParent: SourceFile name:sys.h
              vpiName: UCB_128PAY_PKT_WIDTH
              vpiNameStartColumn: 9
              vpiBodyStartColumn: 30
            PreprocMacroDefinition name:UCB_DATA_EXT_HI start:155:1 end:155:33:
              vpiParent: SourceFile name:sys.h
              vpiName: UCB_DATA_EXT_HI
              vpiNameStartColumn: 9
              vpiBodyStartColumn: 30
            PreprocMacroDefinition name:UCB_DATA_EXT_LO start:156:1 end:156:33:
              vpiParent: SourceFile name:sys.h
              vpiName: UCB_DATA_EXT_LO
              vpiNameStartColumn: 9
              vpiBodyStartColumn: 30
            PreprocMacroDefinition name:UCB_DATA_HI start:157:1 end:157:33:
              vpiParent: SourceFile name:sys.h
              vpiName: UCB_DATA_HI
              vpiNameStartColumn: 9
              vpiBodyStartColumn: 30
            PreprocMacroDefinition name:UCB_DATA_LO start:158:1 end:158:33:
              vpiParent: SourceFile name:sys.h
              vpiName: UCB_DATA_LO
              vpiNameStartColumn: 9
              vpiBodyStartColumn: 31
            PreprocMacroDefinition name:UCB_RSV_HI start:159:1 end:159:33:
              vpiParent: SourceFile name:sys.h
              vpiName: UCB_RSV_HI
              vpiNameStartColumn: 9
              vpiBodyStartColumn: 31
            PreprocMacroDefinition name:UCB_RSV_LO start:160:1 end:160:33:
              vpiParent: SourceFile name:sys.h
              vpiName: UCB_RSV_LO
              vpiNameStartColumn: 9
              vpiBodyStartColumn: 31
            PreprocMacroDefinition name:UCB_ADDR_HI start:161:1 end:161:33:
              vpiParent: SourceFile name:sys.h
              vpiName: UCB_ADDR_HI
              vpiNameStartColumn: 9
              vpiBodyStartColumn: 31
            PreprocMacroDefinition name:UCB_ADDR_LO start:162:1 end:162:33:
              vpiParent: SourceFile name:sys.h
              vpiName: UCB_ADDR_LO
              vpiNameStartColumn: 9
              vpiBodyStartColumn: 31
            PreprocMacroDefinition name:UCB_SIZE_HI start:163:1 end:163:33:
              vpiParent: SourceFile name:sys.h
              vpiName: UCB_SIZE_HI
              vpiNameStartColumn: 9
              vpiBodyStartColumn: 31
            PreprocMacroDefinition name:UCB_SIZE_LO start:164:1 end:164:33:
              vpiParent: SourceFile name:sys.h
              vpiName: UCB_SIZE_LO
              vpiNameStartColumn: 9
              vpiBodyStartColumn: 31
            PreprocMacroDefinition name:UCB_BUF_HI start:165:1 end:165:33:
              vpiParent: SourceFile name:sys.h
              vpiName: UCB_BUF_HI
              vpiNameStartColumn: 9
              vpiBodyStartColumn: 31
            PreprocMacroDefinition name:UCB_BUF_LO start:166:1 end:166:33:
              vpiParent: SourceFile name:sys.h
              vpiName: UCB_BUF_LO
              vpiNameStartColumn: 9
              vpiBodyStartColumn: 31
            PreprocMacroDefinition name:UCB_THR_HI start:167:1 end:167:33:
              vpiParent: SourceFile name:sys.h
              vpiName: UCB_THR_HI
              vpiNameStartColumn: 9
              vpiBodyStartColumn: 32
            PreprocMacroDefinition name:UCB_THR_LO start:168:1 end:168:33:
              vpiParent: SourceFile name:sys.h
              vpiName: UCB_THR_LO
              vpiNameStartColumn: 9
              vpiBodyStartColumn: 32
            PreprocMacroDefinition name:UCB_PKT_HI start:169:1 end:169:33:
              vpiParent: SourceFile name:sys.h
              vpiName: UCB_PKT_HI
              vpiNameStartColumn: 9
              vpiBodyStartColumn: 32
            PreprocMacroDefinition name:UCB_PKT_LO start:170:1 end:170:33:
              vpiParent: SourceFile name:sys.h
              vpiName: UCB_PKT_LO
              vpiNameStartColumn: 9
              vpiBodyStartColumn: 32
            PreprocMacroDefinition name:UCB_DATA_EXT_WIDTH start:172:1 end:172:33:
              vpiParent: SourceFile name:sys.h
              vpiName: UCB_DATA_EXT_WIDTH
              vpiNameStartColumn: 9
              vpiBodyStartColumn: 31
            PreprocMacroDefinition name:UCB_DATA_WIDTH start:173:1 end:173:33:
              vpiParent: SourceFile name:sys.h
              vpiName: UCB_DATA_WIDTH
              vpiNameStartColumn: 9
              vpiBodyStartColumn: 31
            PreprocMacroDefinition name:UCB_RSV_WIDTH start:174:1 end:174:33:
              vpiParent: SourceFile name:sys.h
              vpiName: UCB_RSV_WIDTH
              vpiNameStartColumn: 9
              vpiBodyStartColumn: 32
            PreprocMacroDefinition name:UCB_ADDR_WIDTH start:175:1 end:175:33:
              vpiParent: SourceFile name:sys.h
              vpiName: UCB_ADDR_WIDTH
              vpiNameStartColumn: 9
              vpiBodyStartColumn: 31
            PreprocMacroDefinition name:UCB_SIZE_WIDTH start:176:1 end:176:33:
              vpiParent: SourceFile name:sys.h
              vpiName: UCB_SIZE_WIDTH
              vpiNameStartColumn: 9
              vpiBodyStartColumn: 32
            PreprocMacroDefinition name:UCB_BUFID_WIDTH start:177:1 end:177:33:
              vpiParent: SourceFile name:sys.h
              vpiName: UCB_BUFID_WIDTH
              vpiNameStartColumn: 9
              vpiBodyStartColumn: 32
            PreprocMacroDefinition name:UCB_THR_WIDTH start:178:1 end:178:33:
              vpiParent: SourceFile name:sys.h
              vpiName: UCB_THR_WIDTH
              vpiNameStartColumn: 9
              vpiBodyStartColumn: 32
            PreprocMacroDefinition name:UCB_PKT_WIDTH start:179:1 end:179:33:
              vpiParent: SourceFile name:sys.h
              vpiName: UCB_PKT_WIDTH
              vpiNameStartColumn: 9
              vpiBodyStartColumn: 32
            PreprocMacroDefinition name:UCB_SIZE_1B start:187:1 end:187:36:
              vpiParent: SourceFile name:sys.h
              vpiName: UCB_SIZE_1B
              vpiNameStartColumn: 9
              vpiBodyStartColumn: 30
            PreprocMacroDefinition name:UCB_SIZE_2B start:188:1 end:188:36:
              vpiParent: SourceFile name:sys.h
              vpiName: UCB_SIZE_2B
              vpiNameStartColumn: 9
              vpiBodyStartColumn: 30
            PreprocMacroDefinition name:UCB_SIZE_4B start:189:1 end:189:36:
              vpiParent: SourceFile name:sys.h
              vpiName: UCB_SIZE_4B
              vpiNameStartColumn: 9
              vpiBodyStartColumn: 30
            PreprocMacroDefinition name:UCB_SIZE_8B start:190:1 end:190:36:
              vpiParent: SourceFile name:sys.h
              vpiName: UCB_SIZE_8B
              vpiNameStartColumn: 9
              vpiBodyStartColumn: 30
            PreprocMacroDefinition name:UCB_SIZE_16B start:191:1 end:191:36:
              vpiParent: SourceFile name:sys.h
              vpiName: UCB_SIZE_16B
              vpiNameStartColumn: 9
              vpiBodyStartColumn: 30
            PreprocMacroDefinition name:UCB_INT_PKT_WIDTH start:198:1 end:198:33:
              vpiParent: SourceFile name:sys.h
              vpiName: UCB_INT_PKT_WIDTH
              vpiNameStartColumn: 9
              vpiBodyStartColumn: 31
            PreprocMacroDefinition name:UCB_INT_RSV_HI start:200:1 end:200:33:
              vpiParent: SourceFile name:sys.h
              vpiName: UCB_INT_RSV_HI
              vpiNameStartColumn: 9
              vpiBodyStartColumn: 31
            PreprocMacroDefinition name:UCB_INT_RSV_LO start:201:1 end:201:33:
              vpiParent: SourceFile name:sys.h
              vpiName: UCB_INT_RSV_LO
              vpiNameStartColumn: 9
              vpiBodyStartColumn: 31
            PreprocMacroDefinition name:UCB_INT_VEC_HI start:202:1 end:202:33:
              vpiParent: SourceFile name:sys.h
              vpiName: UCB_INT_VEC_HI
              vpiNameStartColumn: 9
              vpiBodyStartColumn: 31
            PreprocMacroDefinition name:UCB_INT_VEC_LO start:203:1 end:203:33:
              vpiParent: SourceFile name:sys.h
              vpiName: UCB_INT_VEC_LO
              vpiNameStartColumn: 9
              vpiBodyStartColumn: 31
            PreprocMacroDefinition name:UCB_INT_STAT_HI start:204:1 end:204:33:
              vpiParent: SourceFile name:sys.h
              vpiName: UCB_INT_STAT_HI
              vpiNameStartColumn: 9
              vpiBodyStartColumn: 31
            PreprocMacroDefinition name:UCB_INT_STAT_LO start:205:1 end:205:33:
              vpiParent: SourceFile name:sys.h
              vpiName: UCB_INT_STAT_LO
              vpiNameStartColumn: 9
              vpiBodyStartColumn: 31
            PreprocMacroDefinition name:UCB_INT_DEV_HI start:206:1 end:206:33:
              vpiParent: SourceFile name:sys.h
              vpiName: UCB_INT_DEV_HI
              vpiNameStartColumn: 9
              vpiBodyStartColumn: 31
            PreprocMacroDefinition name:UCB_INT_DEV_LO start:207:1 end:207:33:
              vpiParent: SourceFile name:sys.h
              vpiName: UCB_INT_DEV_LO
              vpiNameStartColumn: 9
              vpiBodyStartColumn: 31
            PreprocMacroDefinition name:UCB_INT_RSV_WIDTH start:213:1 end:213:33:
              vpiParent: SourceFile name:sys.h
              vpiName: UCB_INT_RSV_WIDTH
              vpiNameStartColumn: 9
              vpiBodyStartColumn: 32
            PreprocMacroDefinition name:UCB_INT_VEC_WIDTH start:214:1 end:214:33:
              vpiParent: SourceFile name:sys.h
              vpiName: UCB_INT_VEC_WIDTH
              vpiNameStartColumn: 9
              vpiBodyStartColumn: 32
            PreprocMacroDefinition name:UCB_INT_STAT_WIDTH start:215:1 end:215:33:
              vpiParent: SourceFile name:sys.h
              vpiName: UCB_INT_STAT_WIDTH
              vpiNameStartColumn: 9
              vpiBodyStartColumn: 31
            PreprocMacroDefinition name:UCB_INT_DEV_WIDTH start:216:1 end:216:33:
              vpiParent: SourceFile name:sys.h
              vpiName: UCB_INT_DEV_WIDTH
              vpiNameStartColumn: 9
              vpiBodyStartColumn: 32
            PreprocMacroDefinition name:FCRAM_DQ_WIDTH start:223:1 end:223:41:
              vpiParent: SourceFile name:sys.h
              vpiName: FCRAM_DQ_WIDTH
              vpiNameStartColumn: 9
              vpiBodyStartColumn: 39
            PreprocMacroDefinition name:FCRAM_DQS_WIDTH start:224:1 end:224:41:
              vpiParent: SourceFile name:sys.h
              vpiName: FCRAM_DQS_WIDTH
              vpiNameStartColumn: 9
              vpiBodyStartColumn: 40
            PreprocMacroDefinition name:FCRAM_ADDR_WIDTH start:225:1 end:225:41:
              vpiParent: SourceFile name:sys.h
              vpiName: FCRAM_ADDR_WIDTH
              vpiNameStartColumn: 9
              vpiBodyStartColumn: 39
            PreprocMacroDefinition name:FCRAM_BA_WIDTH start:226:1 end:226:41:
              vpiParent: SourceFile name:sys.h
              vpiName: FCRAM_BA_WIDTH
              vpiNameStartColumn: 9
              vpiBodyStartColumn: 40
            PreprocMacroDefinition name:AXGRMII_CLK_PERIOD start:233:1 end:233:41:
              vpiParent: SourceFile name:sys.h
              vpiName: AXGRMII_CLK_PERIOD
              vpiNameStartColumn: 9
              vpiBodyStartColumn: 37
            PreprocMacroDefinition name:ENET_GMAC_CLK_PERIOD start:234:1 end:234:41:
              vpiParent: SourceFile name:sys.h
              vpiName: ENET_GMAC_CLK_PERIOD
              vpiNameStartColumn: 9
              vpiBodyStartColumn: 37
            PreprocMacroDefinition name:SYS_UPA_CLK start:241:1 end:241:45:
              vpiParent: SourceFile name:sys.h
              vpiName: SYS_UPA_CLK
              vpiNameStartColumn: 14
              vpiBodyStartColumn: 33
            PreprocMacroDefinition name:SYS_J_CLK start:242:1 end:242:43:
              vpiParent: SourceFile name:sys.h
              vpiName: SYS_J_CLK
              vpiNameStartColumn: 14
              vpiBodyStartColumn: 33
            PreprocMacroDefinition name:SYS_P_CLK start:243:1 end:243:43:
              vpiParent: SourceFile name:sys.h
              vpiName: SYS_P_CLK
              vpiNameStartColumn: 14
              vpiBodyStartColumn: 33
            PreprocMacroDefinition name:SYS_G_CLK start:244:1 end:244:43:
              vpiParent: SourceFile name:sys.h
              vpiName: SYS_G_CLK
              vpiNameStartColumn: 14
              vpiBodyStartColumn: 33
            PreprocMacroDefinition name:JP_TIMESCALE start:245:1 end:245:55:
              vpiParent: SourceFile name:sys.h
              vpiName: JP_TIMESCALE
              vpiNameStartColumn: 14
              vpiBodyStartColumn: 33
            PreprocMacroDefinition name:PCI_CLK_PERIOD start:246:1 end:246:38:
              vpiParent: SourceFile name:sys.h
              vpiName: PCI_CLK_PERIOD
              vpiNameStartColumn: 14
              vpiBodyStartColumn: 33
            PreprocMacroDefinition name:UPA_RD_CLK_PERIOD start:247:1 end:247:37:
              vpiParent: SourceFile name:sys.h
              vpiName: UPA_RD_CLK_PERIOD
              vpiNameStartColumn: 14
              vpiBodyStartColumn: 33
            PreprocMacroDefinition name:UPA_REF_CLK_PERIOD start:248:1 end:248:37:
              vpiParent: SourceFile name:sys.h
              vpiName: UPA_REF_CLK_PERIOD
              vpiNameStartColumn: 14
              vpiBodyStartColumn: 33
            PreprocMacroDefinition name:ICHIP_CLK_PERIOD start:249:1 end:249:38:
              vpiParent: SourceFile name:sys.h
              vpiName: ICHIP_CLK_PERIOD
              vpiNameStartColumn: 14
              vpiBodyStartColumn: 33
            PreprocMacroDefinition name:PRIM_SLAVE1_MEM0_L start:256:1 end:256:53:
              vpiParent: SourceFile name:sys.h
              vpiName: PRIM_SLAVE1_MEM0_L
              vpiNameStartColumn: 9
              vpiBodyStartColumn: 33
            PreprocMacroDefinition name:PRIM_SLAVE1_MEM0_H start:257:1 end:257:53:
              vpiParent: SourceFile name:sys.h
              vpiName: PRIM_SLAVE1_MEM0_H
              vpiNameStartColumn: 9
              vpiBodyStartColumn: 33
            PreprocMacroDefinition name:PRIM_SLAVE1_IO0_L start:258:1 end:258:53:
              vpiParent: SourceFile name:sys.h
              vpiName: PRIM_SLAVE1_IO0_L
              vpiNameStartColumn: 9
              vpiBodyStartColumn: 33
            PreprocMacroDefinition name:PRIM_SLAVE1_IO0_H start:259:1 end:259:53:
              vpiParent: SourceFile name:sys.h
              vpiName: PRIM_SLAVE1_IO0_H
              vpiNameStartColumn: 9
              vpiBodyStartColumn: 33
            PreprocMacroDefinition name:PRIM_SLAVE1_JBUS_BASE start:260:1 end:260:53:
              vpiParent: SourceFile name:sys.h
              vpiName: PRIM_SLAVE1_JBUS_BASE
              vpiNameStartColumn: 9
              vpiBodyStartColumn: 33
            PreprocMacroDefinition name:PRIM_SLAVE2_MEM0_L start:262:1 end:262:53:
              vpiParent: SourceFile name:sys.h
              vpiName: PRIM_SLAVE2_MEM0_L
              vpiNameStartColumn: 9
              vpiBodyStartColumn: 33
            PreprocMacroDefinition name:PRIM_SLAVE2_MEM0_H start:263:1 end:263:53:
              vpiParent: SourceFile name:sys.h
              vpiName: PRIM_SLAVE2_MEM0_H
              vpiNameStartColumn: 9
              vpiBodyStartColumn: 33
            PreprocMacroDefinition name:PRIM_SLAVE2_IO0_L start:264:1 end:264:53:
              vpiParent: SourceFile name:sys.h
              vpiName: PRIM_SLAVE2_IO0_L
              vpiNameStartColumn: 9
              vpiBodyStartColumn: 33
            PreprocMacroDefinition name:PRIM_SLAVE2_IO0_H start:265:1 end:265:53:
              vpiParent: SourceFile name:sys.h
              vpiName: PRIM_SLAVE2_IO0_H
              vpiNameStartColumn: 9
              vpiBodyStartColumn: 33
            PreprocMacroDefinition name:PRIM_SLAVE2_JBUS_BASE start:266:1 end:266:53:
              vpiParent: SourceFile name:sys.h
              vpiName: PRIM_SLAVE2_JBUS_BASE
              vpiNameStartColumn: 9
              vpiBodyStartColumn: 33
            PreprocMacroDefinition name:PCIB_SLAVE1_MEM0_L start:268:1 end:268:53:
              vpiParent: SourceFile name:sys.h
              vpiName: PCIB_SLAVE1_MEM0_L
              vpiNameStartColumn: 9
              vpiBodyStartColumn: 33
            PreprocMacroDefinition name:PCIB_SLAVE1_MEM0_H start:269:1 end:269:53:
              vpiParent: SourceFile name:sys.h
              vpiName: PCIB_SLAVE1_MEM0_H
              vpiNameStartColumn: 9
              vpiBodyStartColumn: 33
            PreprocMacroDefinition name:PCIB_SLAVE1_IO0_L start:270:1 end:270:53:
              vpiParent: SourceFile name:sys.h
              vpiName: PCIB_SLAVE1_IO0_L
              vpiNameStartColumn: 9
              vpiBodyStartColumn: 33
            PreprocMacroDefinition name:PCIB_SLAVE1_IO0_H start:271:1 end:271:53:
              vpiParent: SourceFile name:sys.h
              vpiName: PCIB_SLAVE1_IO0_H
              vpiNameStartColumn: 9
              vpiBodyStartColumn: 33
            PreprocMacroDefinition name:PCIB_SLAVE1_JBUS_BASE start:272:1 end:272:53:
              vpiParent: SourceFile name:sys.h
              vpiName: PCIB_SLAVE1_JBUS_BASE
              vpiNameStartColumn: 9
              vpiBodyStartColumn: 33
            PreprocMacroDefinition name:PCIB_SLAVE2_MEM0_L start:274:1 end:274:53:
              vpiParent: SourceFile name:sys.h
              vpiName: PCIB_SLAVE2_MEM0_L
              vpiNameStartColumn: 9
              vpiBodyStartColumn: 33
            PreprocMacroDefinition name:PCIB_SLAVE2_MEM0_H start:275:1 end:275:53:
              vpiParent: SourceFile name:sys.h
              vpiName: PCIB_SLAVE2_MEM0_H
              vpiNameStartColumn: 9
              vpiBodyStartColumn: 33
            PreprocMacroDefinition name:PCIB_SLAVE2_IO0_L start:276:1 end:276:53:
              vpiParent: SourceFile name:sys.h
              vpiName: PCIB_SLAVE2_IO0_L
              vpiNameStartColumn: 9
              vpiBodyStartColumn: 33
            PreprocMacroDefinition name:PCIB_SLAVE2_IO0_H start:277:1 end:277:53:
              vpiParent: SourceFile name:sys.h
              vpiName: PCIB_SLAVE2_IO0_H
              vpiNameStartColumn: 9
              vpiBodyStartColumn: 33
            PreprocMacroDefinition name:PCIB_SLAVE2_JBUS_BASE start:278:1 end:278:53:
              vpiParent: SourceFile name:sys.h
              vpiName: PCIB_SLAVE2_JBUS_BASE
              vpiNameStartColumn: 9
              vpiBodyStartColumn: 33
          vpiDefNetType: none (12)
      vpiDefNetType: none (12)
  vpiAllModules (1 items):
    Module name:work@tlu_addern_32 file:$Source01/tlu_addern_32.v start:35:1 end:53:10:
      vpiParent: Design name:unnamed
      vpiName Identifier name:work@tlu_addern_32 start:35:8 end:35:21:
        vpiParent: Module name:work@tlu_addern_32
        vpiName: work@tlu_addern_32
      vpiFullName: work@tlu_addern_32
      vpiParameter (3 items):
        Parameter name:ADDER_DATA_WIDTH start:38:11 end:38:27:
          vpiParent: Module name:work@tlu_addern_32
          vpiTypespec RefTypespec start:38:11 end:38:11:
            vpiParent: Parameter name:ADDER_DATA_WIDTH
            vpiFullName: work@tlu_addern_32.ADDER_DATA_WIDTH
            vpiActual: LogicTypespec
          vpiName: ADDER_DATA_WIDTH
          vpiFullName: work@tlu_addern_32.ADDER_DATA_WIDTH
        Parameter name:INCR_DATA_WIDTH start:39:11 end:39:26:
          vpiParent: Module name:work@tlu_addern_32
          vpiTypespec RefTypespec start:39:11 end:39:11:
            vpiParent: Parameter name:INCR_DATA_WIDTH
            vpiFullName: work@tlu_addern_32.INCR_DATA_WIDTH
            vpiActual: LogicTypespec
          vpiName: INCR_DATA_WIDTH
          vpiFullName: work@tlu_addern_32.INCR_DATA_WIDTH
        Parameter name:UPPER_DATA_WIDTH start:40:11 end:40:27:
          vpiParent: Module name:work@tlu_addern_32
          vpiTypespec RefTypespec start:40:11 end:40:11:
            vpiParent: Parameter name:UPPER_DATA_WIDTH
            vpiFullName: work@tlu_addern_32.UPPER_DATA_WIDTH
            vpiActual: LogicTypespec
          vpiName: UPPER_DATA_WIDTH
          vpiFullName: work@tlu_addern_32.UPPER_DATA_WIDTH
      vpiParamAssign (3 items):
        ParamAssign start:38:11 end:38:32:
          vpiParent: Module name:work@tlu_addern_32
          vpiLhs RefObj name:ADDER_DATA_WIDTH start:38:11 end:38:27:
            vpiParent: ParamAssign
            vpiName: ADDER_DATA_WIDTH
            vpiFullName: work@tlu_addern_32.ADDER_DATA_WIDTH
            vpiActual: Parameter name:ADDER_DATA_WIDTH
          vpiRhs Constant start:38:30 end:38:32:
            vpiParent: ParamAssign
            vpiTypespec RefTypespec:
              vpiParent: Constant
              vpiFullName: work@tlu_addern_32
              vpiActual: IntTypespec
            vpiConstType: unsigned int (9)
            vpiSize: 64
            vpiDecompile: "33"
            vpiValue: 33
        ParamAssign start:39:11 end:39:32:
          vpiParent: Module name:work@tlu_addern_32
          vpiLhs RefObj name:INCR_DATA_WIDTH start:39:11 end:39:26:
            vpiParent: ParamAssign
            vpiName: INCR_DATA_WIDTH
            vpiFullName: work@tlu_addern_32.INCR_DATA_WIDTH
            vpiActual: Parameter name:INCR_DATA_WIDTH
          vpiRhs Constant start:39:31 end:39:32:
            vpiParent: ParamAssign
            vpiTypespec RefTypespec:
              vpiParent: Constant
              vpiFullName: work@tlu_addern_32
              vpiActual: IntTypespec
            vpiConstType: unsigned int (9)
            vpiSize: 64
            vpiDecompile: "1"
            vpiValue: 1
        ParamAssign start:40:11 end:40:65:
          vpiParent: Module name:work@tlu_addern_32
          vpiLhs RefObj name:UPPER_DATA_WIDTH start:40:11 end:40:27:
            vpiParent: ParamAssign
            vpiName: UPPER_DATA_WIDTH
            vpiFullName: work@tlu_addern_32.UPPER_DATA_WIDTH
            vpiActual: Parameter name:UPPER_DATA_WIDTH
          vpiRhs Operation start:40:31 end:40:65:
            vpiParent: ParamAssign
            vpiOpType: subtract (11)
            vpiOperand (2 items):
              RefObj name:ADDER_DATA_WIDTH start:40:31 end:40:47:
                vpiParent: Operation
                vpiName: ADDER_DATA_WIDTH
                vpiFullName: work@tlu_addern_32.ADDER_DATA_WIDTH
                vpiActual: Parameter name:ADDER_DATA_WIDTH
              RefObj name:INCR_DATA_WIDTH start:40:50 end:40:65:
                vpiParent: Operation
                vpiName: INCR_DATA_WIDTH
                vpiFullName: work@tlu_addern_32.INCR_DATA_WIDTH
                vpiActual: Parameter name:INCR_DATA_WIDTH
      vpiTypespec (5 items):
        LogicTypespec:
          vpiParent: Module name:work@tlu_addern_32
        LogicTypespec:
          vpiParent: Module name:work@tlu_addern_32
          vpiRange (1 items):
            Range start:42:7 end:42:29:
              vpiParent: LogicTypespec
              vpiLeftRange Operation start:42:8 end:42:26:
                vpiParent: Range
                vpiOpType: subtract (11)
                vpiOperand (2 items):
                  RefObj name:ADDER_DATA_WIDTH start:42:8 end:42:24:
                    vpiParent: Operation
                    vpiName: ADDER_DATA_WIDTH
                    vpiFullName: work@tlu_addern_32.ADDER_DATA_WIDTH
                    vpiActual: Parameter name:ADDER_DATA_WIDTH
                  Constant start:42:25 end:42:26:
                    vpiParent: Operation
                    vpiTypespec RefTypespec:
                      vpiParent: Constant
                      vpiFullName: work@tlu_addern_32
                      vpiActual: IntTypespec
                    vpiConstType: unsigned int (9)
                    vpiSize: 64
                    vpiDecompile: "1"
                    vpiValue: 1
              vpiRightRange Constant start:42:27 end:42:28:
                vpiParent: Range
                vpiTypespec RefTypespec:
                  vpiParent: Constant
                  vpiFullName: work@tlu_addern_32
                  vpiActual: IntTypespec
                vpiConstType: unsigned int (9)
                vpiSize: 64
                vpiDecompile: "0"
                vpiValue: 0
          vpiVector: true
        LogicTypespec:
          vpiParent: Module name:work@tlu_addern_32
          vpiRange (1 items):
            Range start:43:7 end:43:28:
              vpiParent: LogicTypespec
              vpiLeftRange Operation start:43:8 end:43:25:
                vpiParent: Range
                vpiOpType: subtract (11)
                vpiOperand (2 items):
                  RefObj name:INCR_DATA_WIDTH start:43:8 end:43:23:
                    vpiParent: Operation
                    vpiName: INCR_DATA_WIDTH
                    vpiFullName: work@tlu_addern_32.INCR_DATA_WIDTH
                    vpiActual: Parameter name:INCR_DATA_WIDTH
                  Constant start:43:24 end:43:25:
                    vpiParent: Operation
                    vpiTypespec RefTypespec:
                      vpiParent: Constant
                      vpiFullName: work@tlu_addern_32
                      vpiActual: IntTypespec
                    vpiConstType: unsigned int (9)
                    vpiSize: 64
                    vpiDecompile: "1"
                    vpiValue: 1
              vpiRightRange Constant start:43:26 end:43:27:
                vpiParent: Range
                vpiTypespec RefTypespec:
                  vpiParent: Constant
                  vpiFullName: work@tlu_addern_32
                  vpiActual: IntTypespec
                vpiConstType: unsigned int (9)
                vpiSize: 64
                vpiDecompile: "0"
                vpiValue: 0
          vpiVector: true
        LogicTypespec:
          vpiParent: Module name:work@tlu_addern_32
          vpiRange (1 items):
            Range start:44:8 end:44:30:
              vpiParent: LogicTypespec
              vpiLeftRange Operation start:44:9 end:44:27:
                vpiParent: Range
                vpiOpType: subtract (11)
                vpiOperand (2 items):
                  RefObj name:ADDER_DATA_WIDTH start:44:9 end:44:25:
                    vpiParent: Operation
                    vpiName: ADDER_DATA_WIDTH
                    vpiFullName: work@tlu_addern_32.ADDER_DATA_WIDTH
                    vpiActual: Parameter name:ADDER_DATA_WIDTH
                  Constant start:44:26 end:44:27:
                    vpiParent: Operation
                    vpiTypespec RefTypespec:
                      vpiParent: Constant
                      vpiFullName: work@tlu_addern_32
                      vpiActual: IntTypespec
                    vpiConstType: unsigned int (9)
                    vpiSize: 64
                    vpiDecompile: "1"
                    vpiValue: 1
              vpiRightRange Constant start:44:28 end:44:29:
                vpiParent: Range
                vpiTypespec RefTypespec:
                  vpiParent: Constant
                  vpiFullName: work@tlu_addern_32
                  vpiActual: IntTypespec
                vpiConstType: unsigned int (9)
                vpiSize: 64
                vpiDecompile: "0"
                vpiValue: 0
          vpiVector: true
        BitTypespec:
          vpiParent: Module name:work@tlu_addern_32
      vpiDefName: work@tlu_addern_32
      vpiDefNetType: none (12)
      vpiLibrary RefObj name:work:
        vpiParent: Module name:work@tlu_addern_32
        vpiName: work
        vpiFullName: work@tlu_addern_32.work
      vpiCell: tlu_addern_32
      vpiNet (3 items):
        Net name:din start:42:30 end:42:33:
          vpiParent: Module name:work@tlu_addern_32
          vpiTypespec RefTypespec start:42:7 end:42:29:
            vpiParent: Net name:din
            vpiFullName: work@tlu_addern_32.din
            vpiActual: LogicTypespec
          vpiName: din
          vpiFullName: work@tlu_addern_32.din
        Net name:incr start:43:31 end:43:35:
          vpiParent: Module name:work@tlu_addern_32
          vpiTypespec RefTypespec start:43:7 end:43:28:
            vpiParent: Net name:incr
            vpiFullName: work@tlu_addern_32.incr
            vpiActual: LogicTypespec
          vpiName: incr
          vpiFullName: work@tlu_addern_32.incr
        Net name:sum start:44:31 end:44:34:
          vpiParent: Module name:work@tlu_addern_32
          vpiTypespec RefTypespec start:44:8 end:44:30:
            vpiParent: Net name:sum
            vpiFullName: work@tlu_addern_32.sum
            vpiActual: LogicTypespec
          vpiName: sum
          vpiFullName: work@tlu_addern_32.sum
      vpiPort (3 items):
        Port name:din start:35:23 end:35:26:
          vpiParent: Module name:work@tlu_addern_32
          vpiName: din
          vpiDirection: input (1)
          vpiLowConn RefObj name:din start:35:23 end:35:26:
            vpiParent: Port name:din
            vpiName: din
            vpiFullName: work@tlu_addern_32.din.din
            vpiActual: Net name:din
          vpiTypespec RefTypespec start:42:7 end:42:29:
            vpiParent: Port name:din
            vpiFullName: work@tlu_addern_32.din
            vpiActual: LogicTypespec
        Port name:incr start:35:28 end:35:32:
          vpiParent: Module name:work@tlu_addern_32
          vpiName: incr
          vpiDirection: input (1)
          vpiLowConn RefObj name:incr start:35:28 end:35:32:
            vpiParent: Port name:incr
            vpiName: incr
            vpiFullName: work@tlu_addern_32.incr.incr
            vpiActual: Net name:incr
          vpiTypespec RefTypespec start:43:7 end:43:28:
            vpiParent: Port name:incr
            vpiFullName: work@tlu_addern_32.incr
            vpiActual: LogicTypespec
        Port name:sum start:35:34 end:35:37:
          vpiParent: Module name:work@tlu_addern_32
          vpiName: sum
          vpiDirection: output (2)
          vpiLowConn RefObj name:sum start:35:34 end:35:37:
            vpiParent: Port name:sum
            vpiName: sum
            vpiFullName: work@tlu_addern_32.sum.sum
            vpiActual: Net name:sum
          vpiTypespec RefTypespec start:44:8 end:44:30:
            vpiParent: Port name:sum
            vpiFullName: work@tlu_addern_32.sum
            vpiActual: LogicTypespec
      vpiContAssign (1 items):
        ContAssign start:50:8 end:51:93:
          vpiParent: Module name:work@tlu_addern_32
          vpiLhs PartSelect name:sum[ADDER_DATA_WIDTH-1:0] start:50:8 end:50:33:
            vpiParent: ContAssign
            vpiName: sum[ADDER_DATA_WIDTH-1:0]
            vpiFullName: work@tlu_addern_32.sum[ADDER_DATA_WIDTH-1:0]
            vpiPrefix RefObj name:sum start:50:8 end:50:11:
              vpiParent: PartSelect name:sum[ADDER_DATA_WIDTH-1:0]
              vpiName: sum
              vpiFullName: work@tlu_addern_32.sum[ADDER_DATA_WIDTH-1:0].sum
              vpiActual: Net name:sum
            vpiRange Range start:50:12 end:50:32:
              vpiParent: PartSelect name:sum[ADDER_DATA_WIDTH-1:0]
              vpiLeftRange Operation start:50:12 end:50:30:
                vpiParent: Range
                vpiOpType: subtract (11)
                vpiOperand (2 items):
                  RefObj name:ADDER_DATA_WIDTH start:50:12 end:50:28:
                    vpiParent: Operation
                    vpiName: ADDER_DATA_WIDTH
                    vpiFullName: work@tlu_addern_32.sum[ADDER_DATA_WIDTH-1:0].ADDER_DATA_WIDTH
                    vpiActual: Parameter name:ADDER_DATA_WIDTH
                  Constant start:50:29 end:50:30:
                    vpiParent: Operation
                    vpiTypespec RefTypespec:
                      vpiParent: Constant
                      vpiFullName: work@tlu_addern_32.sum[ADDER_DATA_WIDTH-1:0]
                      vpiActual: IntTypespec
                    vpiConstType: unsigned int (9)
                    vpiSize: 64
                    vpiDecompile: "1"
                    vpiValue: 1
              vpiRightRange Constant start:50:31 end:50:32:
                vpiParent: Range
                vpiTypespec RefTypespec:
                  vpiParent: Constant
                  vpiFullName: work@tlu_addern_32.sum[ADDER_DATA_WIDTH-1:0]
                  vpiActual: IntTypespec
                vpiConstType: unsigned int (9)
                vpiSize: 64
                vpiDecompile: "0"
                vpiValue: 0
          vpiRhs Operation start:51:13 end:51:93:
            vpiParent: ContAssign
            vpiOpType: add (24)
            vpiOperand (2 items):
              PartSelect name:din[ADDER_DATA_WIDTH-1:0] start:51:13 end:51:38:
                vpiParent: Operation
                vpiName: din[ADDER_DATA_WIDTH-1:0]
                vpiFullName: work@tlu_addern_32.din[ADDER_DATA_WIDTH-1:0]
                vpiPrefix RefObj name:din start:51:13 end:51:16:
                  vpiParent: PartSelect name:din[ADDER_DATA_WIDTH-1:0]
                  vpiName: din
                  vpiFullName: work@tlu_addern_32.din[ADDER_DATA_WIDTH-1:0].din
                  vpiActual: Net name:din
                vpiRange Range start:51:17 end:51:37:
                  vpiParent: PartSelect name:din[ADDER_DATA_WIDTH-1:0]
                  vpiLeftRange Operation start:51:17 end:51:35:
                    vpiParent: Range
                    vpiOpType: subtract (11)
                    vpiOperand (2 items):
                      RefObj name:ADDER_DATA_WIDTH start:51:17 end:51:33:
                        vpiParent: Operation
                        vpiName: ADDER_DATA_WIDTH
                        vpiFullName: work@tlu_addern_32.din[ADDER_DATA_WIDTH-1:0].ADDER_DATA_WIDTH
                        vpiActual: Parameter name:ADDER_DATA_WIDTH
                      Constant start:51:34 end:51:35:
                        vpiParent: Operation
                        vpiTypespec RefTypespec:
                          vpiParent: Constant
                          vpiFullName: work@tlu_addern_32.din[ADDER_DATA_WIDTH-1:0]
                          vpiActual: IntTypespec
                        vpiConstType: unsigned int (9)
                        vpiSize: 64
                        vpiDecompile: "1"
                        vpiValue: 1
                  vpiRightRange Constant start:51:36 end:51:37:
                    vpiParent: Range
                    vpiTypespec RefTypespec:
                      vpiParent: Constant
                      vpiFullName: work@tlu_addern_32.din[ADDER_DATA_WIDTH-1:0]
                      vpiActual: IntTypespec
                    vpiConstType: unsigned int (9)
                    vpiSize: 64
                    vpiDecompile: "0"
                    vpiValue: 0
              Operation start:51:41 end:51:93:
                vpiParent: Operation
                vpiOpType: concatenation (33)
                vpiOperand (2 items):
                  Operation start:51:42 end:51:66:
                    vpiParent: Operation
                    vpiOpType: multi-concatenation (34)
                    vpiOperand (2 items):
                      RefObj name:UPPER_DATA_WIDTH start:51:43 end:51:59:
                        vpiParent: Operation
                        vpiName: UPPER_DATA_WIDTH
                        vpiFullName: work@tlu_addern_32.UPPER_DATA_WIDTH
                        vpiActual: Parameter name:UPPER_DATA_WIDTH
                      Operation start:51:59 end:51:65:
                        vpiParent: Operation
                        vpiOpType: concatenation (33)
                        vpiOperand (1 items):
                          Constant start:51:60 end:51:64:
                            vpiParent: Operation
                            vpiTypespec RefTypespec:
                              vpiParent: Constant
                              vpiFullName: work@tlu_addern_32
                              vpiActual: BitTypespec
                            vpiConstType: binary (3)
                            vpiSize: 1
                            vpiDecompile: "1'b0"
                            vpiValue: "0"
                  PartSelect name:incr[INCR_DATA_WIDTH-1:0] start:51:67 end:51:92:
                    vpiParent: Operation
                    vpiName: incr[INCR_DATA_WIDTH-1:0]
                    vpiFullName: work@tlu_addern_32.incr[INCR_DATA_WIDTH-1:0]
                    vpiPrefix RefObj name:incr start:51:67 end:51:71:
                      vpiParent: PartSelect name:incr[INCR_DATA_WIDTH-1:0]
                      vpiName: incr
                      vpiFullName: work@tlu_addern_32.incr[INCR_DATA_WIDTH-1:0].incr
                      vpiActual: Net name:incr
                    vpiRange Range start:51:72 end:51:91:
                      vpiParent: PartSelect name:incr[INCR_DATA_WIDTH-1:0]
                      vpiLeftRange Operation start:51:72 end:51:89:
                        vpiParent: Range
                        vpiOpType: subtract (11)
                        vpiOperand (2 items):
                          RefObj name:INCR_DATA_WIDTH start:51:72 end:51:87:
                            vpiParent: Operation
                            vpiName: INCR_DATA_WIDTH
                            vpiFullName: work@tlu_addern_32.incr[INCR_DATA_WIDTH-1:0].INCR_DATA_WIDTH
                            vpiActual: Parameter name:INCR_DATA_WIDTH
                          Constant start:51:88 end:51:89:
                            vpiParent: Operation
                            vpiTypespec RefTypespec:
                              vpiParent: Constant
                              vpiFullName: work@tlu_addern_32.incr[INCR_DATA_WIDTH-1:0]
                              vpiActual: IntTypespec
                            vpiConstType: unsigned int (9)
                            vpiSize: 64
                            vpiDecompile: "1"
                            vpiValue: 1
                      vpiRightRange Constant start:51:90 end:51:91:
                        vpiParent: Range
                        vpiTypespec RefTypespec:
                          vpiParent: Constant
                          vpiFullName: work@tlu_addern_32.incr[INCR_DATA_WIDTH-1:0]
                          vpiActual: IntTypespec
                        vpiConstType: unsigned int (9)
                        vpiSize: 64
                        vpiDecompile: "0"
                        vpiValue: 0
  vpiTypespec (2 items):
    IntTypespec:
      vpiParent: Design name:unnamed
      vpiSigned: true
    ModuleTypespec name:work@tlu_addern_32:
      vpiParent: Design name:unnamed
      vpiName Identifier name:work@tlu_addern_32 start:35:8 end:35:21:
        vpiParent: ModuleTypespec name:work@tlu_addern_32
        vpiName: work@tlu_addern_32
      vpiModule: Module name:work@tlu_addern_32
===================
[  FATAL] : 0
[ SYNTAX] : 0
[  ERROR] : 0
[WARNING] : 1
[   NOTE] : 0
********************************************
*   End SURELOG SVerilog Compiler/Linter   *
********************************************

#**#**#**#**#**#**#**#**#**#**#**#**#**#**#**#**#**#**#**#**#**#**#**#**#**#**#**#**#**#**#**#**#**#**#**#**#**#**#**#**

Environment:
      test-name: UtdSV/tlu_addern_32.v
   test-dirpath: ${SURELOG_DIR}/regression/UtdSV/tlu_addern_32.v
  uhdm-filepath: ${SURELOG_DIR}/regression/UtdSV/tlu_addern_32.v/surelog.uhdm
mounts-filepath: ${SURELOG_DIR}/regression/UtdSV/tlu_addern_32.v/mounts.json


{'result': {'coverage': 95.62,
            'error_count': 0,
            'file_count': 1,
            'files': {'$Output/lib/work/tlu_addern_32.v': {'post_len': 18,
                                                           'pre_len': 411}},
            'post_len': 18,
            'pre_len': 411,
            'test_name': 'UtdSV/tlu_addern_32.v'}}

+----------------------------------+----------+-----------+
| INPUT                            |   PRELEN |   POSTLEN |
+==================================+==========+===========+
| $Output/lib/work/tlu_addern_32.v |      411 |        18 |
+==================================+==========+===========+
|                                  |      411 |        18 |
+----------------------------------+----------+-----------+

[   ERROR] : 0
[COVERAGE] : 95.62


#**#**#**#**#**#**#**#**#**#**#**#**#**#**#**#**#**#**#**#**#**#**#**#**#**#**#**#**#**#**#**#**#**#**#**#**#**#**#**#**

COMMAND: ${SURELOG_DIR}/regression/UtdSV/tlu_addern_32.v/surelog.uhdm ${SURELOG_DIR}/regression/UtdSV/tlu_addern_32.v/reduced.uhdm

==================== BEGIN REDUCTION RESULT ====================
Name                            Before   After   Added   Removed
----------------------------------------------------------------
Constant                            15      16       8         7
Operation                           11       2       0         9
RefObj                              19      10       0         9
RefTypespec                         24      24       7         7
----------------------------------------------------------------
Others                             184     184       0         0
----------------------------------------------------------------
                                   253     236      15        32
===================== END REDUCTION RESULT =====================
