********************************************************************************
*                   Begin HLC SystemVerilog Compiler/Linter                    *
********************************************************************************
Copyright (c) 2020 Apotell,
http://www.apache.org/licenses/LICENSE-2.0
VERSION: 1.84
COMMAND: -wd ../../../../tests/Google/chapter-6 -timescale=1ns/1ns -d ast -d db -nobuiltin 6.20.6--const.sv -wd ${HLC_DIR}/third_party/UVM -I1800.2-2017-1.0/src -mt 0 -d dbstats -d cache -writepp -d db -nostdout -o ${HLC_DIR}/regression/Google/chapter-6/6.20.6--const
[INF:CM5022] Creating log file "$Output/hlc.log".
[INF:PP5223] Preprocessing source file "$Source01/6.20.6--const.sv".
[INF:PA5502] Parsing source file "$Source01/6.20.6--const.sv".
AST_DEBUG_BEGIN
Count: 96
LIB: work
FILE<0>:$Source01/6.20.6--const.sv
n<$Source01/6.20.6--const.sv> u<95> t<Top_level_rule> c<1> l<15:1> el<26:1>
  n<> u<1> t<Null_rule> p<95> s<2> l<15:1> el<15:1>
  n<// Copyright (C) 2019-2021  The SymbiFlow Authors.> u<2> t<LINE_COMMENT> p<95> s<3> l<1:1> el<1:51>
  n<//> u<3> t<LINE_COMMENT> p<95> s<4> l<2:1> el<2:3>
  n<// Use of this source code is governed by a ISC-style> u<4> t<LINE_COMMENT> p<95> s<5> l<3:1> el<3:54>
  n<// license that can be found in the LICENSE file or at> u<5> t<LINE_COMMENT> p<95> s<6> l<4:1> el<4:55>
  n<// https://opensource.org/licenses/ISC> u<6> t<LINE_COMMENT> p<95> s<7> l<5:1> el<5:39>
  n<//> u<7> t<LINE_COMMENT> p<95> s<8> l<6:1> el<6:3>
  n<// SPDX-License-Identifier: ISC> u<8> t<LINE_COMMENT> p<95> s<9> l<7:1> el<7:32>
  n</*\n:name: const\n:description: const test\n:tags: 6.20.6\n*/> u<9> t<BLOCK_COMMENT> p<95> s<94> l<15:1> el<25:10>
  n<> u<94> t<Source_text> p<95> c<93> l<15:1> el<25:10>
    n<> u<93> t<Description> p<94> c<92> l<15:1> el<25:10>
      n<> u<92> t<Module_declaration> p<93> c<14> l<15:1> el<25:10>
        n<> u<14> t<Module_nonansi_header> p<92> c<10> s<74> l<15:1> el<15:14>
          n<module> u<10> t<MODULE> p<14> s<11> l<15:1> el<15:7>
          n<top> u<11> t<SIMPLE_IDENTIFIER> p<14> s<12> l<15:8> el<15:11>
          n<> u<12> t<Package_import_declaration_list> p<14> s<13> l<15:11> el<15:11>
          n<> u<13> t<Port_list> p<14> l<15:11> el<15:13>
        n<> u<74> t<Module_item> p<92> c<73> s<90> l<16:2> el<22:10>
          n<> u<73> t<Non_port_module_item> p<74> c<72> l<16:2> el<22:10>
            n<> u<72> t<Module_or_generate_item> p<73> c<71> l<16:2> el<22:10>
              n<> u<71> t<Module_common_item> p<72> c<70> l<16:2> el<22:10>
                n<> u<70> t<Module_or_generate_item_declaration> p<71> c<69> l<16:2> el<22:10>
                  n<> u<69> t<Package_or_generate_item_declaration> p<70> c<68> l<16:2> el<22:10>
                    n<> u<68> t<Class_declaration> p<69> c<66> l<16:2> el<22:10>
                      n<> u<66> t<CLASS> p<68> s<15> l<16:2> el<16:7>
                      n<test_cls> u<15> t<SIMPLE_IDENTIFIER> p<68> s<24> l<16:8> el<16:16>
                      n<> u<24> t<Class_item> p<68> c<23> s<65> l<17:3> el<17:9>
                        n<> u<23> t<Class_property> p<24> c<22> l<17:3> el<17:9>
                          n<> u<22> t<Data_declaration> p<23> c<21> l<17:3> el<17:9>
                            n<> u<21> t<Variable_declaration> p<22> c<17> l<17:3> el<17:9>
                              n<> u<17> t<Data_type> p<21> c<16> s<20> l<17:3> el<17:6>
                                n<> u<16> t<INT> p<17> l<17:3> el<17:6>
                              n<> u<20> t<Variable_decl_assignment_list> p<21> c<19> l<17:7> el<17:8>
                                n<> u<19> t<Variable_decl_assignment> p<20> c<18> l<17:7> el<17:8>
                                  n<a> u<18> t<SIMPLE_IDENTIFIER> p<19> l<17:7> el<17:8>
                      n<> u<65> t<Class_item> p<68> c<64> s<67> l<18:3> el<21:10>
                        n<> u<64> t<Class_method> p<65> c<63> l<18:3> el<21:10>
                          n<> u<63> t<Task_declaration> p<64> c<62> l<18:3> el<21:10>
                            n<> u<62> t<Task_body_declaration> p<63> c<25> l<18:8> el<21:10>
                              n<test_method> u<25> t<SIMPLE_IDENTIFIER> p<62> s<31> l<18:8> el<18:19>
                              n<> u<31> t<Tf_port_item_list> p<62> c<30> s<45> l<18:19> el<18:28>
                                n<> u<30> t<Tf_port_item> p<31> c<28> l<18:20> el<18:27>
                                  n<> u<28> t<Data_type_or_implicit> p<30> c<27> s<29> l<18:20> el<18:23>
                                    n<> u<27> t<Data_type> p<28> c<26> l<18:20> el<18:23>
                                      n<> u<26> t<INT> p<27> l<18:20> el<18:23>
                                  n<val> u<29> t<SIMPLE_IDENTIFIER> p<30> l<18:24> el<18:27>
                              n<> u<45> t<Statement_or_null> p<62> c<44> s<60> l<19:4> el<19:28>
                                n<> u<44> t<Statement> p<45> c<43> l<19:4> el<19:28>
                                  n<> u<43> t<Statement_item> p<44> c<42> l<19:4> el<19:28>
                                    n<> u<42> t<Subroutine_call_statement> p<43> c<41> l<19:4> el<19:28>
                                      n<> u<41> t<Subroutine_call> p<42> c<32> l<19:4> el<19:27>
                                        n<$> u<32> t<DOLLAR> p<41> s<33> l<19:4> el<19:5>
                                        n<display> u<33> t<SIMPLE_IDENTIFIER> p<41> s<39> l<19:5> el<19:12>
                                        n<> u<39> t<OPEN_PARENS> p<41> s<38> l<19:12> el<19:13>
                                        n<> u<38> t<Argument_list> p<41> c<37> s<40> l<19:13> el<19:26>
                                          n<> u<37> t<Expression> p<38> c<36> l<19:13> el<19:26>
                                            n<> u<36> t<Primary> p<37> c<35> l<19:13> el<19:26>
                                              n<> u<35> t<Primary_literal> p<36> c<34> l<19:13> el<19:26>
                                                n<"test_method"> u<34> t<QUOTED_STRING> p<35> l<19:13> el<19:26>
                                        n<> u<40> t<CLOSE_PARENS> p<41> l<19:26> el<19:27>
                              n<> u<60> t<Statement_or_null> p<62> c<59> s<61> l<20:4> el<20:13>
                                n<> u<59> t<Statement> p<60> c<58> l<20:4> el<20:13>
                                  n<> u<58> t<Statement_item> p<59> c<57> l<20:4> el<20:13>
                                    n<> u<57> t<Blocking_assignment> p<58> c<56> l<20:4> el<20:12>
                                      n<> u<56> t<Operator_assignment> p<57> c<50> l<20:4> el<20:12>
                                        n<> u<50> t<Variable_lvalue> p<56> c<47> s<51> l<20:4> el<20:5>
                                          n<> u<47> t<Ps_or_hierarchical_identifier> p<50> c<46> s<49> l<20:4> el<20:5>
                                            n<a> u<46> t<SIMPLE_IDENTIFIER> p<47> l<20:4> el<20:5>
                                          n<> u<49> t<Select> p<50> c<48> l<20:6> el<20:6>
                                            n<> u<48> t<Bit_select> p<49> l<20:6> el<20:6>
                                        n<> u<51> t<ADD_ASSIGN> p<56> s<55> l<20:6> el<20:8>
                                        n<> u<55> t<Expression> p<56> c<54> l<20:9> el<20:12>
                                          n<> u<54> t<Primary> p<55> c<53> l<20:9> el<20:12>
                                            n<> u<53> t<Primary_literal> p<54> c<52> l<20:9> el<20:12>
                                              n<val> u<52> t<SIMPLE_IDENTIFIER> p<53> l<20:9> el<20:12>
                              n<> u<61> t<ENDTASK> p<62> l<21:3> el<21:10>
                      n<> u<67> t<ENDCLASS> p<68> l<22:2> el<22:10>
        n<> u<90> t<Module_item> p<92> c<89> s<91> l<24:2> el<24:32>
          n<> u<89> t<Non_port_module_item> p<90> c<88> l<24:2> el<24:32>
            n<> u<88> t<Module_or_generate_item> p<89> c<87> l<24:2> el<24:32>
              n<> u<87> t<Module_common_item> p<88> c<86> l<24:2> el<24:32>
                n<> u<86> t<Module_or_generate_item_declaration> p<87> c<85> l<24:2> el<24:32>
                  n<> u<85> t<Package_or_generate_item_declaration> p<86> c<84> l<24:2> el<24:32>
                    n<> u<84> t<Data_declaration> p<85> c<75> l<24:2> el<24:32>
                      n<> u<75> t<CONST> p<84> s<83> l<24:2> el<24:7>
                      n<> u<83> t<Variable_declaration> p<84> c<78> l<24:8> el<24:32>
                        n<> u<78> t<Data_type> p<83> c<77> s<82> l<24:8> el<24:16>
                          n<> u<77> t<Class_type> p<78> c<76> l<24:8> el<24:16>
                            n<test_cls> u<76> t<SIMPLE_IDENTIFIER> p<77> l<24:8> el<24:16>
                        n<> u<82> t<Variable_decl_assignment_list> p<83> c<81> l<24:17> el<24:31>
                          n<> u<81> t<Variable_decl_assignment> p<82> c<79> l<24:17> el<24:31>
                            n<test_obj> u<79> t<SIMPLE_IDENTIFIER> p<81> s<80> l<24:17> el<24:25>
                            n<> u<80> t<Class_new> p<81> l<24:28> el<24:31>
        n<> u<91> t<ENDMODULE> p<92> l<25:1> el<25:10>
AST_DEBUG_END
[INF:CP5804] $Source01/6.20.6--const.sv:15:1: Compile module "top".
[ERR:CP5824] $Source01/6.20.6--const.sv:15:1: Multiply defined typedef "test_cls".
[INF:CM5028] Using global timescale: "1ns/1ns".
====== HLDB =======
Design name:unnamed:
  vpiName: unnamed
  vpiSourceFile (1 items):
    SourceFile name:6.20.6--const.sv file:$Source01/6.20.6--const.sv:
      vpiParent: Design name:unnamed
      vpiName: "6.20.6--const.sv"
      vpiPreprocFile: "$Output/lib/work/6.20.6--const.sv"
  vpiAllModules (1 items):
    Module name:top file:$Source01/6.20.6--const.sv start:15:1 end:25:10:
      vpiParent: Design name:unnamed
      vpiName Identifier name:top start:15:8 end:15:11:
      vpiFullName: top
      vpiVariable (1 items):
        Variable name:test_obj start:24:17 end:24:25:
          vpiParent: Module name:top
          vpiTypespec RefTypespec name:test_cls start:24:8 end:24:16:
            vpiParent: Variable name:test_obj
            vpiName: test_cls
            vpiFullName: top.test_obj.test_cls
            vpiActual: ClassTypespec name:test_cls
          vpiName: test_obj
          vpiFullName: top.test_obj
          vpiConstantVariable: true
          vpiValue MethodFuncCall name:new start:24:28 end:24:31:
            vpiParent: Variable name:test_obj
            vpiName Identifier name:new:
            vpiIsProperty: true
      vpiTypespec (2 items):
        ClassTypespec name:test_cls start:16:8 end:16:16:
          vpiParent: Module name:top
          vpiName Identifier name:test_cls:
          vpiDefName: test_cls
          vpiClassDefn: ClassDefn name:test_cls
        ClassTypespec name:test_cls start:24:8 end:24:16:
          vpiParent: Module name:top
          vpiName Identifier name:test_cls start:24:8 end:24:16:
          vpiDefName: test_cls
          vpiClassDefn: ClassDefn name:test_cls
      vpiDefName: top
      vpiDefNetType: wire (1)
      vpiDefDelayMode: none (1)
      vpiUnconnDrive: highz (1)
      vpiLibrary RefObj name:work start:15:8 end:15:11:
        vpiParent: Module name:top
        vpiName: work
        vpiFullName: top.work
        vpiActual: Library name:work
      vpiCell: top
      vpiClassDefn (1 items):
        ClassDefn name:test_cls file:$Source01/6.20.6--const.sv start:16:2 end:22:10:
          vpiParent: Module name:top
          vpiName Identifier name:test_cls start:16:8 end:16:16:
          vpiFullName: top::test_cls
          vpiVariable (1 items):
            Variable name:a start:17:7 end:17:8:
              vpiParent: ClassDefn name:test_cls
              vpiTypespec RefTypespec start:17:3 end:17:6:
                vpiParent: Variable name:a
                vpiFullName: top::test_cls::a
                vpiActual: IntTypespec
              vpiName: a
              vpiFullName: top::test_cls::a
              vpiAutomatic: true
              vpiRandType: (1)
              vpiVisibility: public (1)
          vpiDefName: test_cls
          vpiAutomatic: true
          vpiClassType: userdefined class (3)
          vpiLibrary RefObj name:work start:16:8 end:16:16:
            vpiParent: ClassDefn name:test_cls
            vpiName: work
            vpiFullName: top::test_cls::work
            vpiActual: Library name:work
          vpiCell: test_cls
          vpiMethod (1 items):
            Task name:test_method start:18:3 end:21:10:
              vpiParent: ClassDefn name:test_cls
              vpiName Identifier name:test_method start:18:8 end:18:19:
              vpiFullName: top::test_cls::test_method
              vpiMethod: true
              vpiVisibility: public (1)
              vpiIODecl (1 items):
                IODecl name:val start:18:24 end:18:27:
                  vpiParent: Task name:test_method
                  vpiName: val
                  vpiDirection: input (1)
                  vpiTypespec RefTypespec start:18:20 end:18:23:
                    vpiParent: IODecl name:val
                    vpiFullName: top::test_cls::test_method::val
                    vpiActual: IntTypespec
              vpiStmt Begin:
                vpiParent: Task name:test_method
                vpiFullName: top::test_cls::test_method
                vpiStmt (2 items):
                  SysTaskCall name:$display start:19:4 end:19:27:
                    vpiParent: Begin
                    vpiName Identifier name:$display start:19:4 end:19:12:
                    vpiArgument (1 items):
                      Constant start:19:13 end:19:26:
                        vpiParent: SysTaskCall name:$display
                        vpiTypespec RefTypespec:
                          vpiParent: Constant
                          vpiFullName: top::test_cls::test_method
                          vpiActual: StringTypespec
                        vpiConstType: string (6)
                        vpiSize: 88
                        vpiDecompile: "\"test_method\""
                        vpiValue: test_method
                  Assignment start:20:4 end:20:12:
                    vpiParent: Begin
                    vpiBlocking: true
                    vpiLhs RefObj name:a start:20:4 end:20:5:
                      vpiParent: Assignment
                      vpiName: a
                      vpiFullName: top::test_cls::test_method::a
                      vpiActual: Variable name:a
                    vpiRhs Operation:
                      vpiParent: Assignment
                      vpiOpType: add (24)
                      vpiOperand (2 items):
                        RefObj name:a start:20:4 end:20:5:
                          vpiParent: Operation
                          vpiName: a
                          vpiFullName: top::test_cls::test_method::a
                          vpiActual: Variable name:a
                        RefObj name:val start:20:9 end:20:12:
                          vpiParent: Operation
                          vpiName: val
                          vpiFullName: top::test_cls::test_method::val
                          vpiActual: IODecl name:val
  vpiTypespec (3 items):
    ModuleTypespec name:top:
      vpiParent: Design name:unnamed
      vpiName Identifier name:top start:15:8 end:15:11:
      vpiDefName: top
      vpiModule: Module name:top
    IntTypespec:
      vpiParent: Design name:unnamed
      vpiSigned: true
    StringTypespec:
      vpiParent: Design name:unnamed
  vpiLibrary (1 items):
    Library name:work:
      vpiParent: Design name:unnamed
      vpiName: work
===================
[  FATAL] : 0
[ SYNTAX] : 0
[  ERROR] : 1
[WARNING] : 0
[   NOTE] : 0
********************************************************************************
*                    End HLC SystemVerilog Compiler/Linter                     *
********************************************************************************

#**#**#**#**#**#**#**#**#**#**#**#**#**#**#**#**#**#**#**#**#**#**#**#**#**#**#**#**#**#**#**#**#**#**#**#**#**#**#**#**

Environment:
      test-name: Google/chapter-6/6.20.6--const
   test-dirpath: ${HLC_DIR}/regression/Google/chapter-6/6.20.6--const
  hldb-filepath: ${HLC_DIR}/regression/Google/chapter-6/6.20.6--const/design.hldb
mounts-filepath: ${HLC_DIR}/regression/Google/chapter-6/6.20.6--const/mounts.json


{'result': {'coverage': 100.0,
            'error_count': 0,
            'file_count': 1,
            'files': {'$Output/lib/work/6.20.6--const.sv': {'post_len': 0,
                                                            'pre_len': 147}},
            'post_len': 0,
            'pre_len': 147,
            'test_name': 'Google/chapter-6/6.20.6--const'}}

+-----------------------------------+----------+-----------+
| INPUT                             |   PRELEN |   POSTLEN |
+===================================+==========+===========+
| $Output/lib/work/6.20.6--const.sv |      147 |         0 |
+===================================+==========+===========+
|                                   |      147 |         0 |
+-----------------------------------+----------+-----------+

[   ERROR] : 0
[COVERAGE] : 100.0


#**#**#**#**#**#**#**#**#**#**#**#**#**#**#**#**#**#**#**#**#**#**#**#**#**#**#**#**#**#**#**#**#**#**#**#**#**#**#**#**

COMMAND: ${HLC_DIR}/regression/Google/chapter-6/6.20.6--const/design.hldb ${HLC_DIR}/regression/Google/chapter-6/6.20.6--const/reduced.hldb

==================== BEGIN REDUCTION RESULT ====================
Name                            Before   After   Added   Removed
----------------------------------------------------------------
----------------------------------------------------------------
Others                              37      37       0         0
----------------------------------------------------------------
                                    37      37       0         0
===================== END REDUCTION RESULT =====================
