********************************************************************************
*                   Begin HLC SystemVerilog Compiler/Linter                    *
********************************************************************************
Copyright (c) 2020 Apotell,
http://www.apache.org/licenses/LICENSE-2.0
VERSION: 1.84
COMMAND: -wd ../../../tests/Verilator +incdir+. -nobuiltin -timescale=1ns/1ns -d ast -d db t_lint_multidriven_bad.v -mt 0 -d dbstats -d cache -writepp -d db -nostdout -o ${HLC_DIR}/regression/Verilator/t_lint_multidriven_bad
[INF:CM5022] Creating log file "$Output/hlc.log".
[INF:PP5223] Preprocessing source file "$Source01/t_lint_multidriven_bad.v".
[INF:PA5502] Parsing source file "$Source01/t_lint_multidriven_bad.v".
AST_DEBUG_BEGIN
Count: 403
LIB: work
FILE<0>:$Source01/t_lint_multidriven_bad.v
n<$Source01/t_lint_multidriven_bad.v> u<402> t<Top_level_rule> c<1> l<6:1> el<38:1>
  n<> u<1> t<Null_rule> p<402> s<2> l<6:1> el<6:1>
  n<// DESCRIPTION: Verilator: Verilog Test module> u<2> t<LINE_COMMENT> p<402> s<3> l<1:1> el<1:47>
  n<//> u<3> t<LINE_COMMENT> p<402> s<4> l<2:1> el<2:3>
  n<// This file ONLY is placed into the Public Domain, for any use,> u<4> t<LINE_COMMENT> p<402> s<5> l<3:1> el<3:65>
  n<// without warranty, 2012 by Wilson Snyder.> u<5> t<LINE_COMMENT> p<402> s<401> l<4:1> el<4:44>
  n<> u<401> t<Source_text> p<402> c<400> l<6:1> el<37:10>
    n<> u<400> t<Description> p<401> c<399> l<6:1> el<37:10>
      n<> u<399> t<Module_declaration> p<400> c<49> l<6:1> el<37:10>
        n<> u<49> t<Module_nonansi_header> p<399> c<6> s<56> l<6:1> el<11:6>
          n<module> u<6> t<MODULE> p<49> s<7> l<6:1> el<6:7>
          n<t> u<7> t<SIMPLE_IDENTIFIER> p<49> s<8> l<6:8> el<6:9>
          n<> u<8> t<Package_import_declaration_list> p<49> s<9> l<6:10> el<6:10>
          n</*AUTOARG*/> u<9> t<BLOCK_COMMENT> p<49> s<10> l<6:10> el<11:5>
          n<// Outputs> u<10> t<LINE_COMMENT> p<49> s<48> l<7:4> el<7:14>
          n<> u<48> t<Port_list> p<49> c<16> l<6:10> el<11:5>
            n<> u<16> t<Port> p<48> c<15> s<22> l<8:4> el<8:7>
              n<> u<15> t<Port_expression> p<16> c<14> l<8:4> el<8:7>
                n<> u<14> t<Port_reference> p<15> c<11> l<8:4> el<8:7>
                  n<out> u<11> t<SIMPLE_IDENTIFIER> p<14> s<13> l<8:4> el<8:7>
                  n<> u<13> t<Constant_select> p<14> c<12> l<8:7> el<8:7>
                    n<> u<12> t<Constant_bit_select> p<13> l<8:7> el<8:7>
            n<> u<22> t<Port> p<48> c<21> s<23> l<8:9> el<8:13>
              n<> u<21> t<Port_expression> p<22> c<20> l<8:9> el<8:13>
                n<> u<20> t<Port_reference> p<21> c<17> l<8:9> el<8:13>
                  n<out2> u<17> t<SIMPLE_IDENTIFIER> p<20> s<19> l<8:9> el<8:13>
                  n<> u<19> t<Constant_select> p<20> c<18> l<8:13> el<8:13>
                    n<> u<18> t<Constant_bit_select> p<19> l<8:13> el<8:13>
            n<// Inputs> u<23> t<LINE_COMMENT> p<48> s<29> l<9:4> el<9:13>
            n<> u<29> t<Port> p<48> c<28> s<35> l<10:4> el<10:7>
              n<> u<28> t<Port_expression> p<29> c<27> l<10:4> el<10:7>
                n<> u<27> t<Port_reference> p<28> c<24> l<10:4> el<10:7>
                  n<clk> u<24> t<SIMPLE_IDENTIFIER> p<27> s<26> l<10:4> el<10:7>
                  n<> u<26> t<Constant_select> p<27> c<25> l<10:7> el<10:7>
                    n<> u<25> t<Constant_bit_select> p<26> l<10:7> el<10:7>
            n<> u<35> t<Port> p<48> c<34> s<41> l<10:9> el<10:11>
              n<> u<34> t<Port_expression> p<35> c<33> l<10:9> el<10:11>
                n<> u<33> t<Port_reference> p<34> c<30> l<10:9> el<10:11>
                  n<a0> u<30> t<SIMPLE_IDENTIFIER> p<33> s<32> l<10:9> el<10:11>
                  n<> u<32> t<Constant_select> p<33> c<31> l<10:11> el<10:11>
                    n<> u<31> t<Constant_bit_select> p<32> l<10:11> el<10:11>
            n<> u<41> t<Port> p<48> c<40> s<47> l<10:13> el<10:15>
              n<> u<40> t<Port_expression> p<41> c<39> l<10:13> el<10:15>
                n<> u<39> t<Port_reference> p<40> c<36> l<10:13> el<10:15>
                  n<d0> u<36> t<SIMPLE_IDENTIFIER> p<39> s<38> l<10:13> el<10:15>
                  n<> u<38> t<Constant_select> p<39> c<37> l<10:15> el<10:15>
                    n<> u<37> t<Constant_bit_select> p<38> l<10:15> el<10:15>
            n<> u<47> t<Port> p<48> c<46> l<10:17> el<10:19>
              n<> u<46> t<Port_expression> p<47> c<45> l<10:17> el<10:19>
                n<> u<45> t<Port_reference> p<46> c<42> l<10:17> el<10:19>
                  n<d1> u<42> t<SIMPLE_IDENTIFIER> p<45> s<44> l<10:17> el<10:19>
                  n<> u<44> t<Constant_select> p<45> c<43> l<11:4> el<11:4>
                    n<> u<43> t<Constant_bit_select> p<44> l<11:4> el<11:4>
        n<> u<56> t<Module_item> p<399> c<55> s<73> l<13:4> el<13:14>
          n<> u<55> t<Port_declaration> p<56> c<54> l<13:4> el<13:13>
            n<> u<54> t<Input_declaration> p<55> c<51> l<13:4> el<13:13>
              n<> u<51> t<Net_port_type> p<54> c<50> s<53> l<13:10> el<13:10>
                n<> u<50> t<Data_type_or_implicit> p<51> l<13:10> el<13:10>
              n<> u<53> t<Port_identifier_list> p<54> c<52> l<13:10> el<13:13>
                n<clk> u<52> t<SIMPLE_IDENTIFIER> p<53> l<13:10> el<13:13>
        n<> u<73> t<Module_item> p<399> c<72> s<90> l<14:4> el<14:19>
          n<> u<72> t<Port_declaration> p<73> c<71> l<14:4> el<14:18>
            n<> u<71> t<Input_declaration> p<72> c<68> l<14:4> el<14:18>
              n<> u<68> t<Net_port_type> p<71> c<67> s<70> l<14:10> el<14:15>
                n<> u<67> t<Data_type_or_implicit> p<68> c<66> l<14:10> el<14:15>
                  n<> u<66> t<Packed_dimension> p<67> c<65> l<14:10> el<14:15>
                    n<> u<65> t<Constant_range> p<66> c<60> l<14:11> el<14:14>
                      n<> u<60> t<Constant_expression> p<65> c<59> s<64> l<14:11> el<14:12>
                        n<> u<59> t<Constant_primary> p<60> c<58> l<14:11> el<14:12>
                          n<> u<58> t<Primary_literal> p<59> c<57> l<14:11> el<14:12>
                            n<1> u<57> t<INTEGRAL_NUMBER> p<58> l<14:11> el<14:12>
                      n<> u<64> t<Constant_expression> p<65> c<63> l<14:13> el<14:14>
                        n<> u<63> t<Constant_primary> p<64> c<62> l<14:13> el<14:14>
                          n<> u<62> t<Primary_literal> p<63> c<61> l<14:13> el<14:14>
                            n<0> u<61> t<INTEGRAL_NUMBER> p<62> l<14:13> el<14:14>
              n<> u<70> t<Port_identifier_list> p<71> c<69> l<14:16> el<14:18>
                n<a0> u<69> t<SIMPLE_IDENTIFIER> p<70> l<14:16> el<14:18>
        n<> u<90> t<Module_item> p<399> c<89> s<107> l<15:4> el<15:19>
          n<> u<89> t<Port_declaration> p<90> c<88> l<15:4> el<15:18>
            n<> u<88> t<Input_declaration> p<89> c<85> l<15:4> el<15:18>
              n<> u<85> t<Net_port_type> p<88> c<84> s<87> l<15:10> el<15:15>
                n<> u<84> t<Data_type_or_implicit> p<85> c<83> l<15:10> el<15:15>
                  n<> u<83> t<Packed_dimension> p<84> c<82> l<15:10> el<15:15>
                    n<> u<82> t<Constant_range> p<83> c<77> l<15:11> el<15:14>
                      n<> u<77> t<Constant_expression> p<82> c<76> s<81> l<15:11> el<15:12>
                        n<> u<76> t<Constant_primary> p<77> c<75> l<15:11> el<15:12>
                          n<> u<75> t<Primary_literal> p<76> c<74> l<15:11> el<15:12>
                            n<7> u<74> t<INTEGRAL_NUMBER> p<75> l<15:11> el<15:12>
                      n<> u<81> t<Constant_expression> p<82> c<80> l<15:13> el<15:14>
                        n<> u<80> t<Constant_primary> p<81> c<79> l<15:13> el<15:14>
                          n<> u<79> t<Primary_literal> p<80> c<78> l<15:13> el<15:14>
                            n<0> u<78> t<INTEGRAL_NUMBER> p<79> l<15:13> el<15:14>
              n<> u<87> t<Port_identifier_list> p<88> c<86> l<15:16> el<15:18>
                n<d0> u<86> t<SIMPLE_IDENTIFIER> p<87> l<15:16> el<15:18>
        n<> u<107> t<Module_item> p<399> c<106> s<126> l<16:4> el<16:19>
          n<> u<106> t<Port_declaration> p<107> c<105> l<16:4> el<16:18>
            n<> u<105> t<Input_declaration> p<106> c<102> l<16:4> el<16:18>
              n<> u<102> t<Net_port_type> p<105> c<101> s<104> l<16:10> el<16:15>
                n<> u<101> t<Data_type_or_implicit> p<102> c<100> l<16:10> el<16:15>
                  n<> u<100> t<Packed_dimension> p<101> c<99> l<16:10> el<16:15>
                    n<> u<99> t<Constant_range> p<100> c<94> l<16:11> el<16:14>
                      n<> u<94> t<Constant_expression> p<99> c<93> s<98> l<16:11> el<16:12>
                        n<> u<93> t<Constant_primary> p<94> c<92> l<16:11> el<16:12>
                          n<> u<92> t<Primary_literal> p<93> c<91> l<16:11> el<16:12>
                            n<7> u<91> t<INTEGRAL_NUMBER> p<92> l<16:11> el<16:12>
                      n<> u<98> t<Constant_expression> p<99> c<97> l<16:13> el<16:14>
                        n<> u<97> t<Constant_primary> p<98> c<96> l<16:13> el<16:14>
                          n<> u<96> t<Primary_literal> p<97> c<95> l<16:13> el<16:14>
                            n<0> u<95> t<INTEGRAL_NUMBER> p<96> l<16:13> el<16:14>
              n<> u<104> t<Port_identifier_list> p<105> c<103> l<16:16> el<16:18>
                n<d1> u<103> t<SIMPLE_IDENTIFIER> p<104> l<16:16> el<16:18>
        n<> u<126> t<Module_item> p<399> c<125> s<145> l<17:4> el<17:26>
          n<> u<125> t<Port_declaration> p<126> c<124> l<17:4> el<17:25>
            n<> u<124> t<Output_declaration> p<125> c<121> l<17:4> el<17:25>
              n<> u<121> t<Net_port_type> p<124> c<120> s<123> l<17:11> el<17:21>
                n<> u<120> t<Data_type_or_implicit> p<121> c<119> l<17:11> el<17:21>
                  n<> u<119> t<Data_type> p<120> c<108> l<17:11> el<17:21>
                    n<> u<108> t<REG> p<119> s<118> l<17:11> el<17:14>
                    n<> u<118> t<Packed_dimension> p<119> c<117> l<17:15> el<17:21>
                      n<> u<117> t<Constant_range> p<118> c<112> l<17:16> el<17:20>
                        n<> u<112> t<Constant_expression> p<117> c<111> s<116> l<17:16> el<17:18>
                          n<> u<111> t<Constant_primary> p<112> c<110> l<17:16> el<17:18>
                            n<> u<110> t<Primary_literal> p<111> c<109> l<17:16> el<17:18>
                              n<31> u<109> t<INTEGRAL_NUMBER> p<110> l<17:16> el<17:18>
                        n<> u<116> t<Constant_expression> p<117> c<115> l<17:19> el<17:20>
                          n<> u<115> t<Constant_primary> p<116> c<114> l<17:19> el<17:20>
                            n<> u<114> t<Primary_literal> p<115> c<113> l<17:19> el<17:20>
                              n<0> u<113> t<INTEGRAL_NUMBER> p<114> l<17:19> el<17:20>
              n<> u<123> t<Output_port_identifier_list> p<124> c<122> l<17:22> el<17:25>
                n<out> u<122> t<SIMPLE_IDENTIFIER> p<123> l<17:22> el<17:25>
        n<> u<145> t<Module_item> p<399> c<144> s<174> l<18:4> el<18:27>
          n<> u<144> t<Port_declaration> p<145> c<143> l<18:4> el<18:26>
            n<> u<143> t<Output_declaration> p<144> c<140> l<18:4> el<18:26>
              n<> u<140> t<Net_port_type> p<143> c<139> s<142> l<18:11> el<18:21>
                n<> u<139> t<Data_type_or_implicit> p<140> c<138> l<18:11> el<18:21>
                  n<> u<138> t<Data_type> p<139> c<127> l<18:11> el<18:21>
                    n<> u<127> t<REG> p<138> s<137> l<18:11> el<18:14>
                    n<> u<137> t<Packed_dimension> p<138> c<136> l<18:15> el<18:21>
                      n<> u<136> t<Constant_range> p<137> c<131> l<18:16> el<18:20>
                        n<> u<131> t<Constant_expression> p<136> c<130> s<135> l<18:16> el<18:18>
                          n<> u<130> t<Constant_primary> p<131> c<129> l<18:16> el<18:18>
                            n<> u<129> t<Primary_literal> p<130> c<128> l<18:16> el<18:18>
                              n<15> u<128> t<INTEGRAL_NUMBER> p<129> l<18:16> el<18:18>
                        n<> u<135> t<Constant_expression> p<136> c<134> l<18:19> el<18:20>
                          n<> u<134> t<Constant_primary> p<135> c<133> l<18:19> el<18:20>
                            n<> u<133> t<Primary_literal> p<134> c<132> l<18:19> el<18:20>
                              n<0> u<132> t<INTEGRAL_NUMBER> p<133> l<18:19> el<18:20>
              n<> u<142> t<Output_port_identifier_list> p<143> c<141> l<18:22> el<18:26>
                n<out2> u<141> t<SIMPLE_IDENTIFIER> p<142> l<18:22> el<18:26>
        n<> u<174> t<Module_item> p<399> c<173> s<213> l<20:4> el<20:30>
          n<> u<173> t<Non_port_module_item> p<174> c<172> l<20:4> el<20:30>
            n<> u<172> t<Module_or_generate_item> p<173> c<171> l<20:4> el<20:30>
              n<> u<171> t<Module_common_item> p<172> c<170> l<20:4> el<20:30>
                n<> u<170> t<Module_or_generate_item_declaration> p<171> c<169> l<20:4> el<20:30>
                  n<> u<169> t<Package_or_generate_item_declaration> p<170> c<168> l<20:4> el<20:30>
                    n<> u<168> t<Data_declaration> p<169> c<167> l<20:4> el<20:30>
                      n<> u<167> t<Variable_declaration> p<168> c<157> l<20:4> el<20:30>
                        n<> u<157> t<Data_type> p<167> c<146> s<166> l<20:4> el<20:13>
                          n<> u<146> t<REG> p<157> s<156> l<20:4> el<20:7>
                          n<> u<156> t<Packed_dimension> p<157> c<155> l<20:8> el<20:13>
                            n<> u<155> t<Constant_range> p<156> c<150> l<20:9> el<20:12>
                              n<> u<150> t<Constant_expression> p<155> c<149> s<154> l<20:9> el<20:10>
                                n<> u<149> t<Constant_primary> p<150> c<148> l<20:9> el<20:10>
                                  n<> u<148> t<Primary_literal> p<149> c<147> l<20:9> el<20:10>
                                    n<7> u<147> t<INTEGRAL_NUMBER> p<148> l<20:9> el<20:10>
                              n<> u<154> t<Constant_expression> p<155> c<153> l<20:11> el<20:12>
                                n<> u<153> t<Constant_primary> p<154> c<152> l<20:11> el<20:12>
                                  n<> u<152> t<Primary_literal> p<153> c<151> l<20:11> el<20:12>
                                    n<0> u<151> t<INTEGRAL_NUMBER> p<152> l<20:11> el<20:12>
                        n<> u<166> t<Variable_decl_assignment_list> p<167> c<165> l<20:22> el<20:29>
                          n<> u<165> t<Variable_decl_assignment> p<166> c<158> l<20:22> el<20:29>
                            n<mem> u<158> t<SIMPLE_IDENTIFIER> p<165> s<164> l<20:22> el<20:25>
                            n<> u<164> t<Variable_dimension> p<165> c<163> l<20:26> el<20:29>
                              n<> u<163> t<Unpacked_dimension> p<164> c<162> l<20:26> el<20:29>
                                n<> u<162> t<Constant_expression> p<163> c<161> l<20:27> el<20:28>
                                  n<> u<161> t<Constant_primary> p<162> c<160> l<20:27> el<20:28>
                                    n<> u<160> t<Primary_literal> p<161> c<159> l<20:27> el<20:28>
                                      n<4> u<159> t<INTEGRAL_NUMBER> p<160> l<20:27> el<20:28>
        n<> u<213> t<Module_item> p<399> c<212> s<252> l<22:4> el<24:7>
          n<> u<212> t<Non_port_module_item> p<213> c<211> l<22:4> el<24:7>
            n<> u<211> t<Module_or_generate_item> p<212> c<210> l<22:4> el<24:7>
              n<> u<210> t<Module_common_item> p<211> c<209> l<22:4> el<24:7>
                n<> u<209> t<Always_construct> p<210> c<175> l<22:4> el<24:7>
                  n<> u<175> t<ALWAYS> p<209> s<208> l<22:4> el<22:10>
                  n<> u<208> t<Statement> p<209> c<207> l<22:11> el<24:7>
                    n<> u<207> t<Statement_item> p<208> c<206> l<22:11> el<24:7>
                      n<> u<206> t<Procedural_timing_control_statement> p<207> c<183> l<22:11> el<24:7>
                        n<> u<183> t<Procedural_timing_control> p<206> c<182> s<205> l<22:11> el<22:25>
                          n<> u<182> t<Event_control> p<183> c<181> l<22:11> el<22:25>
                            n<> u<181> t<Event_expression> p<182> c<176> l<22:13> el<22:24>
                              n<> u<176> t<POSEDGE> p<181> s<180> l<22:13> el<22:20>
                              n<> u<180> t<Expression> p<181> c<179> l<22:21> el<22:24>
                                n<> u<179> t<Primary> p<180> c<178> l<22:21> el<22:24>
                                  n<> u<178> t<Primary_literal> p<179> c<177> l<22:21> el<22:24>
                                    n<clk> u<177> t<SIMPLE_IDENTIFIER> p<178> l<22:21> el<22:24>
                        n<> u<205> t<Statement_or_null> p<206> c<204> l<22:26> el<24:7>
                          n<> u<204> t<Statement> p<205> c<203> l<22:26> el<24:7>
                            n<> u<203> t<Statement_item> p<204> c<202> l<22:26> el<24:7>
                              n<> u<202> t<Seq_block> p<203> c<200> l<22:26> el<24:7>
                                n<> u<200> t<Statement_or_null> p<202> c<199> s<201> l<23:7> el<23:21>
                                  n<> u<199> t<Statement> p<200> c<198> l<23:7> el<23:21>
                                    n<> u<198> t<Statement_item> p<199> c<197> l<23:7> el<23:21>
                                      n<> u<197> t<Nonblocking_assignment> p<198> c<192> l<23:7> el<23:20>
                                        n<> u<192> t<Variable_lvalue> p<197> c<185> s<196> l<23:7> el<23:14>
                                          n<> u<185> t<Ps_or_hierarchical_identifier> p<192> c<184> s<191> l<23:7> el<23:10>
                                            n<mem> u<184> t<SIMPLE_IDENTIFIER> p<185> l<23:7> el<23:10>
                                          n<> u<191> t<Select> p<192> c<190> l<23:10> el<23:14>
                                            n<> u<190> t<Bit_select> p<191> c<189> l<23:10> el<23:14>
                                              n<> u<189> t<Expression> p<190> c<188> l<23:11> el<23:13>
                                                n<> u<188> t<Primary> p<189> c<187> l<23:11> el<23:13>
                                                  n<> u<187> t<Primary_literal> p<188> c<186> l<23:11> el<23:13>
                                                    n<a0> u<186> t<SIMPLE_IDENTIFIER> p<187> l<23:11> el<23:13>
                                        n<> u<196> t<Expression> p<197> c<195> l<23:18> el<23:20>
                                          n<> u<195> t<Primary> p<196> c<194> l<23:18> el<23:20>
                                            n<> u<194> t<Primary_literal> p<195> c<193> l<23:18> el<23:20>
                                              n<d0> u<193> t<SIMPLE_IDENTIFIER> p<194> l<23:18> el<23:20>
                                n<> u<201> t<END> p<202> l<24:4> el<24:7>
        n<> u<252> t<Module_item> p<399> c<251> s<307> l<25:4> el<27:7>
          n<> u<251> t<Non_port_module_item> p<252> c<250> l<25:4> el<27:7>
            n<> u<250> t<Module_or_generate_item> p<251> c<249> l<25:4> el<27:7>
              n<> u<249> t<Module_common_item> p<250> c<248> l<25:4> el<27:7>
                n<> u<248> t<Always_construct> p<249> c<214> l<25:4> el<27:7>
                  n<> u<214> t<ALWAYS> p<248> s<247> l<25:4> el<25:10>
                  n<> u<247> t<Statement> p<248> c<246> l<25:11> el<27:7>
                    n<> u<246> t<Statement_item> p<247> c<245> l<25:11> el<27:7>
                      n<> u<245> t<Procedural_timing_control_statement> p<246> c<222> l<25:11> el<27:7>
                        n<> u<222> t<Procedural_timing_control> p<245> c<221> s<244> l<25:11> el<25:25>
                          n<> u<221> t<Event_control> p<222> c<220> l<25:11> el<25:25>
                            n<> u<220> t<Event_expression> p<221> c<215> l<25:13> el<25:24>
                              n<> u<215> t<NEGEDGE> p<220> s<219> l<25:13> el<25:20>
                              n<> u<219> t<Expression> p<220> c<218> l<25:21> el<25:24>
                                n<> u<218> t<Primary> p<219> c<217> l<25:21> el<25:24>
                                  n<> u<217> t<Primary_literal> p<218> c<216> l<25:21> el<25:24>
                                    n<clk> u<216> t<SIMPLE_IDENTIFIER> p<217> l<25:21> el<25:24>
                        n<> u<244> t<Statement_or_null> p<245> c<243> l<25:26> el<27:7>
                          n<> u<243> t<Statement> p<244> c<242> l<25:26> el<27:7>
                            n<> u<242> t<Statement_item> p<243> c<241> l<25:26> el<27:7>
                              n<> u<241> t<Seq_block> p<242> c<239> l<25:26> el<27:7>
                                n<> u<239> t<Statement_or_null> p<241> c<238> s<240> l<26:7> el<26:21>
                                  n<> u<238> t<Statement> p<239> c<237> l<26:7> el<26:21>
                                    n<> u<237> t<Statement_item> p<238> c<236> l<26:7> el<26:21>
                                      n<> u<236> t<Nonblocking_assignment> p<237> c<231> l<26:7> el<26:20>
                                        n<> u<231> t<Variable_lvalue> p<236> c<224> s<235> l<26:7> el<26:14>
                                          n<> u<224> t<Ps_or_hierarchical_identifier> p<231> c<223> s<230> l<26:7> el<26:10>
                                            n<mem> u<223> t<SIMPLE_IDENTIFIER> p<224> l<26:7> el<26:10>
                                          n<> u<230> t<Select> p<231> c<229> l<26:10> el<26:14>
                                            n<> u<229> t<Bit_select> p<230> c<228> l<26:10> el<26:14>
                                              n<> u<228> t<Expression> p<229> c<227> l<26:11> el<26:13>
                                                n<> u<227> t<Primary> p<228> c<226> l<26:11> el<26:13>
                                                  n<> u<226> t<Primary_literal> p<227> c<225> l<26:11> el<26:13>
                                                    n<a0> u<225> t<SIMPLE_IDENTIFIER> p<226> l<26:11> el<26:13>
                                        n<> u<235> t<Expression> p<236> c<234> l<26:18> el<26:20>
                                          n<> u<234> t<Primary> p<235> c<233> l<26:18> el<26:20>
                                            n<> u<233> t<Primary_literal> p<234> c<232> l<26:18> el<26:20>
                                              n<d1> u<232> t<SIMPLE_IDENTIFIER> p<233> l<26:18> el<26:20>
                                n<> u<240> t<END> p<241> l<27:4> el<27:7>
        n<> u<307> t<Module_item> p<399> c<306> s<352> l<28:4> el<28:47>
          n<> u<306> t<Non_port_module_item> p<307> c<305> l<28:4> el<28:47>
            n<> u<305> t<Module_or_generate_item> p<306> c<304> l<28:4> el<28:47>
              n<> u<304> t<Module_common_item> p<305> c<303> l<28:4> el<28:47>
                n<> u<303> t<Continuous_assign> p<304> c<302> l<28:4> el<28:47>
                  n<> u<302> t<Net_assignment_list> p<303> c<301> l<28:11> el<28:46>
                    n<> u<301> t<Net_assignment> p<302> c<257> l<28:11> el<28:46>
                      n<> u<257> t<Net_lvalue> p<301> c<254> s<300> l<28:11> el<28:14>
                        n<> u<254> t<Ps_or_hierarchical_identifier> p<257> c<253> s<256> l<28:11> el<28:14>
                          n<out> u<253> t<SIMPLE_IDENTIFIER> p<254> l<28:11> el<28:14>
                        n<> u<256> t<Constant_select> p<257> c<255> l<28:15> el<28:15>
                          n<> u<255> t<Constant_bit_select> p<256> l<28:15> el<28:15>
                      n<> u<300> t<Expression> p<301> c<299> l<28:17> el<28:46>
                        n<> u<299> t<Primary> p<300> c<298> l<28:17> el<28:46>
                          n<> u<298> t<Concatenation> p<299> c<267> l<28:17> el<28:46>
                            n<> u<267> t<Expression> p<298> c<266> s<277> l<28:18> el<28:24>
                              n<> u<266> t<Primary> p<267> c<265> l<28:18> el<28:24>
                                n<> u<265> t<Subroutine_call> p<266> c<258> l<28:18> el<28:24>
                                  n<mem> u<258> t<SIMPLE_IDENTIFIER> p<265> s<264> l<28:18> el<28:21>
                                  n<> u<264> t<Select> p<265> c<263> l<28:21> el<28:24>
                                    n<> u<263> t<Bit_select> p<264> c<262> l<28:21> el<28:24>
                                      n<> u<262> t<Expression> p<263> c<261> l<28:22> el<28:23>
                                        n<> u<261> t<Primary> p<262> c<260> l<28:22> el<28:23>
                                          n<> u<260> t<Primary_literal> p<261> c<259> l<28:22> el<28:23>
                                            n<3> u<259> t<INTEGRAL_NUMBER> p<260> l<28:22> el<28:23>
                            n<> u<277> t<Expression> p<298> c<276> s<287> l<28:25> el<28:31>
                              n<> u<276> t<Primary> p<277> c<275> l<28:25> el<28:31>
                                n<> u<275> t<Subroutine_call> p<276> c<268> l<28:25> el<28:31>
                                  n<mem> u<268> t<SIMPLE_IDENTIFIER> p<275> s<274> l<28:25> el<28:28>
                                  n<> u<274> t<Select> p<275> c<273> l<28:28> el<28:31>
                                    n<> u<273> t<Bit_select> p<274> c<272> l<28:28> el<28:31>
                                      n<> u<272> t<Expression> p<273> c<271> l<28:29> el<28:30>
                                        n<> u<271> t<Primary> p<272> c<270> l<28:29> el<28:30>
                                          n<> u<270> t<Primary_literal> p<271> c<269> l<28:29> el<28:30>
                                            n<2> u<269> t<INTEGRAL_NUMBER> p<270> l<28:29> el<28:30>
                            n<> u<287> t<Expression> p<298> c<286> s<297> l<28:32> el<28:38>
                              n<> u<286> t<Primary> p<287> c<285> l<28:32> el<28:38>
                                n<> u<285> t<Subroutine_call> p<286> c<278> l<28:32> el<28:38>
                                  n<mem> u<278> t<SIMPLE_IDENTIFIER> p<285> s<284> l<28:32> el<28:35>
                                  n<> u<284> t<Select> p<285> c<283> l<28:35> el<28:38>
                                    n<> u<283> t<Bit_select> p<284> c<282> l<28:35> el<28:38>
                                      n<> u<282> t<Expression> p<283> c<281> l<28:36> el<28:37>
                                        n<> u<281> t<Primary> p<282> c<280> l<28:36> el<28:37>
                                          n<> u<280> t<Primary_literal> p<281> c<279> l<28:36> el<28:37>
                                            n<1> u<279> t<INTEGRAL_NUMBER> p<280> l<28:36> el<28:37>
                            n<> u<297> t<Expression> p<298> c<296> l<28:39> el<28:45>
                              n<> u<296> t<Primary> p<297> c<295> l<28:39> el<28:45>
                                n<> u<295> t<Subroutine_call> p<296> c<288> l<28:39> el<28:45>
                                  n<mem> u<288> t<SIMPLE_IDENTIFIER> p<295> s<294> l<28:39> el<28:42>
                                  n<> u<294> t<Select> p<295> c<293> l<28:42> el<28:45>
                                    n<> u<293> t<Bit_select> p<294> c<292> l<28:42> el<28:45>
                                      n<> u<292> t<Expression> p<293> c<291> l<28:43> el<28:44>
                                        n<> u<291> t<Primary> p<292> c<290> l<28:43> el<28:44>
                                          n<> u<290> t<Primary_literal> p<291> c<289> l<28:43> el<28:44>
                                            n<0> u<289> t<INTEGRAL_NUMBER> p<290> l<28:43> el<28:44>
        n<> u<352> t<Module_item> p<399> c<351> s<397> l<30:4> el<32:7>
          n<> u<351> t<Non_port_module_item> p<352> c<350> l<30:4> el<32:7>
            n<> u<350> t<Module_or_generate_item> p<351> c<349> l<30:4> el<32:7>
              n<> u<349> t<Module_common_item> p<350> c<348> l<30:4> el<32:7>
                n<> u<348> t<Always_construct> p<349> c<308> l<30:4> el<32:7>
                  n<> u<308> t<ALWAYS> p<348> s<347> l<30:4> el<30:10>
                  n<> u<347> t<Statement> p<348> c<346> l<30:11> el<32:7>
                    n<> u<346> t<Statement_item> p<347> c<345> l<30:11> el<32:7>
                      n<> u<345> t<Procedural_timing_control_statement> p<346> c<316> l<30:11> el<32:7>
                        n<> u<316> t<Procedural_timing_control> p<345> c<315> s<344> l<30:11> el<30:25>
                          n<> u<315> t<Event_control> p<316> c<314> l<30:11> el<30:25>
                            n<> u<314> t<Event_expression> p<315> c<309> l<30:13> el<30:24>
                              n<> u<309> t<POSEDGE> p<314> s<313> l<30:13> el<30:20>
                              n<> u<313> t<Expression> p<314> c<312> l<30:21> el<30:24>
                                n<> u<312> t<Primary> p<313> c<311> l<30:21> el<30:24>
                                  n<> u<311> t<Primary_literal> p<312> c<310> l<30:21> el<30:24>
                                    n<clk> u<310> t<SIMPLE_IDENTIFIER> p<311> l<30:21> el<30:24>
                        n<> u<344> t<Statement_or_null> p<345> c<343> l<30:26> el<32:7>
                          n<> u<343> t<Statement> p<344> c<342> l<30:26> el<32:7>
                            n<> u<342> t<Statement_item> p<343> c<341> l<30:26> el<32:7>
                              n<> u<341> t<Seq_block> p<342> c<339> l<30:26> el<32:7>
                                n<> u<339> t<Statement_or_null> p<341> c<338> s<340> l<31:7> el<31:23>
                                  n<> u<338> t<Statement> p<339> c<337> l<31:7> el<31:23>
                                    n<> u<337> t<Statement_item> p<338> c<336> l<31:7> el<31:23>
                                      n<> u<336> t<Nonblocking_assignment> p<337> c<331> l<31:7> el<31:22>
                                        n<> u<331> t<Variable_lvalue> p<336> c<318> s<335> l<31:7> el<31:16>
                                          n<> u<318> t<Ps_or_hierarchical_identifier> p<331> c<317> s<330> l<31:7> el<31:11>
                                            n<out2> u<317> t<SIMPLE_IDENTIFIER> p<318> l<31:7> el<31:11>
                                          n<> u<330> t<Select> p<331> c<319> l<31:11> el<31:16>
                                            n<> u<319> t<Bit_select> p<330> s<329> l<31:11> el<31:11>
                                            n<> u<329> t<Part_select_range> p<330> c<328> l<31:12> el<31:15>
                                              n<> u<328> t<Constant_range> p<329> c<323> l<31:12> el<31:15>
                                                n<> u<323> t<Constant_expression> p<328> c<322> s<327> l<31:12> el<31:13>
                                                  n<> u<322> t<Constant_primary> p<323> c<321> l<31:12> el<31:13>
                                                    n<> u<321> t<Primary_literal> p<322> c<320> l<31:12> el<31:13>
                                                      n<7> u<320> t<INTEGRAL_NUMBER> p<321> l<31:12> el<31:13>
                                                n<> u<327> t<Constant_expression> p<328> c<326> l<31:14> el<31:15>
                                                  n<> u<326> t<Constant_primary> p<327> c<325> l<31:14> el<31:15>
                                                    n<> u<325> t<Primary_literal> p<326> c<324> l<31:14> el<31:15>
                                                      n<0> u<324> t<INTEGRAL_NUMBER> p<325> l<31:14> el<31:15>
                                        n<> u<335> t<Expression> p<336> c<334> l<31:20> el<31:22>
                                          n<> u<334> t<Primary> p<335> c<333> l<31:20> el<31:22>
                                            n<> u<333> t<Primary_literal> p<334> c<332> l<31:20> el<31:22>
                                              n<d0> u<332> t<SIMPLE_IDENTIFIER> p<333> l<31:20> el<31:22>
                                n<> u<340> t<END> p<341> l<32:4> el<32:7>
        n<> u<397> t<Module_item> p<399> c<396> s<398> l<33:4> el<35:7>
          n<> u<396> t<Non_port_module_item> p<397> c<395> l<33:4> el<35:7>
            n<> u<395> t<Module_or_generate_item> p<396> c<394> l<33:4> el<35:7>
              n<> u<394> t<Module_common_item> p<395> c<393> l<33:4> el<35:7>
                n<> u<393> t<Always_construct> p<394> c<353> l<33:4> el<35:7>
                  n<> u<353> t<ALWAYS> p<393> s<392> l<33:4> el<33:10>
                  n<> u<392> t<Statement> p<393> c<391> l<33:11> el<35:7>
                    n<> u<391> t<Statement_item> p<392> c<390> l<33:11> el<35:7>
                      n<> u<390> t<Procedural_timing_control_statement> p<391> c<361> l<33:11> el<35:7>
                        n<> u<361> t<Procedural_timing_control> p<390> c<360> s<389> l<33:11> el<33:25>
                          n<> u<360> t<Event_control> p<361> c<359> l<33:11> el<33:25>
                            n<> u<359> t<Event_expression> p<360> c<354> l<33:13> el<33:24>
                              n<> u<354> t<NEGEDGE> p<359> s<358> l<33:13> el<33:20>
                              n<> u<358> t<Expression> p<359> c<357> l<33:21> el<33:24>
                                n<> u<357> t<Primary> p<358> c<356> l<33:21> el<33:24>
                                  n<> u<356> t<Primary_literal> p<357> c<355> l<33:21> el<33:24>
                                    n<clk> u<355> t<SIMPLE_IDENTIFIER> p<356> l<33:21> el<33:24>
                        n<> u<389> t<Statement_or_null> p<390> c<388> l<33:26> el<35:7>
                          n<> u<388> t<Statement> p<389> c<387> l<33:26> el<35:7>
                            n<> u<387> t<Statement_item> p<388> c<386> l<33:26> el<35:7>
                              n<> u<386> t<Seq_block> p<387> c<384> l<33:26> el<35:7>
                                n<> u<384> t<Statement_or_null> p<386> c<383> s<385> l<34:7> el<34:24>
                                  n<> u<383> t<Statement> p<384> c<382> l<34:7> el<34:24>
                                    n<> u<382> t<Statement_item> p<383> c<381> l<34:7> el<34:24>
                                      n<> u<381> t<Nonblocking_assignment> p<382> c<376> l<34:7> el<34:23>
                                        n<> u<376> t<Variable_lvalue> p<381> c<363> s<380> l<34:7> el<34:17>
                                          n<> u<363> t<Ps_or_hierarchical_identifier> p<376> c<362> s<375> l<34:7> el<34:11>
                                            n<out2> u<362> t<SIMPLE_IDENTIFIER> p<363> l<34:7> el<34:11>
                                          n<> u<375> t<Select> p<376> c<364> l<34:11> el<34:17>
                                            n<> u<364> t<Bit_select> p<375> s<374> l<34:11> el<34:11>
                                            n<> u<374> t<Part_select_range> p<375> c<373> l<34:12> el<34:16>
                                              n<> u<373> t<Constant_range> p<374> c<368> l<34:12> el<34:16>
                                                n<> u<368> t<Constant_expression> p<373> c<367> s<372> l<34:12> el<34:14>
                                                  n<> u<367> t<Constant_primary> p<368> c<366> l<34:12> el<34:14>
                                                    n<> u<366> t<Primary_literal> p<367> c<365> l<34:12> el<34:14>
                                                      n<15> u<365> t<INTEGRAL_NUMBER> p<366> l<34:12> el<34:14>
                                                n<> u<372> t<Constant_expression> p<373> c<371> l<34:15> el<34:16>
                                                  n<> u<371> t<Constant_primary> p<372> c<370> l<34:15> el<34:16>
                                                    n<> u<370> t<Primary_literal> p<371> c<369> l<34:15> el<34:16>
                                                      n<8> u<369> t<INTEGRAL_NUMBER> p<370> l<34:15> el<34:16>
                                        n<> u<380> t<Expression> p<381> c<379> l<34:21> el<34:23>
                                          n<> u<379> t<Primary> p<380> c<378> l<34:21> el<34:23>
                                            n<> u<378> t<Primary_literal> p<379> c<377> l<34:21> el<34:23>
                                              n<d0> u<377> t<SIMPLE_IDENTIFIER> p<378> l<34:21> el<34:23>
                                n<> u<385> t<END> p<386> l<35:4> el<35:7>
        n<> u<398> t<ENDMODULE> p<399> l<37:1> el<37:10>
AST_DEBUG_END
[INF:CP5804] $Source01/t_lint_multidriven_bad.v:6:1: Compile module "t".
[INF:CM5028] Using global timescale: "1ns/1ns".
====== HLDB =======
Design name:unnamed:
  vpiName: unnamed
  vpiSourceFile (1 items):
    SourceFile name:t_lint_multidriven_bad.v file:$Source01/t_lint_multidriven_bad.v:
      vpiParent: Design name:unnamed
      vpiName: t_lint_multidriven_bad.v
      vpiPreprocFile: "$Output/lib/work/t_lint_multidriven_bad.v"
  vpiAllModules (1 items):
    Module name:t file:$Source01/t_lint_multidriven_bad.v start:6:1 end:37:10:
      vpiParent: Design name:unnamed
      vpiName Identifier name:t start:6:8 end:6:9:
      vpiFullName: t
      vpiVariable (3 items):
        Variable name:out start:17:22 end:17:25:
          vpiParent: Module name:t
          vpiTypespec RefTypespec start:17:11 end:17:21:
            vpiParent: Variable name:out
            vpiFullName: t.out
            vpiActual: LogicTypespec
          vpiName: out
          vpiFullName: t.out
          vpiVector: true
        Variable name:out2 start:18:22 end:18:26:
          vpiParent: Module name:t
          vpiTypespec RefTypespec start:18:11 end:18:21:
            vpiParent: Variable name:out2
            vpiFullName: t.out2
            vpiActual: LogicTypespec
          vpiName: out2
          vpiFullName: t.out2
          vpiVector: true
        Variable name:mem start:20:22 end:20:25:
          vpiParent: Module name:t
          vpiTypespec RefTypespec:
            vpiParent: Variable name:mem
            vpiFullName: t.mem
            vpiActual: ArrayTypespec
          vpiName: mem
          vpiFullName: t.mem
          vpiVector: true
      vpiTypespec (8 items):
        LogicTypespec:
          vpiParent: Module name:t
        LogicTypespec:
          vpiParent: Module name:t
          vpiRange (1 items):
            Range start:14:10 end:14:15:
              vpiParent: LogicTypespec
              vpiLeftRange Constant start:14:11 end:14:12:
                vpiParent: Range
                vpiTypespec RefTypespec:
                  vpiParent: Constant
                  vpiFullName: t
                  vpiActual: IntTypespec
                vpiConstType: unsigned int (9)
                vpiSize: 64
                vpiDecompile: "1"
                vpiValue: 1
              vpiRightRange Constant start:14:13 end:14:14:
                vpiParent: Range
                vpiTypespec RefTypespec:
                  vpiParent: Constant
                  vpiFullName: t
                  vpiActual: IntTypespec
                vpiConstType: unsigned int (9)
                vpiSize: 64
                vpiDecompile: "0"
                vpiValue: 0
          vpiVector: true
        LogicTypespec:
          vpiParent: Module name:t
          vpiRange (1 items):
            Range start:15:10 end:15:15:
              vpiParent: LogicTypespec
              vpiLeftRange Constant start:15:11 end:15:12:
                vpiParent: Range
                vpiTypespec RefTypespec:
                  vpiParent: Constant
                  vpiFullName: t
                  vpiActual: IntTypespec
                vpiConstType: unsigned int (9)
                vpiSize: 64
                vpiDecompile: "7"
                vpiValue: 7
              vpiRightRange Constant start:15:13 end:15:14:
                vpiParent: Range
                vpiTypespec RefTypespec:
                  vpiParent: Constant
                  vpiFullName: t
                  vpiActual: IntTypespec
                vpiConstType: unsigned int (9)
                vpiSize: 64
                vpiDecompile: "0"
                vpiValue: 0
          vpiVector: true
        LogicTypespec:
          vpiParent: Module name:t
          vpiRange (1 items):
            Range start:16:10 end:16:15:
              vpiParent: LogicTypespec
              vpiLeftRange Constant start:16:11 end:16:12:
                vpiParent: Range
                vpiTypespec RefTypespec:
                  vpiParent: Constant
                  vpiFullName: t
                  vpiActual: IntTypespec
                vpiConstType: unsigned int (9)
                vpiSize: 64
                vpiDecompile: "7"
                vpiValue: 7
              vpiRightRange Constant start:16:13 end:16:14:
                vpiParent: Range
                vpiTypespec RefTypespec:
                  vpiParent: Constant
                  vpiFullName: t
                  vpiActual: IntTypespec
                vpiConstType: unsigned int (9)
                vpiSize: 64
                vpiDecompile: "0"
                vpiValue: 0
          vpiVector: true
        LogicTypespec:
          vpiParent: Module name:t
          vpiRange (1 items):
            Range start:17:15 end:17:21:
              vpiParent: LogicTypespec
              vpiLeftRange Constant start:17:16 end:17:18:
                vpiParent: Range
                vpiTypespec RefTypespec:
                  vpiParent: Constant
                  vpiFullName: t
                  vpiActual: IntTypespec
                vpiConstType: unsigned int (9)
                vpiSize: 64
                vpiDecompile: "31"
                vpiValue: 31
              vpiRightRange Constant start:17:19 end:17:20:
                vpiParent: Range
                vpiTypespec RefTypespec:
                  vpiParent: Constant
                  vpiFullName: t
                  vpiActual: IntTypespec
                vpiConstType: unsigned int (9)
                vpiSize: 64
                vpiDecompile: "0"
                vpiValue: 0
          vpiVector: true
        LogicTypespec:
          vpiParent: Module name:t
          vpiRange (1 items):
            Range start:18:15 end:18:21:
              vpiParent: LogicTypespec
              vpiLeftRange Constant start:18:16 end:18:18:
                vpiParent: Range
                vpiTypespec RefTypespec:
                  vpiParent: Constant
                  vpiFullName: t
                  vpiActual: IntTypespec
                vpiConstType: unsigned int (9)
                vpiSize: 64
                vpiDecompile: "15"
                vpiValue: 15
              vpiRightRange Constant start:18:19 end:18:20:
                vpiParent: Range
                vpiTypespec RefTypespec:
                  vpiParent: Constant
                  vpiFullName: t
                  vpiActual: IntTypespec
                vpiConstType: unsigned int (9)
                vpiSize: 64
                vpiDecompile: "0"
                vpiValue: 0
          vpiVector: true
        LogicTypespec:
          vpiParent: Module name:t
          vpiRange (1 items):
            Range start:20:8 end:20:13:
              vpiParent: LogicTypespec
              vpiLeftRange Constant start:20:9 end:20:10:
                vpiParent: Range
                vpiTypespec RefTypespec:
                  vpiParent: Constant
                  vpiFullName: t
                  vpiActual: IntTypespec
                vpiConstType: unsigned int (9)
                vpiSize: 64
                vpiDecompile: "7"
                vpiValue: 7
              vpiRightRange Constant start:20:11 end:20:12:
                vpiParent: Range
                vpiTypespec RefTypespec:
                  vpiParent: Constant
                  vpiFullName: t
                  vpiActual: IntTypespec
                vpiConstType: unsigned int (9)
                vpiSize: 64
                vpiDecompile: "0"
                vpiValue: 0
          vpiVector: true
        ArrayTypespec:
          vpiParent: Module name:t
          vpiArrayType: static (1)
          vpiRange Range start:20:26 end:20:29:
            vpiParent: ArrayTypespec
            vpiLeftRange Operation:
              vpiParent: Range
              vpiOpType: subtract (11)
              vpiOperand (1 items):
                Constant start:20:27 end:20:28:
                  vpiParent: Operation
                  vpiTypespec RefTypespec:
                    vpiParent: Constant
                    vpiFullName: t
                    vpiActual: IntTypespec
                  vpiConstType: unsigned int (9)
                  vpiSize: 64
                  vpiDecompile: "4"
                  vpiValue: 4
          vpiElemTypespec RefTypespec start:20:4 end:20:13:
            vpiParent: ArrayTypespec
            vpiFullName: t
            vpiActual: LogicTypespec
      vpiDefName: t
      vpiDefNetType: wire (1)
      vpiLibrary RefObj name:work:
        vpiParent: Module name:t
        vpiName: work
        vpiFullName: t.work
      vpiCell: t
      vpiNet (4 items):
        Net name:clk start:13:10 end:13:13:
          vpiParent: Module name:t
          vpiTypespec RefTypespec start:13:10 end:13:10:
            vpiParent: Net name:clk
            vpiFullName: t.clk
            vpiActual: LogicTypespec
          vpiName: clk
          vpiFullName: t.clk
          vpiNetType: wire (1)
          vpiScalar: true
        Net name:a0 start:14:16 end:14:18:
          vpiParent: Module name:t
          vpiTypespec RefTypespec start:14:10 end:14:15:
            vpiParent: Net name:a0
            vpiFullName: t.a0
            vpiActual: LogicTypespec
          vpiName: a0
          vpiFullName: t.a0
          vpiNetType: wire (1)
          vpiVector: true
        Net name:d0 start:15:16 end:15:18:
          vpiParent: Module name:t
          vpiTypespec RefTypespec start:15:10 end:15:15:
            vpiParent: Net name:d0
            vpiFullName: t.d0
            vpiActual: LogicTypespec
          vpiName: d0
          vpiFullName: t.d0
          vpiNetType: wire (1)
          vpiVector: true
        Net name:d1 start:16:16 end:16:18:
          vpiParent: Module name:t
          vpiTypespec RefTypespec start:16:10 end:16:15:
            vpiParent: Net name:d1
            vpiFullName: t.d1
            vpiActual: LogicTypespec
          vpiName: d1
          vpiFullName: t.d1
          vpiNetType: wire (1)
          vpiVector: true
      vpiPort (6 items):
        Port name:out start:8:4 end:8:7:
          vpiParent: Module name:t
          vpiName: out
          vpiDirection: output (2)
          vpiLowConn RefObj name:out start:17:22 end:17:25:
            vpiParent: Port name:out
            vpiName: out
            vpiFullName: t.out.out
            vpiActual: Variable name:out
          vpiTypespec RefTypespec start:17:11 end:17:21:
            vpiParent: Port name:out
            vpiFullName: t.out
            vpiActual: LogicTypespec
        Port name:out2 start:8:9 end:8:13:
          vpiParent: Module name:t
          vpiName: out2
          vpiDirection: output (2)
          vpiLowConn RefObj name:out2 start:18:22 end:18:26:
            vpiParent: Port name:out2
            vpiName: out2
            vpiFullName: t.out2.out2
            vpiActual: Variable name:out2
          vpiTypespec RefTypespec start:18:11 end:18:21:
            vpiParent: Port name:out2
            vpiFullName: t.out2
            vpiActual: LogicTypespec
        Port name:clk start:10:4 end:10:7:
          vpiParent: Module name:t
          vpiName: clk
          vpiDirection: input (1)
          vpiLowConn RefObj name:clk start:13:10 end:13:13:
            vpiParent: Port name:clk
            vpiName: clk
            vpiFullName: t.clk.clk
            vpiActual: Net name:clk
          vpiTypespec RefTypespec start:13:10 end:13:10:
            vpiParent: Port name:clk
            vpiFullName: t.clk
            vpiActual: LogicTypespec
        Port name:a0 start:10:9 end:10:11:
          vpiParent: Module name:t
          vpiName: a0
          vpiDirection: input (1)
          vpiLowConn RefObj name:a0 start:14:16 end:14:18:
            vpiParent: Port name:a0
            vpiName: a0
            vpiFullName: t.a0.a0
            vpiActual: Net name:a0
          vpiTypespec RefTypespec start:14:10 end:14:15:
            vpiParent: Port name:a0
            vpiFullName: t.a0
            vpiActual: LogicTypespec
        Port name:d0 start:10:13 end:10:15:
          vpiParent: Module name:t
          vpiName: d0
          vpiDirection: input (1)
          vpiLowConn RefObj name:d0 start:15:16 end:15:18:
            vpiParent: Port name:d0
            vpiName: d0
            vpiFullName: t.d0.d0
            vpiActual: Net name:d0
          vpiTypespec RefTypespec start:15:10 end:15:15:
            vpiParent: Port name:d0
            vpiFullName: t.d0
            vpiActual: LogicTypespec
        Port name:d1 start:10:17 end:10:19:
          vpiParent: Module name:t
          vpiName: d1
          vpiDirection: input (1)
          vpiLowConn RefObj name:d1 start:16:16 end:16:18:
            vpiParent: Port name:d1
            vpiName: d1
            vpiFullName: t.d1.d1
            vpiActual: Net name:d1
          vpiTypespec RefTypespec start:16:10 end:16:15:
            vpiParent: Port name:d1
            vpiFullName: t.d1
            vpiActual: LogicTypespec
      vpiProcess (4 items):
        Always start:22:4 end:24:7:
          vpiParent: Module name:t
          vpiStmt EventControl start:22:11 end:24:7:
            vpiParent: Always
            vpiCondition Operation start:22:13 end:22:24:
              vpiParent: EventControl
              vpiOpType: posedge (39)
              vpiOperand (1 items):
                RefObj name:clk start:22:21 end:22:24:
                  vpiParent: Operation
                  vpiName: clk
                  vpiFullName: t.clk
                  vpiActual: Net name:clk
            vpiStmt Begin start:22:26 end:24:7:
              vpiParent: EventControl
              vpiFullName: t
              vpiStmt (1 items):
                Assignment start:23:7 end:23:20:
                  vpiParent: Begin
                  vpiLhs BitSelect name:mem[a0] start:23:7 end:23:14:
                    vpiParent: Assignment
                    vpiName: mem[a0]
                    vpiFullName: t.mem[a0]
                    vpiPrefix RefObj name:mem start:23:7 end:23:10:
                      vpiParent: BitSelect name:mem[a0]
                      vpiName: mem
                      vpiFullName: t.mem
                      vpiActual: Variable name:mem
                    vpiIndex RefObj name:a0 start:23:11 end:23:13:
                      vpiParent: BitSelect name:mem[a0]
                      vpiName: a0
                      vpiFullName: t.a0
                      vpiActual: Net name:a0
                  vpiRhs RefObj name:d0 start:23:18 end:23:20:
                    vpiParent: Assignment
                    vpiName: d0
                    vpiFullName: t.d0
                    vpiActual: Net name:d0
          vpiAlwaysType: always (1)
        Always start:25:4 end:27:7:
          vpiParent: Module name:t
          vpiStmt EventControl start:25:11 end:27:7:
            vpiParent: Always
            vpiCondition Operation start:25:13 end:25:24:
              vpiParent: EventControl
              vpiOpType: negedge (40)
              vpiOperand (1 items):
                RefObj name:clk start:25:21 end:25:24:
                  vpiParent: Operation
                  vpiName: clk
                  vpiFullName: t.clk
                  vpiActual: Net name:clk
            vpiStmt Begin start:25:26 end:27:7:
              vpiParent: EventControl
              vpiFullName: t
              vpiStmt (1 items):
                Assignment start:26:7 end:26:20:
                  vpiParent: Begin
                  vpiLhs BitSelect name:mem[a0] start:26:7 end:26:14:
                    vpiParent: Assignment
                    vpiName: mem[a0]
                    vpiFullName: t.mem[a0]
                    vpiPrefix RefObj name:mem start:26:7 end:26:10:
                      vpiParent: BitSelect name:mem[a0]
                      vpiName: mem
                      vpiFullName: t.mem
                      vpiActual: Variable name:mem
                    vpiIndex RefObj name:a0 start:26:11 end:26:13:
                      vpiParent: BitSelect name:mem[a0]
                      vpiName: a0
                      vpiFullName: t.a0
                      vpiActual: Net name:a0
                  vpiRhs RefObj name:d1 start:26:18 end:26:20:
                    vpiParent: Assignment
                    vpiName: d1
                    vpiFullName: t.d1
                    vpiActual: Net name:d1
          vpiAlwaysType: always (1)
        Always start:30:4 end:32:7:
          vpiParent: Module name:t
          vpiStmt EventControl start:30:11 end:32:7:
            vpiParent: Always
            vpiCondition Operation start:30:13 end:30:24:
              vpiParent: EventControl
              vpiOpType: posedge (39)
              vpiOperand (1 items):
                RefObj name:clk start:30:21 end:30:24:
                  vpiParent: Operation
                  vpiName: clk
                  vpiFullName: t.clk
                  vpiActual: Net name:clk
            vpiStmt Begin start:30:26 end:32:7:
              vpiParent: EventControl
              vpiFullName: t
              vpiStmt (1 items):
                Assignment start:31:7 end:31:22:
                  vpiParent: Begin
                  vpiLhs PartSelect name:out2[7:0] start:31:7 end:31:16:
                    vpiParent: Assignment
                    vpiName: out2[7:0]
                    vpiFullName: t.out2[7:0]
                    vpiPrefix RefObj name:out2 start:31:7 end:31:11:
                      vpiParent: PartSelect name:out2[7:0]
                      vpiName: out2
                      vpiFullName: t.out2[7:0].out2
                      vpiActual: Variable name:out2
                    vpiRange Range start:31:12 end:31:15:
                      vpiParent: PartSelect name:out2[7:0]
                      vpiLeftRange Constant start:31:12 end:31:13:
                        vpiParent: Range
                        vpiTypespec RefTypespec:
                          vpiParent: Constant
                          vpiFullName: t.out2[7:0]
                          vpiActual: IntTypespec
                        vpiConstType: unsigned int (9)
                        vpiSize: 64
                        vpiDecompile: "7"
                        vpiValue: 7
                      vpiRightRange Constant start:31:14 end:31:15:
                        vpiParent: Range
                        vpiTypespec RefTypespec:
                          vpiParent: Constant
                          vpiFullName: t.out2[7:0]
                          vpiActual: IntTypespec
                        vpiConstType: unsigned int (9)
                        vpiSize: 64
                        vpiDecompile: "0"
                        vpiValue: 0
                  vpiRhs RefObj name:d0 start:31:20 end:31:22:
                    vpiParent: Assignment
                    vpiName: d0
                    vpiFullName: t.d0
                    vpiActual: Net name:d0
          vpiAlwaysType: always (1)
        Always start:33:4 end:35:7:
          vpiParent: Module name:t
          vpiStmt EventControl start:33:11 end:35:7:
            vpiParent: Always
            vpiCondition Operation start:33:13 end:33:24:
              vpiParent: EventControl
              vpiOpType: negedge (40)
              vpiOperand (1 items):
                RefObj name:clk start:33:21 end:33:24:
                  vpiParent: Operation
                  vpiName: clk
                  vpiFullName: t.clk
                  vpiActual: Net name:clk
            vpiStmt Begin start:33:26 end:35:7:
              vpiParent: EventControl
              vpiFullName: t
              vpiStmt (1 items):
                Assignment start:34:7 end:34:23:
                  vpiParent: Begin
                  vpiLhs PartSelect name:out2[15:8] start:34:7 end:34:17:
                    vpiParent: Assignment
                    vpiName: out2[15:8]
                    vpiFullName: t.out2[15:8]
                    vpiPrefix RefObj name:out2 start:34:7 end:34:11:
                      vpiParent: PartSelect name:out2[15:8]
                      vpiName: out2
                      vpiFullName: t.out2[15:8].out2
                      vpiActual: Variable name:out2
                    vpiRange Range start:34:12 end:34:16:
                      vpiParent: PartSelect name:out2[15:8]
                      vpiLeftRange Constant start:34:12 end:34:14:
                        vpiParent: Range
                        vpiTypespec RefTypespec:
                          vpiParent: Constant
                          vpiFullName: t.out2[15:8]
                          vpiActual: IntTypespec
                        vpiConstType: unsigned int (9)
                        vpiSize: 64
                        vpiDecompile: "15"
                        vpiValue: 15
                      vpiRightRange Constant start:34:15 end:34:16:
                        vpiParent: Range
                        vpiTypespec RefTypespec:
                          vpiParent: Constant
                          vpiFullName: t.out2[15:8]
                          vpiActual: IntTypespec
                        vpiConstType: unsigned int (9)
                        vpiSize: 64
                        vpiDecompile: "8"
                        vpiValue: 8
                  vpiRhs RefObj name:d0 start:34:21 end:34:23:
                    vpiParent: Assignment
                    vpiName: d0
                    vpiFullName: t.d0
                    vpiActual: Net name:d0
          vpiAlwaysType: always (1)
      vpiContAssign (1 items):
        ContAssign start:28:11 end:28:46:
          vpiParent: Module name:t
          vpiLhs RefObj name:out start:28:11 end:28:14:
            vpiParent: ContAssign
            vpiName: out
            vpiFullName: t.out
            vpiActual: Variable name:out
          vpiRhs Operation start:28:17 end:28:46:
            vpiParent: ContAssign
            vpiOpType: concatenation (33)
            vpiOperand (4 items):
              BitSelect name:mem[3] start:28:18 end:28:24:
                vpiParent: Operation
                vpiName: mem[3]
                vpiFullName: t.mem[3]
                vpiPrefix RefObj name:mem start:28:18 end:28:21:
                  vpiParent: BitSelect name:mem[3]
                  vpiName: mem
                  vpiFullName: t.mem
                  vpiActual: Variable name:mem
                vpiIndex Constant start:28:22 end:28:23:
                  vpiParent: BitSelect name:mem[3]
                  vpiTypespec RefTypespec:
                    vpiParent: Constant
                    vpiFullName: t.mem[3]
                    vpiActual: IntTypespec
                  vpiConstType: unsigned int (9)
                  vpiSize: 64
                  vpiDecompile: "3"
                  vpiValue: 3
              BitSelect name:mem[2] start:28:25 end:28:31:
                vpiParent: Operation
                vpiName: mem[2]
                vpiFullName: t.mem[2]
                vpiPrefix RefObj name:mem start:28:25 end:28:28:
                  vpiParent: BitSelect name:mem[2]
                  vpiName: mem
                  vpiFullName: t.mem
                  vpiActual: Variable name:mem
                vpiIndex Constant start:28:29 end:28:30:
                  vpiParent: BitSelect name:mem[2]
                  vpiTypespec RefTypespec:
                    vpiParent: Constant
                    vpiFullName: t.mem[2]
                    vpiActual: IntTypespec
                  vpiConstType: unsigned int (9)
                  vpiSize: 64
                  vpiDecompile: "2"
                  vpiValue: 2
              BitSelect name:mem[1] start:28:32 end:28:38:
                vpiParent: Operation
                vpiName: mem[1]
                vpiFullName: t.mem[1]
                vpiPrefix RefObj name:mem start:28:32 end:28:35:
                  vpiParent: BitSelect name:mem[1]
                  vpiName: mem
                  vpiFullName: t.mem
                  vpiActual: Variable name:mem
                vpiIndex Constant start:28:36 end:28:37:
                  vpiParent: BitSelect name:mem[1]
                  vpiTypespec RefTypespec:
                    vpiParent: Constant
                    vpiFullName: t.mem[1]
                    vpiActual: IntTypespec
                  vpiConstType: unsigned int (9)
                  vpiSize: 64
                  vpiDecompile: "1"
                  vpiValue: 1
              BitSelect name:mem[0] start:28:39 end:28:45:
                vpiParent: Operation
                vpiName: mem[0]
                vpiFullName: t.mem[0]
                vpiPrefix RefObj name:mem start:28:39 end:28:42:
                  vpiParent: BitSelect name:mem[0]
                  vpiName: mem
                  vpiFullName: t.mem
                  vpiActual: Variable name:mem
                vpiIndex Constant start:28:43 end:28:44:
                  vpiParent: BitSelect name:mem[0]
                  vpiTypespec RefTypespec:
                    vpiParent: Constant
                    vpiFullName: t.mem[0]
                    vpiActual: IntTypespec
                  vpiConstType: unsigned int (9)
                  vpiSize: 64
                  vpiDecompile: "0"
                  vpiValue: 0
  vpiTypespec (2 items):
    ModuleTypespec name:t:
      vpiParent: Design name:unnamed
      vpiName Identifier name:t start:6:8 end:6:9:
      vpiModule: Module name:t
    IntTypespec:
      vpiParent: Design name:unnamed
      vpiSigned: true
===================
[  FATAL] : 0
[ SYNTAX] : 0
[  ERROR] : 0
[WARNING] : 0
[   NOTE] : 0
********************************************************************************
*                    End HLC SystemVerilog Compiler/Linter                     *
********************************************************************************

#**#**#**#**#**#**#**#**#**#**#**#**#**#**#**#**#**#**#**#**#**#**#**#**#**#**#**#**#**#**#**#**#**#**#**#**#**#**#**#**

Environment:
      test-name: Verilator/t_lint_multidriven_bad
   test-dirpath: ${HLC_DIR}/regression/Verilator/t_lint_multidriven_bad
  hldb-filepath: ${HLC_DIR}/regression/Verilator/t_lint_multidriven_bad/design.hldb
mounts-filepath: ${HLC_DIR}/regression/Verilator/t_lint_multidriven_bad/mounts.json


{'result': {'coverage': 100.0,
            'error_count': 0,
            'file_count': 1,
            'files': {'$Output/lib/work/t_lint_multidriven_bad.v': {'post_len': 0,
                                                                    'pre_len': 396}},
            'post_len': 0,
            'pre_len': 396,
            'test_name': 'Verilator/t_lint_multidriven_bad'}}

+-------------------------------------------+----------+-----------+
| INPUT                                     |   PRELEN |   POSTLEN |
+===========================================+==========+===========+
| $Output/lib/work/t_lint_multidriven_bad.v |      396 |         0 |
+===========================================+==========+===========+
|                                           |      396 |         0 |
+-------------------------------------------+----------+-----------+

[   ERROR] : 0
[COVERAGE] : 100.0


#**#**#**#**#**#**#**#**#**#**#**#**#**#**#**#**#**#**#**#**#**#**#**#**#**#**#**#**#**#**#**#**#**#**#**#**#**#**#**#**

COMMAND: ${HLC_DIR}/regression/Verilator/t_lint_multidriven_bad/design.hldb ${HLC_DIR}/regression/Verilator/t_lint_multidriven_bad/reduced.hldb

==================== BEGIN REDUCTION RESULT ====================
Name                            Before   After   Added   Removed
----------------------------------------------------------------
----------------------------------------------------------------
Others                             150     150       0         0
----------------------------------------------------------------
                                   150     150       0         0
===================== END REDUCTION RESULT =====================
