********************************************
*  SURELOG SystemVerilog  Compiler/Linter  *
********************************************
Copyright (c) 2017-2023 Alain Dargelas,
http://www.apache.org/licenses/LICENSE-2.0
VERSION: 1.84
COMMAND: -wd ../../../tests/ClogParam -parse -d uhdm -d ast dut.sv -nobuiltin -mt 0 -mp 0 -d uhdmstats -d cache -d uhdm -nostdout -o ${SURELOG_DIR}/regression/ClogParam/ClogParam
[INF:CM0023] Creating log file "$Output/hlc.log".
[INF:PP0122] Preprocessing source file "$Source01/dut.sv".
[INF:PA0201] Parsing source file "$Source01/dut.sv".
AST_DEBUG_BEGIN
Count: 185
LIB: work
FILE: f<13>:$Source01/dut.sv
n<$Source01/dut.sv> u<184> t<Top_level_rule> c<1> l<1:1> el<20:1>
  n<> u<1> t<Null_rule> p<184> s<183> l<1:1>
  n<> u<183> t<Source_text> p<184> c<75> l<1:1> el<19:16>
    n<> u<75> t<Description> p<183> c<74> s<182> l<1:1> el<5:29>
      n<> u<74> t<Module_declaration> p<75> c<14> l<1:1> el<5:29>
        n<> u<14> t<Module_ansi_header> p<74> c<2> s<32> l<1:1> el<1:39>
          n<module> u<2> t<Module_keyword> p<14> s<3> l<1:1> el<1:7>
          n<otp_ctrl_ecc_reg> u<3> t<SIMPLE_IDENTIFIER> p<14> s<4> l<1:8> el<1:24>
          n<> u<4> t<Package_import_declaration_list> p<14> s<13> l<1:24> el<1:24>
          n<> u<13> t<Port_declaration_list> p<14> c<12> l<1:24> el<1:38>
            n<> u<12> t<Ansi_port_declaration> p<13> c<10> l<1:25> el<1:37>
              n<> u<10> t<Net_port_header> p<12> c<5> s<11> l<1:25> el<1:35>
                n<> u<5> t<OUTPUT> p<10> s<9> l<1:25> el<1:31>
                n<> u<9> t<Net_port_type> p<10> c<8> l<1:32> el<1:35>
                  n<> u<8> t<Data_type_or_implicit> p<9> c<7> l<1:32> el<1:35>
                    n<> u<7> t<Data_type> p<8> c<6> l<1:32> el<1:35>
                      n<> u<6> t<INT> p<7> l<1:32> el<1:35>
              n<a> u<11> t<SIMPLE_IDENTIFIER> p<12> l<1:36> el<1:37>
        n<> u<32> t<Non_port_module_item> p<74> c<31> s<56> l<2:4> el<2:31>
          n<> u<31> t<Module_or_generate_item> p<32> c<30> l<2:4> el<2:31>
            n<> u<30> t<Module_common_item> p<31> c<29> l<2:4> el<2:31>
              n<> u<29> t<Module_or_generate_item_declaration> p<30> c<28> l<2:4> el<2:31>
                n<> u<28> t<Package_or_generate_item_declaration> p<29> c<27> l<2:4> el<2:31>
                  n<> u<27> t<Parameter_declaration> p<28> c<17> l<2:4> el<2:30>
                    n<> u<17> t<Data_type_or_implicit> p<27> c<16> s<26> l<2:15> el<2:18>
                      n<> u<16> t<Data_type> p<17> c<15> l<2:15> el<2:18>
                        n<> u<15> t<INT> p<16> l<2:15> el<2:18>
                    n<> u<26> t<Param_assignment_list> p<27> c<25> l<2:19> el<2:30>
                      n<> u<25> t<Param_assignment> p<26> c<18> l<2:19> el<2:30>
                        n<Depth> u<18> t<SIMPLE_IDENTIFIER> p<25> s<24> l<2:19> el<2:24>
                        n<> u<24> t<Constant_param_expression> p<25> c<23> l<2:27> el<2:30>
                          n<> u<23> t<Constant_mintypmax_expression> p<24> c<22> l<2:27> el<2:30>
                            n<> u<22> t<Constant_expression> p<23> c<21> l<2:27> el<2:30>
                              n<> u<21> t<Constant_primary> p<22> c<20> l<2:27> el<2:30>
                                n<> u<20> t<Primary_literal> p<21> c<19> l<2:27> el<2:30>
                                  n<999> u<19> t<INTEGRAL_NUMBER> p<20> l<2:27> el<2:30>
        n<> u<56> t<Non_port_module_item> p<74> c<55> s<71> l<3:4> el<3:38>
          n<> u<55> t<Module_or_generate_item> p<56> c<54> l<3:4> el<3:38>
            n<> u<54> t<Module_common_item> p<55> c<53> l<3:4> el<3:38>
              n<> u<53> t<Module_or_generate_item_declaration> p<54> c<52> l<3:4> el<3:38>
                n<> u<52> t<Package_or_generate_item_declaration> p<53> c<51> l<3:4> el<3:38>
                  n<> u<51> t<Local_parameter_declaration> p<52> c<35> l<3:4> el<3:37>
                    n<> u<35> t<Data_type_or_implicit> p<51> c<34> s<50> l<3:15> el<3:18>
                      n<> u<34> t<Data_type> p<35> c<33> l<3:15> el<3:18>
                        n<> u<33> t<INT> p<34> l<3:15> el<3:18>
                    n<> u<50> t<Param_assignment_list> p<51> c<49> l<3:19> el<3:37>
                      n<> u<49> t<Param_assignment> p<50> c<36> l<3:19> el<3:37>
                        n<Aw> u<36> t<SIMPLE_IDENTIFIER> p<49> s<48> l<3:19> el<3:21>
                        n<> u<48> t<Constant_param_expression> p<49> c<47> l<3:24> el<3:37>
                          n<> u<47> t<Constant_mintypmax_expression> p<48> c<46> l<3:24> el<3:37>
                            n<> u<46> t<Constant_expression> p<47> c<45> l<3:24> el<3:37>
                              n<> u<45> t<Constant_primary> p<46> c<44> l<3:24> el<3:37>
                                n<> u<44> t<Subroutine_call> p<45> c<37> l<3:24> el<3:37>
                                  n<$> u<37> t<DOLLAR> p<44> s<38> l<3:24> el<3:25>
                                  n<clog2> u<38> t<SIMPLE_IDENTIFIER> p<44> s<43> l<3:25> el<3:30>
                                  n<> u<43> t<Argument_list> p<44> c<42> l<3:31> el<3:36>
                                    n<> u<42> t<Expression> p<43> c<41> l<3:31> el<3:36>
                                      n<> u<41> t<Primary> p<42> c<40> l<3:31> el<3:36>
                                        n<> u<40> t<Primary_literal> p<41> c<39> l<3:31> el<3:36>
                                          n<Depth> u<39> t<SIMPLE_IDENTIFIER> p<40> l<3:31> el<3:36>
        n<> u<71> t<Non_port_module_item> p<74> c<70> s<73> l<4:4> el<4:18>
          n<> u<70> t<Module_or_generate_item> p<71> c<69> l<4:4> el<4:18>
            n<> u<69> t<Module_common_item> p<70> c<68> l<4:4> el<4:18>
              n<> u<68> t<Continuous_assign> p<69> c<67> l<4:4> el<4:18>
                n<> u<67> t<Net_assignment_list> p<68> c<66> l<4:11> el<4:17>
                  n<> u<66> t<Net_assignment> p<67> c<61> l<4:11> el<4:17>
                    n<> u<61> t<Net_lvalue> p<66> c<58> s<65> l<4:11> el<4:12>
                      n<> u<58> t<Ps_or_hierarchical_identifier> p<61> c<57> s<60> l<4:11> el<4:12>
                        n<a> u<57> t<SIMPLE_IDENTIFIER> p<58> l<4:11> el<4:12>
                      n<> u<60> t<Constant_select> p<61> c<59> l<4:13> el<4:13>
                        n<> u<59> t<Constant_bit_select> p<60> l<4:13> el<4:13>
                    n<> u<65> t<Expression> p<66> c<64> l<4:15> el<4:17>
                      n<> u<64> t<Primary> p<65> c<63> l<4:15> el<4:17>
                        n<> u<63> t<Primary_literal> p<64> c<62> l<4:15> el<4:17>
                          n<Aw> u<62> t<SIMPLE_IDENTIFIER> p<63> l<4:15> el<4:17>
        n<> u<73> t<ENDMODULE> p<74> s<72> l<5:1> el<5:10>
        n<otp_ctrl_ecc_reg> u<72> t<SIMPLE_IDENTIFIER> p<74> l<5:13> el<5:29>
    n<> u<182> t<Description> p<183> c<181> l<7:1> el<19:16>
      n<> u<181> t<Module_declaration> p<182> c<88> l<7:1> el<19:16>
        n<> u<88> t<Module_ansi_header> p<181> c<76> s<107> l<7:1> el<7:26>
          n<module> u<76> t<Module_keyword> p<88> s<77> l<7:1> el<7:7>
          n<top> u<77> t<SIMPLE_IDENTIFIER> p<88> s<78> l<7:8> el<7:11>
          n<> u<78> t<Package_import_declaration_list> p<88> s<87> l<7:11> el<7:11>
          n<> u<87> t<Port_declaration_list> p<88> c<86> l<7:11> el<7:25>
            n<> u<86> t<Ansi_port_declaration> p<87> c<84> l<7:12> el<7:24>
              n<> u<84> t<Net_port_header> p<86> c<79> s<85> l<7:12> el<7:22>
                n<> u<79> t<OUTPUT> p<84> s<83> l<7:12> el<7:18>
                n<> u<83> t<Net_port_type> p<84> c<82> l<7:19> el<7:22>
                  n<> u<82> t<Data_type_or_implicit> p<83> c<81> l<7:19> el<7:22>
                    n<> u<81> t<Data_type> p<82> c<80> l<7:19> el<7:22>
                      n<> u<80> t<INT> p<81> l<7:19> el<7:22>
              n<o> u<85> t<SIMPLE_IDENTIFIER> p<86> l<7:23> el<7:24>
        n<> u<107> t<Non_port_module_item> p<181> c<106> s<132> l<8:4> el<10:18>
          n<> u<106> t<Module_or_generate_item> p<107> c<105> l<8:4> el<10:18>
            n<> u<105> t<Module_common_item> p<106> c<104> l<8:4> el<10:18>
              n<> u<104> t<Module_or_generate_item_declaration> p<105> c<103> l<8:4> el<10:18>
                n<> u<103> t<Package_or_generate_item_declaration> p<104> c<102> l<8:4> el<10:18>
                  n<> u<102> t<Data_declaration> p<103> c<101> l<8:4> el<10:18>
                    n<> u<101> t<Type_declaration> p<102> c<99> l<8:4> el<10:18>
                      n<> u<99> t<Data_type> p<101> c<90> s<100> l<8:12> el<10:5>
                        n<> u<90> t<Struct_union> p<99> c<89> s<91> l<8:12> el<8:18>
                          n<> u<89> t<Struct_keyword> p<90> l<8:12> el<8:18>
                        n<> u<91> t<Packed_keyword> p<99> s<98> l<8:19> el<8:25>
                        n<> u<98> t<Struct_union_member> p<99> c<94> l<9:7> el<9:13>
                          n<> u<94> t<Data_type_or_void> p<98> c<93> s<97> l<9:7> el<9:10>
                            n<> u<93> t<Data_type> p<94> c<92> l<9:7> el<9:10>
                              n<> u<92> t<INT> p<93> l<9:7> el<9:10>
                          n<> u<97> t<Variable_decl_assignment_list> p<98> c<96> l<9:11> el<9:12>
                            n<> u<96> t<Variable_decl_assignment> p<97> c<95> l<9:11> el<9:12>
                              n<x> u<95> t<SIMPLE_IDENTIFIER> p<96> l<9:11> el<9:12>
                      n<part_info_t> u<100> t<SIMPLE_IDENTIFIER> p<101> l<10:6> el<10:17>
        n<> u<132> t<Non_port_module_item> p<181> c<131> s<152> l<12:4> el<12:50>
          n<> u<131> t<Module_or_generate_item> p<132> c<130> l<12:4> el<12:50>
            n<> u<130> t<Module_common_item> p<131> c<129> l<12:4> el<12:50>
              n<> u<129> t<Module_or_generate_item_declaration> p<130> c<128> l<12:4> el<12:50>
                n<> u<128> t<Package_or_generate_item_declaration> p<129> c<127> l<12:4> el<12:50>
                  n<> u<127> t<Parameter_declaration> p<128> c<110> l<12:4> el<12:49>
                    n<> u<110> t<Data_type_or_implicit> p<127> c<109> s<126> l<12:14> el<12:25>
                      n<part_info_t> u<109> t<Data_type> p<110> c<108> l<12:14> el<12:25>
                        n<part_info_t> u<108> t<SIMPLE_IDENTIFIER> p<109> l<12:14> el<12:25>
                    n<> u<126> t<Param_assignment_list> p<127> c<125> l<12:26> el<12:49>
                      n<> u<125> t<Param_assignment> p<126> c<111> l<12:26> el<12:49>
                        n<Info> u<111> t<SIMPLE_IDENTIFIER> p<125> s<124> l<12:26> el<12:30>
                        n<> u<124> t<Constant_param_expression> p<125> c<123> l<12:33> el<12:49>
                          n<> u<123> t<Constant_mintypmax_expression> p<124> c<122> l<12:33> el<12:49>
                            n<> u<122> t<Constant_expression> p<123> c<121> l<12:33> el<12:49>
                              n<> u<121> t<Constant_primary> p<122> c<120> l<12:33> el<12:49>
                                n<> u<120> t<Constant_cast> p<121> c<115> l<12:33> el<12:49>
                                  n<> u<115> t<Casting_type> p<120> c<114> s<119> l<12:33> el<12:44>
                                    n<part_info_t> u<114> t<Simple_type> p<115> c<113> l<12:33> el<12:44>
                                      n<> u<113> t<Ps_type_identifier> p<114> c<112> l<12:33> el<12:44>
                                        n<part_info_t> u<112> t<SIMPLE_IDENTIFIER> p<113> l<12:33> el<12:44>
                                  n<> u<119> t<Constant_expression> p<120> c<118> l<12:46> el<12:48>
                                    n<> u<118> t<Constant_primary> p<119> c<117> l<12:46> el<12:48>
                                      n<> u<117> t<Primary_literal> p<118> c<116> l<12:46> el<12:48>
                                        n<10> u<116> t<INTEGRAL_NUMBER> p<117> l<12:46> el<12:48>
        n<> u<152> t<Non_port_module_item> p<181> c<151> s<178> l<13:4> el<13:44>
          n<> u<151> t<Module_or_generate_item> p<152> c<150> l<13:4> el<13:44>
            n<> u<150> t<Module_common_item> p<151> c<149> l<13:4> el<13:44>
              n<> u<149> t<Module_or_generate_item_declaration> p<150> c<148> l<13:4> el<13:44>
                n<> u<148> t<Package_or_generate_item_declaration> p<149> c<147> l<13:4> el<13:44>
                  n<> u<147> t<Local_parameter_declaration> p<148> c<135> l<13:4> el<13:43>
                    n<> u<135> t<Data_type_or_implicit> p<147> c<134> s<146> l<13:15> el<13:18>
                      n<> u<134> t<Data_type> p<135> c<133> l<13:15> el<13:18>
                        n<> u<133> t<INT> p<134> l<13:15> el<13:18>
                    n<> u<146> t<Param_assignment_list> p<147> c<145> l<13:19> el<13:43>
                      n<> u<145> t<Param_assignment> p<146> c<136> l<13:19> el<13:43>
                        n<NumScrmblBlocks> u<136> t<SIMPLE_IDENTIFIER> p<145> s<144> l<13:19> el<13:34>
                        n<> u<144> t<Constant_param_expression> p<145> c<143> l<13:37> el<13:43>
                          n<> u<143> t<Constant_mintypmax_expression> p<144> c<142> l<13:37> el<13:43>
                            n<> u<142> t<Constant_expression> p<143> c<141> l<13:37> el<13:43>
                              n<> u<141> t<Constant_primary> p<142> c<137> l<13:37> el<13:43>
                                n<Info> u<137> t<SIMPLE_IDENTIFIER> p<141> s<140> l<13:37> el<13:41>
                                n<> u<140> t<Constant_select> p<141> c<138> l<13:41> el<13:43>
                                  n<x> u<138> t<SIMPLE_IDENTIFIER> p<140> s<139> l<13:42> el<13:43>
                                  n<> u<139> t<Constant_bit_select> p<140> l<13:43> el<13:43>
        n<> u<178> t<Non_port_module_item> p<181> c<177> s<180> l<15:4> el<18:14>
          n<> u<177> t<Module_or_generate_item> p<178> c<176> l<15:4> el<18:14>
            n<> u<176> t<Module_instantiation> p<177> c<153> l<15:4> el<18:14>
              n<otp_ctrl_ecc_reg> u<153> t<SIMPLE_IDENTIFIER> p<176> s<163> l<15:4> el<15:20>
              n<> u<163> t<Parameter_value_assignment> p<176> c<162> s<175> l<15:21> el<17:5>
                n<> u<162> t<Parameter_assignment_list> p<163> c<161> l<16:7> el<16:31>
                  n<> u<161> t<Named_parameter_assignment> p<162> c<154> l<16:7> el<16:31>
                    n<Depth> u<154> t<SIMPLE_IDENTIFIER> p<161> s<160> l<16:8> el<16:13>
                    n<> u<160> t<Param_expression> p<161> c<159> l<16:15> el<16:30>
                      n<> u<159> t<Mintypmax_expression> p<160> c<158> l<16:15> el<16:30>
                        n<> u<158> t<Expression> p<159> c<157> l<16:15> el<16:30>
                          n<> u<157> t<Primary> p<158> c<156> l<16:15> el<16:30>
                            n<> u<156> t<Primary_literal> p<157> c<155> l<16:15> el<16:30>
                              n<NumScrmblBlocks> u<155> t<SIMPLE_IDENTIFIER> p<156> l<16:15> el<16:30>
              n<> u<175> t<Hierarchical_instance> p<176> c<165> l<17:6> el<18:13>
                n<> u<165> t<Name_of_instance> p<175> c<164> s<174> l<17:6> el<17:24>
                  n<u_otp_ctrl_ecc_reg> u<164> t<SIMPLE_IDENTIFIER> p<165> l<17:6> el<17:24>
                n<> u<174> t<Port_connection_list> p<175> c<173> l<18:7> el<18:12>
                  n<> u<173> t<Named_port_connection> p<174> c<166> l<18:7> el<18:12>
                    n<a> u<166> t<SIMPLE_IDENTIFIER> p<173> s<171> l<18:8> el<18:9>
                    n<> u<171> t<OPEN_PARENS> p<173> s<170> l<18:9> el<18:10>
                    n<> u<170> t<Expression> p<173> c<169> s<172> l<18:10> el<18:11>
                      n<> u<169> t<Primary> p<170> c<168> l<18:10> el<18:11>
                        n<> u<168> t<Primary_literal> p<169> c<167> l<18:10> el<18:11>
                          n<o> u<167> t<SIMPLE_IDENTIFIER> p<168> l<18:10> el<18:11>
                    n<> u<172> t<CLOSE_PARENS> p<173> l<18:11> el<18:12>
        n<> u<180> t<ENDMODULE> p<181> s<179> l<19:1> el<19:10>
        n<top> u<179> t<SIMPLE_IDENTIFIER> p<181> l<19:13> el<19:16>
AST_DEBUG_END
[INF:CP0303] $Source01/dut.sv:1:1: Compile module "work@otp_ctrl_ecc_reg".
[INF:CP0303] $Source01/dut.sv:7:1: Compile module "work@top".
[WRN:PA0205] $Source01/dut.sv:1:1: No timescale set for "work@otp_ctrl_ecc_reg".
[WRN:PA0205] $Source01/dut.sv:7:1: No timescale set for "work@top".
[ERR:EL0535] $Source01/dut.sv:16:8: Illegal implicit net "id:74, name:Depth".
[ERR:EL0535] $Source01/dut.sv:18:8: Illegal implicit net "id:77, name:a".
====== UHDM =======
Design name:unnamed:
  vpiName: unnamed
  vpiSourceFile (1 items):
    SourceFile name:dut.sv file:$Source01/dut.sv:
      vpiParent: Design name:unnamed
      vpiName: dut.sv
      vpiPreprocFile: "$Output/lib/work/dut.sv"
      vpiDefNetType: none (12)
  vpiAllModules (2 items):
    Module name:work@otp_ctrl_ecc_reg file:$Source01/dut.sv start:1:1 end:5:29:
      vpiParent: Design name:unnamed
      vpiName Identifier name:work@otp_ctrl_ecc_reg start:1:8 end:1:24:
        vpiParent: Module name:work@otp_ctrl_ecc_reg
        vpiName: work@otp_ctrl_ecc_reg
      vpiFullName: work@otp_ctrl_ecc_reg
      vpiVariable (1 items):
        Variable name:a start:1:36 end:1:37:
          vpiParent: Module name:work@otp_ctrl_ecc_reg
          vpiTypespec RefTypespec start:1:25 end:1:35:
            vpiParent: Variable name:a
            vpiFullName: work@otp_ctrl_ecc_reg.a
            vpiActual: IntTypespec
          vpiName: a
          vpiFullName: work@otp_ctrl_ecc_reg.a
          vpiNetType: none (12)
      vpiParameter (2 items):
        Parameter name:Depth start:2:19 end:2:24:
          vpiParent: Module name:work@otp_ctrl_ecc_reg
          vpiTypespec RefTypespec start:2:15 end:2:18:
            vpiParent: Parameter name:Depth
            vpiFullName: work@otp_ctrl_ecc_reg.Depth
            vpiActual: IntTypespec
          vpiName: Depth
          vpiFullName: work@otp_ctrl_ecc_reg.Depth
        Parameter name:Aw start:3:19 end:3:21:
          vpiParent: Module name:work@otp_ctrl_ecc_reg
          vpiTypespec RefTypespec start:3:15 end:3:18:
            vpiParent: Parameter name:Aw
            vpiFullName: work@otp_ctrl_ecc_reg.Aw
            vpiActual: IntTypespec
          vpiName: Aw
          vpiFullName: work@otp_ctrl_ecc_reg.Aw
          vpiLocalParam: true
      vpiParamAssign (2 items):
        ParamAssign start:2:19 end:2:30:
          vpiParent: Module name:work@otp_ctrl_ecc_reg
          vpiLhs RefObj name:Depth start:2:19 end:2:24:
            vpiParent: ParamAssign
            vpiName: Depth
            vpiFullName: work@otp_ctrl_ecc_reg.Depth
            vpiActual: Parameter name:Depth
          vpiRhs Constant start:2:27 end:2:30:
            vpiParent: ParamAssign
            vpiTypespec RefTypespec:
              vpiParent: Constant
              vpiFullName: work@otp_ctrl_ecc_reg
              vpiActual: IntTypespec
            vpiConstType: unsigned int (9)
            vpiSize: 64
            vpiDecompile: "999"
            vpiValue: 999
        ParamAssign start:3:19 end:3:37:
          vpiParent: Module name:work@otp_ctrl_ecc_reg
          vpiLhs RefObj name:Aw start:3:19 end:3:21:
            vpiParent: ParamAssign
            vpiName: Aw
            vpiFullName: work@otp_ctrl_ecc_reg.Aw
            vpiActual: Parameter name:Aw
          vpiRhs SysFuncCall name:$clog2 start:3:24 end:3:37:
            vpiParent: ParamAssign
            vpiName Identifier name:$clog2 start:3:24 end:3:30:
              vpiParent: SysFuncCall name:$clog2
              vpiName: "$clog2"
            vpiArgument (1 items):
              RefObj name:Depth start:3:31 end:3:36:
                vpiParent: SysFuncCall name:$clog2
                vpiName: Depth
                vpiFullName: work@otp_ctrl_ecc_reg.Depth
                vpiActual: Parameter name:Depth
      vpiDefName: work@otp_ctrl_ecc_reg
      vpiDefNetType: none (12)
      vpiLibrary RefObj name:work:
        vpiParent: Module name:work@otp_ctrl_ecc_reg
        vpiName: work
        vpiFullName: work@otp_ctrl_ecc_reg.work
      vpiCell: otp_ctrl_ecc_reg
      vpiPort (1 items):
        Port name:a start:1:36 end:1:37:
          vpiParent: Module name:work@otp_ctrl_ecc_reg
          vpiName: a
          vpiDirection: output (2)
          vpiLowConn RefObj start:1:36 end:1:37:
            vpiParent: Port name:a
            vpiFullName: work@otp_ctrl_ecc_reg.a
            vpiActual: Variable name:a
          vpiTypespec RefTypespec start:1:25 end:1:35:
            vpiParent: Port name:a
            vpiFullName: work@otp_ctrl_ecc_reg.a
            vpiActual: IntTypespec
      vpiContAssign (1 items):
        ContAssign start:4:11 end:4:17:
          vpiParent: Module name:work@otp_ctrl_ecc_reg
          vpiLhs RefObj name:a start:4:11 end:4:12:
            vpiParent: ContAssign
            vpiName: a
            vpiFullName: work@otp_ctrl_ecc_reg.a
            vpiActual: Variable name:a
          vpiRhs RefObj name:Aw start:4:15 end:4:17:
            vpiParent: ContAssign
            vpiName: Aw
            vpiFullName: work@otp_ctrl_ecc_reg.Aw
            vpiActual: Parameter name:Aw
      vpiEndLabel Identifier name:otp_ctrl_ecc_reg start:5:13 end:5:29:
        vpiParent: Module name:work@otp_ctrl_ecc_reg
        vpiName: otp_ctrl_ecc_reg
    Module name:work@top file:$Source01/dut.sv start:7:1 end:19:16:
      vpiParent: Design name:unnamed
      vpiName Identifier name:work@top start:7:8 end:7:11:
        vpiParent: Module name:work@top
        vpiName: work@top
      vpiFullName: work@top
      vpiVariable (1 items):
        Variable name:o start:7:23 end:7:24:
          vpiParent: Module name:work@top
          vpiTypespec RefTypespec start:7:12 end:7:22:
            vpiParent: Variable name:o
            vpiFullName: work@top.o
            vpiActual: IntTypespec
          vpiName: o
          vpiFullName: work@top.o
          vpiNetType: none (12)
      vpiParameter (2 items):
        Parameter name:Info start:12:26 end:12:30:
          vpiParent: Module name:work@top
          vpiTypespec RefTypespec name:part_info_t start:12:14 end:12:25:
            vpiParent: Parameter name:Info
            vpiName: part_info_t
            vpiFullName: work@top.Info.part_info_t
            vpiActual: TypedefTypespec name:part_info_t
          vpiName: Info
          vpiFullName: work@top.Info
        Parameter name:NumScrmblBlocks start:13:19 end:13:34:
          vpiParent: Module name:work@top
          vpiTypespec RefTypespec start:13:15 end:13:18:
            vpiParent: Parameter name:NumScrmblBlocks
            vpiFullName: work@top.NumScrmblBlocks
            vpiActual: IntTypespec
          vpiName: NumScrmblBlocks
          vpiFullName: work@top.NumScrmblBlocks
          vpiLocalParam: true
      vpiParamAssign (2 items):
        ParamAssign start:12:26 end:12:49:
          vpiParent: Module name:work@top
          vpiLhs RefObj name:Info start:12:26 end:12:30:
            vpiParent: ParamAssign
            vpiName: Info
            vpiFullName: work@top.Info
            vpiActual: Parameter name:Info
          vpiRhs Operation start:12:33 end:12:49:
            vpiParent: ParamAssign
            vpiTypespec RefTypespec name:part_info_t start:12:33 end:12:44:
              vpiParent: Operation
              vpiName: part_info_t
              vpiFullName: work@top.part_info_t
              vpiActual: TypedefTypespec name:part_info_t
            vpiOpType: cast (81)
            vpiOperand (1 items):
              Constant start:12:46 end:12:48:
                vpiParent: Operation
                vpiTypespec RefTypespec:
                  vpiParent: Constant
                  vpiFullName: work@top
                  vpiActual: IntTypespec
                vpiConstType: unsigned int (9)
                vpiSize: 64
                vpiDecompile: "10"
                vpiValue: 10
        ParamAssign start:13:19 end:13:43:
          vpiParent: Module name:work@top
          vpiLhs RefObj name:NumScrmblBlocks start:13:19 end:13:34:
            vpiParent: ParamAssign
            vpiName: NumScrmblBlocks
            vpiFullName: work@top.NumScrmblBlocks
            vpiActual: Parameter name:NumScrmblBlocks
          vpiRhs HierPath name:Info.x start:13:37 end:13:43:
            vpiParent: ParamAssign
            vpiName: Info.x
            vpiFullName: work@top.Info.x
            vpiPathElem (2 items):
              RefObj name:Info start:13:37 end:13:41:
                vpiParent: HierPath name:Info.x
                vpiName: Info
                vpiFullName: work@top.Info
                vpiActual: Parameter name:Info
              RefObj name:x start:13:42 end:13:43:
                vpiParent: HierPath name:Info.x
                vpiName: x
                vpiFullName: work@top.x
                vpiActual: TypespecMember name:x
      vpiTypespec (3 items):
        StructTypespec start:8:12 end:10:5:
          vpiParent: Module name:work@top
          vpiPacked: true
          vpiTypespecMember (1 items):
            TypespecMember name:x start:9:11 end:9:12:
              vpiParent: StructTypespec
              vpiName: x
              vpiTypespec RefTypespec start:9:7 end:9:10:
                vpiParent: TypespecMember name:x
                vpiFullName: work@top.x
                vpiActual: IntTypespec
        TypedefTypespec name:part_info_t start:8:4 end:10:18:
          vpiParent: Module name:work@top
          vpiName Identifier name:part_info_t start:10:6 end:10:17:
            vpiParent: TypedefTypespec name:part_info_t
            vpiName: part_info_t
          vpiTypedefAlias RefTypespec start:8:12 end:10:5:
            vpiParent: TypedefTypespec name:part_info_t
            vpiFullName: work@top.part_info_t
            vpiActual: StructTypespec
        ModuleTypespec name:work@otp_ctrl_ecc_reg start:15:4 end:15:20:
          vpiParent: Module name:work@top
          vpiName Identifier name:work@otp_ctrl_ecc_reg start:15:4 end:15:20:
            vpiParent: ModuleTypespec name:work@otp_ctrl_ecc_reg
            vpiName: work@otp_ctrl_ecc_reg
      vpiDefName: work@top
      vpiDefNetType: none (12)
      vpiLibrary RefObj name:work:
        vpiParent: Module name:work@top
        vpiName: work
        vpiFullName: work@top.work
      vpiCell: top
      vpiPort (1 items):
        Port name:o start:7:23 end:7:24:
          vpiParent: Module name:work@top
          vpiName: o
          vpiDirection: output (2)
          vpiLowConn RefObj start:7:23 end:7:24:
            vpiParent: Port name:o
            vpiFullName: work@top.o
            vpiActual: Variable name:o
          vpiTypespec RefTypespec start:7:12 end:7:22:
            vpiParent: Port name:o
            vpiFullName: work@top.o
            vpiActual: IntTypespec
      vpiRefInstance (1 items):
        RefInstance name:u_otp_ctrl_ecc_reg start:17:6 end:17:24:
          vpiParent: Module name:work@top
          vpiName: u_otp_ctrl_ecc_reg
          vpiTypespec RefTypespec name:work@otp_ctrl_ecc_reg start:15:4 end:15:20:
            vpiParent: RefInstance name:u_otp_ctrl_ecc_reg
            vpiName: work@otp_ctrl_ecc_reg
            vpiFullName: work@top.u_otp_ctrl_ecc_reg.work@otp_ctrl_ecc_reg
            vpiActual: ModuleTypespec name:work@otp_ctrl_ecc_reg
          vpiParamAssign (1 items):
            ParamAssign start:16:7 end:16:31:
              vpiParent: RefInstance name:u_otp_ctrl_ecc_reg
              vpiConnByName: true
              vpiLhs RefObj name:Depth start:16:8 end:16:13:
                vpiParent: ParamAssign
                vpiName: Depth
                vpiFullName: work@top.u_otp_ctrl_ecc_reg.Depth
              vpiRhs RefObj name:NumScrmblBlocks start:16:15 end:16:30:
                vpiParent: ParamAssign
                vpiName: NumScrmblBlocks
                vpiFullName: work@top.u_otp_ctrl_ecc_reg.NumScrmblBlocks
                vpiActual: Parameter name:NumScrmblBlocks
          vpiPort (1 items):
            Port start:18:7 end:18:12:
              vpiParent: RefInstance name:u_otp_ctrl_ecc_reg
              vpiLowConn RefObj name:a start:18:8 end:18:9:
                vpiParent: Port
                vpiName: a
                vpiFullName: work@top.u_otp_ctrl_ecc_reg.a
              vpiHighConn RefObj name:o start:18:10 end:18:11:
                vpiParent: Port
                vpiName: o
                vpiFullName: work@top.u_otp_ctrl_ecc_reg.o
                vpiActual: Variable name:o
      vpiEndLabel Identifier name:top start:19:13 end:19:16:
        vpiParent: Module name:work@top
        vpiName: top
  vpiTypespec (3 items):
    ModuleTypespec name:work@otp_ctrl_ecc_reg:
      vpiParent: Design name:unnamed
      vpiName Identifier name:work@otp_ctrl_ecc_reg start:1:8 end:1:24:
        vpiParent: ModuleTypespec name:work@otp_ctrl_ecc_reg
        vpiName: work@otp_ctrl_ecc_reg
      vpiModule: Module name:work@otp_ctrl_ecc_reg
    IntTypespec:
      vpiParent: Design name:unnamed
      vpiSigned: true
    ModuleTypespec name:work@top:
      vpiParent: Design name:unnamed
      vpiName Identifier name:work@top start:7:8 end:7:11:
        vpiParent: ModuleTypespec name:work@top
        vpiName: work@top
      vpiModule: Module name:work@top
===================
[  FATAL] : 0
[ SYNTAX] : 0
[  ERROR] : 2
[WARNING] : 2
[   NOTE] : 0
********************************************
*   End SURELOG SVerilog Compiler/Linter   *
********************************************

#**#**#**#**#**#**#**#**#**#**#**#**#**#**#**#**#**#**#**#**#**#**#**#**#**#**#**#**#**#**#**#**#**#**#**#**#**#**#**#**

Environment:
      test-name: ClogParam/ClogParam
   test-dirpath: ${SURELOG_DIR}/regression/ClogParam/ClogParam
  uhdm-filepath: ${SURELOG_DIR}/regression/ClogParam/ClogParam/surelog.uhdm
mounts-filepath: ${SURELOG_DIR}/regression/ClogParam/ClogParam/mounts.json


{'result': {'coverage': 100.0,
            'error_count': 0,
            'file_count': 1,
            'files': {'$Output/lib/work/dut.sv': {'post_len': 0,
                                                  'pre_len': 382}},
            'post_len': 0,
            'pre_len': 382,
            'test_name': 'ClogParam/ClogParam'}}

+-------------------------+----------+-----------+
| INPUT                   |   PRELEN |   POSTLEN |
+=========================+==========+===========+
| $Output/lib/work/dut.sv |      382 |         0 |
+=========================+==========+===========+
|                         |      382 |         0 |
+-------------------------+----------+-----------+

[   ERROR] : 0
[COVERAGE] : 100.0


#**#**#**#**#**#**#**#**#**#**#**#**#**#**#**#**#**#**#**#**#**#**#**#**#**#**#**#**#**#**#**#**#**#**#**#**#**#**#**#**

COMMAND: ${SURELOG_DIR}/regression/ClogParam/ClogParam/surelog.uhdm ${SURELOG_DIR}/regression/ClogParam/ClogParam/reduced.uhdm

==================== BEGIN REDUCTION RESULT ====================
Name                            Before   After   Added   Removed
----------------------------------------------------------------
Constant                             2       3       1         0
Identifier                           9       8       0         1
RefObj                              17      16       0         1
SysFuncCall                          1       0       0         1
----------------------------------------------------------------
Others                              43      43       0         0
----------------------------------------------------------------
                                    72      70       1         3
===================== END REDUCTION RESULT =====================
