********************************************************************************
*                   Begin HLC SystemVerilog Compiler/Linter                    *
********************************************************************************
Copyright (c) 2020 Apotell,
http://www.apache.org/licenses/LICENSE-2.0
VERSION: 1.84
COMMAND: -wd ../../../../../tests/Google/chapter-7/queues -timescale=1ns/1ns -d ast -d db push_back.sv -wd ${HLC_DIR}/third_party/UVM -I1800.2-2017-1.0/src -mt 0 -d dbstats -d cache -writepp -d db -nostdout -o ${HLC_DIR}/regression/Google/chapter-7/queues/push_back
[INF:CM5022] Creating log file "$Output/hlc.log".
[INF:PP5223] Preprocessing source file "$Source01/push_back.sv".
[INF:PP5223] Preprocessing source file "$Scratch/0_builtin.sv".
[INF:PA5502] Parsing source file "$Source01/push_back.sv".
[INF:PA5502] Parsing source file "$Scratch/0_builtin.sv".
AST_DEBUG_BEGIN
Count: 139
LIB: work
FILE<0>:$Source01/push_back.sv
n<$Source01/push_back.sv> u<138> t<Top_level_rule> c<1> l<16:1> el<29:1>
  n<> u<1> t<Null_rule> p<138> s<2> l<16:1> el<16:1>
  n<// Copyright (C) 2019-2021  The SymbiFlow Authors.> u<2> t<LINE_COMMENT> p<138> s<3> l<1:1> el<1:51>
  n<//> u<3> t<LINE_COMMENT> p<138> s<4> l<2:1> el<2:3>
  n<// Use of this source code is governed by a ISC-style> u<4> t<LINE_COMMENT> p<138> s<5> l<3:1> el<3:54>
  n<// license that can be found in the LICENSE file or at> u<5> t<LINE_COMMENT> p<138> s<6> l<4:1> el<4:55>
  n<// https://opensource.org/licenses/ISC> u<6> t<LINE_COMMENT> p<138> s<7> l<5:1> el<5:39>
  n<//> u<7> t<LINE_COMMENT> p<138> s<8> l<6:1> el<6:3>
  n<// SPDX-License-Identifier: ISC> u<8> t<LINE_COMMENT> p<138> s<9> l<7:1> el<7:32>
  n</*\n:name: push_back\n:description: Test queues push_back function support\n:tags: 7.10.2.7 7.10.2\n:type: simulation parsing\n*/> u<9> t<BLOCK_COMMENT> p<138> s<137> l<16:1> el<28:10>
  n<> u<137> t<Source_text> p<138> c<136> l<16:1> el<28:10>
    n<> u<136> t<Description> p<137> c<135> l<16:1> el<28:10>
      n<> u<135> t<Module_declaration> p<136> c<14> l<16:1> el<28:10>
        n<> u<14> t<Module_nonansi_header> p<135> c<10> s<30> l<16:1> el<16:15>
          n<module> u<10> t<MODULE> p<14> s<11> l<16:1> el<16:7>
          n<top> u<11> t<SIMPLE_IDENTIFIER> p<14> s<12> l<16:8> el<16:11>
          n<> u<12> t<Package_import_declaration_list> p<14> s<13> l<16:12> el<16:12>
          n<> u<13> t<Port_list> p<14> l<16:12> el<16:14>
        n<> u<30> t<Module_item> p<135> c<29> s<133> l<18:1> el<18:10>
          n<> u<29> t<Non_port_module_item> p<30> c<28> l<18:1> el<18:10>
            n<> u<28> t<Module_or_generate_item> p<29> c<27> l<18:1> el<18:10>
              n<> u<27> t<Module_common_item> p<28> c<26> l<18:1> el<18:10>
                n<> u<26> t<Module_or_generate_item_declaration> p<27> c<25> l<18:1> el<18:10>
                  n<> u<25> t<Package_or_generate_item_declaration> p<26> c<24> l<18:1> el<18:10>
                    n<> u<24> t<Data_declaration> p<25> c<23> l<18:1> el<18:10>
                      n<> u<23> t<Variable_declaration> p<24> c<16> l<18:1> el<18:10>
                        n<> u<16> t<Data_type> p<23> c<15> s<22> l<18:1> el<18:4>
                          n<> u<15> t<INT> p<16> l<18:1> el<18:4>
                        n<> u<22> t<Variable_decl_assignment_list> p<23> c<21> l<18:5> el<18:9>
                          n<> u<21> t<Variable_decl_assignment> p<22> c<17> l<18:5> el<18:9>
                            n<q> u<17> t<SIMPLE_IDENTIFIER> p<21> s<20> l<18:5> el<18:6>
                            n<> u<20> t<Variable_dimension> p<21> c<19> l<18:6> el<18:9>
                              n<> u<19> t<Queue_dimension> p<20> c<18> l<18:6> el<18:9>
                                n<> u<18> t<DOLLAR> p<19> l<18:7> el<18:8>
        n<> u<133> t<Module_item> p<135> c<132> s<134> l<20:1> el<26:4>
          n<> u<132> t<Non_port_module_item> p<133> c<131> l<20:1> el<26:4>
            n<> u<131> t<Module_or_generate_item> p<132> c<130> l<20:1> el<26:4>
              n<> u<130> t<Module_common_item> p<131> c<129> l<20:1> el<26:4>
                n<> u<129> t<Initial_construct> p<130> c<128> l<20:1> el<26:4>
                  n<> u<128> t<Statement_or_null> p<129> c<127> l<20:9> el<26:4>
                    n<> u<127> t<Statement> p<128> c<126> l<20:9> el<26:4>
                      n<> u<126> t<Statement_item> p<127> c<125> l<20:9> el<26:4>
                        n<> u<125> t<Seq_block> p<126> c<45> l<20:9> el<26:4>
                          n<> u<45> t<Statement_or_null> p<125> c<44> s<60> l<21:2> el<21:17>
                            n<> u<44> t<Statement> p<45> c<43> l<21:2> el<21:17>
                              n<> u<43> t<Statement_item> p<44> c<42> l<21:2> el<21:17>
                                n<> u<42> t<Subroutine_call_statement> p<43> c<41> l<21:2> el<21:17>
                                  n<> u<41> t<Subroutine_call> p<42> c<31> l<21:2> el<21:16>
                                    n<q> u<31> t<SIMPLE_IDENTIFIER> p<41> s<32> l<21:2> el<21:3>
                                    n<> u<32> t<Constant_bit_select> p<41> s<33> l<21:3> el<21:3>
                                    n<push_back> u<33> t<SIMPLE_IDENTIFIER> p<41> s<39> l<21:4> el<21:13>
                                    n<> u<39> t<OPEN_PARENS> p<41> s<38> l<21:13> el<21:14>
                                    n<> u<38> t<Argument_list> p<41> c<37> s<40> l<21:14> el<21:15>
                                      n<> u<37> t<Expression> p<38> c<36> l<21:14> el<21:15>
                                        n<> u<36> t<Primary> p<37> c<35> l<21:14> el<21:15>
                                          n<> u<35> t<Primary_literal> p<36> c<34> l<21:14> el<21:15>
                                            n<4> u<34> t<INTEGRAL_NUMBER> p<35> l<21:14> el<21:15>
                                    n<> u<40> t<CLOSE_PARENS> p<41> l<21:15> el<21:16>
                          n<> u<60> t<Statement_or_null> p<125> c<59> s<75> l<22:2> el<22:17>
                            n<> u<59> t<Statement> p<60> c<58> l<22:2> el<22:17>
                              n<> u<58> t<Statement_item> p<59> c<57> l<22:2> el<22:17>
                                n<> u<57> t<Subroutine_call_statement> p<58> c<56> l<22:2> el<22:17>
                                  n<> u<56> t<Subroutine_call> p<57> c<46> l<22:2> el<22:16>
                                    n<q> u<46> t<SIMPLE_IDENTIFIER> p<56> s<47> l<22:2> el<22:3>
                                    n<> u<47> t<Constant_bit_select> p<56> s<48> l<22:3> el<22:3>
                                    n<push_back> u<48> t<SIMPLE_IDENTIFIER> p<56> s<54> l<22:4> el<22:13>
                                    n<> u<54> t<OPEN_PARENS> p<56> s<53> l<22:13> el<22:14>
                                    n<> u<53> t<Argument_list> p<56> c<52> s<55> l<22:14> el<22:15>
                                      n<> u<52> t<Expression> p<53> c<51> l<22:14> el<22:15>
                                        n<> u<51> t<Primary> p<52> c<50> l<22:14> el<22:15>
                                          n<> u<50> t<Primary_literal> p<51> c<49> l<22:14> el<22:15>
                                            n<3> u<49> t<INTEGRAL_NUMBER> p<50> l<22:14> el<22:15>
                                    n<> u<55> t<CLOSE_PARENS> p<56> l<22:15> el<22:16>
                          n<> u<75> t<Statement_or_null> p<125> c<74> s<98> l<23:2> el<23:17>
                            n<> u<74> t<Statement> p<75> c<73> l<23:2> el<23:17>
                              n<> u<73> t<Statement_item> p<74> c<72> l<23:2> el<23:17>
                                n<> u<72> t<Subroutine_call_statement> p<73> c<71> l<23:2> el<23:17>
                                  n<> u<71> t<Subroutine_call> p<72> c<61> l<23:2> el<23:16>
                                    n<q> u<61> t<SIMPLE_IDENTIFIER> p<71> s<62> l<23:2> el<23:3>
                                    n<> u<62> t<Constant_bit_select> p<71> s<63> l<23:3> el<23:3>
                                    n<push_back> u<63> t<SIMPLE_IDENTIFIER> p<71> s<69> l<23:4> el<23:13>
                                    n<> u<69> t<OPEN_PARENS> p<71> s<68> l<23:13> el<23:14>
                                    n<> u<68> t<Argument_list> p<71> c<67> s<70> l<23:14> el<23:15>
                                      n<> u<67> t<Expression> p<68> c<66> l<23:14> el<23:15>
                                        n<> u<66> t<Primary> p<67> c<65> l<23:14> el<23:15>
                                          n<> u<65> t<Primary_literal> p<66> c<64> l<23:14> el<23:15>
                                            n<2> u<64> t<INTEGRAL_NUMBER> p<65> l<23:14> el<23:15>
                                    n<> u<70> t<CLOSE_PARENS> p<71> l<23:15> el<23:16>
                          n<> u<98> t<Statement_or_null> p<125> c<97> s<123> l<24:2> el<24:41>
                            n<> u<97> t<Statement> p<98> c<96> l<24:2> el<24:41>
                              n<> u<96> t<Statement_item> p<97> c<95> l<24:2> el<24:41>
                                n<> u<95> t<Subroutine_call_statement> p<96> c<94> l<24:2> el<24:41>
                                  n<> u<94> t<Subroutine_call> p<95> c<76> l<24:2> el<24:40>
                                    n<$> u<76> t<DOLLAR> p<94> s<77> l<24:2> el<24:3>
                                    n<display> u<77> t<SIMPLE_IDENTIFIER> p<94> s<92> l<24:3> el<24:10>
                                    n<> u<92> t<OPEN_PARENS> p<94> s<91> l<24:10> el<24:11>
                                    n<> u<91> t<Argument_list> p<94> c<81> s<93> l<24:11> el<24:39>
                                      n<> u<81> t<Expression> p<91> c<80> s<90> l<24:11> el<24:31>
                                        n<> u<80> t<Primary> p<81> c<79> l<24:11> el<24:31>
                                          n<> u<79> t<Primary_literal> p<80> c<78> l<24:11> el<24:31>
                                            n<":assert: (%d == 3)"> u<78> t<QUOTED_STRING> p<79> l<24:11> el<24:31>
                                      n<> u<90> t<Argument> p<91> c<89> l<24:33> el<24:39>
                                        n<> u<89> t<Expression> p<90> c<88> l<24:33> el<24:39>
                                          n<> u<88> t<Primary> p<89> c<87> l<24:33> el<24:39>
                                            n<> u<87> t<Subroutine_call> p<88> c<82> l<24:33> el<24:39>
                                              n<q> u<82> t<SIMPLE_IDENTIFIER> p<87> s<83> l<24:33> el<24:34>
                                              n<> u<83> t<Constant_bit_select> p<87> s<84> l<24:34> el<24:34>
                                              n<size> u<84> t<SIMPLE_IDENTIFIER> p<87> s<86> l<24:35> el<24:39>
                                              n<> u<86> t<Select> p<87> c<85> l<24:39> el<24:39>
                                                n<> u<85> t<Bit_select> p<86> l<24:39> el<24:39>
                                    n<> u<93> t<CLOSE_PARENS> p<94> l<24:39> el<24:40>
                          n<> u<123> t<Statement_or_null> p<125> c<122> s<124> l<25:2> el<25:39>
                            n<> u<122> t<Statement> p<123> c<121> l<25:2> el<25:39>
                              n<> u<121> t<Statement_item> p<122> c<120> l<25:2> el<25:39>
                                n<> u<120> t<Subroutine_call_statement> p<121> c<119> l<25:2> el<25:39>
                                  n<> u<119> t<Subroutine_call> p<120> c<99> l<25:2> el<25:38>
                                    n<$> u<99> t<DOLLAR> p<119> s<100> l<25:2> el<25:3>
                                    n<display> u<100> t<SIMPLE_IDENTIFIER> p<119> s<117> l<25:3> el<25:10>
                                    n<> u<117> t<OPEN_PARENS> p<119> s<116> l<25:10> el<25:11>
                                    n<> u<116> t<Argument_list> p<119> c<104> s<118> l<25:11> el<25:37>
                                      n<> u<104> t<Expression> p<116> c<103> s<115> l<25:11> el<25:31>
                                        n<> u<103> t<Primary> p<104> c<102> l<25:11> el<25:31>
                                          n<> u<102> t<Primary_literal> p<103> c<101> l<25:11> el<25:31>
                                            n<":assert: (%d == 4)"> u<101> t<QUOTED_STRING> p<102> l<25:11> el<25:31>
                                      n<> u<115> t<Argument> p<116> c<114> l<25:33> el<25:37>
                                        n<> u<114> t<Expression> p<115> c<113> l<25:33> el<25:37>
                                          n<> u<113> t<Primary> p<114> c<112> l<25:33> el<25:37>
                                            n<> u<112> t<Subroutine_call> p<113> c<105> l<25:33> el<25:37>
                                              n<q> u<105> t<SIMPLE_IDENTIFIER> p<112> s<111> l<25:33> el<25:34>
                                              n<> u<111> t<Select> p<112> c<110> l<25:34> el<25:37>
                                                n<> u<110> t<Bit_select> p<111> c<109> l<25:34> el<25:37>
                                                  n<> u<109> t<Expression> p<110> c<108> l<25:35> el<25:36>
                                                    n<> u<108> t<Primary> p<109> c<107> l<25:35> el<25:36>
                                                      n<> u<107> t<Primary_literal> p<108> c<106> l<25:35> el<25:36>
                                                        n<0> u<106> t<INTEGRAL_NUMBER> p<107> l<25:35> el<25:36>
                                    n<> u<118> t<CLOSE_PARENS> p<119> l<25:37> el<25:38>
                          n<> u<124> t<END> p<125> l<26:1> el<26:4>
        n<> u<134> t<ENDMODULE> p<135> l<28:1> el<28:10>
AST_DEBUG_END
[INF:CP5804] $Source01/push_back.sv:16:1: Compile module "top".
[INF:CM5028] Using global timescale: "1ns/1ns".
====== HLDB =======
Design name:unnamed:
  vpiName: unnamed
  vpiSourceFile (1 items):
    SourceFile name:push_back.sv file:$Source01/push_back.sv:
      vpiParent: Design name:unnamed
      vpiName: push_back.sv
      vpiPreprocFile: "$Output/lib/work/push_back.sv"
  vpiAllModules (1 items):
    Module name:top file:$Source01/push_back.sv start:16:1 end:28:10:
      vpiParent: Design name:unnamed
      vpiName Identifier name:top start:16:8 end:16:11:
      vpiFullName: top
      vpiVariable (1 items):
        Variable name:q start:18:5 end:18:6:
          vpiParent: Module name:top
          vpiTypespec RefTypespec name:int [$] start:18:1 end:18:4:
            vpiParent: Variable name:q
            vpiName: int [$]
            vpiFullName: top.q.int [$]
            vpiActual: ArrayTypespec
          vpiName: q
          vpiFullName: top.q
      vpiTypespec (1 items):
        ArrayTypespec:
          vpiParent: Module name:top
          vpiArrayType: queue (4)
          vpiRange Range start:18:6 end:18:9:
            vpiParent: ArrayTypespec
            vpiLeftRange Constant start:18:7 end:18:8:
              vpiParent: Range
              vpiTypespec RefTypespec:
                vpiParent: Constant
                vpiFullName: top
                vpiActual: StringTypespec
              vpiConstType: unbounded (11)
              vpiDecompile: "$"
              vpiValue: "$"
          vpiElemTypespec RefTypespec start:18:1 end:18:4:
            vpiParent: ArrayTypespec
            vpiFullName: top
            vpiActual: IntTypespec
      vpiDefName: top
      vpiDefNetType: wire (1)
      vpiLibrary RefObj name:work start:16:8 end:16:11:
        vpiParent: Module name:top
        vpiName: work
        vpiFullName: top.work
        vpiActual: Library name:work
      vpiCell: top
      vpiProcess (1 items):
        Initial start:20:1 end:26:4:
          vpiParent: Module name:top
          vpiStmt Begin start:20:9 end:26:4:
            vpiParent: Initial
            vpiFullName: top
            vpiStmt (5 items):
              RefObj name:q.push_back(4) start:21:2 end:21:16:
                vpiParent: Begin
                vpiName: q.push_back(4)
                vpiFullName: top.q.push_back(4)
                vpiPathElem (2 items):
                  RefObj name:q start:21:2 end:21:3:
                    vpiParent: RefObj name:q.push_back(4)
                    vpiName: q
                    vpiFullName: top.q
                    vpiActual: Variable name:q
                  MethodFuncCall name:push_back start:21:4 end:21:16:
                    vpiParent: RefObj name:q.push_back(4)
                    vpiName Identifier name:push_back start:21:4 end:21:13:
                    vpiTaskFunc: Function name:push_back
                    vpiArgument (1 items):
                      NamedArgument start:21:14 end:21:15:
                        vpiParent: MethodFuncCall name:push_back
                        vpiHighConn Constant start:21:14 end:21:15:
                          vpiParent: NamedArgument
                          vpiTypespec RefTypespec:
                            vpiParent: Constant
                            vpiFullName: top.q.push_back(4)
                            vpiActual: IntTypespec
                          vpiConstType: unsigned int (9)
                          vpiSize: 64
                          vpiDecompile: "4"
                          vpiValue: 4
                vpiActual: MethodFuncCall name:push_back
              RefObj name:q.push_back(3) start:22:2 end:22:16:
                vpiParent: Begin
                vpiName: q.push_back(3)
                vpiFullName: top.q.push_back(3)
                vpiPathElem (2 items):
                  RefObj name:q start:22:2 end:22:3:
                    vpiParent: RefObj name:q.push_back(3)
                    vpiName: q
                    vpiFullName: top.q
                    vpiActual: Variable name:q
                  MethodFuncCall name:push_back start:22:4 end:22:16:
                    vpiParent: RefObj name:q.push_back(3)
                    vpiName Identifier name:push_back start:22:4 end:22:13:
                    vpiTaskFunc: Function name:push_back
                    vpiArgument (1 items):
                      NamedArgument start:22:14 end:22:15:
                        vpiParent: MethodFuncCall name:push_back
                        vpiHighConn Constant start:22:14 end:22:15:
                          vpiParent: NamedArgument
                          vpiTypespec RefTypespec:
                            vpiParent: Constant
                            vpiFullName: top.q.push_back(3)
                            vpiActual: IntTypespec
                          vpiConstType: unsigned int (9)
                          vpiSize: 64
                          vpiDecompile: "3"
                          vpiValue: 3
                vpiActual: MethodFuncCall name:push_back
              RefObj name:q.push_back(2) start:23:2 end:23:16:
                vpiParent: Begin
                vpiName: q.push_back(2)
                vpiFullName: top.q.push_back(2)
                vpiPathElem (2 items):
                  RefObj name:q start:23:2 end:23:3:
                    vpiParent: RefObj name:q.push_back(2)
                    vpiName: q
                    vpiFullName: top.q
                    vpiActual: Variable name:q
                  MethodFuncCall name:push_back start:23:4 end:23:16:
                    vpiParent: RefObj name:q.push_back(2)
                    vpiName Identifier name:push_back start:23:4 end:23:13:
                    vpiTaskFunc: Function name:push_back
                    vpiArgument (1 items):
                      NamedArgument start:23:14 end:23:15:
                        vpiParent: MethodFuncCall name:push_back
                        vpiHighConn Constant start:23:14 end:23:15:
                          vpiParent: NamedArgument
                          vpiTypespec RefTypespec:
                            vpiParent: Constant
                            vpiFullName: top.q.push_back(2)
                            vpiActual: IntTypespec
                          vpiConstType: unsigned int (9)
                          vpiSize: 64
                          vpiDecompile: "2"
                          vpiValue: 2
                vpiActual: MethodFuncCall name:push_back
              SysTaskCall name:$display start:24:2 end:24:40:
                vpiParent: Begin
                vpiName Identifier name:$display start:24:2 end:24:10:
                vpiTaskFunc: Task name:$display
                vpiArgument (2 items):
                  NamedArgument start:24:11 end:24:31:
                    vpiParent: SysTaskCall name:$display
                    vpiHighConn Constant start:24:11 end:24:31:
                      vpiParent: NamedArgument
                      vpiTypespec RefTypespec:
                        vpiParent: Constant
                        vpiFullName: top
                        vpiActual: StringTypespec
                      vpiConstType: string (6)
                      vpiSize: 144
                      vpiDecompile: "\":assert: (%d == 3)\""
                      vpiValue: ":assert: (%d == 3)"
                  NamedArgument start:24:33 end:24:39:
                    vpiParent: SysTaskCall name:$display
                    vpiHighConn RefObj name:q.size start:24:33 end:24:39:
                      vpiParent: NamedArgument
                      vpiName: q.size
                      vpiFullName: top.q.size
                      vpiPathElem (2 items):
                        RefObj name:q start:24:33 end:24:34:
                          vpiParent: RefObj name:q.size
                          vpiName: q
                          vpiFullName: top.q
                          vpiActual: Variable name:q
                        MethodFuncCall name:size start:24:35 end:24:39:
                          vpiParent: RefObj name:q.size
                          vpiName Identifier name:size start:24:35 end:24:39:
                          vpiIsProperty: true
                          vpiTaskFunc: Function name:size
                      vpiActual: MethodFuncCall name:size
              SysTaskCall name:$display start:25:2 end:25:38:
                vpiParent: Begin
                vpiName Identifier name:$display start:25:2 end:25:10:
                vpiTaskFunc: Task name:$display
                vpiArgument (2 items):
                  NamedArgument start:25:11 end:25:31:
                    vpiParent: SysTaskCall name:$display
                    vpiHighConn Constant start:25:11 end:25:31:
                      vpiParent: NamedArgument
                      vpiTypespec RefTypespec:
                        vpiParent: Constant
                        vpiFullName: top
                        vpiActual: StringTypespec
                      vpiConstType: string (6)
                      vpiSize: 144
                      vpiDecompile: "\":assert: (%d == 4)\""
                      vpiValue: ":assert: (%d == 4)"
                  NamedArgument start:25:33 end:25:37:
                    vpiParent: SysTaskCall name:$display
                    vpiHighConn BitSelect name:q[0] start:25:33 end:25:37:
                      vpiParent: NamedArgument
                      vpiName: q[0]
                      vpiFullName: top.q[0]
                      vpiPrefix RefObj name:q start:25:33 end:25:34:
                        vpiParent: BitSelect name:q[0]
                        vpiName: q
                        vpiFullName: top.q
                        vpiActual: Variable name:q
                      vpiIndex Constant start:25:35 end:25:36:
                        vpiParent: BitSelect name:q[0]
                        vpiTypespec RefTypespec:
                          vpiParent: Constant
                          vpiFullName: top.q[0]
                          vpiActual: IntTypespec
                        vpiConstType: unsigned int (9)
                        vpiSize: 64
                        vpiDecompile: "0"
                        vpiValue: 0
  vpiTypespec (8 items):
    ModuleTypespec name:top:
      vpiParent: Design name:unnamed
      vpiName Identifier name:top start:16:8 end:16:11:
      vpiDefName: top
      vpiModule: Module name:top
    IntTypespec:
      vpiParent: Design name:unnamed
      vpiSigned: true
    StringTypespec:
      vpiParent: Design name:unnamed
    VoidTypespec:
      vpiParent: Design name:unnamed
    IntTypespec:
      vpiParent: Design name:unnamed
    RealTypespec:
      vpiParent: Design name:unnamed
    ShortRealTypespec:
      vpiParent: Design name:unnamed
    TimeTypespec:
      vpiParent: Design name:unnamed
  vpiLibrary (1 items):
    Library name:work:
      vpiParent: Design name:unnamed
      vpiName: work
===================
[  FATAL] : 0
[ SYNTAX] : 0
[  ERROR] : 0
[WARNING] : 0
[   NOTE] : 0
********************************************************************************
*                    End HLC SystemVerilog Compiler/Linter                     *
********************************************************************************

#**#**#**#**#**#**#**#**#**#**#**#**#**#**#**#**#**#**#**#**#**#**#**#**#**#**#**#**#**#**#**#**#**#**#**#**#**#**#**#**

Environment:
      test-name: Google/chapter-7/queues/push_back
   test-dirpath: ${HLC_DIR}/regression/Google/chapter-7/queues/push_back
  hldb-filepath: ${HLC_DIR}/regression/Google/chapter-7/queues/push_back/design.hldb
mounts-filepath: ${HLC_DIR}/regression/Google/chapter-7/queues/push_back/mounts.json


{'result': {'coverage': 100.0,
            'error_count': 0,
            'file_count': 1,
            'files': {'$Output/lib/work/push_back.sv': {'post_len': 0,
                                                        'pre_len': 169}},
            'post_len': 0,
            'pre_len': 169,
            'test_name': 'Google/chapter-7/queues/push_back'}}

+-------------------------------+----------+-----------+
| INPUT                         |   PRELEN |   POSTLEN |
+===============================+==========+===========+
| $Output/lib/work/push_back.sv |      169 |         0 |
+===============================+==========+===========+
|                               |      169 |         0 |
+-------------------------------+----------+-----------+

[   ERROR] : 0
[COVERAGE] : 100.0


#**#**#**#**#**#**#**#**#**#**#**#**#**#**#**#**#**#**#**#**#**#**#**#**#**#**#**#**#**#**#**#**#**#**#**#**#**#**#**#**

COMMAND: ${HLC_DIR}/regression/Google/chapter-7/queues/push_back/design.hldb ${HLC_DIR}/regression/Google/chapter-7/queues/push_back/reduced.hldb

==================== BEGIN REDUCTION RESULT ====================
Name                            Before   After   Added   Removed
----------------------------------------------------------------
----------------------------------------------------------------
Others                            1425    1425       0         0
----------------------------------------------------------------
                                  1425    1425       0         0
===================== END REDUCTION RESULT =====================
