********************************************************************************
*                   Begin HLC SystemVerilog Compiler/Linter                    *
********************************************************************************
Copyright (c) 2020 Apotell,
http://www.apache.org/licenses/LICENSE-2.0
VERSION: 1.84
COMMAND: -wd ../../../tests/CastStructMember -d db -d ast dut.sv -nobuiltin -mt 0 -d dbstats -d cache -writepp -d db -nostdout -o ${HLC_DIR}/regression/CastStructMember/CastStructMember
[INF:CM5022] Creating log file "$Output/hlc.log".
[INF:PP5223] Preprocessing source file "$Source01/dut.sv".
[INF:PA5502] Parsing source file "$Source01/dut.sv".
AST_DEBUG_BEGIN
Count: 123
LIB: work
FILE<0>:$Source01/dut.sv
n<$Source01/dut.sv> u<122> t<Top_level_rule> c<1> l<2:1> el<13:1>
  n<> u<1> t<Null_rule> p<122> s<121> l<2:1> el<2:1>
  n<> u<121> t<Source_text> p<122> c<17> l<2:1> el<10:10>
    n<> u<17> t<Description> p<121> c<16> s<120> l<2:1> el<4:11>
      n<> u<16> t<Package_item> p<17> c<15> l<2:1> el<4:11>
        n<> u<15> t<Package_or_generate_item_declaration> p<16> c<14> l<2:1> el<4:11>
          n<> u<14> t<Data_declaration> p<15> c<13> l<2:1> el<4:11>
            n<> u<13> t<Type_declaration> p<14> c<11> l<2:1> el<4:11>
              n<> u<11> t<Data_type> p<13> c<3> s<12> l<2:9> el<4:2>
                n<> u<3> t<Struct_union> p<11> c<2> s<10> l<2:9> el<2:15>
                  n<> u<2> t<STRUCT> p<3> l<2:9> el<2:15>
                n<> u<10> t<Struct_union_member> p<11> c<6> l<3:3> el<3:13>
                  n<> u<6> t<Data_type_or_void> p<10> c<5> s<9> l<3:3> el<3:6>
                    n<> u<5> t<Data_type> p<6> c<4> l<3:3> el<3:6>
                      n<> u<4> t<INT> p<5> l<3:3> el<3:6>
                  n<> u<9> t<Variable_decl_assignment_list> p<10> c<8> l<3:7> el<3:12>
                    n<> u<8> t<Variable_decl_assignment> p<9> c<7> l<3:7> el<3:12>
                      n<WIDTH> u<7> t<SIMPLE_IDENTIFIER> p<8> l<3:7> el<3:12>
              n<width_t> u<12> t<SIMPLE_IDENTIFIER> p<13> l<4:3> el<4:10>
    n<> u<120> t<Description> p<121> c<119> l<6:1> el<10:10>
      n<> u<119> t<Module_declaration> p<120> c<22> l<6:1> el<10:10>
        n<> u<22> t<Module_nonansi_header> p<119> c<18> s<50> l<6:1> el<6:15>
          n<module> u<18> t<MODULE> p<22> s<19> l<6:1> el<6:7>
          n<Foo> u<19> t<SIMPLE_IDENTIFIER> p<22> s<20> l<6:8> el<6:11>
          n<> u<20> t<Package_import_declaration_list> p<22> s<21> l<6:12> el<6:12>
          n<> u<21> t<Port_list> p<22> l<6:12> el<6:14>
        n<> u<50> t<Module_item> p<119> c<49> s<84> l<7:3> el<7:39>
          n<> u<49> t<Non_port_module_item> p<50> c<48> l<7:3> el<7:39>
            n<> u<48> t<Module_or_generate_item> p<49> c<47> l<7:3> el<7:39>
              n<> u<47> t<Module_common_item> p<48> c<46> l<7:3> el<7:39>
                n<> u<46> t<Module_or_generate_item_declaration> p<47> c<45> l<7:3> el<7:39>
                  n<> u<45> t<Package_or_generate_item_declaration> p<46> c<44> l<7:3> el<7:39>
                    n<> u<44> t<Local_parameter_declaration> p<45> c<26> l<7:3> el<7:38>
                      n<> u<26> t<Data_type_or_implicit> p<44> c<25> s<43> l<7:14> el<7:21>
                        n<> u<25> t<Data_type> p<26> c<24> l<7:14> el<7:21>
                          n<> u<24> t<Class_type> p<25> c<23> l<7:14> el<7:21>
                            n<width_t> u<23> t<SIMPLE_IDENTIFIER> p<24> l<7:14> el<7:21>
                      n<> u<43> t<Param_assignment_list> p<44> c<42> l<7:22> el<7:38>
                        n<> u<42> t<Param_assignment> p<43> c<27> l<7:22> el<7:38>
                          n<w> u<27> t<SIMPLE_IDENTIFIER> p<42> s<41> l<7:22> el<7:23>
                          n<> u<41> t<Constant_param_expression> p<42> c<40> l<7:26> el<7:38>
                            n<> u<40> t<Constant_mintypmax_expression> p<41> c<39> l<7:26> el<7:38>
                              n<> u<39> t<Constant_expression> p<40> c<38> l<7:26> el<7:38>
                                n<> u<38> t<Constant_primary> p<39> c<37> l<7:26> el<7:38>
                                  n<> u<37> t<Constant_cast> p<38> c<31> l<7:26> el<7:38>
                                    n<> u<31> t<Casting_type> p<37> c<30> s<36> l<7:26> el<7:33>
                                      n<width_t> u<30> t<Simple_type> p<31> c<29> l<7:26> el<7:33>
                                        n<> u<29> t<Ps_type_identifier> p<30> c<28> l<7:26> el<7:33>
                                          n<width_t> u<28> t<SIMPLE_IDENTIFIER> p<29> l<7:26> el<7:33>
                                    n<> u<36> t<Constant_concatenation> p<37> c<35> l<7:34> el<7:38>
                                      n<> u<35> t<Constant_expression> p<36> c<34> l<7:35> el<7:37>
                                        n<> u<34> t<Constant_primary> p<35> c<33> l<7:35> el<7:37>
                                          n<> u<33> t<Primary_literal> p<34> c<32> l<7:35> el<7:37>
                                            n<32> u<32> t<INTEGRAL_NUMBER> p<33> l<7:35> el<7:37>
        n<> u<84> t<Module_item> p<119> c<83> s<117> l<8:3> el<8:32>
          n<> u<83> t<Non_port_module_item> p<84> c<82> l<8:3> el<8:32>
            n<> u<82> t<Module_or_generate_item> p<83> c<81> l<8:3> el<8:32>
              n<> u<81> t<Module_common_item> p<82> c<80> l<8:3> el<8:32>
                n<> u<80> t<Module_or_generate_item_declaration> p<81> c<79> l<8:3> el<8:32>
                  n<> u<79> t<Package_or_generate_item_declaration> p<80> c<78> l<8:3> el<8:32>
                    n<> u<78> t<Net_declaration> p<79> c<51> l<8:3> el<8:32>
                      n<> u<51> t<WIRE> p<78> s<62> l<8:3> el<8:7>
                      n<> u<62> t<Data_type_or_implicit> p<78> c<61> s<77> l<8:8> el<8:14>
                        n<> u<61> t<Packed_dimension> p<62> c<60> l<8:8> el<8:14>
                          n<> u<60> t<Constant_range> p<61> c<55> l<8:9> el<8:13>
                            n<> u<55> t<Constant_expression> p<60> c<54> s<59> l<8:9> el<8:11>
                              n<> u<54> t<Constant_primary> p<55> c<53> l<8:9> el<8:11>
                                n<> u<53> t<Primary_literal> p<54> c<52> l<8:9> el<8:11>
                                  n<31> u<52> t<INTEGRAL_NUMBER> p<53> l<8:9> el<8:11>
                            n<> u<59> t<Constant_expression> p<60> c<58> l<8:12> el<8:13>
                              n<> u<58> t<Constant_primary> p<59> c<57> l<8:12> el<8:13>
                                n<> u<57> t<Primary_literal> p<58> c<56> l<8:12> el<8:13>
                                  n<0> u<56> t<INTEGRAL_NUMBER> p<57> l<8:12> el<8:13>
                      n<> u<77> t<Net_decl_assignment_list> p<78> c<76> l<8:15> el<8:31>
                        n<> u<76> t<Net_decl_assignment> p<77> c<63> l<8:15> el<8:31>
                          n<t1> u<63> t<SIMPLE_IDENTIFIER> p<76> s<75> l<8:15> el<8:17>
                          n<> u<75> t<Expression> p<76> c<74> l<8:20> el<8:31>
                            n<> u<74> t<Primary> p<75> c<73> l<8:20> el<8:31>
                              n<> u<73> t<Cast> p<74> c<68> l<8:20> el<8:31>
                                n<> u<68> t<Casting_type> p<73> c<64> s<72> l<8:20> el<8:27>
                                  n<w> u<64> t<SIMPLE_IDENTIFIER> p<68> s<67> l<8:20> el<8:21>
                                  n<> u<67> t<Constant_select> p<68> c<65> l<8:21> el<8:27>
                                    n<WIDTH> u<65> t<SIMPLE_IDENTIFIER> p<67> s<66> l<8:22> el<8:27>
                                    n<> u<66> t<Constant_bit_select> p<67> l<8:27> el<8:27>
                                n<> u<72> t<Expression> p<73> c<71> l<8:29> el<8:30>
                                  n<> u<71> t<Primary> p<72> c<70> l<8:29> el<8:30>
                                    n<> u<70> t<Primary_literal> p<71> c<69> l<8:29> el<8:30>
                                      n<0> u<69> t<INTEGRAL_NUMBER> p<70> l<8:29> el<8:30>
        n<> u<117> t<Module_item> p<119> c<116> s<118> l<9:3> el<9:26>
          n<> u<116> t<Non_port_module_item> p<117> c<115> l<9:3> el<9:26>
            n<> u<115> t<Module_or_generate_item> p<116> c<114> l<9:3> el<9:26>
              n<> u<114> t<Module_common_item> p<115> c<113> l<9:3> el<9:26>
                n<> u<113> t<Module_or_generate_item_declaration> p<114> c<112> l<9:3> el<9:26>
                  n<> u<112> t<Package_or_generate_item_declaration> p<113> c<111> l<9:3> el<9:26>
                    n<> u<111> t<Net_declaration> p<112> c<85> l<9:3> el<9:26>
                      n<> u<85> t<WIRE> p<111> s<96> l<9:3> el<9:7>
                      n<> u<96> t<Data_type_or_implicit> p<111> c<95> s<110> l<9:8> el<9:14>
                        n<> u<95> t<Packed_dimension> p<96> c<94> l<9:8> el<9:14>
                          n<> u<94> t<Constant_range> p<95> c<89> l<9:9> el<9:13>
                            n<> u<89> t<Constant_expression> p<94> c<88> s<93> l<9:9> el<9:11>
                              n<> u<88> t<Constant_primary> p<89> c<87> l<9:9> el<9:11>
                                n<> u<87> t<Primary_literal> p<88> c<86> l<9:9> el<9:11>
                                  n<31> u<86> t<INTEGRAL_NUMBER> p<87> l<9:9> el<9:11>
                            n<> u<93> t<Constant_expression> p<94> c<92> l<9:12> el<9:13>
                              n<> u<92> t<Constant_primary> p<93> c<91> l<9:12> el<9:13>
                                n<> u<91> t<Primary_literal> p<92> c<90> l<9:12> el<9:13>
                                  n<0> u<90> t<INTEGRAL_NUMBER> p<91> l<9:12> el<9:13>
                      n<> u<110> t<Net_decl_assignment_list> p<111> c<109> l<9:15> el<9:25>
                        n<> u<109> t<Net_decl_assignment> p<110> c<97> l<9:15> el<9:25>
                          n<t2> u<97> t<SIMPLE_IDENTIFIER> p<109> s<108> l<9:15> el<9:17>
                          n<> u<108> t<Expression> p<109> c<107> l<9:20> el<9:25>
                            n<> u<107> t<Primary> p<108> c<106> l<9:20> el<9:25>
                              n<> u<106> t<Cast> p<107> c<101> l<9:20> el<9:25>
                                n<> u<101> t<Casting_type> p<106> c<100> s<105> l<9:20> el<9:21>
                                  n<w> u<100> t<Simple_type> p<101> c<99> l<9:20> el<9:21>
                                    n<> u<99> t<Ps_type_identifier> p<100> c<98> l<9:20> el<9:21>
                                      n<w> u<98> t<SIMPLE_IDENTIFIER> p<99> l<9:20> el<9:21>
                                n<> u<105> t<Expression> p<106> c<104> l<9:23> el<9:24>
                                  n<> u<104> t<Primary> p<105> c<103> l<9:23> el<9:24>
                                    n<> u<103> t<Primary_literal> p<104> c<102> l<9:23> el<9:24>
                                      n<0> u<102> t<INTEGRAL_NUMBER> p<103> l<9:23> el<9:24>
        n<> u<118> t<ENDMODULE> p<119> l<10:1> el<10:10>
AST_DEBUG_END
[INF:CP5804] $Source01/dut.sv:6:1: Compile module "Foo".
[WRN:PA5506] $Source01/dut.sv:6:1: No timescale set for "Foo".
[ERR:DB2029] $Source01/dut.sv:9:20: Unsupported typespec "w".
====== HLDB =======
Design name:unnamed:
  vpiName: unnamed
  vpiSourceFile (1 items):
    SourceFile name:dut.sv file:$Source01/dut.sv:
      vpiParent: Design name:unnamed
      vpiName: dut.sv
      vpiPreprocFile: "$Output/lib/work/dut.sv"
  vpiAllModules (1 items):
    Module name:Foo file:$Source01/dut.sv start:6:1 end:10:10:
      vpiParent: Design name:unnamed
      vpiName Identifier name:Foo start:6:8 end:6:11:
      vpiFullName: Foo
      vpiParameter (1 items):
        Parameter name:w start:7:22 end:7:23:
          vpiParent: Module name:Foo
          vpiTypespec RefTypespec name:width_t start:7:14 end:7:21:
            vpiParent: Parameter name:w
            vpiName: width_t
            vpiFullName: Foo.w.width_t
            vpiActual: TypedefTypespec name:width_t
          vpiName: w
          vpiFullName: Foo.w
          vpiLocalParam: true
      vpiParamAssign (1 items):
        ParamAssign start:7:22 end:7:38:
          vpiParent: Module name:Foo
          vpiLhs RefObj name:w start:7:22 end:7:23:
            vpiParent: ParamAssign
            vpiName: w
            vpiFullName: Foo.w
            vpiActual: Parameter name:w
          vpiRhs Operation start:7:26 end:7:38:
            vpiParent: ParamAssign
            vpiTypespec RefTypespec name:width_t start:7:26 end:7:33:
              vpiParent: Operation
              vpiName: width_t
              vpiFullName: Foo.width_t
              vpiActual: TypedefTypespec name:width_t
            vpiOpType: cast (81)
            vpiOperand (1 items):
              Operation start:7:34 end:7:38:
                vpiParent: Operation
                vpiOpType: concatenation (33)
                vpiOperand (1 items):
                  Constant start:7:35 end:7:37:
                    vpiParent: Operation
                    vpiTypespec RefTypespec:
                      vpiParent: Constant
                      vpiFullName: Foo
                      vpiActual: IntTypespec
                    vpiConstType: unsigned int (9)
                    vpiSize: 64
                    vpiDecompile: "32"
                    vpiValue: 32
      vpiTypespec (3 items):
        LogicTypespec:
          vpiParent: Module name:Foo
          vpiRange (1 items):
            Range start:8:8 end:8:14:
              vpiParent: LogicTypespec
              vpiLeftRange Constant start:8:9 end:8:11:
                vpiParent: Range
                vpiTypespec RefTypespec:
                  vpiParent: Constant
                  vpiFullName: Foo
                  vpiActual: IntTypespec
                vpiConstType: unsigned int (9)
                vpiSize: 64
                vpiDecompile: "31"
                vpiValue: 31
              vpiRightRange Constant start:8:12 end:8:13:
                vpiParent: Range
                vpiTypespec RefTypespec:
                  vpiParent: Constant
                  vpiFullName: Foo
                  vpiActual: IntTypespec
                vpiConstType: unsigned int (9)
                vpiSize: 64
                vpiDecompile: "0"
                vpiValue: 0
          vpiVector: true
        UnsupportedTypespec name:w start:9:20 end:9:21:
          vpiParent: Module name:Foo
          vpiName Identifier name:w:
        LogicTypespec:
          vpiParent: Module name:Foo
          vpiRange (1 items):
            Range start:9:8 end:9:14:
              vpiParent: LogicTypespec
              vpiLeftRange Constant start:9:9 end:9:11:
                vpiParent: Range
                vpiTypespec RefTypespec:
                  vpiParent: Constant
                  vpiFullName: Foo
                  vpiActual: IntTypespec
                vpiConstType: unsigned int (9)
                vpiSize: 64
                vpiDecompile: "31"
                vpiValue: 31
              vpiRightRange Constant start:9:12 end:9:13:
                vpiParent: Range
                vpiTypespec RefTypespec:
                  vpiParent: Constant
                  vpiFullName: Foo
                  vpiActual: IntTypespec
                vpiConstType: unsigned int (9)
                vpiSize: 64
                vpiDecompile: "0"
                vpiValue: 0
          vpiVector: true
      vpiDefName: Foo
      vpiDefNetType: wire (1)
      vpiLibrary RefObj name:work start:6:8 end:6:11:
        vpiParent: Module name:Foo
        vpiName: work
        vpiFullName: Foo.work
        vpiActual: Library name:work
      vpiCell: Foo
      vpiNet (2 items):
        Net name:t1 start:8:15 end:8:17:
          vpiParent: Module name:Foo
          vpiTypespec RefTypespec start:8:8 end:8:14:
            vpiParent: Net name:t1
            vpiFullName: Foo.t1
            vpiActual: LogicTypespec
          vpiName: t1
          vpiFullName: Foo.t1
          vpiNetDeclAssign: true
          vpiNetType: wire (1)
          vpiVector: true
          vpiValue Operation start:8:20 end:8:31:
            vpiParent: Net name:t1
            vpiOpType: cast (81)
            vpiOperand (2 items):
              RefObj name:w.WIDTH start:8:21 end:8:27:
                vpiParent: Operation
                vpiName: w.WIDTH
                vpiFullName: Foo.t1.w.WIDTH
                vpiPathElem (2 items):
                  RefObj name:w start:8:20 end:8:21:
                    vpiParent: RefObj name:w.WIDTH
                    vpiName: w
                    vpiFullName: Foo.t1.w
                    vpiActual: Parameter name:w
                  RefObj name:WIDTH start:8:22 end:8:27:
                    vpiParent: RefObj name:w.WIDTH
                    vpiName: WIDTH
                    vpiFullName: Foo.t1.WIDTH
                    vpiActual: TypespecMember name:WIDTH
                vpiActual: TypespecMember name:WIDTH
              Constant start:8:29 end:8:30:
                vpiParent: Operation
                vpiTypespec RefTypespec:
                  vpiParent: Constant
                  vpiFullName: Foo.t1
                  vpiActual: IntTypespec
                vpiConstType: unsigned int (9)
                vpiSize: 64
                vpiDecompile: "0"
                vpiValue: 0
        Net name:t2 start:9:15 end:9:17:
          vpiParent: Module name:Foo
          vpiTypespec RefTypespec start:9:8 end:9:14:
            vpiParent: Net name:t2
            vpiFullName: Foo.t2
            vpiActual: LogicTypespec
          vpiName: t2
          vpiFullName: Foo.t2
          vpiNetDeclAssign: true
          vpiNetType: wire (1)
          vpiVector: true
          vpiValue Operation start:9:20 end:9:25:
            vpiParent: Net name:t2
            vpiTypespec RefTypespec name:w start:9:20 end:9:21:
              vpiParent: Operation
              vpiName: w
              vpiFullName: Foo.t2.w
              vpiActual: UnsupportedTypespec name:w
            vpiOpType: cast (81)
            vpiOperand (1 items):
              Constant start:9:23 end:9:24:
                vpiParent: Operation
                vpiTypespec RefTypespec:
                  vpiParent: Constant
                  vpiFullName: Foo.t2
                  vpiActual: IntTypespec
                vpiConstType: unsigned int (9)
                vpiSize: 64
                vpiDecompile: "0"
                vpiValue: 0
  vpiTypespec (4 items):
    IntTypespec:
      vpiParent: Design name:unnamed
      vpiSigned: true
    StructTypespec start:2:9 end:4:2:
      vpiParent: Design name:unnamed
      vpiStruct: Struct
    TypedefTypespec name:width_t start:2:1 end:4:11:
      vpiParent: Design name:unnamed
      vpiName Identifier name:width_t start:4:3 end:4:10:
      vpiTypedefKind: struct (4)
      vpiTypedef: Typedef name:width_t
    ModuleTypespec name:Foo:
      vpiParent: Design name:unnamed
      vpiName Identifier name:Foo start:6:8 end:6:11:
      vpiDefName: Foo
      vpiModule: Module name:Foo
  vpiStruct (1 items):
    Struct start:2:9 end:4:2:
      vpiParent: Design name:unnamed
      vpiTypespecMember (1 items):
        TypespecMember name:WIDTH start:3:7 end:3:12:
          vpiParent: Struct
          vpiName: WIDTH
          vpiTypespec RefTypespec start:3:3 end:3:6:
            vpiParent: TypespecMember name:WIDTH
            vpiFullName: WIDTH
            vpiActual: IntTypespec
  vpiTypedef (1 items):
    Typedef name:width_t start:2:1 end:4:11:
      vpiParent: Design name:unnamed
      vpiName Identifier name:width_t start:4:3 end:4:10:
      vpiTypedefAlias RefTypespec start:2:9 end:4:2:
        vpiParent: Typedef name:width_t
        vpiFullName: width_t
        vpiActual: StructTypespec
  vpiLibrary (1 items):
    Library name:work:
      vpiParent: Design name:unnamed
      vpiName: work
===================
[  FATAL] : 0
[ SYNTAX] : 0
[  ERROR] : 1
[WARNING] : 1
[   NOTE] : 0
********************************************************************************
*                    End HLC SystemVerilog Compiler/Linter                     *
********************************************************************************

#**#**#**#**#**#**#**#**#**#**#**#**#**#**#**#**#**#**#**#**#**#**#**#**#**#**#**#**#**#**#**#**#**#**#**#**#**#**#**#**

Environment:
      test-name: CastStructMember/CastStructMember
   test-dirpath: ${HLC_DIR}/regression/CastStructMember/CastStructMember
  hldb-filepath: ${HLC_DIR}/regression/CastStructMember/CastStructMember/design.hldb
mounts-filepath: ${HLC_DIR}/regression/CastStructMember/CastStructMember/mounts.json


{'result': {'coverage': 100.0,
            'error_count': 0,
            'file_count': 1,
            'files': {'$Output/lib/work/dut.sv': {'post_len': 0,
                                                  'pre_len': 147}},
            'post_len': 0,
            'pre_len': 147,
            'test_name': 'CastStructMember/CastStructMember'}}

+-------------------------+----------+-----------+
| INPUT                   |   PRELEN |   POSTLEN |
+=========================+==========+===========+
| $Output/lib/work/dut.sv |      147 |         0 |
+=========================+==========+===========+
|                         |      147 |         0 |
+-------------------------+----------+-----------+

[   ERROR] : 0
[COVERAGE] : 100.0


#**#**#**#**#**#**#**#**#**#**#**#**#**#**#**#**#**#**#**#**#**#**#**#**#**#**#**#**#**#**#**#**#**#**#**#**#**#**#**#**

COMMAND: ${HLC_DIR}/regression/CastStructMember/CastStructMember/design.hldb ${HLC_DIR}/regression/CastStructMember/CastStructMember/reduced.hldb

==================== BEGIN REDUCTION RESULT ====================
Name                            Before   After   Added   Removed
----------------------------------------------------------------
Constant                             7       6       0         1
Operation                            4       3       0         1
RefTypespec                         14      13       0         1
----------------------------------------------------------------
Others                              30      30       0         0
----------------------------------------------------------------
                                    55      52       0         3
===================== END REDUCTION RESULT =====================
