********************************************************************************
*                   Begin HLC SystemVerilog Compiler/Linter                    *
********************************************************************************
Copyright (c) 2020 Apotell,
http://www.apache.org/licenses/LICENSE-2.0
VERSION: 1.84
COMMAND: -wd ../../../tests/Verilator +incdir+. -nobuiltin -timescale=1ns/1ns -d ast -d db t_func_unit.v -mt 0 -d dbstats -d cache -writepp -d db -nostdout -o ${HLC_DIR}/regression/Verilator/t_func_unit
[INF:CM0023] Creating log file "$Output/hlc.log".
[INF:PP0122] Preprocessing source file "$Source01/t_func_unit.v".
[INF:PA0201] Parsing source file "$Source01/t_func_unit.v".
AST_DEBUG_BEGIN
Count: 133
LIB: work
FILE<0>:$Source01/t_func_unit.v
n<$Source01/t_func_unit.v> u<132> t<Top_level_rule> c<1> l<6:1> el<24:1>
  n<> u<1> t<Null_rule> p<132> s<2> l<6:1> el<6:1>
  n<// DESCRIPTION: Verilator: Verilog Test module> u<2> t<LINE_COMMENT> p<132> s<3> l<1:1> el<1:47>
  n<//> u<3> t<LINE_COMMENT> p<132> s<4> l<2:1> el<2:3>
  n<// This file ONLY is placed into the Public Domain, for any use,> u<4> t<LINE_COMMENT> p<132> s<5> l<3:1> el<3:65>
  n<// without warranty, 2019 by Wilson Snyder.> u<5> t<LINE_COMMENT> p<132> s<131> l<4:1> el<4:44>
  n<> u<131> t<Source_text> p<132> c<32> l<6:1> el<23:10>
    n<> u<32> t<Description> p<131> c<31> s<130> l<6:1> el<8:8>
      n<> u<31> t<Package_item> p<32> c<30> l<6:1> el<8:8>
        n<> u<30> t<Package_or_generate_item_declaration> p<31> c<29> l<6:1> el<8:8>
          n<> u<29> t<Task_declaration> p<30> c<28> l<6:1> el<8:8>
            n<> u<28> t<Task_body_declaration> p<29> c<6> l<6:6> el<8:8>
              n<tsk> u<6> t<SIMPLE_IDENTIFIER> p<28> s<11> l<6:6> el<6:9>
              n<> u<11> t<Tf_port_item_list> p<28> c<10> s<26> l<6:9> el<6:20>
                n<> u<10> t<Tf_port_item> p<11> c<7> l<6:10> el<6:19>
                  n<> u<7> t<OUTPUT> p<10> s<8> l<6:10> el<6:16>
                  n<> u<8> t<Data_type_or_implicit> p<10> s<9> l<6:17> el<6:17>
                  n<fo> u<9> t<SIMPLE_IDENTIFIER> p<10> l<6:17> el<6:19>
              n<> u<26> t<Statement_or_null> p<28> c<25> s<27> l<7:4> el<7:21>
                n<> u<25> t<Statement> p<26> c<24> l<7:4> el<7:21>
                  n<> u<24> t<Statement_item> p<25> c<23> l<7:4> el<7:21>
                    n<> u<23> t<Procedural_continuous_assignment> p<24> c<22> l<7:4> el<7:20>
                      n<> u<22> t<ASSIGN> p<23> s<21> l<7:4> el<7:10>
                      n<> u<21> t<Variable_assignment> p<23> c<16> l<7:11> el<7:20>
                        n<> u<16> t<Variable_lvalue> p<21> c<13> s<20> l<7:11> el<7:13>
                          n<> u<13> t<Ps_or_hierarchical_identifier> p<16> c<12> s<15> l<7:11> el<7:13>
                            n<fo> u<12> t<SIMPLE_IDENTIFIER> p<13> l<7:11> el<7:13>
                          n<> u<15> t<Select> p<16> c<14> l<7:14> el<7:14>
                            n<> u<14> t<Bit_select> p<15> l<7:14> el<7:14>
                        n<> u<20> t<Expression> p<21> c<19> l<7:16> el<7:20>
                          n<> u<19> t<Primary> p<20> c<18> l<7:16> el<7:20>
                            n<> u<18> t<Primary_literal> p<19> c<17> l<7:16> el<7:20>
                              n<> u<17> t<ONE_TICK_b0> p<18> l<7:16> el<7:20>
              n<> u<27> t<ENDTASK> p<28> l<8:1> el<8:8>
    n<> u<130> t<Description> p<131> c<129> l<10:1> el<23:10>
      n<> u<129> t<Module_declaration> p<130> c<45> l<10:1> el<23:10>
        n<> u<45> t<Module_nonansi_header> p<129> c<33> s<62> l<10:1> el<13:6>
          n<module> u<33> t<MODULE> p<45> s<34> l<10:1> el<10:7>
          n<t> u<34> t<SIMPLE_IDENTIFIER> p<45> s<35> l<10:8> el<10:9>
          n<> u<35> t<Package_import_declaration_list> p<45> s<36> l<10:10> el<10:10>
          n</*AUTOARG*/> u<36> t<BLOCK_COMMENT> p<45> s<37> l<10:10> el<13:5>
          n<// Outputs> u<37> t<LINE_COMMENT> p<45> s<44> l<11:4> el<11:14>
          n<> u<44> t<Port_list> p<45> c<43> l<10:10> el<13:5>
            n<> u<43> t<Port> p<44> c<42> l<12:4> el<12:6>
              n<> u<42> t<Port_expression> p<43> c<41> l<12:4> el<12:6>
                n<> u<41> t<Port_reference> p<42> c<38> l<12:4> el<12:6>
                  n<to> u<38> t<SIMPLE_IDENTIFIER> p<41> s<40> l<12:4> el<12:6>
                  n<> u<40> t<Constant_select> p<41> c<39> l<13:4> el<13:4>
                    n<> u<39> t<Constant_bit_select> p<40> l<13:4> el<13:4>
        n<> u<62> t<Module_item> p<129> c<61> s<79> l<14:4> el<14:19>
          n<> u<61> t<Port_declaration> p<62> c<60> l<14:4> el<14:18>
            n<> u<60> t<Output_declaration> p<61> c<47> l<14:4> el<14:18>
              n<> u<47> t<Net_port_type> p<60> c<46> s<59> l<14:11> el<14:11>
                n<> u<46> t<Data_type_or_implicit> p<47> l<14:11> el<14:11>
              n<> u<59> t<Output_port_identifier_list> p<60> c<48> l<14:11> el<14:18>
                n<to> u<48> t<SIMPLE_IDENTIFIER> p<59> s<58> l<14:11> el<14:13>
                n<> u<58> t<Unpacked_dimension> p<59> c<57> l<14:13> el<14:18>
                  n<> u<57> t<Constant_range> p<58> c<52> l<14:14> el<14:17>
                    n<> u<52> t<Constant_expression> p<57> c<51> s<56> l<14:14> el<14:15>
                      n<> u<51> t<Constant_primary> p<52> c<50> l<14:14> el<14:15>
                        n<> u<50> t<Primary_literal> p<51> c<49> l<14:14> el<14:15>
                          n<2> u<49> t<INTEGRAL_NUMBER> p<50> l<14:14> el<14:15>
                    n<> u<56> t<Constant_expression> p<57> c<55> l<14:16> el<14:17>
                      n<> u<55> t<Constant_primary> p<56> c<54> l<14:16> el<14:17>
                        n<> u<54> t<Primary_literal> p<55> c<53> l<14:16> el<14:17>
                          n<0> u<53> t<INTEGRAL_NUMBER> p<54> l<14:16> el<14:17>
        n<> u<79> t<Module_item> p<129> c<78> s<127> l<16:4> el<16:18>
          n<> u<78> t<Non_port_module_item> p<79> c<77> l<16:4> el<16:18>
            n<> u<77> t<Module_or_generate_item> p<78> c<76> l<16:4> el<16:18>
              n<> u<76> t<Module_common_item> p<77> c<75> l<16:4> el<16:18>
                n<> u<75> t<Module_or_generate_item_declaration> p<76> c<74> l<16:4> el<16:18>
                  n<> u<74> t<Package_or_generate_item_declaration> p<75> c<73> l<16:4> el<16:18>
                    n<> u<73> t<Data_declaration> p<74> c<72> l<16:4> el<16:18>
                      n<> u<72> t<Variable_declaration> p<73> c<64> l<16:4> el<16:18>
                        n<> u<64> t<Data_type> p<72> c<63> s<71> l<16:4> el<16:11>
                          n<> u<63> t<INTEGER> p<64> l<16:4> el<16:11>
                        n<> u<71> t<Variable_decl_assignment_list> p<72> c<70> l<16:12> el<16:17>
                          n<> u<70> t<Variable_decl_assignment> p<71> c<65> l<16:12> el<16:17>
                            n<i> u<65> t<SIMPLE_IDENTIFIER> p<70> s<69> l<16:12> el<16:13>
                            n<> u<69> t<Expression> p<70> c<68> l<16:16> el<16:17>
                              n<> u<68> t<Primary> p<69> c<67> l<16:16> el<16:17>
                                n<> u<67> t<Primary_literal> p<68> c<66> l<16:16> el<16:17>
                                  n<0> u<66> t<INTEGRAL_NUMBER> p<67> l<16:16> el<16:17>
        n<> u<127> t<Module_item> p<129> c<126> s<128> l<18:4> el<22:7>
          n<> u<126> t<Non_port_module_item> p<127> c<125> l<18:4> el<22:7>
            n<> u<125> t<Module_or_generate_item> p<126> c<124> l<18:4> el<22:7>
              n<> u<124> t<Module_common_item> p<125> c<123> l<18:4> el<22:7>
                n<> u<123> t<Initial_construct> p<124> c<122> l<18:4> el<22:7>
                  n<> u<122> t<Statement_or_null> p<123> c<121> l<18:12> el<22:7>
                    n<> u<121> t<Statement> p<122> c<120> l<18:12> el<22:7>
                      n<> u<120> t<Statement_item> p<121> c<119> l<18:12> el<22:7>
                        n<> u<119> t<Seq_block> p<120> c<96> l<18:12> el<22:7>
                          n<> u<96> t<Statement_or_null> p<119> c<95> s<108> l<19:7> el<19:18>
                            n<> u<95> t<Statement> p<96> c<94> l<19:7> el<19:18>
                              n<> u<94> t<Statement_item> p<95> c<93> l<19:7> el<19:18>
                                n<> u<93> t<Subroutine_call_statement> p<94> c<92> l<19:7> el<19:18>
                                  n<> u<92> t<Subroutine_call> p<93> c<80> l<19:7> el<19:17>
                                    n<tsk> u<80> t<SIMPLE_IDENTIFIER> p<92> s<91> l<19:7> el<19:10>
                                    n<> u<91> t<Argument_list> p<92> c<90> l<19:11> el<19:16>
                                      n<> u<90> t<Expression> p<91> c<89> l<19:11> el<19:16>
                                        n<> u<89> t<Primary> p<90> c<88> l<19:11> el<19:16>
                                          n<> u<88> t<Subroutine_call> p<89> c<81> l<19:11> el<19:16>
                                            n<to> u<81> t<SIMPLE_IDENTIFIER> p<88> s<87> l<19:11> el<19:13>
                                            n<> u<87> t<Select> p<88> c<86> l<19:13> el<19:16>
                                              n<> u<86> t<Bit_select> p<87> c<85> l<19:13> el<19:16>
                                                n<> u<85> t<Expression> p<86> c<84> l<19:14> el<19:15>
                                                  n<> u<84> t<Primary> p<85> c<83> l<19:14> el<19:15>
                                                    n<> u<83> t<Primary_literal> p<84> c<82> l<19:14> el<19:15>
                                                      n<i> u<82> t<SIMPLE_IDENTIFIER> p<83> l<19:14> el<19:15>
                          n<> u<108> t<Statement_or_null> p<119> c<107> s<117> l<20:7> el<20:40>
                            n<> u<107> t<Statement> p<108> c<106> l<20:7> el<20:40>
                              n<> u<106> t<Statement_item> p<107> c<105> l<20:7> el<20:40>
                                n<> u<105> t<Subroutine_call_statement> p<106> c<104> l<20:7> el<20:40>
                                  n<> u<104> t<Subroutine_call> p<105> c<97> l<20:7> el<20:39>
                                    n<$> u<97> t<DOLLAR> p<104> s<98> l<20:7> el<20:8>
                                    n<write> u<98> t<SIMPLE_IDENTIFIER> p<104> s<103> l<20:8> el<20:13>
                                    n<> u<103> t<Argument_list> p<104> c<102> l<20:14> el<20:38>
                                      n<> u<102> t<Expression> p<103> c<101> l<20:14> el<20:38>
                                        n<> u<101> t<Primary> p<102> c<100> l<20:14> el<20:38>
                                          n<> u<100> t<Primary_literal> p<101> c<99> l<20:14> el<20:38>
                                            n<"*-* All Finished *-*\n"> u<99> t<QUOTED_STRING> p<100> l<20:14> el<20:38>
                          n<> u<117> t<Statement_or_null> p<119> c<116> s<118> l<21:7> el<21:15>
                            n<> u<116> t<Statement> p<117> c<115> l<21:7> el<21:15>
                              n<> u<115> t<Statement_item> p<116> c<114> l<21:7> el<21:15>
                                n<> u<114> t<Subroutine_call_statement> p<115> c<113> l<21:7> el<21:15>
                                  n<> u<113> t<Subroutine_call> p<114> c<109> l<21:7> el<21:14>
                                    n<$> u<109> t<DOLLAR> p<113> s<110> l<21:7> el<21:8>
                                    n<finish> u<110> t<SIMPLE_IDENTIFIER> p<113> s<112> l<21:8> el<21:14>
                                    n<> u<112> t<Select> p<113> c<111> l<21:14> el<21:14>
                                      n<> u<111> t<Bit_select> p<112> l<21:14> el<21:14>
                          n<> u<118> t<END> p<119> l<22:4> el<22:7>
        n<> u<128> t<ENDMODULE> p<129> l<23:1> el<23:10>
AST_DEBUG_END
[INF:CP0303] $Source01/t_func_unit.v:10:1: Compile module "t".
[INF:CM0029] Using global timescale: "1ns/1ns".
====== HLDB =======
Design name:unnamed:
  vpiName: unnamed
  vpiSourceFile (1 items):
    SourceFile name:t_func_unit.v file:$Source01/t_func_unit.v:
      vpiParent: Design name:unnamed
      vpiName: t_func_unit.v
      vpiPreprocFile: "$Output/lib/work/t_func_unit.v"
  vpiAllModules (1 items):
    Module name:t file:$Source01/t_func_unit.v start:10:1 end:23:10:
      vpiParent: Design name:unnamed
      vpiName Identifier name:t start:10:8 end:10:9:
        vpiParent: Module name:t
        vpiName: t
      vpiFullName: t
      vpiVariable (1 items):
        Variable name:i start:16:12 end:16:13:
          vpiParent: Module name:t
          vpiTypespec RefTypespec start:16:4 end:16:11:
            vpiParent: Variable name:i
            vpiFullName: t.i
            vpiActual: IntegerTypespec
          vpiName: i
          vpiFullName: t.i
          vpiValue Constant start:16:16 end:16:17:
            vpiParent: Variable name:i
            vpiTypespec RefTypespec:
              vpiParent: Constant
              vpiFullName: t.i
              vpiActual: IntTypespec
            vpiConstType: unsigned int (9)
            vpiSize: 64
            vpiDecompile: "0"
            vpiValue: 0
      vpiTypespec (3 items):
        LogicTypespec:
          vpiParent: Module name:t
        ArrayTypespec:
          vpiParent: Module name:t
          vpiArrayType: static (1)
          vpiRange Range start:14:13 end:14:18:
            vpiParent: ArrayTypespec
            vpiLeftRange Constant start:14:14 end:14:15:
              vpiParent: Range
              vpiTypespec RefTypespec:
                vpiParent: Constant
                vpiFullName: t
                vpiActual: IntTypespec
              vpiConstType: unsigned int (9)
              vpiSize: 64
              vpiDecompile: "2"
              vpiValue: 2
            vpiRightRange Constant start:14:16 end:14:17:
              vpiParent: Range
              vpiTypespec RefTypespec:
                vpiParent: Constant
                vpiFullName: t
                vpiActual: IntTypespec
              vpiConstType: unsigned int (9)
              vpiSize: 64
              vpiDecompile: "0"
              vpiValue: 0
          vpiElemTypespec RefTypespec start:14:11 end:14:11:
            vpiParent: ArrayTypespec
            vpiFullName: t
            vpiActual: LogicTypespec
        IntegerTypespec:
          vpiParent: Module name:t
          vpiSigned: true
      vpiDefName: t
      vpiDefNetType: wire (1)
      vpiLibrary RefObj name:work:
        vpiParent: Module name:t
        vpiName: work
        vpiFullName: t.work
      vpiCell: t
      vpiNet (1 items):
        Net name:to start:14:11 end:14:13:
          vpiParent: Module name:t
          vpiTypespec RefTypespec start:14:11 end:14:11:
            vpiParent: Net name:to
            vpiFullName: t.to
            vpiActual: ArrayTypespec
          vpiName: to
          vpiFullName: t.to
          vpiNetType: wire (1)
      vpiPort (1 items):
        Port name:to start:12:4 end:12:6:
          vpiParent: Module name:t
          vpiName: to
          vpiDirection: output (2)
          vpiLowConn RefObj name:to start:14:11 end:14:13:
            vpiParent: Port name:to
            vpiName: to
            vpiFullName: t.to.to
            vpiActual: Net name:to
          vpiTypespec RefTypespec start:14:11 end:14:11:
            vpiParent: Port name:to
            vpiFullName: t.to
            vpiActual: ArrayTypespec
      vpiProcess (1 items):
        Initial start:18:4 end:22:7:
          vpiParent: Module name:t
          vpiStmt Begin start:18:12 end:22:7:
            vpiParent: Initial
            vpiFullName: t
            vpiStmt (3 items):
              TaskCall name:tsk start:19:7 end:19:17:
                vpiParent: Begin
                vpiName Identifier name:tsk start:19:7 end:19:10:
                  vpiParent: TaskCall name:tsk
                  vpiName: tsk
                vpiTaskFunc: Task name:tsk
                vpiArgument (1 items):
                  BitSelect name:to[i] start:19:11 end:19:16:
                    vpiParent: TaskCall name:tsk
                    vpiName: to[i]
                    vpiFullName: t.to[i]
                    vpiPrefix RefObj name:to start:19:11 end:19:13:
                      vpiParent: BitSelect name:to[i]
                      vpiName: to
                      vpiFullName: t.to
                      vpiActual: Net name:to
                    vpiIndex RefObj name:i start:19:14 end:19:15:
                      vpiParent: BitSelect name:to[i]
                      vpiName: i
                      vpiFullName: t.i
                      vpiActual: Variable name:i
              SysTaskCall name:$write start:20:7 end:20:39:
                vpiParent: Begin
                vpiName Identifier name:$write start:20:7 end:20:13:
                  vpiParent: SysTaskCall name:$write
                  vpiName: "$write"
                vpiArgument (1 items):
                  Constant start:20:14 end:20:38:
                    vpiParent: SysTaskCall name:$write
                    vpiTypespec RefTypespec:
                      vpiParent: Constant
                      vpiFullName: t
                      vpiActual: StringTypespec
                    vpiConstType: string (6)
                    vpiSize: 168
                    vpiDecompile: "\"*-* All Finished *-*\\n\""
                    vpiValue: "*-* All Finished *-*\\n"
              SysTaskCall name:$finish start:21:7 end:21:14:
                vpiParent: Begin
                vpiName Identifier name:$finish start:21:7 end:21:14:
                  vpiParent: SysTaskCall name:$finish
                  vpiName: "$finish"
  vpiTypespec (3 items):
    ModuleTypespec name:t:
      vpiParent: Design name:unnamed
      vpiName Identifier name:t start:10:8 end:10:9:
        vpiParent: ModuleTypespec name:t
        vpiName: t
      vpiModule: Module name:t
    IntTypespec:
      vpiParent: Design name:unnamed
      vpiSigned: true
    StringTypespec:
      vpiParent: Design name:unnamed
  vpiTaskFunc (1 items):
    Task name:tsk start:6:1 end:8:8:
      vpiParent: Design name:unnamed
      vpiName Identifier name:tsk start:6:6 end:6:9:
        vpiParent: Task name:tsk
        vpiName: tsk
      vpiFullName: tsk
      vpiTypespec (2 items):
        LogicTypespec:
          vpiParent: Task name:tsk
        BitTypespec:
          vpiParent: Task name:tsk
      vpiIODecl (1 items):
        IODecl name:fo start:6:17 end:6:19:
          vpiParent: Task name:tsk
          vpiName: fo
          vpiDirection: output (2)
          vpiTypespec RefTypespec start:6:17 end:6:17:
            vpiParent: IODecl name:fo
            vpiFullName: tsk.fo
            vpiActual: LogicTypespec
      vpiStmt AssignStmt start:7:4 end:7:20:
        vpiParent: Task name:tsk
        vpiLhs RefObj name:fo start:7:11 end:7:13:
          vpiParent: AssignStmt
          vpiName: fo
          vpiFullName: tsk.fo
          vpiActual: IODecl name:fo
        vpiRhs Constant start:7:16 end:7:20:
          vpiParent: AssignStmt
          vpiTypespec RefTypespec:
            vpiParent: Constant
            vpiFullName: tsk
            vpiActual: BitTypespec
          vpiConstType: binary (3)
          vpiSize: 1
          vpiDecompile: "1'b0"
          vpiValue: "0"
===================
[  FATAL] : 0
[ SYNTAX] : 0
[  ERROR] : 0
[WARNING] : 0
[   NOTE] : 0
********************************************************************************
*                    End HLC SystemVerilog Compiler/Linter                     *
********************************************************************************

#**#**#**#**#**#**#**#**#**#**#**#**#**#**#**#**#**#**#**#**#**#**#**#**#**#**#**#**#**#**#**#**#**#**#**#**#**#**#**#**

Environment:
      test-name: Verilator/t_func_unit
   test-dirpath: ${HLC_DIR}/regression/Verilator/t_func_unit
  hldb-filepath: ${HLC_DIR}/regression/Verilator/t_func_unit/design.hldb
mounts-filepath: ${HLC_DIR}/regression/Verilator/t_func_unit/mounts.json


{'result': {'coverage': 100.0,
            'error_count': 0,
            'file_count': 1,
            'files': {'$Output/lib/work/t_func_unit.v': {'post_len': 0,
                                                         'pre_len': 164}},
            'post_len': 0,
            'pre_len': 164,
            'test_name': 'Verilator/t_func_unit'}}

+--------------------------------+----------+-----------+
| INPUT                          |   PRELEN |   POSTLEN |
+================================+==========+===========+
| $Output/lib/work/t_func_unit.v |      164 |         0 |
+================================+==========+===========+
|                                |      164 |         0 |
+--------------------------------+----------+-----------+

[   ERROR] : 0
[COVERAGE] : 100.0


#**#**#**#**#**#**#**#**#**#**#**#**#**#**#**#**#**#**#**#**#**#**#**#**#**#**#**#**#**#**#**#**#**#**#**#**#**#**#**#**

COMMAND: ${HLC_DIR}/regression/Verilator/t_func_unit/design.hldb ${HLC_DIR}/regression/Verilator/t_func_unit/reduced.hldb

==================== BEGIN REDUCTION RESULT ====================
Name                            Before   After   Added   Removed
----------------------------------------------------------------
----------------------------------------------------------------
Others                              50      50       0         0
----------------------------------------------------------------
                                    50      50       0         0
===================== END REDUCTION RESULT =====================
