********************************************
*  SURELOG SystemVerilog  Compiler/Linter  *
********************************************
Copyright (c) 2017-2023 Alain Dargelas,
http://www.apache.org/licenses/LICENSE-2.0
VERSION: 1.84
BUILT  : Jun 18 2026
DATE   : 2026-06-18.18:57:55
COMMAND: -wd ../../../tests/Verilator +incdir+. -parse -nobuiltin -timescale=1ns/1ns -d ast -d uhdm t_var_dup3.v -mt 0 -mp 0 -d uhdmstats -d cache -d uhdm -nostdout -o ${SURELOG_DIR}/regression/Verilator/t_var_dup3
[INF:CM0023] Creating log file "$Output/hlc.log".
[INF:PP0122] Preprocessing source file "$Source01/t_var_dup3.v".
[INF:PA0201] Parsing source file "$Source01/t_var_dup3.v".
AST_DEBUG_BEGIN
Count: 169
LIB: work
FILE: $Source01/t_var_dup3.v
n<$Source01/t_var_dup3.v> u<168> t<Top_level_rule> c<1> l<8:1> el<29:1>
  n<> u<1> t<Null_rule> p<168> s<2> l<8:1> el<8:1>
  n<// DESCRIPTION: Verilator: Verilog Test module> u<2> t<LINE_COMMENT> p<168> s<3> l<1:1> el<1:47>
  n<//> u<3> t<LINE_COMMENT> p<168> s<4> l<2:1> el<2:3>
  n<// This file ONLY is placed into the Public Domain, for any use,> u<4> t<LINE_COMMENT> p<168> s<5> l<3:1> el<3:65>
  n<// without warranty, 2019 by Wilson Snyder.> u<5> t<LINE_COMMENT> p<168> s<6> l<4:1> el<4:44>
  n<// Legal with Verilog 1995 style ports> u<6> t<LINE_COMMENT> p<168> s<167> l<6:1> el<6:39>
  n<> u<167> t<Source_text> p<168> c<166> l<8:1> el<28:10>
    n<> u<166> t<Description> p<167> c<165> l<8:1> el<28:10>
      n<> u<165> t<Module_declaration> p<166> c<49> l<8:1> el<28:10>
        n<> u<49> t<Module_nonansi_header> p<165> c<7> s<56> l<8:1> el<12:6>
          n<module> u<7> t<Module_keyword> p<49> s<8> l<8:1> el<8:7>
          n<t> u<8> t<SIMPLE_IDENTIFIER> p<49> s<9> l<8:8> el<8:9>
          n<> u<9> t<Package_import_declaration_list> p<49> s<10> l<9:3> el<9:3>
          n</*AUTOARG*/> u<10> t<BLOCK_COMMENT> p<49> s<11> l<9:3> el<12:5>
          n<// Outputs> u<11> t<LINE_COMMENT> p<49> s<48> l<10:4> el<10:14>
          n<> u<48> t<Port_list> p<49> c<17> l<9:3> el<12:5>
            n<> u<17> t<Port> p<48> c<16> s<23> l<11:4> el<11:10>
              n<> u<16> t<Port_expression> p<17> c<15> l<11:4> el<11:10>
                n<> u<15> t<Port_reference> p<16> c<12> l<11:4> el<11:10>
                  n<ok_o_w> u<12> t<SIMPLE_IDENTIFIER> p<15> s<14> l<11:4> el<11:10>
                  n<> u<14> t<Constant_select> p<15> c<13> l<11:10> el<11:10>
                    n<> u<13> t<Constant_bit_select> p<14> l<11:10> el<11:10>
            n<> u<23> t<Port> p<48> c<22> s<29> l<11:12> el<11:18>
              n<> u<22> t<Port_expression> p<23> c<21> l<11:12> el<11:18>
                n<> u<21> t<Port_reference> p<22> c<18> l<11:12> el<11:18>
                  n<ok_o_r> u<18> t<SIMPLE_IDENTIFIER> p<21> s<20> l<11:12> el<11:18>
                  n<> u<20> t<Constant_select> p<21> c<19> l<11:18> el<11:18>
                    n<> u<19> t<Constant_bit_select> p<20> l<11:18> el<11:18>
            n<> u<29> t<Port> p<48> c<28> s<35> l<11:20> el<11:27>
              n<> u<28> t<Port_expression> p<29> c<27> l<11:20> el<11:27>
                n<> u<27> t<Port_reference> p<28> c<24> l<11:20> el<11:27>
                  n<ok_o_ra> u<24> t<SIMPLE_IDENTIFIER> p<27> s<26> l<11:20> el<11:27>
                  n<> u<26> t<Constant_select> p<27> c<25> l<11:27> el<11:27>
                    n<> u<25> t<Constant_bit_select> p<26> l<11:27> el<11:27>
            n<> u<35> t<Port> p<48> c<34> s<41> l<11:29> el<11:34>
              n<> u<34> t<Port_expression> p<35> c<33> l<11:29> el<11:34>
                n<> u<33> t<Port_reference> p<34> c<30> l<11:29> el<11:34>
                  n<ok_or> u<30> t<SIMPLE_IDENTIFIER> p<33> s<32> l<11:29> el<11:34>
                  n<> u<32> t<Constant_select> p<33> c<31> l<11:34> el<11:34>
                    n<> u<31> t<Constant_bit_select> p<32> l<11:34> el<11:34>
            n<> u<41> t<Port> p<48> c<40> s<47> l<11:36> el<11:41>
              n<> u<40> t<Port_expression> p<41> c<39> l<11:36> el<11:41>
                n<> u<39> t<Port_reference> p<40> c<36> l<11:36> el<11:41>
                  n<ok_ow> u<36> t<SIMPLE_IDENTIFIER> p<39> s<38> l<11:36> el<11:41>
                  n<> u<38> t<Constant_select> p<39> c<37> l<11:41> el<11:41>
                    n<> u<37> t<Constant_bit_select> p<38> l<11:41> el<11:41>
            n<> u<47> t<Port> p<48> c<46> l<11:43> el<11:49>
              n<> u<46> t<Port_expression> p<47> c<45> l<11:43> el<11:49>
                n<> u<45> t<Port_reference> p<46> c<42> l<11:43> el<11:49>
                  n<ok_owa> u<42> t<SIMPLE_IDENTIFIER> p<45> s<44> l<11:43> el<11:49>
                  n<> u<44> t<Constant_select> p<45> c<43> l<12:4> el<12:4>
                    n<> u<43> t<Constant_bit_select> p<44> l<12:4> el<12:4>
        n<> u<56> t<Module_item> p<165> c<55> s<68> l<14:4> el<14:18>
          n<> u<55> t<Port_declaration> p<56> c<54> l<14:4> el<14:17>
            n<> u<54> t<Output_declaration> p<55> c<51> l<14:4> el<14:17>
              n<> u<51> t<Net_port_type> p<54> c<50> s<53> l<14:11> el<14:11>
                n<> u<50> t<Data_type_or_implicit> p<51> l<14:11> el<14:11>
              n<> u<53> t<Port_identifier_list> p<54> c<52> l<14:11> el<14:17>
                n<ok_o_w> u<52> t<SIMPLE_IDENTIFIER> p<53> l<14:11> el<14:17>
        n<> u<68> t<Module_item> p<165> c<67> s<75> l<15:4> el<15:18>
          n<> u<67> t<Non_port_module_item> p<68> c<66> l<15:4> el<15:18>
            n<> u<66> t<Module_or_generate_item> p<67> c<65> l<15:4> el<15:18>
              n<> u<65> t<Module_common_item> p<66> c<64> l<15:4> el<15:18>
                n<> u<64> t<Module_or_generate_item_declaration> p<65> c<63> l<15:4> el<15:18>
                  n<> u<63> t<Package_or_generate_item_declaration> p<64> c<62> l<15:4> el<15:18>
                    n<> u<62> t<Net_declaration> p<63> c<57> l<15:4> el<15:18>
                      n<> u<57> t<WIRE> p<62> s<58> l<15:4> el<15:8>
                      n<> u<58> t<Data_type_or_implicit> p<62> s<61> l<15:11> el<15:11>
                      n<> u<61> t<Net_decl_assignment_list> p<62> c<60> l<15:11> el<15:17>
                        n<> u<60> t<Net_decl_assignment> p<61> c<59> l<15:11> el<15:17>
                          n<ok_o_w> u<59> t<SIMPLE_IDENTIFIER> p<60> l<15:11> el<15:17>
        n<> u<75> t<Module_item> p<165> c<74> s<88> l<17:4> el<17:18>
          n<> u<74> t<Port_declaration> p<75> c<73> l<17:4> el<17:17>
            n<> u<73> t<Output_declaration> p<74> c<70> l<17:4> el<17:17>
              n<> u<70> t<Net_port_type> p<73> c<69> s<72> l<17:11> el<17:11>
                n<> u<69> t<Data_type_or_implicit> p<70> l<17:11> el<17:11>
              n<> u<72> t<Port_identifier_list> p<73> c<71> l<17:11> el<17:17>
                n<ok_o_r> u<71> t<SIMPLE_IDENTIFIER> p<72> l<17:11> el<17:17>
        n<> u<88> t<Module_item> p<165> c<87> s<105> l<18:4> el<18:18>
          n<> u<87> t<Non_port_module_item> p<88> c<86> l<18:4> el<18:18>
            n<> u<86> t<Module_or_generate_item> p<87> c<85> l<18:4> el<18:18>
              n<> u<85> t<Module_common_item> p<86> c<84> l<18:4> el<18:18>
                n<> u<84> t<Module_or_generate_item_declaration> p<85> c<83> l<18:4> el<18:18>
                  n<> u<83> t<Package_or_generate_item_declaration> p<84> c<82> l<18:4> el<18:18>
                    n<> u<82> t<Data_declaration> p<83> c<81> l<18:4> el<18:18>
                      n<> u<81> t<Variable_declaration> p<82> c<77> l<18:4> el<18:18>
                        n<> u<77> t<Data_type> p<81> c<76> s<80> l<18:4> el<18:7>
                          n<> u<76> t<REG> p<77> l<18:4> el<18:7>
                        n<> u<80> t<Variable_decl_assignment_list> p<81> c<79> l<18:11> el<18:17>
                          n<> u<79> t<Variable_decl_assignment> p<80> c<78> l<18:11> el<18:17>
                            n<ok_o_r> u<78> t<SIMPLE_IDENTIFIER> p<79> l<18:11> el<18:17>
        n<> u<105> t<Module_item> p<165> c<104> s<128> l<20:4> el<20:25>
          n<> u<104> t<Port_declaration> p<105> c<103> l<20:4> el<20:24>
            n<> u<103> t<Output_declaration> p<104> c<100> l<20:4> el<20:24>
              n<> u<100> t<Net_port_type> p<103> c<99> s<102> l<20:11> el<20:16>
                n<> u<99> t<Data_type_or_implicit> p<100> c<98> l<20:11> el<20:16>
                  n<> u<98> t<Packed_dimension> p<99> c<97> l<20:11> el<20:16>
                    n<> u<97> t<Constant_range> p<98> c<92> l<20:12> el<20:15>
                      n<> u<92> t<Constant_expression> p<97> c<91> s<96> l<20:12> el<20:13>
                        n<> u<91> t<Constant_primary> p<92> c<90> l<20:12> el<20:13>
                          n<> u<90> t<Primary_literal> p<91> c<89> l<20:12> el<20:13>
                            n<1> u<89> t<INTEGRAL_NUMBER> p<90> l<20:12> el<20:13>
                      n<> u<96> t<Constant_expression> p<97> c<95> l<20:14> el<20:15>
                        n<> u<95> t<Constant_primary> p<96> c<94> l<20:14> el<20:15>
                          n<> u<94> t<Primary_literal> p<95> c<93> l<20:14> el<20:15>
                            n<0> u<93> t<INTEGRAL_NUMBER> p<94> l<20:14> el<20:15>
              n<> u<102> t<Port_identifier_list> p<103> c<101> l<20:17> el<20:24>
                n<ok_o_ra> u<101> t<SIMPLE_IDENTIFIER> p<102> l<20:17> el<20:24>
        n<> u<128> t<Module_item> p<165> c<127> s<137> l<21:4> el<21:25>
          n<> u<127> t<Non_port_module_item> p<128> c<126> l<21:4> el<21:25>
            n<> u<126> t<Module_or_generate_item> p<127> c<125> l<21:4> el<21:25>
              n<> u<125> t<Module_common_item> p<126> c<124> l<21:4> el<21:25>
                n<> u<124> t<Module_or_generate_item_declaration> p<125> c<123> l<21:4> el<21:25>
                  n<> u<123> t<Package_or_generate_item_declaration> p<124> c<122> l<21:4> el<21:25>
                    n<> u<122> t<Data_declaration> p<123> c<121> l<21:4> el<21:25>
                      n<> u<121> t<Variable_declaration> p<122> c<117> l<21:4> el<21:25>
                        n<> u<117> t<Data_type> p<121> c<106> s<120> l<21:4> el<21:16>
                          n<> u<106> t<REG> p<117> s<116> l<21:4> el<21:7>
                          n<> u<116> t<Packed_dimension> p<117> c<115> l<21:11> el<21:16>
                            n<> u<115> t<Constant_range> p<116> c<110> l<21:12> el<21:15>
                              n<> u<110> t<Constant_expression> p<115> c<109> s<114> l<21:12> el<21:13>
                                n<> u<109> t<Constant_primary> p<110> c<108> l<21:12> el<21:13>
                                  n<> u<108> t<Primary_literal> p<109> c<107> l<21:12> el<21:13>
                                    n<1> u<107> t<INTEGRAL_NUMBER> p<108> l<21:12> el<21:13>
                              n<> u<114> t<Constant_expression> p<115> c<113> l<21:14> el<21:15>
                                n<> u<113> t<Constant_primary> p<114> c<112> l<21:14> el<21:15>
                                  n<> u<112> t<Primary_literal> p<113> c<111> l<21:14> el<21:15>
                                    n<0> u<111> t<INTEGRAL_NUMBER> p<112> l<21:14> el<21:15>
                        n<> u<120> t<Variable_decl_assignment_list> p<121> c<119> l<21:17> el<21:24>
                          n<> u<119> t<Variable_decl_assignment> p<120> c<118> l<21:17> el<21:24>
                            n<ok_o_ra> u<118> t<SIMPLE_IDENTIFIER> p<119> l<21:17> el<21:24>
        n<> u<137> t<Module_item> p<165> c<136> s<145> l<23:4> el<23:21>
          n<> u<136> t<Port_declaration> p<137> c<135> l<23:4> el<23:20>
            n<> u<135> t<Output_declaration> p<136> c<132> l<23:4> el<23:20>
              n<> u<132> t<Net_port_type> p<135> c<131> s<134> l<23:11> el<23:14>
                n<> u<131> t<Data_type_or_implicit> p<132> c<130> l<23:11> el<23:14>
                  n<> u<130> t<Data_type> p<131> c<129> l<23:11> el<23:14>
                    n<> u<129> t<REG> p<130> l<23:11> el<23:14>
              n<> u<134> t<Port_identifier_list> p<135> c<133> l<23:15> el<23:20>
                n<ok_or> u<133> t<SIMPLE_IDENTIFIER> p<134> l<23:15> el<23:20>
        n<> u<145> t<Module_item> p<165> c<144> s<163> l<25:4> el<25:22>
          n<> u<144> t<Port_declaration> p<145> c<143> l<25:4> el<25:21>
            n<> u<143> t<Output_declaration> p<144> c<140> l<25:4> el<25:21>
              n<> u<140> t<Net_port_type> p<143> c<138> s<142> l<25:11> el<25:15>
                n<> u<138> t<WIRE> p<140> s<139> l<25:11> el<25:15>
                n<> u<139> t<Data_type_or_implicit> p<140> l<25:16> el<25:16>
              n<> u<142> t<Port_identifier_list> p<143> c<141> l<25:16> el<25:21>
                n<ok_ow> u<141> t<SIMPLE_IDENTIFIER> p<142> l<25:16> el<25:21>
        n<> u<163> t<Module_item> p<165> c<162> s<164> l<27:4> el<27:29>
          n<> u<162> t<Port_declaration> p<163> c<161> l<27:4> el<27:28>
            n<> u<161> t<Output_declaration> p<162> c<158> l<27:4> el<27:28>
              n<> u<158> t<Net_port_type> p<161> c<146> s<160> l<27:11> el<27:21>
                n<> u<146> t<WIRE> p<158> s<157> l<27:11> el<27:15>
                n<> u<157> t<Data_type_or_implicit> p<158> c<156> l<27:16> el<27:21>
                  n<> u<156> t<Packed_dimension> p<157> c<155> l<27:16> el<27:21>
                    n<> u<155> t<Constant_range> p<156> c<150> l<27:17> el<27:20>
                      n<> u<150> t<Constant_expression> p<155> c<149> s<154> l<27:17> el<27:18>
                        n<> u<149> t<Constant_primary> p<150> c<148> l<27:17> el<27:18>
                          n<> u<148> t<Primary_literal> p<149> c<147> l<27:17> el<27:18>
                            n<1> u<147> t<INTEGRAL_NUMBER> p<148> l<27:17> el<27:18>
                      n<> u<154> t<Constant_expression> p<155> c<153> l<27:19> el<27:20>
                        n<> u<153> t<Constant_primary> p<154> c<152> l<27:19> el<27:20>
                          n<> u<152> t<Primary_literal> p<153> c<151> l<27:19> el<27:20>
                            n<0> u<151> t<INTEGRAL_NUMBER> p<152> l<27:19> el<27:20>
              n<> u<160> t<Port_identifier_list> p<161> c<159> l<27:22> el<27:28>
                n<ok_owa> u<159> t<SIMPLE_IDENTIFIER> p<160> l<27:22> el<27:28>
        n<> u<164> t<ENDMODULE> p<165> l<28:1> el<28:10>
AST_DEBUG_END
[INF:CP0303] $Source01/t_var_dup3.v:8:1: Compile module "work@t".
[INF:CM0029] Using global timescale: "1ns/1ns".
====== UHDM =======
Design name:unnamed:
  vpiName: unnamed
  vpiSourceFile (1 items):
    SourceFile name:t_var_dup3.v file:$Source01/t_var_dup3.v:
      vpiParent: Design name:unnamed
      vpiName: t_var_dup3.v
      vpiPreprocFile: "$Output/lib/work/t_var_dup3.v"
      vpiDefNetType: none (12)
  vpiAllModules (1 items):
    Module name:work@t file:$Source01/t_var_dup3.v start:8:1 end:28:10:
      vpiParent: Design name:unnamed
      vpiName Identifier name:work@t start:8:8 end:8:9:
        vpiParent: Module name:work@t
        vpiName: work@t
      vpiFullName: work@t
      vpiTypespec (4 items):
        LogicTypespec:
          vpiParent: Module name:work@t
        LogicTypespec:
          vpiParent: Module name:work@t
          vpiRange (1 items):
            Range start:20:11 end:20:16:
              vpiParent: LogicTypespec
              vpiLeftRange Constant start:20:12 end:20:13:
                vpiParent: Range
                vpiTypespec RefTypespec:
                  vpiParent: Constant
                  vpiFullName: work@t
                  vpiActual: IntTypespec
                vpiConstType: unsigned int (9)
                vpiSize: 64
                vpiDecompile: "1"
                vpiValue: 1
              vpiRightRange Constant start:20:14 end:20:15:
                vpiParent: Range
                vpiTypespec RefTypespec:
                  vpiParent: Constant
                  vpiFullName: work@t
                  vpiActual: IntTypespec
                vpiConstType: unsigned int (9)
                vpiSize: 64
                vpiDecompile: "0"
                vpiValue: 0
          vpiVector: true
        LogicTypespec:
          vpiParent: Module name:work@t
          vpiRange (1 items):
            Range start:21:11 end:21:16:
              vpiParent: LogicTypespec
              vpiLeftRange Constant start:21:12 end:21:13:
                vpiParent: Range
                vpiTypespec RefTypespec:
                  vpiParent: Constant
                  vpiFullName: work@t
                  vpiActual: IntTypespec
                vpiConstType: unsigned int (9)
                vpiSize: 64
                vpiDecompile: "1"
                vpiValue: 1
              vpiRightRange Constant start:21:14 end:21:15:
                vpiParent: Range
                vpiTypespec RefTypespec:
                  vpiParent: Constant
                  vpiFullName: work@t
                  vpiActual: IntTypespec
                vpiConstType: unsigned int (9)
                vpiSize: 64
                vpiDecompile: "0"
                vpiValue: 0
          vpiVector: true
        LogicTypespec:
          vpiParent: Module name:work@t
          vpiRange (1 items):
            Range start:27:16 end:27:21:
              vpiParent: LogicTypespec
              vpiLeftRange Constant start:27:17 end:27:18:
                vpiParent: Range
                vpiTypespec RefTypespec:
                  vpiParent: Constant
                  vpiFullName: work@t
                  vpiActual: IntTypespec
                vpiConstType: unsigned int (9)
                vpiSize: 64
                vpiDecompile: "1"
                vpiValue: 1
              vpiRightRange Constant start:27:19 end:27:20:
                vpiParent: Range
                vpiTypespec RefTypespec:
                  vpiParent: Constant
                  vpiFullName: work@t
                  vpiActual: IntTypespec
                vpiConstType: unsigned int (9)
                vpiSize: 64
                vpiDecompile: "0"
                vpiValue: 0
          vpiVector: true
      vpiDefName: work@t
      vpiDefNetType: none (12)
      vpiLibrary RefObj name:work:
        vpiParent: Module name:work@t
        vpiName: work
        vpiFullName: work@t.work
      vpiCell: t
      vpiNet (6 items):
        Net name:ok_o_w start:14:11 end:14:17:
          vpiParent: Module name:work@t
          vpiTypespec RefTypespec start:14:11 end:14:11:
            vpiParent: Net name:ok_o_w
            vpiFullName: work@t.ok_o_w
            vpiActual: LogicTypespec
          vpiName: ok_o_w
          vpiFullName: work@t.ok_o_w
          vpiNetType: wire (1)
        Net name:ok_o_r start:17:11 end:17:17:
          vpiParent: Module name:work@t
          vpiTypespec RefTypespec start:17:11 end:17:11:
            vpiParent: Net name:ok_o_r
            vpiFullName: work@t.ok_o_r
            vpiActual: LogicTypespec
          vpiName: ok_o_r
          vpiFullName: work@t.ok_o_r
        Net name:ok_o_ra start:20:17 end:20:24:
          vpiParent: Module name:work@t
          vpiTypespec RefTypespec start:20:11 end:20:16:
            vpiParent: Net name:ok_o_ra
            vpiFullName: work@t.ok_o_ra
            vpiActual: LogicTypespec
          vpiName: ok_o_ra
          vpiFullName: work@t.ok_o_ra
        Net name:ok_or start:23:15 end:23:20:
          vpiParent: Module name:work@t
          vpiTypespec RefTypespec start:23:11 end:23:14:
            vpiParent: Net name:ok_or
            vpiFullName: work@t.ok_or
            vpiActual: LogicTypespec
          vpiName: ok_or
          vpiFullName: work@t.ok_or
          vpiNetType: reg (48)
        Net name:ok_ow start:25:16 end:25:21:
          vpiParent: Module name:work@t
          vpiTypespec RefTypespec start:25:11 end:25:15:
            vpiParent: Net name:ok_ow
            vpiFullName: work@t.ok_ow
            vpiActual: LogicTypespec
          vpiName: ok_ow
          vpiFullName: work@t.ok_ow
          vpiNetType: wire (1)
        Net name:ok_owa start:27:22 end:27:28:
          vpiParent: Module name:work@t
          vpiTypespec RefTypespec start:27:11 end:27:21:
            vpiParent: Net name:ok_owa
            vpiFullName: work@t.ok_owa
            vpiActual: LogicTypespec
          vpiName: ok_owa
          vpiFullName: work@t.ok_owa
          vpiNetType: wire (1)
      vpiPort (6 items):
        Port name:ok_o_w start:11:4 end:11:10:
          vpiParent: Module name:work@t
          vpiName: ok_o_w
          vpiDirection: output (2)
          vpiLowConn RefObj name:ok_o_w start:11:4 end:11:10:
            vpiParent: Port name:ok_o_w
            vpiName: ok_o_w
            vpiFullName: work@t.ok_o_w.ok_o_w
            vpiActual: Net name:ok_o_w
          vpiTypespec RefTypespec start:14:11 end:14:11:
            vpiParent: Port name:ok_o_w
            vpiFullName: work@t.ok_o_w
            vpiActual: LogicTypespec
        Port name:ok_o_r start:11:12 end:11:18:
          vpiParent: Module name:work@t
          vpiName: ok_o_r
          vpiDirection: output (2)
          vpiLowConn RefObj name:ok_o_r start:11:12 end:11:18:
            vpiParent: Port name:ok_o_r
            vpiName: ok_o_r
            vpiFullName: work@t.ok_o_r.ok_o_r
            vpiActual: Net name:ok_o_r
          vpiTypespec RefTypespec start:17:11 end:17:11:
            vpiParent: Port name:ok_o_r
            vpiFullName: work@t.ok_o_r
            vpiActual: LogicTypespec
        Port name:ok_o_ra start:11:20 end:11:27:
          vpiParent: Module name:work@t
          vpiName: ok_o_ra
          vpiDirection: output (2)
          vpiLowConn RefObj name:ok_o_ra start:11:20 end:11:27:
            vpiParent: Port name:ok_o_ra
            vpiName: ok_o_ra
            vpiFullName: work@t.ok_o_ra.ok_o_ra
            vpiActual: Net name:ok_o_ra
          vpiTypespec RefTypespec start:20:11 end:20:16:
            vpiParent: Port name:ok_o_ra
            vpiFullName: work@t.ok_o_ra
            vpiActual: LogicTypespec
        Port name:ok_or start:11:29 end:11:34:
          vpiParent: Module name:work@t
          vpiName: ok_or
          vpiDirection: output (2)
          vpiLowConn RefObj name:ok_or start:11:29 end:11:34:
            vpiParent: Port name:ok_or
            vpiName: ok_or
            vpiFullName: work@t.ok_or.ok_or
            vpiActual: Net name:ok_or
          vpiTypespec RefTypespec start:23:11 end:23:14:
            vpiParent: Port name:ok_or
            vpiFullName: work@t.ok_or
            vpiActual: LogicTypespec
        Port name:ok_ow start:11:36 end:11:41:
          vpiParent: Module name:work@t
          vpiName: ok_ow
          vpiDirection: output (2)
          vpiLowConn RefObj name:ok_ow start:11:36 end:11:41:
            vpiParent: Port name:ok_ow
            vpiName: ok_ow
            vpiFullName: work@t.ok_ow.ok_ow
            vpiActual: Net name:ok_ow
          vpiTypespec RefTypespec start:25:11 end:25:15:
            vpiParent: Port name:ok_ow
            vpiFullName: work@t.ok_ow
            vpiActual: LogicTypespec
        Port name:ok_owa start:11:43 end:11:49:
          vpiParent: Module name:work@t
          vpiName: ok_owa
          vpiDirection: output (2)
          vpiLowConn RefObj name:ok_owa start:11:43 end:11:49:
            vpiParent: Port name:ok_owa
            vpiName: ok_owa
            vpiFullName: work@t.ok_owa.ok_owa
            vpiActual: Net name:ok_owa
          vpiTypespec RefTypespec start:27:11 end:27:21:
            vpiParent: Port name:ok_owa
            vpiFullName: work@t.ok_owa
            vpiActual: LogicTypespec
  vpiTypespec (2 items):
    ModuleTypespec name:work@t:
      vpiParent: Design name:unnamed
      vpiName Identifier name:work@t start:8:8 end:8:9:
        vpiParent: ModuleTypespec name:work@t
        vpiName: work@t
      vpiModule: Module name:work@t
    IntTypespec:
      vpiParent: Design name:unnamed
      vpiSigned: true
===================
[  FATAL] : 0
[ SYNTAX] : 0
[  ERROR] : 0
[WARNING] : 0
[   NOTE] : 0
********************************************
*   End SURELOG SVerilog Compiler/Linter   *
********************************************

#**#**#**#**#**#**#**#**#**#**#**#**#**#**#**#**#**#**#**#**#**#**#**#**#**#**#**#**#**#**#**#**#**#**#**#**#**#**#**#**

Environment:
      test-name: Verilator/t_var_dup3
   test-dirpath: ${SURELOG_DIR}/regression/Verilator/t_var_dup3
  uhdm-filepath: ${SURELOG_DIR}/regression/Verilator/t_var_dup3/surelog.uhdm
mounts-filepath: ${SURELOG_DIR}/regression/Verilator/t_var_dup3/mounts.json


{'result': {'coverage': 91.48,
            'error_count': 0,
            'file_count': 1,
            'files': {'$Output/lib/work/t_var_dup3.v': {'post_len': 19,
                                                        'pre_len': 223}},
            'post_len': 19,
            'pre_len': 223,
            'test_name': 'Verilator/t_var_dup3'}}

+-------------------------------+----------+-----------+
| INPUT                         |   PRELEN |   POSTLEN |
+===============================+==========+===========+
| $Output/lib/work/t_var_dup3.v |      223 |        19 |
+===============================+==========+===========+
|                               |      223 |        19 |
+-------------------------------+----------+-----------+

[   ERROR] : 0
[COVERAGE] : 91.48


#**#**#**#**#**#**#**#**#**#**#**#**#**#**#**#**#**#**#**#**#**#**#**#**#**#**#**#**#**#**#**#**#**#**#**#**#**#**#**#**

COMMAND: ${SURELOG_DIR}/regression/Verilator/t_var_dup3/surelog.uhdm ${SURELOG_DIR}/regression/Verilator/t_var_dup3/reduced.uhdm

==================== BEGIN REDUCTION RESULT ====================
Name                            Before   After   Added   Removed
----------------------------------------------------------------
----------------------------------------------------------------
Others                              57      57       0         0
----------------------------------------------------------------
                                    57      57       0         0
===================== END REDUCTION RESULT =====================
