********************************************************************************
*                   Begin HLC SystemVerilog Compiler/Linter                    *
********************************************************************************
Copyright (c) 2020 Apotell,
http://www.apache.org/licenses/LICENSE-2.0
VERSION: 1.84
COMMAND: -wd ../../../../tests/NetsAndVariables/Ansi -d ast -d db Package.sv -nobuiltin -mt 0 -d dbstats -d cache -writepp -d db -nostdout -o ${HLC_DIR}/regression/NetsAndVariables/Ansi/Package
[INF:CM0023] Creating log file "$Output/hlc.log".
[INF:PP0122] Preprocessing source file "$Source01/Package.sv".
[INF:PA0201] Parsing source file "$Source01/Package.sv".
AST_DEBUG_BEGIN
Count: 40
LIB: work
FILE<0>:$Source01/Package.sv
n<$Source01/Package.sv> u<39> t<Top_level_rule> c<1> l<17:1> el<23:1>
  n<> u<1> t<Null_rule> p<39> s<2> l<17:1> el<17:1>
  n</*\n Copyright 2020 Apotell\n\n Licensed under the Apache License, Version 2.0 (the "License");\n you may not use this file except in compliance with the License.\n You may obtain a copy of the License at\n\n http://www.apache.org/licenses/LICENSE-2.0\n\n Unless required by applicable law or agreed to in writing, software\n distributed under the License is distributed on an "AS IS" BASIS,\n WITHOUT WARRANTIES OR CONDITIONS OF ANY KIND, either express or implied.\n See the License for the specific language governing permissions and\n limitations under the License.\n*/> u<2> t<BLOCK_COMMENT> p<39> s<38> l<17:1> el<22:11>
  n<> u<38> t<Source_text> p<39> c<37> l<17:1> el<22:11>
    n<> u<37> t<Description> p<38> c<36> l<17:1> el<22:11>
      n<> u<36> t<Package_declaration> p<37> c<3> l<17:1> el<22:11>
        n<> u<3> t<PACKAGE> p<36> s<4> l<17:1> el<17:8>
        n<nets_and_variables_pkg> u<4> t<SIMPLE_IDENTIFIER> p<36> s<5> l<17:9> el<17:31>
        n<// Package-scoped variable and net-like declarations> u<5> t<LINE_COMMENT> p<36> s<14> l<18:3> el<18:55>
        n<> u<14> t<Package_item> p<36> c<13> s<15> l<19:3> el<19:19>
          n<> u<13> t<Package_or_generate_item_declaration> p<14> c<12> l<19:3> el<19:19>
            n<> u<12> t<Data_declaration> p<13> c<11> l<19:3> el<19:19>
              n<> u<11> t<Variable_declaration> p<12> c<7> l<19:3> el<19:19>
                n<> u<7> t<Data_type> p<11> c<6> s<10> l<19:3> el<19:8>
                  n<> u<6> t<LOGIC> p<7> l<19:3> el<19:8>
                n<> u<10> t<Variable_decl_assignment_list> p<11> c<9> l<19:9> el<19:18>
                  n<> u<9> t<Variable_decl_assignment> p<10> c<8> l<19:9> el<19:18>
                    n<pkg_logic> u<8> t<SIMPLE_IDENTIFIER> p<9> l<19:9> el<19:18>
        n<// package variable declaration> u<15> t<LINE_COMMENT> p<36> s<24> l<19:20> el<19:51>
        n<> u<24> t<Package_item> p<36> c<23> s<25> l<20:3> el<20:15>
          n<> u<23> t<Package_or_generate_item_declaration> p<24> c<22> l<20:3> el<20:15>
            n<> u<22> t<Data_declaration> p<23> c<21> l<20:3> el<20:15>
              n<> u<21> t<Variable_declaration> p<22> c<17> l<20:3> el<20:15>
                n<> u<17> t<Data_type> p<21> c<16> s<20> l<20:3> el<20:6>
                  n<> u<16> t<REG> p<17> l<20:3> el<20:6>
                n<> u<20> t<Variable_decl_assignment_list> p<21> c<19> l<20:7> el<20:14>
                  n<> u<19> t<Variable_decl_assignment> p<20> c<18> l<20:7> el<20:14>
                    n<pkg_reg> u<18> t<SIMPLE_IDENTIFIER> p<19> l<20:7> el<20:14>
        n<// package variable declaration> u<25> t<LINE_COMMENT> p<36> s<33> l<20:16> el<20:47>
        n<> u<33> t<Package_item> p<36> c<32> s<34> l<21:3> el<21:17>
          n<> u<32> t<Package_or_generate_item_declaration> p<33> c<31> l<21:3> el<21:17>
            n<> u<31> t<Net_declaration> p<32> c<26> l<21:3> el<21:17>
              n<> u<26> t<WIRE> p<31> s<27> l<21:3> el<21:7>
              n<> u<27> t<Data_type_or_implicit> p<31> s<30> l<21:8> el<21:8>
              n<> u<30> t<Net_decl_assignment_list> p<31> c<29> l<21:8> el<21:16>
                n<> u<29> t<Net_decl_assignment> p<30> c<28> l<21:8> el<21:16>
                  n<pkg_wire> u<28> t<SIMPLE_IDENTIFIER> p<29> l<21:8> el<21:16>
        n<// package net declaration> u<34> t<LINE_COMMENT> p<36> s<35> l<21:18> el<21:44>
        n<> u<35> t<ENDPACKAGE> p<36> l<22:1> el<22:11>
AST_DEBUG_END
[INF:CP0301] $Source01/Package.sv:17:1: Compile package "nets_and_variables_pkg".
[WRN:PA0205] $Source01/Package.sv:17:1: No timescale set for "nets_and_variables_pkg".
====== HLDB =======
Design name:unnamed:
  vpiName: unnamed
  vpiSourceFile (1 items):
    SourceFile name:Package.sv file:$Source01/Package.sv:
      vpiParent: Design name:unnamed
      vpiName: Package.sv
      vpiPreprocFile: "$Output/lib/work/Package.sv"
  vpiAllPackages (1 items):
    Package name:nets_and_variables_pkg file:$Source01/Package.sv start:17:1 end:22:11:
      vpiParent: Design name:unnamed
      vpiName Identifier name:nets_and_variables_pkg start:17:9 end:17:31:
      vpiFullName: nets_and_variables_pkg
      vpiVariable (2 items):
        Variable name:pkg_logic start:19:9 end:19:18:
          vpiParent: Package name:nets_and_variables_pkg
          vpiTypespec RefTypespec start:19:3 end:19:8:
            vpiParent: Variable name:pkg_logic
            vpiFullName: nets_and_variables_pkg::pkg_logic
            vpiActual: LogicTypespec
          vpiName: pkg_logic
          vpiFullName: nets_and_variables_pkg::pkg_logic
          vpiScalar: true
        Variable name:pkg_reg start:20:7 end:20:14:
          vpiParent: Package name:nets_and_variables_pkg
          vpiTypespec RefTypespec start:20:3 end:20:6:
            vpiParent: Variable name:pkg_reg
            vpiFullName: nets_and_variables_pkg::pkg_reg
            vpiActual: LogicTypespec
          vpiName: pkg_reg
          vpiFullName: nets_and_variables_pkg::pkg_reg
          vpiScalar: true
      vpiTypespec (1 items):
        LogicTypespec:
          vpiParent: Package name:nets_and_variables_pkg
      vpiDefName: nets_and_variables_pkg
      vpiDefNetType: wire (1)
      vpiLibrary RefObj name:work:
        vpiParent: Package name:nets_and_variables_pkg
        vpiName: work
        vpiFullName: nets_and_variables_pkg::work
      vpiCell: nets_and_variables_pkg
      vpiNet (1 items):
        Net name:pkg_wire start:21:8 end:21:16:
          vpiParent: Package name:nets_and_variables_pkg
          vpiTypespec RefTypespec start:21:8 end:21:8:
            vpiParent: Net name:pkg_wire
            vpiFullName: nets_and_variables_pkg::pkg_wire
            vpiActual: LogicTypespec
          vpiName: pkg_wire
          vpiFullName: nets_and_variables_pkg::pkg_wire
          vpiNetDeclAssign: true
          vpiNetType: wire (1)
          vpiScalar: true
===================
[  FATAL] : 0
[ SYNTAX] : 0
[  ERROR] : 0
[WARNING] : 1
[   NOTE] : 0
********************************************************************************
*                    End HLC SystemVerilog Compiler/Linter                     *
********************************************************************************

#**#**#**#**#**#**#**#**#**#**#**#**#**#**#**#**#**#**#**#**#**#**#**#**#**#**#**#**#**#**#**#**#**#**#**#**#**#**#**#**

Environment:
      test-name: NetsAndVariables/Ansi/Package
   test-dirpath: ${HLC_DIR}/regression/NetsAndVariables/Ansi/Package
  hldb-filepath: ${HLC_DIR}/regression/NetsAndVariables/Ansi/Package/design.hldb
mounts-filepath: ${HLC_DIR}/regression/NetsAndVariables/Ansi/Package/mounts.json


{'result': {'coverage': 100.0,
            'error_count': 0,
            'file_count': 1,
            'files': {'$Output/lib/work/Package.sv': {'post_len': 0,
                                                      'pre_len': 83}},
            'post_len': 0,
            'pre_len': 83,
            'test_name': 'NetsAndVariables/Ansi/Package'}}

+-----------------------------+----------+-----------+
| INPUT                       |   PRELEN |   POSTLEN |
+=============================+==========+===========+
| $Output/lib/work/Package.sv |       83 |         0 |
+=============================+==========+===========+
|                             |       83 |         0 |
+-----------------------------+----------+-----------+

[   ERROR] : 0
[COVERAGE] : 100.0


#**#**#**#**#**#**#**#**#**#**#**#**#**#**#**#**#**#**#**#**#**#**#**#**#**#**#**#**#**#**#**#**#**#**#**#**#**#**#**#**

COMMAND: ${HLC_DIR}/regression/NetsAndVariables/Ansi/Package/design.hldb ${HLC_DIR}/regression/NetsAndVariables/Ansi/Package/reduced.hldb

==================== BEGIN REDUCTION RESULT ====================
Name                            Before   After   Added   Removed
----------------------------------------------------------------
----------------------------------------------------------------
Others                              12      12       0         0
----------------------------------------------------------------
                                    12      12       0         0
===================== END REDUCTION RESULT =====================
