[INF:CM0023] Creating log file "${SURELOG_DIR}/regression/Verilator/t_flag_lib/slpp_all/surelog.log".
AST_DEBUG_BEGIN
Count: 27
LIB: work
FILE: ${SURELOG_DIR}/tests/Verilator/t_flag_lib.v
n<${SURELOG_DIR}/tests/Verilator/t_flag_lib.v> u<26> t<Top_level_rule> c<1> l<6:1> el<11:1>
  n<> u<1> t<Null_rule> p<26> s<2> l<6:1> el<6:1>
  n<// DESCRIPTION: Verilator: Verilog Test module> u<2> t<LINE_COMMENT> p<26> s<3> l<1:1> el<1:47>
  n<//> u<3> t<LINE_COMMENT> p<26> s<4> l<2:1> el<2:3>
  n<// This file ONLY is placed into the Public Domain, for any use,> u<4> t<LINE_COMMENT> p<26> s<5> l<3:1> el<3:65>
  n<// without warranty, 2005 by Wilson Snyder.> u<5> t<LINE_COMMENT> p<26> s<25> l<4:1> el<4:44>
  n<> u<25> t<Source_text> p<26> c<24> l<6:1> el<10:10>
    n<> u<24> t<Description> p<25> c<23> l<6:1> el<10:10>
      n<> u<23> t<Module_declaration> p<24> c<11> l<6:1> el<10:10>
        n<> u<11> t<Module_nonansi_header> p<23> c<6> s<21> l<6:1> el<6:24>
          n<module> u<6> t<Module_keyword> p<11> s<7> l<6:1> el<6:7>
          n<t> u<7> t<SIMPLE_IDENTIFIER> p<11> s<8> l<6:8> el<6:9>
          n<> u<8> t<Package_import_declaration_list> p<11> s<9> l<6:10> el<6:10>
          n</*AUTOARG*/> u<9> t<BLOCK_COMMENT> p<11> s<10> l<6:10> el<6:23>
          n<> u<10> t<Port_list> p<11> l<6:10> el<6:23>
        n<> u<21> t<Module_item> p<23> c<20> s<22> l<8:4> el<8:18>
          n<> u<20> t<Non_port_module_item> p<21> c<19> l<8:4> el<8:18>
            n<> u<19> t<Module_or_generate_item> p<20> c<18> l<8:4> el<8:18>
              n<> u<18> t<Unsupported_instantiation> p<19> c<12> l<8:4> el<8:18>
                n<liblib_a> u<12> t<SIMPLE_IDENTIFIER> p<18> s<17> l<8:4> el<8:12>
                n<> u<17> t<Hierarchical_instance> p<18> c<14> l<8:13> el<8:17>
                  n<> u<14> t<Name_of_instance> p<17> c<13> s<16> l<8:13> el<8:14>
                    n<a> u<13> t<SIMPLE_IDENTIFIER> p<14> l<8:13> el<8:14>
                  n<> u<16> t<Port_connection_list> p<17> c<15> l<8:16> el<8:16>
                    n<> u<15> t<Ordered_port_connection> p<16> l<8:16> el<8:16>
        n<> u<22> t<ENDMODULE> p<23> l<10:1> el<10:10>
AST_DEBUG_END
[INF:CP0303] ${SURELOG_DIR}/tests/Verilator/t_flag_lib.v:6:1: Compile module "work@t".
[INF:CM0029] Using global timescale: "1ns/1ns".
====== UHDM =======
Design name:unnamed:
  vpiName: unnamed
  vpiSourceFiles (1 items):
    SourceFile name:t_flag_lib.v file:${SURELOG_DIR}/tests/Verilator/t_flag_lib.v:
      vpiParent: Design name:unnamed
      vpiName: t_flag_lib.v
      vpiPreprocFile: "${SURELOG_DIR}/regression/Verilator/t_flag_lib/slpp_all/lib/work/t_flag_lib.v"
      vpiDefNetType: none (12)
  vpiAllModules (1 items):
    Module name:work@t file:${SURELOG_DIR}/tests/Verilator/t_flag_lib.v start:6:1 end:10:10:
      vpiParent: Design name:unnamed
      vpiName Identifier name:work@t start:6:8 end:6:9:
        vpiParent: Module name:work@t
        vpiName: work@t
      vpiFullName: work@t
      vpiTypespec (1 items):
        UnsupportedTypespec name:work@liblib_a start:8:4 end:8:12:
          vpiParent: Module name:work@t
          vpiName Identifier name:work@liblib_a start:8:4 end:8:12:
            vpiParent: UnsupportedTypespec name:work@liblib_a
            vpiName: work@liblib_a
      vpiDefName: work@t
      vpiDefNetType: none (12)
      vpiRefInstance (1 items):
        RefInstance name:a start:8:13 end:8:14:
          vpiParent: Module name:work@t
          vpiName: a
          vpiTypespec RefTypespec name:work@liblib_a start:8:4 end:8:12:
            vpiParent: RefInstance name:a
            vpiName: work@liblib_a
            vpiFullName: work@t.a.work@liblib_a
            vpiActual: UnsupportedTypespec name:work@liblib_a
  vpiTypespec (1 items):
    ModuleTypespec name:work@t:
      vpiParent: Design name:unnamed
      vpiName Identifier name:work@t start:6:8 end:6:9:
        vpiParent: ModuleTypespec name:work@t
        vpiName: work@t
      vpiModule: Module name:work@t
===================

[  FATAL] : 0
[ SYNTAX] : 0
[  ERROR] : 0
[WARNING] : 0
[   NOTE] : 0

#**#**#**#**#**#**#**#**#**#**#**#**#**#**#**#**#**#**#**#**#**#**#**#**#**#**#**#**#**#**#**#**#**#**#**#**#**#**#**#**

Environment:
    test-name: Verilator/t_flag_lib
 test-dirpath: ${SURELOG_DIR}/regression/Verilator/t_flag_lib
 slpp_dirpath: ${SURELOG_DIR}/regression/Verilator/t_flag_lib/slpp_all
uhdm-filepath: ${SURELOG_DIR}/regression/Verilator/t_flag_lib/slpp_all/surelog.uhdm


{'result': {'coverage': 100.0,
            'error_count': 0,
            'file_count': 1,
            'files': {PosixPath('${SURELOG_DIR}/regression/Verilator/t_flag_lib/slpp_all/lib/work/t_flag_lib.v'): {'post_len': 0,
                                                                                                                                        'pre_len': 46}},
            'post_len': 0,
            'pre_len': 46,
            'test_name': 'Verilator/t_flag_lib'}}

+--------------------------------+----------+-----------+
| INPUT                          |   PRELEN |   POSTLEN |
+================================+==========+===========+
| slpp_all/lib/work/t_flag_lib.v |       46 |         0 |
+================================+==========+===========+
|                                |       46 |         0 |
+--------------------------------+----------+-----------+

[   ERROR] : 0
[COVERAGE] : 100.0


#**#**#**#**#**#**#**#**#**#**#**#**#**#**#**#**#**#**#**#**#**#**#**#**#**#**#**#**#**#**#**#**#**#**#**#**#**#**#**#**

COMMAND: ${SURELOG_DIR}/regression/Verilator/t_flag_lib/slpp_all/surelog.uhdm ${SURELOG_DIR}/regression/Verilator/t_flag_lib/slpp_all/reduced.uhdm

==================== BEGIN REDUCTION RESULT ====================
Name                            Before   After   Added   Removed
----------------------------------------------------------------
----------------------------------------------------------------
Others                              10      10       0         0
----------------------------------------------------------------
                                    10      10       0         0
===================== END REDUCTION RESULT =====================
