********************************************************************************
*                   Begin HLC SystemVerilog Compiler/Linter                    *
********************************************************************************
Copyright (c) 2020 Apotell,
http://www.apache.org/licenses/LICENSE-2.0
VERSION: 1.84
COMMAND: -wd ../../../tests/Verilator +incdir+. -nobuiltin -timescale=1ns/1ns -d ast -d db t_array_backw_index_bad.v -mt 0 -d dbstats -d cache -writepp -d db -nostdout -o ${HLC_DIR}/regression/Verilator/t_array_backw_index_bad
[INF:CM5022] Creating log file "$Output/hlc.log".
[INF:PP5223] Preprocessing source file "$Source01/t_array_backw_index_bad.v".
[INF:PA5502] Parsing source file "$Source01/t_array_backw_index_bad.v".
AST_DEBUG_BEGIN
Count: 257
LIB: work
FILE<0>:$Source01/t_array_backw_index_bad.v
n<$Source01/t_array_backw_index_bad.v> u<256> t<Top_level_rule> c<1> l<6:1> el<23:1>
  n<> u<1> t<Null_rule> p<256> s<2> l<6:1> el<6:1>
  n<// DESCRIPTION: Verilator: Verilog Test module> u<2> t<LINE_COMMENT> p<256> s<3> l<1:1> el<1:47>
  n<//> u<3> t<LINE_COMMENT> p<256> s<4> l<2:1> el<2:3>
  n<// This file ONLY is placed into the Public Domain, for any use,> u<4> t<LINE_COMMENT> p<256> s<5> l<3:1> el<3:65>
  n<// without warranty, 2017 by Wilson Snyder.> u<5> t<LINE_COMMENT> p<256> s<255> l<4:1> el<4:44>
  n<> u<255> t<Source_text> p<256> c<254> l<6:1> el<22:10>
    n<> u<254> t<Description> p<255> c<253> l<6:1> el<22:10>
      n<> u<253> t<Module_declaration> p<254> c<11> l<6:1> el<22:10>
        n<> u<11> t<Module_nonansi_header> p<253> c<6> s<46> l<6:1> el<6:24>
          n<module> u<6> t<MODULE> p<11> s<7> l<6:1> el<6:7>
          n<t> u<7> t<SIMPLE_IDENTIFIER> p<11> s<8> l<6:8> el<6:9>
          n<> u<8> t<Package_import_declaration_list> p<11> s<9> l<6:10> el<6:10>
          n</*AUTOARG*/> u<9> t<BLOCK_COMMENT> p<11> s<10> l<6:10> el<6:23>
          n<> u<10> t<Port_list> p<11> l<6:10> el<6:23>
        n<> u<46> t<Module_item> p<253> c<45> s<81> l<8:4> el<8:36>
          n<> u<45> t<Non_port_module_item> p<46> c<44> l<8:4> el<8:36>
            n<> u<44> t<Module_or_generate_item> p<45> c<43> l<8:4> el<8:36>
              n<> u<43> t<Module_common_item> p<44> c<42> l<8:4> el<8:36>
                n<> u<42> t<Module_or_generate_item_declaration> p<43> c<41> l<8:4> el<8:36>
                  n<> u<41> t<Package_or_generate_item_declaration> p<42> c<40> l<8:4> el<8:36>
                    n<> u<40> t<Data_declaration> p<41> c<39> l<8:4> el<8:36>
                      n<> u<39> t<Variable_declaration> p<40> c<24> l<8:4> el<8:36>
                        n<> u<24> t<Data_type> p<39> c<13> s<38> l<8:4> el<8:16>
                          n<> u<13> t<Class_type> p<24> c<12> s<23> l<8:4> el<8:9>
                            n<logic> u<12> t<SIMPLE_IDENTIFIER> p<13> l<8:4> el<8:9>
                          n<> u<23> t<Packed_dimension> p<24> c<22> l<8:10> el<8:16>
                            n<> u<22> t<Constant_range> p<23> c<17> l<8:11> el<8:15>
                              n<> u<17> t<Constant_expression> p<22> c<16> s<21> l<8:11> el<8:13>
                                n<> u<16> t<Constant_primary> p<17> c<15> l<8:11> el<8:13>
                                  n<> u<15> t<Primary_literal> p<16> c<14> l<8:11> el<8:13>
                                    n<31> u<14> t<INTEGRAL_NUMBER> p<15> l<8:11> el<8:13>
                              n<> u<21> t<Constant_expression> p<22> c<20> l<8:14> el<8:15>
                                n<> u<20> t<Constant_primary> p<21> c<19> l<8:14> el<8:15>
                                  n<> u<19> t<Primary_literal> p<20> c<18> l<8:14> el<8:15>
                                    n<0> u<18> t<INTEGRAL_NUMBER> p<19> l<8:14> el<8:15>
                        n<> u<38> t<Variable_decl_assignment_list> p<39> c<37> l<8:17> el<8:35>
                          n<> u<37> t<Variable_decl_assignment> p<38> c<25> l<8:17> el<8:35>
                            n<array_assign> u<25> t<SIMPLE_IDENTIFIER> p<37> s<36> l<8:17> el<8:29>
                            n<> u<36> t<Variable_dimension> p<37> c<35> l<8:30> el<8:35>
                              n<> u<35> t<Unpacked_dimension> p<36> c<34> l<8:30> el<8:35>
                                n<> u<34> t<Constant_range> p<35> c<29> l<8:31> el<8:34>
                                  n<> u<29> t<Constant_expression> p<34> c<28> s<33> l<8:31> el<8:32>
                                    n<> u<28> t<Constant_primary> p<29> c<27> l<8:31> el<8:32>
                                      n<> u<27> t<Primary_literal> p<28> c<26> l<8:31> el<8:32>
                                        n<3> u<26> t<INTEGRAL_NUMBER> p<27> l<8:31> el<8:32>
                                  n<> u<33> t<Constant_expression> p<34> c<32> l<8:33> el<8:34>
                                    n<> u<32> t<Constant_primary> p<33> c<31> l<8:33> el<8:34>
                                      n<> u<31> t<Primary_literal> p<32> c<30> l<8:33> el<8:34>
                                        n<0> u<30> t<INTEGRAL_NUMBER> p<31> l<8:33> el<8:34>
        n<> u<81> t<Module_item> p<253> c<80> s<251> l<10:4> el<10:37>
          n<> u<80> t<Non_port_module_item> p<81> c<79> l<10:4> el<10:37>
            n<> u<79> t<Module_or_generate_item> p<80> c<78> l<10:4> el<10:37>
              n<> u<78> t<Module_common_item> p<79> c<77> l<10:4> el<10:37>
                n<> u<77> t<Module_or_generate_item_declaration> p<78> c<76> l<10:4> el<10:37>
                  n<> u<76> t<Package_or_generate_item_declaration> p<77> c<75> l<10:4> el<10:37>
                    n<> u<75> t<Data_declaration> p<76> c<74> l<10:4> el<10:37>
                      n<> u<74> t<Variable_declaration> p<75> c<59> l<10:4> el<10:37>
                        n<> u<59> t<Data_type> p<74> c<48> s<73> l<10:4> el<10:16>
                          n<> u<48> t<Class_type> p<59> c<47> s<58> l<10:4> el<10:9>
                            n<logic> u<47> t<SIMPLE_IDENTIFIER> p<48> l<10:4> el<10:9>
                          n<> u<58> t<Packed_dimension> p<59> c<57> l<10:10> el<10:16>
                            n<> u<57> t<Constant_range> p<58> c<52> l<10:11> el<10:15>
                              n<> u<52> t<Constant_expression> p<57> c<51> s<56> l<10:11> el<10:13>
                                n<> u<51> t<Constant_primary> p<52> c<50> l<10:11> el<10:13>
                                  n<> u<50> t<Primary_literal> p<51> c<49> l<10:11> el<10:13>
                                    n<31> u<49> t<INTEGRAL_NUMBER> p<50> l<10:11> el<10:13>
                              n<> u<56> t<Constant_expression> p<57> c<55> l<10:14> el<10:15>
                                n<> u<55> t<Constant_primary> p<56> c<54> l<10:14> el<10:15>
                                  n<> u<54> t<Primary_literal> p<55> c<53> l<10:14> el<10:15>
                                    n<0> u<53> t<INTEGRAL_NUMBER> p<54> l<10:14> el<10:15>
                        n<> u<73> t<Variable_decl_assignment_list> p<74> c<72> l<10:17> el<10:36>
                          n<> u<72> t<Variable_decl_assignment> p<73> c<60> l<10:17> el<10:36>
                            n<larray_assign> u<60> t<SIMPLE_IDENTIFIER> p<72> s<71> l<10:17> el<10:30>
                            n<> u<71> t<Variable_dimension> p<72> c<70> l<10:31> el<10:36>
                              n<> u<70> t<Unpacked_dimension> p<71> c<69> l<10:31> el<10:36>
                                n<> u<69> t<Constant_range> p<70> c<64> l<10:32> el<10:35>
                                  n<> u<64> t<Constant_expression> p<69> c<63> s<68> l<10:32> el<10:33>
                                    n<> u<63> t<Constant_primary> p<64> c<62> l<10:32> el<10:33>
                                      n<> u<62> t<Primary_literal> p<63> c<61> l<10:32> el<10:33>
                                        n<0> u<61> t<INTEGRAL_NUMBER> p<62> l<10:32> el<10:33>
                                  n<> u<68> t<Constant_expression> p<69> c<67> l<10:34> el<10:35>
                                    n<> u<67> t<Constant_primary> p<68> c<66> l<10:34> el<10:35>
                                      n<> u<66> t<Primary_literal> p<67> c<65> l<10:34> el<10:35>
                                        n<3> u<65> t<INTEGRAL_NUMBER> p<66> l<10:34> el<10:35>
        n<> u<251> t<Module_item> p<253> c<250> s<252> l<12:4> el<21:7>
          n<> u<250> t<Non_port_module_item> p<251> c<249> l<12:4> el<21:7>
            n<> u<249> t<Module_or_generate_item> p<250> c<248> l<12:4> el<21:7>
              n<> u<248> t<Module_common_item> p<249> c<247> l<12:4> el<21:7>
                n<> u<247> t<Initial_construct> p<248> c<246> l<12:4> el<21:7>
                  n<> u<246> t<Statement_or_null> p<247> c<245> l<12:12> el<21:7>
                    n<> u<245> t<Statement> p<246> c<244> l<12:12> el<21:7>
                      n<> u<244> t<Statement_item> p<245> c<243> l<12:12> el<21:7>
                        n<> u<243> t<Seq_block> p<244> c<117> l<12:12> el<21:7>
                          n<> u<117> t<Statement_or_null> p<243> c<116> s<153> l<13:7> el<13:50>
                            n<> u<116> t<Statement> p<117> c<115> l<13:7> el<13:50>
                              n<> u<115> t<Statement_item> p<116> c<114> l<13:7> el<13:50>
                                n<> u<114> t<Blocking_assignment> p<115> c<113> l<13:7> el<13:49>
                                  n<> u<113> t<Variable_assignment> p<114> c<96> l<13:7> el<13:49>
                                    n<> u<96> t<Variable_lvalue> p<113> c<83> s<112> l<13:7> el<13:24>
                                      n<> u<83> t<Ps_or_hierarchical_identifier> p<96> c<82> s<95> l<13:7> el<13:19>
                                        n<array_assign> u<82> t<SIMPLE_IDENTIFIER> p<83> l<13:7> el<13:19>
                                      n<> u<95> t<Select> p<96> c<84> l<13:19> el<13:24>
                                        n<> u<84> t<Bit_select> p<95> s<94> l<13:19> el<13:19>
                                        n<> u<94> t<Part_select_range> p<95> c<93> l<13:20> el<13:23>
                                          n<> u<93> t<Constant_range> p<94> c<88> l<13:20> el<13:23>
                                            n<> u<88> t<Constant_expression> p<93> c<87> s<92> l<13:20> el<13:21>
                                              n<> u<87> t<Constant_primary> p<88> c<86> l<13:20> el<13:21>
                                                n<> u<86> t<Primary_literal> p<87> c<85> l<13:20> el<13:21>
                                                  n<1> u<85> t<INTEGRAL_NUMBER> p<86> l<13:20> el<13:21>
                                            n<> u<92> t<Constant_expression> p<93> c<91> l<13:22> el<13:23>
                                              n<> u<91> t<Constant_primary> p<92> c<90> l<13:22> el<13:23>
                                                n<> u<90> t<Primary_literal> p<91> c<89> l<13:22> el<13:23>
                                                  n<3> u<89> t<INTEGRAL_NUMBER> p<90> l<13:22> el<13:23>
                                    n<> u<112> t<Expression> p<113> c<111> l<13:27> el<13:49>
                                      n<> u<111> t<Primary> p<112> c<110> l<13:27> el<13:49>
                                        n<> u<110> t<Assignment_pattern_expression> p<111> c<109> l<13:27> el<13:49>
                                          n<> u<109> t<Assignment_pattern> p<110> c<100> l<13:27> el<13:49>
                                            n<> u<100> t<Expression> p<109> c<99> s<104> l<13:29> el<13:34>
                                              n<> u<99> t<Primary> p<100> c<98> l<13:29> el<13:34>
                                                n<> u<98> t<Primary_literal> p<99> c<97> l<13:29> el<13:34>
                                                  n<32'd4> u<97> t<INTEGRAL_NUMBER> p<98> l<13:29> el<13:34>
                                            n<> u<104> t<Expression> p<109> c<103> s<108> l<13:36> el<13:41>
                                              n<> u<103> t<Primary> p<104> c<102> l<13:36> el<13:41>
                                                n<> u<102> t<Primary_literal> p<103> c<101> l<13:36> el<13:41>
                                                  n<32'd3> u<101> t<INTEGRAL_NUMBER> p<102> l<13:36> el<13:41>
                                            n<> u<108> t<Expression> p<109> c<107> l<13:43> el<13:48>
                                              n<> u<107> t<Primary> p<108> c<106> l<13:43> el<13:48>
                                                n<> u<106> t<Primary_literal> p<107> c<105> l<13:43> el<13:48>
                                                  n<32'd2> u<105> t<INTEGRAL_NUMBER> p<106> l<13:43> el<13:48>
                          n<> u<153> t<Statement_or_null> p<243> c<152> s<185> l<14:7> el<14:51>
                            n<> u<152> t<Statement> p<153> c<151> l<14:7> el<14:51>
                              n<> u<151> t<Statement_item> p<152> c<150> l<14:7> el<14:51>
                                n<> u<150> t<Blocking_assignment> p<151> c<149> l<14:7> el<14:50>
                                  n<> u<149> t<Variable_assignment> p<150> c<132> l<14:7> el<14:50>
                                    n<> u<132> t<Variable_lvalue> p<149> c<119> s<148> l<14:7> el<14:25>
                                      n<> u<119> t<Ps_or_hierarchical_identifier> p<132> c<118> s<131> l<14:7> el<14:20>
                                        n<larray_assign> u<118> t<SIMPLE_IDENTIFIER> p<119> l<14:7> el<14:20>
                                      n<> u<131> t<Select> p<132> c<120> l<14:20> el<14:25>
                                        n<> u<120> t<Bit_select> p<131> s<130> l<14:20> el<14:20>
                                        n<> u<130> t<Part_select_range> p<131> c<129> l<14:21> el<14:24>
                                          n<> u<129> t<Constant_range> p<130> c<124> l<14:21> el<14:24>
                                            n<> u<124> t<Constant_expression> p<129> c<123> s<128> l<14:21> el<14:22>
                                              n<> u<123> t<Constant_primary> p<124> c<122> l<14:21> el<14:22>
                                                n<> u<122> t<Primary_literal> p<123> c<121> l<14:21> el<14:22>
                                                  n<3> u<121> t<INTEGRAL_NUMBER> p<122> l<14:21> el<14:22>
                                            n<> u<128> t<Constant_expression> p<129> c<127> l<14:23> el<14:24>
                                              n<> u<127> t<Constant_primary> p<128> c<126> l<14:23> el<14:24>
                                                n<> u<126> t<Primary_literal> p<127> c<125> l<14:23> el<14:24>
                                                  n<1> u<125> t<INTEGRAL_NUMBER> p<126> l<14:23> el<14:24>
                                    n<> u<148> t<Expression> p<149> c<147> l<14:28> el<14:50>
                                      n<> u<147> t<Primary> p<148> c<146> l<14:28> el<14:50>
                                        n<> u<146> t<Assignment_pattern_expression> p<147> c<145> l<14:28> el<14:50>
                                          n<> u<145> t<Assignment_pattern> p<146> c<136> l<14:28> el<14:50>
                                            n<> u<136> t<Expression> p<145> c<135> s<140> l<14:30> el<14:35>
                                              n<> u<135> t<Primary> p<136> c<134> l<14:30> el<14:35>
                                                n<> u<134> t<Primary_literal> p<135> c<133> l<14:30> el<14:35>
                                                  n<32'd4> u<133> t<INTEGRAL_NUMBER> p<134> l<14:30> el<14:35>
                                            n<> u<140> t<Expression> p<145> c<139> s<144> l<14:37> el<14:42>
                                              n<> u<139> t<Primary> p<140> c<138> l<14:37> el<14:42>
                                                n<> u<138> t<Primary_literal> p<139> c<137> l<14:37> el<14:42>
                                                  n<32'd3> u<137> t<INTEGRAL_NUMBER> p<138> l<14:37> el<14:42>
                                            n<> u<144> t<Expression> p<145> c<143> l<14:44> el<14:49>
                                              n<> u<143> t<Primary> p<144> c<142> l<14:44> el<14:49>
                                                n<> u<142> t<Primary_literal> p<143> c<141> l<14:44> el<14:49>
                                                  n<32'd2> u<141> t<INTEGRAL_NUMBER> p<142> l<14:44> el<14:49>
                          n<> u<185> t<Statement_or_null> p<243> c<184> s<218> l<16:7> el<16:43>
                            n<> u<184> t<Statement> p<185> c<183> l<16:7> el<16:43>
                              n<> u<183> t<Statement_item> p<184> c<182> l<16:7> el<16:43>
                                n<> u<182> t<Blocking_assignment> p<183> c<181> l<16:7> el<16:42>
                                  n<> u<181> t<Variable_assignment> p<182> c<168> l<16:7> el<16:42>
                                    n<> u<168> t<Variable_lvalue> p<181> c<155> s<180> l<16:7> el<16:24>
                                      n<> u<155> t<Ps_or_hierarchical_identifier> p<168> c<154> s<167> l<16:7> el<16:19>
                                        n<array_assign> u<154> t<SIMPLE_IDENTIFIER> p<155> l<16:7> el<16:19>
                                      n<> u<167> t<Select> p<168> c<156> l<16:19> el<16:24>
                                        n<> u<156> t<Bit_select> p<167> s<166> l<16:19> el<16:19>
                                        n<> u<166> t<Part_select_range> p<167> c<165> l<16:20> el<16:23>
                                          n<> u<165> t<Constant_range> p<166> c<160> l<16:20> el<16:23>
                                            n<> u<160> t<Constant_expression> p<165> c<159> s<164> l<16:20> el<16:21>
                                              n<> u<159> t<Constant_primary> p<160> c<158> l<16:20> el<16:21>
                                                n<> u<158> t<Primary_literal> p<159> c<157> l<16:20> el<16:21>
                                                  n<4> u<157> t<INTEGRAL_NUMBER> p<158> l<16:20> el<16:21>
                                            n<> u<164> t<Constant_expression> p<165> c<163> l<16:22> el<16:23>
                                              n<> u<163> t<Constant_primary> p<164> c<162> l<16:22> el<16:23>
                                                n<> u<162> t<Primary_literal> p<163> c<161> l<16:22> el<16:23>
                                                  n<3> u<161> t<INTEGRAL_NUMBER> p<162> l<16:22> el<16:23>
                                    n<> u<180> t<Expression> p<181> c<179> l<16:27> el<16:42>
                                      n<> u<179> t<Primary> p<180> c<178> l<16:27> el<16:42>
                                        n<> u<178> t<Assignment_pattern_expression> p<179> c<177> l<16:27> el<16:42>
                                          n<> u<177> t<Assignment_pattern> p<178> c<172> l<16:27> el<16:42>
                                            n<> u<172> t<Expression> p<177> c<171> s<176> l<16:29> el<16:34>
                                              n<> u<171> t<Primary> p<172> c<170> l<16:29> el<16:34>
                                                n<> u<170> t<Primary_literal> p<171> c<169> l<16:29> el<16:34>
                                                  n<32'd4> u<169> t<INTEGRAL_NUMBER> p<170> l<16:29> el<16:34>
                                            n<> u<176> t<Expression> p<177> c<175> l<16:36> el<16:41>
                                              n<> u<175> t<Primary> p<176> c<174> l<16:36> el<16:41>
                                                n<> u<174> t<Primary_literal> p<175> c<173> l<16:36> el<16:41>
                                                  n<32'd3> u<173> t<INTEGRAL_NUMBER> p<174> l<16:36> el<16:41>
                          n<> u<218> t<Statement_or_null> p<243> c<217> s<232> l<17:7> el<17:44>
                            n<> u<217> t<Statement> p<218> c<216> l<17:7> el<17:44>
                              n<> u<216> t<Statement_item> p<217> c<215> l<17:7> el<17:44>
                                n<> u<215> t<Blocking_assignment> p<216> c<214> l<17:7> el<17:43>
                                  n<> u<214> t<Variable_assignment> p<215> c<201> l<17:7> el<17:43>
                                    n<> u<201> t<Variable_lvalue> p<214> c<187> s<213> l<17:7> el<17:25>
                                      n<> u<187> t<Ps_or_hierarchical_identifier> p<201> c<186> s<200> l<17:7> el<17:19>
                                        n<array_assign> u<186> t<SIMPLE_IDENTIFIER> p<187> l<17:7> el<17:19>
                                      n<> u<200> t<Select> p<201> c<188> l<17:19> el<17:25>
                                        n<> u<188> t<Bit_select> p<200> s<199> l<17:19> el<17:19>
                                        n<> u<199> t<Part_select_range> p<200> c<198> l<17:20> el<17:24>
                                          n<> u<198> t<Constant_range> p<199> c<192> l<17:20> el<17:24>
                                            n<> u<192> t<Constant_expression> p<198> c<191> s<197> l<17:20> el<17:21>
                                              n<> u<191> t<Constant_primary> p<192> c<190> l<17:20> el<17:21>
                                                n<> u<190> t<Primary_literal> p<191> c<189> l<17:20> el<17:21>
                                                  n<1> u<189> t<INTEGRAL_NUMBER> p<190> l<17:20> el<17:21>
                                            n<> u<197> t<Constant_expression> p<198> c<196> l<17:22> el<17:24>
                                              n<> u<196> t<UnaryOp_Minus> p<197> s<195> l<17:22> el<17:23>
                                              n<> u<195> t<Constant_primary> p<197> c<194> l<17:23> el<17:24>
                                                n<> u<194> t<Primary_literal> p<195> c<193> l<17:23> el<17:24>
                                                  n<1> u<193> t<INTEGRAL_NUMBER> p<194> l<17:23> el<17:24>
                                    n<> u<213> t<Expression> p<214> c<212> l<17:28> el<17:43>
                                      n<> u<212> t<Primary> p<213> c<211> l<17:28> el<17:43>
                                        n<> u<211> t<Assignment_pattern_expression> p<212> c<210> l<17:28> el<17:43>
                                          n<> u<210> t<Assignment_pattern> p<211> c<205> l<17:28> el<17:43>
                                            n<> u<205> t<Expression> p<210> c<204> s<209> l<17:30> el<17:35>
                                              n<> u<204> t<Primary> p<205> c<203> l<17:30> el<17:35>
                                                n<> u<203> t<Primary_literal> p<204> c<202> l<17:30> el<17:35>
                                                  n<32'd4> u<202> t<INTEGRAL_NUMBER> p<203> l<17:30> el<17:35>
                                            n<> u<209> t<Expression> p<210> c<208> l<17:37> el<17:42>
                                              n<> u<208> t<Primary> p<209> c<207> l<17:37> el<17:42>
                                                n<> u<207> t<Primary_literal> p<208> c<206> l<17:37> el<17:42>
                                                  n<32'd3> u<206> t<INTEGRAL_NUMBER> p<207> l<17:37> el<17:42>
                          n<> u<232> t<Statement_or_null> p<243> c<231> s<241> l<19:7> el<19:40>
                            n<> u<231> t<Statement> p<232> c<230> l<19:7> el<19:40>
                              n<> u<230> t<Statement_item> p<231> c<229> l<19:7> el<19:40>
                                n<> u<229> t<Subroutine_call_statement> p<230> c<228> l<19:7> el<19:40>
                                  n<> u<228> t<Subroutine_call> p<229> c<219> l<19:7> el<19:39>
                                    n<$> u<219> t<DOLLAR> p<228> s<220> l<19:7> el<19:8>
                                    n<write> u<220> t<SIMPLE_IDENTIFIER> p<228> s<226> l<19:8> el<19:13>
                                    n<> u<226> t<OPEN_PARENS> p<228> s<225> l<19:13> el<19:14>
                                    n<> u<225> t<Argument_list> p<228> c<224> s<227> l<19:14> el<19:38>
                                      n<> u<224> t<Expression> p<225> c<223> l<19:14> el<19:38>
                                        n<> u<223> t<Primary> p<224> c<222> l<19:14> el<19:38>
                                          n<> u<222> t<Primary_literal> p<223> c<221> l<19:14> el<19:38>
                                            n<"*-* All Finished *-*\n"> u<221> t<QUOTED_STRING> p<222> l<19:14> el<19:38>
                                    n<> u<227> t<CLOSE_PARENS> p<228> l<19:38> el<19:39>
                          n<> u<241> t<Statement_or_null> p<243> c<240> s<242> l<20:7> el<20:15>
                            n<> u<240> t<Statement> p<241> c<239> l<20:7> el<20:15>
                              n<> u<239> t<Statement_item> p<240> c<238> l<20:7> el<20:15>
                                n<> u<238> t<Subroutine_call_statement> p<239> c<237> l<20:7> el<20:15>
                                  n<> u<237> t<Subroutine_call> p<238> c<233> l<20:7> el<20:14>
                                    n<$> u<233> t<DOLLAR> p<237> s<234> l<20:7> el<20:8>
                                    n<finish> u<234> t<SIMPLE_IDENTIFIER> p<237> s<236> l<20:8> el<20:14>
                                    n<> u<236> t<Select> p<237> c<235> l<20:14> el<20:14>
                                      n<> u<235> t<Bit_select> p<236> l<20:14> el<20:14>
                          n<> u<242> t<END> p<243> l<21:4> el<21:7>
        n<> u<252> t<ENDMODULE> p<253> l<22:1> el<22:10>
AST_DEBUG_END
[INF:CP5804] $Source01/t_array_backw_index_bad.v:6:1: Compile module "t".
[WRN:CP5851] $Source01/t_array_backw_index_bad.v:8:4: Failed to bind "logic".
[WRN:CP5851] $Source01/t_array_backw_index_bad.v:10:4: Failed to bind "logic".
[INF:CM5028] Using global timescale: "1ns/1ns".
====== HLDB =======
Design name:unnamed:
  vpiName: unnamed
  vpiSourceFile (1 items):
    SourceFile name:t_array_backw_index_bad.v file:$Source01/t_array_backw_index_bad.v:
      vpiParent: Design name:unnamed
      vpiName: t_array_backw_index_bad.v
      vpiPreprocFile: "$Output/lib/work/t_array_backw_index_bad.v"
  vpiAllModules (1 items):
    Module name:t file:$Source01/t_array_backw_index_bad.v start:6:1 end:22:10:
      vpiParent: Design name:unnamed
      vpiName Identifier name:t start:6:8 end:6:9:
      vpiFullName: t
      vpiVariable (2 items):
        Variable name:array_assign start:8:17 end:8:29:
          vpiParent: Module name:t
          vpiTypespec RefTypespec name:logic [31:0] [3:0] start:8:4 end:8:16:
            vpiParent: Variable name:array_assign
            vpiName: logic [31:0] [3:0]
            vpiFullName: t.array_assign.logic [31:0] [3:0]
            vpiActual: ArrayTypespec
          vpiName: array_assign
          vpiFullName: t.array_assign
        Variable name:larray_assign start:10:17 end:10:30:
          vpiParent: Module name:t
          vpiTypespec RefTypespec name:logic [31:0] [0:3] start:10:4 end:10:16:
            vpiParent: Variable name:larray_assign
            vpiName: logic [31:0] [0:3]
            vpiFullName: t.larray_assign.logic [31:0] [0:3]
            vpiActual: ArrayTypespec
          vpiName: larray_assign
          vpiFullName: t.larray_assign
      vpiTypespec (4 items):
        ArrayTypespec:
          vpiParent: Module name:t
          vpiArrayType: static (1)
          vpiPacked: true
          vpiRange Range start:8:10 end:8:16:
            vpiParent: ArrayTypespec
            vpiLeftRange Constant start:8:11 end:8:13:
              vpiParent: Range
              vpiTypespec RefTypespec:
                vpiParent: Constant
                vpiFullName: t
                vpiActual: IntTypespec
              vpiConstType: unsigned int (9)
              vpiSize: 64
              vpiDecompile: "31"
              vpiValue: 31
            vpiRightRange Constant start:8:14 end:8:15:
              vpiParent: Range
              vpiTypespec RefTypespec:
                vpiParent: Constant
                vpiFullName: t
                vpiActual: IntTypespec
              vpiConstType: unsigned int (9)
              vpiSize: 64
              vpiDecompile: "0"
              vpiValue: 0
          vpiElemTypespec RefTypespec name:logic start:8:4 end:8:9:
            vpiParent: ArrayTypespec
            vpiName: logic
            vpiFullName: t.logic
        ArrayTypespec:
          vpiParent: Module name:t
          vpiArrayType: static (1)
          vpiRange Range start:8:30 end:8:35:
            vpiParent: ArrayTypespec
            vpiLeftRange Constant start:8:31 end:8:32:
              vpiParent: Range
              vpiTypespec RefTypespec:
                vpiParent: Constant
                vpiFullName: t
                vpiActual: IntTypespec
              vpiConstType: unsigned int (9)
              vpiSize: 64
              vpiDecompile: "3"
              vpiValue: 3
            vpiRightRange Constant start:8:33 end:8:34:
              vpiParent: Range
              vpiTypespec RefTypespec:
                vpiParent: Constant
                vpiFullName: t
                vpiActual: IntTypespec
              vpiConstType: unsigned int (9)
              vpiSize: 64
              vpiDecompile: "0"
              vpiValue: 0
          vpiElemTypespec RefTypespec name:logic [31:0] start:8:4 end:8:16:
            vpiParent: ArrayTypespec
            vpiName: logic [31:0]
            vpiFullName: t.logic [31:0]
            vpiActual: ArrayTypespec
        ArrayTypespec:
          vpiParent: Module name:t
          vpiArrayType: static (1)
          vpiPacked: true
          vpiRange Range start:10:10 end:10:16:
            vpiParent: ArrayTypespec
            vpiLeftRange Constant start:10:11 end:10:13:
              vpiParent: Range
              vpiTypespec RefTypespec:
                vpiParent: Constant
                vpiFullName: t
                vpiActual: IntTypespec
              vpiConstType: unsigned int (9)
              vpiSize: 64
              vpiDecompile: "31"
              vpiValue: 31
            vpiRightRange Constant start:10:14 end:10:15:
              vpiParent: Range
              vpiTypespec RefTypespec:
                vpiParent: Constant
                vpiFullName: t
                vpiActual: IntTypespec
              vpiConstType: unsigned int (9)
              vpiSize: 64
              vpiDecompile: "0"
              vpiValue: 0
          vpiElemTypespec RefTypespec name:logic start:10:4 end:10:9:
            vpiParent: ArrayTypespec
            vpiName: logic
            vpiFullName: t.logic
        ArrayTypespec:
          vpiParent: Module name:t
          vpiArrayType: static (1)
          vpiRange Range start:10:31 end:10:36:
            vpiParent: ArrayTypespec
            vpiLeftRange Constant start:10:32 end:10:33:
              vpiParent: Range
              vpiTypespec RefTypespec:
                vpiParent: Constant
                vpiFullName: t
                vpiActual: IntTypespec
              vpiConstType: unsigned int (9)
              vpiSize: 64
              vpiDecompile: "0"
              vpiValue: 0
            vpiRightRange Constant start:10:34 end:10:35:
              vpiParent: Range
              vpiTypespec RefTypespec:
                vpiParent: Constant
                vpiFullName: t
                vpiActual: IntTypespec
              vpiConstType: unsigned int (9)
              vpiSize: 64
              vpiDecompile: "3"
              vpiValue: 3
          vpiElemTypespec RefTypespec name:logic [31:0] start:10:4 end:10:16:
            vpiParent: ArrayTypespec
            vpiName: logic [31:0]
            vpiFullName: t.logic [31:0]
            vpiActual: ArrayTypespec
      vpiDefName: t
      vpiDefNetType: wire (1)
      vpiLibrary RefObj name:work start:6:8 end:6:9:
        vpiParent: Module name:t
        vpiName: work
        vpiFullName: t.work
        vpiActual: Library name:work
      vpiCell: t
      vpiProcess (1 items):
        Initial start:12:4 end:21:7:
          vpiParent: Module name:t
          vpiStmt Begin start:12:12 end:21:7:
            vpiParent: Initial
            vpiFullName: t
            vpiStmt (6 items):
              Assignment start:13:7 end:13:49:
                vpiParent: Begin
                vpiBlocking: true
                vpiLhs PartSelect name:array_assign[1:3] start:13:7 end:13:24:
                  vpiParent: Assignment
                  vpiName: array_assign[1:3]
                  vpiFullName: t.array_assign[1:3]
                  vpiPrefix RefObj name:array_assign start:13:7 end:13:19:
                    vpiParent: PartSelect name:array_assign[1:3]
                    vpiName: array_assign
                    vpiFullName: t.array_assign[1:3].array_assign
                    vpiActual: Variable name:array_assign
                  vpiRange Range start:13:20 end:13:23:
                    vpiParent: PartSelect name:array_assign[1:3]
                    vpiLeftRange Constant start:13:20 end:13:21:
                      vpiParent: Range
                      vpiTypespec RefTypespec:
                        vpiParent: Constant
                        vpiFullName: t.array_assign[1:3]
                        vpiActual: IntTypespec
                      vpiConstType: unsigned int (9)
                      vpiSize: 64
                      vpiDecompile: "1"
                      vpiValue: 1
                    vpiRightRange Constant start:13:22 end:13:23:
                      vpiParent: Range
                      vpiTypespec RefTypespec:
                        vpiParent: Constant
                        vpiFullName: t.array_assign[1:3]
                        vpiActual: IntTypespec
                      vpiConstType: unsigned int (9)
                      vpiSize: 64
                      vpiDecompile: "3"
                      vpiValue: 3
                vpiRhs Operation start:13:27 end:13:49:
                  vpiParent: Assignment
                  vpiOpType: assign pattern (87)
                  vpiOperand (3 items):
                    Constant start:13:29 end:13:34:
                      vpiParent: Operation
                      vpiTypespec RefTypespec:
                        vpiParent: Constant
                        vpiFullName: t
                        vpiActual: IntTypespec
                      vpiConstType: decimal (1)
                      vpiSize: 32
                      vpiDecompile: "32'd4"
                      vpiValue: "4"
                    Constant start:13:36 end:13:41:
                      vpiParent: Operation
                      vpiTypespec RefTypespec:
                        vpiParent: Constant
                        vpiFullName: t
                        vpiActual: IntTypespec
                      vpiConstType: decimal (1)
                      vpiSize: 32
                      vpiDecompile: "32'd3"
                      vpiValue: "3"
                    Constant start:13:43 end:13:48:
                      vpiParent: Operation
                      vpiTypespec RefTypespec:
                        vpiParent: Constant
                        vpiFullName: t
                        vpiActual: IntTypespec
                      vpiConstType: decimal (1)
                      vpiSize: 32
                      vpiDecompile: "32'd2"
                      vpiValue: "2"
              Assignment start:14:7 end:14:50:
                vpiParent: Begin
                vpiBlocking: true
                vpiLhs PartSelect name:larray_assign[3:1] start:14:7 end:14:25:
                  vpiParent: Assignment
                  vpiName: larray_assign[3:1]
                  vpiFullName: t.larray_assign[3:1]
                  vpiPrefix RefObj name:larray_assign start:14:7 end:14:20:
                    vpiParent: PartSelect name:larray_assign[3:1]
                    vpiName: larray_assign
                    vpiFullName: t.larray_assign[3:1].larray_assign
                    vpiActual: Variable name:larray_assign
                  vpiRange Range start:14:21 end:14:24:
                    vpiParent: PartSelect name:larray_assign[3:1]
                    vpiLeftRange Constant start:14:21 end:14:22:
                      vpiParent: Range
                      vpiTypespec RefTypespec:
                        vpiParent: Constant
                        vpiFullName: t.larray_assign[3:1]
                        vpiActual: IntTypespec
                      vpiConstType: unsigned int (9)
                      vpiSize: 64
                      vpiDecompile: "3"
                      vpiValue: 3
                    vpiRightRange Constant start:14:23 end:14:24:
                      vpiParent: Range
                      vpiTypespec RefTypespec:
                        vpiParent: Constant
                        vpiFullName: t.larray_assign[3:1]
                        vpiActual: IntTypespec
                      vpiConstType: unsigned int (9)
                      vpiSize: 64
                      vpiDecompile: "1"
                      vpiValue: 1
                vpiRhs Operation start:14:28 end:14:50:
                  vpiParent: Assignment
                  vpiOpType: assign pattern (87)
                  vpiOperand (3 items):
                    Constant start:14:30 end:14:35:
                      vpiParent: Operation
                      vpiTypespec RefTypespec:
                        vpiParent: Constant
                        vpiFullName: t
                        vpiActual: IntTypespec
                      vpiConstType: decimal (1)
                      vpiSize: 32
                      vpiDecompile: "32'd4"
                      vpiValue: "4"
                    Constant start:14:37 end:14:42:
                      vpiParent: Operation
                      vpiTypespec RefTypespec:
                        vpiParent: Constant
                        vpiFullName: t
                        vpiActual: IntTypespec
                      vpiConstType: decimal (1)
                      vpiSize: 32
                      vpiDecompile: "32'd3"
                      vpiValue: "3"
                    Constant start:14:44 end:14:49:
                      vpiParent: Operation
                      vpiTypespec RefTypespec:
                        vpiParent: Constant
                        vpiFullName: t
                        vpiActual: IntTypespec
                      vpiConstType: decimal (1)
                      vpiSize: 32
                      vpiDecompile: "32'd2"
                      vpiValue: "2"
              Assignment start:16:7 end:16:42:
                vpiParent: Begin
                vpiBlocking: true
                vpiLhs PartSelect name:array_assign[4:3] start:16:7 end:16:24:
                  vpiParent: Assignment
                  vpiName: array_assign[4:3]
                  vpiFullName: t.array_assign[4:3]
                  vpiPrefix RefObj name:array_assign start:16:7 end:16:19:
                    vpiParent: PartSelect name:array_assign[4:3]
                    vpiName: array_assign
                    vpiFullName: t.array_assign[4:3].array_assign
                    vpiActual: Variable name:array_assign
                  vpiRange Range start:16:20 end:16:23:
                    vpiParent: PartSelect name:array_assign[4:3]
                    vpiLeftRange Constant start:16:20 end:16:21:
                      vpiParent: Range
                      vpiTypespec RefTypespec:
                        vpiParent: Constant
                        vpiFullName: t.array_assign[4:3]
                        vpiActual: IntTypespec
                      vpiConstType: unsigned int (9)
                      vpiSize: 64
                      vpiDecompile: "4"
                      vpiValue: 4
                    vpiRightRange Constant start:16:22 end:16:23:
                      vpiParent: Range
                      vpiTypespec RefTypespec:
                        vpiParent: Constant
                        vpiFullName: t.array_assign[4:3]
                        vpiActual: IntTypespec
                      vpiConstType: unsigned int (9)
                      vpiSize: 64
                      vpiDecompile: "3"
                      vpiValue: 3
                vpiRhs Operation start:16:27 end:16:42:
                  vpiParent: Assignment
                  vpiOpType: assign pattern (87)
                  vpiOperand (2 items):
                    Constant start:16:29 end:16:34:
                      vpiParent: Operation
                      vpiTypespec RefTypespec:
                        vpiParent: Constant
                        vpiFullName: t
                        vpiActual: IntTypespec
                      vpiConstType: decimal (1)
                      vpiSize: 32
                      vpiDecompile: "32'd4"
                      vpiValue: "4"
                    Constant start:16:36 end:16:41:
                      vpiParent: Operation
                      vpiTypespec RefTypespec:
                        vpiParent: Constant
                        vpiFullName: t
                        vpiActual: IntTypespec
                      vpiConstType: decimal (1)
                      vpiSize: 32
                      vpiDecompile: "32'd3"
                      vpiValue: "3"
              Assignment start:17:7 end:17:43:
                vpiParent: Begin
                vpiBlocking: true
                vpiLhs PartSelect name:array_assign[1:-1] start:17:7 end:17:25:
                  vpiParent: Assignment
                  vpiName: array_assign[1:-1]
                  vpiFullName: t.array_assign[1:-1]
                  vpiPrefix RefObj name:array_assign start:17:7 end:17:19:
                    vpiParent: PartSelect name:array_assign[1:-1]
                    vpiName: array_assign
                    vpiFullName: t.array_assign[1:-1].array_assign
                    vpiActual: Variable name:array_assign
                  vpiRange Range start:17:20 end:17:24:
                    vpiParent: PartSelect name:array_assign[1:-1]
                    vpiLeftRange Constant start:17:20 end:17:21:
                      vpiParent: Range
                      vpiTypespec RefTypespec:
                        vpiParent: Constant
                        vpiFullName: t.array_assign[1:-1]
                        vpiActual: IntTypespec
                      vpiConstType: unsigned int (9)
                      vpiSize: 64
                      vpiDecompile: "1"
                      vpiValue: 1
                    vpiRightRange Operation start:17:22 end:17:24:
                      vpiParent: Range
                      vpiOpType: minus (1)
                      vpiOperand (1 items):
                        Constant start:17:23 end:17:24:
                          vpiParent: Operation
                          vpiTypespec RefTypespec:
                            vpiParent: Constant
                            vpiFullName: t.array_assign[1:-1]
                            vpiActual: IntTypespec
                          vpiConstType: unsigned int (9)
                          vpiSize: 64
                          vpiDecompile: "1"
                          vpiValue: 1
                vpiRhs Operation start:17:28 end:17:43:
                  vpiParent: Assignment
                  vpiOpType: assign pattern (87)
                  vpiOperand (2 items):
                    Constant start:17:30 end:17:35:
                      vpiParent: Operation
                      vpiTypespec RefTypespec:
                        vpiParent: Constant
                        vpiFullName: t
                        vpiActual: IntTypespec
                      vpiConstType: decimal (1)
                      vpiSize: 32
                      vpiDecompile: "32'd4"
                      vpiValue: "4"
                    Constant start:17:37 end:17:42:
                      vpiParent: Operation
                      vpiTypespec RefTypespec:
                        vpiParent: Constant
                        vpiFullName: t
                        vpiActual: IntTypespec
                      vpiConstType: decimal (1)
                      vpiSize: 32
                      vpiDecompile: "32'd3"
                      vpiValue: "3"
              SysTaskCall name:$write start:19:7 end:19:39:
                vpiParent: Begin
                vpiName Identifier name:$write start:19:7 end:19:13:
                vpiArgument (1 items):
                  NamedArgument start:19:14 end:19:38:
                    vpiParent: SysTaskCall name:$write
                    vpiHighConn Constant start:19:14 end:19:38:
                      vpiParent: NamedArgument
                      vpiTypespec RefTypespec:
                        vpiParent: Constant
                        vpiFullName: t
                        vpiActual: StringTypespec
                      vpiConstType: string (6)
                      vpiSize: 168
                      vpiDecompile: "\"*-* All Finished *-*\\n\""
                      vpiValue: "*-* All Finished *-*\\n"
              SysTaskCall name:$finish start:20:7 end:20:14:
                vpiParent: Begin
                vpiName Identifier name:$finish start:20:7 end:20:14:
                vpiIsProperty: true
  vpiTypespec (3 items):
    ModuleTypespec name:t:
      vpiParent: Design name:unnamed
      vpiName Identifier name:t start:6:8 end:6:9:
      vpiDefName: t
      vpiModule: Module name:t
    IntTypespec:
      vpiParent: Design name:unnamed
      vpiSigned: true
    StringTypespec:
      vpiParent: Design name:unnamed
  vpiLibrary (1 items):
    Library name:work:
      vpiParent: Design name:unnamed
      vpiName: work
===================
[  FATAL] : 0
[ SYNTAX] : 0
[  ERROR] : 0
[WARNING] : 2
[   NOTE] : 0
********************************************************************************
*                    End HLC SystemVerilog Compiler/Linter                     *
********************************************************************************

#**#**#**#**#**#**#**#**#**#**#**#**#**#**#**#**#**#**#**#**#**#**#**#**#**#**#**#**#**#**#**#**#**#**#**#**#**#**#**#**

Environment:
      test-name: Verilator/t_array_backw_index_bad
   test-dirpath: ${HLC_DIR}/regression/Verilator/t_array_backw_index_bad
  hldb-filepath: ${HLC_DIR}/regression/Verilator/t_array_backw_index_bad/design.hldb
mounts-filepath: ${HLC_DIR}/regression/Verilator/t_array_backw_index_bad/mounts.json


{'result': {'coverage': 100.0,
            'error_count': 0,
            'file_count': 1,
            'files': {'$Output/lib/work/t_array_backw_index_bad.v': {'post_len': 0,
                                                                     'pre_len': 314}},
            'post_len': 0,
            'pre_len': 314,
            'test_name': 'Verilator/t_array_backw_index_bad'}}

+--------------------------------------------+----------+-----------+
| INPUT                                      |   PRELEN |   POSTLEN |
+============================================+==========+===========+
| $Output/lib/work/t_array_backw_index_bad.v |      314 |         0 |
+============================================+==========+===========+
|                                            |      314 |         0 |
+--------------------------------------------+----------+-----------+

[   ERROR] : 0
[COVERAGE] : 100.0


#**#**#**#**#**#**#**#**#**#**#**#**#**#**#**#**#**#**#**#**#**#**#**#**#**#**#**#**#**#**#**#**#**#**#**#**#**#**#**#**

COMMAND: ${HLC_DIR}/regression/Verilator/t_array_backw_index_bad/design.hldb ${HLC_DIR}/regression/Verilator/t_array_backw_index_bad/reduced.hldb

==================== BEGIN REDUCTION RESULT ====================
Name                            Before   After   Added   Removed
----------------------------------------------------------------
Constant                            27      27       1         1
Operation                            5       4       0         1
RefTypespec                         33      33       1         1
----------------------------------------------------------------
Others                              43      43       0         0
----------------------------------------------------------------
                                   108     107       2         3
===================== END REDUCTION RESULT =====================
