********************************************************************************
*                   Begin HLC SystemVerilog Compiler/Linter                    *
********************************************************************************
Copyright (c) 2020 Apotell,
http://www.apache.org/licenses/LICENSE-2.0
VERSION: 1.84
COMMAND: -wd ../../../tests/NegParam -d db -d ast dut.sv -nobuiltin -mt 0 -d dbstats -d cache -writepp -d db -nostdout -o ${HLC_DIR}/regression/NegParam/NegParam
[INF:CM5022] Creating log file "$Output/hlc.log".
[INF:PP5223] Preprocessing source file "$Source01/dut.sv".
[INF:PA5502] Parsing source file "$Source01/dut.sv".
AST_DEBUG_BEGIN
Count: 326
LIB: work
FILE<0>:$Source01/dut.sv
n<$Source01/dut.sv> u<325> t<Top_level_rule> c<1> l<1:1> el<32:1>
  n<> u<1> t<Null_rule> p<325> s<324> l<1:1>
  n<> u<324> t<Source_text> p<325> c<53> l<1:1> el<31:10>
    n<> u<53> t<Description> p<324> c<52> s<323> l<1:1> el<9:10>
      n<> u<52> t<Module_declaration> p<53> c<6> l<1:1> el<9:10>
        n<> u<6> t<Module_nonansi_header> p<52> c<2> s<23> l<1:1> el<1:14>
          n<module> u<2> t<MODULE> p<6> s<3> l<1:1> el<1:7>
          n<top> u<3> t<SIMPLE_IDENTIFIER> p<6> s<4> l<1:8> el<1:11>
          n<> u<4> t<Package_import_declaration_list> p<6> s<5> l<1:11> el<1:11>
          n<> u<5> t<Port_list> p<6> l<1:11> el<1:13>
        n<> u<23> t<Module_item> p<52> c<22> s<50> l<2:2> el<2:58>
          n<> u<22> t<Non_port_module_item> p<23> c<21> l<2:2> el<2:58>
            n<> u<21> t<Module_or_generate_item> p<22> c<20> l<2:2> el<2:58>
              n<> u<20> t<Module_common_item> p<21> c<19> l<2:2> el<2:58>
                n<> u<19> t<Module_or_generate_item_declaration> p<20> c<18> l<2:2> el<2:58>
                  n<> u<18> t<Package_or_generate_item_declaration> p<19> c<17> l<2:2> el<2:58>
                    n<> u<17> t<Local_parameter_declaration> p<18> c<7> l<2:2> el<2:57>
                      n<> u<7> t<Data_type_or_implicit> p<17> s<16> l<2:13> el<2:13>
                      n<> u<16> t<Param_assignment_list> p<17> c<15> l<2:13> el<2:57>
                        n<> u<15> t<Param_assignment> p<16> c<8> l<2:13> el<2:57>
                          n<dram_base_addr_gp> u<8> t<SIMPLE_IDENTIFIER> p<15> s<14> l<2:13> el<2:30>
                          n<> u<14> t<Constant_param_expression> p<15> c<13> l<2:41> el<2:57>
                            n<> u<13> t<Constant_mintypmax_expression> p<14> c<12> l<2:41> el<2:57>
                              n<> u<12> t<Constant_expression> p<13> c<11> l<2:41> el<2:57>
                                n<> u<11> t<Constant_primary> p<12> c<10> l<2:41> el<2:57>
                                  n<> u<10> t<Primary_literal> p<11> c<9> l<2:41> el<2:57>
                                    n<40'h00_8000_0000> u<9> t<INTEGRAL_NUMBER> p<10> l<2:41> el<2:57>
        n<> u<50> t<Module_item> p<52> c<49> s<51> l<4:2> el<7:7>
          n<> u<49> t<Non_port_module_item> p<50> c<48> l<4:2> el<7:7>
            n<> u<48> t<Module_or_generate_item> p<49> c<47> l<4:2> el<7:7>
              n<> u<47> t<Module_common_item> p<48> c<46> l<4:2> el<7:7>
                n<> u<46> t<Module_or_generate_item_declaration> p<47> c<45> l<4:2> el<7:7>
                  n<> u<45> t<Package_or_generate_item_declaration> p<46> c<44> l<4:2> el<7:7>
                    n<> u<44> t<Local_parameter_declaration> p<45> c<27> l<4:2> el<7:6>
                      n<> u<27> t<Data_type_or_implicit> p<44> c<26> s<43> l<4:13> el<4:28>
                        n<> u<26> t<Data_type> p<27> c<25> l<4:13> el<4:28>
                          n<> u<25> t<Class_type> p<26> c<24> l<4:13> el<4:28>
                            n<bp_proc_param_s> u<24> t<SIMPLE_IDENTIFIER> p<25> l<4:13> el<4:28>
                      n<> u<43> t<Param_assignment_list> p<44> c<42> l<4:29> el<7:6>
                        n<> u<42> t<Param_assignment> p<43> c<28> l<4:29> el<7:6>
                          n<bp_default_cfg_p> u<28> t<SIMPLE_IDENTIFIER> p<42> s<41> l<4:29> el<4:45>
                          n<> u<41> t<Constant_param_expression> p<42> c<40> l<5:5> el<7:6>
                            n<> u<40> t<Constant_mintypmax_expression> p<41> c<39> l<5:5> el<7:6>
                              n<> u<39> t<Constant_expression> p<40> c<38> l<5:5> el<7:6>
                                n<> u<38> t<Constant_primary> p<39> c<37> l<5:5> el<7:6>
                                  n<> u<37> t<Constant_assignment_pattern_expression> p<38> c<36> l<5:5> el<7:6>
                                    n<> u<36> t<Assignment_pattern_expression> p<37> c<35> l<5:5> el<7:6>
                                      n<> u<35> t<Assignment_pattern> p<36> c<30> l<5:5> el<7:6>
                                        n<> u<30> t<Structure_pattern_key> p<35> c<29> s<34> l<6:7> el<6:14>
                                          n<boot_pc> u<29> t<SIMPLE_IDENTIFIER> p<30> l<6:7> el<6:14>
                                        n<> u<34> t<Expression> p<35> c<33> l<6:23> el<6:40>
                                          n<> u<33> t<Primary> p<34> c<32> l<6:23> el<6:40>
                                            n<> u<32> t<Primary_literal> p<33> c<31> l<6:23> el<6:40>
                                              n<dram_base_addr_gp> u<31> t<SIMPLE_IDENTIFIER> p<32> l<6:23> el<6:40>
        n<> u<51> t<ENDMODULE> p<52> l<9:1> el<9:10>
    n<> u<323> t<Description> p<324> c<322> l<11:1> el<31:10>
      n<> u<322> t<Module_declaration> p<323> c<102> l<11:1> el<31:10>
        n<> u<102> t<Module_nonansi_header> p<322> c<54> s<127> l<11:1> el<16:3>
          n<module> u<54> t<MODULE> p<102> s<55> l<11:1> el<11:7>
          n<prim_packer> u<55> t<SIMPLE_IDENTIFIER> p<102> s<56> l<11:8> el<11:19>
          n<> u<56> t<Package_import_declaration_list> p<102> s<100> l<11:20> el<11:20>
          n<> u<100> t<Parameter_port_list> p<102> c<70> s<101> l<11:20> el<15:2>
            n<> u<70> t<Parameter_port_declaration> p<100> c<69> s<84> l<12:3> el<12:26>
              n<> u<69> t<Parameter_declaration> p<70> c<59> l<12:3> el<12:26>
                n<> u<59> t<Data_type_or_implicit> p<69> c<58> s<68> l<12:13> el<12:16>
                  n<> u<58> t<Data_type> p<59> c<57> l<12:13> el<12:16>
                    n<> u<57> t<INT> p<58> l<12:13> el<12:16>
                n<> u<68> t<Param_assignment_list> p<69> c<67> l<12:17> el<12:26>
                  n<> u<67> t<Param_assignment> p<68> c<60> l<12:17> el<12:26>
                    n<InW> u<60> t<SIMPLE_IDENTIFIER> p<67> s<66> l<12:17> el<12:20>
                    n<> u<66> t<Constant_param_expression> p<67> c<65> l<12:24> el<12:26>
                      n<> u<65> t<Constant_mintypmax_expression> p<66> c<64> l<12:24> el<12:26>
                        n<> u<64> t<Constant_expression> p<65> c<63> l<12:24> el<12:26>
                          n<> u<63> t<Constant_primary> p<64> c<62> l<12:24> el<12:26>
                            n<> u<62> t<Primary_literal> p<63> c<61> l<12:24> el<12:26>
                              n<32> u<61> t<INTEGRAL_NUMBER> p<62> l<12:24> el<12:26>
            n<> u<84> t<Parameter_port_declaration> p<100> c<83> s<98> l<13:3> el<13:26>
              n<> u<83> t<Parameter_declaration> p<84> c<73> l<13:3> el<13:26>
                n<> u<73> t<Data_type_or_implicit> p<83> c<72> s<82> l<13:13> el<13:16>
                  n<> u<72> t<Data_type> p<73> c<71> l<13:13> el<13:16>
                    n<> u<71> t<INT> p<72> l<13:13> el<13:16>
                n<> u<82> t<Param_assignment_list> p<83> c<81> l<13:17> el<13:26>
                  n<> u<81> t<Param_assignment> p<82> c<74> l<13:17> el<13:26>
                    n<OutW> u<74> t<SIMPLE_IDENTIFIER> p<81> s<80> l<13:17> el<13:21>
                    n<> u<80> t<Constant_param_expression> p<81> c<79> l<13:24> el<13:26>
                      n<> u<79> t<Constant_mintypmax_expression> p<80> c<78> l<13:24> el<13:26>
                        n<> u<78> t<Constant_expression> p<79> c<77> l<13:24> el<13:26>
                          n<> u<77> t<Constant_primary> p<78> c<76> l<13:24> el<13:26>
                            n<> u<76> t<Primary_literal> p<77> c<75> l<13:24> el<13:26>
                              n<32> u<75> t<INTEGRAL_NUMBER> p<76> l<13:24> el<13:26>
            n<> u<98> t<Parameter_port_declaration> p<100> c<97> s<99> l<14:3> el<14:33>
              n<> u<97> t<Parameter_declaration> p<98> c<87> l<14:3> el<14:33>
                n<> u<87> t<Data_type_or_implicit> p<97> c<86> s<96> l<14:13> el<14:16>
                  n<> u<86> t<Data_type> p<87> c<85> l<14:13> el<14:16>
                    n<> u<85> t<INT> p<86> l<14:13> el<14:16>
                n<> u<96> t<Param_assignment_list> p<97> c<95> l<14:17> el<14:33>
                  n<> u<95> t<Param_assignment> p<96> c<88> l<14:17> el<14:33>
                    n<HintByteData> u<88> t<SIMPLE_IDENTIFIER> p<95> s<94> l<14:17> el<14:29>
                    n<> u<94> t<Constant_param_expression> p<95> c<93> l<14:32> el<14:33>
                      n<> u<93> t<Constant_mintypmax_expression> p<94> c<92> l<14:32> el<14:33>
                        n<> u<92> t<Constant_expression> p<93> c<91> l<14:32> el<14:33>
                          n<> u<91> t<Constant_primary> p<92> c<90> l<14:32> el<14:33>
                            n<> u<90> t<Primary_literal> p<91> c<89> l<14:32> el<14:33>
                              n<0> u<89> t<INTEGRAL_NUMBER> p<90> l<14:32> el<14:33>
            n<// If 1, The input/output are byte granularity> u<99> t<LINE_COMMENT> p<100> l<14:34> el<14:80>
          n<> u<101> t<Port_list> p<102> l<15:3> el<16:2>
        n<> u<127> t<Module_item> p<322> c<126> s<128> l<18:3> el<18:37>
          n<> u<126> t<Non_port_module_item> p<127> c<125> l<18:3> el<18:37>
            n<> u<125> t<Module_or_generate_item> p<126> c<124> l<18:3> el<18:37>
              n<> u<124> t<Module_common_item> p<125> c<123> l<18:3> el<18:37>
                n<> u<123> t<Module_or_generate_item_declaration> p<124> c<122> l<18:3> el<18:37>
                  n<> u<122> t<Package_or_generate_item_declaration> p<123> c<121> l<18:3> el<18:37>
                    n<> u<121> t<Local_parameter_declaration> p<122> c<105> l<18:3> el<18:36>
                      n<> u<105> t<Data_type_or_implicit> p<121> c<104> s<120> l<18:14> el<18:17>
                        n<> u<104> t<Data_type> p<105> c<103> l<18:14> el<18:17>
                          n<> u<103> t<INT> p<104> l<18:14> el<18:17>
                      n<> u<120> t<Param_assignment_list> p<121> c<119> l<18:18> el<18:36>
                        n<> u<119> t<Param_assignment> p<120> c<106> l<18:18> el<18:36>
                          n<Width> u<106> t<SIMPLE_IDENTIFIER> p<119> s<118> l<18:18> el<18:23>
                          n<> u<118> t<Constant_param_expression> p<119> c<117> l<18:26> el<18:36>
                            n<> u<117> t<Constant_mintypmax_expression> p<118> c<116> l<18:26> el<18:36>
                              n<> u<116> t<Constant_expression> p<117> c<110> l<18:26> el<18:36>
                                n<> u<110> t<Constant_expression> p<116> c<109> s<115> l<18:26> el<18:29>
                                  n<> u<109> t<Constant_primary> p<110> c<108> l<18:26> el<18:29>
                                    n<> u<108> t<Primary_literal> p<109> c<107> l<18:26> el<18:29>
                                      n<InW> u<107> t<SIMPLE_IDENTIFIER> p<108> l<18:26> el<18:29>
                                n<> u<115> t<BinaryOp_Plus> p<116> s<114> l<18:30> el<18:31>
                                n<> u<114> t<Constant_expression> p<116> c<113> l<18:32> el<18:36>
                                  n<> u<113> t<Constant_primary> p<114> c<112> l<18:32> el<18:36>
                                    n<> u<112> t<Primary_literal> p<113> c<111> l<18:32> el<18:36>
                                      n<OutW> u<111> t<SIMPLE_IDENTIFIER> p<112> l<18:32> el<18:36>
        n<// storage width> u<128> t<LINE_COMMENT> p<322> s<153> l<18:38> el<18:54>
        n<> u<153> t<Module_item> p<322> c<152> s<154> l<19:3> el<19:40>
          n<> u<152> t<Non_port_module_item> p<153> c<151> l<19:3> el<19:40>
            n<> u<151> t<Module_or_generate_item> p<152> c<150> l<19:3> el<19:40>
              n<> u<150> t<Module_common_item> p<151> c<149> l<19:3> el<19:40>
                n<> u<149> t<Module_or_generate_item_declaration> p<150> c<148> l<19:3> el<19:40>
                  n<> u<148> t<Package_or_generate_item_declaration> p<149> c<147> l<19:3> el<19:40>
                    n<> u<147> t<Local_parameter_declaration> p<148> c<131> l<19:3> el<19:39>
                      n<> u<131> t<Data_type_or_implicit> p<147> c<130> s<146> l<19:14> el<19:17>
                        n<> u<130> t<Data_type> p<131> c<129> l<19:14> el<19:17>
                          n<> u<129> t<INT> p<130> l<19:14> el<19:17>
                      n<> u<146> t<Param_assignment_list> p<147> c<145> l<19:18> el<19:39>
                        n<> u<145> t<Param_assignment> p<146> c<132> l<19:18> el<19:39>
                          n<ConcatW> u<132> t<SIMPLE_IDENTIFIER> p<145> s<144> l<19:18> el<19:25>
                          n<> u<144> t<Constant_param_expression> p<145> c<143> l<19:28> el<19:39>
                            n<> u<143> t<Constant_mintypmax_expression> p<144> c<142> l<19:28> el<19:39>
                              n<> u<142> t<Constant_expression> p<143> c<136> l<19:28> el<19:39>
                                n<> u<136> t<Constant_expression> p<142> c<135> s<141> l<19:28> el<19:33>
                                  n<> u<135> t<Constant_primary> p<136> c<134> l<19:28> el<19:33>
                                    n<> u<134> t<Primary_literal> p<135> c<133> l<19:28> el<19:33>
                                      n<Width> u<133> t<SIMPLE_IDENTIFIER> p<134> l<19:28> el<19:33>
                                n<> u<141> t<BinaryOp_Plus> p<142> s<140> l<19:34> el<19:35>
                                n<> u<140> t<Constant_expression> p<142> c<139> l<19:36> el<19:39>
                                  n<> u<139> t<Constant_primary> p<140> c<138> l<19:36> el<19:39>
                                    n<> u<138> t<Primary_literal> p<139> c<137> l<19:36> el<19:39>
                                      n<InW> u<137> t<SIMPLE_IDENTIFIER> p<138> l<19:36> el<19:39>
        n<// Input concatenated width> u<154> t<LINE_COMMENT> p<322> s<187> l<19:41> el<19:68>
        n<> u<187> t<Module_item> p<322> c<186> s<229> l<20:3> el<20:43>
          n<> u<186> t<Non_port_module_item> p<187> c<185> l<20:3> el<20:43>
            n<> u<185> t<Module_or_generate_item> p<186> c<184> l<20:3> el<20:43>
              n<> u<184> t<Module_common_item> p<185> c<183> l<20:3> el<20:43>
                n<> u<183> t<Module_or_generate_item_declaration> p<184> c<182> l<20:3> el<20:43>
                  n<> u<182> t<Package_or_generate_item_declaration> p<183> c<181> l<20:3> el<20:43>
                    n<> u<181> t<Local_parameter_declaration> p<182> c<157> l<20:3> el<20:42>
                      n<> u<157> t<Data_type_or_implicit> p<181> c<156> s<180> l<20:14> el<20:17>
                        n<> u<156> t<Data_type> p<157> c<155> l<20:14> el<20:17>
                          n<> u<155> t<INT> p<156> l<20:14> el<20:17>
                      n<> u<180> t<Param_assignment_list> p<181> c<179> l<20:18> el<20:42>
                        n<> u<179> t<Param_assignment> p<180> c<158> l<20:18> el<20:42>
                          n<PtrW> u<158> t<SIMPLE_IDENTIFIER> p<179> s<178> l<20:18> el<20:22>
                          n<> u<178> t<Constant_param_expression> p<179> c<177> l<20:25> el<20:42>
                            n<> u<177> t<Constant_mintypmax_expression> p<178> c<176> l<20:25> el<20:42>
                              n<> u<176> t<Constant_expression> p<177> c<175> l<20:25> el<20:42>
                                n<> u<175> t<Constant_primary> p<176> c<174> l<20:25> el<20:42>
                                  n<> u<174> t<Subroutine_call> p<175> c<159> l<20:25> el<20:42>
                                    n<$> u<159> t<DOLLAR> p<174> s<160> l<20:25> el<20:26>
                                    n<clog2> u<160> t<SIMPLE_IDENTIFIER> p<174> s<172> l<20:26> el<20:31>
                                    n<> u<172> t<OPEN_PARENS> p<174> s<171> l<20:31> el<20:32>
                                    n<> u<171> t<Argument_list> p<174> c<170> s<173> l<20:32> el<20:41>
                                      n<> u<170> t<Expression> p<171> c<164> l<20:32> el<20:41>
                                        n<> u<164> t<Expression> p<170> c<163> s<169> l<20:32> el<20:39>
                                          n<> u<163> t<Primary> p<164> c<162> l<20:32> el<20:39>
                                            n<> u<162> t<Primary_literal> p<163> c<161> l<20:32> el<20:39>
                                              n<ConcatW> u<161> t<SIMPLE_IDENTIFIER> p<162> l<20:32> el<20:39>
                                        n<> u<169> t<BinaryOp_Plus> p<170> s<168> l<20:39> el<20:40>
                                        n<> u<168> t<Expression> p<170> c<167> l<20:40> el<20:41>
                                          n<> u<167> t<Primary> p<168> c<166> l<20:40> el<20:41>
                                            n<> u<166> t<Primary_literal> p<167> c<165> l<20:40> el<20:41>
                                              n<1> u<165> t<INTEGRAL_NUMBER> p<166> l<20:40> el<20:41>
                                    n<> u<173> t<CLOSE_PARENS> p<174> l<20:41> el<20:42>
        n<> u<229> t<Module_item> p<322> c<228> s<260> l<21:3> el<21:53>
          n<> u<228> t<Non_port_module_item> p<229> c<227> l<21:3> el<21:53>
            n<> u<227> t<Module_or_generate_item> p<228> c<226> l<21:3> el<21:53>
              n<> u<226> t<Module_common_item> p<227> c<225> l<21:3> el<21:53>
                n<> u<225> t<Module_or_generate_item_declaration> p<226> c<224> l<21:3> el<21:53>
                  n<> u<224> t<Package_or_generate_item_declaration> p<225> c<223> l<21:3> el<21:53>
                    n<> u<223> t<Local_parameter_declaration> p<224> c<190> l<21:3> el<21:52>
                      n<> u<190> t<Data_type_or_implicit> p<223> c<189> s<222> l<21:14> el<21:17>
                        n<> u<189> t<Data_type> p<190> c<188> l<21:14> el<21:17>
                          n<> u<188> t<INT> p<189> l<21:14> el<21:17>
                      n<> u<222> t<Param_assignment_list> p<223> c<221> l<21:18> el<21:52>
                        n<> u<221> t<Param_assignment> p<222> c<191> l<21:18> el<21:52>
                          n<IdxW> u<191> t<SIMPLE_IDENTIFIER> p<221> s<220> l<21:18> el<21:22>
                          n<> u<220> t<Constant_param_expression> p<221> c<219> l<21:25> el<21:52>
                            n<> u<219> t<Constant_mintypmax_expression> p<220> c<218> l<21:25> el<21:52>
                              n<> u<218> t<Constant_expression> p<219> c<203> l<21:25> el<21:52>
                                n<> u<203> t<Constant_expression> p<218> c<202> s<217> l<21:25> el<21:36>
                                  n<> u<202> t<Constant_primary> p<203> c<201> l<21:25> el<21:36>
                                    n<> u<201> t<Subroutine_call> p<202> c<192> l<21:25> el<21:36>
                                      n<$> u<192> t<DOLLAR> p<201> s<193> l<21:25> el<21:26>
                                      n<clog2> u<193> t<SIMPLE_IDENTIFIER> p<201> s<199> l<21:26> el<21:31>
                                      n<> u<199> t<OPEN_PARENS> p<201> s<198> l<21:31> el<21:32>
                                      n<> u<198> t<Argument_list> p<201> c<197> s<200> l<21:32> el<21:35>
                                        n<> u<197> t<Expression> p<198> c<196> l<21:32> el<21:35>
                                          n<> u<196> t<Primary> p<197> c<195> l<21:32> el<21:35>
                                            n<> u<195> t<Primary_literal> p<196> c<194> l<21:32> el<21:35>
                                              n<InW> u<194> t<SIMPLE_IDENTIFIER> p<195> l<21:32> el<21:35>
                                      n<> u<200> t<CLOSE_PARENS> p<201> l<21:35> el<21:36>
                                n<> u<217> t<BinaryOp_Plus> p<218> s<216> l<21:37> el<21:38>
                                n<> u<216> t<Constant_expression> p<218> c<215> l<21:39> el<21:52>
                                  n<> u<215> t<REDUCTION_NOR> p<216> s<214> l<21:39> el<21:41>
                                  n<> u<214> t<Constant_primary> p<216> c<213> l<21:41> el<21:52>
                                    n<> u<213> t<Subroutine_call> p<214> c<204> l<21:41> el<21:52>
                                      n<$> u<204> t<DOLLAR> p<213> s<205> l<21:41> el<21:42>
                                      n<clog2> u<205> t<SIMPLE_IDENTIFIER> p<213> s<211> l<21:42> el<21:47>
                                      n<> u<211> t<OPEN_PARENS> p<213> s<210> l<21:47> el<21:48>
                                      n<> u<210> t<Argument_list> p<213> c<209> s<212> l<21:48> el<21:51>
                                        n<> u<209> t<Expression> p<210> c<208> l<21:48> el<21:51>
                                          n<> u<208> t<Primary> p<209> c<207> l<21:48> el<21:51>
                                            n<> u<207> t<Primary_literal> p<208> c<206> l<21:48> el<21:51>
                                              n<InW> u<206> t<SIMPLE_IDENTIFIER> p<207> l<21:48> el<21:51>
                                      n<> u<212> t<CLOSE_PARENS> p<213> l<21:51> el<21:52>
        n<> u<260> t<Module_item> p<322> c<259> s<261> l<22:3> el<22:43>
          n<> u<259> t<Non_port_module_item> p<260> c<258> l<22:3> el<22:43>
            n<> u<258> t<Module_or_generate_item> p<259> c<257> l<22:3> el<22:43>
              n<> u<257> t<Module_common_item> p<258> c<256> l<22:3> el<22:43>
                n<> u<256> t<Module_or_generate_item_declaration> p<257> c<255> l<22:3> el<22:43>
                  n<> u<255> t<Package_or_generate_item_declaration> p<256> c<254> l<22:3> el<22:43>
                    n<> u<254> t<Data_declaration> p<255> c<253> l<22:3> el<22:43>
                      n<> u<253> t<Variable_declaration> p<254> c<247> l<22:3> el<22:43>
                        n<> u<247> t<Data_type> p<253> c<230> s<252> l<22:3> el<22:19>
                          n<> u<230> t<LOGIC> p<247> s<246> l<22:3> el<22:8>
                          n<> u<246> t<Packed_dimension> p<247> c<245> l<22:9> el<22:19>
                            n<> u<245> t<Constant_range> p<246> c<240> l<22:10> el<22:18>
                              n<> u<240> t<Constant_expression> p<245> c<234> s<244> l<22:10> el<22:16>
                                n<> u<234> t<Constant_expression> p<240> c<233> s<239> l<22:10> el<22:14>
                                  n<> u<233> t<Constant_primary> p<234> c<232> l<22:10> el<22:14>
                                    n<> u<232> t<Primary_literal> p<233> c<231> l<22:10> el<22:14>
                                      n<PtrW> u<231> t<SIMPLE_IDENTIFIER> p<232> l<22:10> el<22:14>
                                n<> u<239> t<BinaryOp_Minus> p<240> s<238> l<22:14> el<22:15>
                                n<> u<238> t<Constant_expression> p<240> c<237> l<22:15> el<22:16>
                                  n<> u<237> t<Constant_primary> p<238> c<236> l<22:15> el<22:16>
                                    n<> u<236> t<Primary_literal> p<237> c<235> l<22:15> el<22:16>
                                      n<1> u<235> t<INTEGRAL_NUMBER> p<236> l<22:15> el<22:16>
                              n<> u<244> t<Constant_expression> p<245> c<243> l<22:17> el<22:18>
                                n<> u<243> t<Constant_primary> p<244> c<242> l<22:17> el<22:18>
                                  n<> u<242> t<Primary_literal> p<243> c<241> l<22:17> el<22:18>
                                    n<0> u<241> t<INTEGRAL_NUMBER> p<242> l<22:17> el<22:18>
                        n<> u<252> t<Variable_decl_assignment_list> p<253> c<249> l<22:29> el<22:42>
                          n<> u<249> t<Variable_decl_assignment> p<252> c<248> s<251> l<22:29> el<22:32>
                            n<pos> u<248> t<SIMPLE_IDENTIFIER> p<249> l<22:29> el<22:32>
                          n<> u<251> t<Variable_decl_assignment> p<252> c<250> l<22:34> el<22:42>
                            n<pos_next> u<250> t<SIMPLE_IDENTIFIER> p<251> l<22:34> el<22:42>
        n<// Current write position> u<261> t<LINE_COMMENT> p<322> s<290> l<22:44> el<22:69>
        n<> u<290> t<Module_item> p<322> c<289> s<291> l<23:3> el<23:37>
          n<> u<289> t<Non_port_module_item> p<290> c<288> l<23:3> el<23:37>
            n<> u<288> t<Module_or_generate_item> p<289> c<287> l<23:3> el<23:37>
              n<> u<287> t<Module_common_item> p<288> c<286> l<23:3> el<23:37>
                n<> u<286> t<Module_or_generate_item_declaration> p<287> c<285> l<23:3> el<23:37>
                  n<> u<285> t<Package_or_generate_item_declaration> p<286> c<284> l<23:3> el<23:37>
                    n<> u<284> t<Data_declaration> p<285> c<283> l<23:3> el<23:37>
                      n<> u<283> t<Variable_declaration> p<284> c<279> l<23:3> el<23:37>
                        n<> u<279> t<Data_type> p<283> c<262> s<282> l<23:3> el<23:19>
                          n<> u<262> t<LOGIC> p<279> s<278> l<23:3> el<23:8>
                          n<> u<278> t<Packed_dimension> p<279> c<277> l<23:9> el<23:19>
                            n<> u<277> t<Constant_range> p<278> c<272> l<23:10> el<23:18>
                              n<> u<272> t<Constant_expression> p<277> c<266> s<276> l<23:10> el<23:16>
                                n<> u<266> t<Constant_expression> p<272> c<265> s<271> l<23:10> el<23:14>
                                  n<> u<265> t<Constant_primary> p<266> c<264> l<23:10> el<23:14>
                                    n<> u<264> t<Primary_literal> p<265> c<263> l<23:10> el<23:14>
                                      n<IdxW> u<263> t<SIMPLE_IDENTIFIER> p<264> l<23:10> el<23:14>
                                n<> u<271> t<BinaryOp_Minus> p<272> s<270> l<23:14> el<23:15>
                                n<> u<270> t<Constant_expression> p<272> c<269> l<23:15> el<23:16>
                                  n<> u<269> t<Constant_primary> p<270> c<268> l<23:15> el<23:16>
                                    n<> u<268> t<Primary_literal> p<269> c<267> l<23:15> el<23:16>
                                      n<1> u<267> t<INTEGRAL_NUMBER> p<268> l<23:15> el<23:16>
                              n<> u<276> t<Constant_expression> p<277> c<275> l<23:17> el<23:18>
                                n<> u<275> t<Constant_primary> p<276> c<274> l<23:17> el<23:18>
                                  n<> u<274> t<Primary_literal> p<275> c<273> l<23:17> el<23:18>
                                    n<0> u<273> t<INTEGRAL_NUMBER> p<274> l<23:17> el<23:18>
                        n<> u<282> t<Variable_decl_assignment_list> p<283> c<281> l<23:29> el<23:36>
                          n<> u<281> t<Variable_decl_assignment> p<282> c<280> l<23:29> el<23:36>
                            n<lod_idx> u<280> t<SIMPLE_IDENTIFIER> p<281> l<23:29> el<23:36>
        n<// result of Leading One Detector> u<291> t<LINE_COMMENT> p<322> s<320> l<23:44> el<23:77>
        n<> u<320> t<Module_item> p<322> c<319> s<321> l<25:3> el<28:6>
          n<> u<319> t<Non_port_module_item> p<320> c<318> l<25:3> el<28:6>
            n<> u<318> t<Module_or_generate_item> p<319> c<317> l<25:3> el<28:6>
              n<> u<317> t<Module_common_item> p<318> c<316> l<25:3> el<28:6>
                n<> u<316> t<Conditional_generate_construct> p<317> c<315> l<25:3> el<28:6>
                  n<> u<315> t<If_generate_construct> p<316> c<314> l<25:3> el<28:6>
                    n<> u<314> t<IF> p<315> s<301> l<25:3> el<25:5>
                    n<> u<301> t<Constant_expression> p<315> c<295> s<313> l<25:7> el<25:16>
                      n<> u<295> t<Constant_expression> p<301> c<294> s<300> l<25:7> el<25:11>
                        n<> u<294> t<Constant_primary> p<295> c<293> l<25:7> el<25:11>
                          n<> u<293> t<Primary_literal> p<294> c<292> l<25:7> el<25:11>
                            n<IdxW> u<292> t<SIMPLE_IDENTIFIER> p<293> l<25:7> el<25:11>
                      n<> u<300> t<NOTEQUAL> p<301> s<299> l<25:12> el<25:14>
                      n<> u<299> t<Constant_expression> p<301> c<298> l<25:15> el<25:16>
                        n<> u<298> t<Constant_primary> p<299> c<297> l<25:15> el<25:16>
                          n<> u<297> t<Primary_literal> p<298> c<296> l<25:15> el<25:16>
                            n<5> u<296> t<INTEGRAL_NUMBER> p<297> l<25:15> el<25:16>
                    n<> u<313> t<Generate_item> p<315> c<312> l<25:18> el<28:6>
                      n<> u<312> t<Generate_begin_end_block> p<313> c<310> l<25:18> el<28:6>
                        n<> u<310> t<Generate_item> p<312> c<309> s<311> l<26:5> el<26:15>
                          n<> u<309> t<Module_or_generate_item> p<310> c<308> l<26:5> el<26:15>
                            n<> u<308> t<Unsupported_instantiation> p<309> c<302> l<26:5> el<26:15>
                              n<BAD> u<302> t<SIMPLE_IDENTIFIER> p<308> s<307> l<26:5> el<26:8>
                              n<> u<307> t<Hierarchical_instance> p<308> c<304> l<26:9> el<26:14>
                                n<> u<304> t<Name_of_instance> p<307> c<303> s<306> l<26:9> el<26:12>
                                  n<bad> u<303> t<SIMPLE_IDENTIFIER> p<304> l<26:9> el<26:12>
                                n<> u<306> t<Port_connection_list> p<307> c<305> l<26:13> el<26:13>
                                  n<> u<305> t<Ordered_port_connection> p<306> l<26:13> el<26:13>
                        n<> u<311> t<END> p<312> l<28:3> el<28:6>
        n<> u<321> t<ENDMODULE> p<322> l<31:1> el<31:10>
AST_DEBUG_END
[INF:CP5804] $Source01/dut.sv:1:1: Compile module "top".
[INF:CP5804] $Source01/dut.sv:11:1: Compile module "prim_packer".
[WRN:CP5851] $Source01/dut.sv:4:13: Failed to bind "bp_proc_param_s".
[WRN:PA5506] $Source01/dut.sv:1:1: No timescale set for "top".
[WRN:PA5506] $Source01/dut.sv:11:1: No timescale set for "prim_packer #(.InW(32), .OutW(32), .HintByteData(0))".
[ERR:DB2029] $Source01/dut.sv:26:5: Unsupported typespec "BAD".
====== HLDB =======
Design name:unnamed:
  vpiName: unnamed
  vpiSourceFile (1 items):
    SourceFile name:dut.sv file:$Source01/dut.sv:
      vpiParent: Design name:unnamed
      vpiName: dut.sv
      vpiPreprocFile: "$Output/lib/work/dut.sv"
  vpiAllModules (2 items):
    Module name:top file:$Source01/dut.sv start:1:1 end:9:10:
      vpiParent: Design name:unnamed
      vpiName Identifier name:top start:1:8 end:1:11:
      vpiFullName: top
      vpiParameter (2 items):
        Parameter name:dram_base_addr_gp start:2:13 end:2:30:
          vpiParent: Module name:top
          vpiTypespec RefTypespec:
            vpiParent: Parameter name:dram_base_addr_gp
            vpiFullName: top.dram_base_addr_gp
            vpiActual: LogicTypespec
          vpiName: dram_base_addr_gp
          vpiFullName: top.dram_base_addr_gp
          vpiLocalParam: true
        Parameter name:bp_default_cfg_p start:4:29 end:4:45:
          vpiParent: Module name:top
          vpiTypespec RefTypespec name:bp_proc_param_s start:4:13 end:4:28:
            vpiParent: Parameter name:bp_default_cfg_p
            vpiName: bp_proc_param_s
            vpiFullName: top.bp_default_cfg_p.bp_proc_param_s
          vpiName: bp_default_cfg_p
          vpiFullName: top.bp_default_cfg_p
          vpiLocalParam: true
      vpiParamAssign (2 items):
        ParamAssign start:2:13 end:2:57:
          vpiParent: Module name:top
          vpiLhs RefObj name:dram_base_addr_gp start:2:13 end:2:30:
            vpiParent: ParamAssign
            vpiName: dram_base_addr_gp
            vpiFullName: top.dram_base_addr_gp
            vpiActual: Parameter name:dram_base_addr_gp
          vpiRhs Constant start:2:41 end:2:57:
            vpiParent: ParamAssign
            vpiTypespec RefTypespec:
              vpiParent: Constant
              vpiFullName: top
              vpiActual: IntTypespec
            vpiConstType: hexadecimal (5)
            vpiSize: 40
            vpiDecompile: "40'h00_8000_0000"
            vpiValue: "0080000000"
        ParamAssign start:4:29 end:7:6:
          vpiParent: Module name:top
          vpiLhs RefObj name:bp_default_cfg_p start:4:29 end:4:45:
            vpiParent: ParamAssign
            vpiName: bp_default_cfg_p
            vpiFullName: top.bp_default_cfg_p
            vpiActual: Parameter name:bp_default_cfg_p
          vpiRhs Operation start:5:5 end:7:6:
            vpiParent: ParamAssign
            vpiOpType: assign pattern (87)
            vpiOperand (1 items):
              TaggedPattern start:6:7 end:6:40:
                vpiParent: Operation
                vpiTag RefObj name:boot_pc start:6:7 end:6:14:
                  vpiParent: TaggedPattern
                  vpiName: boot_pc
                  vpiFullName: top.boot_pc
                vpiPattern RefObj name:dram_base_addr_gp start:6:23 end:6:40:
                  vpiParent: TaggedPattern
                  vpiName: dram_base_addr_gp
                  vpiFullName: top.dram_base_addr_gp
                  vpiActual: Parameter name:dram_base_addr_gp
      vpiTypespec (1 items):
        LogicTypespec:
          vpiParent: Module name:top
      vpiDefName: top
      vpiDefNetType: wire (1)
      vpiDefDelayMode: none (1)
      vpiUnconnDrive: highz (1)
      vpiLibrary RefObj name:work start:1:8 end:1:11:
        vpiParent: Module name:top
        vpiName: work
        vpiFullName: top.work
        vpiActual: Library name:work
      vpiCell: top
    Module name:prim_packer #(.InW(32), .OutW(32), .HintByteData(0)) file:$Source01/dut.sv start:11:1 end:31:10:
      vpiParent: Design name:unnamed
      vpiName Identifier name:prim_packer #(.InW(32), .OutW(32), .HintByteData(0)) start:11:8 end:11:19:
      vpiFullName: prim_packer #(.InW(32), .OutW(32), .HintByteData(0))
      vpiVariable (3 items):
        Variable name:pos start:22:29 end:22:32:
          vpiParent: Module name:prim_packer #(.InW(32), .OutW(32), .HintByteData(0))
          vpiTypespec RefTypespec start:22:3 end:22:19:
            vpiParent: Variable name:pos
            vpiFullName: prim_packer #(.InW(32), .OutW(32), .HintByteData(0)).pos
            vpiActual: LogicTypespec
          vpiName: pos
          vpiFullName: prim_packer #(.InW(32), .OutW(32), .HintByteData(0)).pos
        Variable name:pos_next start:22:34 end:22:42:
          vpiParent: Module name:prim_packer #(.InW(32), .OutW(32), .HintByteData(0))
          vpiTypespec RefTypespec start:22:3 end:22:19:
            vpiParent: Variable name:pos_next
            vpiFullName: prim_packer #(.InW(32), .OutW(32), .HintByteData(0)).pos_next
            vpiActual: LogicTypespec
          vpiName: pos_next
          vpiFullName: prim_packer #(.InW(32), .OutW(32), .HintByteData(0)).pos_next
        Variable name:lod_idx start:23:29 end:23:36:
          vpiParent: Module name:prim_packer #(.InW(32), .OutW(32), .HintByteData(0))
          vpiTypespec RefTypespec start:23:3 end:23:19:
            vpiParent: Variable name:lod_idx
            vpiFullName: prim_packer #(.InW(32), .OutW(32), .HintByteData(0)).lod_idx
            vpiActual: LogicTypespec
          vpiName: lod_idx
          vpiFullName: prim_packer #(.InW(32), .OutW(32), .HintByteData(0)).lod_idx
      vpiParameter (7 items):
        Parameter name:InW start:12:17 end:12:20:
          vpiParent: Module name:prim_packer #(.InW(32), .OutW(32), .HintByteData(0))
          vpiTypespec RefTypespec start:12:13 end:12:16:
            vpiParent: Parameter name:InW
            vpiFullName: prim_packer #(.InW(32), .OutW(32), .HintByteData(0)).InW
            vpiActual: IntTypespec
          vpiName: InW
          vpiFullName: prim_packer #(.InW(32), .OutW(32), .HintByteData(0)).InW
        Parameter name:OutW start:13:17 end:13:21:
          vpiParent: Module name:prim_packer #(.InW(32), .OutW(32), .HintByteData(0))
          vpiTypespec RefTypespec start:13:13 end:13:16:
            vpiParent: Parameter name:OutW
            vpiFullName: prim_packer #(.InW(32), .OutW(32), .HintByteData(0)).OutW
            vpiActual: IntTypespec
          vpiName: OutW
          vpiFullName: prim_packer #(.InW(32), .OutW(32), .HintByteData(0)).OutW
        Parameter name:HintByteData start:14:17 end:14:29:
          vpiParent: Module name:prim_packer #(.InW(32), .OutW(32), .HintByteData(0))
          vpiTypespec RefTypespec start:14:13 end:14:16:
            vpiParent: Parameter name:HintByteData
            vpiFullName: prim_packer #(.InW(32), .OutW(32), .HintByteData(0)).HintByteData
            vpiActual: IntTypespec
          vpiName: HintByteData
          vpiFullName: prim_packer #(.InW(32), .OutW(32), .HintByteData(0)).HintByteData
        Parameter name:Width start:18:18 end:18:23:
          vpiParent: Module name:prim_packer #(.InW(32), .OutW(32), .HintByteData(0))
          vpiTypespec RefTypespec start:18:14 end:18:17:
            vpiParent: Parameter name:Width
            vpiFullName: prim_packer #(.InW(32), .OutW(32), .HintByteData(0)).Width
            vpiActual: IntTypespec
          vpiName: Width
          vpiFullName: prim_packer #(.InW(32), .OutW(32), .HintByteData(0)).Width
          vpiLocalParam: true
        Parameter name:ConcatW start:19:18 end:19:25:
          vpiParent: Module name:prim_packer #(.InW(32), .OutW(32), .HintByteData(0))
          vpiTypespec RefTypespec start:19:14 end:19:17:
            vpiParent: Parameter name:ConcatW
            vpiFullName: prim_packer #(.InW(32), .OutW(32), .HintByteData(0)).ConcatW
            vpiActual: IntTypespec
          vpiName: ConcatW
          vpiFullName: prim_packer #(.InW(32), .OutW(32), .HintByteData(0)).ConcatW
          vpiLocalParam: true
        Parameter name:PtrW start:20:18 end:20:22:
          vpiParent: Module name:prim_packer #(.InW(32), .OutW(32), .HintByteData(0))
          vpiTypespec RefTypespec start:20:14 end:20:17:
            vpiParent: Parameter name:PtrW
            vpiFullName: prim_packer #(.InW(32), .OutW(32), .HintByteData(0)).PtrW
            vpiActual: IntTypespec
          vpiName: PtrW
          vpiFullName: prim_packer #(.InW(32), .OutW(32), .HintByteData(0)).PtrW
          vpiLocalParam: true
        Parameter name:IdxW start:21:18 end:21:22:
          vpiParent: Module name:prim_packer #(.InW(32), .OutW(32), .HintByteData(0))
          vpiTypespec RefTypespec start:21:14 end:21:17:
            vpiParent: Parameter name:IdxW
            vpiFullName: prim_packer #(.InW(32), .OutW(32), .HintByteData(0)).IdxW
            vpiActual: IntTypespec
          vpiName: IdxW
          vpiFullName: prim_packer #(.InW(32), .OutW(32), .HintByteData(0)).IdxW
          vpiLocalParam: true
      vpiParamAssign (7 items):
        ParamAssign start:12:17 end:12:26:
          vpiParent: Module name:prim_packer #(.InW(32), .OutW(32), .HintByteData(0))
          vpiLhs RefObj name:InW start:12:17 end:12:20:
            vpiParent: ParamAssign
            vpiName: InW
            vpiFullName: prim_packer #(.InW(32), .OutW(32), .HintByteData(0)).InW
            vpiActual: Parameter name:InW
          vpiRhs Constant start:12:24 end:12:26:
            vpiParent: ParamAssign
            vpiTypespec RefTypespec:
              vpiParent: Constant
              vpiFullName: prim_packer #(.InW(32), .OutW(32), .HintByteData(0))
              vpiActual: IntTypespec
            vpiConstType: unsigned int (9)
            vpiSize: 64
            vpiDecompile: "32"
            vpiValue: 32
        ParamAssign start:13:17 end:13:26:
          vpiParent: Module name:prim_packer #(.InW(32), .OutW(32), .HintByteData(0))
          vpiLhs RefObj name:OutW start:13:17 end:13:21:
            vpiParent: ParamAssign
            vpiName: OutW
            vpiFullName: prim_packer #(.InW(32), .OutW(32), .HintByteData(0)).OutW
            vpiActual: Parameter name:OutW
          vpiRhs Constant start:13:24 end:13:26:
            vpiParent: ParamAssign
            vpiTypespec RefTypespec:
              vpiParent: Constant
              vpiFullName: prim_packer #(.InW(32), .OutW(32), .HintByteData(0))
              vpiActual: IntTypespec
            vpiConstType: unsigned int (9)
            vpiSize: 64
            vpiDecompile: "32"
            vpiValue: 32
        ParamAssign start:14:17 end:14:33:
          vpiParent: Module name:prim_packer #(.InW(32), .OutW(32), .HintByteData(0))
          vpiLhs RefObj name:HintByteData start:14:17 end:14:29:
            vpiParent: ParamAssign
            vpiName: HintByteData
            vpiFullName: prim_packer #(.InW(32), .OutW(32), .HintByteData(0)).HintByteData
            vpiActual: Parameter name:HintByteData
          vpiRhs Constant start:14:32 end:14:33:
            vpiParent: ParamAssign
            vpiTypespec RefTypespec:
              vpiParent: Constant
              vpiFullName: prim_packer #(.InW(32), .OutW(32), .HintByteData(0))
              vpiActual: IntTypespec
            vpiConstType: unsigned int (9)
            vpiSize: 64
            vpiDecompile: "0"
            vpiValue: 0
        ParamAssign start:18:18 end:18:36:
          vpiParent: Module name:prim_packer #(.InW(32), .OutW(32), .HintByteData(0))
          vpiLhs RefObj name:Width start:18:18 end:18:23:
            vpiParent: ParamAssign
            vpiName: Width
            vpiFullName: prim_packer #(.InW(32), .OutW(32), .HintByteData(0)).Width
            vpiActual: Parameter name:Width
          vpiRhs Operation start:18:26 end:18:36:
            vpiParent: ParamAssign
            vpiOpType: add (24)
            vpiOperand (2 items):
              RefObj name:InW start:18:26 end:18:29:
                vpiParent: Operation
                vpiName: InW
                vpiFullName: prim_packer #(.InW(32), .OutW(32), .HintByteData(0)).InW
                vpiActual: Parameter name:InW
              RefObj name:OutW start:18:32 end:18:36:
                vpiParent: Operation
                vpiName: OutW
                vpiFullName: prim_packer #(.InW(32), .OutW(32), .HintByteData(0)).OutW
                vpiActual: Parameter name:OutW
        ParamAssign start:19:18 end:19:39:
          vpiParent: Module name:prim_packer #(.InW(32), .OutW(32), .HintByteData(0))
          vpiLhs RefObj name:ConcatW start:19:18 end:19:25:
            vpiParent: ParamAssign
            vpiName: ConcatW
            vpiFullName: prim_packer #(.InW(32), .OutW(32), .HintByteData(0)).ConcatW
            vpiActual: Parameter name:ConcatW
          vpiRhs Operation start:19:28 end:19:39:
            vpiParent: ParamAssign
            vpiOpType: add (24)
            vpiOperand (2 items):
              RefObj name:Width start:19:28 end:19:33:
                vpiParent: Operation
                vpiName: Width
                vpiFullName: prim_packer #(.InW(32), .OutW(32), .HintByteData(0)).Width
                vpiActual: Parameter name:Width
              RefObj name:InW start:19:36 end:19:39:
                vpiParent: Operation
                vpiName: InW
                vpiFullName: prim_packer #(.InW(32), .OutW(32), .HintByteData(0)).InW
                vpiActual: Parameter name:InW
        ParamAssign start:20:18 end:20:42:
          vpiParent: Module name:prim_packer #(.InW(32), .OutW(32), .HintByteData(0))
          vpiLhs RefObj name:PtrW start:20:18 end:20:22:
            vpiParent: ParamAssign
            vpiName: PtrW
            vpiFullName: prim_packer #(.InW(32), .OutW(32), .HintByteData(0)).PtrW
            vpiActual: Parameter name:PtrW
          vpiRhs SysFuncCall name:$clog2 start:20:25 end:20:42:
            vpiParent: ParamAssign
            vpiName Identifier name:$clog2 start:20:25 end:20:31:
            vpiArgument (1 items):
              NamedArgument start:20:32 end:20:41:
                vpiParent: SysFuncCall name:$clog2
                vpiHighConn Operation start:20:32 end:20:41:
                  vpiParent: NamedArgument
                  vpiOpType: add (24)
                  vpiOperand (2 items):
                    RefObj name:ConcatW start:20:32 end:20:39:
                      vpiParent: Operation
                      vpiName: ConcatW
                      vpiFullName: prim_packer #(.InW(32), .OutW(32), .HintByteData(0)).ConcatW
                      vpiActual: Parameter name:ConcatW
                    Constant start:20:40 end:20:41:
                      vpiParent: Operation
                      vpiTypespec RefTypespec:
                        vpiParent: Constant
                        vpiFullName: prim_packer #(.InW(32), .OutW(32), .HintByteData(0))
                        vpiActual: IntTypespec
                      vpiConstType: unsigned int (9)
                      vpiSize: 64
                      vpiDecompile: "1"
                      vpiValue: 1
        ParamAssign start:21:18 end:21:52:
          vpiParent: Module name:prim_packer #(.InW(32), .OutW(32), .HintByteData(0))
          vpiLhs RefObj name:IdxW start:21:18 end:21:22:
            vpiParent: ParamAssign
            vpiName: IdxW
            vpiFullName: prim_packer #(.InW(32), .OutW(32), .HintByteData(0)).IdxW
            vpiActual: Parameter name:IdxW
          vpiRhs Operation start:21:25 end:21:52:
            vpiParent: ParamAssign
            vpiOpType: add (24)
            vpiOperand (2 items):
              SysFuncCall name:$clog2 start:21:25 end:21:36:
                vpiParent: Operation
                vpiName Identifier name:$clog2 start:21:25 end:21:31:
                vpiArgument (1 items):
                  NamedArgument start:21:32 end:21:35:
                    vpiParent: SysFuncCall name:$clog2
                    vpiHighConn RefObj name:InW start:21:32 end:21:35:
                      vpiParent: NamedArgument
                      vpiName: InW
                      vpiFullName: prim_packer #(.InW(32), .OutW(32), .HintByteData(0)).InW
                      vpiActual: Parameter name:InW
              Operation start:21:39 end:21:52:
                vpiParent: Operation
                vpiOperand (1 items):
                  SysFuncCall name:$clog2 start:21:41 end:21:52:
                    vpiParent: Operation
                    vpiName Identifier name:$clog2 start:21:41 end:21:47:
                    vpiArgument (1 items):
                      NamedArgument start:21:48 end:21:51:
                        vpiParent: SysFuncCall name:$clog2
                        vpiHighConn RefObj name:InW start:21:48 end:21:51:
                          vpiParent: NamedArgument
                          vpiName: InW
                          vpiFullName: prim_packer #(.InW(32), .OutW(32), .HintByteData(0)).InW
                          vpiActual: Parameter name:InW
      vpiTypespec (2 items):
        LogicTypespec:
          vpiParent: Module name:prim_packer #(.InW(32), .OutW(32), .HintByteData(0))
          vpiRange (1 items):
            Range start:22:9 end:22:19:
              vpiParent: LogicTypespec
              vpiLeftRange Operation start:22:10 end:22:16:
                vpiParent: Range
                vpiOpType: subtract (11)
                vpiOperand (2 items):
                  RefObj name:PtrW start:22:10 end:22:14:
                    vpiParent: Operation
                    vpiName: PtrW
                    vpiFullName: prim_packer #(.InW(32), .OutW(32), .HintByteData(0)).PtrW
                    vpiActual: Parameter name:PtrW
                  Constant start:22:15 end:22:16:
                    vpiParent: Operation
                    vpiTypespec RefTypespec:
                      vpiParent: Constant
                      vpiFullName: prim_packer #(.InW(32), .OutW(32), .HintByteData(0))
                      vpiActual: IntTypespec
                    vpiConstType: unsigned int (9)
                    vpiSize: 64
                    vpiDecompile: "1"
                    vpiValue: 1
              vpiRightRange Constant start:22:17 end:22:18:
                vpiParent: Range
                vpiTypespec RefTypespec:
                  vpiParent: Constant
                  vpiFullName: prim_packer #(.InW(32), .OutW(32), .HintByteData(0))
                  vpiActual: IntTypespec
                vpiConstType: unsigned int (9)
                vpiSize: 64
                vpiDecompile: "0"
                vpiValue: 0
          vpiVector: true
        LogicTypespec:
          vpiParent: Module name:prim_packer #(.InW(32), .OutW(32), .HintByteData(0))
          vpiRange (1 items):
            Range start:23:9 end:23:19:
              vpiParent: LogicTypespec
              vpiLeftRange Operation start:23:10 end:23:16:
                vpiParent: Range
                vpiOpType: subtract (11)
                vpiOperand (2 items):
                  RefObj name:IdxW start:23:10 end:23:14:
                    vpiParent: Operation
                    vpiName: IdxW
                    vpiFullName: prim_packer #(.InW(32), .OutW(32), .HintByteData(0)).IdxW
                    vpiActual: Parameter name:IdxW
                  Constant start:23:15 end:23:16:
                    vpiParent: Operation
                    vpiTypespec RefTypespec:
                      vpiParent: Constant
                      vpiFullName: prim_packer #(.InW(32), .OutW(32), .HintByteData(0))
                      vpiActual: IntTypespec
                    vpiConstType: unsigned int (9)
                    vpiSize: 64
                    vpiDecompile: "1"
                    vpiValue: 1
              vpiRightRange Constant start:23:17 end:23:18:
                vpiParent: Range
                vpiTypespec RefTypespec:
                  vpiParent: Constant
                  vpiFullName: prim_packer #(.InW(32), .OutW(32), .HintByteData(0))
                  vpiActual: IntTypespec
                vpiConstType: unsigned int (9)
                vpiSize: 64
                vpiDecompile: "0"
                vpiValue: 0
          vpiVector: true
      vpiDefName: prim_packer
      vpiDefNetType: wire (1)
      vpiDefDelayMode: none (1)
      vpiUnconnDrive: highz (1)
      vpiLibrary RefObj name:work start:11:8 end:11:19:
        vpiParent: Module name:prim_packer #(.InW(32), .OutW(32), .HintByteData(0))
        vpiName: work
        vpiFullName: prim_packer #(.InW(32), .OutW(32), .HintByteData(0)).work
        vpiActual: Library name:work
      vpiCell: prim_packer
      vpiGenStmt (1 items):
        GenIf start:25:3 end:28:6:
          vpiParent: Module name:prim_packer #(.InW(32), .OutW(32), .HintByteData(0))
          vpiCondition Operation start:25:7 end:25:16:
            vpiParent: GenIf
            vpiOpType: not equal (15)
            vpiOperand (2 items):
              RefObj name:IdxW start:25:7 end:25:11:
                vpiParent: Operation
                vpiName: IdxW
                vpiFullName: prim_packer #(.InW(32), .OutW(32), .HintByteData(0)).IdxW
                vpiActual: Parameter name:IdxW
              Constant start:25:15 end:25:16:
                vpiParent: Operation
                vpiTypespec RefTypespec:
                  vpiParent: Constant
                  vpiFullName: prim_packer #(.InW(32), .OutW(32), .HintByteData(0))
                  vpiActual: IntTypespec
                vpiConstType: unsigned int (9)
                vpiSize: 64
                vpiDecompile: "5"
                vpiValue: 5
          vpiStmt Begin start:25:18 end:28:6:
            vpiParent: GenIf
            vpiFullName: prim_packer #(.InW(32), .OutW(32), .HintByteData(0))
            vpiTypespec (1 items):
              UnsupportedTypespec name:BAD start:26:5 end:26:8:
                vpiParent: Begin
                vpiName Identifier name:BAD start:26:5 end:26:8:
            vpiStmt (1 items):
              RefInstance name:bad start:26:9 end:26:12:
                vpiParent: Begin
                vpiName: bad
                vpiTypespec RefTypespec name:BAD start:26:5 end:26:8:
                  vpiParent: RefInstance name:bad
                  vpiName: BAD
                  vpiFullName: prim_packer #(.InW(32), .OutW(32), .HintByteData(0)).bad.BAD
                  vpiActual: UnsupportedTypespec name:BAD
  vpiTypespec (4 items):
    ModuleTypespec name:top:
      vpiParent: Design name:unnamed
      vpiName Identifier name:top start:1:8 end:1:11:
      vpiDefName: top
      vpiModule: Module name:top
    IntTypespec:
      vpiParent: Design name:unnamed
    ModuleTypespec name:prim_packer:
      vpiParent: Design name:unnamed
      vpiName Identifier name:prim_packer start:11:8 end:11:19:
      vpiDefName: prim_packer
      vpiModule: Module name:prim_packer #(.InW(32), .OutW(32), .HintByteData(0))
    IntTypespec:
      vpiParent: Design name:unnamed
      vpiSigned: true
  vpiLibrary (1 items):
    Library name:work:
      vpiParent: Design name:unnamed
      vpiName: work
===================
[  FATAL] : 0
[ SYNTAX] : 0
[  ERROR] : 1
[WARNING] : 3
[   NOTE] : 0
********************************************************************************
*                    End HLC SystemVerilog Compiler/Linter                     *
********************************************************************************

#**#**#**#**#**#**#**#**#**#**#**#**#**#**#**#**#**#**#**#**#**#**#**#**#**#**#**#**#**#**#**#**#**#**#**#**#**#**#**#**

Environment:
      test-name: NegParam/NegParam
   test-dirpath: ${HLC_DIR}/regression/NegParam/NegParam
  hldb-filepath: ${HLC_DIR}/regression/NegParam/NegParam/design.hldb
mounts-filepath: ${HLC_DIR}/regression/NegParam/NegParam/mounts.json


{'result': {'coverage': 99.82,
            'error_count': 0,
            'file_count': 1,
            'files': {'$Output/lib/work/dut.sv': {'post_len': 1,
                                                  'pre_len': 541}},
            'post_len': 1,
            'pre_len': 541,
            'test_name': 'NegParam/NegParam'}}

+-------------------------+----------+-----------+
| INPUT                   |   PRELEN |   POSTLEN |
+=========================+==========+===========+
| $Output/lib/work/dut.sv |      541 |         1 |
+=========================+==========+===========+
|                         |      541 |         1 |
+-------------------------+----------+-----------+

[   ERROR] : 0
[COVERAGE] : 99.82


#**#**#**#**#**#**#**#**#**#**#**#**#**#**#**#**#**#**#**#**#**#**#**#**#**#**#**#**#**#**#**#**#**#**#**#**#**#**#**#**

COMMAND: ${HLC_DIR}/regression/NegParam/NegParam/design.hldb ${HLC_DIR}/regression/NegParam/NegParam/reduced.hldb

==================== BEGIN REDUCTION RESULT ====================
Name                            Before   After   Added   Removed
----------------------------------------------------------------
Constant                            10      14       6         2
Identifier                           8       5       0         3
NamedArgument                        3       0       0         3
Operation                            9       5       0         4
RefObj                              23      15       0         8
RefTypespec                         23      24       3         2
SysFuncCall                          3       0       0         3
----------------------------------------------------------------
Others                              40      40       0         0
----------------------------------------------------------------
                                   119     103       9        25
===================== END REDUCTION RESULT =====================
