********************************************************************************
*                   Begin HLC SystemVerilog Compiler/Linter                    *
********************************************************************************
Copyright (c) 2020 Apotell,
http://www.apache.org/licenses/LICENSE-2.0
VERSION: 1.84
COMMAND: -wd ../../../../tests/Google/chapter-11 -timescale=1ns/1ns -d ast -d db -nobuiltin 11.4.14.1--stream_concat.sv -wd ${HLC_DIR}/third_party/UVM -I1800.2-2017-1.0/src -mt 0 -d dbstats -d cache -writepp -d db -nostdout -o ${HLC_DIR}/regression/Google/chapter-11/11.4.14.1--stream_concat
[INF:CM0023] Creating log file "$Output/hlc.log".
[INF:PP0122] Preprocessing source file "$Source01/11.4.14.1--stream_concat.sv".
[INF:PA0201] Parsing source file "$Source01/11.4.14.1--stream_concat.sv".
AST_DEBUG_BEGIN
Count: 147
LIB: work
FILE: f<16>:$Source01/11.4.14.1--stream_concat.sv
n<$Source01/11.4.14.1--stream_concat.sv> u<146> t<Top_level_rule> c<1> l<15:1> el<26:1>
  n<> u<1> t<Null_rule> p<146> s<2> l<15:1> el<15:1>
  n<// Copyright (C) 2019-2021  The SymbiFlow Authors.> u<2> t<LINE_COMMENT> p<146> s<3> l<1:1> el<1:51>
  n<//> u<3> t<LINE_COMMENT> p<146> s<4> l<2:1> el<2:3>
  n<// Use of this source code is governed by a ISC-style> u<4> t<LINE_COMMENT> p<146> s<5> l<3:1> el<3:54>
  n<// license that can be found in the LICENSE file or at> u<5> t<LINE_COMMENT> p<146> s<6> l<4:1> el<4:55>
  n<// https://opensource.org/licenses/ISC> u<6> t<LINE_COMMENT> p<146> s<7> l<5:1> el<5:39>
  n<//> u<7> t<LINE_COMMENT> p<146> s<8> l<6:1> el<6:3>
  n<// SPDX-License-Identifier: ISC> u<8> t<LINE_COMMENT> p<146> s<9> l<7:1> el<7:32>
  n</*\n:name: stream_concat\n:description: stream concatenation test\n:tags: 11.4.14.1\n*/> u<9> t<BLOCK_COMMENT> p<146> s<145> l<15:1> el<25:10>
  n<> u<145> t<Source_text> p<146> c<144> l<15:1> el<25:10>
    n<> u<144> t<Description> p<145> c<143> l<15:1> el<25:10>
      n<> u<143> t<Module_declaration> p<144> c<14> l<15:1> el<25:10>
        n<> u<14> t<Module_nonansi_header> p<143> c<10> s<46> l<15:1> el<15:14>
          n<module> u<10> t<MODULE> p<14> s<11> l<15:1> el<15:7>
          n<top> u<11> t<SIMPLE_IDENTIFIER> p<14> s<12> l<15:8> el<15:11>
          n<> u<12> t<Package_import_declaration_list> p<14> s<13> l<15:11> el<15:11>
          n<> u<13> t<Port_list> p<14> l<15:11> el<15:13>
        n<> u<46> t<Module_item> p<143> c<45> s<78> l<17:1> el<17:30>
          n<> u<45> t<Non_port_module_item> p<46> c<44> l<17:1> el<17:30>
            n<> u<44> t<Module_or_generate_item> p<45> c<43> l<17:1> el<17:30>
              n<> u<43> t<Module_common_item> p<44> c<42> l<17:1> el<17:30>
                n<> u<42> t<Module_or_generate_item_declaration> p<43> c<41> l<17:1> el<17:30>
                  n<> u<41> t<Package_or_generate_item_declaration> p<42> c<40> l<17:1> el<17:30>
                    n<> u<40> t<Data_declaration> p<41> c<39> l<17:1> el<17:30>
                      n<> u<39> t<Variable_declaration> p<40> c<16> l<17:1> el<17:30>
                        n<> u<16> t<Data_type> p<39> c<15> s<38> l<17:1> el<17:4>
                          n<> u<15> t<INT> p<16> l<17:1> el<17:4>
                        n<> u<38> t<Variable_decl_assignment_list> p<39> c<37> l<17:5> el<17:29>
                          n<> u<37> t<Variable_decl_assignment> p<38> c<17> l<17:5> el<17:29>
                            n<a> u<17> t<SIMPLE_IDENTIFIER> p<37> s<36> l<17:5> el<17:6>
                            n<> u<36> t<Expression> p<37> c<35> l<17:9> el<17:29>
                              n<> u<35> t<Primary> p<36> c<34> l<17:9> el<17:29>
                                n<> u<34> t<Concatenation> p<35> c<21> l<17:9> el<17:29>
                                  n<> u<21> t<Expression> p<34> c<20> s<25> l<17:10> el<17:13>
                                    n<> u<20> t<Primary> p<21> c<19> l<17:10> el<17:13>
                                      n<> u<19> t<Primary_literal> p<20> c<18> l<17:10> el<17:13>
                                        n<"A"> u<18> t<QUOTED_STRING> p<19> l<17:10> el<17:13>
                                  n<> u<25> t<Expression> p<34> c<24> s<29> l<17:15> el<17:18>
                                    n<> u<24> t<Primary> p<25> c<23> l<17:15> el<17:18>
                                      n<> u<23> t<Primary_literal> p<24> c<22> l<17:15> el<17:18>
                                        n<"B"> u<22> t<QUOTED_STRING> p<23> l<17:15> el<17:18>
                                  n<> u<29> t<Expression> p<34> c<28> s<33> l<17:20> el<17:23>
                                    n<> u<28> t<Primary> p<29> c<27> l<17:20> el<17:23>
                                      n<> u<27> t<Primary_literal> p<28> c<26> l<17:20> el<17:23>
                                        n<"C"> u<26> t<QUOTED_STRING> p<27> l<17:20> el<17:23>
                                  n<> u<33> t<Expression> p<34> c<32> l<17:25> el<17:28>
                                    n<> u<32> t<Primary> p<33> c<31> l<17:25> el<17:28>
                                      n<> u<31> t<Primary_literal> p<32> c<30> l<17:25> el<17:28>
                                        n<"D"> u<30> t<QUOTED_STRING> p<31> l<17:25> el<17:28>
        n<> u<78> t<Module_item> p<143> c<77> s<101> l<18:1> el<18:30>
          n<> u<77> t<Non_port_module_item> p<78> c<76> l<18:1> el<18:30>
            n<> u<76> t<Module_or_generate_item> p<77> c<75> l<18:1> el<18:30>
              n<> u<75> t<Module_common_item> p<76> c<74> l<18:1> el<18:30>
                n<> u<74> t<Module_or_generate_item_declaration> p<75> c<73> l<18:1> el<18:30>
                  n<> u<73> t<Package_or_generate_item_declaration> p<74> c<72> l<18:1> el<18:30>
                    n<> u<72> t<Data_declaration> p<73> c<71> l<18:1> el<18:30>
                      n<> u<71> t<Variable_declaration> p<72> c<48> l<18:1> el<18:30>
                        n<> u<48> t<Data_type> p<71> c<47> s<70> l<18:1> el<18:4>
                          n<> u<47> t<INT> p<48> l<18:1> el<18:4>
                        n<> u<70> t<Variable_decl_assignment_list> p<71> c<69> l<18:5> el<18:29>
                          n<> u<69> t<Variable_decl_assignment> p<70> c<49> l<18:5> el<18:29>
                            n<b> u<49> t<SIMPLE_IDENTIFIER> p<69> s<68> l<18:5> el<18:6>
                            n<> u<68> t<Expression> p<69> c<67> l<18:9> el<18:29>
                              n<> u<67> t<Primary> p<68> c<66> l<18:9> el<18:29>
                                n<> u<66> t<Concatenation> p<67> c<53> l<18:9> el<18:29>
                                  n<> u<53> t<Expression> p<66> c<52> s<57> l<18:10> el<18:13>
                                    n<> u<52> t<Primary> p<53> c<51> l<18:10> el<18:13>
                                      n<> u<51> t<Primary_literal> p<52> c<50> l<18:10> el<18:13>
                                        n<"E"> u<50> t<QUOTED_STRING> p<51> l<18:10> el<18:13>
                                  n<> u<57> t<Expression> p<66> c<56> s<61> l<18:15> el<18:18>
                                    n<> u<56> t<Primary> p<57> c<55> l<18:15> el<18:18>
                                      n<> u<55> t<Primary_literal> p<56> c<54> l<18:15> el<18:18>
                                        n<"F"> u<54> t<QUOTED_STRING> p<55> l<18:15> el<18:18>
                                  n<> u<61> t<Expression> p<66> c<60> s<65> l<18:20> el<18:23>
                                    n<> u<60> t<Primary> p<61> c<59> l<18:20> el<18:23>
                                      n<> u<59> t<Primary_literal> p<60> c<58> l<18:20> el<18:23>
                                        n<"G"> u<58> t<QUOTED_STRING> p<59> l<18:20> el<18:23>
                                  n<> u<65> t<Expression> p<66> c<64> l<18:25> el<18:28>
                                    n<> u<64> t<Primary> p<65> c<63> l<18:25> el<18:28>
                                      n<> u<63> t<Primary_literal> p<64> c<62> l<18:25> el<18:28>
                                        n<"H"> u<62> t<QUOTED_STRING> p<63> l<18:25> el<18:28>
        n<> u<101> t<Module_item> p<143> c<100> s<141> l<19:1> el<19:16>
          n<> u<100> t<Non_port_module_item> p<101> c<99> l<19:1> el<19:16>
            n<> u<99> t<Module_or_generate_item> p<100> c<98> l<19:1> el<19:16>
              n<> u<98> t<Module_common_item> p<99> c<97> l<19:1> el<19:16>
                n<> u<97> t<Module_or_generate_item_declaration> p<98> c<96> l<19:1> el<19:16>
                  n<> u<96> t<Package_or_generate_item_declaration> p<97> c<95> l<19:1> el<19:16>
                    n<> u<95> t<Data_declaration> p<96> c<94> l<19:1> el<19:16>
                      n<> u<94> t<Variable_declaration> p<95> c<90> l<19:1> el<19:16>
                        n<> u<90> t<Data_type> p<94> c<79> s<93> l<19:1> el<19:13>
                          n<> u<79> t<LOGIC> p<90> s<89> l<19:1> el<19:6>
                          n<> u<89> t<Packed_dimension> p<90> c<88> l<19:7> el<19:13>
                            n<> u<88> t<Constant_range> p<89> c<83> l<19:8> el<19:12>
                              n<> u<83> t<Constant_expression> p<88> c<82> s<87> l<19:8> el<19:10>
                                n<> u<82> t<Constant_primary> p<83> c<81> l<19:8> el<19:10>
                                  n<> u<81> t<Primary_literal> p<82> c<80> l<19:8> el<19:10>
                                    n<63> u<80> t<INTEGRAL_NUMBER> p<81> l<19:8> el<19:10>
                              n<> u<87> t<Constant_expression> p<88> c<86> l<19:11> el<19:12>
                                n<> u<86> t<Constant_primary> p<87> c<85> l<19:11> el<19:12>
                                  n<> u<85> t<Primary_literal> p<86> c<84> l<19:11> el<19:12>
                                    n<0> u<84> t<INTEGRAL_NUMBER> p<85> l<19:11> el<19:12>
                        n<> u<93> t<Variable_decl_assignment_list> p<94> c<92> l<19:14> el<19:15>
                          n<> u<92> t<Variable_decl_assignment> p<93> c<91> l<19:14> el<19:15>
                            n<c> u<91> t<SIMPLE_IDENTIFIER> p<92> l<19:14> el<19:15>
        n<> u<141> t<Module_item> p<143> c<140> s<142> l<21:1> el<23:4>
          n<> u<140> t<Non_port_module_item> p<141> c<139> l<21:1> el<23:4>
            n<> u<139> t<Module_or_generate_item> p<140> c<138> l<21:1> el<23:4>
              n<> u<138> t<Module_common_item> p<139> c<137> l<21:1> el<23:4>
                n<> u<137> t<Initial_construct> p<138> c<136> l<21:1> el<23:4>
                  n<> u<136> t<Statement_or_null> p<137> c<135> l<21:9> el<23:4>
                    n<> u<135> t<Statement> p<136> c<134> l<21:9> el<23:4>
                      n<> u<134> t<Statement_item> p<135> c<133> l<21:9> el<23:4>
                        n<> u<133> t<Seq_block> p<134> c<131> l<21:9> el<23:4>
                          n<> u<131> t<Statement_or_null> p<133> c<130> s<132> l<22:2> el<22:20>
                            n<> u<130> t<Statement> p<131> c<129> l<22:2> el<22:20>
                              n<> u<129> t<Statement_item> p<130> c<128> l<22:2> el<22:20>
                                n<> u<128> t<Blocking_assignment> p<129> c<127> l<22:2> el<22:19>
                                  n<> u<127> t<Variable_assignment> p<128> c<106> l<22:2> el<22:19>
                                    n<> u<106> t<Variable_lvalue> p<127> c<103> s<126> l<22:2> el<22:3>
                                      n<> u<103> t<Ps_or_hierarchical_identifier> p<106> c<102> s<105> l<22:2> el<22:3>
                                        n<c> u<102> t<SIMPLE_IDENTIFIER> p<103> l<22:2> el<22:3>
                                      n<> u<105> t<Select> p<106> c<104> l<22:4> el<22:4>
                                        n<> u<104> t<Bit_select> p<105> l<22:4> el<22:4>
                                    n<> u<126> t<Expression> p<127> c<125> l<22:6> el<22:19>
                                      n<> u<125> t<Primary> p<126> c<124> l<22:6> el<22:19>
                                        n<> u<124> t<Streaming_concatenation> p<125> c<107> l<22:6> el<22:19>
                                          n<> u<107> t<SHIFT_RIGHT> p<124> s<112> l<22:7> el<22:9>
                                          n<> u<112> t<Slice_size> p<124> c<111> s<123> l<22:10> el<22:11>
                                            n<> u<111> t<Constant_expression> p<112> c<110> l<22:10> el<22:11>
                                              n<> u<110> t<Constant_primary> p<111> c<109> l<22:10> el<22:11>
                                                n<> u<109> t<Primary_literal> p<110> c<108> l<22:10> el<22:11>
                                                  n<8> u<108> t<INTEGRAL_NUMBER> p<109> l<22:10> el<22:11>
                                          n<> u<123> t<Stream_concatenation> p<124> c<117> l<22:12> el<22:18>
                                            n<> u<117> t<Stream_expression> p<123> c<116> s<122> l<22:13> el<22:14>
                                              n<> u<116> t<Expression> p<117> c<115> l<22:13> el<22:14>
                                                n<> u<115> t<Primary> p<116> c<114> l<22:13> el<22:14>
                                                  n<> u<114> t<Primary_literal> p<115> c<113> l<22:13> el<22:14>
                                                    n<a> u<113> t<SIMPLE_IDENTIFIER> p<114> l<22:13> el<22:14>
                                            n<> u<122> t<Stream_expression> p<123> c<121> l<22:16> el<22:17>
                                              n<> u<121> t<Expression> p<122> c<120> l<22:16> el<22:17>
                                                n<> u<120> t<Primary> p<121> c<119> l<22:16> el<22:17>
                                                  n<> u<119> t<Primary_literal> p<120> c<118> l<22:16> el<22:17>
                                                    n<b> u<118> t<SIMPLE_IDENTIFIER> p<119> l<22:16> el<22:17>
                          n<> u<132> t<END> p<133> l<23:1> el<23:4>
        n<> u<142> t<ENDMODULE> p<143> l<25:1> el<25:10>
AST_DEBUG_END
[INF:CP0303] $Source01/11.4.14.1--stream_concat.sv:15:1: Compile module "top".
[INF:CM0029] Using global timescale: "1ns/1ns".
====== HLDB =======
Design name:unnamed:
  vpiName: unnamed
  vpiSourceFile (1 items):
    SourceFile name:11.4.14.1--stream_concat.sv file:$Source01/11.4.14.1--stream_concat.sv:
      vpiParent: Design name:unnamed
      vpiName: "11.4.14.1--stream_concat.sv"
      vpiPreprocFile: "$Output/lib/work/11.4.14.1--stream_concat.sv"
  vpiAllModules (1 items):
    Module name:top file:$Source01/11.4.14.1--stream_concat.sv start:15:1 end:25:10:
      vpiParent: Design name:unnamed
      vpiName Identifier name:top start:15:8 end:15:11:
        vpiParent: Module name:top
        vpiName: top
      vpiFullName: top
      vpiVariable (3 items):
        Variable name:a start:17:5 end:17:6:
          vpiParent: Module name:top
          vpiTypespec RefTypespec start:17:1 end:17:4:
            vpiParent: Variable name:a
            vpiFullName: top.a
            vpiActual: IntTypespec
          vpiName: a
          vpiFullName: top.a
          vpiValue Operation start:17:9 end:17:29:
            vpiParent: Variable name:a
            vpiOpType: concatenation (33)
            vpiOperand (4 items):
              Constant start:17:10 end:17:13:
                vpiParent: Operation
                vpiTypespec RefTypespec:
                  vpiParent: Constant
                  vpiFullName: top.a
                  vpiActual: StringTypespec
                vpiConstType: string (6)
                vpiSize: 8
                vpiDecompile: "\"A\""
                vpiValue: A
              Constant start:17:15 end:17:18:
                vpiParent: Operation
                vpiTypespec RefTypespec:
                  vpiParent: Constant
                  vpiFullName: top.a
                  vpiActual: StringTypespec
                vpiConstType: string (6)
                vpiSize: 8
                vpiDecompile: "\"B\""
                vpiValue: B
              Constant start:17:20 end:17:23:
                vpiParent: Operation
                vpiTypespec RefTypespec:
                  vpiParent: Constant
                  vpiFullName: top.a
                  vpiActual: StringTypespec
                vpiConstType: string (6)
                vpiSize: 8
                vpiDecompile: "\"C\""
                vpiValue: C
              Constant start:17:25 end:17:28:
                vpiParent: Operation
                vpiTypespec RefTypespec:
                  vpiParent: Constant
                  vpiFullName: top.a
                  vpiActual: StringTypespec
                vpiConstType: string (6)
                vpiSize: 8
                vpiDecompile: "\"D\""
                vpiValue: D
        Variable name:b start:18:5 end:18:6:
          vpiParent: Module name:top
          vpiTypespec RefTypespec start:18:1 end:18:4:
            vpiParent: Variable name:b
            vpiFullName: top.b
            vpiActual: IntTypespec
          vpiName: b
          vpiFullName: top.b
          vpiValue Operation start:18:9 end:18:29:
            vpiParent: Variable name:b
            vpiOpType: concatenation (33)
            vpiOperand (4 items):
              Constant start:18:10 end:18:13:
                vpiParent: Operation
                vpiTypespec RefTypespec:
                  vpiParent: Constant
                  vpiFullName: top.b
                  vpiActual: StringTypespec
                vpiConstType: string (6)
                vpiSize: 8
                vpiDecompile: "\"E\""
                vpiValue: E
              Constant start:18:15 end:18:18:
                vpiParent: Operation
                vpiTypespec RefTypespec:
                  vpiParent: Constant
                  vpiFullName: top.b
                  vpiActual: StringTypespec
                vpiConstType: string (6)
                vpiSize: 8
                vpiDecompile: "\"F\""
                vpiValue: F
              Constant start:18:20 end:18:23:
                vpiParent: Operation
                vpiTypespec RefTypespec:
                  vpiParent: Constant
                  vpiFullName: top.b
                  vpiActual: StringTypespec
                vpiConstType: string (6)
                vpiSize: 8
                vpiDecompile: "\"G\""
                vpiValue: G
              Constant start:18:25 end:18:28:
                vpiParent: Operation
                vpiTypespec RefTypespec:
                  vpiParent: Constant
                  vpiFullName: top.b
                  vpiActual: StringTypespec
                vpiConstType: string (6)
                vpiSize: 8
                vpiDecompile: "\"H\""
                vpiValue: H
        Variable name:c start:19:14 end:19:15:
          vpiParent: Module name:top
          vpiTypespec RefTypespec start:19:1 end:19:13:
            vpiParent: Variable name:c
            vpiFullName: top.c
            vpiActual: LogicTypespec
          vpiName: c
          vpiFullName: top.c
          vpiVector: true
      vpiTypespec (1 items):
        LogicTypespec:
          vpiParent: Module name:top
          vpiRange (1 items):
            Range start:19:7 end:19:13:
              vpiParent: LogicTypespec
              vpiLeftRange Constant start:19:8 end:19:10:
                vpiParent: Range
                vpiTypespec RefTypespec:
                  vpiParent: Constant
                  vpiFullName: top
                  vpiActual: IntTypespec
                vpiConstType: unsigned int (9)
                vpiSize: 64
                vpiDecompile: "63"
                vpiValue: 63
              vpiRightRange Constant start:19:11 end:19:12:
                vpiParent: Range
                vpiTypespec RefTypespec:
                  vpiParent: Constant
                  vpiFullName: top
                  vpiActual: IntTypespec
                vpiConstType: unsigned int (9)
                vpiSize: 64
                vpiDecompile: "0"
                vpiValue: 0
          vpiVector: true
      vpiDefName: top
      vpiDefNetType: wire (1)
      vpiLibrary RefObj name:work:
        vpiParent: Module name:top
        vpiName: work
        vpiFullName: top.work
      vpiCell: top
      vpiProcess (1 items):
        Initial start:21:1 end:23:4:
          vpiParent: Module name:top
          vpiStmt Begin start:21:9 end:23:4:
            vpiParent: Initial
            vpiFullName: top
            vpiStmt (1 items):
              Assignment start:22:2 end:22:19:
                vpiParent: Begin
                vpiBlocking: true
                vpiLhs RefObj name:c start:22:2 end:22:3:
                  vpiParent: Assignment
                  vpiName: c
                  vpiFullName: top.c
                  vpiActual: Variable name:c
                vpiRhs Operation start:22:6 end:22:19:
                  vpiParent: Assignment
                  vpiOpType: stream-lr (68)
                  vpiOperand (2 items):
                    Constant start:22:10 end:22:11:
                      vpiParent: Operation
                      vpiTypespec RefTypespec:
                        vpiParent: Constant
                        vpiFullName: top
                        vpiActual: IntTypespec
                      vpiConstType: unsigned int (9)
                      vpiSize: 64
                      vpiDecompile: "8"
                      vpiValue: 8
                    Operation start:22:12 end:22:18:
                      vpiParent: Operation
                      vpiOpType: concatenation (33)
                      vpiOperand (2 items):
                        RefObj name:a start:22:13 end:22:14:
                          vpiParent: Operation
                          vpiName: a
                          vpiFullName: top.a
                          vpiActual: Variable name:a
                        RefObj name:b start:22:16 end:22:17:
                          vpiParent: Operation
                          vpiName: b
                          vpiFullName: top.b
                          vpiActual: Variable name:b
  vpiTypespec (3 items):
    ModuleTypespec name:top:
      vpiParent: Design name:unnamed
      vpiName Identifier name:top start:15:8 end:15:11:
        vpiParent: ModuleTypespec name:top
        vpiName: top
      vpiModule: Module name:top
    IntTypespec:
      vpiParent: Design name:unnamed
      vpiSigned: true
    StringTypespec:
      vpiParent: Design name:unnamed
===================
[  FATAL] : 0
[ SYNTAX] : 0
[  ERROR] : 0
[WARNING] : 0
[   NOTE] : 0
********************************************************************************
*                    End HLC SystemVerilog Compiler/Linter                     *
********************************************************************************

#**#**#**#**#**#**#**#**#**#**#**#**#**#**#**#**#**#**#**#**#**#**#**#**#**#**#**#**#**#**#**#**#**#**#**#**#**#**#**#**

Environment:
      test-name: Google/chapter-11/11.4.14.1--stream_concat
   test-dirpath: ${HLC_DIR}/regression/Google/chapter-11/11.4.14.1--stream_concat
  hldb-filepath: ${HLC_DIR}/regression/Google/chapter-11/11.4.14.1--stream_concat/design.hldb
mounts-filepath: ${HLC_DIR}/regression/Google/chapter-11/11.4.14.1--stream_concat/mounts.json


{'result': {'coverage': 100.0,
            'error_count': 0,
            'file_count': 1,
            'files': {'$Output/lib/work/11.4.14.1--stream_concat.sv': {'post_len': 0,
                                                                       'pre_len': 129}},
            'post_len': 0,
            'pre_len': 129,
            'test_name': 'Google/chapter-11/11.4.14.1--stream_concat'}}

+----------------------------------------------+----------+-----------+
| INPUT                                        |   PRELEN |   POSTLEN |
+==============================================+==========+===========+
| $Output/lib/work/11.4.14.1--stream_concat.sv |      129 |         0 |
+==============================================+==========+===========+
|                                              |      129 |         0 |
+----------------------------------------------+----------+-----------+

[   ERROR] : 0
[COVERAGE] : 100.0


#**#**#**#**#**#**#**#**#**#**#**#**#**#**#**#**#**#**#**#**#**#**#**#**#**#**#**#**#**#**#**#**#**#**#**#**#**#**#**#**

COMMAND: ${HLC_DIR}/regression/Google/chapter-11/11.4.14.1--stream_concat/design.hldb ${HLC_DIR}/regression/Google/chapter-11/11.4.14.1--stream_concat/reduced.hldb

==================== BEGIN REDUCTION RESULT ====================
Name                            Before   After   Added   Removed
----------------------------------------------------------------
Constant                            11       5       2         8
Operation                            4       2       0         2
RefTypespec                         14       6       0         8
----------------------------------------------------------------
Others                              20      20       0         0
----------------------------------------------------------------
                                    49      33       2        18
===================== END REDUCTION RESULT =====================
