[INF:CM0023] Creating log file "${SURELOG_DIR}/regression/Verilator/t_flag_woff/slpp_all/surelog.log".
AST_DEBUG_BEGIN
Count: 65
LIB: work
FILE: ${SURELOG_DIR}/tests/Verilator/t_flag_woff.v
n<${SURELOG_DIR}/tests/Verilator/t_flag_woff.v> u<64> t<Top_level_rule> c<1> l<6:1> el<20:1>
  n<> u<1> t<Null_rule> p<64> s<2> l<6:1> el<6:1>
  n<// DESCRIPTION: Verilator: Verilog Test module> u<2> t<LINE_COMMENT> p<64> s<3> l<1:1> el<1:47>
  n<//> u<3> t<LINE_COMMENT> p<64> s<4> l<2:1> el<2:3>
  n<// This file ONLY is placed into the Public Domain, for any use,> u<4> t<LINE_COMMENT> p<64> s<5> l<3:1> el<3:65>
  n<// without warranty, 2008 by Wilson Snyder.> u<5> t<LINE_COMMENT> p<64> s<63> l<4:1> el<4:44>
  n<> u<63> t<Source_text> p<64> c<62> l<6:1> el<19:10>
    n<> u<62> t<Description> p<63> c<61> l<6:1> el<19:10>
      n<> u<61> t<Module_declaration> p<62> c<9> l<6:1> el<19:10>
        n<> u<9> t<Module_ansi_header> p<61> c<6> s<10> l<6:1> el<6:10>
          n<module> u<6> t<Module_keyword> p<9> s<7> l<6:1> el<6:7>
          n<t> u<7> t<SIMPLE_IDENTIFIER> p<9> s<8> l<6:8> el<6:9>
          n<> u<8> t<Package_import_declaration_list> p<9> l<6:9> el<6:9>
        n<// width warnings off due to command line> u<10> t<LINE_COMMENT> p<61> s<25> l<8:4> el<8:45>
        n<> u<25> t<Non_port_module_item> p<61> c<24> s<26> l<9:4> el<9:22>
          n<> u<24> t<Module_or_generate_item> p<25> c<23> l<9:4> el<9:22>
            n<> u<23> t<Module_common_item> p<24> c<22> l<9:4> el<9:22>
              n<> u<22> t<Module_or_generate_item_declaration> p<23> c<21> l<9:4> el<9:22>
                n<> u<21> t<Package_or_generate_item_declaration> p<22> c<20> l<9:4> el<9:22>
                  n<> u<20> t<Net_declaration> p<21> c<11> l<9:4> el<9:22>
                    n<> u<11> t<WIRE> p<20> s<12> l<9:4> el<9:8>
                    n<> u<12> t<Data_type_or_implicit> p<20> s<19> l<9:9> el<9:9>
                    n<> u<19> t<Net_decl_assignment_list> p<20> c<18> l<9:9> el<9:21>
                      n<> u<18> t<Net_decl_assignment> p<19> c<13> l<9:9> el<9:21>
                        n<A> u<13> t<SIMPLE_IDENTIFIER> p<18> s<17> l<9:9> el<9:10>
                        n<> u<17> t<Expression> p<18> c<16> l<9:13> el<9:21>
                          n<> u<16> t<Primary> p<17> c<15> l<9:13> el<9:21>
                            n<> u<15> t<Primary_literal> p<16> c<14> l<9:13> el<9:21>
                              n<15'd1234> u<14> t<INTEGRAL_NUMBER> p<15> l<9:13> el<9:21>
        n<// width warnings off due to command line + manual switch> u<26> t<LINE_COMMENT> p<61> s<27> l<11:4> el<11:61>
        n<// verilator lint_off WIDTH> u<27> t<LINE_COMMENT> p<61> s<42> l<12:4> el<12:31>
        n<> u<42> t<Non_port_module_item> p<61> c<41> s<43> l<13:4> el<13:22>
          n<> u<41> t<Module_or_generate_item> p<42> c<40> l<13:4> el<13:22>
            n<> u<40> t<Module_common_item> p<41> c<39> l<13:4> el<13:22>
              n<> u<39> t<Module_or_generate_item_declaration> p<40> c<38> l<13:4> el<13:22>
                n<> u<38> t<Package_or_generate_item_declaration> p<39> c<37> l<13:4> el<13:22>
                  n<> u<37> t<Net_declaration> p<38> c<28> l<13:4> el<13:22>
                    n<> u<28> t<WIRE> p<37> s<29> l<13:4> el<13:8>
                    n<> u<29> t<Data_type_or_implicit> p<37> s<36> l<13:9> el<13:9>
                    n<> u<36> t<Net_decl_assignment_list> p<37> c<35> l<13:9> el<13:21>
                      n<> u<35> t<Net_decl_assignment> p<36> c<30> l<13:9> el<13:21>
                        n<B> u<30> t<SIMPLE_IDENTIFIER> p<35> s<34> l<13:9> el<13:10>
                        n<> u<34> t<Expression> p<35> c<33> l<13:13> el<13:21>
                          n<> u<33> t<Primary> p<34> c<32> l<13:13> el<13:21>
                            n<> u<32> t<Primary_literal> p<33> c<31> l<13:13> el<13:21>
                              n<15'd1234> u<31> t<INTEGRAL_NUMBER> p<32> l<13:13> el<13:21>
        n<// this turnon does nothing as off on command line> u<43> t<LINE_COMMENT> p<61> s<44> l<15:4> el<15:54>
        n<// verilator lint_on WIDTH> u<44> t<LINE_COMMENT> p<61> s<59> l<16:4> el<16:30>
        n<> u<59> t<Non_port_module_item> p<61> c<58> s<60> l<17:4> el<17:22>
          n<> u<58> t<Module_or_generate_item> p<59> c<57> l<17:4> el<17:22>
            n<> u<57> t<Module_common_item> p<58> c<56> l<17:4> el<17:22>
              n<> u<56> t<Module_or_generate_item_declaration> p<57> c<55> l<17:4> el<17:22>
                n<> u<55> t<Package_or_generate_item_declaration> p<56> c<54> l<17:4> el<17:22>
                  n<> u<54> t<Net_declaration> p<55> c<45> l<17:4> el<17:22>
                    n<> u<45> t<WIRE> p<54> s<46> l<17:4> el<17:8>
                    n<> u<46> t<Data_type_or_implicit> p<54> s<53> l<17:9> el<17:9>
                    n<> u<53> t<Net_decl_assignment_list> p<54> c<52> l<17:9> el<17:21>
                      n<> u<52> t<Net_decl_assignment> p<53> c<47> l<17:9> el<17:21>
                        n<C> u<47> t<SIMPLE_IDENTIFIER> p<52> s<51> l<17:9> el<17:10>
                        n<> u<51> t<Expression> p<52> c<50> l<17:13> el<17:21>
                          n<> u<50> t<Primary> p<51> c<49> l<17:13> el<17:21>
                            n<> u<49> t<Primary_literal> p<50> c<48> l<17:13> el<17:21>
                              n<15'd1234> u<48> t<INTEGRAL_NUMBER> p<49> l<17:13> el<17:21>
        n<> u<60> t<ENDMODULE> p<61> l<19:1> el<19:10>
AST_DEBUG_END
[INF:CP0303] ${SURELOG_DIR}/tests/Verilator/t_flag_woff.v:6:1: Compile module "work@t".
[INF:CM0029] Using global timescale: "1ns/1ns".
====== UHDM =======
Design name:unnamed:
  vpiName: unnamed
  vpiSourceFiles (1 items):
    SourceFile name:t_flag_woff.v file:${SURELOG_DIR}/tests/Verilator/t_flag_woff.v:
      vpiParent: Design name:unnamed
      vpiName: t_flag_woff.v
      vpiPreprocFile: "${SURELOG_DIR}/regression/Verilator/t_flag_woff/slpp_all/lib/work/t_flag_woff.v"
      vpiDefNetType: none (12)
  vpiAllModules (1 items):
    Module name:work@t file:${SURELOG_DIR}/tests/Verilator/t_flag_woff.v start:6:1 end:19:10:
      vpiParent: Design name:unnamed
      vpiName Identifier name:work@t start:6:8 end:6:9:
        vpiParent: Module name:work@t
        vpiName: work@t
      vpiFullName: work@t
      vpiTypespec (1 items):
        LogicTypespec:
          vpiParent: Module name:work@t
      vpiDefName: work@t
      vpiDefNetType: none (12)
      vpiNet (3 items):
        Net name:A start:9:9 end:9:10:
          vpiParent: Module name:work@t
          vpiTypespec RefTypespec start:9:9 end:9:9:
            vpiParent: Net name:A
            vpiFullName: work@t.A
            vpiActual: LogicTypespec
          vpiName: A
          vpiFullName: work@t.A
          vpiNetType: wire (1)
          vpiValue Constant start:9:13 end:9:21:
            vpiParent: Net name:A
            vpiTypespec RefTypespec:
              vpiParent: Constant
              vpiFullName: work@t.A
              vpiActual: IntTypespec
            vpiConstType: decimal (1)
            vpiSize: 15
            vpiDecompile: "15'd1234"
            vpiValue: 1234
        Net name:B start:13:9 end:13:10:
          vpiParent: Module name:work@t
          vpiTypespec RefTypespec start:13:9 end:13:9:
            vpiParent: Net name:B
            vpiFullName: work@t.B
            vpiActual: LogicTypespec
          vpiName: B
          vpiFullName: work@t.B
          vpiNetType: wire (1)
          vpiValue Constant start:13:13 end:13:21:
            vpiParent: Net name:B
            vpiTypespec RefTypespec:
              vpiParent: Constant
              vpiFullName: work@t.B
              vpiActual: IntTypespec
            vpiConstType: decimal (1)
            vpiSize: 15
            vpiDecompile: "15'd1234"
            vpiValue: 1234
        Net name:C start:17:9 end:17:10:
          vpiParent: Module name:work@t
          vpiTypespec RefTypespec start:17:9 end:17:9:
            vpiParent: Net name:C
            vpiFullName: work@t.C
            vpiActual: LogicTypespec
          vpiName: C
          vpiFullName: work@t.C
          vpiNetType: wire (1)
          vpiValue Constant start:17:13 end:17:21:
            vpiParent: Net name:C
            vpiTypespec RefTypespec:
              vpiParent: Constant
              vpiFullName: work@t.C
              vpiActual: IntTypespec
            vpiConstType: decimal (1)
            vpiSize: 15
            vpiDecompile: "15'd1234"
            vpiValue: 1234
  vpiTypespec (2 items):
    ModuleTypespec name:work@t:
      vpiParent: Design name:unnamed
      vpiName Identifier name:work@t start:6:8 end:6:9:
        vpiParent: ModuleTypespec name:work@t
        vpiName: work@t
      vpiModule: Module name:work@t
    IntTypespec:
      vpiParent: Design name:unnamed
      vpiSigned: true
===================

[  FATAL] : 0
[ SYNTAX] : 0
[  ERROR] : 0
[WARNING] : 0
[   NOTE] : 0

#**#**#**#**#**#**#**#**#**#**#**#**#**#**#**#**#**#**#**#**#**#**#**#**#**#**#**#**#**#**#**#**#**#**#**#**#**#**#**#**

Environment:
    test-name: Verilator/t_flag_woff
 test-dirpath: ${SURELOG_DIR}/regression/Verilator/t_flag_woff
 slpp_dirpath: ${SURELOG_DIR}/regression/Verilator/t_flag_woff/slpp_all
uhdm-filepath: ${SURELOG_DIR}/regression/Verilator/t_flag_woff/slpp_all/surelog.uhdm


{'result': {'coverage': 100.0,
            'error_count': 0,
            'file_count': 1,
            'files': {PosixPath('${SURELOG_DIR}/regression/Verilator/t_flag_woff/slpp_all/lib/work/t_flag_woff.v'): {'post_len': 0,
                                                                                                                                          'pre_len': 72}},
            'post_len': 0,
            'pre_len': 72,
            'test_name': 'Verilator/t_flag_woff'}}

+---------------------------------+----------+-----------+
| INPUT                           |   PRELEN |   POSTLEN |
+=================================+==========+===========+
| slpp_all/lib/work/t_flag_woff.v |       72 |         0 |
+=================================+==========+===========+
|                                 |       72 |         0 |
+---------------------------------+----------+-----------+

[   ERROR] : 0
[COVERAGE] : 100.0


#**#**#**#**#**#**#**#**#**#**#**#**#**#**#**#**#**#**#**#**#**#**#**#**#**#**#**#**#**#**#**#**#**#**#**#**#**#**#**#**

COMMAND: ${SURELOG_DIR}/regression/Verilator/t_flag_woff/slpp_all/surelog.uhdm ${SURELOG_DIR}/regression/Verilator/t_flag_woff/slpp_all/reduced.uhdm

==================== BEGIN REDUCTION RESULT ====================
Name                            Before   After   Added   Removed
----------------------------------------------------------------
----------------------------------------------------------------
Others                              20      20       0         0
----------------------------------------------------------------
                                    20      20       0         0
===================== END REDUCTION RESULT =====================
