********************************************************************************
*                   Begin HLC SystemVerilog Compiler/Linter                    *
********************************************************************************
Copyright (c) 2020 Apotell,
http://www.apache.org/licenses/LICENSE-2.0
VERSION: 1.84
COMMAND: -wd ../../../tests/PoundDelayTask -d db -d ast dut.sv -nobuiltin -mt 0 -d dbstats -d cache -writepp -d db -nostdout -o ${HLC_DIR}/regression/PoundDelayTask/PoundDelayTask
[INF:CM5022] Creating log file "$Output/hlc.log".
[INF:PP5223] Preprocessing source file "$Source01/dut.sv".
[INF:PA5502] Parsing source file "$Source01/dut.sv".
AST_DEBUG_BEGIN
Count: 61
LIB: work
FILE<0>:$Source01/dut.sv
n<$Source01/dut.sv> u<60> t<Top_level_rule> c<1> l<1:1> el<10:1>
  n<> u<1> t<Null_rule> p<60> s<59> l<1:1>
  n<> u<59> t<Source_text> p<60> c<58> l<1:1> el<9:10>
    n<> u<58> t<Description> p<59> c<57> l<1:1> el<9:10>
      n<> u<57> t<Module_declaration> p<58> c<5> l<1:1> el<9:10>
        n<> u<5> t<Module_ansi_header> p<57> c<2> s<29> l<1:1> el<1:10>
          n<module> u<2> t<MODULE> p<5> s<3> l<1:1> el<1:7>
          n<m> u<3> t<SIMPLE_IDENTIFIER> p<5> s<4> l<1:8> el<1:9>
          n<> u<4> t<Package_import_declaration_list> p<5> l<1:9> el<1:9>
        n<> u<29> t<Non_port_module_item> p<57> c<28> s<55> l<2:5> el<4:12>
          n<> u<28> t<Module_or_generate_item> p<29> c<27> l<2:5> el<4:12>
            n<> u<27> t<Module_common_item> p<28> c<26> l<2:5> el<4:12>
              n<> u<26> t<Module_or_generate_item_declaration> p<27> c<25> l<2:5> el<4:12>
                n<> u<25> t<Package_or_generate_item_declaration> p<26> c<24> l<2:5> el<4:12>
                  n<> u<24> t<Task_declaration> p<25> c<23> l<2:5> el<4:12>
                    n<> u<23> t<Task_body_declaration> p<24> c<6> l<2:10> el<4:12>
                      n<t> u<6> t<SIMPLE_IDENTIFIER> p<23> s<7> l<2:10> el<2:11>
                      n<> u<7> t<Tf_item_declaration_list> p<23> s<21> l<3:9> el<3:9>
                      n<> u<21> t<Statement_or_null> p<23> c<20> s<22> l<3:9> el<3:33>
                        n<> u<20> t<Statement> p<21> c<19> l<3:9> el<3:33>
                          n<> u<19> t<Statement_item> p<20> c<18> l<3:9> el<3:33>
                            n<> u<18> t<Subroutine_call_statement> p<19> c<17> l<3:9> el<3:33>
                              n<> u<17> t<Subroutine_call> p<18> c<8> l<3:9> el<3:32>
                                n<$> u<8> t<DOLLAR> p<17> s<9> l<3:9> el<3:10>
                                n<display> u<9> t<SIMPLE_IDENTIFIER> p<17> s<15> l<3:10> el<3:17>
                                n<> u<15> t<OPEN_PARENS> p<17> s<14> l<3:17> el<3:18>
                                n<> u<14> t<Argument_list> p<17> c<13> s<16> l<3:18> el<3:31>
                                  n<> u<13> t<Expression> p<14> c<12> l<3:18> el<3:31>
                                    n<> u<12> t<Primary> p<13> c<11> l<3:18> el<3:31>
                                      n<> u<11> t<Primary_literal> p<12> c<10> l<3:18> el<3:31>
                                        n<"I'm task t!"> u<10> t<QUOTED_STRING> p<11> l<3:18> el<3:31>
                                n<> u<16> t<CLOSE_PARENS> p<17> l<3:31> el<3:32>
                      n<> u<22> t<ENDTASK> p<23> l<4:5> el<4:12>
        n<> u<55> t<Non_port_module_item> p<57> c<54> s<56> l<6:5> el<8:8>
          n<> u<54> t<Module_or_generate_item> p<55> c<53> l<6:5> el<8:8>
            n<> u<53> t<Module_common_item> p<54> c<52> l<6:5> el<8:8>
              n<> u<52> t<Initial_construct> p<53> c<51> l<6:5> el<8:8>
                n<> u<51> t<Statement_or_null> p<52> c<50> l<6:13> el<8:8>
                  n<> u<50> t<Statement> p<51> c<49> l<6:13> el<8:8>
                    n<> u<49> t<Statement_item> p<50> c<48> l<6:13> el<8:8>
                      n<> u<48> t<Seq_block> p<49> c<46> l<6:13> el<8:8>
                        n<> u<46> t<Statement_or_null> p<48> c<45> s<47> l<7:9> el<7:14>
                          n<> u<45> t<Statement> p<46> c<44> l<7:9> el<7:14>
                            n<> u<44> t<Statement_item> p<45> c<43> l<7:9> el<7:14>
                              n<> u<43> t<Procedural_timing_control_statement> p<44> c<34> l<7:9> el<7:14>
                                n<> u<34> t<Procedural_timing_control> p<43> c<33> s<42> l<7:9> el<7:11>
                                  n<> u<33> t<Delay_control> p<34> c<32> l<7:9> el<7:11>
                                    n<> u<32> t<Pound_delay_value> p<33> c<31> l<7:9> el<7:11>
                                      n<#1> u<31> t<Pound_time_literal> p<32> c<30> l<7:9> el<7:11>
                                        n<#1> u<30> t<POUND_DELAY> p<31> l<7:9> el<7:11>
                                n<> u<42> t<Statement_or_null> p<43> c<41> l<7:12> el<7:14>
                                  n<> u<41> t<Statement> p<42> c<40> l<7:12> el<7:14>
                                    n<> u<40> t<Statement_item> p<41> c<39> l<7:12> el<7:14>
                                      n<> u<39> t<Subroutine_call_statement> p<40> c<38> l<7:12> el<7:14>
                                        n<> u<38> t<Subroutine_call> p<39> c<35> l<7:12> el<7:13>
                                          n<t> u<35> t<SIMPLE_IDENTIFIER> p<38> s<37> l<7:12> el<7:13>
                                          n<> u<37> t<Select> p<38> c<36> l<7:13> el<7:13>
                                            n<> u<36> t<Bit_select> p<37> l<7:13> el<7:13>
                        n<> u<47> t<END> p<48> l<8:5> el<8:8>
        n<> u<56> t<ENDMODULE> p<57> l<9:1> el<9:10>
AST_DEBUG_END
[INF:CP5804] $Source01/dut.sv:1:1: Compile module "m".
[WRN:PA5506] $Source01/dut.sv:1:1: No timescale set for "m".
====== HLDB =======
Design name:unnamed:
  vpiName: unnamed
  vpiSourceFile (1 items):
    SourceFile name:dut.sv file:$Source01/dut.sv:
      vpiParent: Design name:unnamed
      vpiName: dut.sv
      vpiPreprocFile: "$Output/lib/work/dut.sv"
  vpiAllModules (1 items):
    Module name:m file:$Source01/dut.sv start:1:1 end:9:10:
      vpiParent: Design name:unnamed
      vpiName Identifier name:m start:1:8 end:1:9:
      vpiFullName: m
      vpiDefName: m
      vpiDefNetType: wire (1)
      vpiLibrary RefObj name:work start:1:8 end:1:9:
        vpiParent: Module name:m
        vpiName: work
        vpiFullName: m.work
        vpiActual: Library name:work
      vpiCell: m
      vpiTaskFunc (1 items):
        Task name:t start:2:5 end:4:12:
          vpiParent: Module name:m
          vpiName Identifier name:t start:2:10 end:2:11:
          vpiFullName: m.t
          vpiStmt SysTaskCall name:$display start:3:9 end:3:32:
            vpiParent: Task name:t
            vpiName Identifier name:$display start:3:9 end:3:17:
            vpiArgument (1 items):
              NamedArgument start:3:18 end:3:31:
                vpiParent: SysTaskCall name:$display
                vpiHighConn Constant start:3:18 end:3:31:
                  vpiParent: NamedArgument
                  vpiTypespec RefTypespec:
                    vpiParent: Constant
                    vpiFullName: m.t
                    vpiActual: StringTypespec
                  vpiConstType: string (6)
                  vpiSize: 88
                  vpiDecompile: "\"I'm task t!\""
                  vpiValue: "I'm task t!"
      vpiProcess (1 items):
        Initial start:6:5 end:8:8:
          vpiParent: Module name:m
          vpiStmt Begin start:6:13 end:8:8:
            vpiParent: Initial
            vpiFullName: m
            vpiStmt (1 items):
              DelayControl start:7:9 end:7:14:
                vpiParent: Begin
                vpiDelay: 1
                vpiStmt RefObj name:t start:7:12 end:7:13:
                  vpiParent: DelayControl
                  vpiName: t
                  vpiFullName: m.t
                  vpiActual: Task name:t
                vpiDelay Constant start:7:10 end:7:11:
                  vpiParent: DelayControl
                  vpiTypespec RefTypespec:
                    vpiParent: Constant
                    vpiFullName: m
                    vpiActual: IntTypespec
                  vpiConstType: int (7)
                  vpiSize: 32
                  vpiDecompile: "1"
                  vpiValue: 1
  vpiTypespec (3 items):
    ModuleTypespec name:m:
      vpiParent: Design name:unnamed
      vpiName Identifier name:m start:1:8 end:1:9:
      vpiDefName: m
      vpiModule: Module name:m
    StringTypespec:
      vpiParent: Design name:unnamed
    IntTypespec:
      vpiParent: Design name:unnamed
      vpiSigned: true
  vpiLibrary (1 items):
    Library name:work:
      vpiParent: Design name:unnamed
      vpiName: work
===================
[  FATAL] : 0
[ SYNTAX] : 0
[  ERROR] : 0
[WARNING] : 1
[   NOTE] : 0
********************************************************************************
*                    End HLC SystemVerilog Compiler/Linter                     *
********************************************************************************

#**#**#**#**#**#**#**#**#**#**#**#**#**#**#**#**#**#**#**#**#**#**#**#**#**#**#**#**#**#**#**#**#**#**#**#**#**#**#**#**

Environment:
      test-name: PoundDelayTask/PoundDelayTask
   test-dirpath: ${HLC_DIR}/regression/PoundDelayTask/PoundDelayTask
  hldb-filepath: ${HLC_DIR}/regression/PoundDelayTask/PoundDelayTask/design.hldb
mounts-filepath: ${HLC_DIR}/regression/PoundDelayTask/PoundDelayTask/mounts.json


{'result': {'coverage': 100.0,
            'error_count': 0,
            'file_count': 1,
            'files': {'$Output/lib/work/dut.sv': {'post_len': 0,
                                                  'pre_len': 77}},
            'post_len': 0,
            'pre_len': 77,
            'test_name': 'PoundDelayTask/PoundDelayTask'}}

+-------------------------+----------+-----------+
| INPUT                   |   PRELEN |   POSTLEN |
+=========================+==========+===========+
| $Output/lib/work/dut.sv |       77 |         0 |
+=========================+==========+===========+
|                         |       77 |         0 |
+-------------------------+----------+-----------+

[   ERROR] : 0
[COVERAGE] : 100.0


#**#**#**#**#**#**#**#**#**#**#**#**#**#**#**#**#**#**#**#**#**#**#**#**#**#**#**#**#**#**#**#**#**#**#**#**#**#**#**#**

COMMAND: ${HLC_DIR}/regression/PoundDelayTask/PoundDelayTask/design.hldb ${HLC_DIR}/regression/PoundDelayTask/PoundDelayTask/reduced.hldb

==================== BEGIN REDUCTION RESULT ====================
Name                            Before   After   Added   Removed
----------------------------------------------------------------
----------------------------------------------------------------
Others                              23      23       0         0
----------------------------------------------------------------
                                    23      23       0         0
===================== END REDUCTION RESULT =====================
