********************************************************************************
*                   Begin HLC SystemVerilog Compiler/Linter                    *
********************************************************************************
Copyright (c) 2020 Apotell,
http://www.apache.org/licenses/LICENSE-2.0
VERSION: 1.84
COMMAND: -wd ../../../../tests/Sky130Udp -writepp -nobuiltin -timescale=1ns/1ns -d ast -d db udp_pwrgood_l_pp_g/sky130_fd_sc_hd__udp_pwrgood_l_pp_g.v -mt 0 -d dbstats -d cache -writepp -d db -nostdout -o ${HLC_DIR}/regression/Sky130Udp/udp_pwrgood_l_pp_g/sky130_fd_sc_hd__udp_pwrgood_l_pp_g
[INF:CM5022] Creating log file "$Output/hlc.log".
[INF:PP5223] Preprocessing source file "$Source01/udp_pwrgood_l_pp_g/sky130_fd_sc_hd__udp_pwrgood_l_pp_g.v".
[INF:PA5502] Parsing source file "$Source01/udp_pwrgood_l_pp_g/sky130_fd_sc_hd__udp_pwrgood_l_pp_g.v".
AST_DEBUG_BEGIN
Count: 88
LIB: work
FILE: f<15>:$Source01/udp_pwrgood_l_pp_g/sky130_fd_sc_hd__udp_pwrgood_l_pp_g.v
n<$Source01/udp_pwrgood_l_pp_g/sky130_fd_sc_hd__udp_pwrgood_l_pp_g.v> u<87> t<Top_level_rule> c<1> l<32:1> el<61:1>
  n<> u<1> t<Null_rule> p<87> s<2> l<32:1> el<32:1>
  n</**\n * Copyright 2020 The SkyWater PDK Authors\n *\n * Licensed under the Apache License, Version 2.0 (the "License");\n * you may not use this file except in compliance with the License.\n * You may obtain a copy of the License at\n *\n *     https://www.apache.org/licenses/LICENSE-2.0\n *\n * Unless required by applicable law or agreed to in writing, software\n * distributed under the License is distributed on an "AS IS" BASIS,\n * WITHOUT WARRANTIES OR CONDITIONS OF ANY KIND, either express or implied.\n * See the License for the specific language governing permissions and\n * limitations under the License.\n *\n * SPDX-License-Identifier: Apache-2.0\n */> u<2> t<BLOCK_COMMENT> p<87> s<3> l<32:1> el<59:22>
  n</**\n\n *   UDP_OUT :=x when VGND!=0\n *   UDP_OUT :=UDP_IN when VGND==0\n *\n * Verilog primitive definition.\n *\n * WARNING: This file is autogenerated, do not modify directly!\n */> u<3> t<BLOCK_COMMENT> p<87> s<86> l<32:1> el<59:22>
  n<> u<86> t<Source_text> p<87> c<12> l<32:1> el<59:22>
    n<> u<12> t<Description> p<86> c<11> s<16> l<32:1> el<32:21>
      n<> u<11> t<Top_directives> p<12> c<10> l<32:1> el<32:21>
        n<> u<10> t<Timescale_directive> p<11> c<6> l<32:1> el<32:21>
          n<1ns> u<6> t<Time_literal> p<10> c<4> s<9> l<32:12> el<32:15>
            n<1> u<4> t<INTEGRAL_NUMBER> p<6> s<5> l<32:12> el<32:13>
            n<ns> u<5> t<SIMPLE_IDENTIFIER> p<6> l<32:13> el<32:15>
          n<1ps> u<9> t<Time_literal> p<10> c<7> l<32:18> el<32:21>
            n<1> u<7> t<INTEGRAL_NUMBER> p<9> s<8> l<32:18> el<32:19>
            n<ps> u<8> t<SIMPLE_IDENTIFIER> p<9> l<32:19> el<32:21>
    n<> u<16> t<Description> p<86> c<15> s<81> l<33:1> el<33:22>
      n<> u<15> t<Top_directives> p<16> c<14> l<33:1> el<33:22>
        n<> u<14> t<Default_nettype_directive> p<15> c<13> l<33:1> el<33:22>
          n<> u<13> t<NONE> p<14> l<33:18> el<33:22>
    n<> u<81> t<Description> p<86> c<80> s<85> l<38:1> el<56:13>
      n<> u<80> t<Udp_declaration> p<81> c<23> l<38:1> el<56:13>
        n<> u<23> t<Udp_nonansi_declaration> p<80> c<17> s<26> l<38:1> el<42:3>
          n<> u<17> t<PRIMITIVE> p<23> s<18> l<38:1> el<38:10>
          n<sky130_fd_sc_hd__udp_pwrgood$l_pp$G> u<18> t<SIMPLE_IDENTIFIER> p<23> s<22> l<38:11> el<38:46>
          n<> u<22> t<Udp_port_list> p<23> c<19> l<39:5> el<41:9>
            n<UDP_OUT> u<19> t<SIMPLE_IDENTIFIER> p<22> s<20> l<39:5> el<39:12>
            n<UDP_IN> u<20> t<SIMPLE_IDENTIFIER> p<22> s<21> l<40:5> el<40:11>
            n<VGND> u<21> t<SIMPLE_IDENTIFIER> p<22> l<41:5> el<41:9>
        n<> u<26> t<Udp_port_declaration> p<80> c<25> s<30> l<44:5> el<44:20>
          n<> u<25> t<Udp_output_declaration> p<26> c<24> l<44:5> el<44:19>
            n<UDP_OUT> u<24> t<SIMPLE_IDENTIFIER> p<25> l<44:12> el<44:19>
        n<> u<30> t<Udp_port_declaration> p<80> c<29> s<34> l<45:5> el<45:20>
          n<> u<29> t<Udp_input_declaration> p<30> c<28> l<45:5> el<45:18>
            n<> u<28> t<Identifier_list> p<29> c<27> l<45:12> el<45:18>
              n<UDP_IN> u<27> t<SIMPLE_IDENTIFIER> p<28> l<45:12> el<45:18>
        n<> u<34> t<Udp_port_declaration> p<80> c<33> s<78> l<46:5> el<46:20>
          n<> u<33> t<Udp_input_declaration> p<34> c<32> l<46:5> el<46:16>
            n<> u<32> t<Identifier_list> p<33> c<31> l<46:12> el<46:16>
              n<VGND> u<31> t<SIMPLE_IDENTIFIER> p<32> l<46:12> el<46:16>
        n<> u<78> t<Udp_body> p<80> c<35> s<79> l<48:5> el<55:13>
          n<// UDP_IN VGND : out> u<35> t<LINE_COMMENT> p<78> s<77> l<49:6> el<49:26>
          n<> u<77> t<Combinational_body> p<78> c<43> l<48:5> el<55:13>
            n<> u<43> t<Combinational_entry> p<77> c<40> s<51> l<50:11> el<50:29>
              n<> u<40> t<Level_input_list> p<43> c<37> s<42> l<50:11> el<50:18>
                n<> u<37> t<Level_symbol> p<40> c<36> s<39> l<50:11> el<50:12>
                  n<0> u<36> t<INTEGRAL_NUMBER> p<37> l<50:11> el<50:12>
                n<> u<39> t<Level_symbol> p<40> c<38> l<50:17> el<50:18>
                  n<0> u<38> t<INTEGRAL_NUMBER> p<39> l<50:17> el<50:18>
              n<> u<42> t<Output_symbol> p<43> c<41> l<50:24> el<50:25>
                n<0> u<41> t<INTEGRAL_NUMBER> p<42> l<50:24> el<50:25>
            n<> u<51> t<Combinational_entry> p<77> c<48> s<59> l<51:11> el<51:29>
              n<> u<48> t<Level_input_list> p<51> c<45> s<50> l<51:11> el<51:18>
                n<> u<45> t<Level_symbol> p<48> c<44> s<47> l<51:11> el<51:12>
                  n<1> u<44> t<INTEGRAL_NUMBER> p<45> l<51:11> el<51:12>
                n<> u<47> t<Level_symbol> p<48> c<46> l<51:17> el<51:18>
                  n<0> u<46> t<INTEGRAL_NUMBER> p<47> l<51:17> el<51:18>
              n<> u<50> t<Output_symbol> p<51> c<49> l<51:24> el<51:25>
                n<1> u<49> t<INTEGRAL_NUMBER> p<50> l<51:24> el<51:25>
            n<> u<59> t<Combinational_entry> p<77> c<56> s<67> l<52:11> el<52:29>
              n<> u<56> t<Level_input_list> p<59> c<53> s<58> l<52:11> el<52:18>
                n<> u<53> t<Level_symbol> p<56> c<52> s<55> l<52:11> el<52:12>
                  n<x> u<52> t<SIMPLE_IDENTIFIER> p<53> l<52:11> el<52:12>
                n<> u<55> t<Level_symbol> p<56> c<54> l<52:17> el<52:18>
                  n<0> u<54> t<INTEGRAL_NUMBER> p<55> l<52:17> el<52:18>
              n<> u<58> t<Output_symbol> p<59> c<57> l<52:24> el<52:25>
                n<x> u<57> t<SIMPLE_IDENTIFIER> p<58> l<52:24> el<52:25>
            n<> u<67> t<Combinational_entry> p<77> c<64> s<75> l<53:11> el<53:29>
              n<> u<64> t<Level_input_list> p<67> c<61> s<66> l<53:11> el<53:18>
                n<> u<61> t<Level_symbol> p<64> c<60> s<63> l<53:11> el<53:12>
                  n<> u<60> t<QMARK> p<61> l<53:11> el<53:12>
                n<> u<63> t<Level_symbol> p<64> c<62> l<53:17> el<53:18>
                  n<1> u<62> t<INTEGRAL_NUMBER> p<63> l<53:17> el<53:18>
              n<> u<66> t<Output_symbol> p<67> c<65> l<53:24> el<53:25>
                n<x> u<65> t<SIMPLE_IDENTIFIER> p<66> l<53:24> el<53:25>
            n<> u<75> t<Combinational_entry> p<77> c<72> s<76> l<54:11> el<54:29>
              n<> u<72> t<Level_input_list> p<75> c<69> s<74> l<54:11> el<54:18>
                n<> u<69> t<Level_symbol> p<72> c<68> s<71> l<54:11> el<54:12>
                  n<> u<68> t<QMARK> p<69> l<54:11> el<54:12>
                n<> u<71> t<Level_symbol> p<72> c<70> l<54:17> el<54:18>
                  n<x> u<70> t<SIMPLE_IDENTIFIER> p<71> l<54:17> el<54:18>
              n<> u<74> t<Output_symbol> p<75> c<73> l<54:24> el<54:25>
                n<x> u<73> t<SIMPLE_IDENTIFIER> p<74> l<54:24> el<54:25>
            n<> u<76> t<ENDTABLE> p<77> l<55:5> el<55:13>
        n<> u<79> t<ENDPRIMITIVE> p<80> l<56:1> el<56:13>
    n<> u<85> t<Description> p<86> c<84> l<59:1> el<59:22>
      n<> u<84> t<Top_directives> p<85> c<83> l<59:1> el<59:22>
        n<> u<83> t<Default_nettype_directive> p<84> c<82> l<59:1> el<59:22>
          n<> u<82> t<WIRE> p<83> l<59:18> el<59:22>
AST_DEBUG_END
[INF:CP5806] $Source01/udp_pwrgood_l_pp_g/sky130_fd_sc_hd__udp_pwrgood_l_pp_g.v:38:11: Compile udp "sky130_fd_sc_hd__udp_pwrgood$l_pp$G".
[INF:CM5028] Using global timescale: "1ns/1ns".
====== HLDB =======
Design name:unnamed:
  vpiName: unnamed
  vpiSourceFile (1 items):
    SourceFile name:sky130_fd_sc_hd__udp_pwrgood_l_pp_g.v file:$Source01/udp_pwrgood_l_pp_g/sky130_fd_sc_hd__udp_pwrgood_l_pp_g.v:
      vpiParent: Design name:unnamed
      vpiName: sky130_fd_sc_hd__udp_pwrgood_l_pp_g.v
      vpiPreprocFile: "$Output/lib/work/udp_pwrgood_l_pp_g/sky130_fd_sc_hd__udp_pwrgood_l_pp_g.v"
      vpiPreprocMacroDefinition (1 items):
        PreprocMacroDefinition name:SKY130_FD_SC_HD__UDP_PWRGOOD_L_PP_G_V start:20:1 end:21:1:
          vpiParent: SourceFile name:sky130_fd_sc_hd__udp_pwrgood_l_pp_g.v
          vpiName Identifier name:SKY130_FD_SC_HD__UDP_PWRGOOD_L_PP_G_V start:20:9 end:20:46:
            vpiParent: PreprocMacroDefinition name:SKY130_FD_SC_HD__UDP_PWRGOOD_L_PP_G_V
            vpiName: SKY130_FD_SC_HD__UDP_PWRGOOD_L_PP_G_V
          vpiPMDType: define (1)
      vpiTimePrecision: -12
      vpiTimeUnit: -9
      vpiDirective (2 items):
        GenericDirective start:33:1 end:33:22:
          vpiParent: SourceFile name:sky130_fd_sc_hd__udp_pwrgood_l_pp_g.v
          vpiDirectiveType: default_nettype (6)
          vpiValue Constant start:33:18 end:33:22:
            vpiParent: GenericDirective
            vpiTypespec RefTypespec:
              vpiParent: Constant
              vpiFullName: sky130_fd_sc_hd__udp_pwrgood_l_pp_g.v
              vpiActual: IntTypespec
            vpiDecompile: "12"
        GenericDirective start:59:1 end:59:22:
          vpiParent: SourceFile name:sky130_fd_sc_hd__udp_pwrgood_l_pp_g.v
          vpiDirectiveType: default_nettype (6)
          vpiValue Constant start:59:18 end:59:22:
            vpiParent: GenericDirective
            vpiTypespec RefTypespec:
              vpiParent: Constant
              vpiFullName: sky130_fd_sc_hd__udp_pwrgood_l_pp_g.v
              vpiActual: IntTypespec
            vpiDecompile: "1"
  vpiAllUdps (1 items):
    UdpDefn name:sky130_fd_sc_hd__udp_pwrgood$l_pp$G start:38:1 end:56:13:
      vpiParent: Design name:unnamed
      vpiName Identifier name:sky130_fd_sc_hd__udp_pwrgood$l_pp$G start:38:11 end:38:46:
        vpiParent: UdpDefn name:sky130_fd_sc_hd__udp_pwrgood$l_pp$G
        vpiName: sky130_fd_sc_hd__udp_pwrgood$l_pp$G
      vpiFullName: sky130_fd_sc_hd__udp_pwrgood$l_pp$G
      vpiIODecl (3 items):
        IODecl name:UDP_OUT start:39:5 end:39:12:
          vpiParent: UdpDefn name:sky130_fd_sc_hd__udp_pwrgood$l_pp$G
          vpiName: UDP_OUT
          vpiDirection: output (2)
          vpiExpr Variable name:UDP_OUT start:44:12 end:44:19:
            vpiParent: IODecl name:UDP_OUT
            vpiName: UDP_OUT
            vpiFullName: sky130_fd_sc_hd__udp_pwrgood$l_pp$G.UDP_OUT.UDP_OUT
        IODecl name:UDP_IN start:40:5 end:40:11:
          vpiParent: UdpDefn name:sky130_fd_sc_hd__udp_pwrgood$l_pp$G
          vpiName: UDP_IN
          vpiDirection: input (1)
          vpiExpr Variable name:UDP_IN start:45:12 end:45:18:
            vpiParent: IODecl name:UDP_IN
            vpiName: UDP_IN
            vpiFullName: sky130_fd_sc_hd__udp_pwrgood$l_pp$G.UDP_IN.UDP_IN
        IODecl name:VGND start:41:5 end:41:9:
          vpiParent: UdpDefn name:sky130_fd_sc_hd__udp_pwrgood$l_pp$G
          vpiName: VGND
          vpiDirection: input (1)
          vpiExpr Variable name:VGND start:46:12 end:46:16:
            vpiParent: IODecl name:VGND
            vpiName: VGND
            vpiFullName: sky130_fd_sc_hd__udp_pwrgood$l_pp$G.VGND.VGND
      vpiTableEntry (5 items):
        TableEntry start:50:11 end:50:29:
          vpiParent: UdpDefn name:sky130_fd_sc_hd__udp_pwrgood$l_pp$G
          vpiValue Constant start:50:11 end:50:29:
            vpiParent: TableEntry
            vpiTypespec RefTypespec:
              vpiParent: Constant
              vpiFullName: sky130_fd_sc_hd__udp_pwrgood$l_pp$G
              vpiActual: StringTypespec
            vpiConstType: string (6)
            vpiSize: 2
            vpiDecompile: "0 0 : 0"
            vpiValue: "0 0 : 0"
        TableEntry start:51:11 end:51:29:
          vpiParent: UdpDefn name:sky130_fd_sc_hd__udp_pwrgood$l_pp$G
          vpiValue Constant start:51:11 end:51:29:
            vpiParent: TableEntry
            vpiTypespec RefTypespec:
              vpiParent: Constant
              vpiFullName: sky130_fd_sc_hd__udp_pwrgood$l_pp$G
              vpiActual: StringTypespec
            vpiConstType: string (6)
            vpiSize: 2
            vpiDecompile: "1 0 : 1"
            vpiValue: "1 0 : 1"
        TableEntry start:52:11 end:52:29:
          vpiParent: UdpDefn name:sky130_fd_sc_hd__udp_pwrgood$l_pp$G
          vpiValue Constant start:52:11 end:52:29:
            vpiParent: TableEntry
            vpiTypespec RefTypespec:
              vpiParent: Constant
              vpiFullName: sky130_fd_sc_hd__udp_pwrgood$l_pp$G
              vpiActual: StringTypespec
            vpiConstType: string (6)
            vpiSize: 2
            vpiDecompile: "x 0 : x"
            vpiValue: "x 0 : x"
        TableEntry start:53:11 end:53:29:
          vpiParent: UdpDefn name:sky130_fd_sc_hd__udp_pwrgood$l_pp$G
          vpiValue Constant start:53:11 end:53:29:
            vpiParent: TableEntry
            vpiTypespec RefTypespec:
              vpiParent: Constant
              vpiFullName: sky130_fd_sc_hd__udp_pwrgood$l_pp$G
              vpiActual: StringTypespec
            vpiConstType: string (6)
            vpiSize: 2
            vpiDecompile: "? 1 : x"
            vpiValue: "? 1 : x"
        TableEntry start:54:11 end:54:29:
          vpiParent: UdpDefn name:sky130_fd_sc_hd__udp_pwrgood$l_pp$G
          vpiValue Constant start:54:11 end:54:29:
            vpiParent: TableEntry
            vpiTypespec RefTypespec:
              vpiParent: Constant
              vpiFullName: sky130_fd_sc_hd__udp_pwrgood$l_pp$G
              vpiActual: StringTypespec
            vpiConstType: string (6)
            vpiSize: 2
            vpiDecompile: "? x : x"
            vpiValue: "? x : x"
  vpiTypespec (3 items):
    IntTypespec:
      vpiParent: Design name:unnamed
    UdpDefnTypespec name:sky130_fd_sc_hd__udp_pwrgood$l_pp$G:
      vpiParent: Design name:unnamed
      vpiName: sky130_fd_sc_hd__udp_pwrgood$l_pp$G
    StringTypespec:
      vpiParent: Design name:unnamed
===================
[  FATAL] : 0
[ SYNTAX] : 0
[  ERROR] : 0
[WARNING] : 0
[   NOTE] : 0
********************************************************************************
*                    End HLC SystemVerilog Compiler/Linter                     *
********************************************************************************

#**#**#**#**#**#**#**#**#**#**#**#**#**#**#**#**#**#**#**#**#**#**#**#**#**#**#**#**#**#**#**#**#**#**#**#**#**#**#**#**

Environment:
      test-name: Sky130Udp/udp_pwrgood_l_pp_g/sky130_fd_sc_hd__udp_pwrgood_l_pp_g
   test-dirpath: ${HLC_DIR}/regression/Sky130Udp/udp_pwrgood_l_pp_g/sky130_fd_sc_hd__udp_pwrgood_l_pp_g
  hldb-filepath: ${HLC_DIR}/regression/Sky130Udp/udp_pwrgood_l_pp_g/sky130_fd_sc_hd__udp_pwrgood_l_pp_g/design.hldb
mounts-filepath: ${HLC_DIR}/regression/Sky130Udp/udp_pwrgood_l_pp_g/sky130_fd_sc_hd__udp_pwrgood_l_pp_g/mounts.json


{'result': {'coverage': 93.81,
            'error_count': 0,
            'file_count': 1,
            'files': {'$Output/lib/work/udp_pwrgood_l_pp_g/sky130_fd_sc_hd__udp_pwrgood_l_pp_g.v': {'post_len': 18,
                                                                                                    'pre_len': 291}},
            'post_len': 18,
            'pre_len': 291,
            'test_name': 'Sky130Udp/udp_pwrgood_l_pp_g/sky130_fd_sc_hd__udp_pwrgood_l_pp_g'}}

+---------------------------------------------------------------------------+----------+-----------+
| INPUT                                                                     |   PRELEN |   POSTLEN |
+===========================================================================+==========+===========+
| $Output/lib/work/udp_pwrgood_l_pp_g/sky130_fd_sc_hd__udp_pwrgood_l_pp_g.v |      291 |        18 |
+===========================================================================+==========+===========+
|                                                                           |      291 |        18 |
+---------------------------------------------------------------------------+----------+-----------+

[   ERROR] : 0
[COVERAGE] : 93.81


#**#**#**#**#**#**#**#**#**#**#**#**#**#**#**#**#**#**#**#**#**#**#**#**#**#**#**#**#**#**#**#**#**#**#**#**#**#**#**#**

COMMAND: ${HLC_DIR}/regression/Sky130Udp/udp_pwrgood_l_pp_g/sky130_fd_sc_hd__udp_pwrgood_l_pp_g/design.hldb ${HLC_DIR}/regression/Sky130Udp/udp_pwrgood_l_pp_g/sky130_fd_sc_hd__udp_pwrgood_l_pp_g/reduced.hldb

==================== BEGIN REDUCTION RESULT ====================
Name                            Before   After   Added   Removed
----------------------------------------------------------------
----------------------------------------------------------------
Others                              36      36       0         0
----------------------------------------------------------------
                                    36      36       0         0
===================== END REDUCTION RESULT =====================
