********************************************************************************
*                   Begin HLC SystemVerilog Compiler/Linter                    *
********************************************************************************
Copyright (c) 2020 Apotell,
http://www.apache.org/licenses/LICENSE-2.0
VERSION: 1.84
COMMAND: -wd ../../../tests/ImplicitArg -d db -d ast dut.sv -nobuiltin -mt 0 -d dbstats -d cache -writepp -d db -nostdout -o ${HLC_DIR}/regression/ImplicitArg/ImplicitArg
[INF:CM0023] Creating log file "$Output/hlc.log".
[INF:PP0122] Preprocessing source file "$Source01/dut.sv".
[INF:PA0201] Parsing source file "$Source01/dut.sv".
AST_DEBUG_BEGIN
Count: 50
LIB: work
FILE<0>:$Source01/dut.sv
n<$Source01/dut.sv> u<49> t<Top_level_rule> c<1> l<1:1> el<10:1>
  n<> u<1> t<Null_rule> p<49> s<48> l<1:1>
  n<> u<48> t<Source_text> p<49> c<47> l<1:1> el<9:10>
    n<> u<47> t<Description> p<48> c<46> l<1:1> el<9:10>
      n<> u<46> t<Module_declaration> p<47> c<6> l<1:1> el<9:10>
        n<> u<6> t<Module_nonansi_header> p<46> c<2> s<44> l<1:1> el<1:14>
          n<module> u<2> t<MODULE> p<6> s<3> l<1:1> el<1:7>
          n<top> u<3> t<SIMPLE_IDENTIFIER> p<6> s<4> l<1:8> el<1:11>
          n<> u<4> t<Package_import_declaration_list> p<6> s<5> l<1:11> el<1:11>
          n<> u<5> t<Port_list> p<6> l<1:11> el<1:13>
        n<> u<44> t<Module_item> p<46> c<43> s<45> l<3:1> el<7:12>
          n<> u<43> t<Non_port_module_item> p<44> c<42> l<3:1> el<7:12>
            n<> u<42> t<Module_or_generate_item> p<43> c<41> l<3:1> el<7:12>
              n<> u<41> t<Module_common_item> p<42> c<40> l<3:1> el<7:12>
                n<> u<40> t<Module_or_generate_item_declaration> p<41> c<39> l<3:1> el<7:12>
                  n<> u<39> t<Package_or_generate_item_declaration> p<40> c<38> l<3:1> el<7:12>
                    n<> u<38> t<Function_declaration> p<39> c<7> l<3:1> el<7:12>
                      n<> u<7> t<AUTOMATIC> p<38> s<37> l<3:10> el<3:19>
                      n<> u<37> t<Function_body_declaration> p<38> c<11> l<3:20> el<7:12>
                        n<> u<11> t<Function_data_type_or_implicit> p<37> c<10> s<12> l<3:20> el<3:25>
                          n<> u<10> t<Function_data_type> p<11> c<9> l<3:20> el<3:25>
                            n<> u<9> t<Data_type> p<10> c<8> l<3:20> el<3:25>
                              n<> u<8> t<LOGIC> p<9> l<3:20> el<3:25>
                        n<bsg_mul_booth> u<12> t<SIMPLE_IDENTIFIER> p<37> s<26> l<4:1> el<4:14>
                        n<> u<26> t<Tf_port_item_list> p<37> c<25> s<35> l<4:14> el<5:13>
                          n<> u<25> t<Tf_port_item> p<26> c<23> l<5:3> el<5:12>
                            n<> u<23> t<Data_type_or_implicit> p<25> c<22> s<24> l<5:3> el<5:8>
                              n<> u<22> t<Packed_dimension> p<23> c<21> l<5:3> el<5:8>
                                n<> u<21> t<Constant_range> p<22> c<16> l<5:4> el<5:7>
                                  n<> u<16> t<Constant_expression> p<21> c<15> s<20> l<5:4> el<5:5>
                                    n<> u<15> t<Constant_primary> p<16> c<14> l<5:4> el<5:5>
                                      n<> u<14> t<Primary_literal> p<15> c<13> l<5:4> el<5:5>
                                        n<2> u<13> t<INTEGRAL_NUMBER> p<14> l<5:4> el<5:5>
                                  n<> u<20> t<Constant_expression> p<21> c<19> l<5:6> el<5:7>
                                    n<> u<19> t<Constant_primary> p<20> c<18> l<5:6> el<5:7>
                                      n<> u<18> t<Primary_literal> p<19> c<17> l<5:6> el<5:7>
                                        n<0> u<17> t<INTEGRAL_NUMBER> p<18> l<5:6> el<5:7>
                            n<sdn> u<24> t<SIMPLE_IDENTIFIER> p<25> l<5:9> el<5:12>
                        n<> u<35> t<Function_statement_or_null> p<37> c<34> s<36> l<6:3> el<6:12>
                          n<> u<34> t<Statement> p<35> c<33> l<6:3> el<6:12>
                            n<> u<33> t<Statement_item> p<34> c<32> l<6:3> el<6:12>
                              n<> u<32> t<Jump_statement> p<33> c<31> l<6:3> el<6:12>
                                n<> u<31> t<RETURN> p<32> s<30> l<6:3> el<6:9>
                                n<> u<30> t<Expression> p<32> c<29> l<6:10> el<6:11>
                                  n<> u<29> t<Primary> p<30> c<28> l<6:10> el<6:11>
                                    n<> u<28> t<Primary_literal> p<29> c<27> l<6:10> el<6:11>
                                      n<1> u<27> t<INTEGRAL_NUMBER> p<28> l<6:10> el<6:11>
                        n<> u<36> t<ENDFUNCTION> p<37> l<7:1> el<7:12>
        n<> u<45> t<ENDMODULE> p<46> l<9:1> el<9:10>
AST_DEBUG_END
[INF:CP0303] $Source01/dut.sv:1:1: Compile module "top".
[WRN:PA0205] $Source01/dut.sv:1:1: No timescale set for "top".
====== HLDB =======
Design name:unnamed:
  vpiName: unnamed
  vpiSourceFile (1 items):
    SourceFile name:dut.sv file:$Source01/dut.sv:
      vpiParent: Design name:unnamed
      vpiName: dut.sv
      vpiPreprocFile: "$Output/lib/work/dut.sv"
  vpiAllModules (1 items):
    Module name:top file:$Source01/dut.sv start:1:1 end:9:10:
      vpiParent: Design name:unnamed
      vpiName Identifier name:top start:1:8 end:1:11:
        vpiParent: Module name:top
        vpiName: top
      vpiFullName: top
      vpiDefName: top
      vpiDefNetType: wire (1)
      vpiLibrary RefObj name:work:
        vpiParent: Module name:top
        vpiName: work
        vpiFullName: top.work
      vpiCell: top
      vpiTaskFunc (1 items):
        Function name:bsg_mul_booth start:3:1 end:7:12:
          vpiParent: Module name:top
          vpiName Identifier name:bsg_mul_booth start:4:1 end:4:14:
            vpiParent: Function name:bsg_mul_booth
            vpiName: bsg_mul_booth
          vpiFullName: top.bsg_mul_booth
          vpiTypespec (2 items):
            LogicTypespec:
              vpiParent: Function name:bsg_mul_booth
            LogicTypespec:
              vpiParent: Function name:bsg_mul_booth
              vpiRange (1 items):
                Range start:5:3 end:5:8:
                  vpiParent: LogicTypespec
                  vpiLeftRange Constant start:5:4 end:5:5:
                    vpiParent: Range
                    vpiTypespec RefTypespec:
                      vpiParent: Constant
                      vpiFullName: top.bsg_mul_booth
                      vpiActual: IntTypespec
                    vpiConstType: unsigned int (9)
                    vpiSize: 64
                    vpiDecompile: "2"
                    vpiValue: 2
                  vpiRightRange Constant start:5:6 end:5:7:
                    vpiParent: Range
                    vpiTypespec RefTypespec:
                      vpiParent: Constant
                      vpiFullName: top.bsg_mul_booth
                      vpiActual: IntTypespec
                    vpiConstType: unsigned int (9)
                    vpiSize: 64
                    vpiDecompile: "0"
                    vpiValue: 0
              vpiVector: true
          vpiVisibility: public (1)
          vpiAutomatic: true
          vpiIODecl (1 items):
            IODecl name:sdn start:5:9 end:5:12:
              vpiParent: Function name:bsg_mul_booth
              vpiName: sdn
              vpiDirection: input (1)
              vpiTypespec RefTypespec start:5:3 end:5:8:
                vpiParent: IODecl name:sdn
                vpiFullName: top.bsg_mul_booth.sdn
                vpiActual: LogicTypespec
          vpiStmt ReturnStmt start:6:3 end:6:12:
            vpiParent: Function name:bsg_mul_booth
            vpiCondition Constant start:6:10 end:6:11:
              vpiParent: ReturnStmt
              vpiTypespec RefTypespec:
                vpiParent: Constant
                vpiFullName: top.bsg_mul_booth
                vpiActual: IntTypespec
              vpiConstType: unsigned int (9)
              vpiSize: 64
              vpiDecompile: "1"
              vpiValue: 1
          vpiReturn RefTypespec start:3:20 end:3:25:
            vpiParent: Function name:bsg_mul_booth
            vpiFullName: top.bsg_mul_booth
            vpiActual: LogicTypespec
  vpiTypespec (2 items):
    ModuleTypespec name:top:
      vpiParent: Design name:unnamed
      vpiName Identifier name:top start:1:8 end:1:11:
        vpiParent: ModuleTypespec name:top
        vpiName: top
      vpiModule: Module name:top
    IntTypespec:
      vpiParent: Design name:unnamed
      vpiSigned: true
===================
[  FATAL] : 0
[ SYNTAX] : 0
[  ERROR] : 0
[WARNING] : 1
[   NOTE] : 0
********************************************************************************
*                    End HLC SystemVerilog Compiler/Linter                     *
********************************************************************************

#**#**#**#**#**#**#**#**#**#**#**#**#**#**#**#**#**#**#**#**#**#**#**#**#**#**#**#**#**#**#**#**#**#**#**#**#**#**#**#**

Environment:
      test-name: ImplicitArg/ImplicitArg
   test-dirpath: ${HLC_DIR}/regression/ImplicitArg/ImplicitArg
  hldb-filepath: ${HLC_DIR}/regression/ImplicitArg/ImplicitArg/design.hldb
mounts-filepath: ${HLC_DIR}/regression/ImplicitArg/ImplicitArg/mounts.json


{'result': {'coverage': 100.0,
            'error_count': 0,
            'file_count': 1,
            'files': {'$Output/lib/work/dut.sv': {'post_len': 0,
                                                  'pre_len': 91}},
            'post_len': 0,
            'pre_len': 91,
            'test_name': 'ImplicitArg/ImplicitArg'}}

+-------------------------+----------+-----------+
| INPUT                   |   PRELEN |   POSTLEN |
+=========================+==========+===========+
| $Output/lib/work/dut.sv |       91 |         0 |
+=========================+==========+===========+
|                         |       91 |         0 |
+-------------------------+----------+-----------+

[   ERROR] : 0
[COVERAGE] : 100.0


#**#**#**#**#**#**#**#**#**#**#**#**#**#**#**#**#**#**#**#**#**#**#**#**#**#**#**#**#**#**#**#**#**#**#**#**#**#**#**#**

COMMAND: ${HLC_DIR}/regression/ImplicitArg/ImplicitArg/design.hldb ${HLC_DIR}/regression/ImplicitArg/ImplicitArg/reduced.hldb

==================== BEGIN REDUCTION RESULT ====================
Name                            Before   After   Added   Removed
----------------------------------------------------------------
----------------------------------------------------------------
Others                              23      23       0         0
----------------------------------------------------------------
                                    23      23       0         0
===================== END REDUCTION RESULT =====================
