********************************************************************************
*                   Begin HLC SystemVerilog Compiler/Linter                    *
********************************************************************************
Copyright (c) 2020 Apotell,
http://www.apache.org/licenses/LICENSE-2.0
VERSION: 1.84
COMMAND: -wd ../../../tests/OneImport -d db -d ast dut.sv -nobuiltin -mt 0 -mp 0 -d dbstats -d cache -d db -nostdout -o ${HLC_DIR}/regression/OneImport/OneImport
[INF:CM0023] Creating log file "$Output/hlc.log".
[INF:PP0122] Preprocessing source file "$Source01/dut.sv".
[INF:PA0201] Parsing source file "$Source01/dut.sv".
AST_DEBUG_BEGIN
Count: 223
LIB: work
FILE: f<13>:$Source01/dut.sv
n<$Source01/dut.sv> u<222> t<Top_level_rule> c<1> l<1:1> el<23:1>
  n<> u<1> t<Null_rule> p<222> s<221> l<1:1>
  n<> u<221> t<Source_text> p<222> c<52> l<1:1> el<20:10>
    n<> u<52> t<Description> p<221> c<51> s<220> l<1:1> el<9:11>
      n<> u<51> t<Package_declaration> p<52> c<2> l<1:1> el<9:11>
        n<> u<2> t<PACKAGE> p<51> s<3> l<1:1> el<1:8>
        n<my_pkg> u<3> t<SIMPLE_IDENTIFIER> p<51> s<33> l<1:9> el<1:15>
        n<> u<33> t<Package_item> p<51> c<32> s<49> l<2:3> el<5:14>
          n<> u<32> t<Package_or_generate_item_declaration> p<33> c<31> l<2:3> el<5:14>
            n<> u<31> t<Data_declaration> p<32> c<30> l<2:3> el<5:14>
              n<> u<30> t<Type_declaration> p<31> c<28> l<2:3> el<5:14>
                n<> u<28> t<Data_type> p<30> c<15> s<29> l<2:11> el<5:4>
                  n<> u<15> t<Enum_base_type> p<28> c<4> s<21> l<2:16> el<2:27>
                    n<> u<4> t<LOGIC> p<15> s<14> l<2:16> el<2:21>
                    n<> u<14> t<Packed_dimension> p<15> c<13> l<2:22> el<2:27>
                      n<> u<13> t<Constant_range> p<14> c<8> l<2:23> el<2:26>
                        n<> u<8> t<Constant_expression> p<13> c<7> s<12> l<2:23> el<2:24>
                          n<> u<7> t<Constant_primary> p<8> c<6> l<2:23> el<2:24>
                            n<> u<6> t<Primary_literal> p<7> c<5> l<2:23> el<2:24>
                              n<5> u<5> t<INTEGRAL_NUMBER> p<6> l<2:23> el<2:24>
                        n<> u<12> t<Constant_expression> p<13> c<11> l<2:25> el<2:26>
                          n<> u<11> t<Constant_primary> p<12> c<10> l<2:25> el<2:26>
                            n<> u<10> t<Primary_literal> p<11> c<9> l<2:25> el<2:26>
                              n<0> u<9> t<INTEGRAL_NUMBER> p<10> l<2:25> el<2:26>
                  n<> u<21> t<Enum_name_declaration> p<28> c<16> s<27> l<3:5> el<3:28>
                    n<OPCODE_LOAD> u<16> t<SIMPLE_IDENTIFIER> p<21> s<20> l<3:5> el<3:16>
                    n<> u<20> t<Constant_expression> p<21> c<19> l<3:23> el<3:28>
                      n<> u<19> t<Constant_primary> p<20> c<18> l<3:23> el<3:28>
                        n<> u<18> t<Primary_literal> p<19> c<17> l<3:23> el<3:28>
                          n<6'h03> u<17> t<INTEGRAL_NUMBER> p<18> l<3:23> el<3:28>
                  n<> u<27> t<Enum_name_declaration> p<28> c<22> l<4:5> el<4:28>
                    n<OPCODE_STORE> u<22> t<SIMPLE_IDENTIFIER> p<27> s<26> l<4:5> el<4:17>
                    n<> u<26> t<Constant_expression> p<27> c<25> l<4:23> el<4:28>
                      n<> u<25> t<Constant_primary> p<26> c<24> l<4:23> el<4:28>
                        n<> u<24> t<Primary_literal> p<25> c<23> l<4:23> el<4:28>
                          n<6'h13> u<23> t<INTEGRAL_NUMBER> p<24> l<4:23> el<4:28>
                n<opcode_e> u<29> t<SIMPLE_IDENTIFIER> p<30> l<5:5> el<5:13>
        n<> u<49> t<Package_item> p<51> c<48> s<50> l<7:1> el<7:38>
          n<> u<48> t<Package_or_generate_item_declaration> p<49> c<47> l<7:1> el<7:38>
            n<> u<47> t<Parameter_declaration> p<48> c<37> l<7:1> el<7:37>
              n<> u<37> t<Data_type_or_implicit> p<47> c<36> s<46> l<7:11> el<7:23>
                n<> u<36> t<Data_type> p<37> c<34> l<7:11> el<7:23>
                  n<> u<34> t<INT> p<36> s<35> l<7:11> el<7:14>
                  n<> u<35> t<UNSIGNED> p<36> l<7:15> el<7:23>
              n<> u<46> t<Param_assignment_list> p<47> c<45> l<7:24> el<7:37>
                n<> u<45> t<Param_assignment> p<46> c<38> l<7:24> el<7:37>
                  n<PMP_CFG_W> u<38> t<SIMPLE_IDENTIFIER> p<45> s<44> l<7:24> el<7:33>
                  n<> u<44> t<Constant_param_expression> p<45> c<43> l<7:36> el<7:37>
                    n<> u<43> t<Constant_mintypmax_expression> p<44> c<42> l<7:36> el<7:37>
                      n<> u<42> t<Constant_expression> p<43> c<41> l<7:36> el<7:37>
                        n<> u<41> t<Constant_primary> p<42> c<40> l<7:36> el<7:37>
                          n<> u<40> t<Primary_literal> p<41> c<39> l<7:36> el<7:37>
                            n<2> u<39> t<INTEGRAL_NUMBER> p<40> l<7:36> el<7:37>
        n<> u<50> t<ENDPACKAGE> p<51> l<9:1> el<9:11>
    n<> u<220> t<Description> p<221> c<219> l<11:1> el<20:10>
      n<> u<219> t<Module_declaration> p<220> c<69> l<11:1> el<20:10>
        n<> u<69> t<Module_nonansi_header> p<219> c<53> s<79> l<11:1> el<11:19>
          n<module> u<53> t<MODULE> p<69> s<54> l<11:1> el<11:7>
          n<dut> u<54> t<SIMPLE_IDENTIFIER> p<69> s<55> l<11:8> el<11:11>
          n<> u<55> t<Package_import_declaration_list> p<69> s<68> l<11:12> el<11:12>
          n<> u<68> t<Port_list> p<69> c<61> l<11:12> el<11:18>
            n<> u<61> t<Port> p<68> c<60> s<67> l<11:13> el<11:14>
              n<> u<60> t<Port_expression> p<61> c<59> l<11:13> el<11:14>
                n<> u<59> t<Port_reference> p<60> c<56> l<11:13> el<11:14>
                  n<a> u<56> t<SIMPLE_IDENTIFIER> p<59> s<58> l<11:13> el<11:14>
                  n<> u<58> t<Constant_select> p<59> c<57> l<11:14> el<11:14>
                    n<> u<57> t<Constant_bit_select> p<58> l<11:14> el<11:14>
            n<> u<67> t<Port> p<68> c<66> l<11:16> el<11:17>
              n<> u<66> t<Port_expression> p<67> c<65> l<11:16> el<11:17>
                n<> u<65> t<Port_reference> p<66> c<62> l<11:16> el<11:17>
                  n<b> u<62> t<SIMPLE_IDENTIFIER> p<65> s<64> l<11:16> el<11:17>
                  n<> u<64> t<Constant_select> p<65> c<63> l<11:17> el<11:17>
                    n<> u<63> t<Constant_bit_select> p<64> l<11:17> el<11:17>
        n<> u<79> t<Module_item> p<219> c<78> s<93> l<12:3> el<12:20>
          n<> u<78> t<Non_port_module_item> p<79> c<77> l<12:3> el<12:20>
            n<> u<77> t<Module_or_generate_item> p<78> c<76> l<12:3> el<12:20>
              n<> u<76> t<Module_common_item> p<77> c<75> l<12:3> el<12:20>
                n<> u<75> t<Module_or_generate_item_declaration> p<76> c<74> l<12:3> el<12:20>
                  n<> u<74> t<Package_or_generate_item_declaration> p<75> c<73> l<12:3> el<12:20>
                    n<> u<73> t<Data_declaration> p<74> c<72> l<12:3> el<12:20>
                      n<> u<72> t<Package_import_declaration> p<73> c<71> l<12:3> el<12:20>
                        n<> u<71> t<Package_import_item> p<72> c<70> l<12:10> el<12:19>
                          n<my_pkg> u<70> t<SIMPLE_IDENTIFIER> p<71> l<12:10> el<12:16>
        n<> u<93> t<Module_item> p<219> c<92> s<110> l<13:3> el<13:48>
          n<> u<92> t<Non_port_module_item> p<93> c<91> l<13:3> el<13:48>
            n<> u<91> t<Module_or_generate_item> p<92> c<90> l<13:3> el<13:48>
              n<> u<90> t<Module_common_item> p<91> c<89> l<13:3> el<13:48>
                n<> u<89> t<Module_or_generate_item_declaration> p<90> c<88> l<13:3> el<13:48>
                  n<> u<88> t<Package_or_generate_item_declaration> p<89> c<87> l<13:3> el<13:48>
                    n<> u<87> t<Data_declaration> p<88> c<86> l<13:3> el<13:48>
                      n<> u<86> t<Package_import_declaration> p<87> c<82> l<13:3> el<13:48>
                        n<> u<82> t<Package_import_item> p<86> c<80> s<85> l<13:10> el<13:26>
                          n<my_pkg> u<80> t<SIMPLE_IDENTIFIER> p<82> s<81> l<13:10> el<13:16>
                          n<opcode_e> u<81> t<SIMPLE_IDENTIFIER> p<82> l<13:18> el<13:26>
                        n<> u<85> t<Package_import_item> p<86> c<83> l<13:28> el<13:47>
                          n<my_pkg> u<83> t<SIMPLE_IDENTIFIER> p<85> s<84> l<13:28> el<13:34>
                          n<OPCODE_LOAD> u<84> t<SIMPLE_IDENTIFIER> p<85> l<13:36> el<13:47>
        n<> u<110> t<Module_item> p<219> c<109> s<127> l<14:3> el<14:17>
          n<> u<109> t<Port_declaration> p<110> c<108> l<14:3> el<14:16>
            n<> u<108> t<Input_declaration> p<109> c<105> l<14:3> el<14:16>
              n<> u<105> t<Net_port_type> p<108> c<104> s<107> l<14:9> el<14:14>
                n<> u<104> t<Data_type_or_implicit> p<105> c<103> l<14:9> el<14:14>
                  n<> u<103> t<Packed_dimension> p<104> c<102> l<14:9> el<14:14>
                    n<> u<102> t<Constant_range> p<103> c<97> l<14:10> el<14:13>
                      n<> u<97> t<Constant_expression> p<102> c<96> s<101> l<14:10> el<14:11>
                        n<> u<96> t<Constant_primary> p<97> c<95> l<14:10> el<14:11>
                          n<> u<95> t<Primary_literal> p<96> c<94> l<14:10> el<14:11>
                            n<5> u<94> t<INTEGRAL_NUMBER> p<95> l<14:10> el<14:11>
                      n<> u<101> t<Constant_expression> p<102> c<100> l<14:12> el<14:13>
                        n<> u<100> t<Constant_primary> p<101> c<99> l<14:12> el<14:13>
                          n<> u<99> t<Primary_literal> p<100> c<98> l<14:12> el<14:13>
                            n<0> u<98> t<INTEGRAL_NUMBER> p<99> l<14:12> el<14:13>
              n<> u<107> t<Port_identifier_list> p<108> c<106> l<14:15> el<14:16>
                n<a> u<106> t<SIMPLE_IDENTIFIER> p<107> l<14:15> el<14:16>
        n<> u<127> t<Module_item> p<219> c<126> s<149> l<15:3> el<15:18>
          n<> u<126> t<Port_declaration> p<127> c<125> l<15:3> el<15:17>
            n<> u<125> t<Output_declaration> p<126> c<122> l<15:3> el<15:17>
              n<> u<122> t<Net_port_type> p<125> c<121> s<124> l<15:10> el<15:15>
                n<> u<121> t<Data_type_or_implicit> p<122> c<120> l<15:10> el<15:15>
                  n<> u<120> t<Packed_dimension> p<121> c<119> l<15:10> el<15:15>
                    n<> u<119> t<Constant_range> p<120> c<114> l<15:11> el<15:14>
                      n<> u<114> t<Constant_expression> p<119> c<113> s<118> l<15:11> el<15:12>
                        n<> u<113> t<Constant_primary> p<114> c<112> l<15:11> el<15:12>
                          n<> u<112> t<Primary_literal> p<113> c<111> l<15:11> el<15:12>
                            n<2> u<111> t<INTEGRAL_NUMBER> p<112> l<15:11> el<15:12>
                      n<> u<118> t<Constant_expression> p<119> c<117> l<15:13> el<15:14>
                        n<> u<117> t<Constant_primary> p<118> c<116> l<15:13> el<15:14>
                          n<> u<116> t<Primary_literal> p<117> c<115> l<15:13> el<15:14>
                            n<0> u<115> t<INTEGRAL_NUMBER> p<116> l<15:13> el<15:14>
              n<> u<124> t<Output_port_identifier_list> p<125> c<123> l<15:16> el<15:17>
                n<b> u<123> t<SIMPLE_IDENTIFIER> p<124> l<15:16> el<15:17>
        n<> u<149> t<Module_item> p<219> c<148> s<172> l<16:3> el<16:16>
          n<> u<148> t<Non_port_module_item> p<149> c<147> l<16:3> el<16:16>
            n<> u<147> t<Module_or_generate_item> p<148> c<146> l<16:3> el<16:16>
              n<> u<146> t<Module_common_item> p<147> c<145> l<16:3> el<16:16>
                n<> u<145> t<Module_or_generate_item_declaration> p<146> c<144> l<16:3> el<16:16>
                  n<> u<144> t<Package_or_generate_item_declaration> p<145> c<143> l<16:3> el<16:16>
                    n<> u<143> t<Net_declaration> p<144> c<128> l<16:3> el<16:16>
                      n<> u<128> t<WIRE> p<143> s<139> l<16:3> el<16:7>
                      n<> u<139> t<Data_type_or_implicit> p<143> c<138> s<142> l<16:8> el<16:13>
                        n<> u<138> t<Packed_dimension> p<139> c<137> l<16:8> el<16:13>
                          n<> u<137> t<Constant_range> p<138> c<132> l<16:9> el<16:12>
                            n<> u<132> t<Constant_expression> p<137> c<131> s<136> l<16:9> el<16:10>
                              n<> u<131> t<Constant_primary> p<132> c<130> l<16:9> el<16:10>
                                n<> u<130> t<Primary_literal> p<131> c<129> l<16:9> el<16:10>
                                  n<5> u<129> t<INTEGRAL_NUMBER> p<130> l<16:9> el<16:10>
                            n<> u<136> t<Constant_expression> p<137> c<135> l<16:11> el<16:12>
                              n<> u<135> t<Constant_primary> p<136> c<134> l<16:11> el<16:12>
                                n<> u<134> t<Primary_literal> p<135> c<133> l<16:11> el<16:12>
                                  n<0> u<133> t<INTEGRAL_NUMBER> p<134> l<16:11> el<16:12>
                      n<> u<142> t<Net_decl_assignment_list> p<143> c<141> l<16:14> el<16:15>
                        n<> u<141> t<Net_decl_assignment> p<142> c<140> l<16:14> el<16:15>
                          n<a> u<140> t<SIMPLE_IDENTIFIER> p<141> l<16:14> el<16:15>
        n<> u<172> t<Module_item> p<219> c<171> s<217> l<17:3> el<17:15>
          n<> u<171> t<Non_port_module_item> p<172> c<170> l<17:3> el<17:15>
            n<> u<170> t<Module_or_generate_item> p<171> c<169> l<17:3> el<17:15>
              n<> u<169> t<Module_common_item> p<170> c<168> l<17:3> el<17:15>
                n<> u<168> t<Module_or_generate_item_declaration> p<169> c<167> l<17:3> el<17:15>
                  n<> u<167> t<Package_or_generate_item_declaration> p<168> c<166> l<17:3> el<17:15>
                    n<> u<166> t<Data_declaration> p<167> c<165> l<17:3> el<17:15>
                      n<> u<165> t<Variable_declaration> p<166> c<161> l<17:3> el<17:15>
                        n<> u<161> t<Data_type> p<165> c<150> s<164> l<17:3> el<17:12>
                          n<> u<150> t<REG> p<161> s<160> l<17:3> el<17:6>
                          n<> u<160> t<Packed_dimension> p<161> c<159> l<17:7> el<17:12>
                            n<> u<159> t<Constant_range> p<160> c<154> l<17:8> el<17:11>
                              n<> u<154> t<Constant_expression> p<159> c<153> s<158> l<17:8> el<17:9>
                                n<> u<153> t<Constant_primary> p<154> c<152> l<17:8> el<17:9>
                                  n<> u<152> t<Primary_literal> p<153> c<151> l<17:8> el<17:9>
                                    n<2> u<151> t<INTEGRAL_NUMBER> p<152> l<17:8> el<17:9>
                              n<> u<158> t<Constant_expression> p<159> c<157> l<17:10> el<17:11>
                                n<> u<157> t<Constant_primary> p<158> c<156> l<17:10> el<17:11>
                                  n<> u<156> t<Primary_literal> p<157> c<155> l<17:10> el<17:11>
                                    n<0> u<155> t<INTEGRAL_NUMBER> p<156> l<17:10> el<17:11>
                        n<> u<164> t<Variable_decl_assignment_list> p<165> c<163> l<17:13> el<17:14>
                          n<> u<163> t<Variable_decl_assignment> p<164> c<162> l<17:13> el<17:14>
                            n<b> u<162> t<SIMPLE_IDENTIFIER> p<163> l<17:13> el<17:14>
        n<> u<217> t<Module_item> p<219> c<216> s<218> l<18:3> el<19:36>
          n<> u<216> t<Non_port_module_item> p<217> c<215> l<18:3> el<19:36>
            n<> u<215> t<Module_or_generate_item> p<216> c<214> l<18:3> el<19:36>
              n<> u<214> t<Module_common_item> p<215> c<213> l<18:3> el<19:36>
                n<> u<213> t<Continuous_assign> p<214> c<212> l<18:3> el<19:36>
                  n<> u<212> t<Net_assignment_list> p<213> c<211> l<18:10> el<19:35>
                    n<> u<211> t<Net_assignment> p<212> c<177> l<18:10> el<19:35>
                      n<> u<177> t<Net_lvalue> p<211> c<174> s<210> l<18:10> el<18:11>
                        n<> u<174> t<Ps_or_hierarchical_identifier> p<177> c<173> s<176> l<18:10> el<18:11>
                          n<b> u<173> t<SIMPLE_IDENTIFIER> p<174> l<18:10> el<18:11>
                        n<> u<176> t<Constant_select> p<177> c<175> l<18:12> el<18:12>
                          n<> u<175> t<Constant_bit_select> p<176> l<18:12> el<18:12>
                      n<> u<210> t<Expression> p<211> c<192> l<18:14> el<19:35>
                        n<> u<192> t<Expression> p<210> c<191> s<209> l<18:14> el<18:35>
                          n<> u<191> t<Primary> p<192> c<190> l<18:14> el<18:35>
                            n<> u<190> t<Cast> p<191> c<180> l<18:14> el<18:35>
                              n<> u<180> t<Casting_type> p<190> c<179> s<189> l<18:14> el<18:15>
                                n<> u<179> t<Primary_literal> p<180> c<178> l<18:14> el<18:15>
                                  n<3> u<178> t<INTEGRAL_NUMBER> p<179> l<18:14> el<18:15>
                              n<> u<189> t<Expression> p<190> c<188> l<18:17> el<18:34>
                                n<> u<188> t<Primary> p<189> c<187> l<18:17> el<18:34>
                                  n<> u<187> t<Subroutine_call> p<188> c<183> l<18:17> el<18:34>
                                    n<> u<183> t<Class_scope> p<187> c<182> s<184> l<18:17> el<18:25>
                                      n<> u<182> t<Class_type> p<183> c<181> l<18:17> el<18:23>
                                        n<my_pkg> u<181> t<SIMPLE_IDENTIFIER> p<182> l<18:17> el<18:23>
                                    n<PMP_CFG_W> u<184> t<SIMPLE_IDENTIFIER> p<187> s<186> l<18:25> el<18:34>
                                    n<> u<186> t<Select> p<187> c<185> l<18:34> el<18:34>
                                      n<> u<185> t<Bit_select> p<186> l<18:34> el<18:34>
                        n<> u<209> t<BinaryOp_BitwOr> p<210> s<208> l<19:13> el<19:14>
                        n<> u<208> t<Expression> p<210> c<207> l<19:15> el<19:35>
                          n<> u<207> t<Primary> p<208> c<206> l<19:15> el<19:35>
                            n<> u<206> t<Cast> p<207> c<195> l<19:15> el<19:35>
                              n<> u<195> t<Casting_type> p<206> c<194> s<205> l<19:15> el<19:16>
                                n<> u<194> t<Primary_literal> p<195> c<193> l<19:15> el<19:16>
                                  n<3> u<193> t<INTEGRAL_NUMBER> p<194> l<19:15> el<19:16>
                              n<> u<205> t<Expression> p<206> c<199> l<19:18> el<19:34>
                                n<> u<199> t<Expression> p<205> c<198> s<204> l<19:18> el<19:19>
                                  n<> u<198> t<Primary> p<199> c<197> l<19:18> el<19:19>
                                    n<> u<197> t<Primary_literal> p<198> c<196> l<19:18> el<19:19>
                                      n<a> u<196> t<SIMPLE_IDENTIFIER> p<197> l<19:18> el<19:19>
                                n<> u<204> t<EQUIV> p<205> s<203> l<19:20> el<19:22>
                                n<> u<203> t<Expression> p<205> c<202> l<19:23> el<19:34>
                                  n<> u<202> t<Primary> p<203> c<201> l<19:23> el<19:34>
                                    n<> u<201> t<Primary_literal> p<202> c<200> l<19:23> el<19:34>
                                      n<OPCODE_LOAD> u<200> t<SIMPLE_IDENTIFIER> p<201> l<19:23> el<19:34>
        n<> u<218> t<ENDMODULE> p<219> l<20:1> el<20:10>
AST_DEBUG_END
[INF:CP0301] $Source01/dut.sv:1:1: Compile package "my_pkg".
[INF:CP0303] $Source01/dut.sv:11:1: Compile module "dut".
[WRN:CP0323] $Source01/dut.sv:11:1: Multiply defined typedef "my_pkg".
[WRN:CP0323] $Source01/dut.sv:11:1: Multiply defined typedef "my_pkg".
[WRN:PA0205] $Source01/dut.sv:1:1: No timescale set for "my_pkg".
[WRN:PA0205] $Source01/dut.sv:11:1: No timescale set for "dut".
====== HLDB =======
Design name:unnamed:
  vpiName: unnamed
  vpiSourceFile (1 items):
    SourceFile name:dut.sv file:$Source01/dut.sv:
      vpiParent: Design name:unnamed
      vpiName: dut.sv
      vpiPreprocFile: "$Output/lib/work/dut.sv"
  vpiAllPackages (1 items):
    Package name:my_pkg file:$Source01/dut.sv start:1:1 end:9:11:
      vpiParent: Design name:unnamed
      vpiName Identifier name:my_pkg start:1:9 end:1:15:
        vpiParent: Package name:my_pkg
        vpiName: my_pkg
      vpiFullName: my_pkg
      vpiParameter (1 items):
        Parameter name:PMP_CFG_W start:7:24 end:7:33:
          vpiParent: Package name:my_pkg
          vpiTypespec RefTypespec start:7:11 end:7:23:
            vpiParent: Parameter name:PMP_CFG_W
            vpiFullName: my_pkg::PMP_CFG_W
            vpiActual: IntTypespec
          vpiName: PMP_CFG_W
          vpiFullName: my_pkg::PMP_CFG_W
      vpiParamAssign (1 items):
        ParamAssign start:7:24 end:7:37:
          vpiParent: Package name:my_pkg
          vpiLhs RefObj name:PMP_CFG_W start:7:24 end:7:33:
            vpiParent: ParamAssign
            vpiName: PMP_CFG_W
            vpiFullName: my_pkg::PMP_CFG_W
            vpiActual: Parameter name:PMP_CFG_W
          vpiRhs Constant start:7:36 end:7:37:
            vpiParent: ParamAssign
            vpiTypespec RefTypespec:
              vpiParent: Constant
              vpiFullName: my_pkg
              vpiActual: IntTypespec
            vpiConstType: unsigned int (9)
            vpiSize: 64
            vpiDecompile: "2"
            vpiValue: 2
      vpiTypespec (3 items):
        LogicTypespec:
          vpiParent: Package name:my_pkg
          vpiRange (1 items):
            Range start:2:22 end:2:27:
              vpiParent: LogicTypespec
              vpiLeftRange Constant start:2:23 end:2:24:
                vpiParent: Range
                vpiTypespec RefTypespec:
                  vpiParent: Constant
                  vpiFullName: my_pkg
                  vpiActual: IntTypespec
                vpiConstType: unsigned int (9)
                vpiSize: 64
                vpiDecompile: "5"
                vpiValue: 5
              vpiRightRange Constant start:2:25 end:2:26:
                vpiParent: Range
                vpiTypespec RefTypespec:
                  vpiParent: Constant
                  vpiFullName: my_pkg
                  vpiActual: IntTypespec
                vpiConstType: unsigned int (9)
                vpiSize: 64
                vpiDecompile: "0"
                vpiValue: 0
          vpiVector: true
        EnumTypespec start:2:11 end:5:4:
          vpiParent: Package name:my_pkg
          vpiBaseTypespec RefTypespec start:2:16 end:2:27:
            vpiParent: EnumTypespec
            vpiFullName: my_pkg
            vpiActual: LogicTypespec
          vpiEnumConst (2 items):
            EnumConst name:OPCODE_LOAD start:3:5 end:3:28:
              vpiParent: EnumTypespec
              vpiName Identifier name:OPCODE_LOAD start:3:5 end:3:16:
                vpiParent: EnumConst name:OPCODE_LOAD
                vpiName: OPCODE_LOAD
              vpiValue Constant start:3:23 end:3:28:
                vpiParent: EnumConst name:OPCODE_LOAD
                vpiTypespec RefTypespec:
                  vpiParent: Constant
                  vpiFullName: my_pkg::OPCODE_LOAD
                  vpiActual: LogicTypespec
                vpiConstType: hexadecimal (5)
                vpiSize: 6
                vpiDecompile: "6'h03"
                vpiValue: "03"
            EnumConst name:OPCODE_STORE start:4:5 end:4:28:
              vpiParent: EnumTypespec
              vpiName Identifier name:OPCODE_STORE start:4:5 end:4:17:
                vpiParent: EnumConst name:OPCODE_STORE
                vpiName: OPCODE_STORE
              vpiValue Constant start:4:23 end:4:28:
                vpiParent: EnumConst name:OPCODE_STORE
                vpiTypespec RefTypespec:
                  vpiParent: Constant
                  vpiFullName: my_pkg::OPCODE_STORE
                  vpiActual: LogicTypespec
                vpiConstType: hexadecimal (5)
                vpiSize: 6
                vpiDecompile: "6'h13"
                vpiValue: "13"
        TypedefTypespec name:opcode_e start:2:3 end:5:14:
          vpiParent: Package name:my_pkg
          vpiName Identifier name:opcode_e start:5:5 end:5:13:
            vpiParent: TypedefTypespec name:opcode_e
            vpiName: opcode_e
          vpiTypedefAlias RefTypespec start:2:11 end:5:4:
            vpiParent: TypedefTypespec name:opcode_e
            vpiFullName: my_pkg::opcode_e
            vpiActual: EnumTypespec
      vpiDefName: my_pkg
      vpiDefNetType: wire (1)
      vpiLibrary RefObj name:work:
        vpiParent: Package name:my_pkg
        vpiName: work
        vpiFullName: my_pkg::work
      vpiCell: my_pkg
  vpiAllModules (1 items):
    Module name:dut file:$Source01/dut.sv start:11:1 end:20:10:
      vpiParent: Design name:unnamed
      vpiName Identifier name:dut start:11:8 end:11:11:
        vpiParent: Module name:dut
        vpiName: dut
      vpiFullName: dut
      vpiVariable (1 items):
        Variable name:b start:15:16 end:15:17:
          vpiParent: Module name:dut
          vpiTypespec RefTypespec start:17:3 end:17:12:
            vpiParent: Variable name:b
            vpiFullName: dut.b
            vpiActual: LogicTypespec
          vpiName: b
          vpiFullName: dut.b
          vpiVector: true
      vpiTypespec (8 items):
        ImportTypespec name:my_pkg start:12:10 end:12:19:
          vpiParent: Module name:dut
          vpiName Identifier name:my_pkg start:12:10 end:12:16:
            vpiParent: ImportTypespec name:my_pkg
            vpiName: my_pkg
        ImportTypespec name:my_pkg start:13:10 end:13:26:
          vpiParent: Module name:dut
          vpiName Identifier name:my_pkg start:13:10 end:13:16:
            vpiParent: ImportTypespec name:my_pkg
            vpiName: my_pkg
          vpiImportTypespecItem Constant start:13:18 end:13:26:
            vpiParent: ImportTypespec name:my_pkg
            vpiTypespec RefTypespec:
              vpiParent: Constant
              vpiFullName: dut.my_pkg
              vpiActual: StringTypespec
            vpiConstType: string (6)
            vpiSize: 64
            vpiDecompile: opcode_e
            vpiValue: opcode_e
        ImportTypespec name:my_pkg start:13:28 end:13:47:
          vpiParent: Module name:dut
          vpiName Identifier name:my_pkg start:13:28 end:13:34:
            vpiParent: ImportTypespec name:my_pkg
            vpiName: my_pkg
          vpiImportTypespecItem Constant start:13:36 end:13:47:
            vpiParent: ImportTypespec name:my_pkg
            vpiTypespec RefTypespec:
              vpiParent: Constant
              vpiFullName: dut.my_pkg
              vpiActual: StringTypespec
            vpiConstType: string (6)
            vpiSize: 88
            vpiDecompile: OPCODE_LOAD
            vpiValue: OPCODE_LOAD
        LogicTypespec:
          vpiParent: Module name:dut
          vpiRange (1 items):
            Range start:14:9 end:14:14:
              vpiParent: LogicTypespec
              vpiLeftRange Constant start:14:10 end:14:11:
                vpiParent: Range
                vpiTypespec RefTypespec:
                  vpiParent: Constant
                  vpiFullName: dut
                  vpiActual: IntTypespec
                vpiConstType: unsigned int (9)
                vpiSize: 64
                vpiDecompile: "5"
                vpiValue: 5
              vpiRightRange Constant start:14:12 end:14:13:
                vpiParent: Range
                vpiTypespec RefTypespec:
                  vpiParent: Constant
                  vpiFullName: dut
                  vpiActual: IntTypespec
                vpiConstType: unsigned int (9)
                vpiSize: 64
                vpiDecompile: "0"
                vpiValue: 0
          vpiVector: true
        LogicTypespec:
          vpiParent: Module name:dut
          vpiRange (1 items):
            Range start:15:10 end:15:15:
              vpiParent: LogicTypespec
              vpiLeftRange Constant start:15:11 end:15:12:
                vpiParent: Range
                vpiTypespec RefTypespec:
                  vpiParent: Constant
                  vpiFullName: dut
                  vpiActual: IntTypespec
                vpiConstType: unsigned int (9)
                vpiSize: 64
                vpiDecompile: "2"
                vpiValue: 2
              vpiRightRange Constant start:15:13 end:15:14:
                vpiParent: Range
                vpiTypespec RefTypespec:
                  vpiParent: Constant
                  vpiFullName: dut
                  vpiActual: IntTypespec
                vpiConstType: unsigned int (9)
                vpiSize: 64
                vpiDecompile: "0"
                vpiValue: 0
          vpiVector: true
        LogicTypespec:
          vpiParent: Module name:dut
          vpiRange (1 items):
            Range start:16:8 end:16:13:
              vpiParent: LogicTypespec
              vpiLeftRange Constant start:16:9 end:16:10:
                vpiParent: Range
                vpiTypespec RefTypespec:
                  vpiParent: Constant
                  vpiFullName: dut
                  vpiActual: IntTypespec
                vpiConstType: unsigned int (9)
                vpiSize: 64
                vpiDecompile: "5"
                vpiValue: 5
              vpiRightRange Constant start:16:11 end:16:12:
                vpiParent: Range
                vpiTypespec RefTypespec:
                  vpiParent: Constant
                  vpiFullName: dut
                  vpiActual: IntTypespec
                vpiConstType: unsigned int (9)
                vpiSize: 64
                vpiDecompile: "0"
                vpiValue: 0
          vpiVector: true
        LogicTypespec:
          vpiParent: Module name:dut
          vpiRange (1 items):
            Range start:17:7 end:17:12:
              vpiParent: LogicTypespec
              vpiLeftRange Constant start:17:8 end:17:9:
                vpiParent: Range
                vpiTypespec RefTypespec:
                  vpiParent: Constant
                  vpiFullName: dut
                  vpiActual: IntTypespec
                vpiConstType: unsigned int (9)
                vpiSize: 64
                vpiDecompile: "2"
                vpiValue: 2
              vpiRightRange Constant start:17:10 end:17:11:
                vpiParent: Range
                vpiTypespec RefTypespec:
                  vpiParent: Constant
                  vpiFullName: dut
                  vpiActual: IntTypespec
                vpiConstType: unsigned int (9)
                vpiSize: 64
                vpiDecompile: "0"
                vpiValue: 0
          vpiVector: true
        UnsupportedTypespec name:my_pkg start:18:17 end:18:23:
          vpiParent: Module name:dut
          vpiName Identifier name:my_pkg start:18:17 end:18:23:
            vpiParent: UnsupportedTypespec name:my_pkg
            vpiName: my_pkg
      vpiDefName: dut
      vpiDefNetType: wire (1)
      vpiLibrary RefObj name:work:
        vpiParent: Module name:dut
        vpiName: work
        vpiFullName: dut.work
      vpiCell: dut
      vpiNet (1 items):
        Net name:a start:14:15 end:14:16:
          vpiParent: Module name:dut
          vpiTypespec RefTypespec start:16:8 end:16:13:
            vpiParent: Net name:a
            vpiFullName: dut.a
            vpiActual: LogicTypespec
          vpiName: a
          vpiFullName: dut.a
          vpiNetType: wire (1)
          vpiVector: true
      vpiPort (2 items):
        Port name:a start:11:13 end:11:14:
          vpiParent: Module name:dut
          vpiName: a
          vpiDirection: input (1)
          vpiLowConn RefObj name:a start:14:15 end:14:16:
            vpiParent: Port name:a
            vpiName: a
            vpiFullName: dut.a.a
            vpiActual: Net name:a
          vpiTypespec RefTypespec start:14:9 end:14:14:
            vpiParent: Port name:a
            vpiFullName: dut.a
        Port name:b start:11:16 end:11:17:
          vpiParent: Module name:dut
          vpiName: b
          vpiDirection: output (2)
          vpiLowConn RefObj name:b start:15:16 end:15:17:
            vpiParent: Port name:b
            vpiName: b
            vpiFullName: dut.b.b
            vpiActual: Variable name:b
          vpiTypespec RefTypespec start:15:10 end:15:15:
            vpiParent: Port name:b
            vpiFullName: dut.b
      vpiContAssign (1 items):
        ContAssign start:18:10 end:19:35:
          vpiParent: Module name:dut
          vpiLhs RefObj name:b start:18:10 end:18:11:
            vpiParent: ContAssign
            vpiName: b
            vpiFullName: dut.b
            vpiActual: Variable name:b
          vpiRhs Operation start:18:14 end:19:35:
            vpiParent: ContAssign
            vpiOpType: bitwise or (29)
            vpiOperand (2 items):
              Operation start:18:14 end:18:35:
                vpiParent: Operation
                vpiOpType: cast (81)
                vpiOperand (2 items):
                  Constant start:18:14 end:18:15:
                    vpiParent: Operation
                    vpiTypespec RefTypespec:
                      vpiParent: Constant
                      vpiFullName: dut
                      vpiActual: IntTypespec
                    vpiConstType: unsigned int (9)
                    vpiSize: 64
                    vpiDecompile: "3"
                    vpiValue: 3
                  HierPath name:my_pkg::PMP_CFG_W start:18:17 end:18:34:
                    vpiParent: Operation
                    vpiName: my_pkg::PMP_CFG_W
                    vpiFullName: dut.my_pkg::PMP_CFG_W
                    vpiPathElem (2 items):
                      RefTypespec start:18:17 end:18:25:
                        vpiParent: HierPath name:my_pkg::PMP_CFG_W
                        vpiFullName: dut.my_pkg::PMP_CFG_W
                        vpiActual: UnsupportedTypespec name:my_pkg
                      RefObj name:PMP_CFG_W start:18:25 end:18:34:
                        vpiParent: HierPath name:my_pkg::PMP_CFG_W
                        vpiName: PMP_CFG_W
                        vpiFullName: dut.PMP_CFG_W
                        vpiActual: Parameter name:PMP_CFG_W
              Operation start:19:15 end:19:35:
                vpiParent: Operation
                vpiOpType: cast (81)
                vpiOperand (2 items):
                  Constant start:19:15 end:19:16:
                    vpiParent: Operation
                    vpiTypespec RefTypespec:
                      vpiParent: Constant
                      vpiFullName: dut
                      vpiActual: IntTypespec
                    vpiConstType: unsigned int (9)
                    vpiSize: 64
                    vpiDecompile: "3"
                    vpiValue: 3
                  Operation start:19:18 end:19:34:
                    vpiParent: Operation
                    vpiOpType: equal (14)
                    vpiOperand (2 items):
                      RefObj name:a start:19:18 end:19:19:
                        vpiParent: Operation
                        vpiName: a
                        vpiFullName: dut.a
                        vpiActual: Net name:a
                      RefObj name:OPCODE_LOAD start:19:23 end:19:34:
                        vpiParent: Operation
                        vpiName: OPCODE_LOAD
                        vpiFullName: dut.OPCODE_LOAD
                        vpiActual: EnumConst name:OPCODE_LOAD
  vpiTypespec (4 items):
    IntTypespec:
      vpiParent: Design name:unnamed
      vpiSigned: true
    IntTypespec:
      vpiParent: Design name:unnamed
    ModuleTypespec name:dut:
      vpiParent: Design name:unnamed
      vpiName Identifier name:dut start:11:8 end:11:11:
        vpiParent: ModuleTypespec name:dut
        vpiName: dut
      vpiModule: Module name:dut
    StringTypespec:
      vpiParent: Design name:unnamed
===================
[  FATAL] : 0
[ SYNTAX] : 0
[  ERROR] : 0
[WARNING] : 4
[   NOTE] : 0
********************************************************************************
*                    End HLC SystemVerilog Compiler/Linter                     *
********************************************************************************

#**#**#**#**#**#**#**#**#**#**#**#**#**#**#**#**#**#**#**#**#**#**#**#**#**#**#**#**#**#**#**#**#**#**#**#**#**#**#**#**

Environment:
      test-name: OneImport/OneImport
   test-dirpath: ${HLC_DIR}/regression/OneImport/OneImport
  hldb-filepath: ${HLC_DIR}/regression/OneImport/OneImport/design.hldb
mounts-filepath: ${HLC_DIR}/regression/OneImport/OneImport/mounts.json


{'result': {'coverage': 99.42,
            'error_count': 0,
            'file_count': 1,
            'files': {'$Output/lib/work/dut.sv': {'post_len': 2,
                                                  'pre_len': 344}},
            'post_len': 2,
            'pre_len': 344,
            'test_name': 'OneImport/OneImport'}}

+-------------------------+----------+-----------+
| INPUT                   |   PRELEN |   POSTLEN |
+=========================+==========+===========+
| $Output/lib/work/dut.sv |      344 |         2 |
+=========================+==========+===========+
|                         |      344 |         2 |
+-------------------------+----------+-----------+

[   ERROR] : 0
[COVERAGE] : 99.42


#**#**#**#**#**#**#**#**#**#**#**#**#**#**#**#**#**#**#**#**#**#**#**#**#**#**#**#**#**#**#**#**#**#**#**#**#**#**#**#**

COMMAND: ${HLC_DIR}/regression/OneImport/OneImport/design.hldb ${HLC_DIR}/regression/OneImport/OneImport/reduced.hldb

==================== BEGIN REDUCTION RESULT ====================
Name                            Before   After   Added   Removed
----------------------------------------------------------------
----------------------------------------------------------------
Others                              99      99       0         0
----------------------------------------------------------------
                                    99      99       0         0
===================== END REDUCTION RESULT =====================
