********************************************************************************
*                   Begin HLC SystemVerilog Compiler/Linter                    *
********************************************************************************
Copyright (c) 2020 Apotell,
http://www.apache.org/licenses/LICENSE-2.0
VERSION: 1.84
COMMAND: -wd ../../../tests/GenIfElse -d db -d ast dut.sv -nobuiltin -mt 0 -d dbstats -d cache -writepp -d db -nostdout -o ${HLC_DIR}/regression/GenIfElse/GenIfElse
[INF:CM5022] Creating log file "$Output/hlc.log".
[INF:PP5223] Preprocessing source file "$Source01/dut.sv".
[INF:PA5502] Parsing source file "$Source01/dut.sv".
AST_DEBUG_BEGIN
Count: 73
LIB: work
FILE<0>:$Source01/dut.sv
n<$Source01/dut.sv> u<72> t<Top_level_rule> c<1> l<2:1> el<11:1>
  n<> u<1> t<Null_rule> p<72> s<71> l<2:1> el<2:1>
  n<> u<71> t<Source_text> p<72> c<70> l<2:1> el<10:10>
    n<> u<70> t<Description> p<71> c<69> l<2:1> el<10:10>
      n<> u<69> t<Module_declaration> p<70> c<5> l<2:1> el<10:10>
        n<> u<5> t<Module_ansi_header> p<69> c<2> s<67> l<2:1> el<2:12>
          n<module> u<2> t<MODULE> p<5> s<3> l<2:1> el<2:7>
          n<top> u<3> t<SIMPLE_IDENTIFIER> p<5> s<4> l<2:8> el<2:11>
          n<> u<4> t<Package_import_declaration_list> p<5> l<2:11> el<2:11>
        n<> u<67> t<Non_port_module_item> p<69> c<66> s<68> l<3:4> el<9:7>
          n<> u<66> t<Module_or_generate_item> p<67> c<65> l<3:4> el<9:7>
            n<> u<65> t<Module_common_item> p<66> c<64> l<3:4> el<9:7>
              n<> u<64> t<Conditional_generate_construct> p<65> c<63> l<3:4> el<9:7>
                n<> u<63> t<If_generate_construct> p<64> c<61> l<3:4> el<9:7>
                  n<> u<61> t<IF> p<63> s<9> l<3:4> el<3:6>
                  n<> u<9> t<Constant_expression> p<63> c<8> s<27> l<3:8> el<3:9>
                    n<> u<8> t<Constant_primary> p<9> c<7> l<3:8> el<3:9>
                      n<> u<7> t<Primary_literal> p<8> c<6> l<3:8> el<3:9>
                        n<1> u<6> t<INTEGRAL_NUMBER> p<7> l<3:8> el<3:9>
                  n<> u<27> t<Generate_item> p<63> c<26> s<62> l<3:11> el<5:7>
                    n<> u<26> t<Generate_begin_end_block> p<27> c<24> l<3:11> el<5:7>
                      n<> u<24> t<Generate_item> p<26> c<23> s<25> l<4:5> el<4:18>
                        n<> u<23> t<Module_or_generate_item> p<24> c<22> l<4:5> el<4:18>
                          n<> u<22> t<Module_common_item> p<23> c<21> l<4:5> el<4:18>
                            n<> u<21> t<Continuous_assign> p<22> c<20> l<4:5> el<4:18>
                              n<> u<20> t<Net_assignment_list> p<21> c<19> l<4:12> el<4:17>
                                n<> u<19> t<Net_assignment> p<20> c<14> l<4:12> el<4:17>
                                  n<> u<14> t<Net_lvalue> p<19> c<11> s<18> l<4:12> el<4:13>
                                    n<> u<11> t<Ps_or_hierarchical_identifier> p<14> c<10> s<13> l<4:12> el<4:13>
                                      n<a> u<10> t<SIMPLE_IDENTIFIER> p<11> l<4:12> el<4:13>
                                    n<> u<13> t<Constant_select> p<14> c<12> l<4:14> el<4:14>
                                      n<> u<12> t<Constant_bit_select> p<13> l<4:14> el<4:14>
                                  n<> u<18> t<Expression> p<19> c<17> l<4:16> el<4:17>
                                    n<> u<17> t<Primary> p<18> c<16> l<4:16> el<4:17>
                                      n<> u<16> t<Primary_literal> p<17> c<15> l<4:16> el<4:17>
                                        n<b> u<15> t<SIMPLE_IDENTIFIER> p<16> l<4:16> el<4:17>
                      n<> u<25> t<END> p<26> l<5:4> el<5:7>
                  n<> u<62> t<ELSE> p<63> s<60> l<6:4> el<6:8>
                  n<> u<60> t<Generate_item> p<63> c<59> l<6:9> el<9:7>
                    n<> u<59> t<Generate_begin_end_block> p<60> c<42> l<6:9> el<9:7>
                      n<> u<42> t<Generate_item> p<59> c<41> s<57> l<7:5> el<7:18>
                        n<> u<41> t<Module_or_generate_item> p<42> c<40> l<7:5> el<7:18>
                          n<> u<40> t<Module_common_item> p<41> c<39> l<7:5> el<7:18>
                            n<> u<39> t<Continuous_assign> p<40> c<38> l<7:5> el<7:18>
                              n<> u<38> t<Net_assignment_list> p<39> c<37> l<7:12> el<7:17>
                                n<> u<37> t<Net_assignment> p<38> c<32> l<7:12> el<7:17>
                                  n<> u<32> t<Net_lvalue> p<37> c<29> s<36> l<7:12> el<7:13>
                                    n<> u<29> t<Ps_or_hierarchical_identifier> p<32> c<28> s<31> l<7:12> el<7:13>
                                      n<c> u<28> t<SIMPLE_IDENTIFIER> p<29> l<7:12> el<7:13>
                                    n<> u<31> t<Constant_select> p<32> c<30> l<7:14> el<7:14>
                                      n<> u<30> t<Constant_bit_select> p<31> l<7:14> el<7:14>
                                  n<> u<36> t<Expression> p<37> c<35> l<7:16> el<7:17>
                                    n<> u<35> t<Primary> p<36> c<34> l<7:16> el<7:17>
                                      n<> u<34> t<Primary_literal> p<35> c<33> l<7:16> el<7:17>
                                        n<d> u<33> t<SIMPLE_IDENTIFIER> p<34> l<7:16> el<7:17>
                      n<> u<57> t<Generate_item> p<59> c<56> s<58> l<8:5> el<8:18>
                        n<> u<56> t<Module_or_generate_item> p<57> c<55> l<8:5> el<8:18>
                          n<> u<55> t<Module_common_item> p<56> c<54> l<8:5> el<8:18>
                            n<> u<54> t<Continuous_assign> p<55> c<53> l<8:5> el<8:18>
                              n<> u<53> t<Net_assignment_list> p<54> c<52> l<8:12> el<8:17>
                                n<> u<52> t<Net_assignment> p<53> c<47> l<8:12> el<8:17>
                                  n<> u<47> t<Net_lvalue> p<52> c<44> s<51> l<8:12> el<8:13>
                                    n<> u<44> t<Ps_or_hierarchical_identifier> p<47> c<43> s<46> l<8:12> el<8:13>
                                      n<e> u<43> t<SIMPLE_IDENTIFIER> p<44> l<8:12> el<8:13>
                                    n<> u<46> t<Constant_select> p<47> c<45> l<8:14> el<8:14>
                                      n<> u<45> t<Constant_bit_select> p<46> l<8:14> el<8:14>
                                  n<> u<51> t<Expression> p<52> c<50> l<8:16> el<8:17>
                                    n<> u<50> t<Primary> p<51> c<49> l<8:16> el<8:17>
                                      n<> u<49> t<Primary_literal> p<50> c<48> l<8:16> el<8:17>
                                        n<f> u<48> t<SIMPLE_IDENTIFIER> p<49> l<8:16> el<8:17>
                      n<> u<58> t<END> p<59> l<9:4> el<9:7>
        n<> u<68> t<ENDMODULE> p<69> l<10:1> el<10:10>
AST_DEBUG_END
[INF:CP5804] $Source01/dut.sv:2:1: Compile module "top".
[WRN:PA5506] $Source01/dut.sv:2:1: No timescale set for "top".
====== HLDB =======
Design name:unnamed:
  vpiName: unnamed
  vpiSourceFile (1 items):
    SourceFile name:dut.sv file:$Source01/dut.sv:
      vpiParent: Design name:unnamed
      vpiName: dut.sv
      vpiPreprocFile: "$Output/lib/work/dut.sv"
  vpiAllModules (1 items):
    Module name:top file:$Source01/dut.sv start:2:1 end:10:10:
      vpiParent: Design name:unnamed
      vpiName Identifier name:top start:2:8 end:2:11:
      vpiFullName: top
      vpiDefName: top
      vpiDefNetType: wire (1)
      vpiLibrary RefObj name:work:
        vpiParent: Module name:top
        vpiName: work
        vpiFullName: top.work
      vpiCell: top
      vpiGenStmt (1 items):
        GenIfElse start:3:4 end:9:7:
          vpiParent: Module name:top
          vpiCondition Constant start:3:8 end:3:9:
            vpiParent: GenIfElse
            vpiTypespec RefTypespec:
              vpiParent: Constant
              vpiFullName: top
              vpiActual: IntTypespec
            vpiConstType: unsigned int (9)
            vpiSize: 64
            vpiDecompile: "1"
            vpiValue: 1
          vpiStmt Begin start:3:11 end:5:7:
            vpiParent: GenIfElse
            vpiFullName: top
            vpiStmt (1 items):
              ContAssign start:4:12 end:4:17:
                vpiParent: Begin
                vpiLhs RefObj name:a start:4:12 end:4:13:
                  vpiParent: ContAssign
                  vpiName: a
                  vpiFullName: top.a
                vpiRhs RefObj name:b start:4:16 end:4:17:
                  vpiParent: ContAssign
                  vpiName: b
                  vpiFullName: top.b
          vpiElseStmt Begin start:6:9 end:9:7:
            vpiParent: GenIfElse
            vpiFullName: top
            vpiStmt (2 items):
              ContAssign start:7:12 end:7:17:
                vpiParent: Begin
                vpiLhs RefObj name:c start:7:12 end:7:13:
                  vpiParent: ContAssign
                  vpiName: c
                  vpiFullName: top.c
                vpiRhs RefObj name:d start:7:16 end:7:17:
                  vpiParent: ContAssign
                  vpiName: d
                  vpiFullName: top.d
              ContAssign start:8:12 end:8:17:
                vpiParent: Begin
                vpiLhs RefObj name:e start:8:12 end:8:13:
                  vpiParent: ContAssign
                  vpiName: e
                  vpiFullName: top.e
                vpiRhs RefObj name:f start:8:16 end:8:17:
                  vpiParent: ContAssign
                  vpiName: f
                  vpiFullName: top.f
  vpiTypespec (2 items):
    ModuleTypespec name:top:
      vpiParent: Design name:unnamed
      vpiName Identifier name:top start:2:8 end:2:11:
      vpiModule: Module name:top
    IntTypespec:
      vpiParent: Design name:unnamed
      vpiSigned: true
===================
[  FATAL] : 0
[ SYNTAX] : 0
[  ERROR] : 0
[WARNING] : 1
[   NOTE] : 0
********************************************************************************
*                    End HLC SystemVerilog Compiler/Linter                     *
********************************************************************************

#**#**#**#**#**#**#**#**#**#**#**#**#**#**#**#**#**#**#**#**#**#**#**#**#**#**#**#**#**#**#**#**#**#**#**#**#**#**#**#**

Environment:
      test-name: GenIfElse/GenIfElse
   test-dirpath: ${HLC_DIR}/regression/GenIfElse/GenIfElse
  hldb-filepath: ${HLC_DIR}/regression/GenIfElse/GenIfElse/design.hldb
mounts-filepath: ${HLC_DIR}/regression/GenIfElse/GenIfElse/mounts.json


{'result': {'coverage': 100.0,
            'error_count': 0,
            'file_count': 1,
            'files': {'$Output/lib/work/dut.sv': {'post_len': 0,
                                                  'pre_len': 87}},
            'post_len': 0,
            'pre_len': 87,
            'test_name': 'GenIfElse/GenIfElse'}}

+-------------------------+----------+-----------+
| INPUT                   |   PRELEN |   POSTLEN |
+=========================+==========+===========+
| $Output/lib/work/dut.sv |       87 |         0 |
+=========================+==========+===========+
|                         |       87 |         0 |
+-------------------------+----------+-----------+

[   ERROR] : 0
[COVERAGE] : 100.0


#**#**#**#**#**#**#**#**#**#**#**#**#**#**#**#**#**#**#**#**#**#**#**#**#**#**#**#**#**#**#**#**#**#**#**#**#**#**#**#**

COMMAND: ${HLC_DIR}/regression/GenIfElse/GenIfElse/design.hldb ${HLC_DIR}/regression/GenIfElse/GenIfElse/reduced.hldb

==================== BEGIN REDUCTION RESULT ====================
Name                            Before   After   Added   Removed
----------------------------------------------------------------
----------------------------------------------------------------
Others                              22      22       0         0
----------------------------------------------------------------
                                    22      22       0         0
===================== END REDUCTION RESULT =====================
