# Do NOT delete this file.
# Add the tests that you would like to run using the filtered CI workflow
AmiqEth/AmiqEth
AmiqSimpleTestSuite/AmiqSimpleTestSuite
BuildOVMPkg/BuildOVMPkg
BuildUVMPkg/BuildUVMPkg
CoresSweRV/CoresSweRV
CoresSweRVMP/CoresSweRVMP
Driver/Driver
FuncParam2/FuncParam2
Google/chapter-11/11.4.14.2--reorder_stream_byte
Google/chapter-11/11.4.14.2--reorder_stream_byte-sim
Google/generic/class/class_test_14
Google/generic/class/class_test_16
Google/generic/member/class_member_test_58
Google/testbenches/uvm_agent_active
Google/testbenches/uvm_agent_passive
Google/testbenches/uvm_driver_sequencer_env
Google/testbenches/uvm_monitor_env
Google/testbenches/uvm_scoreboard_env
Google/testbenches/uvm_scoreboard_monitor_agent_env
Google/testbenches/uvm_scoreboard_monitor_env
Ibex/Ibex
IbexGoogle/IbexGoogle
Icarus/ivltests/port-test4a
Icarus/ivltests/port-test4b
MiniAmiq/MiniAmiq
Monitor/Monitor
OVMSwitch/OVMSwitch
Opentitan/Opentitan
Scoreboard/Scoreboard
SeqDriver/SeqDriver
SimpleClass1/SimpleClass1
SimpleInterface/SimpleInterface
SimpleOVM/SimpleOVM
SimpleUVM/SimpleUVM
SimpleVMM/SimpleVMM
UVMNestedSeq/UVMNestedSeq
UVMSwitch/UVMSwitch
UnitAmiqEth/UnitAmiqEth
Verilator/t_mem_slice_bad
Verilator/t_param_avec
Verilator/t_typedef_param
Verilator/t_var_dup_bad