********************************************************************************
*                   Begin HLC SystemVerilog Compiler/Linter                    *
********************************************************************************
Copyright (c) 2020 Apotell,
http://www.apache.org/licenses/LICENSE-2.0
VERSION: 1.84
COMMAND: -wd ../../../tests/MultiIndexBind -d db -d ast dut.sv -nobuiltin -mt 0 -d dbstats -d cache -writepp -d db -nostdout -o ${HLC_DIR}/regression/MultiIndexBind/MultiIndexBind
[INF:CM5022] Creating log file "$Output/hlc.log".
[INF:PP5223] Preprocessing source file "$Source01/dut.sv".
[INF:PA5502] Parsing source file "$Source01/dut.sv".
AST_DEBUG_BEGIN
Count: 173
LIB: work
FILE<0>:$Source01/dut.sv
n<$Source01/dut.sv> u<172> t<Top_level_rule> c<1> l<1:1> el<31:1>
  n<> u<1> t<Null_rule> p<172> s<171> l<1:1>
  n<> u<171> t<Source_text> p<172> c<170> l<1:1> el<30:10>
    n<> u<170> t<Description> p<171> c<169> l<1:1> el<30:10>
      n<> u<169> t<Module_declaration> p<170> c<6> l<1:1> el<30:10>
        n<> u<6> t<Module_nonansi_header> p<169> c<2> s<35> l<1:1> el<1:25>
          n<module> u<2> t<MODULE> p<6> s<3> l<1:1> el<1:7>
          n<PreDecodeStage> u<3> t<SIMPLE_IDENTIFIER> p<6> s<4> l<1:8> el<1:22>
          n<> u<4> t<Package_import_declaration_list> p<6> s<5> l<1:22> el<1:22>
          n<> u<5> t<Port_list> p<6> l<1:22> el<1:24>
        n<> u<35> t<Module_item> p<169> c<34> s<57> l<4:1> el<7:15>
          n<> u<34> t<Non_port_module_item> p<35> c<33> l<4:1> el<7:15>
            n<> u<33> t<Module_or_generate_item> p<34> c<32> l<4:1> el<7:15>
              n<> u<32> t<Module_common_item> p<33> c<31> l<4:1> el<7:15>
                n<> u<31> t<Module_or_generate_item_declaration> p<32> c<30> l<4:1> el<7:15>
                  n<> u<30> t<Package_or_generate_item_declaration> p<31> c<29> l<4:1> el<7:15>
                    n<> u<29> t<Data_declaration> p<30> c<28> l<4:1> el<7:15>
                      n<> u<28> t<Type_declaration> p<29> c<26> l<4:1> el<7:15>
                        n<> u<26> t<Data_type> p<28> c<18> s<27> l<4:9> el<7:2>
                          n<> u<18> t<Enum_base_type> p<26> c<7> s<19> l<4:14> el<4:25>
                            n<> u<7> t<LOGIC> p<18> s<17> l<4:14> el<4:19>
                            n<> u<17> t<Packed_dimension> p<18> c<16> l<4:20> el<4:25>
                              n<> u<16> t<Constant_range> p<17> c<11> l<4:21> el<4:24>
                                n<> u<11> t<Constant_expression> p<16> c<10> s<15> l<4:21> el<4:22>
                                  n<> u<10> t<Constant_primary> p<11> c<9> l<4:21> el<4:22>
                                    n<> u<9> t<Primary_literal> p<10> c<8> l<4:21> el<4:22>
                                      n<3> u<8> t<INTEGRAL_NUMBER> p<9> l<4:21> el<4:22>
                                n<> u<15> t<Constant_expression> p<16> c<14> l<4:23> el<4:24>
                                  n<> u<14> t<Constant_primary> p<15> c<13> l<4:23> el<4:24>
                                    n<> u<13> t<Primary_literal> p<14> c<12> l<4:23> el<4:24>
                                      n<0> u<12> t<INTEGRAL_NUMBER> p<13> l<4:23> el<4:24>
                          n<// enum ALU_Code> u<19> t<LINE_COMMENT> p<26> s<25> l<4:29> el<4:45>
                          n<> u<25> t<Enum_name_declaration> p<26> c<20> l<6:5> el<6:22>
                            n<AC_ADD> u<20> t<SIMPLE_IDENTIFIER> p<25> s<24> l<6:5> el<6:11>
                            n<> u<24> t<Constant_expression> p<25> c<23> l<6:15> el<6:22>
                              n<> u<23> t<Constant_primary> p<24> c<22> l<6:15> el<6:22>
                                n<> u<22> t<Primary_literal> p<23> c<21> l<6:15> el<6:22>
                                  n<4'b0000> u<21> t<INTEGRAL_NUMBER> p<22> l<6:15> el<6:22>
                        n<IntALU_Code> u<27> t<SIMPLE_IDENTIFIER> p<28> l<7:3> el<7:14>
        n<> u<57> t<Module_item> p<169> c<56> s<79> l<9:1> el<12:21>
          n<> u<56> t<Non_port_module_item> p<57> c<55> l<9:1> el<12:21>
            n<> u<55> t<Module_or_generate_item> p<56> c<54> l<9:1> el<12:21>
              n<> u<54> t<Module_common_item> p<55> c<53> l<9:1> el<12:21>
                n<> u<53> t<Module_or_generate_item_declaration> p<54> c<52> l<9:1> el<12:21>
                  n<> u<52> t<Package_or_generate_item_declaration> p<53> c<51> l<9:1> el<12:21>
                    n<> u<51> t<Data_declaration> p<52> c<50> l<9:1> el<12:21>
                      n<> u<50> t<Type_declaration> p<51> c<48> l<9:1> el<12:21>
                        n<> u<48> t<Data_type> p<50> c<37> s<49> l<9:9> el<12:2>
                          n<> u<37> t<Struct_union> p<48> c<36> s<38> l<9:9> el<9:15>
                            n<> u<36> t<STRUCT> p<37> l<9:9> el<9:15>
                          n<> u<38> t<PACKED> p<48> s<39> l<9:16> el<9:22>
                          n<// IntMicroOpOperand> u<39> t<LINE_COMMENT> p<48> s<47> l<9:23> el<9:43>
                          n<> u<47> t<Struct_union_member> p<48> c<43> l<11:5> el<11:25>
                            n<> u<43> t<Data_type_or_void> p<47> c<42> s<46> l<11:5> el<11:16>
                              n<> u<42> t<Data_type> p<43> c<41> l<11:5> el<11:16>
                                n<> u<41> t<Class_type> p<42> c<40> l<11:5> el<11:16>
                                  n<IntALU_Code> u<40> t<SIMPLE_IDENTIFIER> p<41> l<11:5> el<11:16>
                            n<> u<46> t<Variable_decl_assignment_list> p<47> c<45> l<11:17> el<11:24>
                              n<> u<45> t<Variable_decl_assignment> p<46> c<44> l<11:17> el<11:24>
                                n<aluCode> u<44> t<SIMPLE_IDENTIFIER> p<45> l<11:17> el<11:24>
                        n<IntMicroOpOperand> u<49> t<SIMPLE_IDENTIFIER> p<50> l<12:3> el<12:20>
        n<> u<79> t<Module_item> p<169> c<78> s<101> l<14:1> el<17:18>
          n<> u<78> t<Non_port_module_item> p<79> c<77> l<14:1> el<17:18>
            n<> u<77> t<Module_or_generate_item> p<78> c<76> l<14:1> el<17:18>
              n<> u<76> t<Module_common_item> p<77> c<75> l<14:1> el<17:18>
                n<> u<75> t<Module_or_generate_item_declaration> p<76> c<74> l<14:1> el<17:18>
                  n<> u<74> t<Package_or_generate_item_declaration> p<75> c<73> l<14:1> el<17:18>
                    n<> u<73> t<Data_declaration> p<74> c<72> l<14:1> el<17:18>
                      n<> u<72> t<Type_declaration> p<73> c<70> l<14:1> el<17:18>
                        n<> u<70> t<Data_type> p<72> c<59> s<71> l<14:9> el<17:2>
                          n<> u<59> t<Struct_union> p<70> c<58> s<60> l<14:9> el<14:14>
                            n<> u<58> t<UNION> p<59> l<14:9> el<14:14>
                          n<> u<60> t<PACKED> p<70> s<61> l<14:15> el<14:21>
                          n<// MicroOpOperand> u<61> t<LINE_COMMENT> p<70> s<69> l<14:25> el<14:42>
                          n<> u<69> t<Struct_union_member> p<70> c<65> l<16:5> el<16:33>
                            n<> u<65> t<Data_type_or_void> p<69> c<64> s<68> l<16:5> el<16:22>
                              n<> u<64> t<Data_type> p<65> c<63> l<16:5> el<16:22>
                                n<> u<63> t<Class_type> p<64> c<62> l<16:5> el<16:22>
                                  n<IntMicroOpOperand> u<62> t<SIMPLE_IDENTIFIER> p<63> l<16:5> el<16:22>
                            n<> u<68> t<Variable_decl_assignment_list> p<69> c<67> l<16:27> el<16:32>
                              n<> u<67> t<Variable_decl_assignment> p<68> c<66> l<16:27> el<16:32>
                                n<intOp> u<66> t<SIMPLE_IDENTIFIER> p<67> l<16:27> el<16:32>
                        n<MicroOpOperand> u<71> t<SIMPLE_IDENTIFIER> p<72> l<17:3> el<17:17>
        n<> u<101> t<Module_item> p<169> c<100> s<135> l<19:1> el<22:10>
          n<> u<100> t<Non_port_module_item> p<101> c<99> l<19:1> el<22:10>
            n<> u<99> t<Module_or_generate_item> p<100> c<98> l<19:1> el<22:10>
              n<> u<98> t<Module_common_item> p<99> c<97> l<19:1> el<22:10>
                n<> u<97> t<Module_or_generate_item_declaration> p<98> c<96> l<19:1> el<22:10>
                  n<> u<96> t<Package_or_generate_item_declaration> p<97> c<95> l<19:1> el<22:10>
                    n<> u<95> t<Data_declaration> p<96> c<94> l<19:1> el<22:10>
                      n<> u<94> t<Type_declaration> p<95> c<92> l<19:1> el<22:10>
                        n<> u<92> t<Data_type> p<94> c<81> s<93> l<19:9> el<22:2>
                          n<> u<81> t<Struct_union> p<92> c<80> s<82> l<19:9> el<19:15>
                            n<> u<80> t<STRUCT> p<81> l<19:9> el<19:15>
                          n<> u<82> t<PACKED> p<92> s<83> l<19:16> el<19:22>
                          n<// OpInfo> u<83> t<LINE_COMMENT> p<92> s<91> l<19:23> el<19:32>
                          n<> u<91> t<Struct_union_member> p<92> c<87> l<21:5> el<21:28>
                            n<> u<87> t<Data_type_or_void> p<91> c<86> s<90> l<21:5> el<21:19>
                              n<> u<86> t<Data_type> p<87> c<85> l<21:5> el<21:19>
                                n<> u<85> t<Class_type> p<86> c<84> l<21:5> el<21:19>
                                  n<MicroOpOperand> u<84> t<SIMPLE_IDENTIFIER> p<85> l<21:5> el<21:19>
                            n<> u<90> t<Variable_decl_assignment_list> p<91> c<89> l<21:20> el<21:27>
                              n<> u<89> t<Variable_decl_assignment> p<90> c<88> l<21:20> el<21:27>
                                n<operand> u<88> t<SIMPLE_IDENTIFIER> p<89> l<21:20> el<21:27>
                        n<OpInfo> u<93> t<SIMPLE_IDENTIFIER> p<94> l<22:3> el<22:9>
        n<> u<135> t<Module_item> p<169> c<134> s<167> l<26:1> el<26:28>
          n<> u<134> t<Non_port_module_item> p<135> c<133> l<26:1> el<26:28>
            n<> u<133> t<Module_or_generate_item> p<134> c<132> l<26:1> el<26:28>
              n<> u<132> t<Module_common_item> p<133> c<131> l<26:1> el<26:28>
                n<> u<131> t<Module_or_generate_item_declaration> p<132> c<130> l<26:1> el<26:28>
                  n<> u<130> t<Package_or_generate_item_declaration> p<131> c<129> l<26:1> el<26:28>
                    n<> u<129> t<Data_declaration> p<130> c<128> l<26:1> el<26:28>
                      n<> u<128> t<Variable_declaration> p<129> c<124> l<26:1> el<26:28>
                        n<> u<124> t<Data_type> p<128> c<103> s<127> l<26:1> el<26:18>
                          n<> u<103> t<Class_type> p<124> c<102> s<113> l<26:1> el<26:7>
                            n<OpInfo> u<102> t<SIMPLE_IDENTIFIER> p<103> l<26:1> el<26:7>
                          n<> u<113> t<Packed_dimension> p<124> c<112> s<123> l<26:8> el<26:13>
                            n<> u<112> t<Constant_range> p<113> c<107> l<26:9> el<26:12>
                              n<> u<107> t<Constant_expression> p<112> c<106> s<111> l<26:9> el<26:10>
                                n<> u<106> t<Constant_primary> p<107> c<105> l<26:9> el<26:10>
                                  n<> u<105> t<Primary_literal> p<106> c<104> l<26:9> el<26:10>
                                    n<1> u<104> t<INTEGRAL_NUMBER> p<105> l<26:9> el<26:10>
                              n<> u<111> t<Constant_expression> p<112> c<110> l<26:11> el<26:12>
                                n<> u<110> t<Constant_primary> p<111> c<109> l<26:11> el<26:12>
                                  n<> u<109> t<Primary_literal> p<110> c<108> l<26:11> el<26:12>
                                    n<0> u<108> t<INTEGRAL_NUMBER> p<109> l<26:11> el<26:12>
                          n<> u<123> t<Packed_dimension> p<124> c<122> l<26:13> el<26:18>
                            n<> u<122> t<Constant_range> p<123> c<117> l<26:14> el<26:17>
                              n<> u<117> t<Constant_expression> p<122> c<116> s<121> l<26:14> el<26:15>
                                n<> u<116> t<Constant_primary> p<117> c<115> l<26:14> el<26:15>
                                  n<> u<115> t<Primary_literal> p<116> c<114> l<26:14> el<26:15>
                                    n<1> u<114> t<INTEGRAL_NUMBER> p<115> l<26:14> el<26:15>
                              n<> u<121> t<Constant_expression> p<122> c<120> l<26:16> el<26:17>
                                n<> u<120> t<Constant_primary> p<121> c<119> l<26:16> el<26:17>
                                  n<> u<119> t<Primary_literal> p<120> c<118> l<26:16> el<26:17>
                                    n<0> u<118> t<INTEGRAL_NUMBER> p<119> l<26:16> el<26:17>
                        n<> u<127> t<Variable_decl_assignment_list> p<128> c<126> l<26:19> el<26:27>
                          n<> u<126> t<Variable_decl_assignment> p<127> c<125> l<26:19> el<26:27>
                            n<microOps> u<125> t<SIMPLE_IDENTIFIER> p<126> l<26:19> el<26:27>
        n<> u<167> t<Module_item> p<169> c<166> s<168> l<28:1> el<28:49>
          n<> u<166> t<Non_port_module_item> p<167> c<165> l<28:1> el<28:49>
            n<> u<165> t<Module_or_generate_item> p<166> c<164> l<28:1> el<28:49>
              n<> u<164> t<Module_common_item> p<165> c<163> l<28:1> el<28:49>
                n<> u<163> t<Continuous_assign> p<164> c<162> l<28:1> el<28:49>
                  n<> u<162> t<Net_assignment_list> p<163> c<161> l<28:8> el<28:48>
                    n<> u<161> t<Net_assignment> p<162> c<140> l<28:8> el<28:48>
                      n<> u<140> t<Net_lvalue> p<161> c<137> s<160> l<28:8> el<28:9>
                        n<> u<137> t<Ps_or_hierarchical_identifier> p<140> c<136> s<139> l<28:8> el<28:9>
                          n<o> u<136> t<SIMPLE_IDENTIFIER> p<137> l<28:8> el<28:9>
                        n<> u<139> t<Constant_select> p<140> c<138> l<28:10> el<28:10>
                          n<> u<138> t<Constant_bit_select> p<139> l<28:10> el<28:10>
                      n<> u<160> t<Expression> p<161> c<159> l<28:12> el<28:48>
                        n<> u<159> t<Primary> p<160> c<158> l<28:12> el<28:48>
                          n<> u<158> t<Subroutine_call> p<159> c<141> l<28:12> el<28:48>
                            n<microOps> u<141> t<SIMPLE_IDENTIFIER> p<158> s<150> l<28:12> el<28:20>
                            n<> u<150> t<Constant_bit_select> p<158> c<145> s<151> l<28:20> el<28:26>
                              n<> u<145> t<Constant_expression> p<150> c<144> s<149> l<28:21> el<28:22>
                                n<> u<144> t<Constant_primary> p<145> c<143> l<28:21> el<28:22>
                                  n<> u<143> t<Primary_literal> p<144> c<142> l<28:21> el<28:22>
                                    n<i> u<142> t<SIMPLE_IDENTIFIER> p<143> l<28:21> el<28:22>
                              n<> u<149> t<Constant_expression> p<150> c<148> l<28:24> el<28:25>
                                n<> u<148> t<Constant_primary> p<149> c<147> l<28:24> el<28:25>
                                  n<> u<147> t<Primary_literal> p<148> c<146> l<28:24> el<28:25>
                                    n<1> u<146> t<INTEGRAL_NUMBER> p<147> l<28:24> el<28:25>
                            n<operand> u<151> t<SIMPLE_IDENTIFIER> p<158> s<152> l<28:27> el<28:34>
                            n<> u<152> t<Constant_bit_select> p<158> s<153> l<28:34> el<28:34>
                            n<intOp> u<153> t<SIMPLE_IDENTIFIER> p<158> s<154> l<28:35> el<28:40>
                            n<> u<154> t<Constant_bit_select> p<158> s<155> l<28:40> el<28:40>
                            n<aluCode> u<155> t<SIMPLE_IDENTIFIER> p<158> s<157> l<28:41> el<28:48>
                            n<> u<157> t<Select> p<158> c<156> l<28:48> el<28:48>
                              n<> u<156> t<Bit_select> p<157> l<28:48> el<28:48>
        n<> u<168> t<ENDMODULE> p<169> l<30:1> el<30:10>
AST_DEBUG_END
[INF:CP5804] $Source01/dut.sv:1:1: Compile module "PreDecodeStage".
[WRN:PA5506] $Source01/dut.sv:1:1: No timescale set for "PreDecodeStage".
====== HLDB =======
Design name:unnamed:
  vpiName: unnamed
  vpiSourceFile (1 items):
    SourceFile name:dut.sv file:$Source01/dut.sv:
      vpiParent: Design name:unnamed
      vpiName: dut.sv
      vpiPreprocFile: "$Output/lib/work/dut.sv"
  vpiAllModules (1 items):
    Module name:PreDecodeStage file:$Source01/dut.sv start:1:1 end:30:10:
      vpiParent: Design name:unnamed
      vpiName Identifier name:PreDecodeStage start:1:8 end:1:22:
      vpiFullName: PreDecodeStage
      vpiEnum (1 items):
        Enum start:4:9 end:7:2:
          vpiParent: Module name:PreDecodeStage
          vpiBaseTypespec RefTypespec name:logic [3:0] start:4:14 end:4:25:
            vpiParent: Enum
            vpiName: logic [3:0]
            vpiFullName: PreDecodeStage.logic [3:0]
            vpiActual: LogicTypespec
          vpiEnumConst (1 items):
            EnumConst name:AC_ADD start:6:5 end:6:22:
              vpiParent: Enum
              vpiName Identifier name:AC_ADD start:6:5 end:6:11:
              vpiValue Constant start:6:15 end:6:22:
                vpiParent: EnumConst name:AC_ADD
                vpiTypespec RefTypespec:
                  vpiParent: Constant
                  vpiFullName: PreDecodeStage.AC_ADD
                  vpiActual: LogicTypespec
                vpiConstType: binary (3)
                vpiSize: 4
                vpiDecompile: "4'b0000"
                vpiValue: "0000"
      vpiStruct (2 items):
        Struct start:9:9 end:12:2:
          vpiParent: Module name:PreDecodeStage
          vpiPacked: true
          vpiTypespecMember (1 items):
            TypespecMember name:aluCode start:11:17 end:11:24:
              vpiParent: Struct
              vpiName: aluCode
              vpiTypespec RefTypespec name:IntALU_Code start:11:5 end:11:16:
                vpiParent: TypespecMember name:aluCode
                vpiName: IntALU_Code
                vpiFullName: PreDecodeStage.aluCode.IntALU_Code
                vpiActual: TypedefTypespec name:IntALU_Code
        Struct start:19:9 end:22:2:
          vpiParent: Module name:PreDecodeStage
          vpiPacked: true
          vpiTypespecMember (1 items):
            TypespecMember name:operand start:21:20 end:21:27:
              vpiParent: Struct
              vpiName: operand
              vpiTypespec RefTypespec name:MicroOpOperand start:21:5 end:21:19:
                vpiParent: TypespecMember name:operand
                vpiName: MicroOpOperand
                vpiFullName: PreDecodeStage.operand.MicroOpOperand
                vpiActual: TypedefTypespec name:MicroOpOperand
      vpiTypedef (4 items):
        Typedef name:IntALU_Code start:4:1 end:7:15:
          vpiParent: Module name:PreDecodeStage
          vpiName Identifier name:IntALU_Code start:7:3 end:7:14:
          vpiTypedefAlias RefTypespec start:4:9 end:7:2:
            vpiParent: Typedef name:IntALU_Code
            vpiFullName: PreDecodeStage.IntALU_Code
            vpiActual: EnumTypespec
        Typedef name:IntMicroOpOperand start:9:1 end:12:21:
          vpiParent: Module name:PreDecodeStage
          vpiName Identifier name:IntMicroOpOperand start:12:3 end:12:20:
          vpiTypedefAlias RefTypespec start:9:9 end:12:2:
            vpiParent: Typedef name:IntMicroOpOperand
            vpiFullName: PreDecodeStage.IntMicroOpOperand
            vpiActual: StructTypespec
        Typedef name:MicroOpOperand start:14:1 end:17:18:
          vpiParent: Module name:PreDecodeStage
          vpiName Identifier name:MicroOpOperand start:17:3 end:17:17:
          vpiTypedefAlias RefTypespec start:14:9 end:17:2:
            vpiParent: Typedef name:MicroOpOperand
            vpiFullName: PreDecodeStage.MicroOpOperand
            vpiActual: UnionTypespec
        Typedef name:OpInfo start:19:1 end:22:10:
          vpiParent: Module name:PreDecodeStage
          vpiName Identifier name:OpInfo start:22:3 end:22:9:
          vpiTypedefAlias RefTypespec start:19:9 end:22:2:
            vpiParent: Typedef name:OpInfo
            vpiFullName: PreDecodeStage.OpInfo
            vpiActual: StructTypespec
      vpiUnion (1 items):
        Union start:14:9 end:17:2:
          vpiParent: Module name:PreDecodeStage
          vpiPacked: true
          vpiTypespecMember (1 items):
            TypespecMember name:intOp start:16:27 end:16:32:
              vpiParent: Union
              vpiName: intOp
              vpiTypespec RefTypespec name:IntMicroOpOperand start:16:5 end:16:22:
                vpiParent: TypespecMember name:intOp
                vpiName: IntMicroOpOperand
                vpiFullName: PreDecodeStage.intOp.IntMicroOpOperand
                vpiActual: TypedefTypespec name:IntMicroOpOperand
      vpiVariable (1 items):
        Variable name:microOps start:26:19 end:26:27:
          vpiParent: Module name:PreDecodeStage
          vpiTypespec RefTypespec name:OpInfo [1:0] [1:0] start:26:1 end:26:18:
            vpiParent: Variable name:microOps
            vpiName: OpInfo [1:0] [1:0]
            vpiFullName: PreDecodeStage.microOps.OpInfo [1:0] [1:0]
            vpiActual: ArrayTypespec
          vpiName: microOps
          vpiFullName: PreDecodeStage.microOps
      vpiTypespec (11 items):
        LogicTypespec:
          vpiParent: Module name:PreDecodeStage
          vpiRange (1 items):
            Range start:4:20 end:4:25:
              vpiParent: LogicTypespec
              vpiLeftRange Constant start:4:21 end:4:22:
                vpiParent: Range
                vpiTypespec RefTypespec:
                  vpiParent: Constant
                  vpiFullName: PreDecodeStage
                  vpiActual: IntTypespec
                vpiConstType: unsigned int (9)
                vpiSize: 64
                vpiDecompile: "3"
                vpiValue: 3
              vpiRightRange Constant start:4:23 end:4:24:
                vpiParent: Range
                vpiTypespec RefTypespec:
                  vpiParent: Constant
                  vpiFullName: PreDecodeStage
                  vpiActual: IntTypespec
                vpiConstType: unsigned int (9)
                vpiSize: 64
                vpiDecompile: "0"
                vpiValue: 0
          vpiVector: true
        EnumTypespec start:4:9 end:7:2:
          vpiParent: Module name:PreDecodeStage
          vpiEnum: Enum
        TypedefTypespec name:IntALU_Code start:4:1 end:7:15:
          vpiParent: Module name:PreDecodeStage
          vpiName Identifier name:IntALU_Code start:7:3 end:7:14:
          vpiTypedefKind: enum (2)
          vpiTypedef: Typedef name:IntALU_Code
        StructTypespec start:9:9 end:12:2:
          vpiParent: Module name:PreDecodeStage
          vpiStruct: Struct
        TypedefTypespec name:IntMicroOpOperand start:9:1 end:12:21:
          vpiParent: Module name:PreDecodeStage
          vpiName Identifier name:IntMicroOpOperand start:12:3 end:12:20:
          vpiTypedefKind: struct (4)
          vpiTypedef: Typedef name:IntMicroOpOperand
        UnionTypespec start:14:9 end:17:2:
          vpiParent: Module name:PreDecodeStage
          vpiUnion: Union
        TypedefTypespec name:MicroOpOperand start:14:1 end:17:18:
          vpiParent: Module name:PreDecodeStage
          vpiName Identifier name:MicroOpOperand start:17:3 end:17:17:
          vpiTypedefKind: union (6)
          vpiTypedef: Typedef name:MicroOpOperand
        StructTypespec start:19:9 end:22:2:
          vpiParent: Module name:PreDecodeStage
          vpiStruct: Struct
        TypedefTypespec name:OpInfo start:19:1 end:22:10:
          vpiParent: Module name:PreDecodeStage
          vpiName Identifier name:OpInfo start:22:3 end:22:9:
          vpiTypedefKind: struct (4)
          vpiTypedef: Typedef name:OpInfo
        ArrayTypespec:
          vpiParent: Module name:PreDecodeStage
          vpiArrayType: static (1)
          vpiPacked: true
          vpiRange Range start:26:8 end:26:13:
            vpiParent: ArrayTypespec
            vpiLeftRange Constant start:26:9 end:26:10:
              vpiParent: Range
              vpiTypespec RefTypespec:
                vpiParent: Constant
                vpiFullName: PreDecodeStage
                vpiActual: IntTypespec
              vpiConstType: unsigned int (9)
              vpiSize: 64
              vpiDecompile: "1"
              vpiValue: 1
            vpiRightRange Constant start:26:11 end:26:12:
              vpiParent: Range
              vpiTypespec RefTypespec:
                vpiParent: Constant
                vpiFullName: PreDecodeStage
                vpiActual: IntTypespec
              vpiConstType: unsigned int (9)
              vpiSize: 64
              vpiDecompile: "0"
              vpiValue: 0
          vpiElemTypespec RefTypespec:
            vpiParent: ArrayTypespec
            vpiFullName: PreDecodeStage
            vpiActual: ArrayTypespec
        ArrayTypespec:
          vpiParent: Module name:PreDecodeStage
          vpiArrayType: static (1)
          vpiPacked: true
          vpiRange Range start:26:13 end:26:18:
            vpiParent: ArrayTypespec
            vpiLeftRange Constant start:26:14 end:26:15:
              vpiParent: Range
              vpiTypespec RefTypespec:
                vpiParent: Constant
                vpiFullName: PreDecodeStage
                vpiActual: IntTypespec
              vpiConstType: unsigned int (9)
              vpiSize: 64
              vpiDecompile: "1"
              vpiValue: 1
            vpiRightRange Constant start:26:16 end:26:17:
              vpiParent: Range
              vpiTypespec RefTypespec:
                vpiParent: Constant
                vpiFullName: PreDecodeStage
                vpiActual: IntTypespec
              vpiConstType: unsigned int (9)
              vpiSize: 64
              vpiDecompile: "0"
              vpiValue: 0
          vpiElemTypespec RefTypespec name:OpInfo start:26:1 end:26:7:
            vpiParent: ArrayTypespec
            vpiName: OpInfo
            vpiFullName: PreDecodeStage.OpInfo
            vpiActual: TypedefTypespec name:OpInfo
      vpiDefName: PreDecodeStage
      vpiDefNetType: wire (1)
      vpiDefDelayMode: none (1)
      vpiUnconnDrive: highz (1)
      vpiLibrary RefObj name:work start:1:8 end:1:22:
        vpiParent: Module name:PreDecodeStage
        vpiName: work
        vpiFullName: PreDecodeStage.work
        vpiActual: Library name:work
      vpiCell: PreDecodeStage
      vpiContAssign (1 items):
        ContAssign start:28:8 end:28:48:
          vpiParent: Module name:PreDecodeStage
          vpiLhs RefObj name:o start:28:8 end:28:9:
            vpiParent: ContAssign
            vpiName: o
            vpiFullName: PreDecodeStage.o
          vpiRhs RefObj name:microOps[i][1].operand.intOp.aluCode start:28:12 end:28:48:
            vpiParent: ContAssign
            vpiName: microOps[i][1].operand.intOp.aluCode
            vpiFullName: PreDecodeStage.microOps[i][1].operand.intOp.aluCode
            vpiPathElem (4 items):
              BitSelect name:microOps[i][1] start:28:12 end:28:25:
                vpiParent: RefObj name:microOps[i][1].operand.intOp.aluCode
                vpiName: microOps[i][1]
                vpiFullName: PreDecodeStage.microOps[i][1].operand.intOp.aluCode.microOps[i][1]
                vpiPrefix BitSelect name:microOps[i] start:28:12 end:28:22:
                  vpiParent: BitSelect name:microOps[i][1]
                  vpiName: microOps[i]
                  vpiFullName: PreDecodeStage.microOps[i][1].operand.intOp.aluCode.microOps[i][1].microOps[i]
                  vpiPrefix RefObj name:microOps start:28:12 end:28:20:
                    vpiParent: BitSelect name:microOps[i]
                    vpiName: microOps
                    vpiFullName: PreDecodeStage.microOps[i][1].operand.intOp.aluCode.microOps[i][1].microOps
                    vpiActual: Variable name:microOps
                  vpiIndex RefObj name:i start:28:21 end:28:22:
                    vpiParent: BitSelect name:microOps[i]
                    vpiName: i
                    vpiFullName: PreDecodeStage.microOps[i][1].operand.intOp.aluCode.microOps[i][1].i
                vpiIndex Constant start:28:24 end:28:25:
                  vpiParent: BitSelect name:microOps[i][1]
                  vpiTypespec RefTypespec:
                    vpiParent: Constant
                    vpiFullName: PreDecodeStage.microOps[i][1].operand.intOp.aluCode.microOps[i][1]
                    vpiActual: IntTypespec
                  vpiConstType: unsigned int (9)
                  vpiSize: 64
                  vpiDecompile: "1"
                  vpiValue: 1
              RefObj name:operand start:28:27 end:28:34:
                vpiParent: RefObj name:microOps[i][1].operand.intOp.aluCode
                vpiName: operand
                vpiFullName: PreDecodeStage.operand
                vpiActual: TypespecMember name:operand
              RefObj name:intOp start:28:35 end:28:40:
                vpiParent: RefObj name:microOps[i][1].operand.intOp.aluCode
                vpiName: intOp
                vpiFullName: PreDecodeStage.intOp
                vpiActual: TypespecMember name:intOp
              RefObj name:aluCode start:28:41 end:28:48:
                vpiParent: RefObj name:microOps[i][1].operand.intOp.aluCode
                vpiName: aluCode
                vpiFullName: PreDecodeStage.aluCode
                vpiActual: TypespecMember name:aluCode
  vpiTypespec (3 items):
    ModuleTypespec name:PreDecodeStage:
      vpiParent: Design name:unnamed
      vpiName Identifier name:PreDecodeStage start:1:8 end:1:22:
      vpiDefName: PreDecodeStage
      vpiModule: Module name:PreDecodeStage
    IntTypespec:
      vpiParent: Design name:unnamed
      vpiSigned: true
    LogicTypespec:
      vpiParent: Design name:unnamed
  vpiLibrary (1 items):
    Library name:work:
      vpiParent: Design name:unnamed
      vpiName: work
===================
[  FATAL] : 0
[ SYNTAX] : 0
[  ERROR] : 0
[WARNING] : 1
[   NOTE] : 0
********************************************************************************
*                    End HLC SystemVerilog Compiler/Linter                     *
********************************************************************************

#**#**#**#**#**#**#**#**#**#**#**#**#**#**#**#**#**#**#**#**#**#**#**#**#**#**#**#**#**#**#**#**#**#**#**#**#**#**#**#**

Environment:
      test-name: MultiIndexBind/MultiIndexBind
   test-dirpath: ${HLC_DIR}/regression/MultiIndexBind/MultiIndexBind
  hldb-filepath: ${HLC_DIR}/regression/MultiIndexBind/MultiIndexBind/design.hldb
mounts-filepath: ${HLC_DIR}/regression/MultiIndexBind/MultiIndexBind/mounts.json


{'result': {'coverage': 100.0,
            'error_count': 0,
            'file_count': 1,
            'files': {'$Output/lib/work/dut.sv': {'post_len': 0,
                                                  'pre_len': 346}},
            'post_len': 0,
            'pre_len': 346,
            'test_name': 'MultiIndexBind/MultiIndexBind'}}

+-------------------------+----------+-----------+
| INPUT                   |   PRELEN |   POSTLEN |
+=========================+==========+===========+
| $Output/lib/work/dut.sv |      346 |         0 |
+=========================+==========+===========+
|                         |      346 |         0 |
+-------------------------+----------+-----------+

[   ERROR] : 0
[COVERAGE] : 100.0


#**#**#**#**#**#**#**#**#**#**#**#**#**#**#**#**#**#**#**#**#**#**#**#**#**#**#**#**#**#**#**#**#**#**#**#**#**#**#**#**

COMMAND: ${HLC_DIR}/regression/MultiIndexBind/MultiIndexBind/design.hldb ${HLC_DIR}/regression/MultiIndexBind/MultiIndexBind/reduced.hldb

==================== BEGIN REDUCTION RESULT ====================
Name                            Before   After   Added   Removed
----------------------------------------------------------------
----------------------------------------------------------------
Others                              83      83       0         0
----------------------------------------------------------------
                                    83      83       0         0
===================== END REDUCTION RESULT =====================
