********************************************************************************
*                   Begin HLC SystemVerilog Compiler/Linter                    *
********************************************************************************
Copyright (c) 2020 Apotell,
http://www.apache.org/licenses/LICENSE-2.0
VERSION: 1.84
COMMAND: -wd ../../../tests/Verilator +incdir+. -nobuiltin -timescale=1ns/1ns -d ast -d db t_unroll_forfor.v -mt 0 -d dbstats -d cache -writepp -d db -nostdout -o ${HLC_DIR}/regression/Verilator/t_unroll_forfor
[INF:CM5022] Creating log file "$Output/hlc.log".
[INF:PP5223] Preprocessing source file "$Source01/t_unroll_forfor.v".
[INF:PA5502] Parsing source file "$Source01/t_unroll_forfor.v".
AST_DEBUG_BEGIN
Count: 360
LIB: work
FILE<0>:$Source01/t_unroll_forfor.v
n<$Source01/t_unroll_forfor.v> u<359> t<Top_level_rule> c<1> l<9:1> el<36:1>
  n<> u<1> t<Null_rule> p<359> s<2> l<9:1> el<9:1>
  n<// DESCRIPTION: Verilator: Verilog Test module> u<2> t<LINE_COMMENT> p<359> s<3> l<1:1> el<1:47>
  n<//> u<3> t<LINE_COMMENT> p<359> s<4> l<2:1> el<2:3>
  n<// This files is used to generated the following error:> u<4> t<LINE_COMMENT> p<359> s<5> l<3:1> el<3:56>
  n<// %Error: Internal Error: t/t_unroll_forfor.v:27: ../V3Simulate.h:177: No value found for node.> u<5> t<LINE_COMMENT> p<359> s<6> l<4:1> el<4:97>
  n<//> u<6> t<LINE_COMMENT> p<359> s<7> l<5:1> el<5:3>
  n<// This file ONLY is placed into the Public Domain, for any use,> u<7> t<LINE_COMMENT> p<359> s<8> l<6:1> el<6:65>
  n<// without warranty, 2016 by Jan Egil Ruud.> u<8> t<LINE_COMMENT> p<359> s<358> l<7:1> el<7:44>
  n<> u<358> t<Source_text> p<359> c<357> l<9:1> el<35:10>
    n<> u<357> t<Description> p<358> c<356> l<9:1> el<35:10>
      n<> u<356> t<Module_declaration> p<357> c<27> l<9:1> el<35:10>
        n<> u<27> t<Module_nonansi_header> p<356> c<9> s<34> l<9:1> el<12:6>
          n<module> u<9> t<MODULE> p<27> s<10> l<9:1> el<9:7>
          n<t> u<10> t<SIMPLE_IDENTIFIER> p<27> s<11> l<9:8> el<9:9>
          n<> u<11> t<Package_import_declaration_list> p<27> s<12> l<9:10> el<9:10>
          n</*AUTOARG*/> u<12> t<BLOCK_COMMENT> p<27> s<13> l<9:10> el<12:5>
          n<// Inputs> u<13> t<LINE_COMMENT> p<27> s<26> l<10:4> el<10:13>
          n<> u<26> t<Port_list> p<27> c<19> l<9:10> el<12:5>
            n<> u<19> t<Port> p<26> c<18> s<25> l<11:4> el<11:7>
              n<> u<18> t<Port_expression> p<19> c<17> l<11:4> el<11:7>
                n<> u<17> t<Port_reference> p<18> c<14> l<11:4> el<11:7>
                  n<clk> u<14> t<SIMPLE_IDENTIFIER> p<17> s<16> l<11:4> el<11:7>
                  n<> u<16> t<Constant_select> p<17> c<15> l<11:7> el<11:7>
                    n<> u<15> t<Constant_bit_select> p<16> l<11:7> el<11:7>
            n<> u<25> t<Port> p<26> c<24> l<11:9> el<11:11>
              n<> u<24> t<Port_expression> p<25> c<23> l<11:9> el<11:11>
                n<> u<23> t<Port_reference> p<24> c<20> l<11:9> el<11:11>
                  n<in> u<20> t<SIMPLE_IDENTIFIER> p<23> s<22> l<11:9> el<11:11>
                  n<> u<22> t<Constant_select> p<23> c<21> l<12:4> el<12:4>
                    n<> u<21> t<Constant_bit_select> p<22> l<12:4> el<12:4>
        n<> u<34> t<Module_item> p<356> c<33> s<51> l<13:4> el<13:14>
          n<> u<33> t<Port_declaration> p<34> c<32> l<13:4> el<13:13>
            n<> u<32> t<Input_declaration> p<33> c<29> l<13:4> el<13:13>
              n<> u<29> t<Net_port_type> p<32> c<28> s<31> l<13:10> el<13:10>
                n<> u<28> t<Data_type_or_implicit> p<29> l<13:10> el<13:10>
              n<> u<31> t<Port_identifier_list> p<32> c<30> l<13:10> el<13:13>
                n<clk> u<30> t<SIMPLE_IDENTIFIER> p<31> l<13:10> el<13:13>
        n<> u<51> t<Module_item> p<356> c<50> s<74> l<14:4> el<14:20>
          n<> u<50> t<Port_declaration> p<51> c<49> l<14:4> el<14:19>
            n<> u<49> t<Input_declaration> p<50> c<46> l<14:4> el<14:19>
              n<> u<46> t<Net_port_type> p<49> c<45> s<48> l<14:10> el<14:16>
                n<> u<45> t<Data_type_or_implicit> p<46> c<44> l<14:10> el<14:16>
                  n<> u<44> t<Packed_dimension> p<45> c<43> l<14:10> el<14:16>
                    n<> u<43> t<Constant_range> p<44> c<38> l<14:11> el<14:15>
                      n<> u<38> t<Constant_expression> p<43> c<37> s<42> l<14:11> el<14:13>
                        n<> u<37> t<Constant_primary> p<38> c<36> l<14:11> el<14:13>
                          n<> u<36> t<Primary_literal> p<37> c<35> l<14:11> el<14:13>
                            n<71> u<35> t<INTEGRAL_NUMBER> p<36> l<14:11> el<14:13>
                      n<> u<42> t<Constant_expression> p<43> c<41> l<14:14> el<14:15>
                        n<> u<41> t<Constant_primary> p<42> c<40> l<14:14> el<14:15>
                          n<> u<40> t<Primary_literal> p<41> c<39> l<14:14> el<14:15>
                            n<0> u<39> t<INTEGRAL_NUMBER> p<40> l<14:14> el<14:15>
              n<> u<48> t<Port_identifier_list> p<49> c<47> l<14:17> el<14:19>
                n<in> u<47> t<SIMPLE_IDENTIFIER> p<48> l<14:17> el<14:19>
        n<> u<74> t<Module_item> p<356> c<73> s<109> l<16:4> el<16:22>
          n<> u<73> t<Non_port_module_item> p<74> c<72> l<16:4> el<16:22>
            n<> u<72> t<Module_or_generate_item> p<73> c<71> l<16:4> el<16:22>
              n<> u<71> t<Module_common_item> p<72> c<70> l<16:4> el<16:22>
                n<> u<70> t<Module_or_generate_item_declaration> p<71> c<69> l<16:4> el<16:22>
                  n<> u<69> t<Package_or_generate_item_declaration> p<70> c<68> l<16:4> el<16:22>
                    n<> u<68> t<Data_declaration> p<69> c<67> l<16:4> el<16:22>
                      n<> u<67> t<Variable_declaration> p<68> c<63> l<16:4> el<16:22>
                        n<> u<63> t<Data_type> p<67> c<52> s<66> l<16:4> el<16:14>
                          n<> u<52> t<REG> p<63> s<62> l<16:4> el<16:7>
                          n<> u<62> t<Packed_dimension> p<63> c<61> l<16:8> el<16:14>
                            n<> u<61> t<Constant_range> p<62> c<56> l<16:9> el<16:13>
                              n<> u<56> t<Constant_expression> p<61> c<55> s<60> l<16:9> el<16:11>
                                n<> u<55> t<Constant_primary> p<56> c<54> l<16:9> el<16:11>
                                  n<> u<54> t<Primary_literal> p<55> c<53> l<16:9> el<16:11>
                                    n<71> u<53> t<INTEGRAL_NUMBER> p<54> l<16:9> el<16:11>
                              n<> u<60> t<Constant_expression> p<61> c<59> l<16:12> el<16:13>
                                n<> u<59> t<Constant_primary> p<60> c<58> l<16:12> el<16:13>
                                  n<> u<58> t<Primary_literal> p<59> c<57> l<16:12> el<16:13>
                                    n<0> u<57> t<INTEGRAL_NUMBER> p<58> l<16:12> el<16:13>
                        n<> u<66> t<Variable_decl_assignment_list> p<67> c<65> l<16:15> el<16:21>
                          n<> u<65> t<Variable_decl_assignment> p<66> c<64> l<16:15> el<16:21>
                            n<in_tmp> u<64> t<SIMPLE_IDENTIFIER> p<65> l<16:15> el<16:21>
        n<> u<109> t<Module_item> p<356> c<108> s<110> l<18:4> el<18:46>
          n<> u<108> t<Non_port_module_item> p<109> c<107> l<18:4> el<18:46>
            n<> u<107> t<Module_or_generate_item> p<108> c<106> l<18:4> el<18:46>
              n<> u<106> t<Module_common_item> p<107> c<105> l<18:4> el<18:46>
                n<> u<105> t<Module_or_generate_item_declaration> p<106> c<104> l<18:4> el<18:46>
                  n<> u<104> t<Package_or_generate_item_declaration> p<105> c<103> l<18:4> el<18:46>
                    n<> u<103> t<Local_parameter_declaration> p<104> c<85> l<18:4> el<18:45>
                      n<> u<85> t<Data_type_or_implicit> p<103> c<84> s<102> l<18:15> el<18:21>
                        n<> u<84> t<Packed_dimension> p<85> c<83> l<18:15> el<18:21>
                          n<> u<83> t<Constant_range> p<84> c<78> l<18:16> el<18:20>
                            n<> u<78> t<Constant_expression> p<83> c<77> s<82> l<18:16> el<18:18>
                              n<> u<77> t<Constant_primary> p<78> c<76> l<18:16> el<18:18>
                                n<> u<76> t<Primary_literal> p<77> c<75> l<18:16> el<18:18>
                                  n<71> u<75> t<INTEGRAL_NUMBER> p<76> l<18:16> el<18:18>
                            n<> u<82> t<Constant_expression> p<83> c<81> l<18:19> el<18:20>
                              n<> u<81> t<Constant_primary> p<82> c<80> l<18:19> el<18:20>
                                n<> u<80> t<Primary_literal> p<81> c<79> l<18:19> el<18:20>
                                  n<0> u<79> t<INTEGRAL_NUMBER> p<80> l<18:19> el<18:20>
                      n<> u<102> t<Param_assignment_list> p<103> c<101> l<18:22> el<18:45>
                        n<> u<101> t<Param_assignment> p<102> c<86> l<18:22> el<18:45>
                          n<TEST_PARAM> u<86> t<SIMPLE_IDENTIFIER> p<101> s<100> l<18:22> el<18:32>
                          n<> u<100> t<Constant_param_expression> p<101> c<99> l<18:35> el<18:45>
                            n<> u<99> t<Constant_mintypmax_expression> p<100> c<98> l<18:35> el<18:45>
                              n<> u<98> t<Constant_expression> p<99> c<97> l<18:35> el<18:45>
                                n<> u<97> t<Constant_primary> p<98> c<96> l<18:35> el<18:45>
                                  n<> u<96> t<Constant_multiple_concatenation> p<97> c<90> l<18:35> el<18:45>
                                    n<> u<90> t<Constant_expression> p<96> c<89> s<95> l<18:36> el<18:38>
                                      n<> u<89> t<Constant_primary> p<90> c<88> l<18:36> el<18:38>
                                        n<> u<88> t<Primary_literal> p<89> c<87> l<18:36> el<18:38>
                                          n<72> u<87> t<INTEGRAL_NUMBER> p<88> l<18:36> el<18:38>
                                    n<> u<95> t<Constant_concatenation> p<96> c<94> l<18:38> el<18:44>
                                      n<> u<94> t<Constant_expression> p<95> c<93> l<18:39> el<18:43>
                                        n<> u<93> t<Constant_primary> p<94> c<92> l<18:39> el<18:43>
                                          n<> u<92> t<Primary_literal> p<93> c<91> l<18:39> el<18:43>
                                            n<> u<91> t<ONE_TICK_b0> p<92> l<18:39> el<18:43>
        n<// Test loop> u<110> t<LINE_COMMENT> p<356> s<354> l<20:4> el<20:16>
        n<> u<354> t<Module_item> p<356> c<353> s<355> l<21:4> el<34:9>
          n<> u<353> t<Non_port_module_item> p<354> c<352> l<21:4> el<34:9>
            n<> u<352> t<Module_or_generate_item> p<353> c<351> l<21:4> el<34:9>
              n<> u<351> t<Module_common_item> p<352> c<350> l<21:4> el<34:9>
                n<> u<350> t<Always_construct> p<351> c<111> l<21:4> el<34:9>
                  n<> u<111> t<ALWAYS> p<350> s<349> l<21:4> el<21:10>
                  n<> u<349> t<Statement> p<350> c<348> l<21:11> el<34:9>
                    n<> u<348> t<Statement_item> p<349> c<347> l<21:11> el<34:9>
                      n<> u<347> t<Procedural_timing_control_statement> p<348> c<114> l<21:11> el<34:9>
                        n<> u<114> t<Procedural_timing_control> p<347> c<113> s<346> l<21:11> el<21:13>
                          n<> u<113> t<Event_control> p<114> c<112> l<21:11> el<21:13>
                            n<> u<112> t<ATSTAR> p<113> l<21:11> el<21:13>
                        n<> u<346> t<Statement_or_null> p<347> c<345> l<22:6> el<34:9>
                          n<> u<345> t<Statement> p<346> c<344> l<22:6> el<34:9>
                            n<> u<344> t<Statement_item> p<345> c<343> l<22:6> el<34:9>
                              n<> u<343> t<Seq_block> p<344> c<115> l<22:6> el<34:9>
                                n<testmap> u<115> t<SIMPLE_IDENTIFIER> p<343> s<126> l<22:13> el<22:20>
                                n<> u<126> t<Block_item_declaration> p<343> c<125> s<127> l<23:2> el<23:12>
                                  n<> u<125> t<Data_declaration> p<126> c<124> l<23:2> el<23:12>
                                    n<> u<124> t<Variable_declaration> p<125> c<118> l<23:2> el<23:12>
                                      n<> u<118> t<Data_type> p<124> c<117> s<123> l<23:2> el<23:6>
                                        n<> u<117> t<Class_type> p<118> c<116> l<23:2> el<23:6>
                                          n<byte> u<116> t<SIMPLE_IDENTIFIER> p<117> l<23:2> el<23:6>
                                      n<> u<123> t<Variable_decl_assignment_list> p<124> c<120> l<23:7> el<23:11>
                                        n<> u<120> t<Variable_decl_assignment> p<123> c<119> s<122> l<23:7> el<23:8>
                                          n<i> u<119> t<SIMPLE_IDENTIFIER> p<120> l<23:7> el<23:8>
                                        n<> u<122> t<Variable_decl_assignment> p<123> c<121> l<23:10> el<23:11>
                                          n<j> u<121> t<SIMPLE_IDENTIFIER> p<122> l<23:10> el<23:11>
                                n<// bug1044> u<127> t<LINE_COMMENT> p<343> s<318> l<24:2> el<24:12>
                                n<> u<318> t<Statement_or_null> p<343> c<317> s<332> l<25:2> el<31:16>
                                  n<> u<317> t<Statement> p<318> c<316> l<25:2> el<31:16>
                                    n<> u<316> t<Statement_item> p<317> c<315> l<25:2> el<31:16>
                                      n<> u<315> t<Loop_statement> p<316> c<314> l<25:2> el<31:16>
                                        n<> u<314> t<FOR> p<315> s<139> l<25:2> el<25:5>
                                        n<> u<139> t<For_initialization> p<315> c<138> s<149> l<25:8> el<25:13>
                                          n<> u<138> t<Variable_assignment_list> p<139> c<137> l<25:8> el<25:13>
                                            n<> u<137> t<Variable_assignment> p<138> c<132> l<25:8> el<25:13>
                                              n<> u<132> t<Variable_lvalue> p<137> c<129> s<136> l<25:8> el<25:9>
                                                n<> u<129> t<Ps_or_hierarchical_identifier> p<132> c<128> s<131> l<25:8> el<25:9>
                                                  n<i> u<128> t<SIMPLE_IDENTIFIER> p<129> l<25:8> el<25:9>
                                                n<> u<131> t<Select> p<132> c<130> l<25:10> el<25:10>
                                                  n<> u<130> t<Bit_select> p<131> l<25:10> el<25:10>
                                              n<> u<136> t<Expression> p<137> c<135> l<25:12> el<25:13>
                                                n<> u<135> t<Primary> p<136> c<134> l<25:12> el<25:13>
                                                  n<> u<134> t<Primary_literal> p<135> c<133> l<25:12> el<25:13>
                                                    n<0> u<133> t<INTEGRAL_NUMBER> p<134> l<25:12> el<25:13>
                                        n<> u<149> t<Expression> p<315> c<143> s<167> l<25:15> el<25:20>
                                          n<> u<143> t<Expression> p<149> c<142> s<148> l<25:15> el<25:16>
                                            n<> u<142> t<Primary> p<143> c<141> l<25:15> el<25:16>
                                              n<> u<141> t<Primary_literal> p<142> c<140> l<25:15> el<25:16>
                                                n<i> u<140> t<SIMPLE_IDENTIFIER> p<141> l<25:15> el<25:16>
                                          n<> u<148> t<LESS> p<149> s<147> l<25:17> el<25:18>
                                          n<> u<147> t<Expression> p<149> c<146> l<25:19> el<25:20>
                                            n<> u<146> t<Primary> p<147> c<145> l<25:19> el<25:20>
                                              n<> u<145> t<Primary_literal> p<146> c<144> l<25:19> el<25:20>
                                                n<9> u<144> t<INTEGRAL_NUMBER> p<145> l<25:19> el<25:20>
                                        n<> u<167> t<For_step> p<315> c<166> s<313> l<25:22> el<25:31>
                                          n<> u<166> t<For_step_assignment> p<167> c<165> l<25:22> el<25:31>
                                            n<> u<165> t<Variable_assignment> p<166> c<154> l<25:22> el<25:31>
                                              n<> u<154> t<Variable_lvalue> p<165> c<151> s<164> l<25:22> el<25:23>
                                                n<> u<151> t<Ps_or_hierarchical_identifier> p<154> c<150> s<153> l<25:22> el<25:23>
                                                  n<i> u<150> t<SIMPLE_IDENTIFIER> p<151> l<25:22> el<25:23>
                                                n<> u<153> t<Select> p<154> c<152> l<25:24> el<25:24>
                                                  n<> u<152> t<Bit_select> p<153> l<25:24> el<25:24>
                                              n<> u<164> t<Expression> p<165> c<158> l<25:26> el<25:31>
                                                n<> u<158> t<Expression> p<164> c<157> s<163> l<25:26> el<25:27>
                                                  n<> u<157> t<Primary> p<158> c<156> l<25:26> el<25:27>
                                                    n<> u<156> t<Primary_literal> p<157> c<155> l<25:26> el<25:27>
                                                      n<i> u<155> t<SIMPLE_IDENTIFIER> p<156> l<25:26> el<25:27>
                                                n<> u<163> t<BinaryOp_Plus> p<164> s<162> l<25:28> el<25:29>
                                                n<> u<162> t<Expression> p<164> c<161> l<25:30> el<25:31>
                                                  n<> u<161> t<Primary> p<162> c<160> l<25:30> el<25:31>
                                                    n<> u<160> t<Primary_literal> p<161> c<159> l<25:30> el<25:31>
                                                      n<1> u<159> t<INTEGRAL_NUMBER> p<160> l<25:30> el<25:31>
                                        n<> u<313> t<Statement_or_null> p<315> c<312> l<26:11> el<31:16>
                                          n<> u<312> t<Statement> p<313> c<311> l<26:11> el<31:16>
                                            n<> u<311> t<Statement_item> p<312> c<310> l<26:11> el<31:16>
                                              n<> u<310> t<Loop_statement> p<311> c<309> l<26:11> el<31:16>
                                                n<> u<309> t<FOR> p<310> s<179> l<26:11> el<26:14>
                                                n<> u<179> t<For_initialization> p<310> c<178> s<209> l<26:17> el<26:20>
                                                  n<> u<178> t<Variable_assignment_list> p<179> c<177> l<26:17> el<26:20>
                                                    n<> u<177> t<Variable_assignment> p<178> c<172> l<26:17> el<26:20>
                                                      n<> u<172> t<Variable_lvalue> p<177> c<169> s<176> l<26:17> el<26:18>
                                                        n<> u<169> t<Ps_or_hierarchical_identifier> p<172> c<168> s<171> l<26:17> el<26:18>
                                                          n<j> u<168> t<SIMPLE_IDENTIFIER> p<169> l<26:17> el<26:18>
                                                        n<> u<171> t<Select> p<172> c<170> l<26:18> el<26:18>
                                                          n<> u<170> t<Bit_select> p<171> l<26:18> el<26:18>
                                                      n<> u<176> t<Expression> p<177> c<175> l<26:19> el<26:20>
                                                        n<> u<175> t<Primary> p<176> c<174> l<26:19> el<26:20>
                                                          n<> u<174> t<Primary_literal> p<175> c<173> l<26:19> el<26:20>
                                                            n<0> u<173> t<INTEGRAL_NUMBER> p<174> l<26:19> el<26:20>
                                                n<> u<209> t<Expression> p<310> c<183> s<227> l<26:22> el<26:44>
                                                  n<> u<183> t<Expression> p<209> c<182> s<208> l<26:22> el<26:23>
                                                    n<> u<182> t<Primary> p<183> c<181> l<26:22> el<26:23>
                                                      n<> u<181> t<Primary_literal> p<182> c<180> l<26:22> el<26:23>
                                                        n<j> u<180> t<SIMPLE_IDENTIFIER> p<181> l<26:22> el<26:23>
                                                  n<> u<208> t<LESS> p<209> s<207> l<26:23> el<26:24>
                                                  n<> u<207> t<Expression> p<209> c<206> l<26:24> el<26:44>
                                                    n<> u<206> t<Expression> p<207> c<205> l<26:25> el<26:43>
                                                      n<> u<205> t<Primary> p<206> c<204> l<26:25> el<26:43>
                                                        n<> u<204> t<Subroutine_call> p<205> c<184> l<26:25> el<26:43>
                                                          n<TEST_PARAM> u<184> t<SIMPLE_IDENTIFIER> p<204> s<203> l<26:25> el<26:35>
                                                          n<> u<203> t<Select> p<204> c<185> l<26:35> el<26:43>
                                                            n<> u<185> t<Bit_select> p<203> s<202> l<26:35> el<26:35>
                                                            n<> u<202> t<Part_select_range> p<203> c<201> l<26:36> el<26:42>
                                                              n<> u<201> t<Indexed_range> p<202> c<195> l<26:36> el<26:42>
                                                                n<> u<195> t<Expression> p<201> c<189> s<196> l<26:36> el<26:39>
                                                                  n<> u<189> t<Expression> p<195> c<188> s<194> l<26:36> el<26:37>
                                                                    n<> u<188> t<Primary> p<189> c<187> l<26:36> el<26:37>
                                                                      n<> u<187> t<Primary_literal> p<188> c<186> l<26:36> el<26:37>
                                                                        n<i> u<186> t<SIMPLE_IDENTIFIER> p<187> l<26:36> el<26:37>
                                                                  n<> u<194> t<BinaryOp_Mult> p<195> s<193> l<26:37> el<26:38>
                                                                  n<> u<193> t<Expression> p<195> c<192> l<26:38> el<26:39>
                                                                    n<> u<192> t<Primary> p<193> c<191> l<26:38> el<26:39>
                                                                      n<> u<191> t<Primary_literal> p<192> c<190> l<26:38> el<26:39>
                                                                        n<8> u<190> t<INTEGRAL_NUMBER> p<191> l<26:38> el<26:39>
                                                                n<> u<196> t<INC_PART_SELECT_OP> p<201> s<200> l<26:39> el<26:41>
                                                                n<> u<200> t<Constant_expression> p<201> c<199> l<26:41> el<26:42>
                                                                  n<> u<199> t<Constant_primary> p<200> c<198> l<26:41> el<26:42>
                                                                    n<> u<198> t<Primary_literal> p<199> c<197> l<26:41> el<26:42>
                                                                      n<8> u<197> t<INTEGRAL_NUMBER> p<198> l<26:41> el<26:42>
                                                n<> u<227> t<For_step> p<310> c<226> s<308> l<26:46> el<26:51>
                                                  n<> u<226> t<For_step_assignment> p<227> c<225> l<26:46> el<26:51>
                                                    n<> u<225> t<Variable_assignment> p<226> c<214> l<26:46> el<26:51>
                                                      n<> u<214> t<Variable_lvalue> p<225> c<211> s<224> l<26:46> el<26:47>
                                                        n<> u<211> t<Ps_or_hierarchical_identifier> p<214> c<210> s<213> l<26:46> el<26:47>
                                                          n<j> u<210> t<SIMPLE_IDENTIFIER> p<211> l<26:46> el<26:47>
                                                        n<> u<213> t<Select> p<214> c<212> l<26:47> el<26:47>
                                                          n<> u<212> t<Bit_select> p<213> l<26:47> el<26:47>
                                                      n<> u<224> t<Expression> p<225> c<218> l<26:48> el<26:51>
                                                        n<> u<218> t<Expression> p<224> c<217> s<223> l<26:48> el<26:49>
                                                          n<> u<217> t<Primary> p<218> c<216> l<26:48> el<26:49>
                                                            n<> u<216> t<Primary_literal> p<217> c<215> l<26:48> el<26:49>
                                                              n<j> u<215> t<SIMPLE_IDENTIFIER> p<216> l<26:48> el<26:49>
                                                        n<> u<223> t<BinaryOp_Plus> p<224> s<222> l<26:49> el<26:50>
                                                        n<> u<222> t<Expression> p<224> c<221> l<26:50> el<26:51>
                                                          n<> u<221> t<Primary> p<222> c<220> l<26:50> el<26:51>
                                                            n<> u<220> t<Primary_literal> p<221> c<219> l<26:50> el<26:51>
                                                              n<1> u<219> t<INTEGRAL_NUMBER> p<220> l<26:50> el<26:51>
                                                n<> u<308> t<Statement_or_null> p<310> c<307> l<27:13> el<31:16>
                                                  n<> u<307> t<Statement> p<308> c<306> l<27:13> el<31:16>
                                                    n<> u<306> t<Statement_item> p<307> c<228> l<27:13> el<31:16>
                                                      n<// verilator lint_off WIDTH> u<228> t<LINE_COMMENT> p<306> s<305> l<28:9> el<28:36>
                                                      n<> u<305> t<Seq_block> p<306> c<302> l<27:13> el<31:16>
                                                        n<> u<302> t<Statement_or_null> p<305> c<301> s<303> l<29:16> el<29:72>
                                                          n<> u<301> t<Statement> p<302> c<300> l<29:16> el<29:72>
                                                            n<> u<300> t<Statement_item> p<301> c<299> l<29:16> el<29:72>
                                                              n<> u<299> t<Blocking_assignment> p<300> c<298> l<29:16> el<29:71>
                                                                n<> u<298> t<Variable_assignment> p<299> c<262> l<29:16> el<29:71>
                                                                  n<> u<262> t<Variable_lvalue> p<298> c<230> s<297> l<29:16> el<29:44>
                                                                    n<> u<230> t<Ps_or_hierarchical_identifier> p<262> c<229> s<261> l<29:16> el<29:22>
                                                                      n<in_tmp> u<229> t<SIMPLE_IDENTIFIER> p<230> l<29:16> el<29:22>
                                                                    n<> u<261> t<Select> p<262> c<260> l<29:22> el<29:44>
                                                                      n<> u<260> t<Bit_select> p<261> c<259> l<29:22> el<29:44>
                                                                        n<> u<259> t<Expression> p<260> c<253> l<29:23> el<29:43>
                                                                          n<> u<253> t<Expression> p<259> c<252> s<258> l<29:23> el<29:41>
                                                                            n<> u<252> t<Primary> p<253> c<251> l<29:23> el<29:41>
                                                                              n<> u<251> t<Subroutine_call> p<252> c<231> l<29:23> el<29:41>
                                                                                n<TEST_PARAM> u<231> t<SIMPLE_IDENTIFIER> p<251> s<250> l<29:23> el<29:33>
                                                                                n<> u<250> t<Select> p<251> c<232> l<29:33> el<29:41>
                                                                                  n<> u<232> t<Bit_select> p<250> s<249> l<29:33> el<29:33>
                                                                                  n<> u<249> t<Part_select_range> p<250> c<248> l<29:34> el<29:40>
                                                                                    n<> u<248> t<Indexed_range> p<249> c<242> l<29:34> el<29:40>
                                                                                      n<> u<242> t<Expression> p<248> c<236> s<243> l<29:34> el<29:37>
                                                                                        n<> u<236> t<Expression> p<242> c<235> s<241> l<29:34> el<29:35>
                                                                                          n<> u<235> t<Primary> p<236> c<234> l<29:34> el<29:35>
                                                                                            n<> u<234> t<Primary_literal> p<235> c<233> l<29:34> el<29:35>
                                                                                              n<i> u<233> t<SIMPLE_IDENTIFIER> p<234> l<29:34> el<29:35>
                                                                                        n<> u<241> t<BinaryOp_Mult> p<242> s<240> l<29:35> el<29:36>
                                                                                        n<> u<240> t<Expression> p<242> c<239> l<29:36> el<29:37>
                                                                                          n<> u<239> t<Primary> p<240> c<238> l<29:36> el<29:37>
                                                                                            n<> u<238> t<Primary_literal> p<239> c<237> l<29:36> el<29:37>
                                                                                              n<8> u<237> t<INTEGRAL_NUMBER> p<238> l<29:36> el<29:37>
                                                                                      n<> u<243> t<INC_PART_SELECT_OP> p<248> s<247> l<29:37> el<29:39>
                                                                                      n<> u<247> t<Constant_expression> p<248> c<246> l<29:39> el<29:40>
                                                                                        n<> u<246> t<Constant_primary> p<247> c<245> l<29:39> el<29:40>
                                                                                          n<> u<245> t<Primary_literal> p<246> c<244> l<29:39> el<29:40>
                                                                                            n<8> u<244> t<INTEGRAL_NUMBER> p<245> l<29:39> el<29:40>
                                                                          n<> u<258> t<BinaryOp_Plus> p<259> s<257> l<29:41> el<29:42>
                                                                          n<> u<257> t<Expression> p<259> c<256> l<29:42> el<29:43>
                                                                            n<> u<256> t<Primary> p<257> c<255> l<29:42> el<29:43>
                                                                              n<> u<255> t<Primary_literal> p<256> c<254> l<29:42> el<29:43>
                                                                                n<j> u<254> t<SIMPLE_IDENTIFIER> p<255> l<29:42> el<29:43>
                                                                  n<> u<297> t<Expression> p<298> c<296> l<29:47> el<29:71>
                                                                    n<> u<296> t<Primary> p<297> c<295> l<29:47> el<29:71>
                                                                      n<> u<295> t<Subroutine_call> p<296> c<263> l<29:47> el<29:71>
                                                                        n<in> u<263> t<SIMPLE_IDENTIFIER> p<295> s<294> l<29:47> el<29:49>
                                                                        n<> u<294> t<Select> p<295> c<293> l<29:49> el<29:71>
                                                                          n<> u<293> t<Bit_select> p<294> c<292> l<29:49> el<29:71>
                                                                            n<> u<292> t<Expression> p<293> c<286> l<29:50> el<29:70>
                                                                              n<> u<286> t<Expression> p<292> c<285> s<291> l<29:50> el<29:68>
                                                                                n<> u<285> t<Primary> p<286> c<284> l<29:50> el<29:68>
                                                                                  n<> u<284> t<Subroutine_call> p<285> c<264> l<29:50> el<29:68>
                                                                                    n<TEST_PARAM> u<264> t<SIMPLE_IDENTIFIER> p<284> s<283> l<29:50> el<29:60>
                                                                                    n<> u<283> t<Select> p<284> c<265> l<29:60> el<29:68>
                                                                                      n<> u<265> t<Bit_select> p<283> s<282> l<29:60> el<29:60>
                                                                                      n<> u<282> t<Part_select_range> p<283> c<281> l<29:61> el<29:67>
                                                                                        n<> u<281> t<Indexed_range> p<282> c<275> l<29:61> el<29:67>
                                                                                          n<> u<275> t<Expression> p<281> c<269> s<276> l<29:61> el<29:64>
                                                                                            n<> u<269> t<Expression> p<275> c<268> s<274> l<29:61> el<29:62>
                                                                                              n<> u<268> t<Primary> p<269> c<267> l<29:61> el<29:62>
                                                                                                n<> u<267> t<Primary_literal> p<268> c<266> l<29:61> el<29:62>
                                                                                                  n<i> u<266> t<SIMPLE_IDENTIFIER> p<267> l<29:61> el<29:62>
                                                                                            n<> u<274> t<BinaryOp_Mult> p<275> s<273> l<29:62> el<29:63>
                                                                                            n<> u<273> t<Expression> p<275> c<272> l<29:63> el<29:64>
                                                                                              n<> u<272> t<Primary> p<273> c<271> l<29:63> el<29:64>
                                                                                                n<> u<271> t<Primary_literal> p<272> c<270> l<29:63> el<29:64>
                                                                                                  n<8> u<270> t<INTEGRAL_NUMBER> p<271> l<29:63> el<29:64>
                                                                                          n<> u<276> t<INC_PART_SELECT_OP> p<281> s<280> l<29:64> el<29:66>
                                                                                          n<> u<280> t<Constant_expression> p<281> c<279> l<29:66> el<29:67>
                                                                                            n<> u<279> t<Constant_primary> p<280> c<278> l<29:66> el<29:67>
                                                                                              n<> u<278> t<Primary_literal> p<279> c<277> l<29:66> el<29:67>
                                                                                                n<8> u<277> t<INTEGRAL_NUMBER> p<278> l<29:66> el<29:67>
                                                                              n<> u<291> t<BinaryOp_Plus> p<292> s<290> l<29:68> el<29:69>
                                                                              n<> u<290> t<Expression> p<292> c<289> l<29:69> el<29:70>
                                                                                n<> u<289> t<Primary> p<290> c<288> l<29:69> el<29:70>
                                                                                  n<> u<288> t<Primary_literal> p<289> c<287> l<29:69> el<29:70>
                                                                                    n<j> u<287> t<SIMPLE_IDENTIFIER> p<288> l<29:69> el<29:70>
                                                        n<// verilator lint_on WIDTH> u<303> t<LINE_COMMENT> p<305> s<304> l<30:9> el<30:35>
                                                        n<> u<304> t<END> p<305> l<31:13> el<31:16>
                                n<> u<332> t<Statement_or_null> p<343> c<331> s<341> l<32:2> el<32:35>
                                  n<> u<331> t<Statement> p<332> c<330> l<32:2> el<32:35>
                                    n<> u<330> t<Statement_item> p<331> c<329> l<32:2> el<32:35>
                                      n<> u<329> t<Subroutine_call_statement> p<330> c<328> l<32:2> el<32:35>
                                        n<> u<328> t<Subroutine_call> p<329> c<319> l<32:2> el<32:34>
                                          n<$> u<319> t<DOLLAR> p<328> s<320> l<32:2> el<32:3>
                                          n<write> u<320> t<SIMPLE_IDENTIFIER> p<328> s<326> l<32:3> el<32:8>
                                          n<> u<326> t<OPEN_PARENS> p<328> s<325> l<32:8> el<32:9>
                                          n<> u<325> t<Argument_list> p<328> c<324> s<327> l<32:9> el<32:33>
                                            n<> u<324> t<Expression> p<325> c<323> l<32:9> el<32:33>
                                              n<> u<323> t<Primary> p<324> c<322> l<32:9> el<32:33>
                                                n<> u<322> t<Primary_literal> p<323> c<321> l<32:9> el<32:33>
                                                  n<"*-* All Finished *-*\n"> u<321> t<QUOTED_STRING> p<322> l<32:9> el<32:33>
                                          n<> u<327> t<CLOSE_PARENS> p<328> l<32:33> el<32:34>
                                n<> u<341> t<Statement_or_null> p<343> c<340> s<342> l<33:2> el<33:10>
                                  n<> u<340> t<Statement> p<341> c<339> l<33:2> el<33:10>
                                    n<> u<339> t<Statement_item> p<340> c<338> l<33:2> el<33:10>
                                      n<> u<338> t<Subroutine_call_statement> p<339> c<337> l<33:2> el<33:10>
                                        n<> u<337> t<Subroutine_call> p<338> c<333> l<33:2> el<33:9>
                                          n<$> u<333> t<DOLLAR> p<337> s<334> l<33:2> el<33:3>
                                          n<finish> u<334> t<SIMPLE_IDENTIFIER> p<337> s<336> l<33:3> el<33:9>
                                          n<> u<336> t<Select> p<337> c<335> l<33:9> el<33:9>
                                            n<> u<335> t<Bit_select> p<336> l<33:9> el<33:9>
                                n<> u<342> t<END> p<343> l<34:6> el<34:9>
        n<> u<355> t<ENDMODULE> p<356> l<35:1> el<35:10>
AST_DEBUG_END
[INF:CP5804] $Source01/t_unroll_forfor.v:9:1: Compile module "t".
[WRN:CP5851] $Source01/t_unroll_forfor.v:23:2: Failed to bind "byte".
[WRN:CP5851] $Source01/t_unroll_forfor.v:23:2: Failed to bind "byte".
[INF:CM5028] Using global timescale: "1ns/1ns".
====== HLDB =======
Design name:unnamed:
  vpiName: unnamed
  vpiSourceFile (1 items):
    SourceFile name:t_unroll_forfor.v file:$Source01/t_unroll_forfor.v:
      vpiParent: Design name:unnamed
      vpiName: t_unroll_forfor.v
      vpiPreprocFile: "$Output/lib/work/t_unroll_forfor.v"
  vpiAllModules (1 items):
    Module name:t file:$Source01/t_unroll_forfor.v start:9:1 end:35:10:
      vpiParent: Design name:unnamed
      vpiName Identifier name:t start:9:8 end:9:9:
      vpiFullName: t
      vpiVariable (1 items):
        Variable name:in_tmp start:16:15 end:16:21:
          vpiParent: Module name:t
          vpiTypespec RefTypespec start:16:4 end:16:14:
            vpiParent: Variable name:in_tmp
            vpiFullName: t.in_tmp
            vpiActual: LogicTypespec
          vpiName: in_tmp
          vpiFullName: t.in_tmp
      vpiParameter (1 items):
        Parameter name:TEST_PARAM start:18:22 end:18:32:
          vpiParent: Module name:t
          vpiTypespec RefTypespec start:18:15 end:18:21:
            vpiParent: Parameter name:TEST_PARAM
            vpiFullName: t.TEST_PARAM
            vpiActual: LogicTypespec
          vpiName: TEST_PARAM
          vpiFullName: t.TEST_PARAM
          vpiLocalParam: true
      vpiParamAssign (1 items):
        ParamAssign start:18:22 end:18:45:
          vpiParent: Module name:t
          vpiLhs RefObj name:TEST_PARAM start:18:22 end:18:32:
            vpiParent: ParamAssign
            vpiName: TEST_PARAM
            vpiFullName: t.TEST_PARAM
            vpiActual: Parameter name:TEST_PARAM
          vpiRhs Operation start:18:35 end:18:45:
            vpiParent: ParamAssign
            vpiOpType: multi-concatenation (34)
            vpiOperand (2 items):
              Constant start:18:36 end:18:38:
                vpiParent: Operation
                vpiTypespec RefTypespec:
                  vpiParent: Constant
                  vpiFullName: t
                  vpiActual: IntTypespec
                vpiConstType: unsigned int (9)
                vpiSize: 64
                vpiDecompile: "72"
                vpiValue: 72
              Operation start:18:38 end:18:44:
                vpiParent: Operation
                vpiOpType: concatenation (33)
                vpiOperand (1 items):
                  Constant start:18:39 end:18:43:
                    vpiParent: Operation
                    vpiTypespec RefTypespec:
                      vpiParent: Constant
                      vpiFullName: t
                      vpiActual: BitTypespec
                    vpiConstType: binary (3)
                    vpiSize: 1
                    vpiDecompile: "1'b0"
                    vpiValue: "0"
      vpiTypespec (5 items):
        LogicTypespec:
          vpiParent: Module name:t
        LogicTypespec:
          vpiParent: Module name:t
          vpiRange (1 items):
            Range start:14:10 end:14:16:
              vpiParent: LogicTypespec
              vpiLeftRange Constant start:14:11 end:14:13:
                vpiParent: Range
                vpiTypespec RefTypespec:
                  vpiParent: Constant
                  vpiFullName: t
                  vpiActual: IntTypespec
                vpiConstType: unsigned int (9)
                vpiSize: 64
                vpiDecompile: "71"
                vpiValue: 71
              vpiRightRange Constant start:14:14 end:14:15:
                vpiParent: Range
                vpiTypespec RefTypespec:
                  vpiParent: Constant
                  vpiFullName: t
                  vpiActual: IntTypespec
                vpiConstType: unsigned int (9)
                vpiSize: 64
                vpiDecompile: "0"
                vpiValue: 0
          vpiVector: true
        LogicTypespec:
          vpiParent: Module name:t
          vpiRange (1 items):
            Range start:16:8 end:16:14:
              vpiParent: LogicTypespec
              vpiLeftRange Constant start:16:9 end:16:11:
                vpiParent: Range
                vpiTypespec RefTypespec:
                  vpiParent: Constant
                  vpiFullName: t
                  vpiActual: IntTypespec
                vpiConstType: unsigned int (9)
                vpiSize: 64
                vpiDecompile: "71"
                vpiValue: 71
              vpiRightRange Constant start:16:12 end:16:13:
                vpiParent: Range
                vpiTypespec RefTypespec:
                  vpiParent: Constant
                  vpiFullName: t
                  vpiActual: IntTypespec
                vpiConstType: unsigned int (9)
                vpiSize: 64
                vpiDecompile: "0"
                vpiValue: 0
          vpiVector: true
        BitTypespec:
          vpiParent: Module name:t
        LogicTypespec:
          vpiParent: Module name:t
          vpiRange (1 items):
            Range start:18:15 end:18:21:
              vpiParent: LogicTypespec
              vpiLeftRange Constant start:18:16 end:18:18:
                vpiParent: Range
                vpiTypespec RefTypespec:
                  vpiParent: Constant
                  vpiFullName: t
                  vpiActual: IntTypespec
                vpiConstType: unsigned int (9)
                vpiSize: 64
                vpiDecompile: "71"
                vpiValue: 71
              vpiRightRange Constant start:18:19 end:18:20:
                vpiParent: Range
                vpiTypespec RefTypespec:
                  vpiParent: Constant
                  vpiFullName: t
                  vpiActual: IntTypespec
                vpiConstType: unsigned int (9)
                vpiSize: 64
                vpiDecompile: "0"
                vpiValue: 0
          vpiVector: true
      vpiDefName: t
      vpiDefNetType: wire (1)
      vpiLibrary RefObj name:work start:9:8 end:9:9:
        vpiParent: Module name:t
        vpiName: work
        vpiFullName: t.work
        vpiActual: Library name:work
      vpiCell: t
      vpiNet (2 items):
        Net name:clk start:13:10 end:13:13:
          vpiParent: Module name:t
          vpiTypespec RefTypespec:
            vpiParent: Net name:clk
            vpiFullName: t.clk
            vpiActual: LogicTypespec
          vpiName: clk
          vpiFullName: t.clk
          vpiNetType: wire (1)
        Net name:in start:14:17 end:14:19:
          vpiParent: Module name:t
          vpiTypespec RefTypespec start:14:10 end:14:16:
            vpiParent: Net name:in
            vpiFullName: t.in
            vpiActual: LogicTypespec
          vpiName: in
          vpiFullName: t.in
          vpiNetType: wire (1)
      vpiPort (2 items):
        Port name:clk start:11:4 end:11:7:
          vpiParent: Module name:t
          vpiName: clk
          vpiDirection: input (1)
          vpiLowConn RefObj name:clk start:13:10 end:13:13:
            vpiParent: Port name:clk
            vpiName: clk
            vpiFullName: t.clk.clk
            vpiActual: Net name:clk
          vpiTypespec RefTypespec:
            vpiParent: Port name:clk
            vpiFullName: t.clk
            vpiActual: LogicTypespec
        Port name:in start:11:9 end:11:11:
          vpiParent: Module name:t
          vpiName: in
          vpiDirection: input (1)
          vpiLowConn RefObj name:in start:14:17 end:14:19:
            vpiParent: Port name:in
            vpiName: in
            vpiFullName: t.in.in
            vpiActual: Net name:in
          vpiTypespec RefTypespec start:14:10 end:14:16:
            vpiParent: Port name:in
            vpiFullName: t.in
            vpiActual: LogicTypespec
      vpiProcess (1 items):
        Always start:21:4 end:34:9:
          vpiParent: Module name:t
          vpiStmt EventControl start:21:11 end:34:9:
            vpiParent: Always
            vpiStmt Begin name:testmap start:22:6 end:34:9:
              vpiParent: EventControl
              vpiName Identifier name:testmap start:22:13 end:22:20:
              vpiFullName: t.testmap
              vpiVariable (2 items):
                Variable name:i start:23:7 end:23:8:
                  vpiParent: Begin name:testmap
                  vpiTypespec RefTypespec name:byte start:23:2 end:23:6:
                    vpiParent: Variable name:i
                    vpiName: byte
                    vpiFullName: t.testmap.i.byte
                  vpiName: i
                  vpiFullName: t.testmap.i
                Variable name:j start:23:10 end:23:11:
                  vpiParent: Begin name:testmap
                  vpiTypespec RefTypespec name:byte start:23:2 end:23:6:
                    vpiParent: Variable name:j
                    vpiName: byte
                    vpiFullName: t.testmap.j.byte
                  vpiName: j
                  vpiFullName: t.testmap.j
              vpiStmt (3 items):
                ForStmt start:25:2 end:31:16:
                  vpiParent: Begin name:testmap
                  vpiFullName: t.testmap
                  vpiForInitStmt (1 items):
                    Assignment start:25:8 end:25:13:
                      vpiParent: ForStmt
                      vpiBlocking: true
                      vpiLhs RefObj name:i start:25:8 end:25:9:
                        vpiParent: Assignment
                        vpiName: i
                        vpiFullName: t.testmap.i
                        vpiActual: Variable name:i
                      vpiRhs Constant start:25:12 end:25:13:
                        vpiParent: Assignment
                        vpiTypespec RefTypespec:
                          vpiParent: Constant
                          vpiFullName: t.testmap
                          vpiActual: IntTypespec
                        vpiConstType: unsigned int (9)
                        vpiSize: 64
                        vpiDecompile: "0"
                        vpiValue: 0
                  vpiForIncStmt (1 items):
                    Assignment start:25:22 end:25:31:
                      vpiParent: ForStmt
                      vpiBlocking: true
                      vpiLhs RefObj name:i start:25:22 end:25:23:
                        vpiParent: Assignment
                        vpiName: i
                        vpiFullName: t.testmap.i
                        vpiActual: Variable name:i
                      vpiRhs Operation start:25:26 end:25:31:
                        vpiParent: Assignment
                        vpiOpType: add (24)
                        vpiOperand (2 items):
                          RefObj name:i start:25:26 end:25:27:
                            vpiParent: Operation
                            vpiName: i
                            vpiFullName: t.testmap.i
                            vpiActual: Variable name:i
                          Constant start:25:30 end:25:31:
                            vpiParent: Operation
                            vpiTypespec RefTypespec:
                              vpiParent: Constant
                              vpiFullName: t.testmap
                              vpiActual: IntTypespec
                            vpiConstType: unsigned int (9)
                            vpiSize: 64
                            vpiDecompile: "1"
                            vpiValue: 1
                  vpiCondition Operation start:25:15 end:25:20:
                    vpiParent: ForStmt
                    vpiOpType: less than (20)
                    vpiOperand (2 items):
                      RefObj name:i start:25:15 end:25:16:
                        vpiParent: Operation
                        vpiName: i
                        vpiFullName: t.testmap.i
                        vpiActual: Variable name:i
                      Constant start:25:19 end:25:20:
                        vpiParent: Operation
                        vpiTypespec RefTypespec:
                          vpiParent: Constant
                          vpiFullName: t.testmap
                          vpiActual: IntTypespec
                        vpiConstType: unsigned int (9)
                        vpiSize: 64
                        vpiDecompile: "9"
                        vpiValue: 9
                  vpiStmt ForStmt start:26:11 end:31:16:
                    vpiParent: ForStmt
                    vpiFullName: t.testmap
                    vpiForInitStmt (1 items):
                      Assignment start:26:17 end:26:20:
                        vpiParent: ForStmt
                        vpiBlocking: true
                        vpiLhs RefObj name:j start:26:17 end:26:18:
                          vpiParent: Assignment
                          vpiName: j
                          vpiFullName: t.testmap.j
                          vpiActual: Variable name:j
                        vpiRhs Constant start:26:19 end:26:20:
                          vpiParent: Assignment
                          vpiTypespec RefTypespec:
                            vpiParent: Constant
                            vpiFullName: t.testmap
                            vpiActual: IntTypespec
                          vpiConstType: unsigned int (9)
                          vpiSize: 64
                          vpiDecompile: "0"
                          vpiValue: 0
                    vpiForIncStmt (1 items):
                      Assignment start:26:46 end:26:51:
                        vpiParent: ForStmt
                        vpiBlocking: true
                        vpiLhs RefObj name:j start:26:46 end:26:47:
                          vpiParent: Assignment
                          vpiName: j
                          vpiFullName: t.testmap.j
                          vpiActual: Variable name:j
                        vpiRhs Operation start:26:48 end:26:51:
                          vpiParent: Assignment
                          vpiOpType: add (24)
                          vpiOperand (2 items):
                            RefObj name:j start:26:48 end:26:49:
                              vpiParent: Operation
                              vpiName: j
                              vpiFullName: t.testmap.j
                              vpiActual: Variable name:j
                            Constant start:26:50 end:26:51:
                              vpiParent: Operation
                              vpiTypespec RefTypespec:
                                vpiParent: Constant
                                vpiFullName: t.testmap
                                vpiActual: IntTypespec
                              vpiConstType: unsigned int (9)
                              vpiSize: 64
                              vpiDecompile: "1"
                              vpiValue: 1
                    vpiCondition Operation start:26:22 end:26:44:
                      vpiParent: ForStmt
                      vpiOpType: less than (20)
                      vpiOperand (2 items):
                        RefObj name:j start:26:22 end:26:23:
                          vpiParent: Operation
                          vpiName: j
                          vpiFullName: t.testmap.j
                          vpiActual: Variable name:j
                        IndexedPartSelect name:TEST_PARAM[i*8+:8] start:26:25 end:26:43:
                          vpiParent: Operation
                          vpiName: TEST_PARAM[i*8+:8]
                          vpiFullName: t.testmap.TEST_PARAM[i*8+:8]
                          vpiPrefix RefObj name:TEST_PARAM start:26:25 end:26:35:
                            vpiParent: IndexedPartSelect name:TEST_PARAM[i*8+:8]
                            vpiName: TEST_PARAM
                            vpiFullName: t.testmap.TEST_PARAM
                            vpiActual: Parameter name:TEST_PARAM
                          vpiIndexedPartSelectType: pos indexed (1)
                          vpiBaseExpr Operation start:26:36 end:26:39:
                            vpiParent: IndexedPartSelect name:TEST_PARAM[i*8+:8]
                            vpiOpType: multiply (25)
                            vpiOperand (2 items):
                              RefObj name:i start:26:36 end:26:37:
                                vpiParent: Operation
                                vpiName: i
                                vpiFullName: t.testmap.TEST_PARAM[i*8+:8].i
                                vpiActual: Variable name:i
                              Constant start:26:38 end:26:39:
                                vpiParent: Operation
                                vpiTypespec RefTypespec:
                                  vpiParent: Constant
                                  vpiFullName: t.testmap.TEST_PARAM[i*8+:8]
                                  vpiActual: IntTypespec
                                vpiConstType: unsigned int (9)
                                vpiSize: 64
                                vpiDecompile: "8"
                                vpiValue: 8
                          vpiWidthExpr Constant start:26:41 end:26:42:
                            vpiParent: IndexedPartSelect name:TEST_PARAM[i*8+:8]
                            vpiTypespec RefTypespec:
                              vpiParent: Constant
                              vpiFullName: t.testmap.TEST_PARAM[i*8+:8]
                              vpiActual: IntTypespec
                            vpiConstType: unsigned int (9)
                            vpiSize: 64
                            vpiDecompile: "8"
                            vpiValue: 8
                    vpiStmt Begin start:27:13 end:31:16:
                      vpiParent: ForStmt
                      vpiFullName: t.testmap
                      vpiStmt (1 items):
                        Assignment start:29:16 end:29:71:
                          vpiParent: Begin
                          vpiBlocking: true
                          vpiLhs BitSelect name:in_tmp[TEST_PARAM[i*8+:8] + j] start:29:16 end:29:44:
                            vpiParent: Assignment
                            vpiName: in_tmp[TEST_PARAM[i*8+:8] + j]
                            vpiFullName: t.testmap.in_tmp[TEST_PARAM[i*8+:8] + j]
                            vpiPrefix RefObj name:in_tmp start:29:16 end:29:22:
                              vpiParent: BitSelect name:in_tmp[TEST_PARAM[i*8+:8] + j]
                              vpiName: in_tmp
                              vpiFullName: t.testmap.in_tmp
                              vpiActual: Variable name:in_tmp
                            vpiIndex Operation start:29:23 end:29:43:
                              vpiParent: BitSelect name:in_tmp[TEST_PARAM[i*8+:8] + j]
                              vpiOpType: add (24)
                              vpiOperand (2 items):
                                IndexedPartSelect name:TEST_PARAM[i*8+:8] start:29:23 end:29:41:
                                  vpiParent: Operation
                                  vpiName: TEST_PARAM[i*8+:8]
                                  vpiFullName: t.testmap.in_tmp[TEST_PARAM[i*8+:8] + j].TEST_PARAM[i*8+:8]
                                  vpiPrefix RefObj name:TEST_PARAM start:29:23 end:29:33:
                                    vpiParent: IndexedPartSelect name:TEST_PARAM[i*8+:8]
                                    vpiName: TEST_PARAM
                                    vpiFullName: t.testmap.in_tmp[TEST_PARAM[i*8+:8] + j].TEST_PARAM
                                    vpiActual: Parameter name:TEST_PARAM
                                  vpiIndexedPartSelectType: pos indexed (1)
                                  vpiBaseExpr Operation start:29:34 end:29:37:
                                    vpiParent: IndexedPartSelect name:TEST_PARAM[i*8+:8]
                                    vpiOpType: multiply (25)
                                    vpiOperand (2 items):
                                      RefObj name:i start:29:34 end:29:35:
                                        vpiParent: Operation
                                        vpiName: i
                                        vpiFullName: t.testmap.in_tmp[TEST_PARAM[i*8+:8] + j].TEST_PARAM[i*8+:8].i
                                        vpiActual: Variable name:i
                                      Constant start:29:36 end:29:37:
                                        vpiParent: Operation
                                        vpiTypespec RefTypespec:
                                          vpiParent: Constant
                                          vpiFullName: t.testmap.in_tmp[TEST_PARAM[i*8+:8] + j].TEST_PARAM[i*8+:8]
                                          vpiActual: IntTypespec
                                        vpiConstType: unsigned int (9)
                                        vpiSize: 64
                                        vpiDecompile: "8"
                                        vpiValue: 8
                                  vpiWidthExpr Constant start:29:39 end:29:40:
                                    vpiParent: IndexedPartSelect name:TEST_PARAM[i*8+:8]
                                    vpiTypespec RefTypespec:
                                      vpiParent: Constant
                                      vpiFullName: t.testmap.in_tmp[TEST_PARAM[i*8+:8] + j].TEST_PARAM[i*8+:8]
                                      vpiActual: IntTypespec
                                    vpiConstType: unsigned int (9)
                                    vpiSize: 64
                                    vpiDecompile: "8"
                                    vpiValue: 8
                                RefObj name:j start:29:42 end:29:43:
                                  vpiParent: Operation
                                  vpiName: j
                                  vpiFullName: t.testmap.in_tmp[TEST_PARAM[i*8+:8] + j].j
                                  vpiActual: Variable name:j
                          vpiRhs BitSelect name:in[TEST_PARAM[i*8+:8] + j] start:29:47 end:29:71:
                            vpiParent: Assignment
                            vpiName: in[TEST_PARAM[i*8+:8] + j]
                            vpiFullName: t.testmap.in[TEST_PARAM[i*8+:8] + j]
                            vpiPrefix RefObj name:in start:29:47 end:29:49:
                              vpiParent: BitSelect name:in[TEST_PARAM[i*8+:8] + j]
                              vpiName: in
                              vpiFullName: t.testmap.in
                              vpiActual: Net name:in
                            vpiIndex Operation start:29:50 end:29:70:
                              vpiParent: BitSelect name:in[TEST_PARAM[i*8+:8] + j]
                              vpiOpType: add (24)
                              vpiOperand (2 items):
                                IndexedPartSelect name:TEST_PARAM[i*8+:8] start:29:50 end:29:68:
                                  vpiParent: Operation
                                  vpiName: TEST_PARAM[i*8+:8]
                                  vpiFullName: t.testmap.in[TEST_PARAM[i*8+:8] + j].TEST_PARAM[i*8+:8]
                                  vpiPrefix RefObj name:TEST_PARAM start:29:50 end:29:60:
                                    vpiParent: IndexedPartSelect name:TEST_PARAM[i*8+:8]
                                    vpiName: TEST_PARAM
                                    vpiFullName: t.testmap.in[TEST_PARAM[i*8+:8] + j].TEST_PARAM
                                    vpiActual: Parameter name:TEST_PARAM
                                  vpiIndexedPartSelectType: pos indexed (1)
                                  vpiBaseExpr Operation start:29:61 end:29:64:
                                    vpiParent: IndexedPartSelect name:TEST_PARAM[i*8+:8]
                                    vpiOpType: multiply (25)
                                    vpiOperand (2 items):
                                      RefObj name:i start:29:61 end:29:62:
                                        vpiParent: Operation
                                        vpiName: i
                                        vpiFullName: t.testmap.in[TEST_PARAM[i*8+:8] + j].TEST_PARAM[i*8+:8].i
                                        vpiActual: Variable name:i
                                      Constant start:29:63 end:29:64:
                                        vpiParent: Operation
                                        vpiTypespec RefTypespec:
                                          vpiParent: Constant
                                          vpiFullName: t.testmap.in[TEST_PARAM[i*8+:8] + j].TEST_PARAM[i*8+:8]
                                          vpiActual: IntTypespec
                                        vpiConstType: unsigned int (9)
                                        vpiSize: 64
                                        vpiDecompile: "8"
                                        vpiValue: 8
                                  vpiWidthExpr Constant start:29:66 end:29:67:
                                    vpiParent: IndexedPartSelect name:TEST_PARAM[i*8+:8]
                                    vpiTypespec RefTypespec:
                                      vpiParent: Constant
                                      vpiFullName: t.testmap.in[TEST_PARAM[i*8+:8] + j].TEST_PARAM[i*8+:8]
                                      vpiActual: IntTypespec
                                    vpiConstType: unsigned int (9)
                                    vpiSize: 64
                                    vpiDecompile: "8"
                                    vpiValue: 8
                                RefObj name:j start:29:69 end:29:70:
                                  vpiParent: Operation
                                  vpiName: j
                                  vpiFullName: t.testmap.in[TEST_PARAM[i*8+:8] + j].j
                                  vpiActual: Variable name:j
                SysTaskCall name:$write start:32:2 end:32:34:
                  vpiParent: Begin name:testmap
                  vpiName Identifier name:$write start:32:2 end:32:8:
                  vpiArgument (1 items):
                    NamedArgument start:32:9 end:32:33:
                      vpiParent: SysTaskCall name:$write
                      vpiHighConn Constant start:32:9 end:32:33:
                        vpiParent: NamedArgument
                        vpiTypespec RefTypespec:
                          vpiParent: Constant
                          vpiFullName: t.testmap
                          vpiActual: StringTypespec
                        vpiConstType: string (6)
                        vpiSize: 168
                        vpiDecompile: "\"*-* All Finished *-*\\n\""
                        vpiValue: "*-* All Finished *-*\\n"
                SysTaskCall name:$finish start:33:2 end:33:9:
                  vpiParent: Begin name:testmap
                  vpiName Identifier name:$finish start:33:2 end:33:9:
                  vpiIsProperty: true
            vpiIsImplicitControl: true
          vpiAlwaysType: always (1)
  vpiTypespec (3 items):
    ModuleTypespec name:t:
      vpiParent: Design name:unnamed
      vpiName Identifier name:t start:9:8 end:9:9:
      vpiDefName: t
      vpiModule: Module name:t
    IntTypespec:
      vpiParent: Design name:unnamed
      vpiSigned: true
    StringTypespec:
      vpiParent: Design name:unnamed
  vpiLibrary (1 items):
    Library name:work:
      vpiParent: Design name:unnamed
      vpiName: work
===================
[  FATAL] : 0
[ SYNTAX] : 0
[  ERROR] : 0
[WARNING] : 2
[   NOTE] : 0
********************************************************************************
*                    End HLC SystemVerilog Compiler/Linter                     *
********************************************************************************

#**#**#**#**#**#**#**#**#**#**#**#**#**#**#**#**#**#**#**#**#**#**#**#**#**#**#**#**#**#**#**#**#**#**#**#**#**#**#**#**

Environment:
      test-name: Verilator/t_unroll_forfor
   test-dirpath: ${HLC_DIR}/regression/Verilator/t_unroll_forfor
  hldb-filepath: ${HLC_DIR}/regression/Verilator/t_unroll_forfor/design.hldb
mounts-filepath: ${HLC_DIR}/regression/Verilator/t_unroll_forfor/mounts.json


{'result': {'coverage': 100.0,
            'error_count': 0,
            'file_count': 1,
            'files': {'$Output/lib/work/t_unroll_forfor.v': {'post_len': 0,
                                                             'pre_len': 328}},
            'post_len': 0,
            'pre_len': 328,
            'test_name': 'Verilator/t_unroll_forfor'}}

+------------------------------------+----------+-----------+
| INPUT                              |   PRELEN |   POSTLEN |
+====================================+==========+===========+
| $Output/lib/work/t_unroll_forfor.v |      328 |         0 |
+====================================+==========+===========+
|                                    |      328 |         0 |
+------------------------------------+----------+-----------+

[   ERROR] : 0
[COVERAGE] : 100.0


#**#**#**#**#**#**#**#**#**#**#**#**#**#**#**#**#**#**#**#**#**#**#**#**#**#**#**#**#**#**#**#**#**#**#**#**#**#**#**#**

COMMAND: ${HLC_DIR}/regression/Verilator/t_unroll_forfor/design.hldb ${HLC_DIR}/regression/Verilator/t_unroll_forfor/reduced.hldb

==================== BEGIN REDUCTION RESULT ====================
Name                            Before   After   Added   Removed
----------------------------------------------------------------
Constant                            20      19       1         2
Operation                           11       9       0         2
RefTypespec                         28      26       0         2
----------------------------------------------------------------
Others                              70      70       0         0
----------------------------------------------------------------
                                   129     124       1         6
===================== END REDUCTION RESULT =====================
