********************************************************************************
*                   Begin HLC SystemVerilog Compiler/Linter                    *
********************************************************************************
Copyright (c) 2020 Apotell,
http://www.apache.org/licenses/LICENSE-2.0
VERSION: 1.84
COMMAND: -wd ../../../tests/Verilator +incdir+. -nobuiltin -timescale=1ns/1ns -d ast -d db t_flag_topmodule.v -mt 0 -d dbstats -d cache -writepp -d db -nostdout -o ${HLC_DIR}/regression/Verilator/t_flag_topmodule
[INF:CM5022] Creating log file "$Output/hlc.log".
[INF:PP5223] Preprocessing source file "$Source01/t_flag_topmodule.v".
[INF:PA5502] Parsing source file "$Source01/t_flag_topmodule.v".
AST_DEBUG_BEGIN
Count: 189
LIB: work
FILE<0>:$Source01/t_flag_topmodule.v
n<$Source01/t_flag_topmodule.v> u<188> t<Top_level_rule> c<1> l<6:1> el<38:1>
  n<> u<1> t<Null_rule> p<188> s<2> l<6:1> el<6:1>
  n<// DESCRIPTION: Verilator: Verilog Test module> u<2> t<LINE_COMMENT> p<188> s<3> l<1:1> el<1:47>
  n<//> u<3> t<LINE_COMMENT> p<188> s<4> l<2:1> el<2:3>
  n<// This file ONLY is placed into the Public Domain, for any use,> u<4> t<LINE_COMMENT> p<188> s<5> l<3:1> el<3:65>
  n<// without warranty, 2008 by Wilson Snyder.> u<5> t<LINE_COMMENT> p<188> s<187> l<4:1> el<4:44>
  n<> u<187> t<Source_text> p<188> c<53> l<6:1> el<37:10>
    n<> u<53> t<Description> p<187> c<52> s<92> l<6:1> el<12:10>
      n<> u<52> t<Module_declaration> p<53> c<9> l<6:1> el<12:10>
        n<> u<9> t<Module_ansi_header> p<52> c<6> s<18> l<6:1> el<6:10>
          n<module> u<6> t<MODULE> p<9> s<7> l<6:1> el<6:7>
          n<a> u<7> t<SIMPLE_IDENTIFIER> p<9> s<8> l<6:8> el<6:9>
          n<> u<8> t<Package_import_declaration_list> p<9> l<6:9> el<6:9>
        n<> u<18> t<Non_port_module_item> p<52> c<17> s<50> l<7:4> el<7:11>
          n<> u<17> t<Module_or_generate_item> p<18> c<16> l<7:4> el<7:11>
            n<> u<16> t<Module_instantiation> p<17> c<10> l<7:4> el<7:11>
              n<c> u<10> t<SIMPLE_IDENTIFIER> p<16> s<15> l<7:4> el<7:5>
              n<> u<15> t<Hierarchical_instance> p<16> c<12> l<7:6> el<7:10>
                n<> u<12> t<Name_of_instance> p<15> c<11> s<14> l<7:6> el<7:7>
                  n<c> u<11> t<SIMPLE_IDENTIFIER> p<12> l<7:6> el<7:7>
                n<> u<14> t<Port_connection_list> p<15> c<13> l<7:9> el<7:9>
                  n<> u<13> t<Ordered_port_connection> p<14> l<7:9> el<7:9>
        n<> u<50> t<Non_port_module_item> p<52> c<49> s<51> l<8:4> el<11:7>
          n<> u<49> t<Module_or_generate_item> p<50> c<48> l<8:4> el<11:7>
            n<> u<48> t<Module_common_item> p<49> c<47> l<8:4> el<11:7>
              n<> u<47> t<Initial_construct> p<48> c<46> l<8:4> el<11:7>
                n<> u<46> t<Statement_or_null> p<47> c<45> l<8:12> el<11:7>
                  n<> u<45> t<Statement> p<46> c<44> l<8:12> el<11:7>
                    n<> u<44> t<Statement_item> p<45> c<43> l<8:12> el<11:7>
                      n<> u<43> t<Seq_block> p<44> c<32> l<8:12> el<11:7>
                        n<> u<32> t<Statement_or_null> p<43> c<31> s<41> l<9:7> el<9:35>
                          n<> u<31> t<Statement> p<32> c<30> l<9:7> el<9:35>
                            n<> u<30> t<Statement_item> p<31> c<29> l<9:7> el<9:35>
                              n<> u<29> t<Subroutine_call_statement> p<30> c<28> l<9:7> el<9:35>
                                n<> u<28> t<Subroutine_call> p<29> c<19> l<9:7> el<9:34>
                                  n<$> u<19> t<DOLLAR> p<28> s<20> l<9:7> el<9:8>
                                  n<write> u<20> t<SIMPLE_IDENTIFIER> p<28> s<26> l<9:8> el<9:13>
                                  n<> u<26> t<OPEN_PARENS> p<28> s<25> l<9:13> el<9:14>
                                  n<> u<25> t<Argument_list> p<28> c<24> s<27> l<9:14> el<9:33>
                                    n<> u<24> t<Expression> p<25> c<23> l<9:14> el<9:33>
                                      n<> u<23> t<Primary> p<24> c<22> l<9:14> el<9:33>
                                        n<> u<22> t<Primary_literal> p<23> c<21> l<9:14> el<9:33>
                                          n<"Bad top modules\n"> u<21> t<QUOTED_STRING> p<22> l<9:14> el<9:33>
                                  n<> u<27> t<CLOSE_PARENS> p<28> l<9:33> el<9:34>
                        n<> u<41> t<Statement_or_null> p<43> c<40> s<42> l<10:7> el<10:13>
                          n<> u<40> t<Statement> p<41> c<39> l<10:7> el<10:13>
                            n<> u<39> t<Statement_item> p<40> c<38> l<10:7> el<10:13>
                              n<> u<38> t<Subroutine_call_statement> p<39> c<37> l<10:7> el<10:13>
                                n<> u<37> t<Subroutine_call> p<38> c<33> l<10:7> el<10:12>
                                  n<$> u<33> t<DOLLAR> p<37> s<34> l<10:7> el<10:8>
                                  n<stop> u<34> t<SIMPLE_IDENTIFIER> p<37> s<36> l<10:8> el<10:12>
                                  n<> u<36> t<Select> p<37> c<35> l<10:12> el<10:12>
                                    n<> u<35> t<Bit_select> p<36> l<10:12> el<10:12>
                        n<> u<42> t<END> p<43> l<11:4> el<11:7>
        n<> u<51> t<ENDMODULE> p<52> l<12:1> el<12:10>
    n<> u<92> t<Description> p<187> c<91> s<108> l<14:1> el<19:10>
      n<> u<91> t<Module_declaration> p<92> c<57> l<14:1> el<19:10>
        n<> u<57> t<Module_ansi_header> p<91> c<54> s<89> l<14:1> el<14:11>
          n<module> u<54> t<MODULE> p<57> s<55> l<14:1> el<14:7>
          n<a2> u<55> t<SIMPLE_IDENTIFIER> p<57> s<56> l<14:8> el<14:10>
          n<> u<56> t<Package_import_declaration_list> p<57> l<14:10> el<14:10>
        n<> u<89> t<Non_port_module_item> p<91> c<88> s<90> l<15:4> el<18:7>
          n<> u<88> t<Module_or_generate_item> p<89> c<87> l<15:4> el<18:7>
            n<> u<87> t<Module_common_item> p<88> c<86> l<15:4> el<18:7>
              n<> u<86> t<Initial_construct> p<87> c<85> l<15:4> el<18:7>
                n<> u<85> t<Statement_or_null> p<86> c<84> l<15:12> el<18:7>
                  n<> u<84> t<Statement> p<85> c<83> l<15:12> el<18:7>
                    n<> u<83> t<Statement_item> p<84> c<82> l<15:12> el<18:7>
                      n<> u<82> t<Seq_block> p<83> c<71> l<15:12> el<18:7>
                        n<> u<71> t<Statement_or_null> p<82> c<70> s<80> l<16:7> el<16:35>
                          n<> u<70> t<Statement> p<71> c<69> l<16:7> el<16:35>
                            n<> u<69> t<Statement_item> p<70> c<68> l<16:7> el<16:35>
                              n<> u<68> t<Subroutine_call_statement> p<69> c<67> l<16:7> el<16:35>
                                n<> u<67> t<Subroutine_call> p<68> c<58> l<16:7> el<16:34>
                                  n<$> u<58> t<DOLLAR> p<67> s<59> l<16:7> el<16:8>
                                  n<write> u<59> t<SIMPLE_IDENTIFIER> p<67> s<65> l<16:8> el<16:13>
                                  n<> u<65> t<OPEN_PARENS> p<67> s<64> l<16:13> el<16:14>
                                  n<> u<64> t<Argument_list> p<67> c<63> s<66> l<16:14> el<16:33>
                                    n<> u<63> t<Expression> p<64> c<62> l<16:14> el<16:33>
                                      n<> u<62> t<Primary> p<63> c<61> l<16:14> el<16:33>
                                        n<> u<61> t<Primary_literal> p<62> c<60> l<16:14> el<16:33>
                                          n<"Bad top modules\n"> u<60> t<QUOTED_STRING> p<61> l<16:14> el<16:33>
                                  n<> u<66> t<CLOSE_PARENS> p<67> l<16:33> el<16:34>
                        n<> u<80> t<Statement_or_null> p<82> c<79> s<81> l<17:7> el<17:13>
                          n<> u<79> t<Statement> p<80> c<78> l<17:7> el<17:13>
                            n<> u<78> t<Statement_item> p<79> c<77> l<17:7> el<17:13>
                              n<> u<77> t<Subroutine_call_statement> p<78> c<76> l<17:7> el<17:13>
                                n<> u<76> t<Subroutine_call> p<77> c<72> l<17:7> el<17:12>
                                  n<$> u<72> t<DOLLAR> p<76> s<73> l<17:7> el<17:8>
                                  n<stop> u<73> t<SIMPLE_IDENTIFIER> p<76> s<75> l<17:8> el<17:12>
                                  n<> u<75> t<Select> p<76> c<74> l<17:12> el<17:12>
                                    n<> u<74> t<Bit_select> p<75> l<17:12> el<17:12>
                        n<> u<81> t<END> p<82> l<18:4> el<18:7>
        n<> u<90> t<ENDMODULE> p<91> l<19:1> el<19:10>
    n<> u<108> t<Description> p<187> c<107> s<147> l<21:1> el<23:10>
      n<> u<107> t<Module_declaration> p<108> c<96> l<21:1> el<23:10>
        n<> u<96> t<Module_ansi_header> p<107> c<93> s<105> l<21:1> el<21:10>
          n<module> u<93> t<MODULE> p<96> s<94> l<21:1> el<21:7>
          n<b> u<94> t<SIMPLE_IDENTIFIER> p<96> s<95> l<21:8> el<21:9>
          n<> u<95> t<Package_import_declaration_list> p<96> l<21:9> el<21:9>
        n<> u<105> t<Non_port_module_item> p<107> c<104> s<106> l<22:4> el<22:11>
          n<> u<104> t<Module_or_generate_item> p<105> c<103> l<22:4> el<22:11>
            n<> u<103> t<Module_instantiation> p<104> c<97> l<22:4> el<22:11>
              n<d> u<97> t<SIMPLE_IDENTIFIER> p<103> s<102> l<22:4> el<22:5>
              n<> u<102> t<Hierarchical_instance> p<103> c<99> l<22:6> el<22:10>
                n<> u<99> t<Name_of_instance> p<102> c<98> s<101> l<22:6> el<22:7>
                  n<d> u<98> t<SIMPLE_IDENTIFIER> p<99> l<22:6> el<22:7>
                n<> u<101> t<Port_connection_list> p<102> c<100> l<22:9> el<22:9>
                  n<> u<100> t<Ordered_port_connection> p<101> l<22:9> el<22:9>
        n<> u<106> t<ENDMODULE> p<107> l<23:1> el<23:10>
    n<> u<147> t<Description> p<187> c<146> s<186> l<25:1> el<30:10>
      n<> u<146> t<Module_declaration> p<147> c<112> l<25:1> el<30:10>
        n<> u<112> t<Module_ansi_header> p<146> c<109> s<144> l<25:1> el<25:10>
          n<module> u<109> t<MODULE> p<112> s<110> l<25:1> el<25:7>
          n<c> u<110> t<SIMPLE_IDENTIFIER> p<112> s<111> l<25:8> el<25:9>
          n<> u<111> t<Package_import_declaration_list> p<112> l<25:9> el<25:9>
        n<> u<144> t<Non_port_module_item> p<146> c<143> s<145> l<26:4> el<29:7>
          n<> u<143> t<Module_or_generate_item> p<144> c<142> l<26:4> el<29:7>
            n<> u<142> t<Module_common_item> p<143> c<141> l<26:4> el<29:7>
              n<> u<141> t<Initial_construct> p<142> c<140> l<26:4> el<29:7>
                n<> u<140> t<Statement_or_null> p<141> c<139> l<26:12> el<29:7>
                  n<> u<139> t<Statement> p<140> c<138> l<26:12> el<29:7>
                    n<> u<138> t<Statement_item> p<139> c<137> l<26:12> el<29:7>
                      n<> u<137> t<Seq_block> p<138> c<126> l<26:12> el<29:7>
                        n<> u<126> t<Statement_or_null> p<137> c<125> s<135> l<27:7> el<27:35>
                          n<> u<125> t<Statement> p<126> c<124> l<27:7> el<27:35>
                            n<> u<124> t<Statement_item> p<125> c<123> l<27:7> el<27:35>
                              n<> u<123> t<Subroutine_call_statement> p<124> c<122> l<27:7> el<27:35>
                                n<> u<122> t<Subroutine_call> p<123> c<113> l<27:7> el<27:34>
                                  n<$> u<113> t<DOLLAR> p<122> s<114> l<27:7> el<27:8>
                                  n<write> u<114> t<SIMPLE_IDENTIFIER> p<122> s<120> l<27:8> el<27:13>
                                  n<> u<120> t<OPEN_PARENS> p<122> s<119> l<27:13> el<27:14>
                                  n<> u<119> t<Argument_list> p<122> c<118> s<121> l<27:14> el<27:33>
                                    n<> u<118> t<Expression> p<119> c<117> l<27:14> el<27:33>
                                      n<> u<117> t<Primary> p<118> c<116> l<27:14> el<27:33>
                                        n<> u<116> t<Primary_literal> p<117> c<115> l<27:14> el<27:33>
                                          n<"Bad mid modules\n"> u<115> t<QUOTED_STRING> p<116> l<27:14> el<27:33>
                                  n<> u<121> t<CLOSE_PARENS> p<122> l<27:33> el<27:34>
                        n<> u<135> t<Statement_or_null> p<137> c<134> s<136> l<28:7> el<28:13>
                          n<> u<134> t<Statement> p<135> c<133> l<28:7> el<28:13>
                            n<> u<133> t<Statement_item> p<134> c<132> l<28:7> el<28:13>
                              n<> u<132> t<Subroutine_call_statement> p<133> c<131> l<28:7> el<28:13>
                                n<> u<131> t<Subroutine_call> p<132> c<127> l<28:7> el<28:12>
                                  n<$> u<127> t<DOLLAR> p<131> s<128> l<28:7> el<28:8>
                                  n<stop> u<128> t<SIMPLE_IDENTIFIER> p<131> s<130> l<28:8> el<28:12>
                                  n<> u<130> t<Select> p<131> c<129> l<28:12> el<28:12>
                                    n<> u<129> t<Bit_select> p<130> l<28:12> el<28:12>
                        n<> u<136> t<END> p<137> l<29:4> el<29:7>
        n<> u<145> t<ENDMODULE> p<146> l<30:1> el<30:10>
    n<> u<186> t<Description> p<187> c<185> l<32:1> el<37:10>
      n<> u<185> t<Module_declaration> p<186> c<151> l<32:1> el<37:10>
        n<> u<151> t<Module_ansi_header> p<185> c<148> s<183> l<32:1> el<32:10>
          n<module> u<148> t<MODULE> p<151> s<149> l<32:1> el<32:7>
          n<d> u<149> t<SIMPLE_IDENTIFIER> p<151> s<150> l<32:8> el<32:9>
          n<> u<150> t<Package_import_declaration_list> p<151> l<32:9> el<32:9>
        n<> u<183> t<Non_port_module_item> p<185> c<182> s<184> l<33:4> el<36:7>
          n<> u<182> t<Module_or_generate_item> p<183> c<181> l<33:4> el<36:7>
            n<> u<181> t<Module_common_item> p<182> c<180> l<33:4> el<36:7>
              n<> u<180> t<Initial_construct> p<181> c<179> l<33:4> el<36:7>
                n<> u<179> t<Statement_or_null> p<180> c<178> l<33:12> el<36:7>
                  n<> u<178> t<Statement> p<179> c<177> l<33:12> el<36:7>
                    n<> u<177> t<Statement_item> p<178> c<176> l<33:12> el<36:7>
                      n<> u<176> t<Seq_block> p<177> c<165> l<33:12> el<36:7>
                        n<> u<165> t<Statement_or_null> p<176> c<164> s<174> l<34:7> el<34:40>
                          n<> u<164> t<Statement> p<165> c<163> l<34:7> el<34:40>
                            n<> u<163> t<Statement_item> p<164> c<162> l<34:7> el<34:40>
                              n<> u<162> t<Subroutine_call_statement> p<163> c<161> l<34:7> el<34:40>
                                n<> u<161> t<Subroutine_call> p<162> c<152> l<34:7> el<34:39>
                                  n<$> u<152> t<DOLLAR> p<161> s<153> l<34:7> el<34:8>
                                  n<write> u<153> t<SIMPLE_IDENTIFIER> p<161> s<159> l<34:8> el<34:13>
                                  n<> u<159> t<OPEN_PARENS> p<161> s<158> l<34:13> el<34:14>
                                  n<> u<158> t<Argument_list> p<161> c<157> s<160> l<34:14> el<34:38>
                                    n<> u<157> t<Expression> p<158> c<156> l<34:14> el<34:38>
                                      n<> u<156> t<Primary> p<157> c<155> l<34:14> el<34:38>
                                        n<> u<155> t<Primary_literal> p<156> c<154> l<34:14> el<34:38>
                                          n<"*-* All Finished *-*\n"> u<154> t<QUOTED_STRING> p<155> l<34:14> el<34:38>
                                  n<> u<160> t<CLOSE_PARENS> p<161> l<34:38> el<34:39>
                        n<> u<174> t<Statement_or_null> p<176> c<173> s<175> l<35:7> el<35:15>
                          n<> u<173> t<Statement> p<174> c<172> l<35:7> el<35:15>
                            n<> u<172> t<Statement_item> p<173> c<171> l<35:7> el<35:15>
                              n<> u<171> t<Subroutine_call_statement> p<172> c<170> l<35:7> el<35:15>
                                n<> u<170> t<Subroutine_call> p<171> c<166> l<35:7> el<35:14>
                                  n<$> u<166> t<DOLLAR> p<170> s<167> l<35:7> el<35:8>
                                  n<finish> u<167> t<SIMPLE_IDENTIFIER> p<170> s<169> l<35:8> el<35:14>
                                  n<> u<169> t<Select> p<170> c<168> l<35:14> el<35:14>
                                    n<> u<168> t<Bit_select> p<169> l<35:14> el<35:14>
                        n<> u<175> t<END> p<176> l<36:4> el<36:7>
        n<> u<184> t<ENDMODULE> p<185> l<37:1> el<37:10>
AST_DEBUG_END
[INF:CP5804] $Source01/t_flag_topmodule.v:6:1: Compile module "a".
[INF:CP5804] $Source01/t_flag_topmodule.v:14:1: Compile module "a2".
[INF:CP5804] $Source01/t_flag_topmodule.v:21:1: Compile module "b".
[INF:CP5804] $Source01/t_flag_topmodule.v:25:1: Compile module "c".
[INF:CP5804] $Source01/t_flag_topmodule.v:32:1: Compile module "d".
[INF:CM5028] Using global timescale: "1ns/1ns".
====== HLDB =======
Design name:unnamed:
  vpiName: unnamed
  vpiSourceFile (1 items):
    SourceFile name:t_flag_topmodule.v file:$Source01/t_flag_topmodule.v:
      vpiParent: Design name:unnamed
      vpiName: t_flag_topmodule.v
      vpiPreprocFile: "$Output/lib/work/t_flag_topmodule.v"
  vpiAllModules (5 items):
    Module name:a file:$Source01/t_flag_topmodule.v start:6:1 end:12:10:
      vpiParent: Design name:unnamed
      vpiName Identifier name:a start:6:8 end:6:9:
      vpiFullName: a
      vpiTypespec (1 items):
        ModuleTypespec name:c start:7:4 end:7:5:
          vpiParent: Module name:a
          vpiName Identifier name:c start:7:4 end:7:5:
          vpiDefName: c
          vpiModule: Module name:c
      vpiDefName: a
      vpiDefNetType: wire (1)
      vpiDefDelayMode: none (1)
      vpiUnconnDrive: highz (1)
      vpiLibrary RefObj name:work start:6:8 end:6:9:
        vpiParent: Module name:a
        vpiName: work
        vpiFullName: a.work
        vpiActual: Library name:work
      vpiCell: a
      vpiProcess (1 items):
        Initial start:8:4 end:11:7:
          vpiParent: Module name:a
          vpiStmt Begin start:8:12 end:11:7:
            vpiParent: Initial
            vpiFullName: a
            vpiStmt (2 items):
              SysTaskCall name:$write start:9:7 end:9:34:
                vpiParent: Begin
                vpiName Identifier name:$write start:9:7 end:9:13:
                vpiArgument (1 items):
                  Constant start:9:14 end:9:33:
                    vpiParent: SysTaskCall name:$write
                    vpiTypespec RefTypespec:
                      vpiParent: Constant
                      vpiFullName: a
                      vpiActual: StringTypespec
                    vpiConstType: string (6)
                    vpiSize: 128
                    vpiDecompile: "\"Bad top modules\\n\""
                    vpiValue: Bad top modules\n
              SysTaskCall name:$stop start:10:7 end:10:12:
                vpiParent: Begin
                vpiName Identifier name:$stop start:10:7 end:10:12:
                vpiIsProperty: true
      vpiRefInstance (1 items):
        RefInstance name:c start:7:6 end:7:7:
          vpiParent: Module name:a
          vpiName: c
          vpiTypespec RefTypespec name:c start:7:4 end:7:5:
            vpiParent: RefInstance name:c
            vpiName: c
            vpiFullName: a.c.c
            vpiActual: ModuleTypespec name:c
    Module name:a2 file:$Source01/t_flag_topmodule.v start:14:1 end:19:10:
      vpiParent: Design name:unnamed
      vpiName Identifier name:a2 start:14:8 end:14:10:
      vpiFullName: a2
      vpiDefName: a2
      vpiDefNetType: wire (1)
      vpiDefDelayMode: none (1)
      vpiUnconnDrive: highz (1)
      vpiLibrary RefObj name:work start:14:8 end:14:10:
        vpiParent: Module name:a2
        vpiName: work
        vpiFullName: a2.work
        vpiActual: Library name:work
      vpiCell: a2
      vpiProcess (1 items):
        Initial start:15:4 end:18:7:
          vpiParent: Module name:a2
          vpiStmt Begin start:15:12 end:18:7:
            vpiParent: Initial
            vpiFullName: a2
            vpiStmt (2 items):
              SysTaskCall name:$write start:16:7 end:16:34:
                vpiParent: Begin
                vpiName Identifier name:$write start:16:7 end:16:13:
                vpiArgument (1 items):
                  Constant start:16:14 end:16:33:
                    vpiParent: SysTaskCall name:$write
                    vpiTypespec RefTypespec:
                      vpiParent: Constant
                      vpiFullName: a2
                      vpiActual: StringTypespec
                    vpiConstType: string (6)
                    vpiSize: 128
                    vpiDecompile: "\"Bad top modules\\n\""
                    vpiValue: Bad top modules\n
              SysTaskCall name:$stop start:17:7 end:17:12:
                vpiParent: Begin
                vpiName Identifier name:$stop start:17:7 end:17:12:
                vpiIsProperty: true
    Module name:b file:$Source01/t_flag_topmodule.v start:21:1 end:23:10:
      vpiParent: Design name:unnamed
      vpiName Identifier name:b start:21:8 end:21:9:
      vpiFullName: b
      vpiTypespec (1 items):
        ModuleTypespec name:d start:22:4 end:22:5:
          vpiParent: Module name:b
          vpiName Identifier name:d start:22:4 end:22:5:
          vpiDefName: d
          vpiModule: Module name:d
      vpiDefName: b
      vpiDefNetType: wire (1)
      vpiDefDelayMode: none (1)
      vpiUnconnDrive: highz (1)
      vpiLibrary RefObj name:work start:21:8 end:21:9:
        vpiParent: Module name:b
        vpiName: work
        vpiFullName: b.work
        vpiActual: Library name:work
      vpiCell: b
      vpiRefInstance (1 items):
        RefInstance name:d start:22:6 end:22:7:
          vpiParent: Module name:b
          vpiName: d
          vpiTypespec RefTypespec name:d start:22:4 end:22:5:
            vpiParent: RefInstance name:d
            vpiName: d
            vpiFullName: b.d.d
            vpiActual: ModuleTypespec name:d
    Module name:c file:$Source01/t_flag_topmodule.v start:25:1 end:30:10:
      vpiParent: Design name:unnamed
      vpiName Identifier name:c start:25:8 end:25:9:
      vpiFullName: c
      vpiDefName: c
      vpiDefNetType: wire (1)
      vpiDefDelayMode: none (1)
      vpiUnconnDrive: highz (1)
      vpiLibrary RefObj name:work start:25:8 end:25:9:
        vpiParent: Module name:c
        vpiName: work
        vpiFullName: c.work
        vpiActual: Library name:work
      vpiCell: c
      vpiProcess (1 items):
        Initial start:26:4 end:29:7:
          vpiParent: Module name:c
          vpiStmt Begin start:26:12 end:29:7:
            vpiParent: Initial
            vpiFullName: c
            vpiStmt (2 items):
              SysTaskCall name:$write start:27:7 end:27:34:
                vpiParent: Begin
                vpiName Identifier name:$write start:27:7 end:27:13:
                vpiArgument (1 items):
                  Constant start:27:14 end:27:33:
                    vpiParent: SysTaskCall name:$write
                    vpiTypespec RefTypespec:
                      vpiParent: Constant
                      vpiFullName: c
                      vpiActual: StringTypespec
                    vpiConstType: string (6)
                    vpiSize: 128
                    vpiDecompile: "\"Bad mid modules\\n\""
                    vpiValue: Bad mid modules\n
              SysTaskCall name:$stop start:28:7 end:28:12:
                vpiParent: Begin
                vpiName Identifier name:$stop start:28:7 end:28:12:
                vpiIsProperty: true
    Module name:d file:$Source01/t_flag_topmodule.v start:32:1 end:37:10:
      vpiParent: Design name:unnamed
      vpiName Identifier name:d start:32:8 end:32:9:
      vpiFullName: d
      vpiDefName: d
      vpiDefNetType: wire (1)
      vpiDefDelayMode: none (1)
      vpiUnconnDrive: highz (1)
      vpiLibrary RefObj name:work start:32:8 end:32:9:
        vpiParent: Module name:d
        vpiName: work
        vpiFullName: d.work
        vpiActual: Library name:work
      vpiCell: d
      vpiProcess (1 items):
        Initial start:33:4 end:36:7:
          vpiParent: Module name:d
          vpiStmt Begin start:33:12 end:36:7:
            vpiParent: Initial
            vpiFullName: d
            vpiStmt (2 items):
              SysTaskCall name:$write start:34:7 end:34:39:
                vpiParent: Begin
                vpiName Identifier name:$write start:34:7 end:34:13:
                vpiArgument (1 items):
                  Constant start:34:14 end:34:38:
                    vpiParent: SysTaskCall name:$write
                    vpiTypespec RefTypespec:
                      vpiParent: Constant
                      vpiFullName: d
                      vpiActual: StringTypespec
                    vpiConstType: string (6)
                    vpiSize: 168
                    vpiDecompile: "\"*-* All Finished *-*\\n\""
                    vpiValue: "*-* All Finished *-*\\n"
              SysTaskCall name:$finish start:35:7 end:35:14:
                vpiParent: Begin
                vpiName Identifier name:$finish start:35:7 end:35:14:
                vpiIsProperty: true
  vpiTypespec (6 items):
    ModuleTypespec name:a:
      vpiParent: Design name:unnamed
      vpiName Identifier name:a start:6:8 end:6:9:
      vpiDefName: a
      vpiModule: Module name:a
    StringTypespec:
      vpiParent: Design name:unnamed
    ModuleTypespec name:a2:
      vpiParent: Design name:unnamed
      vpiName Identifier name:a2 start:14:8 end:14:10:
      vpiDefName: a2
      vpiModule: Module name:a2
    ModuleTypespec name:b:
      vpiParent: Design name:unnamed
      vpiName Identifier name:b start:21:8 end:21:9:
      vpiDefName: b
      vpiModule: Module name:b
    ModuleTypespec name:c:
      vpiParent: Design name:unnamed
      vpiName Identifier name:c start:25:8 end:25:9:
      vpiDefName: c
      vpiModule: Module name:c
    ModuleTypespec name:d:
      vpiParent: Design name:unnamed
      vpiName Identifier name:d start:32:8 end:32:9:
      vpiDefName: d
      vpiModule: Module name:d
  vpiLibrary (1 items):
    Library name:work:
      vpiParent: Design name:unnamed
      vpiName: work
===================
[  FATAL] : 0
[ SYNTAX] : 0
[  ERROR] : 0
[WARNING] : 0
[   NOTE] : 0
********************************************************************************
*                    End HLC SystemVerilog Compiler/Linter                     *
********************************************************************************

#**#**#**#**#**#**#**#**#**#**#**#**#**#**#**#**#**#**#**#**#**#**#**#**#**#**#**#**#**#**#**#**#**#**#**#**#**#**#**#**

Environment:
      test-name: Verilator/t_flag_topmodule
   test-dirpath: ${HLC_DIR}/regression/Verilator/t_flag_topmodule
  hldb-filepath: ${HLC_DIR}/regression/Verilator/t_flag_topmodule/design.hldb
mounts-filepath: ${HLC_DIR}/regression/Verilator/t_flag_topmodule/mounts.json


{'result': {'coverage': 100.0,
            'error_count': 0,
            'file_count': 1,
            'files': {'$Output/lib/work/t_flag_topmodule.v': {'post_len': 0,
                                                              'pre_len': 312}},
            'post_len': 0,
            'pre_len': 312,
            'test_name': 'Verilator/t_flag_topmodule'}}

+-------------------------------------+----------+-----------+
| INPUT                               |   PRELEN |   POSTLEN |
+=====================================+==========+===========+
| $Output/lib/work/t_flag_topmodule.v |      312 |         0 |
+=====================================+==========+===========+
|                                     |      312 |         0 |
+-------------------------------------+----------+-----------+

[   ERROR] : 0
[COVERAGE] : 100.0


#**#**#**#**#**#**#**#**#**#**#**#**#**#**#**#**#**#**#**#**#**#**#**#**#**#**#**#**#**#**#**#**#**#**#**#**#**#**#**#**

COMMAND: ${HLC_DIR}/regression/Verilator/t_flag_topmodule/design.hldb ${HLC_DIR}/regression/Verilator/t_flag_topmodule/reduced.hldb

==================== BEGIN REDUCTION RESULT ====================
Name                            Before   After   Added   Removed
----------------------------------------------------------------
----------------------------------------------------------------
Others                              69      69       0         0
----------------------------------------------------------------
                                    69      69       0         0
===================== END REDUCTION RESULT =====================
