********************************************************************************
*                   Begin HLC SystemVerilog Compiler/Linter                    *
********************************************************************************
Copyright (c) 2020 Apotell,
http://www.apache.org/licenses/LICENSE-2.0
VERSION: 1.84
COMMAND: -wd ../../../tests/Verilator +incdir+. -nobuiltin -timescale=1ns/1ns -d ast -d db t_inst_first_b.v -mt 0 -mp 0 -d dbstats -d cache -d db -nostdout -o ${HLC_DIR}/regression/Verilator/t_inst_first_b
[INF:CM0023] Creating log file "$Output/hlc.log".
[INF:PP0122] Preprocessing source file "$Source01/t_inst_first_b.v".
[INF:PA0201] Parsing source file "$Source01/t_inst_first_b.v".
AST_DEBUG_BEGIN
Count: 276
LIB: work
FILE: f<13>:$Source01/t_inst_first_b.v
n<$Source01/t_inst_first_b.v> u<275> t<Top_level_rule> c<1> l<6:1> el<38:1>
  n<> u<1> t<Null_rule> p<275> s<2> l<6:1> el<6:1>
  n<// DESCRIPTION: Verilator: Verilog Test module> u<2> t<LINE_COMMENT> p<275> s<3> l<1:1> el<1:47>
  n<//> u<3> t<LINE_COMMENT> p<275> s<4> l<2:1> el<2:3>
  n<// This file ONLY is placed into the Public Domain, for any use,> u<4> t<LINE_COMMENT> p<275> s<5> l<3:1> el<3:65>
  n<// without warranty, 2003 by Wilson Snyder.> u<5> t<LINE_COMMENT> p<275> s<274> l<4:1> el<4:44>
  n<> u<274> t<Source_text> p<275> c<273> l<6:1> el<37:10>
    n<> u<273> t<Description> p<274> c<272> l<6:1> el<37:10>
      n<> u<272> t<Module_declaration> p<273> c<67> l<6:1> el<37:10>
        n<> u<67> t<Module_nonansi_header> p<272> c<6> s<68> l<6:1> el<11:6>
          n<module> u<6> t<MODULE> p<67> s<7> l<6:1> el<6:7>
          n<t_inst_first_b> u<7> t<SIMPLE_IDENTIFIER> p<67> s<8> l<6:8> el<6:22>
          n<> u<8> t<Package_import_declaration_list> p<67> s<9> l<6:23> el<6:23>
          n</*AUTOARG*/> u<9> t<BLOCK_COMMENT> p<67> s<10> l<6:23> el<11:5>
          n<// Outputs> u<10> t<LINE_COMMENT> p<67> s<66> l<7:4> el<7:14>
          n<> u<66> t<Port_list> p<67> c<16> l<6:23> el<11:5>
            n<> u<16> t<Port> p<66> c<15> s<22> l<8:4> el<8:13>
              n<> u<15> t<Port_expression> p<16> c<14> l<8:4> el<8:13>
                n<> u<14> t<Port_reference> p<15> c<11> l<8:4> el<8:13>
                  n<o_seq_d1r> u<11> t<SIMPLE_IDENTIFIER> p<14> s<13> l<8:4> el<8:13>
                  n<> u<13> t<Constant_select> p<14> c<12> l<8:13> el<8:13>
                    n<> u<12> t<Constant_bit_select> p<13> l<8:13> el<8:13>
            n<> u<22> t<Port> p<66> c<21> s<28> l<8:15> el<8:20>
              n<> u<21> t<Port_expression> p<22> c<20> l<8:15> el<8:20>
                n<> u<20> t<Port_reference> p<21> c<17> l<8:15> el<8:20>
                  n<o_com> u<17> t<SIMPLE_IDENTIFIER> p<20> s<19> l<8:15> el<8:20>
                  n<> u<19> t<Constant_select> p<20> c<18> l<8:20> el<8:20>
                    n<> u<18> t<Constant_bit_select> p<19> l<8:20> el<8:20>
            n<> u<28> t<Port> p<66> c<27> s<29> l<8:22> el<8:28>
              n<> u<27> t<Port_expression> p<28> c<26> l<8:22> el<8:28>
                n<> u<26> t<Port_reference> p<27> c<23> l<8:22> el<8:28>
                  n<o2_com> u<23> t<SIMPLE_IDENTIFIER> p<26> s<25> l<8:22> el<8:28>
                  n<> u<25> t<Constant_select> p<26> c<24> l<8:28> el<8:28>
                    n<> u<24> t<Constant_bit_select> p<25> l<8:28> el<8:28>
            n<// Inputs> u<29> t<LINE_COMMENT> p<66> s<35> l<9:4> el<9:13>
            n<> u<35> t<Port> p<66> c<34> s<41> l<10:4> el<10:7>
              n<> u<34> t<Port_expression> p<35> c<33> l<10:4> el<10:7>
                n<> u<33> t<Port_reference> p<34> c<30> l<10:4> el<10:7>
                  n<clk> u<30> t<SIMPLE_IDENTIFIER> p<33> s<32> l<10:4> el<10:7>
                  n<> u<32> t<Constant_select> p<33> c<31> l<10:7> el<10:7>
                    n<> u<31> t<Constant_bit_select> p<32> l<10:7> el<10:7>
            n<> u<41> t<Port> p<66> c<40> s<47> l<10:9> el<10:14>
              n<> u<40> t<Port_expression> p<41> c<39> l<10:9> el<10:14>
                n<> u<39> t<Port_reference> p<40> c<36> l<10:9> el<10:14>
                  n<i_seq> u<36> t<SIMPLE_IDENTIFIER> p<39> s<38> l<10:9> el<10:14>
                  n<> u<38> t<Constant_select> p<39> c<37> l<10:14> el<10:14>
                    n<> u<37> t<Constant_bit_select> p<38> l<10:14> el<10:14>
            n<> u<47> t<Port> p<66> c<46> s<53> l<10:16> el<10:21>
              n<> u<46> t<Port_expression> p<47> c<45> l<10:16> el<10:21>
                n<> u<45> t<Port_reference> p<46> c<42> l<10:16> el<10:21>
                  n<i_com> u<42> t<SIMPLE_IDENTIFIER> p<45> s<44> l<10:16> el<10:21>
                  n<> u<44> t<Constant_select> p<45> c<43> l<10:21> el<10:21>
                    n<> u<43> t<Constant_bit_select> p<44> l<10:21> el<10:21>
            n<> u<53> t<Port> p<66> c<52> s<59> l<10:23> el<10:29>
              n<> u<52> t<Port_expression> p<53> c<51> l<10:23> el<10:29>
                n<> u<51> t<Port_reference> p<52> c<48> l<10:23> el<10:29>
                  n<i2_com> u<48> t<SIMPLE_IDENTIFIER> p<51> s<50> l<10:23> el<10:29>
                  n<> u<50> t<Constant_select> p<51> c<49> l<10:29> el<10:29>
                    n<> u<49> t<Constant_bit_select> p<50> l<10:29> el<10:29>
            n<> u<59> t<Port> p<66> c<58> s<65> l<10:31> el<10:45>
              n<> u<58> t<Port_expression> p<59> c<57> l<10:31> el<10:45>
                n<> u<57> t<Port_reference> p<58> c<54> l<10:31> el<10:45>
                  n<wide_for_trace> u<54> t<SIMPLE_IDENTIFIER> p<57> s<56> l<10:31> el<10:45>
                  n<> u<56> t<Constant_select> p<57> c<55> l<10:45> el<10:45>
                    n<> u<55> t<Constant_bit_select> p<56> l<10:45> el<10:45>
            n<> u<65> t<Port> p<66> c<64> l<10:47> el<10:63>
              n<> u<64> t<Port_expression> p<65> c<63> l<10:47> el<10:63>
                n<> u<63> t<Port_reference> p<64> c<60> l<10:47> el<10:63>
                  n<wide_for_trace_2> u<60> t<SIMPLE_IDENTIFIER> p<63> s<62> l<10:47> el<10:63>
                  n<> u<62> t<Constant_select> p<63> c<61> l<11:4> el<11:4>
                    n<> u<61> t<Constant_bit_select> p<62> l<11:4> el<11:4>
        n<// verilator inline_module> u<68> t<LINE_COMMENT> p<272> s<75> l<12:4> el<12:30>
        n<> u<75> t<Module_item> p<272> c<74> s<82> l<14:4> el<14:14>
          n<> u<74> t<Port_declaration> p<75> c<73> l<14:4> el<14:13>
            n<> u<73> t<Input_declaration> p<74> c<70> l<14:4> el<14:13>
              n<> u<70> t<Net_port_type> p<73> c<69> s<72> l<14:10> el<14:10>
                n<> u<69> t<Data_type_or_implicit> p<70> l<14:10> el<14:10>
              n<> u<72> t<Port_identifier_list> p<73> c<71> l<14:10> el<14:13>
                n<clk> u<71> t<SIMPLE_IDENTIFIER> p<72> l<14:10> el<14:13>
        n<> u<82> t<Module_item> p<272> c<81> s<89> l<16:4> el<16:18>
          n<> u<81> t<Port_declaration> p<82> c<80> l<16:4> el<16:17>
            n<> u<80> t<Input_declaration> p<81> c<77> l<16:4> el<16:17>
              n<> u<77> t<Net_port_type> p<80> c<76> s<79> l<16:12> el<16:12>
                n<> u<76> t<Data_type_or_implicit> p<77> l<16:12> el<16:12>
              n<> u<79> t<Port_identifier_list> p<80> c<78> l<16:12> el<16:17>
                n<i_seq> u<78> t<SIMPLE_IDENTIFIER> p<79> l<16:12> el<16:17>
        n<> u<89> t<Module_item> p<272> c<88> s<96> l<17:4> el<17:21>
          n<> u<88> t<Port_declaration> p<89> c<87> l<17:4> el<17:20>
            n<> u<87> t<Output_declaration> p<88> c<84> l<17:4> el<17:20>
              n<> u<84> t<Net_port_type> p<87> c<83> s<86> l<17:11> el<17:11>
                n<> u<83> t<Data_type_or_implicit> p<84> l<17:11> el<17:11>
              n<> u<86> t<Output_port_identifier_list> p<87> c<85> l<17:11> el<17:20>
                n<o_seq_d1r> u<85> t<SIMPLE_IDENTIFIER> p<86> l<17:11> el<17:20>
        n<> u<96> t<Module_item> p<272> c<95> s<103> l<18:4> el<18:18>
          n<> u<95> t<Port_declaration> p<96> c<94> l<18:4> el<18:17>
            n<> u<94> t<Input_declaration> p<95> c<91> l<18:4> el<18:17>
              n<> u<91> t<Net_port_type> p<94> c<90> s<93> l<18:12> el<18:12>
                n<> u<90> t<Data_type_or_implicit> p<91> l<18:12> el<18:12>
              n<> u<93> t<Port_identifier_list> p<94> c<92> l<18:12> el<18:17>
                n<i_com> u<92> t<SIMPLE_IDENTIFIER> p<93> l<18:12> el<18:17>
        n<> u<103> t<Module_item> p<272> c<102> s<120> l<19:4> el<19:17>
          n<> u<102> t<Port_declaration> p<103> c<101> l<19:4> el<19:16>
            n<> u<101> t<Output_declaration> p<102> c<98> l<19:4> el<19:16>
              n<> u<98> t<Net_port_type> p<101> c<97> s<100> l<19:11> el<19:11>
                n<> u<97> t<Data_type_or_implicit> p<98> l<19:11> el<19:11>
              n<> u<100> t<Output_port_identifier_list> p<101> c<99> l<19:11> el<19:16>
                n<o_com> u<99> t<SIMPLE_IDENTIFIER> p<100> l<19:11> el<19:16>
        n<> u<120> t<Module_item> p<272> c<119> s<137> l<20:4> el<20:24>
          n<> u<119> t<Port_declaration> p<120> c<118> l<20:4> el<20:23>
            n<> u<118> t<Input_declaration> p<119> c<115> l<20:4> el<20:23>
              n<> u<115> t<Net_port_type> p<118> c<114> s<117> l<20:10> el<20:15>
                n<> u<114> t<Data_type_or_implicit> p<115> c<113> l<20:10> el<20:15>
                  n<> u<113> t<Packed_dimension> p<114> c<112> l<20:10> el<20:15>
                    n<> u<112> t<Constant_range> p<113> c<107> l<20:11> el<20:14>
                      n<> u<107> t<Constant_expression> p<112> c<106> s<111> l<20:11> el<20:12>
                        n<> u<106> t<Constant_primary> p<107> c<105> l<20:11> el<20:12>
                          n<> u<105> t<Primary_literal> p<106> c<104> l<20:11> el<20:12>
                            n<1> u<104> t<INTEGRAL_NUMBER> p<105> l<20:11> el<20:12>
                      n<> u<111> t<Constant_expression> p<112> c<110> l<20:13> el<20:14>
                        n<> u<110> t<Constant_primary> p<111> c<109> l<20:13> el<20:14>
                          n<> u<109> t<Primary_literal> p<110> c<108> l<20:13> el<20:14>
                            n<0> u<108> t<INTEGRAL_NUMBER> p<109> l<20:13> el<20:14>
              n<> u<117> t<Port_identifier_list> p<118> c<116> l<20:17> el<20:23>
                n<i2_com> u<116> t<SIMPLE_IDENTIFIER> p<117> l<20:17> el<20:23>
        n<> u<137> t<Module_item> p<272> c<136> s<154> l<21:4> el<21:24>
          n<> u<136> t<Port_declaration> p<137> c<135> l<21:4> el<21:23>
            n<> u<135> t<Output_declaration> p<136> c<132> l<21:4> el<21:23>
              n<> u<132> t<Net_port_type> p<135> c<131> s<134> l<21:11> el<21:16>
                n<> u<131> t<Data_type_or_implicit> p<132> c<130> l<21:11> el<21:16>
                  n<> u<130> t<Packed_dimension> p<131> c<129> l<21:11> el<21:16>
                    n<> u<129> t<Constant_range> p<130> c<124> l<21:12> el<21:15>
                      n<> u<124> t<Constant_expression> p<129> c<123> s<128> l<21:12> el<21:13>
                        n<> u<123> t<Constant_primary> p<124> c<122> l<21:12> el<21:13>
                          n<> u<122> t<Primary_literal> p<123> c<121> l<21:12> el<21:13>
                            n<1> u<121> t<INTEGRAL_NUMBER> p<122> l<21:12> el<21:13>
                      n<> u<128> t<Constant_expression> p<129> c<127> l<21:14> el<21:15>
                        n<> u<127> t<Constant_primary> p<128> c<126> l<21:14> el<21:15>
                          n<> u<126> t<Primary_literal> p<127> c<125> l<21:14> el<21:15>
                            n<0> u<125> t<INTEGRAL_NUMBER> p<126> l<21:14> el<21:15>
              n<> u<134> t<Output_port_identifier_list> p<135> c<133> l<21:17> el<21:23>
                n<o2_com> u<133> t<SIMPLE_IDENTIFIER> p<134> l<21:17> el<21:23>
        n<> u<154> t<Module_item> p<272> c<153> s<171> l<22:4> el<22:33>
          n<> u<153> t<Port_declaration> p<154> c<152> l<22:4> el<22:32>
            n<> u<152> t<Input_declaration> p<153> c<149> l<22:4> el<22:32>
              n<> u<149> t<Net_port_type> p<152> c<148> s<151> l<22:10> el<22:17>
                n<> u<148> t<Data_type_or_implicit> p<149> c<147> l<22:10> el<22:17>
                  n<> u<147> t<Packed_dimension> p<148> c<146> l<22:10> el<22:17>
                    n<> u<146> t<Constant_range> p<147> c<141> l<22:11> el<22:16>
                      n<> u<141> t<Constant_expression> p<146> c<140> s<145> l<22:11> el<22:14>
                        n<> u<140> t<Constant_primary> p<141> c<139> l<22:11> el<22:14>
                          n<> u<139> t<Primary_literal> p<140> c<138> l<22:11> el<22:14>
                            n<127> u<138> t<INTEGRAL_NUMBER> p<139> l<22:11> el<22:14>
                      n<> u<145> t<Constant_expression> p<146> c<144> l<22:15> el<22:16>
                        n<> u<144> t<Constant_primary> p<145> c<143> l<22:15> el<22:16>
                          n<> u<143> t<Primary_literal> p<144> c<142> l<22:15> el<22:16>
                            n<0> u<142> t<INTEGRAL_NUMBER> p<143> l<22:15> el<22:16>
              n<> u<151> t<Port_identifier_list> p<152> c<150> l<22:18> el<22:32>
                n<wide_for_trace> u<150> t<SIMPLE_IDENTIFIER> p<151> l<22:18> el<22:32>
        n<> u<171> t<Module_item> p<272> c<170> s<172> l<23:4> el<23:35>
          n<> u<170> t<Port_declaration> p<171> c<169> l<23:4> el<23:34>
            n<> u<169> t<Input_declaration> p<170> c<166> l<23:4> el<23:34>
              n<> u<166> t<Net_port_type> p<169> c<165> s<168> l<23:10> el<23:17>
                n<> u<165> t<Data_type_or_implicit> p<166> c<164> l<23:10> el<23:17>
                  n<> u<164> t<Packed_dimension> p<165> c<163> l<23:10> el<23:17>
                    n<> u<163> t<Constant_range> p<164> c<158> l<23:11> el<23:16>
                      n<> u<158> t<Constant_expression> p<163> c<157> s<162> l<23:11> el<23:14>
                        n<> u<157> t<Constant_primary> p<158> c<156> l<23:11> el<23:14>
                          n<> u<156> t<Primary_literal> p<157> c<155> l<23:11> el<23:14>
                            n<127> u<155> t<INTEGRAL_NUMBER> p<156> l<23:11> el<23:14>
                      n<> u<162> t<Constant_expression> p<163> c<161> l<23:15> el<23:16>
                        n<> u<161> t<Constant_primary> p<162> c<160> l<23:15> el<23:16>
                          n<> u<160> t<Primary_literal> p<161> c<159> l<23:15> el<23:16>
                            n<0> u<159> t<INTEGRAL_NUMBER> p<160> l<23:15> el<23:16>
              n<> u<168> t<Port_identifier_list> p<169> c<167> l<23:18> el<23:34>
                n<wide_for_trace_2> u<167> t<SIMPLE_IDENTIFIER> p<168> l<23:18> el<23:34>
        n</*AUTOREG*/> u<172> t<BLOCK_COMMENT> p<272> s<173> l<29:4> el<29:21>
        n<// Beginning of automatic regs (for this module's undeclared outputs)> u<173> t<LINE_COMMENT> p<272> s<174> l<26:4> el<26:73>
        n<// End of automatics> u<174> t<LINE_COMMENT> p<272> s<187> l<27:4> el<27:24>
        n<> u<187> t<Module_item> p<272> c<186> s<224> l<29:4> el<29:21>
          n<> u<186> t<Non_port_module_item> p<187> c<185> l<29:4> el<29:21>
            n<> u<185> t<Module_or_generate_item> p<186> c<184> l<29:4> el<29:21>
              n<> u<184> t<Module_common_item> p<185> c<183> l<29:4> el<29:21>
                n<> u<183> t<Module_or_generate_item_declaration> p<184> c<182> l<29:4> el<29:21>
                  n<> u<182> t<Package_or_generate_item_declaration> p<183> c<181> l<29:4> el<29:21>
                    n<> u<181> t<Data_declaration> p<182> c<180> l<29:4> el<29:21>
                      n<> u<180> t<Variable_declaration> p<181> c<176> l<29:4> el<29:21>
                        n<> u<176> t<Data_type> p<180> c<175> s<179> l<29:4> el<29:7>
                          n<> u<175> t<REG> p<176> l<29:4> el<29:7>
                        n<> u<179> t<Variable_decl_assignment_list> p<180> c<178> l<29:11> el<29:20>
                          n<> u<178> t<Variable_decl_assignment> p<179> c<177> l<29:11> el<29:20>
                            n<o_seq_d1r> u<177> t<SIMPLE_IDENTIFIER> p<178> l<29:11> el<29:20>
        n<> u<224> t<Module_item> p<272> c<223> s<252> l<30:4> el<32:7>
          n<> u<223> t<Non_port_module_item> p<224> c<222> l<30:4> el<32:7>
            n<> u<222> t<Module_or_generate_item> p<223> c<221> l<30:4> el<32:7>
              n<> u<221> t<Module_common_item> p<222> c<220> l<30:4> el<32:7>
                n<> u<220> t<Always_construct> p<221> c<188> l<30:4> el<32:7>
                  n<> u<188> t<ALWAYS> p<220> s<219> l<30:4> el<30:10>
                  n<> u<219> t<Statement> p<220> c<218> l<30:11> el<32:7>
                    n<> u<218> t<Statement_item> p<219> c<217> l<30:11> el<32:7>
                      n<> u<217> t<Procedural_timing_control_statement> p<218> c<196> l<30:11> el<32:7>
                        n<> u<196> t<Procedural_timing_control> p<217> c<195> s<216> l<30:11> el<30:26>
                          n<> u<195> t<Event_control> p<196> c<194> l<30:11> el<30:26>
                            n<> u<194> t<Event_expression> p<195> c<189> l<30:14> el<30:25>
                              n<> u<189> t<POSEDGE> p<194> s<193> l<30:14> el<30:21>
                              n<> u<193> t<Expression> p<194> c<192> l<30:22> el<30:25>
                                n<> u<192> t<Primary> p<193> c<191> l<30:22> el<30:25>
                                  n<> u<191> t<Primary_literal> p<192> c<190> l<30:22> el<30:25>
                                    n<clk> u<190> t<SIMPLE_IDENTIFIER> p<191> l<30:22> el<30:25>
                        n<> u<216> t<Statement_or_null> p<217> c<215> l<30:27> el<32:7>
                          n<> u<215> t<Statement> p<216> c<214> l<30:27> el<32:7>
                            n<> u<214> t<Statement_item> p<215> c<213> l<30:27> el<32:7>
                              n<> u<213> t<Seq_block> p<214> c<211> l<30:27> el<32:7>
                                n<> u<211> t<Statement_or_null> p<213> c<210> s<212> l<31:7> el<31:27>
                                  n<> u<210> t<Statement> p<211> c<209> l<31:7> el<31:27>
                                    n<> u<209> t<Statement_item> p<210> c<208> l<31:7> el<31:27>
                                      n<> u<208> t<Nonblocking_assignment> p<209> c<201> l<31:7> el<31:26>
                                        n<> u<201> t<Variable_lvalue> p<208> c<198> s<207> l<31:7> el<31:16>
                                          n<> u<198> t<Ps_or_hierarchical_identifier> p<201> c<197> s<200> l<31:7> el<31:16>
                                            n<o_seq_d1r> u<197> t<SIMPLE_IDENTIFIER> p<198> l<31:7> el<31:16>
                                          n<> u<200> t<Select> p<201> c<199> l<31:17> el<31:17>
                                            n<> u<199> t<Bit_select> p<200> l<31:17> el<31:17>
                                        n<> u<207> t<Expression> p<208> c<206> l<31:20> el<31:26>
                                          n<> u<206> t<TILDA> p<207> s<205> l<31:20> el<31:21>
                                          n<> u<205> t<Expression> p<207> c<204> l<31:21> el<31:26>
                                            n<> u<204> t<Primary> p<205> c<203> l<31:21> el<31:26>
                                              n<> u<203> t<Primary_literal> p<204> c<202> l<31:21> el<31:26>
                                                n<i_seq> u<202> t<SIMPLE_IDENTIFIER> p<203> l<31:21> el<31:26>
                                n<> u<212> t<END> p<213> l<32:4> el<32:7>
        n<> u<252> t<Module_item> p<272> c<251> s<270> l<34:4> el<34:32>
          n<> u<251> t<Non_port_module_item> p<252> c<250> l<34:4> el<34:32>
            n<> u<250> t<Module_or_generate_item> p<251> c<249> l<34:4> el<34:32>
              n<> u<249> t<Module_common_item> p<250> c<248> l<34:4> el<34:32>
                n<> u<248> t<Module_or_generate_item_declaration> p<249> c<247> l<34:4> el<34:32>
                  n<> u<247> t<Package_or_generate_item_declaration> p<248> c<246> l<34:4> el<34:32>
                    n<> u<246> t<Net_declaration> p<247> c<225> l<34:4> el<34:32>
                      n<> u<225> t<WIRE> p<246> s<236> l<34:4> el<34:8>
                      n<> u<236> t<Data_type_or_implicit> p<246> c<235> s<245> l<34:9> el<34:14>
                        n<> u<235> t<Packed_dimension> p<236> c<234> l<34:9> el<34:14>
                          n<> u<234> t<Constant_range> p<235> c<229> l<34:10> el<34:13>
                            n<> u<229> t<Constant_expression> p<234> c<228> s<233> l<34:10> el<34:11>
                              n<> u<228> t<Constant_primary> p<229> c<227> l<34:10> el<34:11>
                                n<> u<227> t<Primary_literal> p<228> c<226> l<34:10> el<34:11>
                                  n<1> u<226> t<INTEGRAL_NUMBER> p<227> l<34:10> el<34:11>
                            n<> u<233> t<Constant_expression> p<234> c<232> l<34:12> el<34:13>
                              n<> u<232> t<Constant_primary> p<233> c<231> l<34:12> el<34:13>
                                n<> u<231> t<Primary_literal> p<232> c<230> l<34:12> el<34:13>
                                  n<0> u<230> t<INTEGRAL_NUMBER> p<231> l<34:12> el<34:13>
                      n<> u<245> t<Net_decl_assignment_list> p<246> c<244> l<34:15> el<34:31>
                        n<> u<244> t<Net_decl_assignment> p<245> c<237> l<34:15> el<34:31>
                          n<o2_com> u<237> t<SIMPLE_IDENTIFIER> p<244> s<243> l<34:15> el<34:21>
                          n<> u<243> t<Expression> p<244> c<242> l<34:24> el<34:31>
                            n<> u<242> t<TILDA> p<243> s<241> l<34:24> el<34:25>
                            n<> u<241> t<Expression> p<243> c<240> l<34:25> el<34:31>
                              n<> u<240> t<Primary> p<241> c<239> l<34:25> el<34:31>
                                n<> u<239> t<Primary_literal> p<240> c<238> l<34:25> el<34:31>
                                  n<i2_com> u<238> t<SIMPLE_IDENTIFIER> p<239> l<34:25> el<34:31>
        n<> u<270> t<Module_item> p<272> c<269> s<271> l<35:4> el<35:30>
          n<> u<269> t<Non_port_module_item> p<270> c<268> l<35:4> el<35:30>
            n<> u<268> t<Module_or_generate_item> p<269> c<267> l<35:4> el<35:30>
              n<> u<267> t<Module_common_item> p<268> c<266> l<35:4> el<35:30>
                n<> u<266> t<Module_or_generate_item_declaration> p<267> c<265> l<35:4> el<35:30>
                  n<> u<265> t<Package_or_generate_item_declaration> p<266> c<264> l<35:4> el<35:30>
                    n<> u<264> t<Net_declaration> p<265> c<253> l<35:4> el<35:30>
                      n<> u<253> t<WIRE> p<264> s<254> l<35:4> el<35:8>
                      n<> u<254> t<Data_type_or_implicit> p<264> s<263> l<35:15> el<35:15>
                      n<> u<263> t<Net_decl_assignment_list> p<264> c<262> l<35:15> el<35:29>
                        n<> u<262> t<Net_decl_assignment> p<263> c<255> l<35:15> el<35:29>
                          n<o_com> u<255> t<SIMPLE_IDENTIFIER> p<262> s<261> l<35:15> el<35:20>
                          n<> u<261> t<Expression> p<262> c<260> l<35:23> el<35:29>
                            n<> u<260> t<TILDA> p<261> s<259> l<35:23> el<35:24>
                            n<> u<259> t<Expression> p<261> c<258> l<35:24> el<35:29>
                              n<> u<258> t<Primary> p<259> c<257> l<35:24> el<35:29>
                                n<> u<257> t<Primary_literal> p<258> c<256> l<35:24> el<35:29>
                                  n<i_com> u<256> t<SIMPLE_IDENTIFIER> p<257> l<35:24> el<35:29>
        n<> u<271> t<ENDMODULE> p<272> l<37:1> el<37:10>
AST_DEBUG_END
[INF:CP0303] $Source01/t_inst_first_b.v:6:1: Compile module "t_inst_first_b".
[INF:CM0029] Using global timescale: "1ns/1ns".
====== HLDB =======
Design name:unnamed:
  vpiName: unnamed
  vpiSourceFile (1 items):
    SourceFile name:t_inst_first_b.v file:$Source01/t_inst_first_b.v:
      vpiParent: Design name:unnamed
      vpiName: t_inst_first_b.v
      vpiPreprocFile: "$Output/lib/work/t_inst_first_b.v"
  vpiAllModules (1 items):
    Module name:t_inst_first_b file:$Source01/t_inst_first_b.v start:6:1 end:37:10:
      vpiParent: Design name:unnamed
      vpiName Identifier name:t_inst_first_b start:6:8 end:6:22:
        vpiParent: Module name:t_inst_first_b
        vpiName: t_inst_first_b
      vpiFullName: t_inst_first_b
      vpiVariable (1 items):
        Variable name:o_seq_d1r start:17:11 end:17:20:
          vpiParent: Module name:t_inst_first_b
          vpiTypespec RefTypespec start:29:4 end:29:7:
            vpiParent: Variable name:o_seq_d1r
            vpiFullName: t_inst_first_b.o_seq_d1r
            vpiActual: LogicTypespec
          vpiName: o_seq_d1r
          vpiFullName: t_inst_first_b.o_seq_d1r
          vpiScalar: true
      vpiTypespec (6 items):
        LogicTypespec:
          vpiParent: Module name:t_inst_first_b
        LogicTypespec:
          vpiParent: Module name:t_inst_first_b
          vpiRange (1 items):
            Range start:20:10 end:20:15:
              vpiParent: LogicTypespec
              vpiLeftRange Constant start:20:11 end:20:12:
                vpiParent: Range
                vpiTypespec RefTypespec:
                  vpiParent: Constant
                  vpiFullName: t_inst_first_b
                  vpiActual: IntTypespec
                vpiConstType: unsigned int (9)
                vpiSize: 64
                vpiDecompile: "1"
                vpiValue: 1
              vpiRightRange Constant start:20:13 end:20:14:
                vpiParent: Range
                vpiTypespec RefTypespec:
                  vpiParent: Constant
                  vpiFullName: t_inst_first_b
                  vpiActual: IntTypespec
                vpiConstType: unsigned int (9)
                vpiSize: 64
                vpiDecompile: "0"
                vpiValue: 0
          vpiVector: true
        LogicTypespec:
          vpiParent: Module name:t_inst_first_b
          vpiRange (1 items):
            Range start:21:11 end:21:16:
              vpiParent: LogicTypespec
              vpiLeftRange Constant start:21:12 end:21:13:
                vpiParent: Range
                vpiTypespec RefTypespec:
                  vpiParent: Constant
                  vpiFullName: t_inst_first_b
                  vpiActual: IntTypespec
                vpiConstType: unsigned int (9)
                vpiSize: 64
                vpiDecompile: "1"
                vpiValue: 1
              vpiRightRange Constant start:21:14 end:21:15:
                vpiParent: Range
                vpiTypespec RefTypespec:
                  vpiParent: Constant
                  vpiFullName: t_inst_first_b
                  vpiActual: IntTypespec
                vpiConstType: unsigned int (9)
                vpiSize: 64
                vpiDecompile: "0"
                vpiValue: 0
          vpiVector: true
        LogicTypespec:
          vpiParent: Module name:t_inst_first_b
          vpiRange (1 items):
            Range start:22:10 end:22:17:
              vpiParent: LogicTypespec
              vpiLeftRange Constant start:22:11 end:22:14:
                vpiParent: Range
                vpiTypespec RefTypespec:
                  vpiParent: Constant
                  vpiFullName: t_inst_first_b
                  vpiActual: IntTypespec
                vpiConstType: unsigned int (9)
                vpiSize: 64
                vpiDecompile: "127"
                vpiValue: 127
              vpiRightRange Constant start:22:15 end:22:16:
                vpiParent: Range
                vpiTypespec RefTypespec:
                  vpiParent: Constant
                  vpiFullName: t_inst_first_b
                  vpiActual: IntTypespec
                vpiConstType: unsigned int (9)
                vpiSize: 64
                vpiDecompile: "0"
                vpiValue: 0
          vpiVector: true
        LogicTypespec:
          vpiParent: Module name:t_inst_first_b
          vpiRange (1 items):
            Range start:23:10 end:23:17:
              vpiParent: LogicTypespec
              vpiLeftRange Constant start:23:11 end:23:14:
                vpiParent: Range
                vpiTypespec RefTypespec:
                  vpiParent: Constant
                  vpiFullName: t_inst_first_b
                  vpiActual: IntTypespec
                vpiConstType: unsigned int (9)
                vpiSize: 64
                vpiDecompile: "127"
                vpiValue: 127
              vpiRightRange Constant start:23:15 end:23:16:
                vpiParent: Range
                vpiTypespec RefTypespec:
                  vpiParent: Constant
                  vpiFullName: t_inst_first_b
                  vpiActual: IntTypespec
                vpiConstType: unsigned int (9)
                vpiSize: 64
                vpiDecompile: "0"
                vpiValue: 0
          vpiVector: true
        LogicTypespec:
          vpiParent: Module name:t_inst_first_b
          vpiRange (1 items):
            Range start:34:9 end:34:14:
              vpiParent: LogicTypespec
              vpiLeftRange Constant start:34:10 end:34:11:
                vpiParent: Range
                vpiTypespec RefTypespec:
                  vpiParent: Constant
                  vpiFullName: t_inst_first_b
                  vpiActual: IntTypespec
                vpiConstType: unsigned int (9)
                vpiSize: 64
                vpiDecompile: "1"
                vpiValue: 1
              vpiRightRange Constant start:34:12 end:34:13:
                vpiParent: Range
                vpiTypespec RefTypespec:
                  vpiParent: Constant
                  vpiFullName: t_inst_first_b
                  vpiActual: IntTypespec
                vpiConstType: unsigned int (9)
                vpiSize: 64
                vpiDecompile: "0"
                vpiValue: 0
          vpiVector: true
      vpiDefName: t_inst_first_b
      vpiDefNetType: wire (1)
      vpiLibrary RefObj name:work:
        vpiParent: Module name:t_inst_first_b
        vpiName: work
        vpiFullName: t_inst_first_b.work
      vpiCell: t_inst_first_b
      vpiNet (8 items):
        Net name:clk start:14:10 end:14:13:
          vpiParent: Module name:t_inst_first_b
          vpiTypespec RefTypespec start:14:10 end:14:10:
            vpiParent: Net name:clk
            vpiFullName: t_inst_first_b.clk
            vpiActual: LogicTypespec
          vpiName: clk
          vpiFullName: t_inst_first_b.clk
          vpiNetType: wire (1)
          vpiScalar: true
        Net name:i_seq start:16:12 end:16:17:
          vpiParent: Module name:t_inst_first_b
          vpiTypespec RefTypespec start:16:12 end:16:12:
            vpiParent: Net name:i_seq
            vpiFullName: t_inst_first_b.i_seq
            vpiActual: LogicTypespec
          vpiName: i_seq
          vpiFullName: t_inst_first_b.i_seq
          vpiNetType: wire (1)
          vpiScalar: true
        Net name:i_com start:18:12 end:18:17:
          vpiParent: Module name:t_inst_first_b
          vpiTypespec RefTypespec start:18:12 end:18:12:
            vpiParent: Net name:i_com
            vpiFullName: t_inst_first_b.i_com
            vpiActual: LogicTypespec
          vpiName: i_com
          vpiFullName: t_inst_first_b.i_com
          vpiNetType: wire (1)
          vpiScalar: true
        Net name:o_com start:19:11 end:19:16:
          vpiParent: Module name:t_inst_first_b
          vpiTypespec RefTypespec start:35:15 end:35:15:
            vpiParent: Net name:o_com
            vpiFullName: t_inst_first_b.o_com
            vpiActual: LogicTypespec
          vpiName: o_com
          vpiFullName: t_inst_first_b.o_com
          vpiNetType: wire (1)
          vpiScalar: true
          vpiValue Operation start:35:23 end:35:29:
            vpiParent: Net name:o_com
            vpiOpType: bitwise negation (4)
            vpiOperand (1 items):
              RefObj name:i_com start:35:24 end:35:29:
                vpiParent: Operation
                vpiName: i_com
                vpiFullName: t_inst_first_b.o_com.i_com
                vpiActual: Net name:i_com
        Net name:i2_com start:20:17 end:20:23:
          vpiParent: Module name:t_inst_first_b
          vpiTypespec RefTypespec start:20:10 end:20:15:
            vpiParent: Net name:i2_com
            vpiFullName: t_inst_first_b.i2_com
            vpiActual: LogicTypespec
          vpiName: i2_com
          vpiFullName: t_inst_first_b.i2_com
          vpiNetType: wire (1)
          vpiVector: true
        Net name:o2_com start:21:17 end:21:23:
          vpiParent: Module name:t_inst_first_b
          vpiTypespec RefTypespec start:34:9 end:34:14:
            vpiParent: Net name:o2_com
            vpiFullName: t_inst_first_b.o2_com
            vpiActual: LogicTypespec
          vpiName: o2_com
          vpiFullName: t_inst_first_b.o2_com
          vpiNetType: wire (1)
          vpiVector: true
          vpiValue Operation start:34:24 end:34:31:
            vpiParent: Net name:o2_com
            vpiOpType: bitwise negation (4)
            vpiOperand (1 items):
              RefObj name:i2_com start:34:25 end:34:31:
                vpiParent: Operation
                vpiName: i2_com
                vpiFullName: t_inst_first_b.o2_com.i2_com
                vpiActual: Net name:i2_com
        Net name:wide_for_trace start:22:18 end:22:32:
          vpiParent: Module name:t_inst_first_b
          vpiTypespec RefTypespec start:22:10 end:22:17:
            vpiParent: Net name:wide_for_trace
            vpiFullName: t_inst_first_b.wide_for_trace
            vpiActual: LogicTypespec
          vpiName: wide_for_trace
          vpiFullName: t_inst_first_b.wide_for_trace
          vpiNetType: wire (1)
          vpiVector: true
        Net name:wide_for_trace_2 start:23:18 end:23:34:
          vpiParent: Module name:t_inst_first_b
          vpiTypespec RefTypespec start:23:10 end:23:17:
            vpiParent: Net name:wide_for_trace_2
            vpiFullName: t_inst_first_b.wide_for_trace_2
            vpiActual: LogicTypespec
          vpiName: wide_for_trace_2
          vpiFullName: t_inst_first_b.wide_for_trace_2
          vpiNetType: wire (1)
          vpiVector: true
      vpiPort (9 items):
        Port name:o_seq_d1r start:8:4 end:8:13:
          vpiParent: Module name:t_inst_first_b
          vpiName: o_seq_d1r
          vpiDirection: output (2)
          vpiLowConn RefObj name:o_seq_d1r start:17:11 end:17:20:
            vpiParent: Port name:o_seq_d1r
            vpiName: o_seq_d1r
            vpiFullName: t_inst_first_b.o_seq_d1r.o_seq_d1r
            vpiActual: Variable name:o_seq_d1r
          vpiTypespec RefTypespec start:17:11 end:17:11:
            vpiParent: Port name:o_seq_d1r
            vpiFullName: t_inst_first_b.o_seq_d1r
        Port name:o_com start:8:15 end:8:20:
          vpiParent: Module name:t_inst_first_b
          vpiName: o_com
          vpiDirection: output (2)
          vpiLowConn RefObj name:o_com start:19:11 end:19:16:
            vpiParent: Port name:o_com
            vpiName: o_com
            vpiFullName: t_inst_first_b.o_com.o_com
            vpiActual: Net name:o_com
          vpiTypespec RefTypespec start:19:11 end:19:11:
            vpiParent: Port name:o_com
            vpiFullName: t_inst_first_b.o_com
        Port name:o2_com start:8:22 end:8:28:
          vpiParent: Module name:t_inst_first_b
          vpiName: o2_com
          vpiDirection: output (2)
          vpiLowConn RefObj name:o2_com start:21:17 end:21:23:
            vpiParent: Port name:o2_com
            vpiName: o2_com
            vpiFullName: t_inst_first_b.o2_com.o2_com
            vpiActual: Net name:o2_com
          vpiTypespec RefTypespec start:21:11 end:21:16:
            vpiParent: Port name:o2_com
            vpiFullName: t_inst_first_b.o2_com
        Port name:clk start:10:4 end:10:7:
          vpiParent: Module name:t_inst_first_b
          vpiName: clk
          vpiDirection: input (1)
          vpiLowConn RefObj name:clk start:14:10 end:14:13:
            vpiParent: Port name:clk
            vpiName: clk
            vpiFullName: t_inst_first_b.clk.clk
            vpiActual: Net name:clk
          vpiTypespec RefTypespec start:14:10 end:14:10:
            vpiParent: Port name:clk
            vpiFullName: t_inst_first_b.clk
            vpiActual: LogicTypespec
        Port name:i_seq start:10:9 end:10:14:
          vpiParent: Module name:t_inst_first_b
          vpiName: i_seq
          vpiDirection: input (1)
          vpiLowConn RefObj name:i_seq start:16:12 end:16:17:
            vpiParent: Port name:i_seq
            vpiName: i_seq
            vpiFullName: t_inst_first_b.i_seq.i_seq
            vpiActual: Net name:i_seq
          vpiTypespec RefTypespec start:16:12 end:16:12:
            vpiParent: Port name:i_seq
            vpiFullName: t_inst_first_b.i_seq
            vpiActual: LogicTypespec
        Port name:i_com start:10:16 end:10:21:
          vpiParent: Module name:t_inst_first_b
          vpiName: i_com
          vpiDirection: input (1)
          vpiLowConn RefObj name:i_com start:18:12 end:18:17:
            vpiParent: Port name:i_com
            vpiName: i_com
            vpiFullName: t_inst_first_b.i_com.i_com
            vpiActual: Net name:i_com
          vpiTypespec RefTypespec start:18:12 end:18:12:
            vpiParent: Port name:i_com
            vpiFullName: t_inst_first_b.i_com
            vpiActual: LogicTypespec
        Port name:i2_com start:10:23 end:10:29:
          vpiParent: Module name:t_inst_first_b
          vpiName: i2_com
          vpiDirection: input (1)
          vpiLowConn RefObj name:i2_com start:20:17 end:20:23:
            vpiParent: Port name:i2_com
            vpiName: i2_com
            vpiFullName: t_inst_first_b.i2_com.i2_com
            vpiActual: Net name:i2_com
          vpiTypespec RefTypespec start:20:10 end:20:15:
            vpiParent: Port name:i2_com
            vpiFullName: t_inst_first_b.i2_com
            vpiActual: LogicTypespec
        Port name:wide_for_trace start:10:31 end:10:45:
          vpiParent: Module name:t_inst_first_b
          vpiName: wide_for_trace
          vpiDirection: input (1)
          vpiLowConn RefObj name:wide_for_trace start:22:18 end:22:32:
            vpiParent: Port name:wide_for_trace
            vpiName: wide_for_trace
            vpiFullName: t_inst_first_b.wide_for_trace.wide_for_trace
            vpiActual: Net name:wide_for_trace
          vpiTypespec RefTypespec start:22:10 end:22:17:
            vpiParent: Port name:wide_for_trace
            vpiFullName: t_inst_first_b.wide_for_trace
            vpiActual: LogicTypespec
        Port name:wide_for_trace_2 start:10:47 end:10:63:
          vpiParent: Module name:t_inst_first_b
          vpiName: wide_for_trace_2
          vpiDirection: input (1)
          vpiLowConn RefObj name:wide_for_trace_2 start:23:18 end:23:34:
            vpiParent: Port name:wide_for_trace_2
            vpiName: wide_for_trace_2
            vpiFullName: t_inst_first_b.wide_for_trace_2.wide_for_trace_2
            vpiActual: Net name:wide_for_trace_2
          vpiTypespec RefTypespec start:23:10 end:23:17:
            vpiParent: Port name:wide_for_trace_2
            vpiFullName: t_inst_first_b.wide_for_trace_2
            vpiActual: LogicTypespec
      vpiProcess (1 items):
        Always start:30:4 end:32:7:
          vpiParent: Module name:t_inst_first_b
          vpiStmt EventControl start:30:11 end:32:7:
            vpiParent: Always
            vpiCondition Operation start:30:14 end:30:25:
              vpiParent: EventControl
              vpiOpType: posedge (39)
              vpiOperand (1 items):
                RefObj name:clk start:30:22 end:30:25:
                  vpiParent: Operation
                  vpiName: clk
                  vpiFullName: t_inst_first_b.clk
                  vpiActual: Net name:clk
            vpiStmt Begin start:30:27 end:32:7:
              vpiParent: EventControl
              vpiFullName: t_inst_first_b
              vpiStmt (1 items):
                Assignment start:31:7 end:31:26:
                  vpiParent: Begin
                  vpiLhs RefObj name:o_seq_d1r start:31:7 end:31:16:
                    vpiParent: Assignment
                    vpiName: o_seq_d1r
                    vpiFullName: t_inst_first_b.o_seq_d1r
                    vpiActual: Variable name:o_seq_d1r
                  vpiRhs Operation start:31:20 end:31:26:
                    vpiParent: Assignment
                    vpiOpType: bitwise negation (4)
                    vpiOperand (1 items):
                      RefObj name:i_seq start:31:21 end:31:26:
                        vpiParent: Operation
                        vpiName: i_seq
                        vpiFullName: t_inst_first_b.i_seq
                        vpiActual: Net name:i_seq
          vpiAlwaysType: always (1)
  vpiTypespec (2 items):
    ModuleTypespec name:t_inst_first_b:
      vpiParent: Design name:unnamed
      vpiName Identifier name:t_inst_first_b start:6:8 end:6:22:
        vpiParent: ModuleTypespec name:t_inst_first_b
        vpiName: t_inst_first_b
      vpiModule: Module name:t_inst_first_b
    IntTypespec:
      vpiParent: Design name:unnamed
      vpiSigned: true
===================
[  FATAL] : 0
[ SYNTAX] : 0
[  ERROR] : 0
[WARNING] : 0
[   NOTE] : 0
********************************************************************************
*                    End HLC SystemVerilog Compiler/Linter                     *
********************************************************************************

#**#**#**#**#**#**#**#**#**#**#**#**#**#**#**#**#**#**#**#**#**#**#**#**#**#**#**#**#**#**#**#**#**#**#**#**#**#**#**#**

Environment:
      test-name: Verilator/t_inst_first_b
   test-dirpath: ${HLC_DIR}/regression/Verilator/t_inst_first_b
  hldb-filepath: ${HLC_DIR}/regression/Verilator/t_inst_first_b/design.hldb
mounts-filepath: ${HLC_DIR}/regression/Verilator/t_inst_first_b/mounts.json


{'result': {'coverage': 95.1,
            'error_count': 0,
            'file_count': 1,
            'files': {'$Output/lib/work/t_inst_first_b.v': {'post_len': 20,
                                                            'pre_len': 408}},
            'post_len': 20,
            'pre_len': 408,
            'test_name': 'Verilator/t_inst_first_b'}}

+-----------------------------------+----------+-----------+
| INPUT                             |   PRELEN |   POSTLEN |
+===================================+==========+===========+
| $Output/lib/work/t_inst_first_b.v |      408 |        20 |
+===================================+==========+===========+
|                                   |      408 |        20 |
+-----------------------------------+----------+-----------+

[   ERROR] : 0
[COVERAGE] : 95.1


#**#**#**#**#**#**#**#**#**#**#**#**#**#**#**#**#**#**#**#**#**#**#**#**#**#**#**#**#**#**#**#**#**#**#**#**#**#**#**#**

COMMAND: ${HLC_DIR}/regression/Verilator/t_inst_first_b/design.hldb ${HLC_DIR}/regression/Verilator/t_inst_first_b/reduced.hldb

==================== BEGIN REDUCTION RESULT ====================
Name                            Before   After   Added   Removed
----------------------------------------------------------------
----------------------------------------------------------------
Others                              97      97       0         0
----------------------------------------------------------------
                                    97      97       0         0
===================== END REDUCTION RESULT =====================
