********************************************
*  SURELOG SystemVerilog  Compiler/Linter  *
********************************************
Copyright (c) 2017-2023 Alain Dargelas,
http://www.apache.org/licenses/LICENSE-2.0
VERSION: 1.84
BUILT  : Jun 18 2026
DATE   : 2026-06-18.18:57:36
COMMAND: -wd ../../../tests/Verilator +incdir+. -parse -nobuiltin -timescale=1ns/1ns -d ast -d uhdm t_flag_stats.v -mt 0 -mp 0 -d uhdmstats -d cache -d uhdm -nostdout -o ${SURELOG_DIR}/regression/Verilator/t_flag_stats
[INF:CM0023] Creating log file "$Output/hlc.log".
[INF:PP0122] Preprocessing source file "$Source01/t_flag_stats.v".
[INF:PA0201] Parsing source file "$Source01/t_flag_stats.v".
AST_DEBUG_BEGIN
Count: 86
LIB: work
FILE: $Source01/t_flag_stats.v
n<$Source01/t_flag_stats.v> u<85> t<Top_level_rule> c<1> l<6:1> el<14:1>
  n<> u<1> t<Null_rule> p<85> s<2> l<6:1> el<6:1>
  n<// DESCRIPTION: Verilator: Verilog Test module> u<2> t<LINE_COMMENT> p<85> s<3> l<1:1> el<1:47>
  n<//> u<3> t<LINE_COMMENT> p<85> s<4> l<2:1> el<2:3>
  n<// This file ONLY is placed into the Public Domain, for any use,> u<4> t<LINE_COMMENT> p<85> s<5> l<3:1> el<3:65>
  n<// without warranty, 2014 by Wilson Snyder.> u<5> t<LINE_COMMENT> p<85> s<84> l<4:1> el<4:44>
  n<> u<84> t<Source_text> p<85> c<83> l<6:1> el<13:10>
    n<> u<83> t<Description> p<84> c<82> l<6:1> el<13:10>
      n<> u<82> t<Module_declaration> p<83> c<16> l<6:1> el<13:10>
        n<> u<16> t<Module_nonansi_header> p<82> c<6> s<35> l<6:1> el<6:14>
          n<module> u<6> t<Module_keyword> p<16> s<7> l<6:1> el<6:7>
          n<t> u<7> t<SIMPLE_IDENTIFIER> p<16> s<8> l<6:8> el<6:9>
          n<> u<8> t<Package_import_declaration_list> p<16> s<15> l<6:10> el<6:10>
          n<> u<15> t<Port_list> p<16> c<14> l<6:10> el<6:13>
            n<> u<14> t<Port> p<15> c<13> l<6:11> el<6:12>
              n<> u<13> t<Port_expression> p<14> c<12> l<6:11> el<6:12>
                n<> u<12> t<Port_reference> p<13> c<9> l<6:11> el<6:12>
                  n<b> u<9> t<SIMPLE_IDENTIFIER> p<12> s<11> l<6:11> el<6:12>
                  n<> u<11> t<Constant_select> p<12> c<10> l<6:12> el<6:12>
                    n<> u<10> t<Constant_bit_select> p<11> l<6:12> el<6:12>
        n<> u<35> t<Module_item> p<82> c<34> s<80> l<7:4> el<7:24>
          n<> u<34> t<Port_declaration> p<35> c<33> l<7:4> el<7:23>
            n<> u<33> t<Output_declaration> p<34> c<30> l<7:4> el<7:23>
              n<> u<30> t<Net_port_type> p<33> c<29> s<32> l<7:11> el<7:21>
                n<> u<29> t<Data_type_or_implicit> p<30> c<28> l<7:11> el<7:21>
                  n<> u<28> t<Data_type> p<29> c<17> l<7:11> el<7:21>
                    n<> u<17> t<REG> p<28> s<27> l<7:11> el<7:14>
                    n<> u<27> t<Packed_dimension> p<28> c<26> l<7:15> el<7:21>
                      n<> u<26> t<Constant_range> p<27> c<21> l<7:16> el<7:20>
                        n<> u<21> t<Constant_expression> p<26> c<20> s<25> l<7:16> el<7:18>
                          n<> u<20> t<Constant_primary> p<21> c<19> l<7:16> el<7:18>
                            n<> u<19> t<Primary_literal> p<20> c<18> l<7:16> el<7:18>
                              n<31> u<18> t<INTEGRAL_NUMBER> p<19> l<7:16> el<7:18>
                        n<> u<25> t<Constant_expression> p<26> c<24> l<7:19> el<7:20>
                          n<> u<24> t<Constant_primary> p<25> c<23> l<7:19> el<7:20>
                            n<> u<23> t<Primary_literal> p<24> c<22> l<7:19> el<7:20>
                              n<0> u<22> t<INTEGRAL_NUMBER> p<23> l<7:19> el<7:20>
              n<> u<32> t<Port_identifier_list> p<33> c<31> l<7:22> el<7:23>
                n<b> u<31> t<SIMPLE_IDENTIFIER> p<32> l<7:22> el<7:23>
        n<> u<80> t<Module_item> p<82> c<79> s<81> l<8:4> el<12:7>
          n<> u<79> t<Non_port_module_item> p<80> c<78> l<8:4> el<12:7>
            n<> u<78> t<Module_or_generate_item> p<79> c<77> l<8:4> el<12:7>
              n<> u<77> t<Module_common_item> p<78> c<76> l<8:4> el<12:7>
                n<> u<76> t<Initial_construct> p<77> c<75> l<8:4> el<12:7>
                  n<> u<75> t<Statement_or_null> p<76> c<74> l<8:12> el<12:7>
                    n<> u<74> t<Statement> p<75> c<73> l<8:12> el<12:7>
                      n<> u<73> t<Statement_item> p<74> c<72> l<8:12> el<12:7>
                        n<> u<72> t<Seq_block> p<73> c<49> l<8:12> el<12:7>
                          n<> u<49> t<Statement_or_null> p<72> c<48> s<61> l<9:7> el<9:14>
                            n<> u<48> t<Statement> p<49> c<47> l<9:7> el<9:14>
                              n<> u<47> t<Statement_item> p<48> c<46> l<9:7> el<9:14>
                                n<> u<46> t<Blocking_assignment> p<47> c<45> l<9:7> el<9:13>
                                  n<> u<45> t<Variable_assignment> p<46> c<40> l<9:7> el<9:13>
                                    n<> u<40> t<Variable_lvalue> p<45> c<37> s<44> l<9:7> el<9:8>
                                      n<> u<37> t<Ps_or_hierarchical_identifier> p<40> c<36> s<39> l<9:7> el<9:8>
                                        n<b> u<36> t<SIMPLE_IDENTIFIER> p<37> l<9:7> el<9:8>
                                      n<> u<39> t<Select> p<40> c<38> l<9:9> el<9:9>
                                        n<> u<38> t<Bit_select> p<39> l<9:9> el<9:9>
                                    n<> u<44> t<Expression> p<45> c<43> l<9:11> el<9:13>
                                      n<> u<43> t<Primary> p<44> c<42> l<9:11> el<9:13>
                                        n<> u<42> t<Primary_literal> p<43> c<41> l<9:11> el<9:13>
                                          n<22> u<41> t<INTEGRAL_NUMBER> p<42> l<9:11> el<9:13>
                          n<> u<61> t<Statement_or_null> p<72> c<60> s<70> l<10:7> el<10:40>
                            n<> u<60> t<Statement> p<61> c<59> l<10:7> el<10:40>
                              n<> u<59> t<Statement_item> p<60> c<58> l<10:7> el<10:40>
                                n<> u<58> t<Subroutine_call_statement> p<59> c<57> l<10:7> el<10:40>
                                  n<> u<57> t<Subroutine_call> p<58> c<50> l<10:7> el<10:39>
                                    n<$> u<50> t<DOLLAR> p<57> s<51> l<10:7> el<10:8>
                                    n<write> u<51> t<SIMPLE_IDENTIFIER> p<57> s<56> l<10:8> el<10:13>
                                    n<> u<56> t<Argument_list> p<57> c<55> l<10:14> el<10:38>
                                      n<> u<55> t<Expression> p<56> c<54> l<10:14> el<10:38>
                                        n<> u<54> t<Primary> p<55> c<53> l<10:14> el<10:38>
                                          n<> u<53> t<Primary_literal> p<54> c<52> l<10:14> el<10:38>
                                            n<"*-* All Finished *-*\n"> u<52> t<QUOTED_STRING> p<53> l<10:14> el<10:38>
                          n<> u<70> t<Statement_or_null> p<72> c<69> s<71> l<11:7> el<11:15>
                            n<> u<69> t<Statement> p<70> c<68> l<11:7> el<11:15>
                              n<> u<68> t<Statement_item> p<69> c<67> l<11:7> el<11:15>
                                n<> u<67> t<Subroutine_call_statement> p<68> c<66> l<11:7> el<11:15>
                                  n<> u<66> t<Subroutine_call> p<67> c<62> l<11:7> el<11:14>
                                    n<$> u<62> t<DOLLAR> p<66> s<63> l<11:7> el<11:8>
                                    n<finish> u<63> t<SIMPLE_IDENTIFIER> p<66> s<65> l<11:8> el<11:14>
                                    n<> u<65> t<Select> p<66> c<64> l<11:14> el<11:14>
                                      n<> u<64> t<Bit_select> p<65> l<11:14> el<11:14>
                          n<> u<71> t<END> p<72> l<12:4> el<12:7>
        n<> u<81> t<ENDMODULE> p<82> l<13:1> el<13:10>
AST_DEBUG_END
[INF:CP0303] $Source01/t_flag_stats.v:6:1: Compile module "work@t".
[INF:CM0029] Using global timescale: "1ns/1ns".
====== UHDM =======
Design name:unnamed:
  vpiName: unnamed
  vpiSourceFile (1 items):
    SourceFile name:t_flag_stats.v file:$Source01/t_flag_stats.v:
      vpiParent: Design name:unnamed
      vpiName: t_flag_stats.v
      vpiPreprocFile: "$Output/lib/work/t_flag_stats.v"
      vpiDefNetType: none (12)
  vpiAllModules (1 items):
    Module name:work@t file:$Source01/t_flag_stats.v start:6:1 end:13:10:
      vpiParent: Design name:unnamed
      vpiName Identifier name:work@t start:6:8 end:6:9:
        vpiParent: Module name:work@t
        vpiName: work@t
      vpiFullName: work@t
      vpiTypespec (1 items):
        LogicTypespec:
          vpiParent: Module name:work@t
          vpiRange (1 items):
            Range start:7:15 end:7:21:
              vpiParent: LogicTypespec
              vpiLeftRange Constant start:7:16 end:7:18:
                vpiParent: Range
                vpiTypespec RefTypespec:
                  vpiParent: Constant
                  vpiFullName: work@t
                  vpiActual: IntTypespec
                vpiConstType: unsigned int (9)
                vpiSize: 64
                vpiDecompile: "31"
                vpiValue: 31
              vpiRightRange Constant start:7:19 end:7:20:
                vpiParent: Range
                vpiTypespec RefTypespec:
                  vpiParent: Constant
                  vpiFullName: work@t
                  vpiActual: IntTypespec
                vpiConstType: unsigned int (9)
                vpiSize: 64
                vpiDecompile: "0"
                vpiValue: 0
          vpiVector: true
      vpiDefName: work@t
      vpiDefNetType: none (12)
      vpiLibrary RefObj name:work:
        vpiParent: Module name:work@t
        vpiName: work
        vpiFullName: work@t.work
      vpiCell: t
      vpiNet (1 items):
        Net name:b start:7:22 end:7:23:
          vpiParent: Module name:work@t
          vpiTypespec RefTypespec start:7:11 end:7:21:
            vpiParent: Net name:b
            vpiFullName: work@t.b
            vpiActual: LogicTypespec
          vpiName: b
          vpiFullName: work@t.b
          vpiNetType: reg (48)
      vpiPort (1 items):
        Port name:b start:6:11 end:6:12:
          vpiParent: Module name:work@t
          vpiName: b
          vpiDirection: output (2)
          vpiLowConn RefObj name:b start:6:11 end:6:12:
            vpiParent: Port name:b
            vpiName: b
            vpiFullName: work@t.b.b
            vpiActual: Net name:b
          vpiTypespec RefTypespec start:7:11 end:7:21:
            vpiParent: Port name:b
            vpiFullName: work@t.b
            vpiActual: LogicTypespec
      vpiProcess (1 items):
        Initial start:8:4 end:12:7:
          vpiParent: Module name:work@t
          vpiStmt Begin start:8:12 end:12:7:
            vpiParent: Initial
            vpiFullName: work@t
            vpiStmt (3 items):
              Assignment start:9:7 end:9:13:
                vpiParent: Begin
                vpiBlocking: true
                vpiLhs RefObj name:b start:9:7 end:9:8:
                  vpiParent: Assignment
                  vpiName: b
                  vpiFullName: work@t.b
                  vpiActual: Net name:b
                vpiRhs Constant start:9:11 end:9:13:
                  vpiParent: Assignment
                  vpiTypespec RefTypespec:
                    vpiParent: Constant
                    vpiFullName: work@t
                    vpiActual: IntTypespec
                  vpiConstType: unsigned int (9)
                  vpiSize: 64
                  vpiDecompile: "22"
                  vpiValue: 22
              SysFuncCall name:$write start:10:7 end:10:39:
                vpiParent: Begin
                vpiName Identifier name:$write start:10:7 end:10:13:
                  vpiParent: SysFuncCall name:$write
                  vpiName: "$write"
                vpiArgument (1 items):
                  Constant start:10:14 end:10:38:
                    vpiParent: SysFuncCall name:$write
                    vpiTypespec RefTypespec:
                      vpiParent: Constant
                      vpiFullName: work@t
                      vpiActual: StringTypespec
                    vpiConstType: string (6)
                    vpiSize: 176
                    vpiDecompile: "\"*-* All Finished *-*\\n\""
                    vpiValue: "*-* All Finished *-*\\n"
              SysFuncCall name:$finish start:11:7 end:11:14:
                vpiParent: Begin
                vpiName Identifier name:$finish start:11:7 end:11:14:
                  vpiParent: SysFuncCall name:$finish
                  vpiName: "$finish"
  vpiTypespec (3 items):
    ModuleTypespec name:work@t:
      vpiParent: Design name:unnamed
      vpiName Identifier name:work@t start:6:8 end:6:9:
        vpiParent: ModuleTypespec name:work@t
        vpiName: work@t
      vpiModule: Module name:work@t
    IntTypespec:
      vpiParent: Design name:unnamed
      vpiSigned: true
    StringTypespec:
      vpiParent: Design name:unnamed
===================
[  FATAL] : 0
[ SYNTAX] : 0
[  ERROR] : 0
[WARNING] : 0
[   NOTE] : 0
********************************************
*   End SURELOG SVerilog Compiler/Linter   *
********************************************

#**#**#**#**#**#**#**#**#**#**#**#**#**#**#**#**#**#**#**#**#**#**#**#**#**#**#**#**#**#**#**#**#**#**#**#**#**#**#**#**

Environment:
      test-name: Verilator/t_flag_stats
   test-dirpath: ${SURELOG_DIR}/regression/Verilator/t_flag_stats
  uhdm-filepath: ${SURELOG_DIR}/regression/Verilator/t_flag_stats/surelog.uhdm
mounts-filepath: ${SURELOG_DIR}/regression/Verilator/t_flag_stats/mounts.json


{'result': {'coverage': 100.0,
            'error_count': 0,
            'file_count': 1,
            'files': {'$Output/lib/work/t_flag_stats.v': {'post_len': 0,
                                                          'pre_len': 106}},
            'post_len': 0,
            'pre_len': 106,
            'test_name': 'Verilator/t_flag_stats'}}

+---------------------------------+----------+-----------+
| INPUT                           |   PRELEN |   POSTLEN |
+=================================+==========+===========+
| $Output/lib/work/t_flag_stats.v |      106 |         0 |
+=================================+==========+===========+
|                                 |      106 |         0 |
+---------------------------------+----------+-----------+

[   ERROR] : 0
[COVERAGE] : 100.0


#**#**#**#**#**#**#**#**#**#**#**#**#**#**#**#**#**#**#**#**#**#**#**#**#**#**#**#**#**#**#**#**#**#**#**#**#**#**#**#**

COMMAND: ${SURELOG_DIR}/regression/Verilator/t_flag_stats/surelog.uhdm ${SURELOG_DIR}/regression/Verilator/t_flag_stats/reduced.uhdm

==================== BEGIN REDUCTION RESULT ====================
Name                            Before   After   Added   Removed
----------------------------------------------------------------
----------------------------------------------------------------
Others                              32      32       0         0
----------------------------------------------------------------
                                    32      32       0         0
===================== END REDUCTION RESULT =====================
