********************************************************************************
*                   Begin HLC SystemVerilog Compiler/Linter                    *
********************************************************************************
Copyright (c) 2020 Apotell,
http://www.apache.org/licenses/LICENSE-2.0
VERSION: 1.84
COMMAND: -wd ../../../tests/Verilator +incdir+. -nobuiltin -timescale=1ns/1ns -d ast -d db t_tri_public.v -mt 0 -d dbstats -d cache -writepp -d db -nostdout -o ${HLC_DIR}/regression/Verilator/t_tri_public
[INF:CM0023] Creating log file "$Output/hlc.log".
[INF:PP0122] Preprocessing source file "$Source01/t_tri_public.v".
[INF:PA0201] Parsing source file "$Source01/t_tri_public.v".
AST_DEBUG_BEGIN
Count: 501
LIB: work
FILE<0>:$Source01/t_tri_public.v
n<$Source01/t_tri_public.v> u<500> t<Top_level_rule> c<1> l<8:1> el<79:1>
  n<> u<1> t<Null_rule> p<500> s<2> l<8:1> el<8:1>
  n<// DESCRIPTION: Verilator: Unsupported tristate constructur error> u<2> t<LINE_COMMENT> p<500> s<3> l<1:1> el<1:66>
  n<//> u<3> t<LINE_COMMENT> p<500> s<4> l<2:1> el<2:3>
  n<// This is a compile only regression test of tristate handling for bug514> u<4> t<LINE_COMMENT> p<500> s<5> l<3:1> el<3:74>
  n<//> u<5> t<LINE_COMMENT> p<500> s<6> l<4:1> el<4:3>
  n<// This file ONLY is placed into the Public Domain, for any use,> u<6> t<LINE_COMMENT> p<500> s<7> l<5:1> el<5:65>
  n<// without warranty, 2017 by Rob Stoddard.> u<7> t<LINE_COMMENT> p<500> s<499> l<6:1> el<6:43>
  n<> u<499> t<Source_text> p<500> c<283> l<8:1> el<78:10>
    n<> u<283> t<Description> p<499> c<282> s<498> l<8:1> el<45:10>
      n<> u<282> t<Module_declaration> p<283> c<45> l<8:1> el<45:10>
        n<> u<45> t<Module_nonansi_header> p<282> c<8> s<46> l<8:1> el<13:6>
          n<module> u<8> t<MODULE> p<45> s<9> l<8:1> el<8:7>
          n<t> u<9> t<SIMPLE_IDENTIFIER> p<45> s<10> l<8:8> el<8:9>
          n<> u<10> t<Package_import_declaration_list> p<45> s<11> l<8:10> el<8:10>
          n</*AUTOARG*/> u<11> t<BLOCK_COMMENT> p<45> s<12> l<8:10> el<13:5>
          n<// Outputs> u<12> t<LINE_COMMENT> p<45> s<44> l<9:4> el<9:14>
          n<> u<44> t<Port_list> p<45> c<18> l<8:10> el<13:5>
            n<> u<18> t<Port> p<44> c<17> s<19> l<10:4> el<10:7>
              n<> u<17> t<Port_expression> p<18> c<16> l<10:4> el<10:7>
                n<> u<16> t<Port_reference> p<17> c<13> l<10:4> el<10:7>
                  n<out> u<13> t<SIMPLE_IDENTIFIER> p<16> s<15> l<10:4> el<10:7>
                  n<> u<15> t<Constant_select> p<16> c<14> l<10:7> el<10:7>
                    n<> u<14> t<Constant_bit_select> p<15> l<10:7> el<10:7>
            n<// Inputs> u<19> t<LINE_COMMENT> p<44> s<25> l<11:4> el<11:13>
            n<> u<25> t<Port> p<44> c<24> s<31> l<12:4> el<12:8>
              n<> u<24> t<Port_expression> p<25> c<23> l<12:4> el<12:8>
                n<> u<23> t<Port_reference> p<24> c<20> l<12:4> el<12:8>
                  n<data> u<20> t<SIMPLE_IDENTIFIER> p<23> s<22> l<12:4> el<12:8>
                  n<> u<22> t<Constant_select> p<23> c<21> l<12:8> el<12:8>
                    n<> u<21> t<Constant_bit_select> p<22> l<12:8> el<12:8>
            n<> u<31> t<Port> p<44> c<30> s<37> l<12:10> el<12:17>
              n<> u<30> t<Port_expression> p<31> c<29> l<12:10> el<12:17>
                n<> u<29> t<Port_reference> p<30> c<26> l<12:10> el<12:17>
                  n<up_down> u<26> t<SIMPLE_IDENTIFIER> p<29> s<28> l<12:10> el<12:17>
                  n<> u<28> t<Constant_select> p<29> c<27> l<12:17> el<12:17>
                    n<> u<27> t<Constant_bit_select> p<28> l<12:17> el<12:17>
            n<> u<37> t<Port> p<44> c<36> s<43> l<12:19> el<12:22>
              n<> u<36> t<Port_expression> p<37> c<35> l<12:19> el<12:22>
                n<> u<35> t<Port_reference> p<36> c<32> l<12:19> el<12:22>
                  n<clk> u<32> t<SIMPLE_IDENTIFIER> p<35> s<34> l<12:19> el<12:22>
                  n<> u<34> t<Constant_select> p<35> c<33> l<12:22> el<12:22>
                    n<> u<33> t<Constant_bit_select> p<34> l<12:22> el<12:22>
            n<> u<43> t<Port> p<44> c<42> l<12:24> el<12:29>
              n<> u<42> t<Port_expression> p<43> c<41> l<12:24> el<12:29>
                n<> u<41> t<Port_reference> p<42> c<38> l<12:24> el<12:29>
                  n<reset> u<38> t<SIMPLE_IDENTIFIER> p<41> s<40> l<12:24> el<12:29>
                  n<> u<40> t<Constant_select> p<41> c<39> l<13:4> el<13:4>
                    n<> u<39> t<Constant_bit_select> p<40> l<13:4> el<13:4>
        n<//----------Output Ports--------------> u<46> t<LINE_COMMENT> p<282> s<63> l<15:4> el<15:42>
        n<> u<63> t<Module_item> p<282> c<62> s<64> l<16:4> el<16:21>
          n<> u<62> t<Port_declaration> p<63> c<61> l<16:4> el<16:20>
            n<> u<61> t<Output_declaration> p<62> c<58> l<16:4> el<16:20>
              n<> u<58> t<Net_port_type> p<61> c<57> s<60> l<16:11> el<16:16>
                n<> u<57> t<Data_type_or_implicit> p<58> c<56> l<16:11> el<16:16>
                  n<> u<56> t<Packed_dimension> p<57> c<55> l<16:11> el<16:16>
                    n<> u<55> t<Constant_range> p<56> c<50> l<16:12> el<16:15>
                      n<> u<50> t<Constant_expression> p<55> c<49> s<54> l<16:12> el<16:13>
                        n<> u<49> t<Constant_primary> p<50> c<48> l<16:12> el<16:13>
                          n<> u<48> t<Primary_literal> p<49> c<47> l<16:12> el<16:13>
                            n<7> u<47> t<INTEGRAL_NUMBER> p<48> l<16:12> el<16:13>
                      n<> u<54> t<Constant_expression> p<55> c<53> l<16:14> el<16:15>
                        n<> u<53> t<Constant_primary> p<54> c<52> l<16:14> el<16:15>
                          n<> u<52> t<Primary_literal> p<53> c<51> l<16:14> el<16:15>
                            n<0> u<51> t<INTEGRAL_NUMBER> p<52> l<16:14> el<16:15>
              n<> u<60> t<Output_port_identifier_list> p<61> c<59> l<16:17> el<16:20>
                n<out> u<59> t<SIMPLE_IDENTIFIER> p<60> l<16:17> el<16:20>
        n<//------------Input Ports--------------> u<64> t<LINE_COMMENT> p<282> s<65> l<17:4> el<17:43>
        n<//input [7:0] data ;> u<65> t<LINE_COMMENT> p<282> s<82> l<18:4> el<18:24>
        n<> u<82> t<Module_item> p<282> c<81> s<91> l<19:4> el<19:22>
          n<> u<81> t<Port_declaration> p<82> c<80> l<19:4> el<19:21>
            n<> u<80> t<Input_declaration> p<81> c<77> l<19:4> el<19:21>
              n<> u<77> t<Net_port_type> p<80> c<76> s<79> l<19:10> el<19:15>
                n<> u<76> t<Data_type_or_implicit> p<77> c<75> l<19:10> el<19:15>
                  n<> u<75> t<Packed_dimension> p<76> c<74> l<19:10> el<19:15>
                    n<> u<74> t<Constant_range> p<75> c<69> l<19:11> el<19:14>
                      n<> u<69> t<Constant_expression> p<74> c<68> s<73> l<19:11> el<19:12>
                        n<> u<68> t<Constant_primary> p<69> c<67> l<19:11> el<19:12>
                          n<> u<67> t<Primary_literal> p<68> c<66> l<19:11> el<19:12>
                            n<7> u<66> t<INTEGRAL_NUMBER> p<67> l<19:11> el<19:12>
                      n<> u<73> t<Constant_expression> p<74> c<72> l<19:13> el<19:14>
                        n<> u<72> t<Constant_primary> p<73> c<71> l<19:13> el<19:14>
                          n<> u<71> t<Primary_literal> p<72> c<70> l<19:13> el<19:14>
                            n<0> u<70> t<INTEGRAL_NUMBER> p<71> l<19:13> el<19:14>
              n<> u<79> t<Port_identifier_list> p<80> c<78> l<19:17> el<19:21>
                n<data> u<78> t<SIMPLE_IDENTIFIER> p<79> l<19:17> el<19:21>
        n<> u<91> t<Module_item> p<282> c<90> s<92> l<20:4> el<20:31>
          n<> u<90> t<Port_declaration> p<91> c<89> l<20:4> el<20:30>
            n<> u<89> t<Input_declaration> p<90> c<84> l<20:4> el<20:30>
              n<> u<84> t<Net_port_type> p<89> c<83> s<88> l<20:11> el<20:11>
                n<> u<83> t<Data_type_or_implicit> p<84> l<20:11> el<20:11>
              n<> u<88> t<Port_identifier_list> p<89> c<85> l<20:11> el<20:30>
                n<up_down> u<85> t<SIMPLE_IDENTIFIER> p<88> s<86> l<20:11> el<20:18>
                n<clk> u<86> t<SIMPLE_IDENTIFIER> p<88> s<87> l<20:20> el<20:23>
                n<reset> u<87> t<SIMPLE_IDENTIFIER> p<88> l<20:25> el<20:30>
        n<//------------Internal Variables--------> u<92> t<LINE_COMMENT> p<282> s<115> l<21:4> el<21:44>
        n<> u<115> t<Module_item> p<282> c<114> s<138> l<22:4> el<22:19>
          n<> u<114> t<Non_port_module_item> p<115> c<113> l<22:4> el<22:19>
            n<> u<113> t<Module_or_generate_item> p<114> c<112> l<22:4> el<22:19>
              n<> u<112> t<Module_common_item> p<113> c<111> l<22:4> el<22:19>
                n<> u<111> t<Module_or_generate_item_declaration> p<112> c<110> l<22:4> el<22:19>
                  n<> u<110> t<Package_or_generate_item_declaration> p<111> c<109> l<22:4> el<22:19>
                    n<> u<109> t<Data_declaration> p<110> c<108> l<22:4> el<22:19>
                      n<> u<108> t<Variable_declaration> p<109> c<104> l<22:4> el<22:19>
                        n<> u<104> t<Data_type> p<108> c<93> s<107> l<22:4> el<22:13>
                          n<> u<93> t<REG> p<104> s<103> l<22:4> el<22:7>
                          n<> u<103> t<Packed_dimension> p<104> c<102> l<22:8> el<22:13>
                            n<> u<102> t<Constant_range> p<103> c<97> l<22:9> el<22:12>
                              n<> u<97> t<Constant_expression> p<102> c<96> s<101> l<22:9> el<22:10>
                                n<> u<96> t<Constant_primary> p<97> c<95> l<22:9> el<22:10>
                                  n<> u<95> t<Primary_literal> p<96> c<94> l<22:9> el<22:10>
                                    n<7> u<94> t<INTEGRAL_NUMBER> p<95> l<22:9> el<22:10>
                              n<> u<101> t<Constant_expression> p<102> c<100> l<22:11> el<22:12>
                                n<> u<100> t<Constant_primary> p<101> c<99> l<22:11> el<22:12>
                                  n<> u<99> t<Primary_literal> p<100> c<98> l<22:11> el<22:12>
                                    n<0> u<98> t<INTEGRAL_NUMBER> p<99> l<22:11> el<22:12>
                        n<> u<107> t<Variable_decl_assignment_list> p<108> c<106> l<22:15> el<22:18>
                          n<> u<106> t<Variable_decl_assignment> p<107> c<105> l<22:15> el<22:18>
                            n<out> u<105> t<SIMPLE_IDENTIFIER> p<106> l<22:15> el<22:18>
        n<> u<138> t<Module_item> p<282> c<137> s<139> l<23:4> el<23:23>
          n<> u<137> t<Non_port_module_item> p<138> c<136> l<23:4> el<23:23>
            n<> u<136> t<Module_or_generate_item> p<137> c<135> l<23:4> el<23:23>
              n<> u<135> t<Module_common_item> p<136> c<134> l<23:4> el<23:23>
                n<> u<134> t<Module_or_generate_item_declaration> p<135> c<133> l<23:4> el<23:23>
                  n<> u<133> t<Package_or_generate_item_declaration> p<134> c<132> l<23:4> el<23:23>
                    n<> u<132> t<Data_declaration> p<133> c<131> l<23:4> el<23:23>
                      n<> u<131> t<Variable_declaration> p<132> c<127> l<23:4> el<23:23>
                        n<logic> u<127> t<Data_type> p<131> c<116> s<130> l<23:4> el<23:15>
                          n<logic> u<116> t<SIMPLE_IDENTIFIER> p<127> s<126> l<23:4> el<23:9>
                          n<> u<126> t<Packed_dimension> p<127> c<125> l<23:10> el<23:15>
                            n<> u<125> t<Constant_range> p<126> c<120> l<23:11> el<23:14>
                              n<> u<120> t<Constant_expression> p<125> c<119> s<124> l<23:11> el<23:12>
                                n<> u<119> t<Constant_primary> p<120> c<118> l<23:11> el<23:12>
                                  n<> u<118> t<Primary_literal> p<119> c<117> l<23:11> el<23:12>
                                    n<7> u<117> t<INTEGRAL_NUMBER> p<118> l<23:11> el<23:12>
                              n<> u<124> t<Constant_expression> p<125> c<123> l<23:13> el<23:14>
                                n<> u<123> t<Constant_primary> p<124> c<122> l<23:13> el<23:14>
                                  n<> u<122> t<Primary_literal> p<123> c<121> l<23:13> el<23:14>
                                    n<0> u<121> t<INTEGRAL_NUMBER> p<122> l<23:13> el<23:14>
                        n<> u<130> t<Variable_decl_assignment_list> p<131> c<129> l<23:17> el<23:22>
                          n<> u<129> t<Variable_decl_assignment> p<130> c<128> l<23:17> el<23:22>
                            n<q_out> u<128> t<SIMPLE_IDENTIFIER> p<129> l<23:17> el<23:22>
        n<//-------------Code Starts Here-------> u<139> t<LINE_COMMENT> p<282> s<237> l<25:4> el<25:42>
        n<> u<237> t<Module_item> p<282> c<236> s<238> l<26:4> el<33:9>
          n<> u<236> t<Non_port_module_item> p<237> c<235> l<26:4> el<33:9>
            n<> u<235> t<Module_or_generate_item> p<236> c<234> l<26:4> el<33:9>
              n<> u<234> t<Module_common_item> p<235> c<233> l<26:4> el<33:9>
                n<> u<233> t<Always_construct> p<234> c<140> l<26:4> el<33:9>
                  n<> u<140> t<ALWAYS> p<233> s<232> l<26:4> el<26:10>
                  n<> u<232> t<Statement> p<233> c<231> l<26:11> el<33:9>
                    n<> u<231> t<Statement_item> p<232> c<230> l<26:11> el<33:9>
                      n<> u<230> t<Procedural_timing_control_statement> p<231> c<148> l<26:11> el<33:9>
                        n<> u<148> t<Procedural_timing_control> p<230> c<147> s<229> l<26:11> el<26:25>
                          n<> u<147> t<Event_control> p<148> c<146> l<26:11> el<26:25>
                            n<> u<146> t<Event_expression> p<147> c<141> l<26:13> el<26:24>
                              n<> u<141> t<POSEDGE> p<146> s<145> l<26:13> el<26:20>
                              n<> u<145> t<Expression> p<146> c<144> l<26:21> el<26:24>
                                n<> u<144> t<Primary> p<145> c<143> l<26:21> el<26:24>
                                  n<> u<143> t<Primary_literal> p<144> c<142> l<26:21> el<26:24>
                                    n<clk> u<142> t<SIMPLE_IDENTIFIER> p<143> l<26:21> el<26:24>
                        n<> u<229> t<Statement_or_null> p<230> c<228> l<27:6> el<33:9>
                          n<> u<228> t<Statement> p<229> c<227> l<27:6> el<33:9>
                            n<> u<227> t<Statement_item> p<228> c<226> l<27:6> el<33:9>
                              n<> u<226> t<Conditional_statement> p<227> c<154> l<27:6> el<33:9>
                                n<> u<154> t<Cond_predicate> p<226> c<153> s<173> l<27:10> el<27:15>
                                  n<> u<153> t<Expression_or_cond_pattern> p<154> c<152> l<27:10> el<27:15>
                                    n<> u<152> t<Expression> p<153> c<151> l<27:10> el<27:15>
                                      n<> u<151> t<Primary> p<152> c<150> l<27:10> el<27:15>
                                        n<> u<150> t<Primary_literal> p<151> c<149> l<27:10> el<27:15>
                                          n<reset> u<149> t<SIMPLE_IDENTIFIER> p<150> l<27:10> el<27:15>
                                n<> u<173> t<Statement_or_null> p<226> c<172> s<225> l<27:17> el<29:9>
                                  n<> u<172> t<Statement> p<173> c<171> l<27:17> el<29:9>
                                    n<> u<171> t<Statement_item> p<172> c<155> l<27:17> el<29:9>
                                      n<// active high reset> u<155> t<LINE_COMMENT> p<171> s<170> l<27:23> el<27:43>
                                      n<> u<170> t<Seq_block> p<171> c<168> l<27:17> el<29:9>
                                        n<> u<168> t<Statement_or_null> p<170> c<167> s<169> l<28:9> el<28:22>
                                          n<> u<167> t<Statement> p<168> c<166> l<28:9> el<28:22>
                                            n<> u<166> t<Statement_item> p<167> c<165> l<28:9> el<28:22>
                                              n<> u<165> t<Nonblocking_assignment> p<166> c<160> l<28:9> el<28:20>
                                                n<> u<160> t<Variable_lvalue> p<165> c<157> s<164> l<28:9> el<28:12>
                                                  n<> u<157> t<Ps_or_hierarchical_identifier> p<160> c<156> s<159> l<28:9> el<28:12>
                                                    n<out> u<156> t<SIMPLE_IDENTIFIER> p<157> l<28:9> el<28:12>
                                                  n<> u<159> t<Select> p<160> c<158> l<28:13> el<28:13>
                                                    n<> u<158> t<Bit_select> p<159> l<28:13> el<28:13>
                                                n<> u<164> t<Expression> p<165> c<163> l<28:16> el<28:20>
                                                  n<> u<163> t<Primary> p<164> c<162> l<28:16> el<28:20>
                                                    n<> u<162> t<Primary_literal> p<163> c<161> l<28:16> el<28:20>
                                                      n<8'b0> u<161> t<INTEGRAL_NUMBER> p<162> l<28:16> el<28:20>
                                        n<> u<169> t<END> p<170> l<29:6> el<29:9>
                                n<> u<225> t<Statement_or_null> p<226> c<224> l<29:15> el<33:9>
                                  n<> u<224> t<Statement> p<225> c<223> l<29:15> el<33:9>
                                    n<> u<223> t<Statement_item> p<224> c<222> l<29:15> el<33:9>
                                      n<> u<222> t<Conditional_statement> p<223> c<179> l<29:15> el<33:9>
                                        n<> u<179> t<Cond_predicate> p<222> c<178> s<203> l<29:19> el<29:26>
                                          n<> u<178> t<Expression_or_cond_pattern> p<179> c<177> l<29:19> el<29:26>
                                            n<> u<177> t<Expression> p<178> c<176> l<29:19> el<29:26>
                                              n<> u<176> t<Primary> p<177> c<175> l<29:19> el<29:26>
                                                n<> u<175> t<Primary_literal> p<176> c<174> l<29:19> el<29:26>
                                                  n<up_down> u<174> t<SIMPLE_IDENTIFIER> p<175> l<29:19> el<29:26>
                                        n<> u<203> t<Statement_or_null> p<222> c<202> s<221> l<29:28> el<31:9>
                                          n<> u<202> t<Statement> p<203> c<201> l<29:28> el<31:9>
                                            n<> u<201> t<Statement_item> p<202> c<200> l<29:28> el<31:9>
                                              n<> u<200> t<Seq_block> p<201> c<198> l<29:28> el<31:9>
                                                n<> u<198> t<Statement_or_null> p<200> c<197> s<199> l<30:9> el<30:24>
                                                  n<> u<197> t<Statement> p<198> c<196> l<30:9> el<30:24>
                                                    n<> u<196> t<Statement_item> p<197> c<195> l<30:9> el<30:24>
                                                      n<> u<195> t<Nonblocking_assignment> p<196> c<184> l<30:9> el<30:23>
                                                        n<> u<184> t<Variable_lvalue> p<195> c<181> s<194> l<30:9> el<30:12>
                                                          n<> u<181> t<Ps_or_hierarchical_identifier> p<184> c<180> s<183> l<30:9> el<30:12>
                                                            n<out> u<180> t<SIMPLE_IDENTIFIER> p<181> l<30:9> el<30:12>
                                                          n<> u<183> t<Select> p<184> c<182> l<30:13> el<30:13>
                                                            n<> u<182> t<Bit_select> p<183> l<30:13> el<30:13>
                                                        n<> u<194> t<Expression> p<195> c<188> l<30:16> el<30:23>
                                                          n<> u<188> t<Expression> p<194> c<187> s<193> l<30:16> el<30:19>
                                                            n<> u<187> t<Primary> p<188> c<186> l<30:16> el<30:19>
                                                              n<> u<186> t<Primary_literal> p<187> c<185> l<30:16> el<30:19>
                                                                n<out> u<185> t<SIMPLE_IDENTIFIER> p<186> l<30:16> el<30:19>
                                                          n<> u<193> t<BinaryOp_Plus> p<194> s<192> l<30:20> el<30:21>
                                                          n<> u<192> t<Expression> p<194> c<191> l<30:22> el<30:23>
                                                            n<> u<191> t<Primary> p<192> c<190> l<30:22> el<30:23>
                                                              n<> u<190> t<Primary_literal> p<191> c<189> l<30:22> el<30:23>
                                                                n<1> u<189> t<INTEGRAL_NUMBER> p<190> l<30:22> el<30:23>
                                                n<> u<199> t<END> p<200> l<31:6> el<31:9>
                                        n<> u<221> t<Statement_or_null> p<222> c<220> l<31:15> el<33:9>
                                          n<> u<220> t<Statement> p<221> c<219> l<31:15> el<33:9>
                                            n<> u<219> t<Statement_item> p<220> c<218> l<31:15> el<33:9>
                                              n<> u<218> t<Seq_block> p<219> c<216> l<31:15> el<33:9>
                                                n<> u<216> t<Statement_or_null> p<218> c<215> s<217> l<32:9> el<32:22>
                                                  n<> u<215> t<Statement> p<216> c<214> l<32:9> el<32:22>
                                                    n<> u<214> t<Statement_item> p<215> c<213> l<32:9> el<32:22>
                                                      n<> u<213> t<Nonblocking_assignment> p<214> c<208> l<32:9> el<32:21>
                                                        n<> u<208> t<Variable_lvalue> p<213> c<205> s<212> l<32:9> el<32:12>
                                                          n<> u<205> t<Ps_or_hierarchical_identifier> p<208> c<204> s<207> l<32:9> el<32:12>
                                                            n<out> u<204> t<SIMPLE_IDENTIFIER> p<205> l<32:9> el<32:12>
                                                          n<> u<207> t<Select> p<208> c<206> l<32:13> el<32:13>
                                                            n<> u<206> t<Bit_select> p<207> l<32:13> el<32:13>
                                                        n<> u<212> t<Expression> p<213> c<211> l<32:16> el<32:21>
                                                          n<> u<211> t<Primary> p<212> c<210> l<32:16> el<32:21>
                                                            n<> u<210> t<Primary_literal> p<211> c<209> l<32:16> el<32:21>
                                                              n<q_out> u<209> t<SIMPLE_IDENTIFIER> p<210> l<32:16> el<32:21>
                                                n<> u<217> t<END> p<218> l<33:6> el<33:9>
        n<// verilator lint_off PINMISSING> u<238> t<LINE_COMMENT> p<282> s<279> l<35:4> el<35:36>
        n<> u<279> t<Module_item> p<282> c<278> s<280> l<36:4> el<42:9>
          n<> u<278> t<Non_port_module_item> p<279> c<277> l<36:4> el<42:9>
            n<> u<277> t<Module_or_generate_item> p<278> c<276> l<36:4> el<42:9>
              n<> u<276> t<Module_instantiation> p<277> c<239> l<36:4> el<42:9>
                n<sub_mod> u<239> t<SIMPLE_IDENTIFIER> p<276> s<275> l<36:4> el<36:11>
                n<> u<275> t<Hierarchical_instance> p<276> c<241> l<36:12> el<42:8>
                  n<> u<241> t<Name_of_instance> p<275> c<240> s<274> l<36:12> el<36:19>
                    n<sub_mod> u<240> t<SIMPLE_IDENTIFIER> p<241> l<36:12> el<36:19>
                  n<> u<274> t<Port_connection_list> p<275> c<249> l<38:7> el<41:16>
                    n<> u<249> t<Named_port_connection> p<274> c<242> s<257> l<38:7> el<38:16>
                      n<clk> u<242> t<SIMPLE_IDENTIFIER> p<249> s<247> l<38:8> el<38:11>
                      n<> u<247> t<OPEN_PARENS> p<249> s<246> l<38:11> el<38:12>
                      n<> u<246> t<Expression> p<249> c<245> s<248> l<38:12> el<38:15>
                        n<> u<245> t<Primary> p<246> c<244> l<38:12> el<38:15>
                          n<> u<244> t<Primary_literal> p<245> c<243> l<38:12> el<38:15>
                            n<clk> u<243> t<SIMPLE_IDENTIFIER> p<244> l<38:12> el<38:15>
                      n<> u<248> t<CLOSE_PARENS> p<249> l<38:15> el<38:16>
                    n<> u<257> t<Named_port_connection> p<274> c<250> s<265> l<39:7> el<39:18>
                      n<data> u<250> t<SIMPLE_IDENTIFIER> p<257> s<255> l<39:8> el<39:12>
                      n<> u<255> t<OPEN_PARENS> p<257> s<254> l<39:12> el<39:13>
                      n<> u<254> t<Expression> p<257> c<253> s<256> l<39:13> el<39:17>
                        n<> u<253> t<Primary> p<254> c<252> l<39:13> el<39:17>
                          n<> u<252> t<Primary_literal> p<253> c<251> l<39:13> el<39:17>
                            n<data> u<251> t<SIMPLE_IDENTIFIER> p<252> l<39:13> el<39:17>
                      n<> u<256> t<CLOSE_PARENS> p<257> l<39:17> el<39:18>
                    n<> u<265> t<Named_port_connection> p<274> c<258> s<273> l<40:7> el<40:20>
                      n<reset> u<258> t<SIMPLE_IDENTIFIER> p<265> s<263> l<40:8> el<40:13>
                      n<> u<263> t<OPEN_PARENS> p<265> s<262> l<40:13> el<40:14>
                      n<> u<262> t<Expression> p<265> c<261> s<264> l<40:14> el<40:19>
                        n<> u<261> t<Primary> p<262> c<260> l<40:14> el<40:19>
                          n<> u<260> t<Primary_literal> p<261> c<259> l<40:14> el<40:19>
                            n<reset> u<259> t<SIMPLE_IDENTIFIER> p<260> l<40:14> el<40:19>
                      n<> u<264> t<CLOSE_PARENS> p<265> l<40:19> el<40:20>
                    n<> u<273> t<Named_port_connection> p<274> c<266> l<41:7> el<41:16>
                      n<q> u<266> t<SIMPLE_IDENTIFIER> p<273> s<271> l<41:8> el<41:9>
                      n<> u<271> t<OPEN_PARENS> p<273> s<270> l<41:9> el<41:10>
                      n<> u<270> t<Expression> p<273> c<269> s<272> l<41:10> el<41:15>
                        n<> u<269> t<Primary> p<270> c<268> l<41:10> el<41:15>
                          n<> u<268> t<Primary_literal> p<269> c<267> l<41:10> el<41:15>
                            n<q_out> u<267> t<SIMPLE_IDENTIFIER> p<268> l<41:10> el<41:15>
                      n<> u<272> t<CLOSE_PARENS> p<273> l<41:15> el<41:16>
        n<// verilator lint_on PINMISSING> u<280> t<LINE_COMMENT> p<282> s<281> l<43:4> el<43:35>
        n<> u<281> t<ENDMODULE> p<282> l<45:1> el<45:10>
    n<> u<498> t<Description> p<499> c<497> l<47:1> el<78:10>
      n<> u<497> t<Module_declaration> p<498> c<328> l<47:1> el<78:10>
        n<> u<328> t<Module_nonansi_header> p<497> c<284> s<329> l<47:1> el<54:6>
          n<module> u<284> t<MODULE> p<328> s<285> l<47:1> el<47:7>
          n<sub_mod> u<285> t<SIMPLE_IDENTIFIER> p<328> s<286> l<47:8> el<47:15>
          n<> u<286> t<Package_import_declaration_list> p<328> s<287> l<47:16> el<47:16>
          n</*AUTOARG*/> u<287> t<BLOCK_COMMENT> p<328> s<288> l<47:16> el<54:5>
          n<// Outputs> u<288> t<LINE_COMMENT> p<328> s<327> l<48:4> el<48:14>
          n<> u<327> t<Port_list> p<328> c<294> l<47:16> el<54:5>
            n<> u<294> t<Port> p<327> c<293> s<300> l<49:4> el<49:5>
              n<> u<293> t<Port_expression> p<294> c<292> l<49:4> el<49:5>
                n<> u<292> t<Port_reference> p<293> c<289> l<49:4> el<49:5>
                  n<q> u<289> t<SIMPLE_IDENTIFIER> p<292> s<291> l<49:4> el<49:5>
                  n<> u<291> t<Constant_select> p<292> c<290> l<49:5> el<49:5>
                    n<> u<290> t<Constant_bit_select> p<291> l<49:5> el<49:5>
            n<> u<300> t<Port> p<327> c<299> s<301> l<49:7> el<49:15>
              n<> u<299> t<Port_expression> p<300> c<298> l<49:7> el<49:15>
                n<> u<298> t<Port_reference> p<299> c<295> l<49:7> el<49:15>
                  n<test_out> u<295> t<SIMPLE_IDENTIFIER> p<298> s<297> l<49:7> el<49:15>
                  n<> u<297> t<Constant_select> p<298> c<296> l<49:15> el<49:15>
                    n<> u<296> t<Constant_bit_select> p<297> l<49:15> el<49:15>
            n<// Inouts> u<301> t<LINE_COMMENT> p<327> s<307> l<50:4> el<50:13>
            n<> u<307> t<Port> p<327> c<306> s<308> l<51:4> el<51:14>
              n<> u<306> t<Port_expression> p<307> c<305> l<51:4> el<51:14>
                n<> u<305> t<Port_reference> p<306> c<302> l<51:4> el<51:14>
                  n<test_inout> u<302> t<SIMPLE_IDENTIFIER> p<305> s<304> l<51:4> el<51:14>
                  n<> u<304> t<Constant_select> p<305> c<303> l<51:14> el<51:14>
                    n<> u<303> t<Constant_bit_select> p<304> l<51:14> el<51:14>
            n<// Inputs> u<308> t<LINE_COMMENT> p<327> s<314> l<52:4> el<52:13>
            n<> u<314> t<Port> p<327> c<313> s<320> l<53:4> el<53:8>
              n<> u<313> t<Port_expression> p<314> c<312> l<53:4> el<53:8>
                n<> u<312> t<Port_reference> p<313> c<309> l<53:4> el<53:8>
                  n<data> u<309> t<SIMPLE_IDENTIFIER> p<312> s<311> l<53:4> el<53:8>
                  n<> u<311> t<Constant_select> p<312> c<310> l<53:8> el<53:8>
                    n<> u<310> t<Constant_bit_select> p<311> l<53:8> el<53:8>
            n<> u<320> t<Port> p<327> c<319> s<326> l<53:10> el<53:13>
              n<> u<319> t<Port_expression> p<320> c<318> l<53:10> el<53:13>
                n<> u<318> t<Port_reference> p<319> c<315> l<53:10> el<53:13>
                  n<clk> u<315> t<SIMPLE_IDENTIFIER> p<318> s<317> l<53:10> el<53:13>
                  n<> u<317> t<Constant_select> p<318> c<316> l<53:13> el<53:13>
                    n<> u<316> t<Constant_bit_select> p<317> l<53:13> el<53:13>
            n<> u<326> t<Port> p<327> c<325> l<53:15> el<53:20>
              n<> u<325> t<Port_expression> p<326> c<324> l<53:15> el<53:20>
                n<> u<324> t<Port_reference> p<325> c<321> l<53:15> el<53:20>
                  n<reset> u<321> t<SIMPLE_IDENTIFIER> p<324> s<323> l<53:15> el<53:20>
                  n<> u<323> t<Constant_select> p<324> c<322> l<54:4> el<54:4>
                    n<> u<322> t<Constant_bit_select> p<323> l<54:4> el<54:4>
        n<//-----------Input Ports---------------> u<329> t<LINE_COMMENT> p<497> s<347> l<56:4> el<56:43>
        n<> u<347> t<Module_item> p<497> c<345> s<355> l<58:4> el<58:42>
          n<> u<345> t<Port_declaration> p<347> c<344> s<346> l<58:4> el<58:20>
            n<> u<344> t<Input_declaration> p<345> c<341> l<58:4> el<58:20>
              n<> u<341> t<Net_port_type> p<344> c<340> s<343> l<58:10> el<58:15>
                n<> u<340> t<Data_type_or_implicit> p<341> c<339> l<58:10> el<58:15>
                  n<> u<339> t<Packed_dimension> p<340> c<338> l<58:10> el<58:15>
                    n<> u<338> t<Constant_range> p<339> c<333> l<58:11> el<58:14>
                      n<> u<333> t<Constant_expression> p<338> c<332> s<337> l<58:11> el<58:12>
                        n<> u<332> t<Constant_primary> p<333> c<331> l<58:11> el<58:12>
                          n<> u<331> t<Primary_literal> p<332> c<330> l<58:11> el<58:12>
                            n<7> u<330> t<INTEGRAL_NUMBER> p<331> l<58:11> el<58:12>
                      n<> u<337> t<Constant_expression> p<338> c<336> l<58:13> el<58:14>
                        n<> u<336> t<Constant_primary> p<337> c<335> l<58:13> el<58:14>
                          n<> u<335> t<Primary_literal> p<336> c<334> l<58:13> el<58:14>
                            n<0> u<334> t<INTEGRAL_NUMBER> p<335> l<58:13> el<58:14>
              n<> u<343> t<Port_identifier_list> p<344> c<342> l<58:16> el<58:20>
                n<data> u<342> t<SIMPLE_IDENTIFIER> p<343> l<58:16> el<58:20>
          n</*verilator public*/> u<346> t<BLOCK_COMMENT> p<347> l<58:4> el<58:20>
        n<> u<355> t<Module_item> p<497> c<354> s<362> l<59:4> el<59:27>
          n<> u<354> t<Port_declaration> p<355> c<353> l<59:4> el<59:26>
            n<> u<353> t<Input_declaration> p<354> c<349> l<59:4> el<59:26>
              n<> u<349> t<Net_port_type> p<353> c<348> s<352> l<59:16> el<59:16>
                n<> u<348> t<Data_type_or_implicit> p<349> l<59:16> el<59:16>
              n<> u<352> t<Port_identifier_list> p<353> c<350> l<59:16> el<59:26>
                n<clk> u<350> t<SIMPLE_IDENTIFIER> p<352> s<351> l<59:16> el<59:19>
                n<reset> u<351> t<SIMPLE_IDENTIFIER> p<352> l<59:21> el<59:26>
        n<> u<362> t<Module_item> p<497> c<361> s<363> l<60:4> el<60:27>
          n<> u<361> t<Port_declaration> p<362> c<360> l<60:4> el<60:26>
            n<> u<360> t<Inout_declaration> p<361> c<357> l<60:4> el<60:26>
              n<> u<357> t<Net_port_type> p<360> c<356> s<359> l<60:16> el<60:16>
                n<> u<356> t<Data_type_or_implicit> p<357> l<60:16> el<60:16>
              n<> u<359> t<Port_identifier_list> p<360> c<358> l<60:16> el<60:26>
                n<test_inout> u<358> t<SIMPLE_IDENTIFIER> p<359> l<60:16> el<60:26>
        n<// Get rid of this, the problem goes away.> u<363> t<LINE_COMMENT> p<497> s<364> l<60:29> el<60:71>
        n<//-----------Output Ports---------------> u<364> t<LINE_COMMENT> p<497> s<381> l<62:4> el<62:44>
        n<> u<381> t<Module_item> p<497> c<380> s<388> l<63:4> el<63:19>
          n<> u<380> t<Port_declaration> p<381> c<379> l<63:4> el<63:18>
            n<> u<379> t<Output_declaration> p<380> c<376> l<63:4> el<63:18>
              n<> u<376> t<Net_port_type> p<379> c<375> s<378> l<63:11> el<63:16>
                n<> u<375> t<Data_type_or_implicit> p<376> c<374> l<63:11> el<63:16>
                  n<> u<374> t<Packed_dimension> p<375> c<373> l<63:11> el<63:16>
                    n<> u<373> t<Constant_range> p<374> c<368> l<63:12> el<63:15>
                      n<> u<368> t<Constant_expression> p<373> c<367> s<372> l<63:12> el<63:13>
                        n<> u<367> t<Constant_primary> p<368> c<366> l<63:12> el<63:13>
                          n<> u<366> t<Primary_literal> p<367> c<365> l<63:12> el<63:13>
                            n<7> u<365> t<INTEGRAL_NUMBER> p<366> l<63:12> el<63:13>
                      n<> u<372> t<Constant_expression> p<373> c<371> l<63:14> el<63:15>
                        n<> u<371> t<Constant_primary> p<372> c<370> l<63:14> el<63:15>
                          n<> u<370> t<Primary_literal> p<371> c<369> l<63:14> el<63:15>
                            n<0> u<369> t<INTEGRAL_NUMBER> p<370> l<63:14> el<63:15>
              n<> u<378> t<Output_port_identifier_list> p<379> c<377> l<63:17> el<63:18>
                n<q> u<377> t<SIMPLE_IDENTIFIER> p<378> l<63:17> el<63:18>
        n<> u<388> t<Module_item> p<497> c<387> s<389> l<64:4> el<64:21>
          n<> u<387> t<Port_declaration> p<388> c<386> l<64:4> el<64:20>
            n<> u<386> t<Output_declaration> p<387> c<383> l<64:4> el<64:20>
              n<> u<383> t<Net_port_type> p<386> c<382> s<385> l<64:12> el<64:12>
                n<> u<382> t<Data_type_or_implicit> p<383> l<64:12> el<64:12>
              n<> u<385> t<Output_port_identifier_list> p<386> c<384> l<64:12> el<64:20>
                n<test_out> u<384> t<SIMPLE_IDENTIFIER> p<385> l<64:12> el<64:20>
        n<// Not assigned,  no problem.> u<389> t<LINE_COMMENT> p<497> s<412> l<64:23> el<64:52>
        n<> u<412> t<Module_item> p<497> c<411> s<413> l<66:4> el<66:21>
          n<> u<411> t<Non_port_module_item> p<412> c<410> l<66:4> el<66:21>
            n<> u<410> t<Module_or_generate_item> p<411> c<409> l<66:4> el<66:21>
              n<> u<409> t<Module_common_item> p<410> c<408> l<66:4> el<66:21>
                n<> u<408> t<Module_or_generate_item_declaration> p<409> c<407> l<66:4> el<66:21>
                  n<> u<407> t<Package_or_generate_item_declaration> p<408> c<406> l<66:4> el<66:21>
                    n<> u<406> t<Data_declaration> p<407> c<405> l<66:4> el<66:21>
                      n<> u<405> t<Variable_declaration> p<406> c<401> l<66:4> el<66:21>
                        n<logic> u<401> t<Data_type> p<405> c<390> s<404> l<66:4> el<66:15>
                          n<logic> u<390> t<SIMPLE_IDENTIFIER> p<401> s<400> l<66:4> el<66:9>
                          n<> u<400> t<Packed_dimension> p<401> c<399> l<66:10> el<66:15>
                            n<> u<399> t<Constant_range> p<400> c<394> l<66:11> el<66:14>
                              n<> u<394> t<Constant_expression> p<399> c<393> s<398> l<66:11> el<66:12>
                                n<> u<393> t<Constant_primary> p<394> c<392> l<66:11> el<66:12>
                                  n<> u<392> t<Primary_literal> p<393> c<391> l<66:11> el<66:12>
                                    n<7> u<391> t<INTEGRAL_NUMBER> p<392> l<66:11> el<66:12>
                              n<> u<398> t<Constant_expression> p<399> c<397> l<66:13> el<66:14>
                                n<> u<397> t<Constant_primary> p<398> c<396> l<66:13> el<66:14>
                                  n<> u<396> t<Primary_literal> p<397> c<395> l<66:13> el<66:14>
                                    n<0> u<395> t<INTEGRAL_NUMBER> p<396> l<66:13> el<66:14>
                        n<> u<404> t<Variable_decl_assignment_list> p<405> c<403> l<66:17> el<66:20>
                          n<> u<403> t<Variable_decl_assignment> p<404> c<402> l<66:17> el<66:20>
                            n<que> u<402> t<SIMPLE_IDENTIFIER> p<403> l<66:17> el<66:20>
        n<// Uncomment this line, the error goes away.> u<413> t<LINE_COMMENT> p<497> s<414> l<68:4> el<68:48>
        n<//assign test_inout = que;> u<414> t<LINE_COMMENT> p<497> s<430> l<69:4> el<69:30>
        n<> u<430> t<Module_item> p<497> c<429> s<495> l<71:4> el<71:19>
          n<> u<429> t<Non_port_module_item> p<430> c<428> l<71:4> el<71:19>
            n<> u<428> t<Module_or_generate_item> p<429> c<427> l<71:4> el<71:19>
              n<> u<427> t<Module_common_item> p<428> c<426> l<71:4> el<71:19>
                n<> u<426> t<Continuous_assign> p<427> c<425> l<71:4> el<71:19>
                  n<> u<425> t<Net_assignment_list> p<426> c<424> l<71:11> el<71:18>
                    n<> u<424> t<Net_assignment> p<425> c<419> l<71:11> el<71:18>
                      n<> u<419> t<Net_lvalue> p<424> c<416> s<423> l<71:11> el<71:12>
                        n<> u<416> t<Ps_or_hierarchical_identifier> p<419> c<415> s<418> l<71:11> el<71:12>
                          n<q> u<415> t<SIMPLE_IDENTIFIER> p<416> l<71:11> el<71:12>
                        n<> u<418> t<Constant_select> p<419> c<417> l<71:13> el<71:13>
                          n<> u<417> t<Constant_bit_select> p<418> l<71:13> el<71:13>
                      n<> u<423> t<Expression> p<424> c<422> l<71:15> el<71:18>
                        n<> u<422> t<Primary> p<423> c<421> l<71:15> el<71:18>
                          n<> u<421> t<Primary_literal> p<422> c<420> l<71:15> el<71:18>
                            n<que> u<420> t<SIMPLE_IDENTIFIER> p<421> l<71:15> el<71:18>
        n<> u<495> t<Module_item> p<497> c<494> s<496> l<72:4> el<77:9>
          n<> u<494> t<Non_port_module_item> p<495> c<493> l<72:4> el<77:9>
            n<> u<493> t<Module_or_generate_item> p<494> c<492> l<72:4> el<77:9>
              n<> u<492> t<Module_common_item> p<493> c<491> l<72:4> el<77:9>
                n<> u<491> t<Always_construct> p<492> c<431> l<72:4> el<77:9>
                  n<> u<431> t<ALWAYS> p<491> s<490> l<72:4> el<72:10>
                  n<> u<490> t<Statement> p<491> c<489> l<72:11> el<77:9>
                    n<> u<489> t<Statement_item> p<490> c<488> l<72:11> el<77:9>
                      n<> u<488> t<Procedural_timing_control_statement> p<489> c<439> l<72:11> el<77:9>
                        n<> u<439> t<Procedural_timing_control> p<488> c<438> s<487> l<72:11> el<72:27>
                          n<> u<438> t<Event_control> p<439> c<437> l<72:11> el<72:27>
                            n<> u<437> t<Event_expression> p<438> c<432> l<72:15> el<72:26>
                              n<> u<432> t<POSEDGE> p<437> s<436> l<72:15> el<72:22>
                              n<> u<436> t<Expression> p<437> c<435> l<72:23> el<72:26>
                                n<> u<435> t<Primary> p<436> c<434> l<72:23> el<72:26>
                                  n<> u<434> t<Primary_literal> p<435> c<433> l<72:23> el<72:26>
                                    n<clk> u<433> t<SIMPLE_IDENTIFIER> p<434> l<72:23> el<72:26>
                        n<> u<487> t<Statement_or_null> p<488> c<486> l<73:6> el<77:9>
                          n<> u<486> t<Statement> p<487> c<485> l<73:6> el<77:9>
                            n<> u<485> t<Statement_item> p<486> c<484> l<73:6> el<77:9>
                              n<> u<484> t<Conditional_statement> p<485> c<447> l<73:6> el<77:9>
                                n<> u<447> t<Cond_predicate> p<484> c<446> s<465> l<73:10> el<73:16>
                                  n<> u<446> t<Expression_or_cond_pattern> p<447> c<445> l<73:10> el<73:16>
                                    n<> u<445> t<Expression> p<446> c<444> l<73:10> el<73:16>
                                      n<> u<444> t<TILDA> p<445> s<443> l<73:10> el<73:11>
                                      n<> u<443> t<Expression> p<445> c<442> l<73:11> el<73:16>
                                        n<> u<442> t<Primary> p<443> c<441> l<73:11> el<73:16>
                                          n<> u<441> t<Primary_literal> p<442> c<440> l<73:11> el<73:16>
                                            n<reset> u<440> t<SIMPLE_IDENTIFIER> p<441> l<73:11> el<73:16>
                                n<> u<465> t<Statement_or_null> p<484> c<464> s<483> l<73:18> el<75:9>
                                  n<> u<464> t<Statement> p<465> c<463> l<73:18> el<75:9>
                                    n<> u<463> t<Statement_item> p<464> c<462> l<73:18> el<75:9>
                                      n<> u<462> t<Seq_block> p<463> c<460> l<73:18> el<75:9>
                                        n<> u<460> t<Statement_or_null> p<462> c<459> s<461> l<74:9> el<74:21>
                                          n<> u<459> t<Statement> p<460> c<458> l<74:9> el<74:21>
                                            n<> u<458> t<Statement_item> p<459> c<457> l<74:9> el<74:21>
                                              n<> u<457> t<Nonblocking_assignment> p<458> c<452> l<74:9> el<74:20>
                                                n<> u<452> t<Variable_lvalue> p<457> c<449> s<456> l<74:9> el<74:12>
                                                  n<> u<449> t<Ps_or_hierarchical_identifier> p<452> c<448> s<451> l<74:9> el<74:12>
                                                    n<que> u<448> t<SIMPLE_IDENTIFIER> p<449> l<74:9> el<74:12>
                                                  n<> u<451> t<Select> p<452> c<450> l<74:13> el<74:13>
                                                    n<> u<450> t<Bit_select> p<451> l<74:13> el<74:13>
                                                n<> u<456> t<Expression> p<457> c<455> l<74:16> el<74:20>
                                                  n<> u<455> t<Primary> p<456> c<454> l<74:16> el<74:20>
                                                    n<> u<454> t<Primary_literal> p<455> c<453> l<74:16> el<74:20>
                                                      n<8'b0> u<453> t<INTEGRAL_NUMBER> p<454> l<74:16> el<74:20>
                                        n<> u<461> t<END> p<462> l<75:6> el<75:9>
                                n<> u<483> t<Statement_or_null> p<484> c<482> l<75:15> el<77:9>
                                  n<> u<482> t<Statement> p<483> c<481> l<75:15> el<77:9>
                                    n<> u<481> t<Statement_item> p<482> c<480> l<75:15> el<77:9>
                                      n<> u<480> t<Seq_block> p<481> c<478> l<75:15> el<77:9>
                                        n<> u<478> t<Statement_or_null> p<480> c<477> s<479> l<76:9> el<76:21>
                                          n<> u<477> t<Statement> p<478> c<476> l<76:9> el<76:21>
                                            n<> u<476> t<Statement_item> p<477> c<475> l<76:9> el<76:21>
                                              n<> u<475> t<Nonblocking_assignment> p<476> c<470> l<76:9> el<76:20>
                                                n<> u<470> t<Variable_lvalue> p<475> c<467> s<474> l<76:9> el<76:12>
                                                  n<> u<467> t<Ps_or_hierarchical_identifier> p<470> c<466> s<469> l<76:9> el<76:12>
                                                    n<que> u<466> t<SIMPLE_IDENTIFIER> p<467> l<76:9> el<76:12>
                                                  n<> u<469> t<Select> p<470> c<468> l<76:13> el<76:13>
                                                    n<> u<468> t<Bit_select> p<469> l<76:13> el<76:13>
                                                n<> u<474> t<Expression> p<475> c<473> l<76:16> el<76:20>
                                                  n<> u<473> t<Primary> p<474> c<472> l<76:16> el<76:20>
                                                    n<> u<472> t<Primary_literal> p<473> c<471> l<76:16> el<76:20>
                                                      n<data> u<471> t<SIMPLE_IDENTIFIER> p<472> l<76:16> el<76:20>
                                        n<> u<479> t<END> p<480> l<77:6> el<77:9>
        n<> u<496> t<ENDMODULE> p<497> l<78:1> el<78:10>
AST_DEBUG_END
[INF:CP0303] $Source01/t_tri_public.v:8:1: Compile module "t".
[INF:CP0303] $Source01/t_tri_public.v:47:1: Compile module "sub_mod".
[INF:CM0029] Using global timescale: "1ns/1ns".
====== HLDB =======
Design name:unnamed:
  vpiName: unnamed
  vpiSourceFile (1 items):
    SourceFile name:t_tri_public.v file:$Source01/t_tri_public.v:
      vpiParent: Design name:unnamed
      vpiName: t_tri_public.v
      vpiPreprocFile: "$Output/lib/work/t_tri_public.v"
  vpiAllModules (2 items):
    Module name:t file:$Source01/t_tri_public.v start:8:1 end:45:10:
      vpiParent: Design name:unnamed
      vpiName Identifier name:t start:8:8 end:8:9:
      vpiFullName: t
      vpiVariable (2 items):
        Variable name:out start:16:17 end:16:20:
          vpiParent: Module name:t
          vpiTypespec RefTypespec start:22:4 end:22:13:
            vpiParent: Variable name:out
            vpiFullName: t.out
            vpiActual: LogicTypespec
          vpiName: out
          vpiFullName: t.out
          vpiVector: true
        Variable name:q_out start:23:17 end:23:22:
          vpiParent: Module name:t
          vpiTypespec RefTypespec name:logic start:23:4 end:23:15:
            vpiParent: Variable name:q_out
            vpiName: logic
            vpiFullName: t.q_out.logic
            vpiActual: ArrayTypespec
          vpiName: q_out
          vpiFullName: t.q_out
      vpiTypespec (7 items):
        LogicTypespec:
          vpiParent: Module name:t
          vpiRange (1 items):
            Range start:16:11 end:16:16:
              vpiParent: LogicTypespec
              vpiLeftRange Constant start:16:12 end:16:13:
                vpiParent: Range
                vpiTypespec RefTypespec:
                  vpiParent: Constant
                  vpiFullName: t
                  vpiActual: IntTypespec
                vpiConstType: unsigned int (9)
                vpiSize: 64
                vpiDecompile: "7"
                vpiValue: 7
              vpiRightRange Constant start:16:14 end:16:15:
                vpiParent: Range
                vpiTypespec RefTypespec:
                  vpiParent: Constant
                  vpiFullName: t
                  vpiActual: IntTypespec
                vpiConstType: unsigned int (9)
                vpiSize: 64
                vpiDecompile: "0"
                vpiValue: 0
          vpiVector: true
        LogicTypespec:
          vpiParent: Module name:t
          vpiRange (1 items):
            Range start:19:10 end:19:15:
              vpiParent: LogicTypespec
              vpiLeftRange Constant start:19:11 end:19:12:
                vpiParent: Range
                vpiTypespec RefTypespec:
                  vpiParent: Constant
                  vpiFullName: t
                  vpiActual: IntTypespec
                vpiConstType: unsigned int (9)
                vpiSize: 64
                vpiDecompile: "7"
                vpiValue: 7
              vpiRightRange Constant start:19:13 end:19:14:
                vpiParent: Range
                vpiTypespec RefTypespec:
                  vpiParent: Constant
                  vpiFullName: t
                  vpiActual: IntTypespec
                vpiConstType: unsigned int (9)
                vpiSize: 64
                vpiDecompile: "0"
                vpiValue: 0
          vpiVector: true
        LogicTypespec:
          vpiParent: Module name:t
        LogicTypespec:
          vpiParent: Module name:t
          vpiRange (1 items):
            Range start:22:8 end:22:13:
              vpiParent: LogicTypespec
              vpiLeftRange Constant start:22:9 end:22:10:
                vpiParent: Range
                vpiTypespec RefTypespec:
                  vpiParent: Constant
                  vpiFullName: t
                  vpiActual: IntTypespec
                vpiConstType: unsigned int (9)
                vpiSize: 64
                vpiDecompile: "7"
                vpiValue: 7
              vpiRightRange Constant start:22:11 end:22:12:
                vpiParent: Range
                vpiTypespec RefTypespec:
                  vpiParent: Constant
                  vpiFullName: t
                  vpiActual: IntTypespec
                vpiConstType: unsigned int (9)
                vpiSize: 64
                vpiDecompile: "0"
                vpiValue: 0
          vpiVector: true
        UnsupportedTypespec name:logic start:23:4 end:23:9:
          vpiParent: Module name:t
          vpiName Identifier name:logic start:23:4 end:23:9:
        ArrayTypespec:
          vpiParent: Module name:t
          vpiArrayType: static (1)
          vpiPacked: true
          vpiRange Range start:23:10 end:23:15:
            vpiParent: ArrayTypespec
            vpiLeftRange Constant start:23:11 end:23:12:
              vpiParent: Range
              vpiTypespec RefTypespec:
                vpiParent: Constant
                vpiFullName: t
                vpiActual: IntTypespec
              vpiConstType: unsigned int (9)
              vpiSize: 64
              vpiDecompile: "7"
              vpiValue: 7
            vpiRightRange Constant start:23:13 end:23:14:
              vpiParent: Range
              vpiTypespec RefTypespec:
                vpiParent: Constant
                vpiFullName: t
                vpiActual: IntTypespec
              vpiConstType: unsigned int (9)
              vpiSize: 64
              vpiDecompile: "0"
              vpiValue: 0
          vpiElemTypespec RefTypespec name:logic:
            vpiParent: ArrayTypespec
            vpiName: logic
            vpiFullName: t.logic
            vpiActual: UnsupportedTypespec name:logic
        ModuleTypespec name:sub_mod start:36:4 end:36:11:
          vpiParent: Module name:t
          vpiName Identifier name:sub_mod start:36:4 end:36:11:
          vpiDefName: sub_mod
          vpiModule: Module name:sub_mod
      vpiDefName: t
      vpiDefNetType: wire (1)
      vpiLibrary RefObj name:work:
        vpiParent: Module name:t
        vpiName: work
        vpiFullName: t.work
      vpiCell: t
      vpiNet (4 items):
        Net name:data start:19:17 end:19:21:
          vpiParent: Module name:t
          vpiTypespec RefTypespec start:19:10 end:19:15:
            vpiParent: Net name:data
            vpiFullName: t.data
            vpiActual: LogicTypespec
          vpiName: data
          vpiFullName: t.data
          vpiNetType: wire (1)
          vpiVector: true
        Net name:up_down start:20:11 end:20:18:
          vpiParent: Module name:t
          vpiTypespec RefTypespec start:20:11 end:20:11:
            vpiParent: Net name:up_down
            vpiFullName: t.up_down
            vpiActual: LogicTypespec
          vpiName: up_down
          vpiFullName: t.up_down
          vpiNetType: wire (1)
          vpiScalar: true
        Net name:clk start:20:20 end:20:23:
          vpiParent: Module name:t
          vpiTypespec RefTypespec start:20:11 end:20:11:
            vpiParent: Net name:clk
            vpiFullName: t.clk
            vpiActual: LogicTypespec
          vpiName: clk
          vpiFullName: t.clk
          vpiNetType: wire (1)
          vpiScalar: true
        Net name:reset start:20:25 end:20:30:
          vpiParent: Module name:t
          vpiTypespec RefTypespec start:20:11 end:20:11:
            vpiParent: Net name:reset
            vpiFullName: t.reset
            vpiActual: LogicTypespec
          vpiName: reset
          vpiFullName: t.reset
          vpiNetType: wire (1)
          vpiScalar: true
      vpiPort (5 items):
        Port name:out start:10:4 end:10:7:
          vpiParent: Module name:t
          vpiName: out
          vpiDirection: output (2)
          vpiLowConn RefObj name:out start:16:17 end:16:20:
            vpiParent: Port name:out
            vpiName: out
            vpiFullName: t.out.out
            vpiActual: Variable name:out
        Port name:data start:12:4 end:12:8:
          vpiParent: Module name:t
          vpiName: data
          vpiDirection: input (1)
          vpiLowConn RefObj name:data start:19:17 end:19:21:
            vpiParent: Port name:data
            vpiName: data
            vpiFullName: t.data.data
            vpiActual: Net name:data
          vpiTypespec RefTypespec start:19:10 end:19:15:
            vpiParent: Port name:data
            vpiFullName: t.data
            vpiActual: LogicTypespec
        Port name:up_down start:12:10 end:12:17:
          vpiParent: Module name:t
          vpiName: up_down
          vpiDirection: input (1)
          vpiLowConn RefObj name:up_down start:20:11 end:20:18:
            vpiParent: Port name:up_down
            vpiName: up_down
            vpiFullName: t.up_down.up_down
            vpiActual: Net name:up_down
          vpiTypespec RefTypespec start:20:11 end:20:11:
            vpiParent: Port name:up_down
            vpiFullName: t.up_down
            vpiActual: LogicTypespec
        Port name:clk start:12:19 end:12:22:
          vpiParent: Module name:t
          vpiName: clk
          vpiDirection: input (1)
          vpiLowConn RefObj name:clk start:20:20 end:20:23:
            vpiParent: Port name:clk
            vpiName: clk
            vpiFullName: t.clk.clk
            vpiActual: Net name:clk
          vpiTypespec RefTypespec start:20:11 end:20:11:
            vpiParent: Port name:clk
            vpiFullName: t.clk
            vpiActual: LogicTypespec
        Port name:reset start:12:24 end:12:29:
          vpiParent: Module name:t
          vpiName: reset
          vpiDirection: input (1)
          vpiLowConn RefObj name:reset start:20:25 end:20:30:
            vpiParent: Port name:reset
            vpiName: reset
            vpiFullName: t.reset.reset
            vpiActual: Net name:reset
          vpiTypespec RefTypespec start:20:11 end:20:11:
            vpiParent: Port name:reset
            vpiFullName: t.reset
            vpiActual: LogicTypespec
      vpiProcess (1 items):
        Always start:26:4 end:33:9:
          vpiParent: Module name:t
          vpiStmt EventControl start:26:11 end:33:9:
            vpiParent: Always
            vpiCondition Operation start:26:13 end:26:24:
              vpiParent: EventControl
              vpiOpType: posedge (39)
              vpiOperand (1 items):
                RefObj name:clk start:26:21 end:26:24:
                  vpiParent: Operation
                  vpiName: clk
                  vpiFullName: t.clk
                  vpiActual: Net name:clk
            vpiStmt IfElse start:27:6 end:33:9:
              vpiParent: EventControl
              vpiCondition RefObj name:reset start:27:10 end:27:15:
                vpiParent: IfElse
                vpiName: reset
                vpiFullName: t.reset
                vpiActual: Net name:reset
              vpiStmt Begin start:27:17 end:29:9:
                vpiParent: IfElse
                vpiFullName: t
                vpiStmt (1 items):
                  Assignment start:28:9 end:28:20:
                    vpiParent: Begin
                    vpiLhs RefObj name:out start:28:9 end:28:12:
                      vpiParent: Assignment
                      vpiName: out
                      vpiFullName: t.out
                      vpiActual: Variable name:out
                    vpiRhs Constant start:28:16 end:28:20:
                      vpiParent: Assignment
                      vpiTypespec RefTypespec:
                        vpiParent: Constant
                        vpiFullName: t
                        vpiActual: LogicTypespec
                      vpiConstType: binary (3)
                      vpiSize: 8
                      vpiDecompile: "8'b0"
                      vpiValue: "0"
              vpiElseStmt IfElse start:29:15 end:33:9:
                vpiParent: IfElse
                vpiCondition RefObj name:up_down start:29:19 end:29:26:
                  vpiParent: IfElse
                  vpiName: up_down
                  vpiFullName: t.up_down
                  vpiActual: Net name:up_down
                vpiStmt Begin start:29:28 end:31:9:
                  vpiParent: IfElse
                  vpiFullName: t
                  vpiStmt (1 items):
                    Assignment start:30:9 end:30:23:
                      vpiParent: Begin
                      vpiLhs RefObj name:out start:30:9 end:30:12:
                        vpiParent: Assignment
                        vpiName: out
                        vpiFullName: t.out
                        vpiActual: Variable name:out
                      vpiRhs Operation start:30:16 end:30:23:
                        vpiParent: Assignment
                        vpiOpType: add (24)
                        vpiOperand (2 items):
                          RefObj name:out start:30:16 end:30:19:
                            vpiParent: Operation
                            vpiName: out
                            vpiFullName: t.out
                            vpiActual: Variable name:out
                          Constant start:30:22 end:30:23:
                            vpiParent: Operation
                            vpiTypespec RefTypespec:
                              vpiParent: Constant
                              vpiFullName: t
                              vpiActual: IntTypespec
                            vpiConstType: unsigned int (9)
                            vpiSize: 64
                            vpiDecompile: "1"
                            vpiValue: 1
                vpiElseStmt Begin start:31:15 end:33:9:
                  vpiParent: IfElse
                  vpiFullName: t
                  vpiStmt (1 items):
                    Assignment start:32:9 end:32:21:
                      vpiParent: Begin
                      vpiLhs RefObj name:out start:32:9 end:32:12:
                        vpiParent: Assignment
                        vpiName: out
                        vpiFullName: t.out
                        vpiActual: Variable name:out
                      vpiRhs RefObj name:q_out start:32:16 end:32:21:
                        vpiParent: Assignment
                        vpiName: q_out
                        vpiFullName: t.q_out
                        vpiActual: Variable name:q_out
          vpiAlwaysType: always (1)
      vpiRefInstance (1 items):
        RefInstance name:sub_mod start:36:12 end:36:19:
          vpiParent: Module name:t
          vpiName: sub_mod
          vpiTypespec RefTypespec name:sub_mod start:36:4 end:36:11:
            vpiParent: RefInstance name:sub_mod
            vpiName: sub_mod
            vpiFullName: t.sub_mod.sub_mod
            vpiActual: ModuleTypespec name:sub_mod
          vpiPort (4 items):
            Port start:38:7 end:38:16:
              vpiParent: RefInstance name:sub_mod
              vpiLowConn RefObj name:clk start:38:8 end:38:11:
                vpiParent: Port
                vpiName: clk
                vpiFullName: t.sub_mod.clk
                vpiActual: Port name:clk
              vpiHighConn RefObj name:clk start:38:12 end:38:15:
                vpiParent: Port
                vpiName: clk
                vpiFullName: t.sub_mod.clk
                vpiActual: Net name:clk
            Port start:39:7 end:39:18:
              vpiParent: RefInstance name:sub_mod
              vpiLowConn RefObj name:data start:39:8 end:39:12:
                vpiParent: Port
                vpiName: data
                vpiFullName: t.sub_mod.data
                vpiActual: Port name:data
              vpiHighConn RefObj name:data start:39:13 end:39:17:
                vpiParent: Port
                vpiName: data
                vpiFullName: t.sub_mod.data
                vpiActual: Net name:data
            Port start:40:7 end:40:20:
              vpiParent: RefInstance name:sub_mod
              vpiLowConn RefObj name:reset start:40:8 end:40:13:
                vpiParent: Port
                vpiName: reset
                vpiFullName: t.sub_mod.reset
                vpiActual: Port name:reset
              vpiHighConn RefObj name:reset start:40:14 end:40:19:
                vpiParent: Port
                vpiName: reset
                vpiFullName: t.sub_mod.reset
                vpiActual: Net name:reset
            Port start:41:7 end:41:16:
              vpiParent: RefInstance name:sub_mod
              vpiLowConn RefObj name:q start:41:8 end:41:9:
                vpiParent: Port
                vpiName: q
                vpiFullName: t.sub_mod.q
                vpiActual: Port name:q
              vpiHighConn RefObj name:q_out start:41:10 end:41:15:
                vpiParent: Port
                vpiName: q_out
                vpiFullName: t.sub_mod.q_out
                vpiActual: Variable name:q_out
    Module name:sub_mod file:$Source01/t_tri_public.v start:47:1 end:78:10:
      vpiParent: Design name:unnamed
      vpiName Identifier name:sub_mod start:47:8 end:47:15:
      vpiFullName: sub_mod
      vpiVariable (1 items):
        Variable name:que start:66:17 end:66:20:
          vpiParent: Module name:sub_mod
          vpiTypespec RefTypespec name:logic start:66:4 end:66:15:
            vpiParent: Variable name:que
            vpiName: logic
            vpiFullName: sub_mod.que.logic
            vpiActual: ArrayTypespec
          vpiName: que
          vpiFullName: sub_mod.que
      vpiTypespec (5 items):
        LogicTypespec:
          vpiParent: Module name:sub_mod
          vpiRange (1 items):
            Range start:58:10 end:58:15:
              vpiParent: LogicTypespec
              vpiLeftRange Constant start:58:11 end:58:12:
                vpiParent: Range
                vpiTypespec RefTypespec:
                  vpiParent: Constant
                  vpiFullName: sub_mod
                  vpiActual: IntTypespec
                vpiConstType: unsigned int (9)
                vpiSize: 64
                vpiDecompile: "7"
                vpiValue: 7
              vpiRightRange Constant start:58:13 end:58:14:
                vpiParent: Range
                vpiTypespec RefTypespec:
                  vpiParent: Constant
                  vpiFullName: sub_mod
                  vpiActual: IntTypespec
                vpiConstType: unsigned int (9)
                vpiSize: 64
                vpiDecompile: "0"
                vpiValue: 0
          vpiVector: true
        LogicTypespec:
          vpiParent: Module name:sub_mod
        LogicTypespec:
          vpiParent: Module name:sub_mod
          vpiRange (1 items):
            Range start:63:11 end:63:16:
              vpiParent: LogicTypespec
              vpiLeftRange Constant start:63:12 end:63:13:
                vpiParent: Range
                vpiTypespec RefTypespec:
                  vpiParent: Constant
                  vpiFullName: sub_mod
                  vpiActual: IntTypespec
                vpiConstType: unsigned int (9)
                vpiSize: 64
                vpiDecompile: "7"
                vpiValue: 7
              vpiRightRange Constant start:63:14 end:63:15:
                vpiParent: Range
                vpiTypespec RefTypespec:
                  vpiParent: Constant
                  vpiFullName: sub_mod
                  vpiActual: IntTypespec
                vpiConstType: unsigned int (9)
                vpiSize: 64
                vpiDecompile: "0"
                vpiValue: 0
          vpiVector: true
        UnsupportedTypespec name:logic start:66:4 end:66:9:
          vpiParent: Module name:sub_mod
          vpiName Identifier name:logic start:66:4 end:66:9:
        ArrayTypespec:
          vpiParent: Module name:sub_mod
          vpiArrayType: static (1)
          vpiPacked: true
          vpiRange Range start:66:10 end:66:15:
            vpiParent: ArrayTypespec
            vpiLeftRange Constant start:66:11 end:66:12:
              vpiParent: Range
              vpiTypespec RefTypespec:
                vpiParent: Constant
                vpiFullName: sub_mod
                vpiActual: IntTypespec
              vpiConstType: unsigned int (9)
              vpiSize: 64
              vpiDecompile: "7"
              vpiValue: 7
            vpiRightRange Constant start:66:13 end:66:14:
              vpiParent: Range
              vpiTypespec RefTypespec:
                vpiParent: Constant
                vpiFullName: sub_mod
                vpiActual: IntTypespec
              vpiConstType: unsigned int (9)
              vpiSize: 64
              vpiDecompile: "0"
              vpiValue: 0
          vpiElemTypespec RefTypespec name:logic:
            vpiParent: ArrayTypespec
            vpiName: logic
            vpiFullName: sub_mod.logic
            vpiActual: UnsupportedTypespec name:logic
      vpiDefName: sub_mod
      vpiDefNetType: wire (1)
      vpiLibrary RefObj name:work:
        vpiParent: Module name:sub_mod
        vpiName: work
        vpiFullName: sub_mod.work
      vpiCell: sub_mod
      vpiNet (6 items):
        Net name:data start:58:16 end:58:20:
          vpiParent: Module name:sub_mod
          vpiTypespec RefTypespec start:58:10 end:58:15:
            vpiParent: Net name:data
            vpiFullName: sub_mod.data
            vpiActual: LogicTypespec
          vpiName: data
          vpiFullName: sub_mod.data
          vpiNetType: wire (1)
          vpiVector: true
        Net name:clk start:59:16 end:59:19:
          vpiParent: Module name:sub_mod
          vpiTypespec RefTypespec start:59:16 end:59:16:
            vpiParent: Net name:clk
            vpiFullName: sub_mod.clk
            vpiActual: LogicTypespec
          vpiName: clk
          vpiFullName: sub_mod.clk
          vpiNetType: wire (1)
          vpiScalar: true
        Net name:reset start:59:21 end:59:26:
          vpiParent: Module name:sub_mod
          vpiTypespec RefTypespec start:59:16 end:59:16:
            vpiParent: Net name:reset
            vpiFullName: sub_mod.reset
            vpiActual: LogicTypespec
          vpiName: reset
          vpiFullName: sub_mod.reset
          vpiNetType: wire (1)
          vpiScalar: true
        Net name:test_inout start:60:16 end:60:26:
          vpiParent: Module name:sub_mod
          vpiTypespec RefTypespec start:60:16 end:60:16:
            vpiParent: Net name:test_inout
            vpiFullName: sub_mod.test_inout
            vpiActual: LogicTypespec
          vpiName: test_inout
          vpiFullName: sub_mod.test_inout
          vpiNetType: wire (1)
          vpiScalar: true
        Net name:q start:63:17 end:63:18:
          vpiParent: Module name:sub_mod
          vpiTypespec RefTypespec start:63:11 end:63:16:
            vpiParent: Net name:q
            vpiFullName: sub_mod.q
            vpiActual: LogicTypespec
          vpiName: q
          vpiFullName: sub_mod.q
          vpiNetType: wire (1)
          vpiVector: true
        Net name:test_out start:64:12 end:64:20:
          vpiParent: Module name:sub_mod
          vpiTypespec RefTypespec start:64:12 end:64:12:
            vpiParent: Net name:test_out
            vpiFullName: sub_mod.test_out
            vpiActual: LogicTypespec
          vpiName: test_out
          vpiFullName: sub_mod.test_out
          vpiNetType: wire (1)
          vpiScalar: true
      vpiPort (6 items):
        Port name:q start:49:4 end:49:5:
          vpiParent: Module name:sub_mod
          vpiName: q
          vpiDirection: output (2)
          vpiLowConn RefObj name:q start:63:17 end:63:18:
            vpiParent: Port name:q
            vpiName: q
            vpiFullName: sub_mod.q.q
            vpiActual: Net name:q
          vpiTypespec RefTypespec start:63:11 end:63:16:
            vpiParent: Port name:q
            vpiFullName: sub_mod.q
            vpiActual: LogicTypespec
        Port name:test_out start:49:7 end:49:15:
          vpiParent: Module name:sub_mod
          vpiName: test_out
          vpiDirection: output (2)
          vpiLowConn RefObj name:test_out start:64:12 end:64:20:
            vpiParent: Port name:test_out
            vpiName: test_out
            vpiFullName: sub_mod.test_out.test_out
            vpiActual: Net name:test_out
          vpiTypespec RefTypespec start:64:12 end:64:12:
            vpiParent: Port name:test_out
            vpiFullName: sub_mod.test_out
            vpiActual: LogicTypespec
        Port name:test_inout start:51:4 end:51:14:
          vpiParent: Module name:sub_mod
          vpiName: test_inout
          vpiDirection: inout (3)
          vpiLowConn RefObj name:test_inout start:60:16 end:60:26:
            vpiParent: Port name:test_inout
            vpiName: test_inout
            vpiFullName: sub_mod.test_inout.test_inout
            vpiActual: Net name:test_inout
          vpiTypespec RefTypespec start:60:16 end:60:16:
            vpiParent: Port name:test_inout
            vpiFullName: sub_mod.test_inout
            vpiActual: LogicTypespec
        Port name:data start:53:4 end:53:8:
          vpiParent: Module name:sub_mod
          vpiName: data
          vpiDirection: input (1)
          vpiLowConn RefObj name:data start:58:16 end:58:20:
            vpiParent: Port name:data
            vpiName: data
            vpiFullName: sub_mod.data.data
            vpiActual: Net name:data
          vpiTypespec RefTypespec start:58:10 end:58:15:
            vpiParent: Port name:data
            vpiFullName: sub_mod.data
            vpiActual: LogicTypespec
        Port name:clk start:53:10 end:53:13:
          vpiParent: Module name:sub_mod
          vpiName: clk
          vpiDirection: input (1)
          vpiLowConn RefObj name:clk start:59:16 end:59:19:
            vpiParent: Port name:clk
            vpiName: clk
            vpiFullName: sub_mod.clk.clk
            vpiActual: Net name:clk
          vpiTypespec RefTypespec start:59:16 end:59:16:
            vpiParent: Port name:clk
            vpiFullName: sub_mod.clk
            vpiActual: LogicTypespec
        Port name:reset start:53:15 end:53:20:
          vpiParent: Module name:sub_mod
          vpiName: reset
          vpiDirection: input (1)
          vpiLowConn RefObj name:reset start:59:21 end:59:26:
            vpiParent: Port name:reset
            vpiName: reset
            vpiFullName: sub_mod.reset.reset
            vpiActual: Net name:reset
          vpiTypespec RefTypespec start:59:16 end:59:16:
            vpiParent: Port name:reset
            vpiFullName: sub_mod.reset
            vpiActual: LogicTypespec
      vpiProcess (1 items):
        Always start:72:4 end:77:9:
          vpiParent: Module name:sub_mod
          vpiStmt EventControl start:72:11 end:77:9:
            vpiParent: Always
            vpiCondition Operation start:72:15 end:72:26:
              vpiParent: EventControl
              vpiOpType: posedge (39)
              vpiOperand (1 items):
                RefObj name:clk start:72:23 end:72:26:
                  vpiParent: Operation
                  vpiName: clk
                  vpiFullName: sub_mod.clk
                  vpiActual: Net name:clk
            vpiStmt IfElse start:73:6 end:77:9:
              vpiParent: EventControl
              vpiCondition Operation start:73:10 end:73:16:
                vpiParent: IfElse
                vpiOpType: bitwise negation (4)
                vpiOperand (1 items):
                  RefObj name:reset start:73:11 end:73:16:
                    vpiParent: Operation
                    vpiName: reset
                    vpiFullName: sub_mod.reset
                    vpiActual: Net name:reset
              vpiStmt Begin start:73:18 end:75:9:
                vpiParent: IfElse
                vpiFullName: sub_mod
                vpiStmt (1 items):
                  Assignment start:74:9 end:74:20:
                    vpiParent: Begin
                    vpiLhs RefObj name:que start:74:9 end:74:12:
                      vpiParent: Assignment
                      vpiName: que
                      vpiFullName: sub_mod.que
                      vpiActual: Variable name:que
                    vpiRhs Constant start:74:16 end:74:20:
                      vpiParent: Assignment
                      vpiTypespec RefTypespec:
                        vpiParent: Constant
                        vpiFullName: sub_mod
                        vpiActual: LogicTypespec
                      vpiConstType: binary (3)
                      vpiSize: 8
                      vpiDecompile: "8'b0"
                      vpiValue: "0"
              vpiElseStmt Begin start:75:15 end:77:9:
                vpiParent: IfElse
                vpiFullName: sub_mod
                vpiStmt (1 items):
                  Assignment start:76:9 end:76:20:
                    vpiParent: Begin
                    vpiLhs RefObj name:que start:76:9 end:76:12:
                      vpiParent: Assignment
                      vpiName: que
                      vpiFullName: sub_mod.que
                      vpiActual: Variable name:que
                    vpiRhs RefObj name:data start:76:16 end:76:20:
                      vpiParent: Assignment
                      vpiName: data
                      vpiFullName: sub_mod.data
                      vpiActual: Net name:data
          vpiAlwaysType: always (1)
      vpiContAssign (1 items):
        ContAssign start:71:11 end:71:18:
          vpiParent: Module name:sub_mod
          vpiLhs RefObj name:q start:71:11 end:71:12:
            vpiParent: ContAssign
            vpiName: q
            vpiFullName: sub_mod.q
            vpiActual: Net name:q
          vpiRhs RefObj name:que start:71:15 end:71:18:
            vpiParent: ContAssign
            vpiName: que
            vpiFullName: sub_mod.que
            vpiActual: Variable name:que
  vpiTypespec (4 items):
    ModuleTypespec name:t:
      vpiParent: Design name:unnamed
      vpiName Identifier name:t start:8:8 end:8:9:
      vpiModule: Module name:t
    IntTypespec:
      vpiParent: Design name:unnamed
      vpiSigned: true
    LogicTypespec:
      vpiParent: Design name:unnamed
    ModuleTypespec name:sub_mod:
      vpiParent: Design name:unnamed
      vpiName Identifier name:sub_mod start:47:8 end:47:15:
      vpiModule: Module name:sub_mod
===================
[  FATAL] : 0
[ SYNTAX] : 0
[  ERROR] : 0
[WARNING] : 0
[   NOTE] : 0
********************************************************************************
*                    End HLC SystemVerilog Compiler/Linter                     *
********************************************************************************

#**#**#**#**#**#**#**#**#**#**#**#**#**#**#**#**#**#**#**#**#**#**#**#**#**#**#**#**#**#**#**#**#**#**#**#**#**#**#**#**

Environment:
      test-name: Verilator/t_tri_public
   test-dirpath: ${HLC_DIR}/regression/Verilator/t_tri_public
  hldb-filepath: ${HLC_DIR}/regression/Verilator/t_tri_public/design.hldb
mounts-filepath: ${HLC_DIR}/regression/Verilator/t_tri_public/mounts.json


{'result': {'coverage': 99.52,
            'error_count': 0,
            'file_count': 1,
            'files': {'$Output/lib/work/t_tri_public.v': {'post_len': 3,
                                                          'pre_len': 626}},
            'post_len': 3,
            'pre_len': 626,
            'test_name': 'Verilator/t_tri_public'}}

+---------------------------------+----------+-----------+
| INPUT                           |   PRELEN |   POSTLEN |
+=================================+==========+===========+
| $Output/lib/work/t_tri_public.v |      626 |         3 |
+=================================+==========+===========+
|                                 |      626 |         3 |
+---------------------------------+----------+-----------+

[   ERROR] : 0
[COVERAGE] : 99.52


#**#**#**#**#**#**#**#**#**#**#**#**#**#**#**#**#**#**#**#**#**#**#**#**#**#**#**#**#**#**#**#**#**#**#**#**#**#**#**#**

COMMAND: ${HLC_DIR}/regression/Verilator/t_tri_public/design.hldb ${HLC_DIR}/regression/Verilator/t_tri_public/reduced.hldb

==================== BEGIN REDUCTION RESULT ====================
Name                            Before   After   Added   Removed
----------------------------------------------------------------
----------------------------------------------------------------
Others                             181     181       0         0
----------------------------------------------------------------
                                   181     181       0         0
===================== END REDUCTION RESULT =====================
