********************************************************************************
*                   Begin HLC SystemVerilog Compiler/Linter                    *
********************************************************************************
Copyright (c) 2020 Apotell,
http://www.apache.org/licenses/LICENSE-2.0
VERSION: 1.84
COMMAND: -wd ../../../../tests/NetsAndVariables/DefaultNettype -d ast -d db NoneGateTerminal.sv -nobuiltin -mt 0 -mp 0 -d dbstats -d cache -d db -nostdout -o ${HLC_DIR}/regression/NetsAndVariables/DefaultNettype/NoneGateTerminal
[INF:CM0023] Creating log file "$Output/hlc.log".
[INF:PP0122] Preprocessing source file "$Source01/NoneGateTerminal.sv".
[INF:PA0201] Parsing source file "$Source01/NoneGateTerminal.sv".
AST_DEBUG_BEGIN
Count: 61
LIB: work
FILE: f<13>:$Source01/NoneGateTerminal.sv
n<$Source01/NoneGateTerminal.sv> u<60> t<Top_level_rule> c<1> l<23:1> el<31:1>
  n<> u<1> t<Null_rule> p<60> s<2> l<23:1> el<23:1>
  n</*\n Copyright 2020 Apotell\n\n Licensed under the Apache License, Version 2.0 (the "License");\n you may not use this file except in compliance with the License.\n You may obtain a copy of the License at\n\n http://www.apache.org/licenses/LICENSE-2.0\n\n Unless required by applicable law or agreed to in writing, software\n distributed under the License is distributed on an "AS IS" BASIS,\n WITHOUT WARRANTIES OR CONDITIONS OF ANY KIND, either express or implied.\n See the License for the specific language governing permissions and\n limitations under the License.\n*/> u<2> t<BLOCK_COMMENT> p<60> s<3> l<23:1> el<30:22>
  n<// Illegal construct: once `default_nettype none is in effect, all implicit> u<3> t<LINE_COMMENT> p<60> s<4> l<17:1> el<17:76>
  n<// net creation is disabled. Primitive gate terminals rely on implicit net> u<4> t<LINE_COMMENT> p<60> s<5> l<18:1> el<18:75>
  n<// creation just like continuous assignments and port connections do, so an> u<5> t<LINE_COMMENT> p<60> s<6> l<19:1> el<19:76>
  n<// undeclared identifier used as a gate terminal has no default net type to> u<6> t<LINE_COMMENT> p<60> s<7> l<20:1> el<20:76>
  n<// fall back on.> u<7> t<LINE_COMMENT> p<60> s<59> l<21:1> el<21:17>
  n<> u<59> t<Source_text> p<60> c<11> l<23:1> el<30:22>
    n<> u<11> t<Description> p<59> c<10> s<54> l<23:1> el<23:22>
      n<> u<10> t<Top_directives> p<11> c<9> l<23:1> el<23:22>
        n<> u<9> t<Default_nettype_directive> p<10> c<8> l<23:1> el<23:22>
          n<> u<8> t<NONE> p<9> l<23:18> el<23:22>
    n<> u<54> t<Description> p<59> c<53> s<58> l<25:1> el<28:10>
      n<> u<53> t<Module_declaration> p<54> c<32> l<25:1> el<28:10>
        n<> u<32> t<Module_ansi_header> p<53> c<12> s<33> l<25:1> el<25:96>
          n<module> u<12> t<MODULE> p<32> s<13> l<25:1> el<25:7>
          n<illegal_construct_default_nettype_none_gate_terminal_test> u<13> t<SIMPLE_IDENTIFIER> p<32> s<14> l<25:8> el<25:65>
          n<> u<14> t<Package_import_declaration_list> p<32> s<31> l<25:65> el<25:65>
          n<> u<31> t<Port_declaration_list> p<32> c<22> l<25:65> el<25:95>
            n<> u<22> t<Ansi_port_declaration> p<31> c<20> s<30> l<25:66> el<25:79>
              n<> u<20> t<Net_port_header> p<22> c<15> s<21> l<25:66> el<25:77>
                n<> u<15> t<INPUT> p<20> s<19> l<25:66> el<25:71>
                n<> u<19> t<Net_port_type> p<20> c<18> l<25:72> el<25:77>
                  n<> u<18> t<Data_type_or_implicit> p<19> c<17> l<25:72> el<25:77>
                    n<> u<17> t<Data_type> p<18> c<16> l<25:72> el<25:77>
                      n<> u<16> t<LOGIC> p<17> l<25:72> el<25:77>
              n<a> u<21> t<SIMPLE_IDENTIFIER> p<22> l<25:78> el<25:79>
            n<> u<30> t<Ansi_port_declaration> p<31> c<28> l<25:81> el<25:94>
              n<> u<28> t<Net_port_header> p<30> c<23> s<29> l<25:81> el<25:92>
                n<> u<23> t<INPUT> p<28> s<27> l<25:81> el<25:86>
                n<> u<27> t<Net_port_type> p<28> c<26> l<25:87> el<25:92>
                  n<> u<26> t<Data_type_or_implicit> p<27> c<25> l<25:87> el<25:92>
                    n<> u<25> t<Data_type> p<26> c<24> l<25:87> el<25:92>
                      n<> u<24> t<LOGIC> p<25> l<25:87> el<25:92>
              n<b> u<29> t<SIMPLE_IDENTIFIER> p<30> l<25:93> el<25:94>
        n<// ILLEGAL: 'undeclared_gate_net' has no default net type to fall back on> u<33> t<LINE_COMMENT> p<53> s<51> l<26:3> el<26:76>
        n<> u<51> t<Non_port_module_item> p<53> c<50> s<52> l<27:3> el<27:35>
          n<> u<50> t<Module_or_generate_item> p<51> c<49> l<27:3> el<27:35>
            n<> u<49> t<Gate_instantiation> p<50> c<34> l<27:3> el<27:35>
              n<> u<34> t<AND> p<49> s<48> l<27:3> el<27:6>
              n<> u<48> t<N_input_gate_instance> p<49> c<39> l<27:7> el<27:34>
                n<> u<39> t<Net_lvalue> p<48> c<36> s<43> l<27:8> el<27:27>
                  n<> u<36> t<Ps_or_hierarchical_identifier> p<39> c<35> s<38> l<27:8> el<27:27>
                    n<undeclared_gate_net> u<35> t<SIMPLE_IDENTIFIER> p<36> l<27:8> el<27:27>
                  n<> u<38> t<Constant_select> p<39> c<37> l<27:27> el<27:27>
                    n<> u<37> t<Constant_bit_select> p<38> l<27:27> el<27:27>
                n<> u<43> t<Expression> p<48> c<42> s<47> l<27:29> el<27:30>
                  n<> u<42> t<Primary> p<43> c<41> l<27:29> el<27:30>
                    n<> u<41> t<Primary_literal> p<42> c<40> l<27:29> el<27:30>
                      n<a> u<40> t<SIMPLE_IDENTIFIER> p<41> l<27:29> el<27:30>
                n<> u<47> t<Expression> p<48> c<46> l<27:32> el<27:33>
                  n<> u<46> t<Primary> p<47> c<45> l<27:32> el<27:33>
                    n<> u<45> t<Primary_literal> p<46> c<44> l<27:32> el<27:33>
                      n<b> u<44> t<SIMPLE_IDENTIFIER> p<45> l<27:32> el<27:33>
        n<> u<52> t<ENDMODULE> p<53> l<28:1> el<28:10>
    n<> u<58> t<Description> p<59> c<57> l<30:1> el<30:22>
      n<> u<57> t<Top_directives> p<58> c<56> l<30:1> el<30:22>
        n<> u<56> t<Default_nettype_directive> p<57> c<55> l<30:1> el<30:22>
          n<> u<55> t<WIRE> p<56> l<30:18> el<30:22>
AST_DEBUG_END
[INF:CP0303] $Source01/NoneGateTerminal.sv:25:1: Compile module "illegal_construct_default_nettype_none_gate_terminal_test".
[WRN:PA0205] $Source01/NoneGateTerminal.sv:25:1: No timescale set for "illegal_construct_default_nettype_none_gate_terminal_test".
====== HLDB =======
Design name:unnamed:
  vpiName: unnamed
  vpiSourceFile (1 items):
    SourceFile name:NoneGateTerminal.sv file:$Source01/NoneGateTerminal.sv:
      vpiParent: Design name:unnamed
      vpiName: NoneGateTerminal.sv
      vpiPreprocFile: "$Output/lib/work/NoneGateTerminal.sv"
      vpiDirective (2 items):
        GenericDirective start:23:1 end:23:22:
          vpiParent: SourceFile name:NoneGateTerminal.sv
          vpiDirectiveType: default_nettype (6)
          vpiValue Constant start:23:18 end:23:22:
            vpiParent: GenericDirective
            vpiTypespec RefTypespec:
              vpiParent: Constant
              vpiFullName: NoneGateTerminal.sv
              vpiActual: IntTypespec
            vpiDecompile: "12"
        GenericDirective start:30:1 end:30:22:
          vpiParent: SourceFile name:NoneGateTerminal.sv
          vpiDirectiveType: default_nettype (6)
          vpiValue Constant start:30:18 end:30:22:
            vpiParent: GenericDirective
            vpiTypespec RefTypespec:
              vpiParent: Constant
              vpiFullName: NoneGateTerminal.sv
              vpiActual: IntTypespec
            vpiDecompile: "1"
  vpiAllModules (1 items):
    Module name:illegal_construct_default_nettype_none_gate_terminal_test file:$Source01/NoneGateTerminal.sv start:25:1 end:28:10:
      vpiParent: Design name:unnamed
      vpiName Identifier name:illegal_construct_default_nettype_none_gate_terminal_test start:25:8 end:25:65:
        vpiParent: Module name:illegal_construct_default_nettype_none_gate_terminal_test
        vpiName: illegal_construct_default_nettype_none_gate_terminal_test
      vpiFullName: illegal_construct_default_nettype_none_gate_terminal_test
      vpiVariable (2 items):
        Variable name:a start:25:78 end:25:79:
          vpiParent: Module name:illegal_construct_default_nettype_none_gate_terminal_test
          vpiTypespec RefTypespec start:25:66 end:25:77:
            vpiParent: Variable name:a
            vpiFullName: illegal_construct_default_nettype_none_gate_terminal_test.a
            vpiActual: LogicTypespec
          vpiName: a
          vpiFullName: illegal_construct_default_nettype_none_gate_terminal_test.a
          vpiScalar: true
        Variable name:b start:25:93 end:25:94:
          vpiParent: Module name:illegal_construct_default_nettype_none_gate_terminal_test
          vpiTypespec RefTypespec start:25:81 end:25:92:
            vpiParent: Variable name:b
            vpiFullName: illegal_construct_default_nettype_none_gate_terminal_test.b
            vpiActual: LogicTypespec
          vpiName: b
          vpiFullName: illegal_construct_default_nettype_none_gate_terminal_test.b
          vpiScalar: true
      vpiTypespec (1 items):
        LogicTypespec:
          vpiParent: Module name:illegal_construct_default_nettype_none_gate_terminal_test
      vpiDefName: illegal_construct_default_nettype_none_gate_terminal_test
      vpiDefNetType: none (12)
      vpiLibrary RefObj name:work:
        vpiParent: Module name:illegal_construct_default_nettype_none_gate_terminal_test
        vpiName: work
        vpiFullName: illegal_construct_default_nettype_none_gate_terminal_test.work
      vpiCell: illegal_construct_default_nettype_none_gate_terminal_test
      vpiPort (2 items):
        Port name:a start:25:78 end:25:79:
          vpiParent: Module name:illegal_construct_default_nettype_none_gate_terminal_test
          vpiName: a
          vpiDirection: input (1)
          vpiLowConn RefObj name:a start:25:78 end:25:79:
            vpiParent: Port name:a
            vpiName: a
            vpiFullName: illegal_construct_default_nettype_none_gate_terminal_test.a.a
            vpiActual: Variable name:a
          vpiTypespec RefTypespec start:25:66 end:25:77:
            vpiParent: Port name:a
            vpiFullName: illegal_construct_default_nettype_none_gate_terminal_test.a
            vpiActual: LogicTypespec
        Port name:b start:25:93 end:25:94:
          vpiParent: Module name:illegal_construct_default_nettype_none_gate_terminal_test
          vpiName: b
          vpiDirection: input (1)
          vpiLowConn RefObj name:b start:25:93 end:25:94:
            vpiParent: Port name:b
            vpiName: b
            vpiFullName: illegal_construct_default_nettype_none_gate_terminal_test.b.b
            vpiActual: Variable name:b
          vpiTypespec RefTypespec start:25:81 end:25:92:
            vpiParent: Port name:b
            vpiFullName: illegal_construct_default_nettype_none_gate_terminal_test.b
            vpiActual: LogicTypespec
      vpiPrimitive (1 items):
        Gate:
          vpiParent: Module name:illegal_construct_default_nettype_none_gate_terminal_test
          vpiFullName: illegal_construct_default_nettype_none_gate_terminal_test.work@and
          vpiDefName Identifier name:work@and start:27:3 end:27:6:
            vpiParent: Gate
            vpiName: work@and
          vpiPrimType: and (1)
          vpiPrimTerm (3 items):
            PrimTerm start:27:8 end:27:27:
              vpiParent: Gate
              vpiDirection: output (2)
              vpiExpr RefObj name:undeclared_gate_net start:27:8 end:27:27:
                vpiParent: PrimTerm
                vpiName: undeclared_gate_net
                vpiFullName: illegal_construct_default_nettype_none_gate_terminal_test.work@and.undeclared_gate_net
            PrimTerm start:27:29 end:27:30:
              vpiParent: Gate
              vpiDirection: input (1)
              vpiTermIndex: 1
              vpiExpr RefObj name:a start:27:29 end:27:30:
                vpiParent: PrimTerm
                vpiName: a
                vpiFullName: illegal_construct_default_nettype_none_gate_terminal_test.work@and.a
                vpiActual: Variable name:a
            PrimTerm start:27:32 end:27:33:
              vpiParent: Gate
              vpiDirection: input (1)
              vpiTermIndex: 2
              vpiExpr RefObj name:b start:27:32 end:27:33:
                vpiParent: PrimTerm
                vpiName: b
                vpiFullName: illegal_construct_default_nettype_none_gate_terminal_test.work@and.b
                vpiActual: Variable name:b
  vpiTypespec (2 items):
    IntTypespec:
      vpiParent: Design name:unnamed
    ModuleTypespec name:illegal_construct_default_nettype_none_gate_terminal_test:
      vpiParent: Design name:unnamed
      vpiName Identifier name:illegal_construct_default_nettype_none_gate_terminal_test start:25:8 end:25:65:
        vpiParent: ModuleTypespec name:illegal_construct_default_nettype_none_gate_terminal_test
        vpiName: illegal_construct_default_nettype_none_gate_terminal_test
      vpiModule: Module name:illegal_construct_default_nettype_none_gate_terminal_test
===================
[  FATAL] : 0
[ SYNTAX] : 0
[  ERROR] : 0
[WARNING] : 1
[   NOTE] : 0
********************************************************************************
*                    End HLC SystemVerilog Compiler/Linter                     *
********************************************************************************

#**#**#**#**#**#**#**#**#**#**#**#**#**#**#**#**#**#**#**#**#**#**#**#**#**#**#**#**#**#**#**#**#**#**#**#**#**#**#**#**

Environment:
      test-name: NetsAndVariables/DefaultNettype/NoneGateTerminal
   test-dirpath: ${HLC_DIR}/regression/NetsAndVariables/DefaultNettype/NoneGateTerminal
  hldb-filepath: ${HLC_DIR}/regression/NetsAndVariables/DefaultNettype/NoneGateTerminal/design.hldb
mounts-filepath: ${HLC_DIR}/regression/NetsAndVariables/DefaultNettype/NoneGateTerminal/mounts.json


{'result': {'coverage': 100.0,
            'error_count': 0,
            'file_count': 1,
            'files': {'$Output/lib/work/NoneGateTerminal.sv': {'post_len': 0,
                                                               'pre_len': 178}},
            'post_len': 0,
            'pre_len': 178,
            'test_name': 'NetsAndVariables/DefaultNettype/NoneGateTerminal'}}

+--------------------------------------+----------+-----------+
| INPUT                                |   PRELEN |   POSTLEN |
+======================================+==========+===========+
| $Output/lib/work/NoneGateTerminal.sv |      178 |         0 |
+======================================+==========+===========+
|                                      |      178 |         0 |
+--------------------------------------+----------+-----------+

[   ERROR] : 0
[COVERAGE] : 100.0


#**#**#**#**#**#**#**#**#**#**#**#**#**#**#**#**#**#**#**#**#**#**#**#**#**#**#**#**#**#**#**#**#**#**#**#**#**#**#**#**

COMMAND: ${HLC_DIR}/regression/NetsAndVariables/DefaultNettype/NoneGateTerminal/design.hldb ${HLC_DIR}/regression/NetsAndVariables/DefaultNettype/NoneGateTerminal/reduced.hldb

==================== BEGIN REDUCTION RESULT ====================
Name                            Before   After   Added   Removed
----------------------------------------------------------------
----------------------------------------------------------------
Others                              33      33       0         0
----------------------------------------------------------------
                                    33      33       0         0
===================== END REDUCTION RESULT =====================
