[INF:CM0023] Creating log file "$Output/hlc.log".
AST_DEBUG_BEGIN
Count: 35
LIB: work
FILE: $Source01/18.5.2--pure-constraint_2.sv
n<$Source01/18.5.2--pure-constraint_2.sv> u<34> t<Top_level_rule> c<1> l<18:1> el<24:1>
  n<> u<1> t<Null_rule> p<34> s<2> l<18:1> el<18:1>
  n<// Copyright (C) 2019-2021  The SymbiFlow Authors.> u<2> t<LINE_COMMENT> p<34> s<3> l<1:1> el<1:51>
  n<//> u<3> t<LINE_COMMENT> p<34> s<4> l<2:1> el<2:3>
  n<// Use of this source code is governed by a ISC-style> u<4> t<LINE_COMMENT> p<34> s<5> l<3:1> el<3:54>
  n<// license that can be found in the LICENSE file or at> u<5> t<LINE_COMMENT> p<34> s<6> l<4:1> el<4:55>
  n<// https://opensource.org/licenses/ISC> u<6> t<LINE_COMMENT> p<34> s<7> l<5:1> el<5:39>
  n<//> u<7> t<LINE_COMMENT> p<34> s<8> l<6:1> el<6:3>
  n<// SPDX-License-Identifier: ISC> u<8> t<LINE_COMMENT> p<34> s<9> l<7:1> el<7:32>
  n</*\n:name: pure_constraint_2\n:description: pure constraint test\n:should_fail_because: pure constraint must be implemented by non-virtual class\n:tags: 18.5.2\n:type: simulation\n*/> u<9> t<BLOCK_COMMENT> p<34> s<33> l<18:1> el<23:9>
  n<> u<33> t<Source_text> p<34> c<22> l<18:1> el<23:9>
    n<> u<22> t<Description> p<33> c<21> s<32> l<18:1> el<20:9>
      n<> u<21> t<Package_item> p<22> c<20> l<18:1> el<20:9>
        n<> u<20> t<Package_or_generate_item_declaration> p<21> c<19> l<18:1> el<20:9>
          n<> u<19> t<Class_declaration> p<20> c<17> l<18:1> el<20:9>
            n<> u<17> t<VIRTUAL> p<19> s<16> l<18:1> el<18:8>
            n<> u<16> t<CLASS> p<19> s<10> l<18:9> el<18:14>
            n<a> u<10> t<SIMPLE_IDENTIFIER> p<19> s<15> l<18:15> el<18:16>
            n<> u<15> t<Class_item> p<19> c<14> s<18> l<19:5> el<19:23>
              n<> u<14> t<Class_constraint> p<15> c<13> l<19:5> el<19:23>
                n<> u<13> t<Constraint_prototype> p<14> c<11> l<19:5> el<19:23>
                  n<> u<11> t<Pure_keyword> p<13> s<12> l<19:5> el<19:9>
                  n<c> u<12> t<SIMPLE_IDENTIFIER> p<13> l<19:21> el<19:22>
            n<> u<18> t<ENDCLASS> p<19> l<20:1> el<20:9>
    n<> u<32> t<Description> p<33> c<31> l<22:1> el<23:9>
      n<> u<31> t<Package_item> p<32> c<30> l<22:1> el<23:9>
        n<> u<30> t<Package_or_generate_item_declaration> p<31> c<29> l<22:1> el<23:9>
          n<> u<29> t<Class_declaration> p<30> c<26> l<22:1> el<23:9>
            n<> u<26> t<CLASS> p<29> s<23> l<22:1> el<22:6>
            n<a2> u<23> t<SIMPLE_IDENTIFIER> p<29> s<27> l<22:7> el<22:9>
            n<> u<27> t<EXTENDS> p<29> s<25> l<22:10> el<22:17>
            n<> u<25> t<Class_type> p<29> c<24> s<28> l<22:18> el<22:19>
              n<a> u<24> t<SIMPLE_IDENTIFIER> p<25> l<22:18> el<22:19>
            n<> u<28> t<ENDCLASS> p<29> l<23:1> el<23:9>
AST_DEBUG_END
[INF:CM0029] Using global timescale: "1ns/1ns".
====== UHDM =======
Design name:unnamed:
  vpiName: unnamed
  vpiSourceFiles (1 items):
    SourceFile name:18.5.2--pure-constraint_2.sv file:$Source01/18.5.2--pure-constraint_2.sv:
      vpiParent: Design name:unnamed
      vpiName: "18.5.2--pure-constraint_2.sv"
      vpiPreprocFile: "$Output/lib/work/18.5.2--pure-constraint_2.sv"
      vpiDefNetType: none (12)
  vpiAllClasses (2 items):
    ClassDefn name:a file:$Source01/18.5.2--pure-constraint_2.sv start:18:1 end:20:9:
      vpiParent: Design name:unnamed
      vpiName Identifier name:a start:18:15 end:18:16:
        vpiParent: ClassDefn name:a
        vpiName: a
      vpiFullName: a
      vpiVirtual: true
    ClassDefn name:a2 file:$Source01/18.5.2--pure-constraint_2.sv start:22:1 end:23:9:
      vpiParent: Design name:unnamed
      vpiName Identifier name:a2 start:22:7 end:22:9:
        vpiParent: ClassDefn name:a2
        vpiName: a2
      vpiFullName: a2
      vpiTypespec (1 items):
        ClassTypespec name:a start:22:18 end:22:19:
          vpiParent: ClassDefn name:a2
          vpiName: a
          vpiClassDefn: ClassDefn name:a
      vpiExtends Extends start:22:10 end:22:17:
        vpiParent: ClassDefn name:a2
        vpiClassTypespec RefTypespec name:a start:22:18 end:22:19:
          vpiParent: Extends
          vpiName: a
          vpiFullName: a2::a
          vpiActual: ClassTypespec name:a
  vpiTypespec (2 items):
    ClassTypespec name:a:
      vpiParent: Design name:unnamed
      vpiName: a
      vpiClassDefn: ClassDefn name:a
    ClassTypespec name:a2:
      vpiParent: Design name:unnamed
      vpiName: a2
      vpiClassDefn: ClassDefn name:a2
===================

[  FATAL] : 0
[ SYNTAX] : 0
[  ERROR] : 0
[WARNING] : 0
[   NOTE] : 0

#**#**#**#**#**#**#**#**#**#**#**#**#**#**#**#**#**#**#**#**#**#**#**#**#**#**#**#**#**#**#**#**#**#**#**#**#**#**#**#**

Environment:
      test-name: Google/chapter-18/18.5.2--pure-constraint_2
   test-dirpath: ${SURELOG_DIR}/regression/Google/chapter-18/18.5.2--pure-constraint_2
  uhdm-filepath: ${SURELOG_DIR}/regression/Google/chapter-18/18.5.2--pure-constraint_2/surelog.uhdm
mounts-filepath: ${SURELOG_DIR}/regression/Google/chapter-18/18.5.2--pure-constraint_2/mounts.json


{'result': {'coverage': 98.55,
            'error_count': 0,
            'file_count': 1,
            'files': {'$Output/lib/work/18.5.2--pure-constraint_2.sv': {'post_len': 1,
                                                                        'pre_len': 69}},
            'post_len': 1,
            'pre_len': 69,
            'test_name': 'Google/chapter-18/18.5.2--pure-constraint_2'}}

+-----------------------------------------------+----------+-----------+
| INPUT                                         |   PRELEN |   POSTLEN |
+===============================================+==========+===========+
| $Output/lib/work/18.5.2--pure-constraint_2.sv |       69 |         1 |
+===============================================+==========+===========+
|                                               |       69 |         1 |
+-----------------------------------------------+----------+-----------+

[   ERROR] : 0
[COVERAGE] : 98.55


#**#**#**#**#**#**#**#**#**#**#**#**#**#**#**#**#**#**#**#**#**#**#**#**#**#**#**#**#**#**#**#**#**#**#**#**#**#**#**#**

COMMAND: ${SURELOG_DIR}/regression/Google/chapter-18/18.5.2--pure-constraint_2/surelog.uhdm ${SURELOG_DIR}/regression/Google/chapter-18/18.5.2--pure-constraint_2/reduced.uhdm

==================== BEGIN REDUCTION RESULT ====================
Name                            Before   After   Added   Removed
----------------------------------------------------------------
----------------------------------------------------------------
Others                              11      11       0         0
----------------------------------------------------------------
                                    11      11       0         0
===================== END REDUCTION RESULT =====================
