********************************************************************************
*                   Begin HLC SystemVerilog Compiler/Linter                    *
********************************************************************************
Copyright (c) 2020 Apotell,
http://www.apache.org/licenses/LICENSE-2.0
VERSION: 1.84
COMMAND: -wd ../../../../tests/Yosys +incdir+. -nobuiltin -timescale=1ns/1ns -d ast -d db asicworld/code_hdl_models_decoder_using_case.v -mt 0 -d dbstats -d cache -writepp -d db -nostdout -o ${HLC_DIR}/regression/Yosys/asicworld/code_hdl_models_decoder_using_case.v
[INF:CM0023] Creating log file "$Output/hlc.log".
[INF:PP0122] Preprocessing source file "$Source01/asicworld/code_hdl_models_decoder_using_case.v".
[INF:PA0201] Parsing source file "$Source01/asicworld/code_hdl_models_decoder_using_case.v".
AST_DEBUG_BEGIN
Count: 474
LIB: work
FILE<0>:$Source01/asicworld/code_hdl_models_decoder_using_case.v
n<$Source01/asicworld/code_hdl_models_decoder_using_case.v> u<473> t<Top_level_rule> c<1> l<7:1> el<44:1>
  n<> u<1> t<Null_rule> p<473> s<2> l<7:1> el<7:1>
  n<//-----------------------------------------------------> u<2> t<LINE_COMMENT> p<473> s<3> l<1:1> el<1:56>
  n<// Design Name : decoder_using_case> u<3> t<LINE_COMMENT> p<473> s<4> l<2:1> el<2:36>
  n<// File Name   : decoder_using_case.v> u<4> t<LINE_COMMENT> p<473> s<5> l<3:1> el<3:38>
  n<// Function    : decoder using case> u<5> t<LINE_COMMENT> p<473> s<6> l<4:1> el<4:36>
  n<// Coder       : Deepak Kumar Tala> u<6> t<LINE_COMMENT> p<473> s<7> l<5:1> el<5:35>
  n<//-----------------------------------------------------> u<7> t<LINE_COMMENT> p<473> s<472> l<6:1> el<6:56>
  n<> u<472> t<Source_text> p<473> c<471> l<7:1> el<43:10>
    n<> u<471> t<Description> p<472> c<470> l<7:1> el<43:10>
      n<> u<470> t<Module_declaration> p<471> c<33> l<7:1> el<43:10>
        n<> u<33> t<Module_nonansi_header> p<470> c<8> s<50> l<7:1> el<11:3>
          n<module> u<8> t<MODULE> p<33> s<9> l<7:1> el<7:7>
          n<decoder_using_case> u<9> t<SIMPLE_IDENTIFIER> p<33> s<10> l<7:8> el<7:26>
          n<> u<10> t<Package_import_declaration_list> p<33> s<32> l<7:27> el<7:27>
          n<> u<32> t<Port_list> p<33> c<16> l<7:27> el<11:2>
            n<> u<16> t<Port> p<32> c<15> s<17> l<8:1> el<8:10>
              n<> u<15> t<Port_expression> p<16> c<14> l<8:1> el<8:10>
                n<> u<14> t<Port_reference> p<15> c<11> l<8:1> el<8:10>
                  n<binary_in> u<11> t<SIMPLE_IDENTIFIER> p<14> s<13> l<8:1> el<8:10>
                  n<> u<13> t<Constant_select> p<14> c<12> l<8:13> el<8:13>
                    n<> u<12> t<Constant_bit_select> p<13> l<8:13> el<8:13>
            n<//  4 bit binary input> u<17> t<LINE_COMMENT> p<32> s<23> l<8:15> el<8:37>
            n<> u<23> t<Port> p<32> c<22> s<24> l<9:1> el<9:12>
              n<> u<22> t<Port_expression> p<23> c<21> l<9:1> el<9:12>
                n<> u<21> t<Port_reference> p<22> c<18> l<9:1> el<9:12>
                  n<decoder_out> u<18> t<SIMPLE_IDENTIFIER> p<21> s<20> l<9:1> el<9:12>
                  n<> u<20> t<Constant_select> p<21> c<19> l<9:13> el<9:13>
                    n<> u<19> t<Constant_bit_select> p<20> l<9:13> el<9:13>
            n<//  16-bit  out> u<24> t<LINE_COMMENT> p<32> s<31> l<9:15> el<9:30>
            n<> u<31> t<Port> p<32> c<30> l<10:1> el<10:7>
              n<> u<30> t<Port_expression> p<31> c<29> l<10:1> el<10:7>
                n<> u<29> t<Port_reference> p<30> c<25> l<10:1> el<10:7>
                  n<enable> u<25> t<SIMPLE_IDENTIFIER> p<29> s<26> l<10:1> el<10:7>
                  n<//  Enable for the decoder> u<26> t<LINE_COMMENT> p<29> s<28> l<10:15> el<10:41>
                  n<> u<28> t<Constant_select> p<29> c<27> l<11:1> el<11:1>
                    n<> u<27> t<Constant_bit_select> p<28> l<11:1> el<11:1>
        n<> u<50> t<Module_item> p<470> c<49> s<57> l<12:1> el<12:25>
          n<> u<49> t<Port_declaration> p<50> c<48> l<12:1> el<12:22>
            n<> u<48> t<Input_declaration> p<49> c<45> l<12:1> el<12:22>
              n<> u<45> t<Net_port_type> p<48> c<44> s<47> l<12:7> el<12:12>
                n<> u<44> t<Data_type_or_implicit> p<45> c<43> l<12:7> el<12:12>
                  n<> u<43> t<Packed_dimension> p<44> c<42> l<12:7> el<12:12>
                    n<> u<42> t<Constant_range> p<43> c<37> l<12:8> el<12:11>
                      n<> u<37> t<Constant_expression> p<42> c<36> s<41> l<12:8> el<12:9>
                        n<> u<36> t<Constant_primary> p<37> c<35> l<12:8> el<12:9>
                          n<> u<35> t<Primary_literal> p<36> c<34> l<12:8> el<12:9>
                            n<3> u<34> t<INTEGRAL_NUMBER> p<35> l<12:8> el<12:9>
                      n<> u<41> t<Constant_expression> p<42> c<40> l<12:10> el<12:11>
                        n<> u<40> t<Constant_primary> p<41> c<39> l<12:10> el<12:11>
                          n<> u<39> t<Primary_literal> p<40> c<38> l<12:10> el<12:11>
                            n<0> u<38> t<INTEGRAL_NUMBER> p<39> l<12:10> el<12:11>
              n<> u<47> t<Port_identifier_list> p<48> c<46> l<12:13> el<12:22>
                n<binary_in> u<46> t<SIMPLE_IDENTIFIER> p<47> l<12:13> el<12:22>
        n<> u<57> t<Module_item> p<470> c<56> s<74> l<13:1> el<13:16>
          n<> u<56> t<Port_declaration> p<57> c<55> l<13:1> el<13:14>
            n<> u<55> t<Input_declaration> p<56> c<52> l<13:1> el<13:14>
              n<> u<52> t<Net_port_type> p<55> c<51> s<54> l<13:8> el<13:8>
                n<> u<51> t<Data_type_or_implicit> p<52> l<13:8> el<13:8>
              n<> u<54> t<Port_identifier_list> p<55> c<53> l<13:8> el<13:14>
                n<enable> u<53> t<SIMPLE_IDENTIFIER> p<54> l<13:8> el<13:14>
        n<> u<74> t<Module_item> p<470> c<73> s<97> l<14:1> el<14:28>
          n<> u<73> t<Port_declaration> p<74> c<72> l<14:1> el<14:26>
            n<> u<72> t<Output_declaration> p<73> c<69> l<14:1> el<14:26>
              n<> u<69> t<Net_port_type> p<72> c<68> s<71> l<14:8> el<14:14>
                n<> u<68> t<Data_type_or_implicit> p<69> c<67> l<14:8> el<14:14>
                  n<> u<67> t<Packed_dimension> p<68> c<66> l<14:8> el<14:14>
                    n<> u<66> t<Constant_range> p<67> c<61> l<14:9> el<14:13>
                      n<> u<61> t<Constant_expression> p<66> c<60> s<65> l<14:9> el<14:11>
                        n<> u<60> t<Constant_primary> p<61> c<59> l<14:9> el<14:11>
                          n<> u<59> t<Primary_literal> p<60> c<58> l<14:9> el<14:11>
                            n<15> u<58> t<INTEGRAL_NUMBER> p<59> l<14:9> el<14:11>
                      n<> u<65> t<Constant_expression> p<66> c<64> l<14:12> el<14:13>
                        n<> u<64> t<Constant_primary> p<65> c<63> l<14:12> el<14:13>
                          n<> u<63> t<Primary_literal> p<64> c<62> l<14:12> el<14:13>
                            n<0> u<62> t<INTEGRAL_NUMBER> p<63> l<14:12> el<14:13>
              n<> u<71> t<Output_port_identifier_list> p<72> c<70> l<14:15> el<14:26>
                n<decoder_out> u<70> t<SIMPLE_IDENTIFIER> p<71> l<14:15> el<14:26>
        n<> u<97> t<Module_item> p<470> c<96> s<468> l<16:1> el<16:25>
          n<> u<96> t<Non_port_module_item> p<97> c<95> l<16:1> el<16:25>
            n<> u<95> t<Module_or_generate_item> p<96> c<94> l<16:1> el<16:25>
              n<> u<94> t<Module_common_item> p<95> c<93> l<16:1> el<16:25>
                n<> u<93> t<Module_or_generate_item_declaration> p<94> c<92> l<16:1> el<16:25>
                  n<> u<92> t<Package_or_generate_item_declaration> p<93> c<91> l<16:1> el<16:25>
                    n<> u<91> t<Data_declaration> p<92> c<90> l<16:1> el<16:25>
                      n<> u<90> t<Variable_declaration> p<91> c<86> l<16:1> el<16:25>
                        n<> u<86> t<Data_type> p<90> c<75> s<89> l<16:1> el<16:11>
                          n<> u<75> t<REG> p<86> s<85> l<16:1> el<16:4>
                          n<> u<85> t<Packed_dimension> p<86> c<84> l<16:5> el<16:11>
                            n<> u<84> t<Constant_range> p<85> c<79> l<16:6> el<16:10>
                              n<> u<79> t<Constant_expression> p<84> c<78> s<83> l<16:6> el<16:8>
                                n<> u<78> t<Constant_primary> p<79> c<77> l<16:6> el<16:8>
                                  n<> u<77> t<Primary_literal> p<78> c<76> l<16:6> el<16:8>
                                    n<15> u<76> t<INTEGRAL_NUMBER> p<77> l<16:6> el<16:8>
                              n<> u<83> t<Constant_expression> p<84> c<82> l<16:9> el<16:10>
                                n<> u<82> t<Constant_primary> p<83> c<81> l<16:9> el<16:10>
                                  n<> u<81> t<Primary_literal> p<82> c<80> l<16:9> el<16:10>
                                    n<0> u<80> t<INTEGRAL_NUMBER> p<81> l<16:9> el<16:10>
                        n<> u<89> t<Variable_decl_assignment_list> p<90> c<88> l<16:12> el<16:23>
                          n<> u<88> t<Variable_decl_assignment> p<89> c<87> l<16:12> el<16:23>
                            n<decoder_out> u<87> t<SIMPLE_IDENTIFIER> p<88> l<16:12> el<16:23>
        n<> u<468> t<Module_item> p<470> c<467> s<469> l<18:1> el<41:4>
          n<> u<467> t<Non_port_module_item> p<468> c<466> l<18:1> el<41:4>
            n<> u<466> t<Module_or_generate_item> p<467> c<465> l<18:1> el<41:4>
              n<> u<465> t<Module_common_item> p<466> c<464> l<18:1> el<41:4>
                n<> u<464> t<Always_construct> p<465> c<98> l<18:1> el<41:4>
                  n<> u<98> t<ALWAYS> p<464> s<463> l<18:1> el<18:7>
                  n<> u<463> t<Statement> p<464> c<462> l<18:8> el<41:4>
                    n<> u<462> t<Statement_item> p<463> c<461> l<18:8> el<41:4>
                      n<> u<461> t<Procedural_timing_control_statement> p<462> c<112> l<18:8> el<41:4>
                        n<> u<112> t<Procedural_timing_control> p<461> c<111> s<460> l<18:8> el<18:31>
                          n<> u<111> t<Event_control> p<112> c<110> l<18:8> el<18:31>
                            n<> u<110> t<Event_expression> p<111> c<103> l<18:11> el<18:30>
                              n<> u<103> t<Event_expression> p<110> c<102> s<104> l<18:11> el<18:17>
                                n<> u<102> t<Expression> p<103> c<101> l<18:11> el<18:17>
                                  n<> u<101> t<Primary> p<102> c<100> l<18:11> el<18:17>
                                    n<> u<100> t<Primary_literal> p<101> c<99> l<18:11> el<18:17>
                                      n<enable> u<99> t<SIMPLE_IDENTIFIER> p<100> l<18:11> el<18:17>
                              n<> u<104> t<Or_operator> p<110> s<109> l<18:18> el<18:20>
                              n<> u<109> t<Event_expression> p<110> c<108> l<18:21> el<18:30>
                                n<> u<108> t<Expression> p<109> c<107> l<18:21> el<18:30>
                                  n<> u<107> t<Primary> p<108> c<106> l<18:21> el<18:30>
                                    n<> u<106> t<Primary_literal> p<107> c<105> l<18:21> el<18:30>
                                      n<binary_in> u<105> t<SIMPLE_IDENTIFIER> p<106> l<18:21> el<18:30>
                        n<> u<460> t<Statement_or_null> p<461> c<459> l<19:1> el<41:4>
                          n<> u<459> t<Statement> p<460> c<458> l<19:1> el<41:4>
                            n<> u<458> t<Statement_item> p<459> c<457> l<19:1> el<41:4>
                              n<> u<457> t<Seq_block> p<458> c<126> l<19:1> el<41:4>
                                n<> u<126> t<Statement_or_null> p<457> c<125> s<455> l<20:3> el<20:19>
                                  n<> u<125> t<Statement> p<126> c<124> l<20:3> el<20:19>
                                    n<> u<124> t<Statement_item> p<125> c<123> l<20:3> el<20:19>
                                      n<> u<123> t<Blocking_assignment> p<124> c<122> l<20:3> el<20:18>
                                        n<> u<122> t<Variable_assignment> p<123> c<117> l<20:3> el<20:18>
                                          n<> u<117> t<Variable_lvalue> p<122> c<114> s<121> l<20:3> el<20:14>
                                            n<> u<114> t<Ps_or_hierarchical_identifier> p<117> c<113> s<116> l<20:3> el<20:14>
                                              n<decoder_out> u<113> t<SIMPLE_IDENTIFIER> p<114> l<20:3> el<20:14>
                                            n<> u<116> t<Select> p<117> c<115> l<20:15> el<20:15>
                                              n<> u<115> t<Bit_select> p<116> l<20:15> el<20:15>
                                          n<> u<121> t<Expression> p<122> c<120> l<20:17> el<20:18>
                                            n<> u<120> t<Primary> p<121> c<119> l<20:17> el<20:18>
                                              n<> u<119> t<Primary_literal> p<120> c<118> l<20:17> el<20:18>
                                                n<0> u<118> t<INTEGRAL_NUMBER> p<119> l<20:17> el<20:18>
                                n<> u<455> t<Statement_or_null> p<457> c<454> s<456> l<21:3> el<40:6>
                                  n<> u<454> t<Statement> p<455> c<453> l<21:3> el<40:6>
                                    n<> u<453> t<Statement_item> p<454> c<452> l<21:3> el<40:6>
                                      n<> u<452> t<Conditional_statement> p<453> c<132> l<21:3> el<40:6>
                                        n<> u<132> t<Cond_predicate> p<452> c<131> s<451> l<21:7> el<21:13>
                                          n<> u<131> t<Expression_or_cond_pattern> p<132> c<130> l<21:7> el<21:13>
                                            n<> u<130> t<Expression> p<131> c<129> l<21:7> el<21:13>
                                              n<> u<129> t<Primary> p<130> c<128> l<21:7> el<21:13>
                                                n<> u<128> t<Primary_literal> p<129> c<127> l<21:7> el<21:13>
                                                  n<enable> u<127> t<SIMPLE_IDENTIFIER> p<128> l<21:7> el<21:13>
                                        n<> u<451> t<Statement_or_null> p<452> c<450> l<21:15> el<40:6>
                                          n<> u<450> t<Statement> p<451> c<449> l<21:15> el<40:6>
                                            n<> u<449> t<Statement_item> p<450> c<448> l<21:15> el<40:6>
                                              n<> u<448> t<Seq_block> p<449> c<446> l<21:15> el<40:6>
                                                n<> u<446> t<Statement_or_null> p<448> c<445> s<447> l<22:5> el<39:12>
                                                  n<> u<445> t<Statement> p<446> c<444> l<22:5> el<39:12>
                                                    n<> u<444> t<Statement_item> p<445> c<443> l<22:5> el<39:12>
                                                      n<> u<443> t<Case_statement> p<444> c<133> l<22:5> el<39:12>
                                                        n<> u<133> t<CASE> p<443> s<137> l<22:5> el<22:9>
                                                        n<> u<137> t<Expression> p<443> c<136> s<156> l<22:11> el<22:20>
                                                          n<> u<136> t<Primary> p<137> c<135> l<22:11> el<22:20>
                                                            n<> u<135> t<Primary_literal> p<136> c<134> l<22:11> el<22:20>
                                                              n<binary_in> u<134> t<SIMPLE_IDENTIFIER> p<135> l<22:11> el<22:20>
                                                        n<> u<156> t<Case_item> p<443> c<141> s<175> l<23:7> el<23:37>
                                                          n<> u<141> t<Expression> p<156> c<140> s<155> l<23:7> el<23:11>
                                                            n<> u<140> t<Primary> p<141> c<139> l<23:7> el<23:11>
                                                              n<> u<139> t<Primary_literal> p<140> c<138> l<23:7> el<23:11>
                                                                n<4'h0> u<138> t<INTEGRAL_NUMBER> p<139> l<23:7> el<23:11>
                                                          n<> u<155> t<Statement_or_null> p<156> c<154> l<23:14> el<23:37>
                                                            n<> u<154> t<Statement> p<155> c<153> l<23:14> el<23:37>
                                                              n<> u<153> t<Statement_item> p<154> c<152> l<23:14> el<23:37>
                                                                n<> u<152> t<Blocking_assignment> p<153> c<151> l<23:14> el<23:36>
                                                                  n<> u<151> t<Variable_assignment> p<152> c<146> l<23:14> el<23:36>
                                                                    n<> u<146> t<Variable_lvalue> p<151> c<143> s<150> l<23:14> el<23:25>
                                                                      n<> u<143> t<Ps_or_hierarchical_identifier> p<146> c<142> s<145> l<23:14> el<23:25>
                                                                        n<decoder_out> u<142> t<SIMPLE_IDENTIFIER> p<143> l<23:14> el<23:25>
                                                                      n<> u<145> t<Select> p<146> c<144> l<23:26> el<23:26>
                                                                        n<> u<144> t<Bit_select> p<145> l<23:26> el<23:26>
                                                                    n<> u<150> t<Expression> p<151> c<149> l<23:28> el<23:36>
                                                                      n<> u<149> t<Primary> p<150> c<148> l<23:28> el<23:36>
                                                                        n<> u<148> t<Primary_literal> p<149> c<147> l<23:28> el<23:36>
                                                                          n<16'h0001> u<147> t<INTEGRAL_NUMBER> p<148> l<23:28> el<23:36>
                                                        n<> u<175> t<Case_item> p<443> c<160> s<194> l<24:7> el<24:37>
                                                          n<> u<160> t<Expression> p<175> c<159> s<174> l<24:7> el<24:11>
                                                            n<> u<159> t<Primary> p<160> c<158> l<24:7> el<24:11>
                                                              n<> u<158> t<Primary_literal> p<159> c<157> l<24:7> el<24:11>
                                                                n<4'h1> u<157> t<INTEGRAL_NUMBER> p<158> l<24:7> el<24:11>
                                                          n<> u<174> t<Statement_or_null> p<175> c<173> l<24:14> el<24:37>
                                                            n<> u<173> t<Statement> p<174> c<172> l<24:14> el<24:37>
                                                              n<> u<172> t<Statement_item> p<173> c<171> l<24:14> el<24:37>
                                                                n<> u<171> t<Blocking_assignment> p<172> c<170> l<24:14> el<24:36>
                                                                  n<> u<170> t<Variable_assignment> p<171> c<165> l<24:14> el<24:36>
                                                                    n<> u<165> t<Variable_lvalue> p<170> c<162> s<169> l<24:14> el<24:25>
                                                                      n<> u<162> t<Ps_or_hierarchical_identifier> p<165> c<161> s<164> l<24:14> el<24:25>
                                                                        n<decoder_out> u<161> t<SIMPLE_IDENTIFIER> p<162> l<24:14> el<24:25>
                                                                      n<> u<164> t<Select> p<165> c<163> l<24:26> el<24:26>
                                                                        n<> u<163> t<Bit_select> p<164> l<24:26> el<24:26>
                                                                    n<> u<169> t<Expression> p<170> c<168> l<24:28> el<24:36>
                                                                      n<> u<168> t<Primary> p<169> c<167> l<24:28> el<24:36>
                                                                        n<> u<167> t<Primary_literal> p<168> c<166> l<24:28> el<24:36>
                                                                          n<16'h0002> u<166> t<INTEGRAL_NUMBER> p<167> l<24:28> el<24:36>
                                                        n<> u<194> t<Case_item> p<443> c<179> s<213> l<25:7> el<25:37>
                                                          n<> u<179> t<Expression> p<194> c<178> s<193> l<25:7> el<25:11>
                                                            n<> u<178> t<Primary> p<179> c<177> l<25:7> el<25:11>
                                                              n<> u<177> t<Primary_literal> p<178> c<176> l<25:7> el<25:11>
                                                                n<4'h2> u<176> t<INTEGRAL_NUMBER> p<177> l<25:7> el<25:11>
                                                          n<> u<193> t<Statement_or_null> p<194> c<192> l<25:14> el<25:37>
                                                            n<> u<192> t<Statement> p<193> c<191> l<25:14> el<25:37>
                                                              n<> u<191> t<Statement_item> p<192> c<190> l<25:14> el<25:37>
                                                                n<> u<190> t<Blocking_assignment> p<191> c<189> l<25:14> el<25:36>
                                                                  n<> u<189> t<Variable_assignment> p<190> c<184> l<25:14> el<25:36>
                                                                    n<> u<184> t<Variable_lvalue> p<189> c<181> s<188> l<25:14> el<25:25>
                                                                      n<> u<181> t<Ps_or_hierarchical_identifier> p<184> c<180> s<183> l<25:14> el<25:25>
                                                                        n<decoder_out> u<180> t<SIMPLE_IDENTIFIER> p<181> l<25:14> el<25:25>
                                                                      n<> u<183> t<Select> p<184> c<182> l<25:26> el<25:26>
                                                                        n<> u<182> t<Bit_select> p<183> l<25:26> el<25:26>
                                                                    n<> u<188> t<Expression> p<189> c<187> l<25:28> el<25:36>
                                                                      n<> u<187> t<Primary> p<188> c<186> l<25:28> el<25:36>
                                                                        n<> u<186> t<Primary_literal> p<187> c<185> l<25:28> el<25:36>
                                                                          n<16'h0004> u<185> t<INTEGRAL_NUMBER> p<186> l<25:28> el<25:36>
                                                        n<> u<213> t<Case_item> p<443> c<198> s<232> l<26:7> el<26:37>
                                                          n<> u<198> t<Expression> p<213> c<197> s<212> l<26:7> el<26:11>
                                                            n<> u<197> t<Primary> p<198> c<196> l<26:7> el<26:11>
                                                              n<> u<196> t<Primary_literal> p<197> c<195> l<26:7> el<26:11>
                                                                n<4'h3> u<195> t<INTEGRAL_NUMBER> p<196> l<26:7> el<26:11>
                                                          n<> u<212> t<Statement_or_null> p<213> c<211> l<26:14> el<26:37>
                                                            n<> u<211> t<Statement> p<212> c<210> l<26:14> el<26:37>
                                                              n<> u<210> t<Statement_item> p<211> c<209> l<26:14> el<26:37>
                                                                n<> u<209> t<Blocking_assignment> p<210> c<208> l<26:14> el<26:36>
                                                                  n<> u<208> t<Variable_assignment> p<209> c<203> l<26:14> el<26:36>
                                                                    n<> u<203> t<Variable_lvalue> p<208> c<200> s<207> l<26:14> el<26:25>
                                                                      n<> u<200> t<Ps_or_hierarchical_identifier> p<203> c<199> s<202> l<26:14> el<26:25>
                                                                        n<decoder_out> u<199> t<SIMPLE_IDENTIFIER> p<200> l<26:14> el<26:25>
                                                                      n<> u<202> t<Select> p<203> c<201> l<26:26> el<26:26>
                                                                        n<> u<201> t<Bit_select> p<202> l<26:26> el<26:26>
                                                                    n<> u<207> t<Expression> p<208> c<206> l<26:28> el<26:36>
                                                                      n<> u<206> t<Primary> p<207> c<205> l<26:28> el<26:36>
                                                                        n<> u<205> t<Primary_literal> p<206> c<204> l<26:28> el<26:36>
                                                                          n<16'h0008> u<204> t<INTEGRAL_NUMBER> p<205> l<26:28> el<26:36>
                                                        n<> u<232> t<Case_item> p<443> c<217> s<251> l<27:7> el<27:37>
                                                          n<> u<217> t<Expression> p<232> c<216> s<231> l<27:7> el<27:11>
                                                            n<> u<216> t<Primary> p<217> c<215> l<27:7> el<27:11>
                                                              n<> u<215> t<Primary_literal> p<216> c<214> l<27:7> el<27:11>
                                                                n<4'h4> u<214> t<INTEGRAL_NUMBER> p<215> l<27:7> el<27:11>
                                                          n<> u<231> t<Statement_or_null> p<232> c<230> l<27:14> el<27:37>
                                                            n<> u<230> t<Statement> p<231> c<229> l<27:14> el<27:37>
                                                              n<> u<229> t<Statement_item> p<230> c<228> l<27:14> el<27:37>
                                                                n<> u<228> t<Blocking_assignment> p<229> c<227> l<27:14> el<27:36>
                                                                  n<> u<227> t<Variable_assignment> p<228> c<222> l<27:14> el<27:36>
                                                                    n<> u<222> t<Variable_lvalue> p<227> c<219> s<226> l<27:14> el<27:25>
                                                                      n<> u<219> t<Ps_or_hierarchical_identifier> p<222> c<218> s<221> l<27:14> el<27:25>
                                                                        n<decoder_out> u<218> t<SIMPLE_IDENTIFIER> p<219> l<27:14> el<27:25>
                                                                      n<> u<221> t<Select> p<222> c<220> l<27:26> el<27:26>
                                                                        n<> u<220> t<Bit_select> p<221> l<27:26> el<27:26>
                                                                    n<> u<226> t<Expression> p<227> c<225> l<27:28> el<27:36>
                                                                      n<> u<225> t<Primary> p<226> c<224> l<27:28> el<27:36>
                                                                        n<> u<224> t<Primary_literal> p<225> c<223> l<27:28> el<27:36>
                                                                          n<16'h0010> u<223> t<INTEGRAL_NUMBER> p<224> l<27:28> el<27:36>
                                                        n<> u<251> t<Case_item> p<443> c<236> s<270> l<28:7> el<28:37>
                                                          n<> u<236> t<Expression> p<251> c<235> s<250> l<28:7> el<28:11>
                                                            n<> u<235> t<Primary> p<236> c<234> l<28:7> el<28:11>
                                                              n<> u<234> t<Primary_literal> p<235> c<233> l<28:7> el<28:11>
                                                                n<4'h5> u<233> t<INTEGRAL_NUMBER> p<234> l<28:7> el<28:11>
                                                          n<> u<250> t<Statement_or_null> p<251> c<249> l<28:14> el<28:37>
                                                            n<> u<249> t<Statement> p<250> c<248> l<28:14> el<28:37>
                                                              n<> u<248> t<Statement_item> p<249> c<247> l<28:14> el<28:37>
                                                                n<> u<247> t<Blocking_assignment> p<248> c<246> l<28:14> el<28:36>
                                                                  n<> u<246> t<Variable_assignment> p<247> c<241> l<28:14> el<28:36>
                                                                    n<> u<241> t<Variable_lvalue> p<246> c<238> s<245> l<28:14> el<28:25>
                                                                      n<> u<238> t<Ps_or_hierarchical_identifier> p<241> c<237> s<240> l<28:14> el<28:25>
                                                                        n<decoder_out> u<237> t<SIMPLE_IDENTIFIER> p<238> l<28:14> el<28:25>
                                                                      n<> u<240> t<Select> p<241> c<239> l<28:26> el<28:26>
                                                                        n<> u<239> t<Bit_select> p<240> l<28:26> el<28:26>
                                                                    n<> u<245> t<Expression> p<246> c<244> l<28:28> el<28:36>
                                                                      n<> u<244> t<Primary> p<245> c<243> l<28:28> el<28:36>
                                                                        n<> u<243> t<Primary_literal> p<244> c<242> l<28:28> el<28:36>
                                                                          n<16'h0020> u<242> t<INTEGRAL_NUMBER> p<243> l<28:28> el<28:36>
                                                        n<> u<270> t<Case_item> p<443> c<255> s<289> l<29:7> el<29:37>
                                                          n<> u<255> t<Expression> p<270> c<254> s<269> l<29:7> el<29:11>
                                                            n<> u<254> t<Primary> p<255> c<253> l<29:7> el<29:11>
                                                              n<> u<253> t<Primary_literal> p<254> c<252> l<29:7> el<29:11>
                                                                n<4'h6> u<252> t<INTEGRAL_NUMBER> p<253> l<29:7> el<29:11>
                                                          n<> u<269> t<Statement_or_null> p<270> c<268> l<29:14> el<29:37>
                                                            n<> u<268> t<Statement> p<269> c<267> l<29:14> el<29:37>
                                                              n<> u<267> t<Statement_item> p<268> c<266> l<29:14> el<29:37>
                                                                n<> u<266> t<Blocking_assignment> p<267> c<265> l<29:14> el<29:36>
                                                                  n<> u<265> t<Variable_assignment> p<266> c<260> l<29:14> el<29:36>
                                                                    n<> u<260> t<Variable_lvalue> p<265> c<257> s<264> l<29:14> el<29:25>
                                                                      n<> u<257> t<Ps_or_hierarchical_identifier> p<260> c<256> s<259> l<29:14> el<29:25>
                                                                        n<decoder_out> u<256> t<SIMPLE_IDENTIFIER> p<257> l<29:14> el<29:25>
                                                                      n<> u<259> t<Select> p<260> c<258> l<29:26> el<29:26>
                                                                        n<> u<258> t<Bit_select> p<259> l<29:26> el<29:26>
                                                                    n<> u<264> t<Expression> p<265> c<263> l<29:28> el<29:36>
                                                                      n<> u<263> t<Primary> p<264> c<262> l<29:28> el<29:36>
                                                                        n<> u<262> t<Primary_literal> p<263> c<261> l<29:28> el<29:36>
                                                                          n<16'h0040> u<261> t<INTEGRAL_NUMBER> p<262> l<29:28> el<29:36>
                                                        n<> u<289> t<Case_item> p<443> c<274> s<308> l<30:7> el<30:37>
                                                          n<> u<274> t<Expression> p<289> c<273> s<288> l<30:7> el<30:11>
                                                            n<> u<273> t<Primary> p<274> c<272> l<30:7> el<30:11>
                                                              n<> u<272> t<Primary_literal> p<273> c<271> l<30:7> el<30:11>
                                                                n<4'h7> u<271> t<INTEGRAL_NUMBER> p<272> l<30:7> el<30:11>
                                                          n<> u<288> t<Statement_or_null> p<289> c<287> l<30:14> el<30:37>
                                                            n<> u<287> t<Statement> p<288> c<286> l<30:14> el<30:37>
                                                              n<> u<286> t<Statement_item> p<287> c<285> l<30:14> el<30:37>
                                                                n<> u<285> t<Blocking_assignment> p<286> c<284> l<30:14> el<30:36>
                                                                  n<> u<284> t<Variable_assignment> p<285> c<279> l<30:14> el<30:36>
                                                                    n<> u<279> t<Variable_lvalue> p<284> c<276> s<283> l<30:14> el<30:25>
                                                                      n<> u<276> t<Ps_or_hierarchical_identifier> p<279> c<275> s<278> l<30:14> el<30:25>
                                                                        n<decoder_out> u<275> t<SIMPLE_IDENTIFIER> p<276> l<30:14> el<30:25>
                                                                      n<> u<278> t<Select> p<279> c<277> l<30:26> el<30:26>
                                                                        n<> u<277> t<Bit_select> p<278> l<30:26> el<30:26>
                                                                    n<> u<283> t<Expression> p<284> c<282> l<30:28> el<30:36>
                                                                      n<> u<282> t<Primary> p<283> c<281> l<30:28> el<30:36>
                                                                        n<> u<281> t<Primary_literal> p<282> c<280> l<30:28> el<30:36>
                                                                          n<16'h0080> u<280> t<INTEGRAL_NUMBER> p<281> l<30:28> el<30:36>
                                                        n<> u<308> t<Case_item> p<443> c<293> s<327> l<31:7> el<31:37>
                                                          n<> u<293> t<Expression> p<308> c<292> s<307> l<31:7> el<31:11>
                                                            n<> u<292> t<Primary> p<293> c<291> l<31:7> el<31:11>
                                                              n<> u<291> t<Primary_literal> p<292> c<290> l<31:7> el<31:11>
                                                                n<4'h8> u<290> t<INTEGRAL_NUMBER> p<291> l<31:7> el<31:11>
                                                          n<> u<307> t<Statement_or_null> p<308> c<306> l<31:14> el<31:37>
                                                            n<> u<306> t<Statement> p<307> c<305> l<31:14> el<31:37>
                                                              n<> u<305> t<Statement_item> p<306> c<304> l<31:14> el<31:37>
                                                                n<> u<304> t<Blocking_assignment> p<305> c<303> l<31:14> el<31:36>
                                                                  n<> u<303> t<Variable_assignment> p<304> c<298> l<31:14> el<31:36>
                                                                    n<> u<298> t<Variable_lvalue> p<303> c<295> s<302> l<31:14> el<31:25>
                                                                      n<> u<295> t<Ps_or_hierarchical_identifier> p<298> c<294> s<297> l<31:14> el<31:25>
                                                                        n<decoder_out> u<294> t<SIMPLE_IDENTIFIER> p<295> l<31:14> el<31:25>
                                                                      n<> u<297> t<Select> p<298> c<296> l<31:26> el<31:26>
                                                                        n<> u<296> t<Bit_select> p<297> l<31:26> el<31:26>
                                                                    n<> u<302> t<Expression> p<303> c<301> l<31:28> el<31:36>
                                                                      n<> u<301> t<Primary> p<302> c<300> l<31:28> el<31:36>
                                                                        n<> u<300> t<Primary_literal> p<301> c<299> l<31:28> el<31:36>
                                                                          n<16'h0100> u<299> t<INTEGRAL_NUMBER> p<300> l<31:28> el<31:36>
                                                        n<> u<327> t<Case_item> p<443> c<312> s<346> l<32:7> el<32:37>
                                                          n<> u<312> t<Expression> p<327> c<311> s<326> l<32:7> el<32:11>
                                                            n<> u<311> t<Primary> p<312> c<310> l<32:7> el<32:11>
                                                              n<> u<310> t<Primary_literal> p<311> c<309> l<32:7> el<32:11>
                                                                n<4'h9> u<309> t<INTEGRAL_NUMBER> p<310> l<32:7> el<32:11>
                                                          n<> u<326> t<Statement_or_null> p<327> c<325> l<32:14> el<32:37>
                                                            n<> u<325> t<Statement> p<326> c<324> l<32:14> el<32:37>
                                                              n<> u<324> t<Statement_item> p<325> c<323> l<32:14> el<32:37>
                                                                n<> u<323> t<Blocking_assignment> p<324> c<322> l<32:14> el<32:36>
                                                                  n<> u<322> t<Variable_assignment> p<323> c<317> l<32:14> el<32:36>
                                                                    n<> u<317> t<Variable_lvalue> p<322> c<314> s<321> l<32:14> el<32:25>
                                                                      n<> u<314> t<Ps_or_hierarchical_identifier> p<317> c<313> s<316> l<32:14> el<32:25>
                                                                        n<decoder_out> u<313> t<SIMPLE_IDENTIFIER> p<314> l<32:14> el<32:25>
                                                                      n<> u<316> t<Select> p<317> c<315> l<32:26> el<32:26>
                                                                        n<> u<315> t<Bit_select> p<316> l<32:26> el<32:26>
                                                                    n<> u<321> t<Expression> p<322> c<320> l<32:28> el<32:36>
                                                                      n<> u<320> t<Primary> p<321> c<319> l<32:28> el<32:36>
                                                                        n<> u<319> t<Primary_literal> p<320> c<318> l<32:28> el<32:36>
                                                                          n<16'h0200> u<318> t<INTEGRAL_NUMBER> p<319> l<32:28> el<32:36>
                                                        n<> u<346> t<Case_item> p<443> c<331> s<365> l<33:7> el<33:37>
                                                          n<> u<331> t<Expression> p<346> c<330> s<345> l<33:7> el<33:11>
                                                            n<> u<330> t<Primary> p<331> c<329> l<33:7> el<33:11>
                                                              n<> u<329> t<Primary_literal> p<330> c<328> l<33:7> el<33:11>
                                                                n<4'hA> u<328> t<INTEGRAL_NUMBER> p<329> l<33:7> el<33:11>
                                                          n<> u<345> t<Statement_or_null> p<346> c<344> l<33:14> el<33:37>
                                                            n<> u<344> t<Statement> p<345> c<343> l<33:14> el<33:37>
                                                              n<> u<343> t<Statement_item> p<344> c<342> l<33:14> el<33:37>
                                                                n<> u<342> t<Blocking_assignment> p<343> c<341> l<33:14> el<33:36>
                                                                  n<> u<341> t<Variable_assignment> p<342> c<336> l<33:14> el<33:36>
                                                                    n<> u<336> t<Variable_lvalue> p<341> c<333> s<340> l<33:14> el<33:25>
                                                                      n<> u<333> t<Ps_or_hierarchical_identifier> p<336> c<332> s<335> l<33:14> el<33:25>
                                                                        n<decoder_out> u<332> t<SIMPLE_IDENTIFIER> p<333> l<33:14> el<33:25>
                                                                      n<> u<335> t<Select> p<336> c<334> l<33:26> el<33:26>
                                                                        n<> u<334> t<Bit_select> p<335> l<33:26> el<33:26>
                                                                    n<> u<340> t<Expression> p<341> c<339> l<33:28> el<33:36>
                                                                      n<> u<339> t<Primary> p<340> c<338> l<33:28> el<33:36>
                                                                        n<> u<338> t<Primary_literal> p<339> c<337> l<33:28> el<33:36>
                                                                          n<16'h0400> u<337> t<INTEGRAL_NUMBER> p<338> l<33:28> el<33:36>
                                                        n<> u<365> t<Case_item> p<443> c<350> s<384> l<34:7> el<34:37>
                                                          n<> u<350> t<Expression> p<365> c<349> s<364> l<34:7> el<34:11>
                                                            n<> u<349> t<Primary> p<350> c<348> l<34:7> el<34:11>
                                                              n<> u<348> t<Primary_literal> p<349> c<347> l<34:7> el<34:11>
                                                                n<4'hB> u<347> t<INTEGRAL_NUMBER> p<348> l<34:7> el<34:11>
                                                          n<> u<364> t<Statement_or_null> p<365> c<363> l<34:14> el<34:37>
                                                            n<> u<363> t<Statement> p<364> c<362> l<34:14> el<34:37>
                                                              n<> u<362> t<Statement_item> p<363> c<361> l<34:14> el<34:37>
                                                                n<> u<361> t<Blocking_assignment> p<362> c<360> l<34:14> el<34:36>
                                                                  n<> u<360> t<Variable_assignment> p<361> c<355> l<34:14> el<34:36>
                                                                    n<> u<355> t<Variable_lvalue> p<360> c<352> s<359> l<34:14> el<34:25>
                                                                      n<> u<352> t<Ps_or_hierarchical_identifier> p<355> c<351> s<354> l<34:14> el<34:25>
                                                                        n<decoder_out> u<351> t<SIMPLE_IDENTIFIER> p<352> l<34:14> el<34:25>
                                                                      n<> u<354> t<Select> p<355> c<353> l<34:26> el<34:26>
                                                                        n<> u<353> t<Bit_select> p<354> l<34:26> el<34:26>
                                                                    n<> u<359> t<Expression> p<360> c<358> l<34:28> el<34:36>
                                                                      n<> u<358> t<Primary> p<359> c<357> l<34:28> el<34:36>
                                                                        n<> u<357> t<Primary_literal> p<358> c<356> l<34:28> el<34:36>
                                                                          n<16'h0800> u<356> t<INTEGRAL_NUMBER> p<357> l<34:28> el<34:36>
                                                        n<> u<384> t<Case_item> p<443> c<369> s<403> l<35:7> el<35:37>
                                                          n<> u<369> t<Expression> p<384> c<368> s<383> l<35:7> el<35:11>
                                                            n<> u<368> t<Primary> p<369> c<367> l<35:7> el<35:11>
                                                              n<> u<367> t<Primary_literal> p<368> c<366> l<35:7> el<35:11>
                                                                n<4'hC> u<366> t<INTEGRAL_NUMBER> p<367> l<35:7> el<35:11>
                                                          n<> u<383> t<Statement_or_null> p<384> c<382> l<35:14> el<35:37>
                                                            n<> u<382> t<Statement> p<383> c<381> l<35:14> el<35:37>
                                                              n<> u<381> t<Statement_item> p<382> c<380> l<35:14> el<35:37>
                                                                n<> u<380> t<Blocking_assignment> p<381> c<379> l<35:14> el<35:36>
                                                                  n<> u<379> t<Variable_assignment> p<380> c<374> l<35:14> el<35:36>
                                                                    n<> u<374> t<Variable_lvalue> p<379> c<371> s<378> l<35:14> el<35:25>
                                                                      n<> u<371> t<Ps_or_hierarchical_identifier> p<374> c<370> s<373> l<35:14> el<35:25>
                                                                        n<decoder_out> u<370> t<SIMPLE_IDENTIFIER> p<371> l<35:14> el<35:25>
                                                                      n<> u<373> t<Select> p<374> c<372> l<35:26> el<35:26>
                                                                        n<> u<372> t<Bit_select> p<373> l<35:26> el<35:26>
                                                                    n<> u<378> t<Expression> p<379> c<377> l<35:28> el<35:36>
                                                                      n<> u<377> t<Primary> p<378> c<376> l<35:28> el<35:36>
                                                                        n<> u<376> t<Primary_literal> p<377> c<375> l<35:28> el<35:36>
                                                                          n<16'h1000> u<375> t<INTEGRAL_NUMBER> p<376> l<35:28> el<35:36>
                                                        n<> u<403> t<Case_item> p<443> c<388> s<422> l<36:7> el<36:37>
                                                          n<> u<388> t<Expression> p<403> c<387> s<402> l<36:7> el<36:11>
                                                            n<> u<387> t<Primary> p<388> c<386> l<36:7> el<36:11>
                                                              n<> u<386> t<Primary_literal> p<387> c<385> l<36:7> el<36:11>
                                                                n<4'hD> u<385> t<INTEGRAL_NUMBER> p<386> l<36:7> el<36:11>
                                                          n<> u<402> t<Statement_or_null> p<403> c<401> l<36:14> el<36:37>
                                                            n<> u<401> t<Statement> p<402> c<400> l<36:14> el<36:37>
                                                              n<> u<400> t<Statement_item> p<401> c<399> l<36:14> el<36:37>
                                                                n<> u<399> t<Blocking_assignment> p<400> c<398> l<36:14> el<36:36>
                                                                  n<> u<398> t<Variable_assignment> p<399> c<393> l<36:14> el<36:36>
                                                                    n<> u<393> t<Variable_lvalue> p<398> c<390> s<397> l<36:14> el<36:25>
                                                                      n<> u<390> t<Ps_or_hierarchical_identifier> p<393> c<389> s<392> l<36:14> el<36:25>
                                                                        n<decoder_out> u<389> t<SIMPLE_IDENTIFIER> p<390> l<36:14> el<36:25>
                                                                      n<> u<392> t<Select> p<393> c<391> l<36:26> el<36:26>
                                                                        n<> u<391> t<Bit_select> p<392> l<36:26> el<36:26>
                                                                    n<> u<397> t<Expression> p<398> c<396> l<36:28> el<36:36>
                                                                      n<> u<396> t<Primary> p<397> c<395> l<36:28> el<36:36>
                                                                        n<> u<395> t<Primary_literal> p<396> c<394> l<36:28> el<36:36>
                                                                          n<16'h2000> u<394> t<INTEGRAL_NUMBER> p<395> l<36:28> el<36:36>
                                                        n<> u<422> t<Case_item> p<443> c<407> s<441> l<37:7> el<37:37>
                                                          n<> u<407> t<Expression> p<422> c<406> s<421> l<37:7> el<37:11>
                                                            n<> u<406> t<Primary> p<407> c<405> l<37:7> el<37:11>
                                                              n<> u<405> t<Primary_literal> p<406> c<404> l<37:7> el<37:11>
                                                                n<4'hE> u<404> t<INTEGRAL_NUMBER> p<405> l<37:7> el<37:11>
                                                          n<> u<421> t<Statement_or_null> p<422> c<420> l<37:14> el<37:37>
                                                            n<> u<420> t<Statement> p<421> c<419> l<37:14> el<37:37>
                                                              n<> u<419> t<Statement_item> p<420> c<418> l<37:14> el<37:37>
                                                                n<> u<418> t<Blocking_assignment> p<419> c<417> l<37:14> el<37:36>
                                                                  n<> u<417> t<Variable_assignment> p<418> c<412> l<37:14> el<37:36>
                                                                    n<> u<412> t<Variable_lvalue> p<417> c<409> s<416> l<37:14> el<37:25>
                                                                      n<> u<409> t<Ps_or_hierarchical_identifier> p<412> c<408> s<411> l<37:14> el<37:25>
                                                                        n<decoder_out> u<408> t<SIMPLE_IDENTIFIER> p<409> l<37:14> el<37:25>
                                                                      n<> u<411> t<Select> p<412> c<410> l<37:26> el<37:26>
                                                                        n<> u<410> t<Bit_select> p<411> l<37:26> el<37:26>
                                                                    n<> u<416> t<Expression> p<417> c<415> l<37:28> el<37:36>
                                                                      n<> u<415> t<Primary> p<416> c<414> l<37:28> el<37:36>
                                                                        n<> u<414> t<Primary_literal> p<415> c<413> l<37:28> el<37:36>
                                                                          n<16'h4000> u<413> t<INTEGRAL_NUMBER> p<414> l<37:28> el<37:36>
                                                        n<> u<441> t<Case_item> p<443> c<426> s<442> l<38:7> el<38:37>
                                                          n<> u<426> t<Expression> p<441> c<425> s<440> l<38:7> el<38:11>
                                                            n<> u<425> t<Primary> p<426> c<424> l<38:7> el<38:11>
                                                              n<> u<424> t<Primary_literal> p<425> c<423> l<38:7> el<38:11>
                                                                n<4'hF> u<423> t<INTEGRAL_NUMBER> p<424> l<38:7> el<38:11>
                                                          n<> u<440> t<Statement_or_null> p<441> c<439> l<38:14> el<38:37>
                                                            n<> u<439> t<Statement> p<440> c<438> l<38:14> el<38:37>
                                                              n<> u<438> t<Statement_item> p<439> c<437> l<38:14> el<38:37>
                                                                n<> u<437> t<Blocking_assignment> p<438> c<436> l<38:14> el<38:36>
                                                                  n<> u<436> t<Variable_assignment> p<437> c<431> l<38:14> el<38:36>
                                                                    n<> u<431> t<Variable_lvalue> p<436> c<428> s<435> l<38:14> el<38:25>
                                                                      n<> u<428> t<Ps_or_hierarchical_identifier> p<431> c<427> s<430> l<38:14> el<38:25>
                                                                        n<decoder_out> u<427> t<SIMPLE_IDENTIFIER> p<428> l<38:14> el<38:25>
                                                                      n<> u<430> t<Select> p<431> c<429> l<38:26> el<38:26>
                                                                        n<> u<429> t<Bit_select> p<430> l<38:26> el<38:26>
                                                                    n<> u<435> t<Expression> p<436> c<434> l<38:28> el<38:36>
                                                                      n<> u<434> t<Primary> p<435> c<433> l<38:28> el<38:36>
                                                                        n<> u<433> t<Primary_literal> p<434> c<432> l<38:28> el<38:36>
                                                                          n<16'h8000> u<432> t<INTEGRAL_NUMBER> p<433> l<38:28> el<38:36>
                                                        n<> u<442> t<ENDCASE> p<443> l<39:5> el<39:12>
                                                n<> u<447> t<END> p<448> l<40:3> el<40:6>
                                n<> u<456> t<END> p<457> l<41:1> el<41:4>
        n<> u<469> t<ENDMODULE> p<470> l<43:1> el<43:10>
AST_DEBUG_END
[INF:CP0303] $Source01/asicworld/code_hdl_models_decoder_using_case.v:7:1: Compile module "decoder_using_case".
[INF:CM0029] Using global timescale: "1ns/1ns".
====== HLDB =======
Design name:unnamed:
  vpiName: unnamed
  vpiSourceFile (1 items):
    SourceFile name:code_hdl_models_decoder_using_case.v file:$Source01/asicworld/code_hdl_models_decoder_using_case.v:
      vpiParent: Design name:unnamed
      vpiName: code_hdl_models_decoder_using_case.v
      vpiPreprocFile: "$Output/lib/work/asicworld/code_hdl_models_decoder_using_case.v"
  vpiAllModules (1 items):
    Module name:decoder_using_case file:$Source01/asicworld/code_hdl_models_decoder_using_case.v start:7:1 end:43:10:
      vpiParent: Design name:unnamed
      vpiName Identifier name:decoder_using_case start:7:8 end:7:26:
      vpiFullName: decoder_using_case
      vpiVariable (1 items):
        Variable name:decoder_out start:14:15 end:14:26:
          vpiParent: Module name:decoder_using_case
          vpiTypespec RefTypespec start:16:1 end:16:11:
            vpiParent: Variable name:decoder_out
            vpiFullName: decoder_using_case.decoder_out
            vpiActual: LogicTypespec
          vpiName: decoder_out
          vpiFullName: decoder_using_case.decoder_out
          vpiVector: true
      vpiTypespec (4 items):
        LogicTypespec:
          vpiParent: Module name:decoder_using_case
          vpiRange (1 items):
            Range start:12:7 end:12:12:
              vpiParent: LogicTypespec
              vpiLeftRange Constant start:12:8 end:12:9:
                vpiParent: Range
                vpiTypespec RefTypespec:
                  vpiParent: Constant
                  vpiFullName: decoder_using_case
                  vpiActual: IntTypespec
                vpiConstType: unsigned int (9)
                vpiSize: 64
                vpiDecompile: "3"
                vpiValue: 3
              vpiRightRange Constant start:12:10 end:12:11:
                vpiParent: Range
                vpiTypespec RefTypespec:
                  vpiParent: Constant
                  vpiFullName: decoder_using_case
                  vpiActual: IntTypespec
                vpiConstType: unsigned int (9)
                vpiSize: 64
                vpiDecompile: "0"
                vpiValue: 0
          vpiVector: true
        LogicTypespec:
          vpiParent: Module name:decoder_using_case
        LogicTypespec:
          vpiParent: Module name:decoder_using_case
          vpiRange (1 items):
            Range start:14:8 end:14:14:
              vpiParent: LogicTypespec
              vpiLeftRange Constant start:14:9 end:14:11:
                vpiParent: Range
                vpiTypespec RefTypespec:
                  vpiParent: Constant
                  vpiFullName: decoder_using_case
                  vpiActual: IntTypespec
                vpiConstType: unsigned int (9)
                vpiSize: 64
                vpiDecompile: "15"
                vpiValue: 15
              vpiRightRange Constant start:14:12 end:14:13:
                vpiParent: Range
                vpiTypespec RefTypespec:
                  vpiParent: Constant
                  vpiFullName: decoder_using_case
                  vpiActual: IntTypespec
                vpiConstType: unsigned int (9)
                vpiSize: 64
                vpiDecompile: "0"
                vpiValue: 0
          vpiVector: true
        LogicTypespec:
          vpiParent: Module name:decoder_using_case
          vpiRange (1 items):
            Range start:16:5 end:16:11:
              vpiParent: LogicTypespec
              vpiLeftRange Constant start:16:6 end:16:8:
                vpiParent: Range
                vpiTypespec RefTypespec:
                  vpiParent: Constant
                  vpiFullName: decoder_using_case
                  vpiActual: IntTypespec
                vpiConstType: unsigned int (9)
                vpiSize: 64
                vpiDecompile: "15"
                vpiValue: 15
              vpiRightRange Constant start:16:9 end:16:10:
                vpiParent: Range
                vpiTypespec RefTypespec:
                  vpiParent: Constant
                  vpiFullName: decoder_using_case
                  vpiActual: IntTypespec
                vpiConstType: unsigned int (9)
                vpiSize: 64
                vpiDecompile: "0"
                vpiValue: 0
          vpiVector: true
      vpiDefName: decoder_using_case
      vpiDefNetType: wire (1)
      vpiLibrary RefObj name:work:
        vpiParent: Module name:decoder_using_case
        vpiName: work
        vpiFullName: decoder_using_case.work
      vpiCell: decoder_using_case
      vpiNet (2 items):
        Net name:binary_in start:12:13 end:12:22:
          vpiParent: Module name:decoder_using_case
          vpiTypespec RefTypespec start:12:7 end:12:12:
            vpiParent: Net name:binary_in
            vpiFullName: decoder_using_case.binary_in
            vpiActual: LogicTypespec
          vpiName: binary_in
          vpiFullName: decoder_using_case.binary_in
          vpiNetType: wire (1)
          vpiVector: true
        Net name:enable start:13:8 end:13:14:
          vpiParent: Module name:decoder_using_case
          vpiTypespec RefTypespec start:13:8 end:13:8:
            vpiParent: Net name:enable
            vpiFullName: decoder_using_case.enable
            vpiActual: LogicTypespec
          vpiName: enable
          vpiFullName: decoder_using_case.enable
          vpiNetType: wire (1)
          vpiScalar: true
      vpiPort (3 items):
        Port name:binary_in start:8:1 end:8:10:
          vpiParent: Module name:decoder_using_case
          vpiName: binary_in
          vpiDirection: input (1)
          vpiLowConn RefObj name:binary_in start:12:13 end:12:22:
            vpiParent: Port name:binary_in
            vpiName: binary_in
            vpiFullName: decoder_using_case.binary_in.binary_in
            vpiActual: Net name:binary_in
          vpiTypespec RefTypespec start:12:7 end:12:12:
            vpiParent: Port name:binary_in
            vpiFullName: decoder_using_case.binary_in
            vpiActual: LogicTypespec
        Port name:decoder_out start:9:1 end:9:12:
          vpiParent: Module name:decoder_using_case
          vpiName: decoder_out
          vpiDirection: output (2)
          vpiLowConn RefObj name:decoder_out start:14:15 end:14:26:
            vpiParent: Port name:decoder_out
            vpiName: decoder_out
            vpiFullName: decoder_using_case.decoder_out.decoder_out
            vpiActual: Variable name:decoder_out
        Port name:enable start:10:1 end:10:7:
          vpiParent: Module name:decoder_using_case
          vpiName: enable
          vpiDirection: input (1)
          vpiLowConn RefObj name:enable start:13:8 end:13:14:
            vpiParent: Port name:enable
            vpiName: enable
            vpiFullName: decoder_using_case.enable.enable
            vpiActual: Net name:enable
          vpiTypespec RefTypespec start:13:8 end:13:8:
            vpiParent: Port name:enable
            vpiFullName: decoder_using_case.enable
            vpiActual: LogicTypespec
      vpiProcess (1 items):
        Always start:18:1 end:41:4:
          vpiParent: Module name:decoder_using_case
          vpiStmt EventControl start:18:8 end:41:4:
            vpiParent: Always
            vpiCondition Operation start:18:11 end:18:30:
              vpiParent: EventControl
              vpiOpType: event or (35)
              vpiOperand (2 items):
                RefObj name:enable start:18:11 end:18:17:
                  vpiParent: Operation
                  vpiName: enable
                  vpiFullName: decoder_using_case.enable
                  vpiActual: Net name:enable
                RefObj name:binary_in start:18:21 end:18:30:
                  vpiParent: Operation
                  vpiName: binary_in
                  vpiFullName: decoder_using_case.binary_in
                  vpiActual: Net name:binary_in
            vpiStmt Begin start:19:1 end:41:4:
              vpiParent: EventControl
              vpiFullName: decoder_using_case
              vpiStmt (2 items):
                Assignment start:20:3 end:20:18:
                  vpiParent: Begin
                  vpiBlocking: true
                  vpiLhs RefObj name:decoder_out start:20:3 end:20:14:
                    vpiParent: Assignment
                    vpiName: decoder_out
                    vpiFullName: decoder_using_case.decoder_out
                    vpiActual: Variable name:decoder_out
                  vpiRhs Constant start:20:17 end:20:18:
                    vpiParent: Assignment
                    vpiTypespec RefTypespec:
                      vpiParent: Constant
                      vpiFullName: decoder_using_case
                      vpiActual: IntTypespec
                    vpiConstType: unsigned int (9)
                    vpiSize: 64
                    vpiDecompile: "0"
                    vpiValue: 0
                IfStmt start:21:3 end:40:6:
                  vpiParent: Begin
                  vpiCondition RefObj name:enable start:21:7 end:21:13:
                    vpiParent: IfStmt
                    vpiName: enable
                    vpiFullName: decoder_using_case.enable
                    vpiActual: Net name:enable
                  vpiStmt Begin start:21:15 end:40:6:
                    vpiParent: IfStmt
                    vpiFullName: decoder_using_case
                    vpiStmt (1 items):
                      CaseStmt start:22:5 end:39:12:
                        vpiParent: Begin
                        vpiCaseType: exact (1)
                        vpiCondition RefObj name:binary_in start:22:11 end:22:20:
                          vpiParent: CaseStmt
                          vpiName: binary_in
                          vpiFullName: decoder_using_case.binary_in
                          vpiActual: Net name:binary_in
                        vpiCaseItem (16 items):
                          CaseItem start:23:7 end:23:37:
                            vpiParent: CaseStmt
                            vpiExpr (1 items):
                              Constant start:23:7 end:23:11:
                                vpiParent: CaseItem
                                vpiTypespec RefTypespec:
                                  vpiParent: Constant
                                  vpiFullName: decoder_using_case
                                  vpiActual: IntTypespec
                                vpiConstType: hexadecimal (5)
                                vpiSize: 4
                                vpiDecompile: "4'h0"
                                vpiValue: "0"
                            vpiStmt Assignment start:23:14 end:23:36:
                              vpiParent: CaseItem
                              vpiBlocking: true
                              vpiLhs RefObj name:decoder_out start:23:14 end:23:25:
                                vpiParent: Assignment
                                vpiName: decoder_out
                                vpiFullName: decoder_using_case.decoder_out
                                vpiActual: Variable name:decoder_out
                              vpiRhs Constant start:23:28 end:23:36:
                                vpiParent: Assignment
                                vpiTypespec RefTypespec:
                                  vpiParent: Constant
                                  vpiFullName: decoder_using_case
                                  vpiActual: IntTypespec
                                vpiConstType: hexadecimal (5)
                                vpiSize: 16
                                vpiDecompile: "16'h0001"
                                vpiValue: "0001"
                          CaseItem start:24:7 end:24:37:
                            vpiParent: CaseStmt
                            vpiExpr (1 items):
                              Constant start:24:7 end:24:11:
                                vpiParent: CaseItem
                                vpiTypespec RefTypespec:
                                  vpiParent: Constant
                                  vpiFullName: decoder_using_case
                                  vpiActual: IntTypespec
                                vpiConstType: hexadecimal (5)
                                vpiSize: 4
                                vpiDecompile: "4'h1"
                                vpiValue: "1"
                            vpiStmt Assignment start:24:14 end:24:36:
                              vpiParent: CaseItem
                              vpiBlocking: true
                              vpiLhs RefObj name:decoder_out start:24:14 end:24:25:
                                vpiParent: Assignment
                                vpiName: decoder_out
                                vpiFullName: decoder_using_case.decoder_out
                                vpiActual: Variable name:decoder_out
                              vpiRhs Constant start:24:28 end:24:36:
                                vpiParent: Assignment
                                vpiTypespec RefTypespec:
                                  vpiParent: Constant
                                  vpiFullName: decoder_using_case
                                  vpiActual: IntTypespec
                                vpiConstType: hexadecimal (5)
                                vpiSize: 16
                                vpiDecompile: "16'h0002"
                                vpiValue: "0002"
                          CaseItem start:25:7 end:25:37:
                            vpiParent: CaseStmt
                            vpiExpr (1 items):
                              Constant start:25:7 end:25:11:
                                vpiParent: CaseItem
                                vpiTypespec RefTypespec:
                                  vpiParent: Constant
                                  vpiFullName: decoder_using_case
                                  vpiActual: IntTypespec
                                vpiConstType: hexadecimal (5)
                                vpiSize: 4
                                vpiDecompile: "4'h2"
                                vpiValue: "2"
                            vpiStmt Assignment start:25:14 end:25:36:
                              vpiParent: CaseItem
                              vpiBlocking: true
                              vpiLhs RefObj name:decoder_out start:25:14 end:25:25:
                                vpiParent: Assignment
                                vpiName: decoder_out
                                vpiFullName: decoder_using_case.decoder_out
                                vpiActual: Variable name:decoder_out
                              vpiRhs Constant start:25:28 end:25:36:
                                vpiParent: Assignment
                                vpiTypespec RefTypespec:
                                  vpiParent: Constant
                                  vpiFullName: decoder_using_case
                                  vpiActual: IntTypespec
                                vpiConstType: hexadecimal (5)
                                vpiSize: 16
                                vpiDecompile: "16'h0004"
                                vpiValue: "0004"
                          CaseItem start:26:7 end:26:37:
                            vpiParent: CaseStmt
                            vpiExpr (1 items):
                              Constant start:26:7 end:26:11:
                                vpiParent: CaseItem
                                vpiTypespec RefTypespec:
                                  vpiParent: Constant
                                  vpiFullName: decoder_using_case
                                  vpiActual: IntTypespec
                                vpiConstType: hexadecimal (5)
                                vpiSize: 4
                                vpiDecompile: "4'h3"
                                vpiValue: "3"
                            vpiStmt Assignment start:26:14 end:26:36:
                              vpiParent: CaseItem
                              vpiBlocking: true
                              vpiLhs RefObj name:decoder_out start:26:14 end:26:25:
                                vpiParent: Assignment
                                vpiName: decoder_out
                                vpiFullName: decoder_using_case.decoder_out
                                vpiActual: Variable name:decoder_out
                              vpiRhs Constant start:26:28 end:26:36:
                                vpiParent: Assignment
                                vpiTypespec RefTypespec:
                                  vpiParent: Constant
                                  vpiFullName: decoder_using_case
                                  vpiActual: IntTypespec
                                vpiConstType: hexadecimal (5)
                                vpiSize: 16
                                vpiDecompile: "16'h0008"
                                vpiValue: "0008"
                          CaseItem start:27:7 end:27:37:
                            vpiParent: CaseStmt
                            vpiExpr (1 items):
                              Constant start:27:7 end:27:11:
                                vpiParent: CaseItem
                                vpiTypespec RefTypespec:
                                  vpiParent: Constant
                                  vpiFullName: decoder_using_case
                                  vpiActual: IntTypespec
                                vpiConstType: hexadecimal (5)
                                vpiSize: 4
                                vpiDecompile: "4'h4"
                                vpiValue: "4"
                            vpiStmt Assignment start:27:14 end:27:36:
                              vpiParent: CaseItem
                              vpiBlocking: true
                              vpiLhs RefObj name:decoder_out start:27:14 end:27:25:
                                vpiParent: Assignment
                                vpiName: decoder_out
                                vpiFullName: decoder_using_case.decoder_out
                                vpiActual: Variable name:decoder_out
                              vpiRhs Constant start:27:28 end:27:36:
                                vpiParent: Assignment
                                vpiTypespec RefTypespec:
                                  vpiParent: Constant
                                  vpiFullName: decoder_using_case
                                  vpiActual: IntTypespec
                                vpiConstType: hexadecimal (5)
                                vpiSize: 16
                                vpiDecompile: "16'h0010"
                                vpiValue: "0010"
                          CaseItem start:28:7 end:28:37:
                            vpiParent: CaseStmt
                            vpiExpr (1 items):
                              Constant start:28:7 end:28:11:
                                vpiParent: CaseItem
                                vpiTypespec RefTypespec:
                                  vpiParent: Constant
                                  vpiFullName: decoder_using_case
                                  vpiActual: IntTypespec
                                vpiConstType: hexadecimal (5)
                                vpiSize: 4
                                vpiDecompile: "4'h5"
                                vpiValue: "5"
                            vpiStmt Assignment start:28:14 end:28:36:
                              vpiParent: CaseItem
                              vpiBlocking: true
                              vpiLhs RefObj name:decoder_out start:28:14 end:28:25:
                                vpiParent: Assignment
                                vpiName: decoder_out
                                vpiFullName: decoder_using_case.decoder_out
                                vpiActual: Variable name:decoder_out
                              vpiRhs Constant start:28:28 end:28:36:
                                vpiParent: Assignment
                                vpiTypespec RefTypespec:
                                  vpiParent: Constant
                                  vpiFullName: decoder_using_case
                                  vpiActual: IntTypespec
                                vpiConstType: hexadecimal (5)
                                vpiSize: 16
                                vpiDecompile: "16'h0020"
                                vpiValue: "0020"
                          CaseItem start:29:7 end:29:37:
                            vpiParent: CaseStmt
                            vpiExpr (1 items):
                              Constant start:29:7 end:29:11:
                                vpiParent: CaseItem
                                vpiTypespec RefTypespec:
                                  vpiParent: Constant
                                  vpiFullName: decoder_using_case
                                  vpiActual: IntTypespec
                                vpiConstType: hexadecimal (5)
                                vpiSize: 4
                                vpiDecompile: "4'h6"
                                vpiValue: "6"
                            vpiStmt Assignment start:29:14 end:29:36:
                              vpiParent: CaseItem
                              vpiBlocking: true
                              vpiLhs RefObj name:decoder_out start:29:14 end:29:25:
                                vpiParent: Assignment
                                vpiName: decoder_out
                                vpiFullName: decoder_using_case.decoder_out
                                vpiActual: Variable name:decoder_out
                              vpiRhs Constant start:29:28 end:29:36:
                                vpiParent: Assignment
                                vpiTypespec RefTypespec:
                                  vpiParent: Constant
                                  vpiFullName: decoder_using_case
                                  vpiActual: IntTypespec
                                vpiConstType: hexadecimal (5)
                                vpiSize: 16
                                vpiDecompile: "16'h0040"
                                vpiValue: "0040"
                          CaseItem start:30:7 end:30:37:
                            vpiParent: CaseStmt
                            vpiExpr (1 items):
                              Constant start:30:7 end:30:11:
                                vpiParent: CaseItem
                                vpiTypespec RefTypespec:
                                  vpiParent: Constant
                                  vpiFullName: decoder_using_case
                                  vpiActual: IntTypespec
                                vpiConstType: hexadecimal (5)
                                vpiSize: 4
                                vpiDecompile: "4'h7"
                                vpiValue: "7"
                            vpiStmt Assignment start:30:14 end:30:36:
                              vpiParent: CaseItem
                              vpiBlocking: true
                              vpiLhs RefObj name:decoder_out start:30:14 end:30:25:
                                vpiParent: Assignment
                                vpiName: decoder_out
                                vpiFullName: decoder_using_case.decoder_out
                                vpiActual: Variable name:decoder_out
                              vpiRhs Constant start:30:28 end:30:36:
                                vpiParent: Assignment
                                vpiTypespec RefTypespec:
                                  vpiParent: Constant
                                  vpiFullName: decoder_using_case
                                  vpiActual: IntTypespec
                                vpiConstType: hexadecimal (5)
                                vpiSize: 16
                                vpiDecompile: "16'h0080"
                                vpiValue: "0080"
                          CaseItem start:31:7 end:31:37:
                            vpiParent: CaseStmt
                            vpiExpr (1 items):
                              Constant start:31:7 end:31:11:
                                vpiParent: CaseItem
                                vpiTypespec RefTypespec:
                                  vpiParent: Constant
                                  vpiFullName: decoder_using_case
                                  vpiActual: IntTypespec
                                vpiConstType: hexadecimal (5)
                                vpiSize: 4
                                vpiDecompile: "4'h8"
                                vpiValue: "8"
                            vpiStmt Assignment start:31:14 end:31:36:
                              vpiParent: CaseItem
                              vpiBlocking: true
                              vpiLhs RefObj name:decoder_out start:31:14 end:31:25:
                                vpiParent: Assignment
                                vpiName: decoder_out
                                vpiFullName: decoder_using_case.decoder_out
                                vpiActual: Variable name:decoder_out
                              vpiRhs Constant start:31:28 end:31:36:
                                vpiParent: Assignment
                                vpiTypespec RefTypespec:
                                  vpiParent: Constant
                                  vpiFullName: decoder_using_case
                                  vpiActual: IntTypespec
                                vpiConstType: hexadecimal (5)
                                vpiSize: 16
                                vpiDecompile: "16'h0100"
                                vpiValue: "0100"
                          CaseItem start:32:7 end:32:37:
                            vpiParent: CaseStmt
                            vpiExpr (1 items):
                              Constant start:32:7 end:32:11:
                                vpiParent: CaseItem
                                vpiTypespec RefTypespec:
                                  vpiParent: Constant
                                  vpiFullName: decoder_using_case
                                  vpiActual: IntTypespec
                                vpiConstType: hexadecimal (5)
                                vpiSize: 4
                                vpiDecompile: "4'h9"
                                vpiValue: "9"
                            vpiStmt Assignment start:32:14 end:32:36:
                              vpiParent: CaseItem
                              vpiBlocking: true
                              vpiLhs RefObj name:decoder_out start:32:14 end:32:25:
                                vpiParent: Assignment
                                vpiName: decoder_out
                                vpiFullName: decoder_using_case.decoder_out
                                vpiActual: Variable name:decoder_out
                              vpiRhs Constant start:32:28 end:32:36:
                                vpiParent: Assignment
                                vpiTypespec RefTypespec:
                                  vpiParent: Constant
                                  vpiFullName: decoder_using_case
                                  vpiActual: IntTypespec
                                vpiConstType: hexadecimal (5)
                                vpiSize: 16
                                vpiDecompile: "16'h0200"
                                vpiValue: "0200"
                          CaseItem start:33:7 end:33:37:
                            vpiParent: CaseStmt
                            vpiExpr (1 items):
                              Constant start:33:7 end:33:11:
                                vpiParent: CaseItem
                                vpiTypespec RefTypespec:
                                  vpiParent: Constant
                                  vpiFullName: decoder_using_case
                                  vpiActual: IntTypespec
                                vpiConstType: hexadecimal (5)
                                vpiSize: 4
                                vpiDecompile: "4'hA"
                                vpiValue: A
                            vpiStmt Assignment start:33:14 end:33:36:
                              vpiParent: CaseItem
                              vpiBlocking: true
                              vpiLhs RefObj name:decoder_out start:33:14 end:33:25:
                                vpiParent: Assignment
                                vpiName: decoder_out
                                vpiFullName: decoder_using_case.decoder_out
                                vpiActual: Variable name:decoder_out
                              vpiRhs Constant start:33:28 end:33:36:
                                vpiParent: Assignment
                                vpiTypespec RefTypespec:
                                  vpiParent: Constant
                                  vpiFullName: decoder_using_case
                                  vpiActual: IntTypespec
                                vpiConstType: hexadecimal (5)
                                vpiSize: 16
                                vpiDecompile: "16'h0400"
                                vpiValue: "0400"
                          CaseItem start:34:7 end:34:37:
                            vpiParent: CaseStmt
                            vpiExpr (1 items):
                              Constant start:34:7 end:34:11:
                                vpiParent: CaseItem
                                vpiTypespec RefTypespec:
                                  vpiParent: Constant
                                  vpiFullName: decoder_using_case
                                  vpiActual: IntTypespec
                                vpiConstType: hexadecimal (5)
                                vpiSize: 4
                                vpiDecompile: "4'hB"
                                vpiValue: B
                            vpiStmt Assignment start:34:14 end:34:36:
                              vpiParent: CaseItem
                              vpiBlocking: true
                              vpiLhs RefObj name:decoder_out start:34:14 end:34:25:
                                vpiParent: Assignment
                                vpiName: decoder_out
                                vpiFullName: decoder_using_case.decoder_out
                                vpiActual: Variable name:decoder_out
                              vpiRhs Constant start:34:28 end:34:36:
                                vpiParent: Assignment
                                vpiTypespec RefTypespec:
                                  vpiParent: Constant
                                  vpiFullName: decoder_using_case
                                  vpiActual: IntTypespec
                                vpiConstType: hexadecimal (5)
                                vpiSize: 16
                                vpiDecompile: "16'h0800"
                                vpiValue: "0800"
                          CaseItem start:35:7 end:35:37:
                            vpiParent: CaseStmt
                            vpiExpr (1 items):
                              Constant start:35:7 end:35:11:
                                vpiParent: CaseItem
                                vpiTypespec RefTypespec:
                                  vpiParent: Constant
                                  vpiFullName: decoder_using_case
                                  vpiActual: IntTypespec
                                vpiConstType: hexadecimal (5)
                                vpiSize: 4
                                vpiDecompile: "4'hC"
                                vpiValue: C
                            vpiStmt Assignment start:35:14 end:35:36:
                              vpiParent: CaseItem
                              vpiBlocking: true
                              vpiLhs RefObj name:decoder_out start:35:14 end:35:25:
                                vpiParent: Assignment
                                vpiName: decoder_out
                                vpiFullName: decoder_using_case.decoder_out
                                vpiActual: Variable name:decoder_out
                              vpiRhs Constant start:35:28 end:35:36:
                                vpiParent: Assignment
                                vpiTypespec RefTypespec:
                                  vpiParent: Constant
                                  vpiFullName: decoder_using_case
                                  vpiActual: IntTypespec
                                vpiConstType: hexadecimal (5)
                                vpiSize: 16
                                vpiDecompile: "16'h1000"
                                vpiValue: "1000"
                          CaseItem start:36:7 end:36:37:
                            vpiParent: CaseStmt
                            vpiExpr (1 items):
                              Constant start:36:7 end:36:11:
                                vpiParent: CaseItem
                                vpiTypespec RefTypespec:
                                  vpiParent: Constant
                                  vpiFullName: decoder_using_case
                                  vpiActual: IntTypespec
                                vpiConstType: hexadecimal (5)
                                vpiSize: 4
                                vpiDecompile: "4'hD"
                                vpiValue: D
                            vpiStmt Assignment start:36:14 end:36:36:
                              vpiParent: CaseItem
                              vpiBlocking: true
                              vpiLhs RefObj name:decoder_out start:36:14 end:36:25:
                                vpiParent: Assignment
                                vpiName: decoder_out
                                vpiFullName: decoder_using_case.decoder_out
                                vpiActual: Variable name:decoder_out
                              vpiRhs Constant start:36:28 end:36:36:
                                vpiParent: Assignment
                                vpiTypespec RefTypespec:
                                  vpiParent: Constant
                                  vpiFullName: decoder_using_case
                                  vpiActual: IntTypespec
                                vpiConstType: hexadecimal (5)
                                vpiSize: 16
                                vpiDecompile: "16'h2000"
                                vpiValue: "2000"
                          CaseItem start:37:7 end:37:37:
                            vpiParent: CaseStmt
                            vpiExpr (1 items):
                              Constant start:37:7 end:37:11:
                                vpiParent: CaseItem
                                vpiTypespec RefTypespec:
                                  vpiParent: Constant
                                  vpiFullName: decoder_using_case
                                  vpiActual: IntTypespec
                                vpiConstType: hexadecimal (5)
                                vpiSize: 4
                                vpiDecompile: "4'hE"
                                vpiValue: E
                            vpiStmt Assignment start:37:14 end:37:36:
                              vpiParent: CaseItem
                              vpiBlocking: true
                              vpiLhs RefObj name:decoder_out start:37:14 end:37:25:
                                vpiParent: Assignment
                                vpiName: decoder_out
                                vpiFullName: decoder_using_case.decoder_out
                                vpiActual: Variable name:decoder_out
                              vpiRhs Constant start:37:28 end:37:36:
                                vpiParent: Assignment
                                vpiTypespec RefTypespec:
                                  vpiParent: Constant
                                  vpiFullName: decoder_using_case
                                  vpiActual: IntTypespec
                                vpiConstType: hexadecimal (5)
                                vpiSize: 16
                                vpiDecompile: "16'h4000"
                                vpiValue: "4000"
                          CaseItem start:38:7 end:38:37:
                            vpiParent: CaseStmt
                            vpiExpr (1 items):
                              Constant start:38:7 end:38:11:
                                vpiParent: CaseItem
                                vpiTypespec RefTypespec:
                                  vpiParent: Constant
                                  vpiFullName: decoder_using_case
                                  vpiActual: IntTypespec
                                vpiConstType: hexadecimal (5)
                                vpiSize: 4
                                vpiDecompile: "4'hF"
                                vpiValue: F
                            vpiStmt Assignment start:38:14 end:38:36:
                              vpiParent: CaseItem
                              vpiBlocking: true
                              vpiLhs RefObj name:decoder_out start:38:14 end:38:25:
                                vpiParent: Assignment
                                vpiName: decoder_out
                                vpiFullName: decoder_using_case.decoder_out
                                vpiActual: Variable name:decoder_out
                              vpiRhs Constant start:38:28 end:38:36:
                                vpiParent: Assignment
                                vpiTypespec RefTypespec:
                                  vpiParent: Constant
                                  vpiFullName: decoder_using_case
                                  vpiActual: IntTypespec
                                vpiConstType: hexadecimal (5)
                                vpiSize: 16
                                vpiDecompile: "16'h8000"
                                vpiValue: "8000"
          vpiAlwaysType: always (1)
  vpiTypespec (3 items):
    ModuleTypespec name:decoder_using_case:
      vpiParent: Design name:unnamed
      vpiName Identifier name:decoder_using_case start:7:8 end:7:26:
      vpiModule: Module name:decoder_using_case
    IntTypespec:
      vpiParent: Design name:unnamed
      vpiSigned: true
    IntTypespec:
      vpiParent: Design name:unnamed
===================
[  FATAL] : 0
[ SYNTAX] : 0
[  ERROR] : 0
[WARNING] : 0
[   NOTE] : 0
********************************************************************************
*                    End HLC SystemVerilog Compiler/Linter                     *
********************************************************************************

#**#**#**#**#**#**#**#**#**#**#**#**#**#**#**#**#**#**#**#**#**#**#**#**#**#**#**#**#**#**#**#**#**#**#**#**#**#**#**#**

Environment:
      test-name: Yosys/asicworld/code_hdl_models_decoder_using_case.v
   test-dirpath: ${HLC_DIR}/regression/Yosys/asicworld/code_hdl_models_decoder_using_case.v
  hldb-filepath: ${HLC_DIR}/regression/Yosys/asicworld/code_hdl_models_decoder_using_case.v/design.hldb
mounts-filepath: ${HLC_DIR}/regression/Yosys/asicworld/code_hdl_models_decoder_using_case.v/mounts.json


{'result': {'coverage': 98.51,
            'error_count': 0,
            'file_count': 1,
            'files': {'$Output/lib/work/asicworld/code_hdl_models_decoder_using_case.v': {'post_len': 11,
                                                                                          'pre_len': 737}},
            'post_len': 11,
            'pre_len': 737,
            'test_name': 'Yosys/asicworld/code_hdl_models_decoder_using_case.v'}}

+-----------------------------------------------------------------+----------+-----------+
| INPUT                                                           |   PRELEN |   POSTLEN |
+=================================================================+==========+===========+
| $Output/lib/work/asicworld/code_hdl_models_decoder_using_case.v |      737 |        11 |
+=================================================================+==========+===========+
|                                                                 |      737 |        11 |
+-----------------------------------------------------------------+----------+-----------+

[   ERROR] : 0
[COVERAGE] : 98.51


#**#**#**#**#**#**#**#**#**#**#**#**#**#**#**#**#**#**#**#**#**#**#**#**#**#**#**#**#**#**#**#**#**#**#**#**#**#**#**#**

COMMAND: ${HLC_DIR}/regression/Yosys/asicworld/code_hdl_models_decoder_using_case.v/design.hldb ${HLC_DIR}/regression/Yosys/asicworld/code_hdl_models_decoder_using_case.v/reduced.hldb

==================== BEGIN REDUCTION RESULT ====================
Name                            Before   After   Added   Removed
----------------------------------------------------------------
----------------------------------------------------------------
Others                             169     169       0         0
----------------------------------------------------------------
                                   169     169       0         0
===================== END REDUCTION RESULT =====================
