[INF:CM0023] Creating log file "$Output/hlc.log".
AST_DEBUG_BEGIN
Count: 105
LIB: work
FILE: $Source01/dut.sv
n<$Source01/dut.sv> u<104> t<Top_level_rule> c<1> l<1:1> el<14:1>
  n<> u<1> t<Null_rule> p<104> s<103> l<1:1>
  n<> u<103> t<Source_text> p<104> c<33> l<1:1> el<13:10>
    n<> u<33> t<Description> p<103> c<32> s<102> l<1:1> el<5:10>
      n<> u<32> t<Module_declaration> p<33> c<30> l<1:1> el<5:10>
        n<> u<30> t<Module_ansi_header> p<32> c<2> s<31> l<1:1> el<4:3>
          n<module> u<2> t<Module_keyword> p<30> s<3> l<1:1> el<1:7>
          n<fifo> u<3> t<SIMPLE_IDENTIFIER> p<30> s<4> l<1:8> el<1:12>
          n<> u<4> t<Package_import_declaration_list> p<30> s<29> l<1:13> el<1:13>
          n<> u<29> t<Parameter_port_list> p<30> c<16> l<1:13> el<4:2>
            n<> u<16> t<Parameter_port_declaration> p<29> c<15> s<28> l<2:5> el<2:25>
              n<> u<15> t<Parameter_declaration> p<16> c<5> l<2:5> el<2:25>
                n<> u<5> t<Data_type_or_implicit> p<15> s<14> l<2:15> el<2:15>
                n<> u<14> t<Param_assignment_list> p<15> c<13> l<2:15> el<2:25>
                  n<> u<13> t<Param_assignment> p<14> c<6> l<2:15> el<2:25>
                    n<width1> u<6> t<SIMPLE_IDENTIFIER> p<13> s<12> l<2:15> el<2:21>
                    n<> u<12> t<Constant_param_expression> p<13> c<11> l<2:24> el<2:25>
                      n<> u<11> t<Constant_mintypmax_expression> p<12> c<10> l<2:24> el<2:25>
                        n<> u<10> t<Constant_expression> p<11> c<9> l<2:24> el<2:25>
                          n<> u<9> t<Constant_primary> p<10> c<8> l<2:24> el<2:25>
                            n<> u<8> t<Primary_literal> p<9> c<7> l<2:24> el<2:25>
                              n<9> u<7> t<INTEGRAL_NUMBER> p<8> l<2:24> el<2:25>
            n<> u<28> t<Parameter_port_declaration> p<29> c<27> l<3:5> el<3:25>
              n<> u<27> t<Parameter_declaration> p<28> c<17> l<3:5> el<3:25>
                n<> u<17> t<Data_type_or_implicit> p<27> s<26> l<3:15> el<3:15>
                n<> u<26> t<Param_assignment_list> p<27> c<25> l<3:15> el<3:25>
                  n<> u<25> t<Param_assignment> p<26> c<18> l<3:15> el<3:25>
                    n<width2> u<18> t<SIMPLE_IDENTIFIER> p<25> s<24> l<3:15> el<3:21>
                    n<> u<24> t<Constant_param_expression> p<25> c<23> l<3:24> el<3:25>
                      n<> u<23> t<Constant_mintypmax_expression> p<24> c<22> l<3:24> el<3:25>
                        n<> u<22> t<Constant_expression> p<23> c<21> l<3:24> el<3:25>
                          n<> u<21> t<Constant_primary> p<22> c<20> l<3:24> el<3:25>
                            n<> u<20> t<Primary_literal> p<21> c<19> l<3:24> el<3:25>
                              n<8> u<19> t<INTEGRAL_NUMBER> p<20> l<3:24> el<3:25>
        n<> u<31> t<ENDMODULE> p<32> l<5:1> el<5:10>
    n<> u<102> t<Description> p<103> c<101> l<6:1> el<13:10>
      n<> u<101> t<Module_declaration> p<102> c<62> l<6:1> el<13:10>
        n<> u<62> t<Module_ansi_header> p<101> c<34> s<71> l<6:1> el<9:3>
          n<module> u<34> t<Module_keyword> p<62> s<35> l<6:1> el<6:7>
          n<top> u<35> t<SIMPLE_IDENTIFIER> p<62> s<36> l<6:8> el<6:11>
          n<> u<36> t<Package_import_declaration_list> p<62> s<61> l<6:12> el<6:12>
          n<> u<61> t<Parameter_port_list> p<62> c<48> l<6:12> el<9:2>
            n<> u<48> t<Parameter_port_declaration> p<61> c<47> s<60> l<7:5> el<7:27>
              n<> u<47> t<Parameter_declaration> p<48> c<37> l<7:5> el<7:27>
                n<> u<37> t<Data_type_or_implicit> p<47> s<46> l<7:15> el<7:15>
                n<> u<46> t<Param_assignment_list> p<47> c<45> l<7:15> el<7:27>
                  n<> u<45> t<Param_assignment> p<46> c<38> l<7:15> el<7:27>
                    n<width_a> u<38> t<SIMPLE_IDENTIFIER> p<45> s<44> l<7:15> el<7:22>
                    n<> u<44> t<Constant_param_expression> p<45> c<43> l<7:25> el<7:27>
                      n<> u<43> t<Constant_mintypmax_expression> p<44> c<42> l<7:25> el<7:27>
                        n<> u<42> t<Constant_expression> p<43> c<41> l<7:25> el<7:27>
                          n<> u<41> t<Constant_primary> p<42> c<40> l<7:25> el<7:27>
                            n<> u<40> t<Primary_literal> p<41> c<39> l<7:25> el<7:27>
                              n<10> u<39> t<INTEGRAL_NUMBER> p<40> l<7:25> el<7:27>
            n<> u<60> t<Parameter_port_declaration> p<61> c<59> l<8:5> el<8:32>
              n<> u<59> t<Parameter_declaration> p<60> c<49> l<8:5> el<8:32>
                n<> u<49> t<Data_type_or_implicit> p<59> s<58> l<8:15> el<8:15>
                n<> u<58> t<Param_assignment_list> p<59> c<57> l<8:15> el<8:32>
                  n<> u<57> t<Param_assignment> p<58> c<50> l<8:15> el<8:32>
                    n<width_b> u<50> t<SIMPLE_IDENTIFIER> p<57> s<56> l<8:15> el<8:22>
                    n<> u<56> t<Constant_param_expression> p<57> c<55> l<8:25> el<8:32>
                      n<> u<55> t<Constant_mintypmax_expression> p<56> c<54> l<8:25> el<8:32>
                        n<> u<54> t<Constant_expression> p<55> c<53> l<8:25> el<8:32>
                          n<> u<53> t<Constant_primary> p<54> c<52> l<8:25> el<8:32>
                            n<> u<52> t<Primary_literal> p<53> c<51> l<8:25> el<8:32>
                              n<width_a> u<51> t<SIMPLE_IDENTIFIER> p<52> l<8:25> el<8:32>
        n<> u<71> t<Non_port_module_item> p<101> c<70> s<85> l<10:5> el<10:23>
          n<> u<70> t<Module_or_generate_item> p<71> c<69> l<10:5> el<10:23>
            n<> u<69> t<Module_instantiation> p<70> c<63> l<10:5> el<10:23>
              n<fifo> u<63> t<SIMPLE_IDENTIFIER> p<69> s<68> l<10:5> el<10:9>
              n<> u<68> t<Hierarchical_instance> p<69> c<65> l<10:10> el<10:22>
                n<> u<65> t<Name_of_instance> p<68> c<64> s<67> l<10:10> el<10:19>
                  n<fifo_inst> u<64> t<SIMPLE_IDENTIFIER> p<65> l<10:10> el<10:19>
                n<> u<67> t<Port_connection_list> p<68> c<66> l<10:21> el<10:21>
                  n<> u<66> t<Ordered_port_connection> p<67> l<10:21> el<10:21>
        n<> u<85> t<Non_port_module_item> p<101> c<84> s<99> l<11:5> el<11:41>
          n<> u<84> t<Module_or_generate_item> p<85> c<83> l<11:5> el<11:41>
            n<> u<83> t<Parameter_override> p<84> c<82> l<11:5> el<11:41>
              n<> u<82> t<Defparam_assignment_list> p<83> c<81> l<11:14> el<11:40>
                n<> u<81> t<Defparam_assignment> p<82> c<75> l<11:14> el<11:40>
                  n<> u<75> t<Hierarchical_identifier> p<81> c<72> s<80> l<11:14> el<11:30>
                    n<fifo_inst> u<72> t<SIMPLE_IDENTIFIER> p<75> s<73> l<11:14> el<11:23>
                    n<> u<73> t<Constant_bit_select> p<75> s<74> l<11:23> el<11:23>
                    n<width1> u<74> t<SIMPLE_IDENTIFIER> p<75> l<11:24> el<11:30>
                  n<> u<80> t<Constant_mintypmax_expression> p<81> c<79> l<11:33> el<11:40>
                    n<> u<79> t<Constant_expression> p<80> c<78> l<11:33> el<11:40>
                      n<> u<78> t<Constant_primary> p<79> c<77> l<11:33> el<11:40>
                        n<> u<77> t<Primary_literal> p<78> c<76> l<11:33> el<11:40>
                          n<width_a> u<76> t<SIMPLE_IDENTIFIER> p<77> l<11:33> el<11:40>
        n<> u<99> t<Non_port_module_item> p<101> c<98> s<100> l<12:5> el<12:41>
          n<> u<98> t<Module_or_generate_item> p<99> c<97> l<12:5> el<12:41>
            n<> u<97> t<Parameter_override> p<98> c<96> l<12:5> el<12:41>
              n<> u<96> t<Defparam_assignment_list> p<97> c<95> l<12:14> el<12:40>
                n<> u<95> t<Defparam_assignment> p<96> c<89> l<12:14> el<12:40>
                  n<> u<89> t<Hierarchical_identifier> p<95> c<86> s<94> l<12:14> el<12:30>
                    n<fifo_inst> u<86> t<SIMPLE_IDENTIFIER> p<89> s<87> l<12:14> el<12:23>
                    n<> u<87> t<Constant_bit_select> p<89> s<88> l<12:23> el<12:23>
                    n<width2> u<88> t<SIMPLE_IDENTIFIER> p<89> l<12:24> el<12:30>
                  n<> u<94> t<Constant_mintypmax_expression> p<95> c<93> l<12:33> el<12:40>
                    n<> u<93> t<Constant_expression> p<94> c<92> l<12:33> el<12:40>
                      n<> u<92> t<Constant_primary> p<93> c<91> l<12:33> el<12:40>
                        n<> u<91> t<Primary_literal> p<92> c<90> l<12:33> el<12:40>
                          n<width_b> u<90> t<SIMPLE_IDENTIFIER> p<91> l<12:33> el<12:40>
        n<> u<100> t<ENDMODULE> p<101> l<13:1> el<13:10>
AST_DEBUG_END
[INF:CP0303] $Source01/dut.sv:1:1: Compile module "work@fifo".
[INF:CP0303] $Source01/dut.sv:6:1: Compile module "work@top".
[WRN:PA0205] $Source01/dut.sv:1:1: No timescale set for "work@fifo".
[WRN:PA0205] $Source01/dut.sv:6:1: No timescale set for "work@top".
[ERR:EL0535] $Source01/dut.sv:11:24: Illegal implicit net "id:49, name:width1".
[ERR:EL0535] $Source01/dut.sv:12:24: Illegal implicit net "id:54, name:width2".
====== UHDM =======
Design name:unnamed:
  vpiName: unnamed
  vpiSourceFile (1 items):
    SourceFile name:dut.sv file:$Source01/dut.sv:
      vpiParent: Design name:unnamed
      vpiName: dut.sv
      vpiPreprocFile: "$Output/lib/work/dut.sv"
      vpiDefNetType: none (12)
  vpiAllModules (2 items):
    Module name:work@fifo file:$Source01/dut.sv start:1:1 end:5:10:
      vpiParent: Design name:unnamed
      vpiName Identifier name:work@fifo start:1:8 end:1:12:
        vpiParent: Module name:work@fifo
        vpiName: work@fifo
      vpiFullName: work@fifo
      vpiParameter (2 items):
        Parameter name:width1 start:2:15 end:2:21:
          vpiParent: Module name:work@fifo
          vpiTypespec RefTypespec start:2:15 end:2:15:
            vpiParent: Parameter name:width1
            vpiFullName: work@fifo.width1
            vpiActual: LogicTypespec
          vpiName: width1
          vpiFullName: work@fifo.width1
        Parameter name:width2 start:3:15 end:3:21:
          vpiParent: Module name:work@fifo
          vpiTypespec RefTypespec start:3:15 end:3:15:
            vpiParent: Parameter name:width2
            vpiFullName: work@fifo.width2
            vpiActual: LogicTypespec
          vpiName: width2
          vpiFullName: work@fifo.width2
      vpiParamAssign (2 items):
        ParamAssign start:2:15 end:2:25:
          vpiParent: Module name:work@fifo
          vpiLhs RefObj name:width1 start:2:15 end:2:21:
            vpiParent: ParamAssign
            vpiName: width1
            vpiFullName: work@fifo.width1
            vpiActual: Parameter name:width1
          vpiRhs Constant start:2:24 end:2:25:
            vpiParent: ParamAssign
            vpiTypespec RefTypespec:
              vpiParent: Constant
              vpiFullName: work@fifo
              vpiActual: IntTypespec
            vpiConstType: unsigned int (9)
            vpiSize: 64
            vpiDecompile: "9"
            vpiValue: 9
        ParamAssign start:3:15 end:3:25:
          vpiParent: Module name:work@fifo
          vpiLhs RefObj name:width2 start:3:15 end:3:21:
            vpiParent: ParamAssign
            vpiName: width2
            vpiFullName: work@fifo.width2
            vpiActual: Parameter name:width2
          vpiRhs Constant start:3:24 end:3:25:
            vpiParent: ParamAssign
            vpiTypespec RefTypespec:
              vpiParent: Constant
              vpiFullName: work@fifo
              vpiActual: IntTypespec
            vpiConstType: unsigned int (9)
            vpiSize: 64
            vpiDecompile: "8"
            vpiValue: 8
      vpiTypespec (1 items):
        LogicTypespec:
          vpiParent: Module name:work@fifo
      vpiDefName: work@fifo
      vpiDefNetType: none (12)
      vpiLibrary RefObj name:work:
        vpiParent: Module name:work@fifo
        vpiName: work
        vpiFullName: work@fifo.work
      vpiCell: fifo
    Module name:work@top file:$Source01/dut.sv start:6:1 end:13:10:
      vpiParent: Design name:unnamed
      vpiName Identifier name:work@top start:6:8 end:6:11:
        vpiParent: Module name:work@top
        vpiName: work@top
      vpiFullName: work@top
      vpiParameter (2 items):
        Parameter name:width_a start:7:15 end:7:22:
          vpiParent: Module name:work@top
          vpiTypespec RefTypespec start:7:15 end:7:15:
            vpiParent: Parameter name:width_a
            vpiFullName: work@top.width_a
            vpiActual: LogicTypespec
          vpiName: width_a
          vpiFullName: work@top.width_a
        Parameter name:width_b start:8:15 end:8:22:
          vpiParent: Module name:work@top
          vpiTypespec RefTypespec start:8:15 end:8:15:
            vpiParent: Parameter name:width_b
            vpiFullName: work@top.width_b
            vpiActual: LogicTypespec
          vpiName: width_b
          vpiFullName: work@top.width_b
      vpiParamAssign (2 items):
        ParamAssign start:7:15 end:7:27:
          vpiParent: Module name:work@top
          vpiLhs RefObj name:width_a start:7:15 end:7:22:
            vpiParent: ParamAssign
            vpiName: width_a
            vpiFullName: work@top.width_a
            vpiActual: Parameter name:width_a
          vpiRhs Constant start:7:25 end:7:27:
            vpiParent: ParamAssign
            vpiTypespec RefTypespec:
              vpiParent: Constant
              vpiFullName: work@top
              vpiActual: IntTypespec
            vpiConstType: unsigned int (9)
            vpiSize: 64
            vpiDecompile: "10"
            vpiValue: 10
        ParamAssign start:8:15 end:8:32:
          vpiParent: Module name:work@top
          vpiLhs RefObj name:width_b start:8:15 end:8:22:
            vpiParent: ParamAssign
            vpiName: width_b
            vpiFullName: work@top.width_b
            vpiActual: Parameter name:width_b
          vpiRhs RefObj name:width_a start:8:25 end:8:32:
            vpiParent: ParamAssign
            vpiName: width_a
            vpiFullName: work@top.width_a
            vpiActual: Parameter name:width_a
      vpiTypespec (2 items):
        LogicTypespec:
          vpiParent: Module name:work@top
        ModuleTypespec name:work@fifo start:10:5 end:10:9:
          vpiParent: Module name:work@top
          vpiName Identifier name:work@fifo start:10:5 end:10:9:
            vpiParent: ModuleTypespec name:work@fifo
            vpiName: work@fifo
      vpiDefName: work@top
      vpiDefNetType: none (12)
      vpiLibrary RefObj name:work:
        vpiParent: Module name:work@top
        vpiName: work
        vpiFullName: work@top.work
      vpiCell: top
      vpiDefParam (2 items):
        DefParam start:11:14 end:11:40:
          vpiParent: Module name:work@top
          vpiLhs HierPath name:fifo_inst.width1 start:11:14 end:11:30:
            vpiParent: DefParam
            vpiName: fifo_inst.width1
            vpiFullName: work@top.fifo_inst.width1
            vpiPathElem (2 items):
              RefObj name:fifo_inst start:11:14 end:11:23:
                vpiParent: HierPath name:fifo_inst.width1
                vpiName: fifo_inst
                vpiFullName: work@top.fifo_inst
                vpiActual: RefInstance name:fifo_inst
              RefObj name:width1 start:11:24 end:11:30:
                vpiParent: HierPath name:fifo_inst.width1
                vpiName: width1
                vpiFullName: work@top.width1
          vpiRhs RefObj name:width_a start:11:33 end:11:40:
            vpiParent: DefParam
            vpiName: width_a
            vpiFullName: work@top.width_a
            vpiActual: Parameter name:width_a
        DefParam start:12:14 end:12:40:
          vpiParent: Module name:work@top
          vpiLhs HierPath name:fifo_inst.width2 start:12:14 end:12:30:
            vpiParent: DefParam
            vpiName: fifo_inst.width2
            vpiFullName: work@top.fifo_inst.width2
            vpiPathElem (2 items):
              RefObj name:fifo_inst start:12:14 end:12:23:
                vpiParent: HierPath name:fifo_inst.width2
                vpiName: fifo_inst
                vpiFullName: work@top.fifo_inst
                vpiActual: RefInstance name:fifo_inst
              RefObj name:width2 start:12:24 end:12:30:
                vpiParent: HierPath name:fifo_inst.width2
                vpiName: width2
                vpiFullName: work@top.width2
          vpiRhs RefObj name:width_b start:12:33 end:12:40:
            vpiParent: DefParam
            vpiName: width_b
            vpiFullName: work@top.width_b
            vpiActual: Parameter name:width_b
      vpiRefInstance (1 items):
        RefInstance name:fifo_inst start:10:10 end:10:19:
          vpiParent: Module name:work@top
          vpiName: fifo_inst
          vpiTypespec RefTypespec name:work@fifo start:10:5 end:10:9:
            vpiParent: RefInstance name:fifo_inst
            vpiName: work@fifo
            vpiFullName: work@top.fifo_inst.work@fifo
            vpiActual: ModuleTypespec name:work@fifo
  vpiTypespec (3 items):
    ModuleTypespec name:work@fifo:
      vpiParent: Design name:unnamed
      vpiName Identifier name:work@fifo start:1:8 end:1:12:
        vpiParent: ModuleTypespec name:work@fifo
        vpiName: work@fifo
      vpiModule: Module name:work@fifo
    IntTypespec:
      vpiParent: Design name:unnamed
      vpiSigned: true
    ModuleTypespec name:work@top:
      vpiParent: Design name:unnamed
      vpiName Identifier name:work@top start:6:8 end:6:11:
        vpiParent: ModuleTypespec name:work@top
        vpiName: work@top
      vpiModule: Module name:work@top
===================

[  FATAL] : 0
[ SYNTAX] : 0
[  ERROR] : 2
[WARNING] : 2
[   NOTE] : 0

#**#**#**#**#**#**#**#**#**#**#**#**#**#**#**#**#**#**#**#**#**#**#**#**#**#**#**#**#**#**#**#**#**#**#**#**#**#**#**#**

Environment:
      test-name: DefParamFromParam/DefParamFromParam
   test-dirpath: ${SURELOG_DIR}/regression/DefParamFromParam/DefParamFromParam
  uhdm-filepath: ${SURELOG_DIR}/regression/DefParamFromParam/DefParamFromParam/surelog.uhdm
mounts-filepath: ${SURELOG_DIR}/regression/DefParamFromParam/DefParamFromParam/mounts.json


{'result': {'coverage': 100.0,
            'error_count': 0,
            'file_count': 1,
            'files': {'$Output/lib/work/dut.sv': {'post_len': 0,
                                                  'pre_len': 230}},
            'post_len': 0,
            'pre_len': 230,
            'test_name': 'DefParamFromParam/DefParamFromParam'}}

+-------------------------+----------+-----------+
| INPUT                   |   PRELEN |   POSTLEN |
+=========================+==========+===========+
| $Output/lib/work/dut.sv |      230 |         0 |
+=========================+==========+===========+
|                         |      230 |         0 |
+-------------------------+----------+-----------+

[   ERROR] : 0
[COVERAGE] : 100.0


#**#**#**#**#**#**#**#**#**#**#**#**#**#**#**#**#**#**#**#**#**#**#**#**#**#**#**#**#**#**#**#**#**#**#**#**#**#**#**#**

COMMAND: ${SURELOG_DIR}/regression/DefParamFromParam/DefParamFromParam/surelog.uhdm ${SURELOG_DIR}/regression/DefParamFromParam/DefParamFromParam/reduced.uhdm

==================== BEGIN REDUCTION RESULT ====================
Name                            Before   After   Added   Removed
----------------------------------------------------------------
----------------------------------------------------------------
Others                              52      52       0         0
----------------------------------------------------------------
                                    52      52       0         0
===================== END REDUCTION RESULT =====================
