********************************************************************************
*                   Begin HLC SystemVerilog Compiler/Linter                    *
********************************************************************************
Copyright (c) 2020 Apotell,
http://www.apache.org/licenses/LICENSE-2.0
VERSION: 1.84
COMMAND: -wd ../../../tests/Verilator +incdir+. -nobuiltin -timescale=1ns/1ns -d ast -d db t_math_signed_wire.v -mt 0 -d dbstats -d cache -writepp -d db -nostdout -o ${HLC_DIR}/regression/Verilator/t_math_signed_wire
[INF:CM5022] Creating log file "$Output/hlc.log".
[INF:PP5223] Preprocessing source file "$Source01/t_math_signed_wire.v".
[INF:PA5502] Parsing source file "$Source01/t_math_signed_wire.v".
AST_DEBUG_BEGIN
Count: 445
LIB: work
FILE<0>:$Source01/t_math_signed_wire.v
n<$Source01/t_math_signed_wire.v> u<444> t<Top_level_rule> c<1> l<7:1> el<54:1>
  n<> u<1> t<Null_rule> p<444> s<2> l<7:1> el<7:1>
  n<// DESCRIPTION: Verilator: Verilog Test module> u<2> t<LINE_COMMENT> p<444> s<3> l<1:1> el<1:47>
  n<//> u<3> t<LINE_COMMENT> p<444> s<4> l<2:1> el<2:3>
  n<// This file ONLY is placed into the Public Domain, for any use,> u<4> t<LINE_COMMENT> p<444> s<5> l<3:1> el<3:65>
  n<// without warranty, 2012 by Wilson Snyder.> u<5> t<LINE_COMMENT> p<444> s<6> l<4:1> el<4:44>
  n<// bug511> u<6> t<LINE_COMMENT> p<444> s<443> l<6:1> el<6:10>
  n<> u<443> t<Source_text> p<444> c<191> l<7:1> el<53:10>
    n<> u<191> t<Description> p<443> c<190> s<316> l<7:1> el<30:10>
      n<> u<190> t<Module_declaration> p<191> c<19> l<7:1> el<30:10>
        n<> u<19> t<Module_nonansi_header> p<190> c<7> s<26> l<7:1> el<10:6>
          n<module> u<7> t<MODULE> p<19> s<8> l<7:1> el<7:7>
          n<t> u<8> t<SIMPLE_IDENTIFIER> p<19> s<9> l<7:8> el<7:9>
          n<> u<9> t<Package_import_declaration_list> p<19> s<10> l<7:10> el<7:10>
          n</*AUTOARG*/> u<10> t<BLOCK_COMMENT> p<19> s<11> l<7:10> el<10:5>
          n<// Inputs> u<11> t<LINE_COMMENT> p<19> s<18> l<8:4> el<8:13>
          n<> u<18> t<Port_list> p<19> c<17> l<7:10> el<10:5>
            n<> u<17> t<Port> p<18> c<16> l<9:4> el<9:7>
              n<> u<16> t<Port_expression> p<17> c<15> l<9:4> el<9:7>
                n<> u<15> t<Port_reference> p<16> c<12> l<9:4> el<9:7>
                  n<clk> u<12> t<SIMPLE_IDENTIFIER> p<15> s<14> l<9:4> el<9:7>
                  n<> u<14> t<Constant_select> p<15> c<13> l<10:4> el<10:4>
                    n<> u<13> t<Constant_bit_select> p<14> l<10:4> el<10:4>
        n<> u<26> t<Module_item> p<190> c<25> s<48> l<11:4> el<11:14>
          n<> u<25> t<Port_declaration> p<26> c<24> l<11:4> el<11:13>
            n<> u<24> t<Input_declaration> p<25> c<21> l<11:4> el<11:13>
              n<> u<21> t<Net_port_type> p<24> c<20> s<23> l<11:10> el<11:10>
                n<> u<20> t<Data_type_or_implicit> p<21> l<11:10> el<11:10>
              n<> u<23> t<Port_identifier_list> p<24> c<22> l<11:10> el<11:13>
                n<clk> u<22> t<SIMPLE_IDENTIFIER> p<23> l<11:10> el<11:13>
        n<> u<48> t<Module_item> p<190> c<47> s<70> l<13:4> el<13:18>
          n<> u<47> t<Non_port_module_item> p<48> c<46> l<13:4> el<13:18>
            n<> u<46> t<Module_or_generate_item> p<47> c<45> l<13:4> el<13:18>
              n<> u<45> t<Module_common_item> p<46> c<44> l<13:4> el<13:18>
                n<> u<44> t<Module_or_generate_item_declaration> p<45> c<43> l<13:4> el<13:18>
                  n<> u<43> t<Package_or_generate_item_declaration> p<44> c<42> l<13:4> el<13:18>
                    n<> u<42> t<Net_declaration> p<43> c<27> l<13:4> el<13:18>
                      n<> u<27> t<WIRE> p<42> s<38> l<13:4> el<13:8>
                      n<> u<38> t<Data_type_or_implicit> p<42> c<37> s<41> l<13:9> el<13:14>
                        n<> u<37> t<Packed_dimension> p<38> c<36> l<13:9> el<13:14>
                          n<> u<36> t<Constant_range> p<37> c<31> l<13:10> el<13:13>
                            n<> u<31> t<Constant_expression> p<36> c<30> s<35> l<13:10> el<13:11>
                              n<> u<30> t<Constant_primary> p<31> c<29> l<13:10> el<13:11>
                                n<> u<29> t<Primary_literal> p<30> c<28> l<13:10> el<13:11>
                                  n<7> u<28> t<INTEGRAL_NUMBER> p<29> l<13:10> el<13:11>
                            n<> u<35> t<Constant_expression> p<36> c<34> l<13:12> el<13:13>
                              n<> u<34> t<Constant_primary> p<35> c<33> l<13:12> el<13:13>
                                n<> u<33> t<Primary_literal> p<34> c<32> l<13:12> el<13:13>
                                  n<0> u<32> t<INTEGRAL_NUMBER> p<33> l<13:12> el<13:13>
                      n<> u<41> t<Net_decl_assignment_list> p<42> c<40> l<13:15> el<13:17>
                        n<> u<40> t<Net_decl_assignment> p<41> c<39> l<13:15> el<13:17>
                          n<au> u<39> t<SIMPLE_IDENTIFIER> p<40> l<13:15> el<13:17>
        n<> u<70> t<Module_item> p<190> c<69> s<81> l<14:4> el<14:18>
          n<> u<69> t<Non_port_module_item> p<70> c<68> l<14:4> el<14:18>
            n<> u<68> t<Module_or_generate_item> p<69> c<67> l<14:4> el<14:18>
              n<> u<67> t<Module_common_item> p<68> c<66> l<14:4> el<14:18>
                n<> u<66> t<Module_or_generate_item_declaration> p<67> c<65> l<14:4> el<14:18>
                  n<> u<65> t<Package_or_generate_item_declaration> p<66> c<64> l<14:4> el<14:18>
                    n<> u<64> t<Net_declaration> p<65> c<49> l<14:4> el<14:18>
                      n<> u<49> t<WIRE> p<64> s<60> l<14:4> el<14:8>
                      n<> u<60> t<Data_type_or_implicit> p<64> c<59> s<63> l<14:9> el<14:14>
                        n<> u<59> t<Packed_dimension> p<60> c<58> l<14:9> el<14:14>
                          n<> u<58> t<Constant_range> p<59> c<53> l<14:10> el<14:13>
                            n<> u<53> t<Constant_expression> p<58> c<52> s<57> l<14:10> el<14:11>
                              n<> u<52> t<Constant_primary> p<53> c<51> l<14:10> el<14:11>
                                n<> u<51> t<Primary_literal> p<52> c<50> l<14:10> el<14:11>
                                  n<7> u<50> t<INTEGRAL_NUMBER> p<51> l<14:10> el<14:11>
                            n<> u<57> t<Constant_expression> p<58> c<56> l<14:12> el<14:13>
                              n<> u<56> t<Constant_primary> p<57> c<55> l<14:12> el<14:13>
                                n<> u<55> t<Primary_literal> p<56> c<54> l<14:12> el<14:13>
                                  n<0> u<54> t<INTEGRAL_NUMBER> p<55> l<14:12> el<14:13>
                      n<> u<63> t<Net_decl_assignment_list> p<64> c<62> l<14:15> el<14:17>
                        n<> u<62> t<Net_decl_assignment> p<63> c<61> l<14:15> el<14:17>
                          n<as> u<61> t<SIMPLE_IDENTIFIER> p<62> l<14:15> el<14:17>
        n<> u<81> t<Module_item> p<190> c<80> s<92> l<16:4> el<16:22>
          n<> u<80> t<Non_port_module_item> p<81> c<79> l<16:4> el<16:22>
            n<> u<79> t<Module_or_generate_item> p<80> c<78> l<16:4> el<16:22>
              n<> u<78> t<Module_instantiation> p<79> c<71> l<16:4> el<16:22>
                n<Test1> u<71> t<SIMPLE_IDENTIFIER> p<78> s<77> l<16:4> el<16:9>
                n<> u<77> t<Hierarchical_instance> p<78> c<73> l<16:10> el<16:21>
                  n<> u<73> t<Name_of_instance> p<77> c<72> s<76> l<16:10> el<16:15>
                    n<test1> u<72> t<SIMPLE_IDENTIFIER> p<73> l<16:10> el<16:15>
                  n<> u<76> t<Port_connection_list> p<77> c<75> l<16:17> el<16:20>
                    n<> u<75> t<Named_port_connection> p<76> c<74> l<16:17> el<16:20>
                      n<au> u<74> t<SIMPLE_IDENTIFIER> p<75> l<16:18> el<16:20>
        n<> u<92> t<Module_item> p<190> c<91> s<93> l<17:4> el<17:22>
          n<> u<91> t<Non_port_module_item> p<92> c<90> l<17:4> el<17:22>
            n<> u<90> t<Module_or_generate_item> p<91> c<89> l<17:4> el<17:22>
              n<> u<89> t<Module_instantiation> p<90> c<82> l<17:4> el<17:22>
                n<Test2> u<82> t<SIMPLE_IDENTIFIER> p<89> s<88> l<17:4> el<17:9>
                n<> u<88> t<Hierarchical_instance> p<89> c<84> l<17:10> el<17:21>
                  n<> u<84> t<Name_of_instance> p<88> c<83> s<87> l<17:10> el<17:15>
                    n<test2> u<83> t<SIMPLE_IDENTIFIER> p<84> l<17:10> el<17:15>
                  n<> u<87> t<Port_connection_list> p<88> c<86> l<17:17> el<17:20>
                    n<> u<86> t<Named_port_connection> p<87> c<85> l<17:17> el<17:20>
                      n<as> u<85> t<SIMPLE_IDENTIFIER> p<86> l<17:18> el<17:20>
        n<// Test loop> u<93> t<LINE_COMMENT> p<190> s<188> l<19:4> el<19:16>
        n<> u<188> t<Module_item> p<190> c<187> s<189> l<20:4> el<28:7>
          n<> u<187> t<Non_port_module_item> p<188> c<186> l<20:4> el<28:7>
            n<> u<186> t<Module_or_generate_item> p<187> c<185> l<20:4> el<28:7>
              n<> u<185> t<Module_common_item> p<186> c<184> l<20:4> el<28:7>
                n<> u<184> t<Always_construct> p<185> c<94> l<20:4> el<28:7>
                  n<> u<94> t<ALWAYS> p<184> s<183> l<20:4> el<20:10>
                  n<> u<183> t<Statement> p<184> c<182> l<20:11> el<28:7>
                    n<> u<182> t<Statement_item> p<183> c<181> l<20:11> el<28:7>
                      n<> u<181> t<Procedural_timing_control_statement> p<182> c<102> l<20:11> el<28:7>
                        n<> u<102> t<Procedural_timing_control> p<181> c<101> s<180> l<20:11> el<20:26>
                          n<> u<101> t<Event_control> p<102> c<100> l<20:11> el<20:26>
                            n<> u<100> t<Event_expression> p<101> c<95> l<20:14> el<20:25>
                              n<> u<95> t<POSEDGE> p<100> s<99> l<20:14> el<20:21>
                              n<> u<99> t<Expression> p<100> c<98> l<20:22> el<20:25>
                                n<> u<98> t<Primary> p<99> c<97> l<20:22> el<20:25>
                                  n<> u<97> t<Primary_literal> p<98> c<96> l<20:22> el<20:25>
                                    n<clk> u<96> t<SIMPLE_IDENTIFIER> p<97> l<20:22> el<20:25>
                        n<> u<180> t<Statement_or_null> p<181> c<179> l<20:27> el<28:7>
                          n<> u<179> t<Statement> p<180> c<178> l<20:27> el<28:7>
                            n<> u<178> t<Statement_item> p<179> c<177> l<20:27> el<28:7>
                              n<> u<177> t<Seq_block> p<178> c<127> l<20:27> el<28:7>
                                n<> u<127> t<Statement_or_null> p<177> c<126> s<152> l<24:7> el<24:29>
                                  n<> u<126> t<Statement> p<127> c<125> l<24:7> el<24:29>
                                    n<> u<125> t<Statement_item> p<126> c<124> l<24:7> el<24:29>
                                      n<> u<124> t<Conditional_statement> p<125> c<114> l<24:7> el<24:29>
                                        n<> u<114> t<Cond_predicate> p<124> c<113> s<123> l<24:11> el<24:21>
                                          n<> u<113> t<Expression_or_cond_pattern> p<114> c<112> l<24:11> el<24:21>
                                            n<> u<112> t<Expression> p<113> c<106> l<24:11> el<24:21>
                                              n<> u<106> t<Expression> p<112> c<105> s<111> l<24:11> el<24:13>
                                                n<> u<105> t<Primary> p<106> c<104> l<24:11> el<24:13>
                                                  n<> u<104> t<Primary_literal> p<105> c<103> l<24:11> el<24:13>
                                                    n<au> u<103> t<SIMPLE_IDENTIFIER> p<104> l<24:11> el<24:13>
                                              n<> u<111> t<NOTEQUAL> p<112> s<110> l<24:14> el<24:16>
                                              n<> u<110> t<Expression> p<112> c<109> l<24:17> el<24:21>
                                                n<> u<109> t<Primary> p<110> c<108> l<24:17> el<24:21>
                                                  n<> u<108> t<Primary_literal> p<109> c<107> l<24:17> el<24:21>
                                                    n<'h12> u<107> t<INTEGRAL_NUMBER> p<108> l<24:17> el<24:21>
                                        n<> u<123> t<Statement_or_null> p<124> c<122> l<24:23> el<24:29>
                                          n<> u<122> t<Statement> p<123> c<121> l<24:23> el<24:29>
                                            n<> u<121> t<Statement_item> p<122> c<120> l<24:23> el<24:29>
                                              n<> u<120> t<Subroutine_call_statement> p<121> c<119> l<24:23> el<24:29>
                                                n<> u<119> t<Subroutine_call> p<120> c<115> l<24:23> el<24:28>
                                                  n<$> u<115> t<DOLLAR> p<119> s<116> l<24:23> el<24:24>
                                                  n<stop> u<116> t<SIMPLE_IDENTIFIER> p<119> s<118> l<24:24> el<24:28>
                                                  n<> u<118> t<Select> p<119> c<117> l<24:28> el<24:28>
                                                    n<> u<117> t<Bit_select> p<118> l<24:28> el<24:28>
                                n<> u<152> t<Statement_or_null> p<177> c<151> s<166> l<25:7> el<25:29>
                                  n<> u<151> t<Statement> p<152> c<150> l<25:7> el<25:29>
                                    n<> u<150> t<Statement_item> p<151> c<149> l<25:7> el<25:29>
                                      n<> u<149> t<Conditional_statement> p<150> c<139> l<25:7> el<25:29>
                                        n<> u<139> t<Cond_predicate> p<149> c<138> s<148> l<25:11> el<25:21>
                                          n<> u<138> t<Expression_or_cond_pattern> p<139> c<137> l<25:11> el<25:21>
                                            n<> u<137> t<Expression> p<138> c<131> l<25:11> el<25:21>
                                              n<> u<131> t<Expression> p<137> c<130> s<136> l<25:11> el<25:13>
                                                n<> u<130> t<Primary> p<131> c<129> l<25:11> el<25:13>
                                                  n<> u<129> t<Primary_literal> p<130> c<128> l<25:11> el<25:13>
                                                    n<as> u<128> t<SIMPLE_IDENTIFIER> p<129> l<25:11> el<25:13>
                                              n<> u<136> t<NOTEQUAL> p<137> s<135> l<25:14> el<25:16>
                                              n<> u<135> t<Expression> p<137> c<134> l<25:17> el<25:21>
                                                n<> u<134> t<Primary> p<135> c<133> l<25:17> el<25:21>
                                                  n<> u<133> t<Primary_literal> p<134> c<132> l<25:17> el<25:21>
                                                    n<'h02> u<132> t<INTEGRAL_NUMBER> p<133> l<25:17> el<25:21>
                                        n<> u<148> t<Statement_or_null> p<149> c<147> l<25:23> el<25:29>
                                          n<> u<147> t<Statement> p<148> c<146> l<25:23> el<25:29>
                                            n<> u<146> t<Statement_item> p<147> c<145> l<25:23> el<25:29>
                                              n<> u<145> t<Subroutine_call_statement> p<146> c<144> l<25:23> el<25:29>
                                                n<> u<144> t<Subroutine_call> p<145> c<140> l<25:23> el<25:28>
                                                  n<$> u<140> t<DOLLAR> p<144> s<141> l<25:23> el<25:24>
                                                  n<stop> u<141> t<SIMPLE_IDENTIFIER> p<144> s<143> l<25:24> el<25:28>
                                                  n<> u<143> t<Select> p<144> c<142> l<25:28> el<25:28>
                                                    n<> u<142> t<Bit_select> p<143> l<25:28> el<25:28>
                                n<> u<166> t<Statement_or_null> p<177> c<165> s<175> l<26:7> el<26:40>
                                  n<> u<165> t<Statement> p<166> c<164> l<26:7> el<26:40>
                                    n<> u<164> t<Statement_item> p<165> c<163> l<26:7> el<26:40>
                                      n<> u<163> t<Subroutine_call_statement> p<164> c<162> l<26:7> el<26:40>
                                        n<> u<162> t<Subroutine_call> p<163> c<153> l<26:7> el<26:39>
                                          n<$> u<153> t<DOLLAR> p<162> s<154> l<26:7> el<26:8>
                                          n<write> u<154> t<SIMPLE_IDENTIFIER> p<162> s<160> l<26:8> el<26:13>
                                          n<> u<160> t<OPEN_PARENS> p<162> s<159> l<26:13> el<26:14>
                                          n<> u<159> t<Argument_list> p<162> c<158> s<161> l<26:14> el<26:38>
                                            n<> u<158> t<Expression> p<159> c<157> l<26:14> el<26:38>
                                              n<> u<157> t<Primary> p<158> c<156> l<26:14> el<26:38>
                                                n<> u<156> t<Primary_literal> p<157> c<155> l<26:14> el<26:38>
                                                  n<"*-* All Finished *-*\n"> u<155> t<QUOTED_STRING> p<156> l<26:14> el<26:38>
                                          n<> u<161> t<CLOSE_PARENS> p<162> l<26:38> el<26:39>
                                n<> u<175> t<Statement_or_null> p<177> c<174> s<176> l<27:7> el<27:15>
                                  n<> u<174> t<Statement> p<175> c<173> l<27:7> el<27:15>
                                    n<> u<173> t<Statement_item> p<174> c<172> l<27:7> el<27:15>
                                      n<> u<172> t<Subroutine_call_statement> p<173> c<171> l<27:7> el<27:15>
                                        n<> u<171> t<Subroutine_call> p<172> c<167> l<27:7> el<27:14>
                                          n<$> u<167> t<DOLLAR> p<171> s<168> l<27:7> el<27:8>
                                          n<finish> u<168> t<SIMPLE_IDENTIFIER> p<171> s<170> l<27:8> el<27:14>
                                          n<> u<170> t<Select> p<171> c<169> l<27:14> el<27:14>
                                            n<> u<169> t<Bit_select> p<170> l<27:14> el<27:14>
                                n<> u<176> t<END> p<177> l<28:4> el<28:7>
        n<> u<189> t<ENDMODULE> p<190> l<30:1> el<30:10>
    n<> u<316> t<Description> p<443> c<315> s<442> l<32:1> el<41:10>
      n<> u<315> t<Module_declaration> p<316> c<212> l<32:1> el<41:10>
        n<> u<212> t<Module_ansi_header> p<315> c<192> s<233> l<32:1> el<32:32>
          n<module> u<192> t<MODULE> p<212> s<193> l<32:1> el<32:7>
          n<Test1> u<193> t<SIMPLE_IDENTIFIER> p<212> s<194> l<32:8> el<32:13>
          n<> u<194> t<Package_import_declaration_list> p<212> s<211> l<32:14> el<32:14>
          n<> u<211> t<Port_declaration_list> p<212> c<210> l<32:14> el<32:31>
            n<> u<210> t<Ansi_port_declaration> p<211> c<208> l<32:15> el<32:30>
              n<> u<208> t<Net_port_header> p<210> c<195> s<209> l<32:15> el<32:27>
                n<> u<195> t<OUTPUT> p<208> s<207> l<32:15> el<32:21>
                n<> u<207> t<Net_port_type> p<208> c<206> l<32:22> el<32:27>
                  n<> u<206> t<Data_type_or_implicit> p<207> c<205> l<32:22> el<32:27>
                    n<> u<205> t<Packed_dimension> p<206> c<204> l<32:22> el<32:27>
                      n<> u<204> t<Constant_range> p<205> c<199> l<32:23> el<32:26>
                        n<> u<199> t<Constant_expression> p<204> c<198> s<203> l<32:23> el<32:24>
                          n<> u<198> t<Constant_primary> p<199> c<197> l<32:23> el<32:24>
                            n<> u<197> t<Primary_literal> p<198> c<196> l<32:23> el<32:24>
                              n<7> u<196> t<INTEGRAL_NUMBER> p<197> l<32:23> el<32:24>
                        n<> u<203> t<Constant_expression> p<204> c<202> l<32:25> el<32:26>
                          n<> u<202> t<Constant_primary> p<203> c<201> l<32:25> el<32:26>
                            n<> u<201> t<Primary_literal> p<202> c<200> l<32:25> el<32:26>
                              n<0> u<200> t<INTEGRAL_NUMBER> p<201> l<32:25> el<32:26>
              n<au> u<209> t<SIMPLE_IDENTIFIER> p<210> l<32:28> el<32:30>
        n<> u<233> t<Non_port_module_item> p<315> c<232> s<255> l<33:4> el<33:19>
          n<> u<232> t<Module_or_generate_item> p<233> c<231> l<33:4> el<33:19>
            n<> u<231> t<Module_common_item> p<232> c<230> l<33:4> el<33:19>
              n<> u<230> t<Module_or_generate_item_declaration> p<231> c<229> l<33:4> el<33:19>
                n<> u<229> t<Package_or_generate_item_declaration> p<230> c<228> l<33:4> el<33:19>
                  n<> u<228> t<Net_declaration> p<229> c<213> l<33:4> el<33:19>
                    n<> u<213> t<WIRE> p<228> s<224> l<33:4> el<33:8>
                    n<> u<224> t<Data_type_or_implicit> p<228> c<223> s<227> l<33:9> el<33:14>
                      n<> u<223> t<Packed_dimension> p<224> c<222> l<33:9> el<33:14>
                        n<> u<222> t<Constant_range> p<223> c<217> l<33:10> el<33:13>
                          n<> u<217> t<Constant_expression> p<222> c<216> s<221> l<33:10> el<33:11>
                            n<> u<216> t<Constant_primary> p<217> c<215> l<33:10> el<33:11>
                              n<> u<215> t<Primary_literal> p<216> c<214> l<33:10> el<33:11>
                                n<7> u<214> t<INTEGRAL_NUMBER> p<215> l<33:10> el<33:11>
                          n<> u<221> t<Constant_expression> p<222> c<220> l<33:12> el<33:13>
                            n<> u<220> t<Constant_primary> p<221> c<219> l<33:12> el<33:13>
                              n<> u<219> t<Primary_literal> p<220> c<218> l<33:12> el<33:13>
                                n<0> u<218> t<INTEGRAL_NUMBER> p<219> l<33:12> el<33:13>
                    n<> u<227> t<Net_decl_assignment_list> p<228> c<226> l<33:17> el<33:18>
                      n<> u<226> t<Net_decl_assignment> p<227> c<225> l<33:17> el<33:18>
                        n<b> u<225> t<SIMPLE_IDENTIFIER> p<226> l<33:17> el<33:18>
        n<> u<255> t<Non_port_module_item> p<315> c<254> s<256> l<34:4> el<34:25>
          n<> u<254> t<Module_or_generate_item> p<255> c<253> l<34:4> el<34:25>
            n<> u<253> t<Module_common_item> p<254> c<252> l<34:4> el<34:25>
              n<> u<252> t<Module_or_generate_item_declaration> p<253> c<251> l<34:4> el<34:25>
                n<> u<251> t<Package_or_generate_item_declaration> p<252> c<250> l<34:4> el<34:25>
                  n<> u<250> t<Net_declaration> p<251> c<234> l<34:4> el<34:25>
                    n<> u<234> t<WIRE> p<250> s<246> l<34:4> el<34:8>
                    n<> u<246> t<Data_type_or_implicit> p<250> c<235> s<249> l<34:9> el<34:21>
                      n<> u<235> t<SIGNED> p<246> s<245> l<34:9> el<34:15>
                      n<> u<245> t<Packed_dimension> p<246> c<244> l<34:16> el<34:21>
                        n<> u<244> t<Constant_range> p<245> c<239> l<34:17> el<34:20>
                          n<> u<239> t<Constant_expression> p<244> c<238> s<243> l<34:17> el<34:18>
                            n<> u<238> t<Constant_primary> p<239> c<237> l<34:17> el<34:18>
                              n<> u<237> t<Primary_literal> p<238> c<236> l<34:17> el<34:18>
                                n<3> u<236> t<INTEGRAL_NUMBER> p<237> l<34:17> el<34:18>
                          n<> u<243> t<Constant_expression> p<244> c<242> l<34:19> el<34:20>
                            n<> u<242> t<Constant_primary> p<243> c<241> l<34:19> el<34:20>
                              n<> u<241> t<Primary_literal> p<242> c<240> l<34:19> el<34:20>
                                n<0> u<240> t<INTEGRAL_NUMBER> p<241> l<34:19> el<34:20>
                    n<> u<249> t<Net_decl_assignment_list> p<250> c<248> l<34:23> el<34:24>
                      n<> u<248> t<Net_decl_assignment> p<249> c<247> l<34:23> el<34:24>
                        n<c> u<247> t<SIMPLE_IDENTIFIER> p<248> l<34:23> el<34:24>
        n<// verilator lint_off WIDTH> u<256> t<LINE_COMMENT> p<315> s<273> l<36:4> el<36:31>
        n<> u<273> t<Non_port_module_item> p<315> c<272> s<274> l<37:4> el<37:16>
          n<> u<272> t<Module_or_generate_item> p<273> c<271> l<37:4> el<37:16>
            n<> u<271> t<Module_common_item> p<272> c<270> l<37:4> el<37:16>
              n<> u<270> t<Continuous_assign> p<271> c<269> l<37:4> el<37:16>
                n<> u<269> t<Net_assignment_list> p<270> c<268> l<37:11> el<37:15>
                  n<> u<268> t<Net_assignment> p<269> c<261> l<37:11> el<37:15>
                    n<> u<261> t<Net_lvalue> p<268> c<258> s<267> l<37:11> el<37:12>
                      n<> u<258> t<Ps_or_hierarchical_identifier> p<261> c<257> s<260> l<37:11> el<37:12>
                        n<c> u<257> t<SIMPLE_IDENTIFIER> p<258> l<37:11> el<37:12>
                      n<> u<260> t<Constant_select> p<261> c<259> l<37:12> el<37:12>
                        n<> u<259> t<Constant_bit_select> p<260> l<37:12> el<37:12>
                    n<> u<267> t<Expression> p<268> c<266> l<37:13> el<37:15>
                      n<> u<266> t<UnaryOp_Minus> p<267> s<265> l<37:13> el<37:14>
                      n<> u<265> t<Expression> p<267> c<264> l<37:14> el<37:15>
                        n<> u<264> t<Primary> p<265> c<263> l<37:14> el<37:15>
                          n<> u<263> t<Primary_literal> p<264> c<262> l<37:14> el<37:15>
                            n<1> u<262> t<INTEGRAL_NUMBER> p<263> l<37:14> el<37:15>
        n<// 'hf> u<274> t<LINE_COMMENT> p<315> s<289> l<37:18> el<37:24>
        n<> u<289> t<Non_port_module_item> p<315> c<288> s<290> l<38:4> el<38:15>
          n<> u<288> t<Module_or_generate_item> p<289> c<287> l<38:4> el<38:15>
            n<> u<287> t<Module_common_item> p<288> c<286> l<38:4> el<38:15>
              n<> u<286> t<Continuous_assign> p<287> c<285> l<38:4> el<38:15>
                n<> u<285> t<Net_assignment_list> p<286> c<284> l<38:11> el<38:14>
                  n<> u<284> t<Net_assignment> p<285> c<279> l<38:11> el<38:14>
                    n<> u<279> t<Net_lvalue> p<284> c<276> s<283> l<38:11> el<38:12>
                      n<> u<276> t<Ps_or_hierarchical_identifier> p<279> c<275> s<278> l<38:11> el<38:12>
                        n<b> u<275> t<SIMPLE_IDENTIFIER> p<276> l<38:11> el<38:12>
                      n<> u<278> t<Constant_select> p<279> c<277> l<38:12> el<38:12>
                        n<> u<277> t<Constant_bit_select> p<278> l<38:12> el<38:12>
                    n<> u<283> t<Expression> p<284> c<282> l<38:13> el<38:14>
                      n<> u<282> t<Primary> p<283> c<281> l<38:13> el<38:14>
                        n<> u<281> t<Primary_literal> p<282> c<280> l<38:13> el<38:14>
                          n<3> u<280> t<INTEGRAL_NUMBER> p<281> l<38:13> el<38:14>
        n<// 'h3> u<290> t<LINE_COMMENT> p<315> s<311> l<38:18> el<38:24>
        n<> u<311> t<Non_port_module_item> p<315> c<310> s<312> l<39:4> el<39:18>
          n<> u<310> t<Module_or_generate_item> p<311> c<309> l<39:4> el<39:18>
            n<> u<309> t<Module_common_item> p<310> c<308> l<39:4> el<39:18>
              n<> u<308> t<Continuous_assign> p<309> c<307> l<39:4> el<39:18>
                n<> u<307> t<Net_assignment_list> p<308> c<306> l<39:11> el<39:17>
                  n<> u<306> t<Net_assignment> p<307> c<295> l<39:11> el<39:17>
                    n<> u<295> t<Net_lvalue> p<306> c<292> s<305> l<39:11> el<39:13>
                      n<> u<292> t<Ps_or_hierarchical_identifier> p<295> c<291> s<294> l<39:11> el<39:13>
                        n<au> u<291> t<SIMPLE_IDENTIFIER> p<292> l<39:11> el<39:13>
                      n<> u<294> t<Constant_select> p<295> c<293> l<39:13> el<39:13>
                        n<> u<293> t<Constant_bit_select> p<294> l<39:13> el<39:13>
                    n<> u<305> t<Expression> p<306> c<299> l<39:14> el<39:17>
                      n<> u<299> t<Expression> p<305> c<298> s<304> l<39:14> el<39:15>
                        n<> u<298> t<Primary> p<299> c<297> l<39:14> el<39:15>
                          n<> u<297> t<Primary_literal> p<298> c<296> l<39:14> el<39:15>
                            n<b> u<296> t<SIMPLE_IDENTIFIER> p<297> l<39:14> el<39:15>
                      n<> u<304> t<BinaryOp_Plus> p<305> s<303> l<39:15> el<39:16>
                      n<> u<303> t<Expression> p<305> c<302> l<39:16> el<39:17>
                        n<> u<302> t<Primary> p<303> c<301> l<39:16> el<39:17>
                          n<> u<301> t<Primary_literal> p<302> c<300> l<39:16> el<39:17>
                            n<c> u<300> t<SIMPLE_IDENTIFIER> p<301> l<39:16> el<39:17>
        n<// 'h12> u<312> t<LINE_COMMENT> p<315> s<313> l<39:19> el<39:26>
        n<// verilator lint_on WIDTH> u<313> t<LINE_COMMENT> p<315> s<314> l<40:4> el<40:30>
        n<> u<314> t<ENDMODULE> p<315> l<41:1> el<41:10>
    n<> u<442> t<Description> p<443> c<441> l<44:1> el<53:10>
      n<> u<441> t<Module_declaration> p<442> c<337> l<44:1> el<53:10>
        n<> u<337> t<Module_ansi_header> p<441> c<317> s<359> l<44:1> el<44:32>
          n<module> u<317> t<MODULE> p<337> s<318> l<44:1> el<44:7>
          n<Test2> u<318> t<SIMPLE_IDENTIFIER> p<337> s<319> l<44:8> el<44:13>
          n<> u<319> t<Package_import_declaration_list> p<337> s<336> l<44:14> el<44:14>
          n<> u<336> t<Port_declaration_list> p<337> c<335> l<44:14> el<44:31>
            n<> u<335> t<Ansi_port_declaration> p<336> c<333> l<44:15> el<44:30>
              n<> u<333> t<Net_port_header> p<335> c<320> s<334> l<44:15> el<44:27>
                n<> u<320> t<OUTPUT> p<333> s<332> l<44:15> el<44:21>
                n<> u<332> t<Net_port_type> p<333> c<331> l<44:22> el<44:27>
                  n<> u<331> t<Data_type_or_implicit> p<332> c<330> l<44:22> el<44:27>
                    n<> u<330> t<Packed_dimension> p<331> c<329> l<44:22> el<44:27>
                      n<> u<329> t<Constant_range> p<330> c<324> l<44:23> el<44:26>
                        n<> u<324> t<Constant_expression> p<329> c<323> s<328> l<44:23> el<44:24>
                          n<> u<323> t<Constant_primary> p<324> c<322> l<44:23> el<44:24>
                            n<> u<322> t<Primary_literal> p<323> c<321> l<44:23> el<44:24>
                              n<7> u<321> t<INTEGRAL_NUMBER> p<322> l<44:23> el<44:24>
                        n<> u<328> t<Constant_expression> p<329> c<327> l<44:25> el<44:26>
                          n<> u<327> t<Constant_primary> p<328> c<326> l<44:25> el<44:26>
                            n<> u<326> t<Primary_literal> p<327> c<325> l<44:25> el<44:26>
                              n<0> u<325> t<INTEGRAL_NUMBER> p<326> l<44:25> el<44:26>
              n<as> u<334> t<SIMPLE_IDENTIFIER> p<335> l<44:28> el<44:30>
        n<> u<359> t<Non_port_module_item> p<441> c<358> s<381> l<45:4> el<45:25>
          n<> u<358> t<Module_or_generate_item> p<359> c<357> l<45:4> el<45:25>
            n<> u<357> t<Module_common_item> p<358> c<356> l<45:4> el<45:25>
              n<> u<356> t<Module_or_generate_item_declaration> p<357> c<355> l<45:4> el<45:25>
                n<> u<355> t<Package_or_generate_item_declaration> p<356> c<354> l<45:4> el<45:25>
                  n<> u<354> t<Net_declaration> p<355> c<338> l<45:4> el<45:25>
                    n<> u<338> t<WIRE> p<354> s<350> l<45:4> el<45:8>
                    n<> u<350> t<Data_type_or_implicit> p<354> c<339> s<353> l<45:9> el<45:21>
                      n<> u<339> t<SIGNED> p<350> s<349> l<45:9> el<45:15>
                      n<> u<349> t<Packed_dimension> p<350> c<348> l<45:16> el<45:21>
                        n<> u<348> t<Constant_range> p<349> c<343> l<45:17> el<45:20>
                          n<> u<343> t<Constant_expression> p<348> c<342> s<347> l<45:17> el<45:18>
                            n<> u<342> t<Constant_primary> p<343> c<341> l<45:17> el<45:18>
                              n<> u<341> t<Primary_literal> p<342> c<340> l<45:17> el<45:18>
                                n<7> u<340> t<INTEGRAL_NUMBER> p<341> l<45:17> el<45:18>
                          n<> u<347> t<Constant_expression> p<348> c<346> l<45:19> el<45:20>
                            n<> u<346> t<Constant_primary> p<347> c<345> l<45:19> el<45:20>
                              n<> u<345> t<Primary_literal> p<346> c<344> l<45:19> el<45:20>
                                n<0> u<344> t<INTEGRAL_NUMBER> p<345> l<45:19> el<45:20>
                    n<> u<353> t<Net_decl_assignment_list> p<354> c<352> l<45:23> el<45:24>
                      n<> u<352> t<Net_decl_assignment> p<353> c<351> l<45:23> el<45:24>
                        n<b> u<351> t<SIMPLE_IDENTIFIER> p<352> l<45:23> el<45:24>
        n<> u<381> t<Non_port_module_item> p<441> c<380> s<382> l<46:4> el<46:25>
          n<> u<380> t<Module_or_generate_item> p<381> c<379> l<46:4> el<46:25>
            n<> u<379> t<Module_common_item> p<380> c<378> l<46:4> el<46:25>
              n<> u<378> t<Module_or_generate_item_declaration> p<379> c<377> l<46:4> el<46:25>
                n<> u<377> t<Package_or_generate_item_declaration> p<378> c<376> l<46:4> el<46:25>
                  n<> u<376> t<Net_declaration> p<377> c<360> l<46:4> el<46:25>
                    n<> u<360> t<WIRE> p<376> s<372> l<46:4> el<46:8>
                    n<> u<372> t<Data_type_or_implicit> p<376> c<361> s<375> l<46:9> el<46:21>
                      n<> u<361> t<SIGNED> p<372> s<371> l<46:9> el<46:15>
                      n<> u<371> t<Packed_dimension> p<372> c<370> l<46:16> el<46:21>
                        n<> u<370> t<Constant_range> p<371> c<365> l<46:17> el<46:20>
                          n<> u<365> t<Constant_expression> p<370> c<364> s<369> l<46:17> el<46:18>
                            n<> u<364> t<Constant_primary> p<365> c<363> l<46:17> el<46:18>
                              n<> u<363> t<Primary_literal> p<364> c<362> l<46:17> el<46:18>
                                n<3> u<362> t<INTEGRAL_NUMBER> p<363> l<46:17> el<46:18>
                          n<> u<369> t<Constant_expression> p<370> c<368> l<46:19> el<46:20>
                            n<> u<368> t<Constant_primary> p<369> c<367> l<46:19> el<46:20>
                              n<> u<367> t<Primary_literal> p<368> c<366> l<46:19> el<46:20>
                                n<0> u<366> t<INTEGRAL_NUMBER> p<367> l<46:19> el<46:20>
                    n<> u<375> t<Net_decl_assignment_list> p<376> c<374> l<46:23> el<46:24>
                      n<> u<374> t<Net_decl_assignment> p<375> c<373> l<46:23> el<46:24>
                        n<c> u<373> t<SIMPLE_IDENTIFIER> p<374> l<46:23> el<46:24>
        n<// verilator lint_off WIDTH> u<382> t<LINE_COMMENT> p<441> s<399> l<48:4> el<48:31>
        n<> u<399> t<Non_port_module_item> p<441> c<398> s<400> l<49:4> el<49:16>
          n<> u<398> t<Module_or_generate_item> p<399> c<397> l<49:4> el<49:16>
            n<> u<397> t<Module_common_item> p<398> c<396> l<49:4> el<49:16>
              n<> u<396> t<Continuous_assign> p<397> c<395> l<49:4> el<49:16>
                n<> u<395> t<Net_assignment_list> p<396> c<394> l<49:11> el<49:15>
                  n<> u<394> t<Net_assignment> p<395> c<387> l<49:11> el<49:15>
                    n<> u<387> t<Net_lvalue> p<394> c<384> s<393> l<49:11> el<49:12>
                      n<> u<384> t<Ps_or_hierarchical_identifier> p<387> c<383> s<386> l<49:11> el<49:12>
                        n<c> u<383> t<SIMPLE_IDENTIFIER> p<384> l<49:11> el<49:12>
                      n<> u<386> t<Constant_select> p<387> c<385> l<49:12> el<49:12>
                        n<> u<385> t<Constant_bit_select> p<386> l<49:12> el<49:12>
                    n<> u<393> t<Expression> p<394> c<392> l<49:13> el<49:15>
                      n<> u<392> t<UnaryOp_Minus> p<393> s<391> l<49:13> el<49:14>
                      n<> u<391> t<Expression> p<393> c<390> l<49:14> el<49:15>
                        n<> u<390> t<Primary> p<391> c<389> l<49:14> el<49:15>
                          n<> u<389> t<Primary_literal> p<390> c<388> l<49:14> el<49:15>
                            n<1> u<388> t<INTEGRAL_NUMBER> p<389> l<49:14> el<49:15>
        n<// 'hf> u<400> t<LINE_COMMENT> p<441> s<415> l<49:18> el<49:24>
        n<> u<415> t<Non_port_module_item> p<441> c<414> s<416> l<50:4> el<50:15>
          n<> u<414> t<Module_or_generate_item> p<415> c<413> l<50:4> el<50:15>
            n<> u<413> t<Module_common_item> p<414> c<412> l<50:4> el<50:15>
              n<> u<412> t<Continuous_assign> p<413> c<411> l<50:4> el<50:15>
                n<> u<411> t<Net_assignment_list> p<412> c<410> l<50:11> el<50:14>
                  n<> u<410> t<Net_assignment> p<411> c<405> l<50:11> el<50:14>
                    n<> u<405> t<Net_lvalue> p<410> c<402> s<409> l<50:11> el<50:12>
                      n<> u<402> t<Ps_or_hierarchical_identifier> p<405> c<401> s<404> l<50:11> el<50:12>
                        n<b> u<401> t<SIMPLE_IDENTIFIER> p<402> l<50:11> el<50:12>
                      n<> u<404> t<Constant_select> p<405> c<403> l<50:12> el<50:12>
                        n<> u<403> t<Constant_bit_select> p<404> l<50:12> el<50:12>
                    n<> u<409> t<Expression> p<410> c<408> l<50:13> el<50:14>
                      n<> u<408> t<Primary> p<409> c<407> l<50:13> el<50:14>
                        n<> u<407> t<Primary_literal> p<408> c<406> l<50:13> el<50:14>
                          n<3> u<406> t<INTEGRAL_NUMBER> p<407> l<50:13> el<50:14>
        n<// 'h3> u<416> t<LINE_COMMENT> p<441> s<437> l<50:18> el<50:24>
        n<> u<437> t<Non_port_module_item> p<441> c<436> s<438> l<51:4> el<51:18>
          n<> u<436> t<Module_or_generate_item> p<437> c<435> l<51:4> el<51:18>
            n<> u<435> t<Module_common_item> p<436> c<434> l<51:4> el<51:18>
              n<> u<434> t<Continuous_assign> p<435> c<433> l<51:4> el<51:18>
                n<> u<433> t<Net_assignment_list> p<434> c<432> l<51:11> el<51:17>
                  n<> u<432> t<Net_assignment> p<433> c<421> l<51:11> el<51:17>
                    n<> u<421> t<Net_lvalue> p<432> c<418> s<431> l<51:11> el<51:13>
                      n<> u<418> t<Ps_or_hierarchical_identifier> p<421> c<417> s<420> l<51:11> el<51:13>
                        n<as> u<417> t<SIMPLE_IDENTIFIER> p<418> l<51:11> el<51:13>
                      n<> u<420> t<Constant_select> p<421> c<419> l<51:13> el<51:13>
                        n<> u<419> t<Constant_bit_select> p<420> l<51:13> el<51:13>
                    n<> u<431> t<Expression> p<432> c<425> l<51:14> el<51:17>
                      n<> u<425> t<Expression> p<431> c<424> s<430> l<51:14> el<51:15>
                        n<> u<424> t<Primary> p<425> c<423> l<51:14> el<51:15>
                          n<> u<423> t<Primary_literal> p<424> c<422> l<51:14> el<51:15>
                            n<b> u<422> t<SIMPLE_IDENTIFIER> p<423> l<51:14> el<51:15>
                      n<> u<430> t<BinaryOp_Plus> p<431> s<429> l<51:15> el<51:16>
                      n<> u<429> t<Expression> p<431> c<428> l<51:16> el<51:17>
                        n<> u<428> t<Primary> p<429> c<427> l<51:16> el<51:17>
                          n<> u<427> t<Primary_literal> p<428> c<426> l<51:16> el<51:17>
                            n<c> u<426> t<SIMPLE_IDENTIFIER> p<427> l<51:16> el<51:17>
        n<// 'h12> u<438> t<LINE_COMMENT> p<441> s<439> l<51:19> el<51:26>
        n<// verilator lint_on WIDTH> u<439> t<LINE_COMMENT> p<441> s<440> l<52:4> el<52:30>
        n<> u<440> t<ENDMODULE> p<441> l<53:1> el<53:10>
AST_DEBUG_END
[INF:CP5804] $Source01/t_math_signed_wire.v:7:1: Compile module "t".
[INF:CP5804] $Source01/t_math_signed_wire.v:32:1: Compile module "Test1".
[NTE:CP5810] $Source01/t_math_signed_wire.v:32:28: Implicit port type (wire) for "au".
[INF:CP5804] $Source01/t_math_signed_wire.v:44:1: Compile module "Test2".
[NTE:CP5810] $Source01/t_math_signed_wire.v:44:28: Implicit port type (wire) for "as".
[INF:CM5028] Using global timescale: "1ns/1ns".
====== HLDB =======
Design name:unnamed:
  vpiName: unnamed
  vpiSourceFile (1 items):
    SourceFile name:t_math_signed_wire.v file:$Source01/t_math_signed_wire.v:
      vpiParent: Design name:unnamed
      vpiName: t_math_signed_wire.v
      vpiPreprocFile: "$Output/lib/work/t_math_signed_wire.v"
  vpiAllModules (3 items):
    Module name:t file:$Source01/t_math_signed_wire.v start:7:1 end:30:10:
      vpiParent: Design name:unnamed
      vpiName Identifier name:t start:7:8 end:7:9:
      vpiFullName: t
      vpiTypespec (5 items):
        LogicTypespec:
          vpiParent: Module name:t
        LogicTypespec:
          vpiParent: Module name:t
          vpiRange (1 items):
            Range start:13:9 end:13:14:
              vpiParent: LogicTypespec
              vpiLeftRange Constant start:13:10 end:13:11:
                vpiParent: Range
                vpiTypespec RefTypespec:
                  vpiParent: Constant
                  vpiFullName: t
                  vpiActual: IntTypespec
                vpiConstType: unsigned int (9)
                vpiSize: 64
                vpiDecompile: "7"
                vpiValue: 7
              vpiRightRange Constant start:13:12 end:13:13:
                vpiParent: Range
                vpiTypespec RefTypespec:
                  vpiParent: Constant
                  vpiFullName: t
                  vpiActual: IntTypespec
                vpiConstType: unsigned int (9)
                vpiSize: 64
                vpiDecompile: "0"
                vpiValue: 0
          vpiVector: true
        LogicTypespec:
          vpiParent: Module name:t
          vpiRange (1 items):
            Range start:14:9 end:14:14:
              vpiParent: LogicTypespec
              vpiLeftRange Constant start:14:10 end:14:11:
                vpiParent: Range
                vpiTypespec RefTypespec:
                  vpiParent: Constant
                  vpiFullName: t
                  vpiActual: IntTypespec
                vpiConstType: unsigned int (9)
                vpiSize: 64
                vpiDecompile: "7"
                vpiValue: 7
              vpiRightRange Constant start:14:12 end:14:13:
                vpiParent: Range
                vpiTypespec RefTypespec:
                  vpiParent: Constant
                  vpiFullName: t
                  vpiActual: IntTypespec
                vpiConstType: unsigned int (9)
                vpiSize: 64
                vpiDecompile: "0"
                vpiValue: 0
          vpiVector: true
        ModuleTypespec name:Test1 start:16:4 end:16:9:
          vpiParent: Module name:t
          vpiName Identifier name:Test1 start:16:4 end:16:9:
          vpiDefName: Test1
          vpiModule: Module name:Test1
        ModuleTypespec name:Test2 start:17:4 end:17:9:
          vpiParent: Module name:t
          vpiName Identifier name:Test2 start:17:4 end:17:9:
          vpiDefName: Test2
          vpiModule: Module name:Test2
      vpiDefName: t
      vpiDefNetType: wire (1)
      vpiLibrary RefObj name:work start:7:8 end:7:9:
        vpiParent: Module name:t
        vpiName: work
        vpiFullName: t.work
      vpiCell: t
      vpiNet (3 items):
        Net name:clk start:11:10 end:11:13:
          vpiParent: Module name:t
          vpiTypespec RefTypespec:
            vpiParent: Net name:clk
            vpiFullName: t.clk
            vpiActual: LogicTypespec
          vpiName: clk
          vpiFullName: t.clk
          vpiNetType: wire (1)
          vpiScalar: true
        Net name:au start:13:15 end:13:17:
          vpiParent: Module name:t
          vpiTypespec RefTypespec start:13:9 end:13:14:
            vpiParent: Net name:au
            vpiFullName: t.au
            vpiActual: LogicTypespec
          vpiName: au
          vpiFullName: t.au
          vpiNetDeclAssign: true
          vpiNetType: wire (1)
          vpiVector: true
        Net name:as start:14:15 end:14:17:
          vpiParent: Module name:t
          vpiTypespec RefTypespec start:14:9 end:14:14:
            vpiParent: Net name:as
            vpiFullName: t.as
            vpiActual: LogicTypespec
          vpiName: as
          vpiFullName: t.as
          vpiNetDeclAssign: true
          vpiNetType: wire (1)
          vpiVector: true
      vpiPort (1 items):
        Port name:clk start:9:4 end:9:7:
          vpiParent: Module name:t
          vpiName: clk
          vpiDirection: input (1)
          vpiLowConn RefObj name:clk start:11:10 end:11:13:
            vpiParent: Port name:clk
            vpiName: clk
            vpiFullName: t.clk.clk
            vpiActual: Net name:clk
          vpiTypespec RefTypespec:
            vpiParent: Port name:clk
            vpiFullName: t.clk
            vpiActual: LogicTypespec
      vpiProcess (1 items):
        Always start:20:4 end:28:7:
          vpiParent: Module name:t
          vpiStmt EventControl start:20:11 end:28:7:
            vpiParent: Always
            vpiCondition Operation start:20:14 end:20:25:
              vpiParent: EventControl
              vpiOpType: posedge (39)
              vpiOperand (1 items):
                RefObj name:clk start:20:22 end:20:25:
                  vpiParent: Operation
                  vpiName: clk
                  vpiFullName: t.clk
                  vpiActual: Net name:clk
            vpiStmt Begin start:20:27 end:28:7:
              vpiParent: EventControl
              vpiFullName: t
              vpiStmt (4 items):
                IfStmt start:24:7 end:24:29:
                  vpiParent: Begin
                  vpiCondition Operation start:24:11 end:24:21:
                    vpiParent: IfStmt
                    vpiOpType: not equal (15)
                    vpiOperand (2 items):
                      RefObj name:au start:24:11 end:24:13:
                        vpiParent: Operation
                        vpiName: au
                        vpiFullName: t.au
                        vpiActual: Net name:au
                      Constant start:24:17 end:24:21:
                        vpiParent: Operation
                        vpiTypespec RefTypespec:
                          vpiParent: Constant
                          vpiFullName: t
                          vpiActual: IntTypespec
                        vpiConstType: hexadecimal (5)
                        vpiSize: -1
                        vpiDecompile: "'h12"
                        vpiValue: "12"
                  vpiStmt SysTaskCall name:$stop start:24:23 end:24:28:
                    vpiParent: IfStmt
                    vpiName Identifier name:$stop start:24:23 end:24:28:
                    vpiIsProperty: true
                IfStmt start:25:7 end:25:29:
                  vpiParent: Begin
                  vpiCondition Operation start:25:11 end:25:21:
                    vpiParent: IfStmt
                    vpiOpType: not equal (15)
                    vpiOperand (2 items):
                      RefObj name:as start:25:11 end:25:13:
                        vpiParent: Operation
                        vpiName: as
                        vpiFullName: t.as
                        vpiActual: Net name:as
                      Constant start:25:17 end:25:21:
                        vpiParent: Operation
                        vpiTypespec RefTypespec:
                          vpiParent: Constant
                          vpiFullName: t
                          vpiActual: IntTypespec
                        vpiConstType: hexadecimal (5)
                        vpiSize: -1
                        vpiDecompile: "'h02"
                        vpiValue: "02"
                  vpiStmt SysTaskCall name:$stop start:25:23 end:25:28:
                    vpiParent: IfStmt
                    vpiName Identifier name:$stop start:25:23 end:25:28:
                    vpiIsProperty: true
                SysTaskCall name:$write start:26:7 end:26:39:
                  vpiParent: Begin
                  vpiName Identifier name:$write start:26:7 end:26:13:
                  vpiArgument (1 items):
                    Constant start:26:14 end:26:38:
                      vpiParent: SysTaskCall name:$write
                      vpiTypespec RefTypespec:
                        vpiParent: Constant
                        vpiFullName: t
                        vpiActual: StringTypespec
                      vpiConstType: string (6)
                      vpiSize: 168
                      vpiDecompile: "\"*-* All Finished *-*\\n\""
                      vpiValue: "*-* All Finished *-*\\n"
                SysTaskCall name:$finish start:27:7 end:27:14:
                  vpiParent: Begin
                  vpiName Identifier name:$finish start:27:7 end:27:14:
                  vpiIsProperty: true
          vpiAlwaysType: always (1)
      vpiRefInstance (2 items):
        RefInstance name:test1 start:16:10 end:16:15:
          vpiParent: Module name:t
          vpiName: test1
          vpiTypespec RefTypespec name:Test1 start:16:4 end:16:9:
            vpiParent: RefInstance name:test1
            vpiName: Test1
            vpiFullName: t.test1.Test1
            vpiActual: ModuleTypespec name:Test1
          vpiPort (1 items):
            Port start:16:17 end:16:20:
              vpiParent: RefInstance name:test1
              vpiLowConn RefObj name:au start:16:18 end:16:20:
                vpiParent: Port
                vpiName: au
                vpiFullName: t.test1.au
                vpiActual: Port name:au
        RefInstance name:test2 start:17:10 end:17:15:
          vpiParent: Module name:t
          vpiName: test2
          vpiTypespec RefTypespec name:Test2 start:17:4 end:17:9:
            vpiParent: RefInstance name:test2
            vpiName: Test2
            vpiFullName: t.test2.Test2
            vpiActual: ModuleTypespec name:Test2
          vpiPort (1 items):
            Port start:17:17 end:17:20:
              vpiParent: RefInstance name:test2
              vpiLowConn RefObj name:as start:17:18 end:17:20:
                vpiParent: Port
                vpiName: as
                vpiFullName: t.test2.as
                vpiActual: Port name:as
    Module name:Test1 file:$Source01/t_math_signed_wire.v start:32:1 end:41:10:
      vpiParent: Design name:unnamed
      vpiName Identifier name:Test1 start:32:8 end:32:13:
      vpiFullName: Test1
      vpiTypespec (3 items):
        LogicTypespec:
          vpiParent: Module name:Test1
          vpiRange (1 items):
            Range start:32:22 end:32:27:
              vpiParent: LogicTypespec
              vpiLeftRange Constant start:32:23 end:32:24:
                vpiParent: Range
                vpiTypespec RefTypespec:
                  vpiParent: Constant
                  vpiFullName: Test1
                  vpiActual: IntTypespec
                vpiConstType: unsigned int (9)
                vpiSize: 64
                vpiDecompile: "7"
                vpiValue: 7
              vpiRightRange Constant start:32:25 end:32:26:
                vpiParent: Range
                vpiTypespec RefTypespec:
                  vpiParent: Constant
                  vpiFullName: Test1
                  vpiActual: IntTypespec
                vpiConstType: unsigned int (9)
                vpiSize: 64
                vpiDecompile: "0"
                vpiValue: 0
          vpiVector: true
        LogicTypespec:
          vpiParent: Module name:Test1
          vpiRange (1 items):
            Range start:33:9 end:33:14:
              vpiParent: LogicTypespec
              vpiLeftRange Constant start:33:10 end:33:11:
                vpiParent: Range
                vpiTypespec RefTypespec:
                  vpiParent: Constant
                  vpiFullName: Test1
                  vpiActual: IntTypespec
                vpiConstType: unsigned int (9)
                vpiSize: 64
                vpiDecompile: "7"
                vpiValue: 7
              vpiRightRange Constant start:33:12 end:33:13:
                vpiParent: Range
                vpiTypespec RefTypespec:
                  vpiParent: Constant
                  vpiFullName: Test1
                  vpiActual: IntTypespec
                vpiConstType: unsigned int (9)
                vpiSize: 64
                vpiDecompile: "0"
                vpiValue: 0
          vpiVector: true
        LogicTypespec:
          vpiParent: Module name:Test1
          vpiRange (1 items):
            Range start:34:16 end:34:21:
              vpiParent: LogicTypespec
              vpiLeftRange Constant start:34:17 end:34:18:
                vpiParent: Range
                vpiTypespec RefTypespec:
                  vpiParent: Constant
                  vpiFullName: Test1
                  vpiActual: IntTypespec
                vpiConstType: unsigned int (9)
                vpiSize: 64
                vpiDecompile: "3"
                vpiValue: 3
              vpiRightRange Constant start:34:19 end:34:20:
                vpiParent: Range
                vpiTypespec RefTypespec:
                  vpiParent: Constant
                  vpiFullName: Test1
                  vpiActual: IntTypespec
                vpiConstType: unsigned int (9)
                vpiSize: 64
                vpiDecompile: "0"
                vpiValue: 0
          vpiSigned: true
          vpiVector: true
      vpiDefName: Test1
      vpiDefNetType: wire (1)
      vpiLibrary RefObj name:work start:32:8 end:32:13:
        vpiParent: Module name:Test1
        vpiName: work
        vpiFullName: Test1.work
      vpiCell: Test1
      vpiNet (3 items):
        Net name:au start:32:28 end:32:30:
          vpiParent: Module name:Test1
          vpiTypespec RefTypespec start:32:22 end:32:27:
            vpiParent: Net name:au
            vpiFullName: Test1.au
            vpiActual: LogicTypespec
          vpiName: au
          vpiFullName: Test1.au
          vpiNetType: wire (1)
          vpiVector: true
        Net name:b start:33:17 end:33:18:
          vpiParent: Module name:Test1
          vpiTypespec RefTypespec start:33:9 end:33:14:
            vpiParent: Net name:b
            vpiFullName: Test1.b
            vpiActual: LogicTypespec
          vpiName: b
          vpiFullName: Test1.b
          vpiNetDeclAssign: true
          vpiNetType: wire (1)
          vpiVector: true
        Net name:c start:34:23 end:34:24:
          vpiParent: Module name:Test1
          vpiTypespec RefTypespec start:34:9 end:34:21:
            vpiParent: Net name:c
            vpiFullName: Test1.c
            vpiActual: LogicTypespec
          vpiName: c
          vpiFullName: Test1.c
          vpiNetDeclAssign: true
          vpiNetType: wire (1)
          vpiVector: true
      vpiPort (1 items):
        Port name:au start:32:28 end:32:30:
          vpiParent: Module name:Test1
          vpiName: au
          vpiDirection: output (2)
          vpiLowConn RefObj name:au start:32:28 end:32:30:
            vpiParent: Port name:au
            vpiName: au
            vpiFullName: Test1.au.au
            vpiActual: Net name:au
          vpiTypespec RefTypespec start:32:22 end:32:27:
            vpiParent: Port name:au
            vpiFullName: Test1.au
            vpiActual: LogicTypespec
      vpiContAssign (3 items):
        ContAssign start:37:11 end:37:15:
          vpiParent: Module name:Test1
          vpiLhs RefObj name:c start:37:11 end:37:12:
            vpiParent: ContAssign
            vpiName: c
            vpiFullName: Test1.c
            vpiActual: Net name:c
          vpiRhs Operation start:37:13 end:37:15:
            vpiParent: ContAssign
            vpiOpType: minus (1)
            vpiOperand (1 items):
              Constant start:37:14 end:37:15:
                vpiParent: Operation
                vpiTypespec RefTypespec:
                  vpiParent: Constant
                  vpiFullName: Test1
                  vpiActual: IntTypespec
                vpiConstType: unsigned int (9)
                vpiSize: 64
                vpiDecompile: "1"
                vpiValue: 1
        ContAssign start:38:11 end:38:14:
          vpiParent: Module name:Test1
          vpiLhs RefObj name:b start:38:11 end:38:12:
            vpiParent: ContAssign
            vpiName: b
            vpiFullName: Test1.b
            vpiActual: Net name:b
          vpiRhs Constant start:38:13 end:38:14:
            vpiParent: ContAssign
            vpiTypespec RefTypespec:
              vpiParent: Constant
              vpiFullName: Test1
              vpiActual: IntTypespec
            vpiConstType: unsigned int (9)
            vpiSize: 64
            vpiDecompile: "3"
            vpiValue: 3
        ContAssign start:39:11 end:39:17:
          vpiParent: Module name:Test1
          vpiLhs RefObj name:au start:39:11 end:39:13:
            vpiParent: ContAssign
            vpiName: au
            vpiFullName: Test1.au
            vpiActual: Net name:au
          vpiRhs Operation start:39:14 end:39:17:
            vpiParent: ContAssign
            vpiOpType: add (24)
            vpiOperand (2 items):
              RefObj name:b start:39:14 end:39:15:
                vpiParent: Operation
                vpiName: b
                vpiFullName: Test1.b
                vpiActual: Net name:b
              RefObj name:c start:39:16 end:39:17:
                vpiParent: Operation
                vpiName: c
                vpiFullName: Test1.c
                vpiActual: Net name:c
    Module name:Test2 file:$Source01/t_math_signed_wire.v start:44:1 end:53:10:
      vpiParent: Design name:unnamed
      vpiName Identifier name:Test2 start:44:8 end:44:13:
      vpiFullName: Test2
      vpiTypespec (3 items):
        LogicTypespec:
          vpiParent: Module name:Test2
          vpiRange (1 items):
            Range start:44:22 end:44:27:
              vpiParent: LogicTypespec
              vpiLeftRange Constant start:44:23 end:44:24:
                vpiParent: Range
                vpiTypespec RefTypespec:
                  vpiParent: Constant
                  vpiFullName: Test2
                  vpiActual: IntTypespec
                vpiConstType: unsigned int (9)
                vpiSize: 64
                vpiDecompile: "7"
                vpiValue: 7
              vpiRightRange Constant start:44:25 end:44:26:
                vpiParent: Range
                vpiTypespec RefTypespec:
                  vpiParent: Constant
                  vpiFullName: Test2
                  vpiActual: IntTypespec
                vpiConstType: unsigned int (9)
                vpiSize: 64
                vpiDecompile: "0"
                vpiValue: 0
          vpiVector: true
        LogicTypespec:
          vpiParent: Module name:Test2
          vpiRange (1 items):
            Range start:45:16 end:45:21:
              vpiParent: LogicTypespec
              vpiLeftRange Constant start:45:17 end:45:18:
                vpiParent: Range
                vpiTypespec RefTypespec:
                  vpiParent: Constant
                  vpiFullName: Test2
                  vpiActual: IntTypespec
                vpiConstType: unsigned int (9)
                vpiSize: 64
                vpiDecompile: "7"
                vpiValue: 7
              vpiRightRange Constant start:45:19 end:45:20:
                vpiParent: Range
                vpiTypespec RefTypespec:
                  vpiParent: Constant
                  vpiFullName: Test2
                  vpiActual: IntTypespec
                vpiConstType: unsigned int (9)
                vpiSize: 64
                vpiDecompile: "0"
                vpiValue: 0
          vpiSigned: true
          vpiVector: true
        LogicTypespec:
          vpiParent: Module name:Test2
          vpiRange (1 items):
            Range start:46:16 end:46:21:
              vpiParent: LogicTypespec
              vpiLeftRange Constant start:46:17 end:46:18:
                vpiParent: Range
                vpiTypespec RefTypespec:
                  vpiParent: Constant
                  vpiFullName: Test2
                  vpiActual: IntTypespec
                vpiConstType: unsigned int (9)
                vpiSize: 64
                vpiDecompile: "3"
                vpiValue: 3
              vpiRightRange Constant start:46:19 end:46:20:
                vpiParent: Range
                vpiTypespec RefTypespec:
                  vpiParent: Constant
                  vpiFullName: Test2
                  vpiActual: IntTypespec
                vpiConstType: unsigned int (9)
                vpiSize: 64
                vpiDecompile: "0"
                vpiValue: 0
          vpiSigned: true
          vpiVector: true
      vpiDefName: Test2
      vpiDefNetType: wire (1)
      vpiLibrary RefObj name:work start:44:8 end:44:13:
        vpiParent: Module name:Test2
        vpiName: work
        vpiFullName: Test2.work
      vpiCell: Test2
      vpiNet (3 items):
        Net name:as start:44:28 end:44:30:
          vpiParent: Module name:Test2
          vpiTypespec RefTypespec start:44:22 end:44:27:
            vpiParent: Net name:as
            vpiFullName: Test2.as
            vpiActual: LogicTypespec
          vpiName: as
          vpiFullName: Test2.as
          vpiNetType: wire (1)
          vpiVector: true
        Net name:b start:45:23 end:45:24:
          vpiParent: Module name:Test2
          vpiTypespec RefTypespec start:45:9 end:45:21:
            vpiParent: Net name:b
            vpiFullName: Test2.b
            vpiActual: LogicTypespec
          vpiName: b
          vpiFullName: Test2.b
          vpiNetDeclAssign: true
          vpiNetType: wire (1)
          vpiVector: true
        Net name:c start:46:23 end:46:24:
          vpiParent: Module name:Test2
          vpiTypespec RefTypespec start:46:9 end:46:21:
            vpiParent: Net name:c
            vpiFullName: Test2.c
            vpiActual: LogicTypespec
          vpiName: c
          vpiFullName: Test2.c
          vpiNetDeclAssign: true
          vpiNetType: wire (1)
          vpiVector: true
      vpiPort (1 items):
        Port name:as start:44:28 end:44:30:
          vpiParent: Module name:Test2
          vpiName: as
          vpiDirection: output (2)
          vpiLowConn RefObj name:as start:44:28 end:44:30:
            vpiParent: Port name:as
            vpiName: as
            vpiFullName: Test2.as.as
            vpiActual: Net name:as
          vpiTypespec RefTypespec start:44:22 end:44:27:
            vpiParent: Port name:as
            vpiFullName: Test2.as
            vpiActual: LogicTypespec
      vpiContAssign (3 items):
        ContAssign start:49:11 end:49:15:
          vpiParent: Module name:Test2
          vpiLhs RefObj name:c start:49:11 end:49:12:
            vpiParent: ContAssign
            vpiName: c
            vpiFullName: Test2.c
            vpiActual: Net name:c
          vpiRhs Operation start:49:13 end:49:15:
            vpiParent: ContAssign
            vpiOpType: minus (1)
            vpiOperand (1 items):
              Constant start:49:14 end:49:15:
                vpiParent: Operation
                vpiTypespec RefTypespec:
                  vpiParent: Constant
                  vpiFullName: Test2
                  vpiActual: IntTypespec
                vpiConstType: unsigned int (9)
                vpiSize: 64
                vpiDecompile: "1"
                vpiValue: 1
        ContAssign start:50:11 end:50:14:
          vpiParent: Module name:Test2
          vpiLhs RefObj name:b start:50:11 end:50:12:
            vpiParent: ContAssign
            vpiName: b
            vpiFullName: Test2.b
            vpiActual: Net name:b
          vpiRhs Constant start:50:13 end:50:14:
            vpiParent: ContAssign
            vpiTypespec RefTypespec:
              vpiParent: Constant
              vpiFullName: Test2
              vpiActual: IntTypespec
            vpiConstType: unsigned int (9)
            vpiSize: 64
            vpiDecompile: "3"
            vpiValue: 3
        ContAssign start:51:11 end:51:17:
          vpiParent: Module name:Test2
          vpiLhs RefObj name:as start:51:11 end:51:13:
            vpiParent: ContAssign
            vpiName: as
            vpiFullName: Test2.as
            vpiActual: Net name:as
          vpiRhs Operation start:51:14 end:51:17:
            vpiParent: ContAssign
            vpiOpType: add (24)
            vpiOperand (2 items):
              RefObj name:b start:51:14 end:51:15:
                vpiParent: Operation
                vpiName: b
                vpiFullName: Test2.b
                vpiActual: Net name:b
              RefObj name:c start:51:16 end:51:17:
                vpiParent: Operation
                vpiName: c
                vpiFullName: Test2.c
                vpiActual: Net name:c
  vpiTypespec (6 items):
    ModuleTypespec name:t:
      vpiParent: Design name:unnamed
      vpiName Identifier name:t start:7:8 end:7:9:
      vpiDefName: t
      vpiModule: Module name:t
    IntTypespec:
      vpiParent: Design name:unnamed
      vpiSigned: true
    IntTypespec:
      vpiParent: Design name:unnamed
    StringTypespec:
      vpiParent: Design name:unnamed
    ModuleTypespec name:Test1:
      vpiParent: Design name:unnamed
      vpiName Identifier name:Test1 start:32:8 end:32:13:
      vpiDefName: Test1
      vpiModule: Module name:Test1
    ModuleTypespec name:Test2:
      vpiParent: Design name:unnamed
      vpiName Identifier name:Test2 start:44:8 end:44:13:
      vpiDefName: Test2
      vpiModule: Module name:Test2
  vpiLibrary (1 items):
    Library name:work:
      vpiParent: Design name:unnamed
      vpiName: work
===================
[  FATAL] : 0
[ SYNTAX] : 0
[  ERROR] : 0
[WARNING] : 0
[   NOTE] : 2
********************************************************************************
*                    End HLC SystemVerilog Compiler/Linter                     *
********************************************************************************

#**#**#**#**#**#**#**#**#**#**#**#**#**#**#**#**#**#**#**#**#**#**#**#**#**#**#**#**#**#**#**#**#**#**#**#**#**#**#**#**

Environment:
      test-name: Verilator/t_math_signed_wire
   test-dirpath: ${HLC_DIR}/regression/Verilator/t_math_signed_wire
  hldb-filepath: ${HLC_DIR}/regression/Verilator/t_math_signed_wire/design.hldb
mounts-filepath: ${HLC_DIR}/regression/Verilator/t_math_signed_wire/mounts.json


{'result': {'coverage': 100.0,
            'error_count': 0,
            'file_count': 1,
            'files': {'$Output/lib/work/t_math_signed_wire.v': {'post_len': 0,
                                                                'pre_len': 446}},
            'post_len': 0,
            'pre_len': 446,
            'test_name': 'Verilator/t_math_signed_wire'}}

+---------------------------------------+----------+-----------+
| INPUT                                 |   PRELEN |   POSTLEN |
+=======================================+==========+===========+
| $Output/lib/work/t_math_signed_wire.v |      446 |         0 |
+=======================================+==========+===========+
|                                       |      446 |         0 |
+---------------------------------------+----------+-----------+

[   ERROR] : 0
[COVERAGE] : 100.0


#**#**#**#**#**#**#**#**#**#**#**#**#**#**#**#**#**#**#**#**#**#**#**#**#**#**#**#**#**#**#**#**#**#**#**#**#**#**#**#**

COMMAND: ${HLC_DIR}/regression/Verilator/t_math_signed_wire/design.hldb ${HLC_DIR}/regression/Verilator/t_math_signed_wire/reduced.hldb

==================== BEGIN REDUCTION RESULT ====================
Name                            Before   After   Added   Removed
----------------------------------------------------------------
Constant                            23      23       2         2
Operation                            7       5       0         2
RefTypespec                         37      37       2         2
----------------------------------------------------------------
Others                              95      95       0         0
----------------------------------------------------------------
                                   162     160       4         6
===================== END REDUCTION RESULT =====================
