********************************************************************************
*                   Begin HLC SystemVerilog Compiler/Linter                    *
********************************************************************************
Copyright (c) 2020 Apotell,
http://www.apache.org/licenses/LICENSE-2.0
VERSION: 1.84
COMMAND: -wd ../../../tests/OneNetRange -fileunit -writepp -d db -sv dut.v tb.v -nobuiltin -nocache -mt 0 -d dbstats -d cache -writepp -d db -nostdout -o ${HLC_DIR}/regression/OneNetRange/OneNetRange
[INF:CM5022] Creating log file "$Output/hlc.log".
[INF:CM5019] Separate compilation-unit mode is on.
[INF:PP5223] Preprocessing source file "$Source01/dut.v".
[INF:PP5223] Preprocessing source file "$Source01/tb.v".
[INF:PA5502] Parsing source file "$Source01/dut.v".
[INF:PA5502] Parsing source file "$Source01/tb.v".
[INF:CP5804] $Source01/dut.v:2:1: Compile module "dut".
[INF:CP5805] $Source01/dut.v:8:1: Compile interface "ConnectTB".
[INF:CP5804] $Source01/dut.v:11:1: Compile module "middle".
[WRN:CP5811] $Source01/dut.v:11:49: Port "conn" definition missing its direction (input, output, inout).
[INF:CP5804] $Source01/dut.v:15:1: Compile module "SUB".
[INF:CP5807] $Source01/tb.v:1:9: Compile program "TESTBENCH".
[WRN:CP5815] $Source01/tb.v:1:9: Using programs is discouraged "TESTBENCH", programs are obsoleted by UVM.
[INF:CP5804] $Source01/tb.v:16:1: Compile module "TOP".
[WRN:CP5851] $Source01/tb.v:21:31: Failed to bind "id:372, name:con_i".
[WRN:CP5851] $Source01/tb.v:21:49: Failed to bind "id:377, name:con_o".
[WRN:CP5851] $Source01/tb.v:22:41: Failed to bind "id:388, name:con_o".
[WRN:CP5851] $Source01/tb.v:22:62: Failed to bind "id:393, name:con_i".
[WRN:PA5506] $Source01/dut.v:2:1: No timescale set for "dut #(.width(1))".
[WRN:PA5506] $Source01/dut.v:11:1: No timescale set for "middle #(.width(1))".
[WRN:PA5506] $Source01/dut.v:15:1: No timescale set for "SUB #(.width(1))".
[WRN:PA5506] $Source01/tb.v:16:1: No timescale set for "TOP".
[WRN:PA5506] $Source01/dut.v:8:1: No timescale set for "ConnectTB #(.width(1))".
[WRN:PA5506] $Source01/tb.v:1:1: No timescale set for "TESTBENCH #(.width(1))".
====== HLDB =======
Design name:unnamed:
  vpiName: unnamed
  vpiSourceFile (2 items):
    SourceFile name:dut.v file:$Source01/dut.v:
      vpiParent: Design name:unnamed
      vpiName: dut.v
      vpiPreprocFile: "$Output/lib/work/dut.v"
    SourceFile name:tb.v file:$Source01/tb.v:
      vpiParent: Design name:unnamed
      vpiName: tb.v
      vpiPreprocFile: "$Output/lib/work/tb.v"
  vpiAllInterfaces (1 items):
    Interface name:ConnectTB #(.width(1)) file:$Source01/dut.v start:8:1 end:9:13:
      vpiParent: Design name:unnamed
      vpiName Identifier name:ConnectTB #(.width(1)) start:8:11 end:8:20:
      vpiFullName: ConnectTB #(.width(1))
      vpiVariable (1 items):
        Variable name:con_o start:8:98 end:8:103:
          vpiParent: Interface name:ConnectTB #(.width(1))
          vpiTypespec RefTypespec start:8:75 end:8:97:
            vpiParent: Variable name:con_o
            vpiFullName: ConnectTB #(.width(1)).con_o
            vpiActual: LogicTypespec
          vpiName: con_o
          vpiFullName: ConnectTB #(.width(1)).con_o
          vpiVector: true
      vpiParameter (1 items):
        Parameter name:width start:8:33 end:8:38:
          vpiParent: Interface name:ConnectTB #(.width(1))
          vpiTypespec RefTypespec start:8:33 end:8:33:
            vpiParent: Parameter name:width
            vpiFullName: ConnectTB #(.width(1)).width
            vpiActual: LogicTypespec
          vpiName: width
          vpiFullName: ConnectTB #(.width(1)).width
      vpiParamAssign (1 items):
        ParamAssign start:8:33 end:8:42:
          vpiParent: Interface name:ConnectTB #(.width(1))
          vpiLhs RefObj name:width start:8:33 end:8:38:
            vpiParent: ParamAssign
            vpiName: width
            vpiFullName: ConnectTB #(.width(1)).width
            vpiActual: Parameter name:width
          vpiRhs Constant start:8:41 end:8:42:
            vpiParent: ParamAssign
            vpiTypespec RefTypespec:
              vpiParent: Constant
              vpiFullName: ConnectTB #(.width(1))
              vpiActual: IntTypespec
            vpiConstType: unsigned int (9)
            vpiSize: 64
            vpiDecompile: "1"
            vpiValue: 1
      vpiTypespec (3 items):
        LogicTypespec:
          vpiParent: Interface name:ConnectTB #(.width(1))
        LogicTypespec:
          vpiParent: Interface name:ConnectTB #(.width(1))
          vpiRange (1 items):
            Range start:8:56 end:8:67:
              vpiParent: LogicTypespec
              vpiLeftRange Operation start:8:57 end:8:64:
                vpiParent: Range
                vpiOpType: subtract (11)
                vpiOperand (2 items):
                  RefObj name:width start:8:57 end:8:62:
                    vpiParent: Operation
                    vpiName: width
                    vpiFullName: ConnectTB #(.width(1)).width
                    vpiActual: Parameter name:width
                  Constant start:8:63 end:8:64:
                    vpiParent: Operation
                    vpiTypespec RefTypespec:
                      vpiParent: Constant
                      vpiFullName: ConnectTB #(.width(1))
                      vpiActual: IntTypespec
                    vpiConstType: unsigned int (9)
                    vpiSize: 64
                    vpiDecompile: "1"
                    vpiValue: 1
              vpiRightRange Constant start:8:65 end:8:66:
                vpiParent: Range
                vpiTypespec RefTypespec:
                  vpiParent: Constant
                  vpiFullName: ConnectTB #(.width(1))
                  vpiActual: IntTypespec
                vpiConstType: unsigned int (9)
                vpiSize: 64
                vpiDecompile: "0"
                vpiValue: 0
          vpiVector: true
        LogicTypespec:
          vpiParent: Interface name:ConnectTB #(.width(1))
          vpiRange (1 items):
            Range start:8:86 end:8:97:
              vpiParent: LogicTypespec
              vpiLeftRange Operation start:8:87 end:8:94:
                vpiParent: Range
                vpiOpType: subtract (11)
                vpiOperand (2 items):
                  RefObj name:width start:8:87 end:8:92:
                    vpiParent: Operation
                    vpiName: width
                    vpiFullName: ConnectTB #(.width(1)).width
                    vpiActual: Parameter name:width
                  Constant start:8:93 end:8:94:
                    vpiParent: Operation
                    vpiTypespec RefTypespec:
                      vpiParent: Constant
                      vpiFullName: ConnectTB #(.width(1))
                      vpiActual: IntTypespec
                    vpiConstType: unsigned int (9)
                    vpiSize: 64
                    vpiDecompile: "1"
                    vpiValue: 1
              vpiRightRange Constant start:8:95 end:8:96:
                vpiParent: Range
                vpiTypespec RefTypespec:
                  vpiParent: Constant
                  vpiFullName: ConnectTB #(.width(1))
                  vpiActual: IntTypespec
                vpiConstType: unsigned int (9)
                vpiSize: 64
                vpiDecompile: "0"
                vpiValue: 0
          vpiVector: true
      vpiDefName: ConnectTB
      vpiDefNetType: wire (1)
      vpiLibrary RefObj name:work:
        vpiParent: Interface name:ConnectTB #(.width(1))
        vpiName: work
        vpiFullName: ConnectTB #(.width(1)).work
      vpiCell: ConnectTB
      vpiNet (1 items):
        Net name:con_i start:8:68 end:8:73:
          vpiParent: Interface name:ConnectTB #(.width(1))
          vpiTypespec RefTypespec start:8:45 end:8:67:
            vpiParent: Net name:con_i
            vpiFullName: ConnectTB #(.width(1)).con_i
            vpiActual: LogicTypespec
          vpiName: con_i
          vpiFullName: ConnectTB #(.width(1)).con_i
          vpiNetType: wire (1)
          vpiVector: true
      vpiPort (2 items):
        Port name:con_i start:8:68 end:8:73:
          vpiParent: Interface name:ConnectTB #(.width(1))
          vpiName: con_i
          vpiDirection: input (1)
          vpiLowConn RefObj name:con_i start:8:68 end:8:73:
            vpiParent: Port name:con_i
            vpiName: con_i
            vpiFullName: ConnectTB #(.width(1)).con_i.con_i
            vpiActual: Net name:con_i
          vpiTypespec RefTypespec start:8:45 end:8:67:
            vpiParent: Port name:con_i
            vpiFullName: ConnectTB #(.width(1)).con_i
            vpiActual: LogicTypespec
        Port name:con_o start:8:98 end:8:103:
          vpiParent: Interface name:ConnectTB #(.width(1))
          vpiName: con_o
          vpiDirection: output (2)
          vpiLowConn RefObj name:con_o start:8:98 end:8:103:
            vpiParent: Port name:con_o
            vpiName: con_o
            vpiFullName: ConnectTB #(.width(1)).con_o.con_o
            vpiActual: Variable name:con_o
          vpiTypespec RefTypespec start:8:75 end:8:97:
            vpiParent: Port name:con_o
            vpiFullName: ConnectTB #(.width(1)).con_o
            vpiActual: LogicTypespec
  vpiAllPrograms (1 items):
    Program name:TESTBENCH #(.width(1)) file:$Source01/tb.v start:1:1 end:13:11:
      vpiParent: Design name:unnamed
      vpiName Identifier name:TESTBENCH #(.width(1)) start:1:9 end:1:18:
      vpiFullName: TESTBENCH #(.width(1))
      vpiVariable (1 items):
        Variable name:drive start:1:98 end:1:103:
          vpiParent: Program name:TESTBENCH #(.width(1))
          vpiTypespec RefTypespec start:1:75 end:1:97:
            vpiParent: Variable name:drive
            vpiFullName: TESTBENCH #(.width(1)).drive
            vpiActual: LogicTypespec
          vpiName: drive
          vpiFullName: TESTBENCH #(.width(1)).drive
          vpiVector: true
      vpiParameter (1 items):
        Parameter name:width start:1:31 end:1:36:
          vpiParent: Program name:TESTBENCH #(.width(1))
          vpiTypespec RefTypespec start:1:31 end:1:31:
            vpiParent: Parameter name:width
            vpiFullName: TESTBENCH #(.width(1)).width
            vpiActual: LogicTypespec
          vpiName: width
          vpiFullName: TESTBENCH #(.width(1)).width
      vpiParamAssign (1 items):
        ParamAssign start:1:31 end:1:40:
          vpiParent: Program name:TESTBENCH #(.width(1))
          vpiLhs RefObj name:width start:1:31 end:1:36:
            vpiParent: ParamAssign
            vpiName: width
            vpiFullName: TESTBENCH #(.width(1)).width
            vpiActual: Parameter name:width
          vpiRhs Constant start:1:39 end:1:40:
            vpiParent: ParamAssign
            vpiTypespec RefTypespec:
              vpiParent: Constant
              vpiFullName: TESTBENCH #(.width(1))
              vpiActual: IntTypespec
            vpiConstType: unsigned int (9)
            vpiSize: 64
            vpiDecompile: "1"
            vpiValue: 1
      vpiTypespec (3 items):
        LogicTypespec:
          vpiParent: Program name:TESTBENCH #(.width(1))
        LogicTypespec:
          vpiParent: Program name:TESTBENCH #(.width(1))
          vpiRange (1 items):
            Range start:1:54 end:1:65:
              vpiParent: LogicTypespec
              vpiLeftRange Operation start:1:55 end:1:62:
                vpiParent: Range
                vpiOpType: subtract (11)
                vpiOperand (2 items):
                  RefObj name:width start:1:55 end:1:60:
                    vpiParent: Operation
                    vpiName: width
                    vpiFullName: TESTBENCH #(.width(1)).width
                    vpiActual: Parameter name:width
                  Constant start:1:61 end:1:62:
                    vpiParent: Operation
                    vpiTypespec RefTypespec:
                      vpiParent: Constant
                      vpiFullName: TESTBENCH #(.width(1))
                      vpiActual: IntTypespec
                    vpiConstType: unsigned int (9)
                    vpiSize: 64
                    vpiDecompile: "1"
                    vpiValue: 1
              vpiRightRange Constant start:1:63 end:1:64:
                vpiParent: Range
                vpiTypespec RefTypespec:
                  vpiParent: Constant
                  vpiFullName: TESTBENCH #(.width(1))
                  vpiActual: IntTypespec
                vpiConstType: unsigned int (9)
                vpiSize: 64
                vpiDecompile: "0"
                vpiValue: 0
          vpiVector: true
        LogicTypespec:
          vpiParent: Program name:TESTBENCH #(.width(1))
          vpiRange (1 items):
            Range start:1:86 end:1:97:
              vpiParent: LogicTypespec
              vpiLeftRange Operation start:1:87 end:1:94:
                vpiParent: Range
                vpiOpType: subtract (11)
                vpiOperand (2 items):
                  RefObj name:width start:1:87 end:1:92:
                    vpiParent: Operation
                    vpiName: width
                    vpiFullName: TESTBENCH #(.width(1)).width
                    vpiActual: Parameter name:width
                  Constant start:1:93 end:1:94:
                    vpiParent: Operation
                    vpiTypespec RefTypespec:
                      vpiParent: Constant
                      vpiFullName: TESTBENCH #(.width(1))
                      vpiActual: IntTypespec
                    vpiConstType: unsigned int (9)
                    vpiSize: 64
                    vpiDecompile: "1"
                    vpiValue: 1
              vpiRightRange Constant start:1:95 end:1:96:
                vpiParent: Range
                vpiTypespec RefTypespec:
                  vpiParent: Constant
                  vpiFullName: TESTBENCH #(.width(1))
                  vpiActual: IntTypespec
                vpiConstType: unsigned int (9)
                vpiSize: 64
                vpiDecompile: "0"
                vpiValue: 0
          vpiVector: true
      vpiDefName: TESTBENCH
      vpiDefNetType: wire (1)
      vpiLibrary RefObj name:work:
        vpiParent: Program name:TESTBENCH #(.width(1))
        vpiName: work
        vpiFullName: TESTBENCH #(.width(1)).work
      vpiCell: TESTBENCH
      vpiNet (1 items):
        Net name:observe start:1:66 end:1:73:
          vpiParent: Program name:TESTBENCH #(.width(1))
          vpiTypespec RefTypespec start:1:43 end:1:65:
            vpiParent: Net name:observe
            vpiFullName: TESTBENCH #(.width(1)).observe
            vpiActual: LogicTypespec
          vpiName: observe
          vpiFullName: TESTBENCH #(.width(1)).observe
          vpiNetType: wire (1)
          vpiVector: true
      vpiProcess (1 items):
        Initial start:2:3 end:12:6:
          vpiParent: Program name:TESTBENCH #(.width(1))
          vpiStmt Begin start:2:11 end:12:6:
            vpiParent: Initial
            vpiFullName: TESTBENCH #(.width(1))
            vpiStmt (8 items):
              SysTaskCall name:$dumpfile start:3:5 end:3:26:
                vpiParent: Begin
                vpiName Identifier name:$dumpfile start:3:5 end:3:14:
                vpiArgument (1 items):
                  Constant start:3:15 end:3:25:
                    vpiParent: SysTaskCall name:$dumpfile
                    vpiTypespec RefTypespec:
                      vpiParent: Constant
                      vpiFullName: TESTBENCH #(.width(1))
                      vpiActual: StringTypespec
                    vpiConstType: string (6)
                    vpiSize: 64
                    vpiDecompile: "\"test.vcd\""
                    vpiValue: test.vcd
              SysTaskCall name:$dumpvars start:4:5 end:4:14:
                vpiParent: Begin
                vpiName Identifier name:$dumpvars start:4:5 end:4:14:
              SysTaskCall name:$monitor start:5:5 end:5:61:
                vpiParent: Begin
                vpiName Identifier name:$monitor start:5:5 end:5:13:
                vpiArgument (4 items):
                  Constant start:5:14 end:5:39:
                    vpiParent: SysTaskCall name:$monitor
                    vpiTypespec RefTypespec:
                      vpiParent: Constant
                      vpiFullName: TESTBENCH #(.width(1))
                      vpiActual: StringTypespec
                    vpiConstType: string (6)
                    vpiSize: 184
                    vpiDecompile: "\"@%0dns i = %0d, o = %0d\""
                    vpiValue: "@%0dns i = %0d, o = %0d"
                  SysFuncCall name:$time start:5:40 end:5:45:
                    vpiParent: SysTaskCall name:$monitor
                    vpiName Identifier name:$time start:5:40 end:5:45:
                  RefObj name:drive start:5:46 end:5:51:
                    vpiParent: SysTaskCall name:$monitor
                    vpiName: drive
                    vpiFullName: TESTBENCH #(.width(1)).drive
                    vpiActual: Port name:drive
                  RefObj name:observe start:5:53 end:5:60:
                    vpiParent: SysTaskCall name:$monitor
                    vpiName: observe
                    vpiFullName: TESTBENCH #(.width(1)).observe
                    vpiActual: Port name:observe
              Assignment start:6:5 end:6:16:
                vpiParent: Begin
                vpiBlocking: true
                vpiLhs RefObj name:drive start:6:5 end:6:10:
                  vpiParent: Assignment
                  vpiName: drive
                  vpiFullName: TESTBENCH #(.width(1)).drive
                  vpiActual: Port name:drive
                vpiRhs Constant start:6:13 end:6:16:
                  vpiParent: Assignment
                  vpiTypespec RefTypespec:
                    vpiParent: Constant
                    vpiFullName: TESTBENCH #(.width(1))
                    vpiActual: IntTypespec
                  vpiConstType: unsigned int (9)
                  vpiSize: 64
                  vpiDecompile: "000"
                  vpiValue: 0
              DelayControl start:7:5 end:7:86:
                vpiParent: Begin
                vpiStmt ImmediateAssert start:7:8 end:7:86:
                  vpiParent: DelayControl
                  vpiExpr Operation start:7:15 end:7:31:
                    vpiParent: ImmediateAssert
                    vpiOpType: equal (14)
                    vpiOperand (2 items):
                      RefObj name:drive start:7:15 end:7:20:
                        vpiParent: Operation
                        vpiName: drive
                        vpiFullName: TESTBENCH #(.width(1)).drive
                        vpiActual: Port name:drive
                      RefObj name:observe start:7:24 end:7:31:
                        vpiParent: Operation
                        vpiName: observe
                        vpiFullName: TESTBENCH #(.width(1)).observe
                        vpiActual: Port name:observe
                  vpiStmt SysTaskCall name:$display start:7:33 end:7:48:
                    vpiParent: ImmediateAssert
                    vpiName Identifier name:$display start:7:33 end:7:41:
                    vpiArgument (1 items):
                      Constant start:7:42 end:7:47:
                        vpiParent: SysTaskCall name:$display
                        vpiTypespec RefTypespec:
                          vpiParent: Constant
                          vpiFullName: TESTBENCH #(.width(1))
                          vpiActual: StringTypespec
                        vpiConstType: string (6)
                        vpiSize: 24
                        vpiDecompile: "\"OK!\""
                        vpiValue: OK!
                  vpiElseStmt SysTaskCall name:$fatal start:7:55 end:7:85:
                    vpiParent: ImmediateAssert
                    vpiName Identifier name:$fatal start:7:55 end:7:61:
                    vpiArgument (2 items):
                      Constant start:7:62 end:7:63:
                        vpiParent: SysTaskCall name:$fatal
                        vpiTypespec RefTypespec:
                          vpiParent: Constant
                          vpiFullName: TESTBENCH #(.width(1))
                          vpiActual: IntTypespec
                        vpiConstType: unsigned int (9)
                        vpiSize: 64
                        vpiDecompile: "1"
                        vpiValue: 1
                      Constant start:7:65 end:7:84:
                        vpiParent: SysTaskCall name:$fatal
                        vpiTypespec RefTypespec:
                          vpiParent: Constant
                          vpiFullName: TESTBENCH #(.width(1))
                          vpiActual: StringTypespec
                        vpiConstType: string (6)
                        vpiSize: 136
                        vpiDecompile: "\"drive != observe!\""
                        vpiValue: drive != observe!
                vpiDelay Constant start:7:6 end:7:7:
                  vpiParent: DelayControl
                  vpiTypespec RefTypespec:
                    vpiParent: Constant
                    vpiFullName: TESTBENCH #(.width(1))
                    vpiActual: IntTypespec
                  vpiConstType: int (7)
                  vpiSize: 32
                  vpiDecompile: "1"
                  vpiValue: 1
              DelayControl start:8:5 end:8:20:
                vpiParent: Begin
                vpiStmt Assignment start:8:8 end:8:19:
                  vpiParent: DelayControl
                  vpiBlocking: true
                  vpiLhs RefObj name:drive start:8:8 end:8:13:
                    vpiParent: Assignment
                    vpiName: drive
                    vpiFullName: TESTBENCH #(.width(1)).drive
                    vpiActual: Port name:drive
                  vpiRhs Constant start:8:16 end:8:19:
                    vpiParent: Assignment
                    vpiTypespec RefTypespec:
                      vpiParent: Constant
                      vpiFullName: TESTBENCH #(.width(1))
                      vpiActual: IntTypespec
                    vpiConstType: unsigned int (9)
                    vpiSize: 64
                    vpiDecompile: "111"
                    vpiValue: 111
                vpiDelay Constant start:8:6 end:8:7:
                  vpiParent: DelayControl
                  vpiTypespec RefTypespec:
                    vpiParent: Constant
                    vpiFullName: TESTBENCH #(.width(1))
                    vpiActual: IntTypespec
                  vpiConstType: int (7)
                  vpiSize: 32
                  vpiDecompile: "5"
                  vpiValue: 5
              DelayControl start:9:5 end:9:86:
                vpiParent: Begin
                vpiStmt ImmediateAssert start:9:8 end:9:86:
                  vpiParent: DelayControl
                  vpiExpr Operation start:9:15 end:9:31:
                    vpiParent: ImmediateAssert
                    vpiOpType: equal (14)
                    vpiOperand (2 items):
                      RefObj name:drive start:9:15 end:9:20:
                        vpiParent: Operation
                        vpiName: drive
                        vpiFullName: TESTBENCH #(.width(1)).drive
                        vpiActual: Port name:drive
                      RefObj name:observe start:9:24 end:9:31:
                        vpiParent: Operation
                        vpiName: observe
                        vpiFullName: TESTBENCH #(.width(1)).observe
                        vpiActual: Port name:observe
                  vpiStmt SysTaskCall name:$display start:9:33 end:9:48:
                    vpiParent: ImmediateAssert
                    vpiName Identifier name:$display start:9:33 end:9:41:
                    vpiArgument (1 items):
                      Constant start:9:42 end:9:47:
                        vpiParent: SysTaskCall name:$display
                        vpiTypespec RefTypespec:
                          vpiParent: Constant
                          vpiFullName: TESTBENCH #(.width(1))
                          vpiActual: StringTypespec
                        vpiConstType: string (6)
                        vpiSize: 24
                        vpiDecompile: "\"OK!\""
                        vpiValue: OK!
                  vpiElseStmt SysTaskCall name:$fatal start:9:55 end:9:85:
                    vpiParent: ImmediateAssert
                    vpiName Identifier name:$fatal start:9:55 end:9:61:
                    vpiArgument (2 items):
                      Constant start:9:62 end:9:63:
                        vpiParent: SysTaskCall name:$fatal
                        vpiTypespec RefTypespec:
                          vpiParent: Constant
                          vpiFullName: TESTBENCH #(.width(1))
                          vpiActual: IntTypespec
                        vpiConstType: unsigned int (9)
                        vpiSize: 64
                        vpiDecompile: "1"
                        vpiValue: 1
                      Constant start:9:65 end:9:84:
                        vpiParent: SysTaskCall name:$fatal
                        vpiTypespec RefTypespec:
                          vpiParent: Constant
                          vpiFullName: TESTBENCH #(.width(1))
                          vpiActual: StringTypespec
                        vpiConstType: string (6)
                        vpiSize: 136
                        vpiDecompile: "\"drive != observe!\""
                        vpiValue: drive != observe!
                vpiDelay Constant start:9:6 end:9:7:
                  vpiParent: DelayControl
                  vpiTypespec RefTypespec:
                    vpiParent: Constant
                    vpiFullName: TESTBENCH #(.width(1))
                    vpiActual: IntTypespec
                  vpiConstType: int (7)
                  vpiSize: 32
                  vpiDecompile: "1"
                  vpiValue: 1
              DelayControl start:10:5 end:10:20:
                vpiParent: Begin
                vpiStmt SysTaskCall name:$finish start:10:10 end:10:19:
                  vpiParent: DelayControl
                  vpiName Identifier name:$finish start:10:10 end:10:17:
                vpiDelay Constant start:10:6 end:10:9:
                  vpiParent: DelayControl
                  vpiTypespec RefTypespec:
                    vpiParent: Constant
                    vpiFullName: TESTBENCH #(.width(1))
                    vpiActual: IntTypespec
                  vpiConstType: int (7)
                  vpiSize: 32
                  vpiDecompile: "100"
                  vpiValue: 100
      vpiPort (2 items):
        Port name:observe start:1:66 end:1:73:
          vpiParent: Program name:TESTBENCH #(.width(1))
          vpiName: observe
          vpiDirection: input (1)
          vpiLowConn RefObj name:observe start:1:66 end:1:73:
            vpiParent: Port name:observe
            vpiName: observe
            vpiFullName: TESTBENCH #(.width(1)).observe.observe
            vpiActual: Net name:observe
          vpiTypespec RefTypespec start:1:43 end:1:65:
            vpiParent: Port name:observe
            vpiFullName: TESTBENCH #(.width(1)).observe
            vpiActual: LogicTypespec
        Port name:drive start:1:98 end:1:103:
          vpiParent: Program name:TESTBENCH #(.width(1))
          vpiName: drive
          vpiDirection: output (2)
          vpiLowConn RefObj name:drive start:1:98 end:1:103:
            vpiParent: Port name:drive
            vpiName: drive
            vpiFullName: TESTBENCH #(.width(1)).drive.drive
            vpiActual: Variable name:drive
          vpiTypespec RefTypespec start:1:75 end:1:97:
            vpiParent: Port name:drive
            vpiFullName: TESTBENCH #(.width(1)).drive
            vpiActual: LogicTypespec
  vpiAllModules (4 items):
    Module name:dut #(.width(1)) file:$Source01/dut.v start:2:1 end:5:10:
      vpiParent: Design name:unnamed
      vpiName Identifier name:dut #(.width(1)) start:2:8 end:2:11:
      vpiFullName: dut #(.width(1))
      vpiVariable (1 items):
        Variable name:o start:2:85 end:2:86:
          vpiParent: Module name:dut #(.width(1))
          vpiTypespec RefTypespec start:2:62 end:2:84:
            vpiParent: Variable name:o
            vpiFullName: dut #(.width(1)).o
            vpiActual: LogicTypespec
          vpiName: o
          vpiFullName: dut #(.width(1)).o
          vpiVector: true
      vpiParameter (1 items):
        Parameter name:width start:2:24 end:2:29:
          vpiParent: Module name:dut #(.width(1))
          vpiTypespec RefTypespec start:2:24 end:2:24:
            vpiParent: Parameter name:width
            vpiFullName: dut #(.width(1)).width
            vpiActual: LogicTypespec
          vpiName: width
          vpiFullName: dut #(.width(1)).width
      vpiParamAssign (1 items):
        ParamAssign start:2:24 end:2:33:
          vpiParent: Module name:dut #(.width(1))
          vpiLhs RefObj name:width start:2:24 end:2:29:
            vpiParent: ParamAssign
            vpiName: width
            vpiFullName: dut #(.width(1)).width
            vpiActual: Parameter name:width
          vpiRhs Constant start:2:32 end:2:33:
            vpiParent: ParamAssign
            vpiTypespec RefTypespec:
              vpiParent: Constant
              vpiFullName: dut #(.width(1))
              vpiActual: IntTypespec
            vpiConstType: unsigned int (9)
            vpiSize: 64
            vpiDecompile: "1"
            vpiValue: 1
      vpiTypespec (4 items):
        LogicTypespec:
          vpiParent: Module name:dut #(.width(1))
        LogicTypespec:
          vpiParent: Module name:dut #(.width(1))
          vpiRange (1 items):
            Range start:2:47 end:2:58:
              vpiParent: LogicTypespec
              vpiLeftRange Operation start:2:48 end:2:55:
                vpiParent: Range
                vpiOpType: subtract (11)
                vpiOperand (2 items):
                  RefObj name:width start:2:48 end:2:53:
                    vpiParent: Operation
                    vpiName: width
                    vpiFullName: dut #(.width(1)).width
                    vpiActual: Parameter name:width
                  Constant start:2:54 end:2:55:
                    vpiParent: Operation
                    vpiTypespec RefTypespec:
                      vpiParent: Constant
                      vpiFullName: dut #(.width(1))
                      vpiActual: IntTypespec
                    vpiConstType: unsigned int (9)
                    vpiSize: 64
                    vpiDecompile: "1"
                    vpiValue: 1
              vpiRightRange Constant start:2:56 end:2:57:
                vpiParent: Range
                vpiTypespec RefTypespec:
                  vpiParent: Constant
                  vpiFullName: dut #(.width(1))
                  vpiActual: IntTypespec
                vpiConstType: unsigned int (9)
                vpiSize: 64
                vpiDecompile: "0"
                vpiValue: 0
          vpiVector: true
        LogicTypespec:
          vpiParent: Module name:dut #(.width(1))
          vpiRange (1 items):
            Range start:2:73 end:2:84:
              vpiParent: LogicTypespec
              vpiLeftRange Operation start:2:74 end:2:81:
                vpiParent: Range
                vpiOpType: subtract (11)
                vpiOperand (2 items):
                  RefObj name:width start:2:74 end:2:79:
                    vpiParent: Operation
                    vpiName: width
                    vpiFullName: dut #(.width(1)).width
                    vpiActual: Parameter name:width
                  Constant start:2:80 end:2:81:
                    vpiParent: Operation
                    vpiTypespec RefTypespec:
                      vpiParent: Constant
                      vpiFullName: dut #(.width(1))
                      vpiActual: IntTypespec
                    vpiConstType: unsigned int (9)
                    vpiSize: 64
                    vpiDecompile: "1"
                    vpiValue: 1
              vpiRightRange Constant start:2:82 end:2:83:
                vpiParent: Range
                vpiTypespec RefTypespec:
                  vpiParent: Constant
                  vpiFullName: dut #(.width(1))
                  vpiActual: IntTypespec
                vpiConstType: unsigned int (9)
                vpiSize: 64
                vpiDecompile: "0"
                vpiValue: 0
          vpiVector: true
        ModuleTypespec name:middle start:4:3 end:4:9:
          vpiParent: Module name:dut #(.width(1))
          vpiName Identifier name:middle start:4:3 end:4:9:
          vpiDefName: middle
          vpiParamAssign (1 items):
            ParamAssign start:4:12 end:4:25:
              vpiParent: ModuleTypespec name:middle
              vpiConnByName: true
              vpiOverridden: true
              vpiLhs RefObj name:width start:4:13 end:4:18:
                vpiParent: ParamAssign
                vpiName: width
                vpiFullName: dut #(.width(1)).middle.width
                vpiActual: Parameter name:width
              vpiRhs RefObj name:width start:4:19 end:4:24:
                vpiParent: ParamAssign
                vpiName: width
                vpiFullName: dut #(.width(1)).middle.width
                vpiActual: Parameter name:width
          vpiModule: Module name:middle #(.width(1))
      vpiDefName: dut
      vpiDefNetType: wire (1)
      vpiLibrary RefObj name:work:
        vpiParent: Module name:dut #(.width(1))
        vpiName: work
        vpiFullName: dut #(.width(1)).work
      vpiCell: dut
      vpiNet (1 items):
        Net name:i start:2:59 end:2:60:
          vpiParent: Module name:dut #(.width(1))
          vpiTypespec RefTypespec start:2:36 end:2:58:
            vpiParent: Net name:i
            vpiFullName: dut #(.width(1)).i
            vpiActual: LogicTypespec
          vpiName: i
          vpiFullName: dut #(.width(1)).i
          vpiNetType: wire (1)
          vpiVector: true
      vpiPort (2 items):
        Port name:i start:2:59 end:2:60:
          vpiParent: Module name:dut #(.width(1))
          vpiName: i
          vpiDirection: input (1)
          vpiLowConn RefObj name:i start:2:59 end:2:60:
            vpiParent: Port name:i
            vpiName: i
            vpiFullName: dut #(.width(1)).i.i
            vpiActual: Net name:i
          vpiTypespec RefTypespec start:2:36 end:2:58:
            vpiParent: Port name:i
            vpiFullName: dut #(.width(1)).i
            vpiActual: LogicTypespec
        Port name:o start:2:85 end:2:86:
          vpiParent: Module name:dut #(.width(1))
          vpiName: o
          vpiDirection: output (2)
          vpiLowConn RefObj name:o start:2:85 end:2:86:
            vpiParent: Port name:o
            vpiName: o
            vpiFullName: dut #(.width(1)).o.o
            vpiActual: Variable name:o
          vpiTypespec RefTypespec start:2:62 end:2:84:
            vpiParent: Port name:o
            vpiFullName: dut #(.width(1)).o
            vpiActual: LogicTypespec
      vpiRefInstance (2 items):
        RefInstance name:conntb start:3:30 end:3:36:
          vpiParent: Module name:dut #(.width(1))
          vpiName: conntb
          vpiTypespec RefTypespec name:ConnectTB start:3:3 end:3:12:
            vpiParent: RefInstance name:conntb
            vpiName: ConnectTB
            vpiFullName: dut #(.width(1)).conntb.ConnectTB
            vpiActual: InterfaceTypespec name:ConnectTB
          vpiPort (2 items):
            Port start:3:37 end:3:46:
              vpiParent: RefInstance name:conntb
              vpiLowConn RefObj name:con_i start:3:38 end:3:43:
                vpiParent: Port
                vpiName: con_i
                vpiFullName: dut #(.width(1)).conntb.con_i
                vpiActual: Port name:con_i
              vpiHighConn RefObj name:i start:3:44 end:3:45:
                vpiParent: Port
                vpiName: i
                vpiFullName: dut #(.width(1)).conntb.i
                vpiActual: Net name:i
            Port start:3:47 end:3:56:
              vpiParent: RefInstance name:conntb
              vpiLowConn RefObj name:con_o start:3:48 end:3:53:
                vpiParent: Port
                vpiName: con_o
                vpiFullName: dut #(.width(1)).conntb.con_o
                vpiActual: Port name:con_o
              vpiHighConn RefObj name:o start:3:54 end:3:55:
                vpiParent: Port
                vpiName: o
                vpiFullName: dut #(.width(1)).conntb.o
                vpiActual: Variable name:o
        RefInstance name:middle1 start:4:27 end:4:34:
          vpiParent: Module name:dut #(.width(1))
          vpiName: middle1
          vpiTypespec RefTypespec name:middle start:4:3 end:4:9:
            vpiParent: RefInstance name:middle1
            vpiName: middle
            vpiFullName: dut #(.width(1)).middle1.middle
            vpiActual: ModuleTypespec name:middle
          vpiPort (1 items):
            Port start:4:35 end:4:41:
              vpiParent: RefInstance name:middle1
              vpiLowConn RefObj name:conn:
                vpiParent: Port
                vpiName: conn
                vpiFullName: dut #(.width(1)).middle1.conn
                vpiActual: Port name:conn
              vpiHighConn RefObj name:conntb start:4:35 end:4:41:
                vpiParent: Port
                vpiName: conntb
                vpiFullName: dut #(.width(1)).middle1.conntb
                vpiActual: RefInstance name:conntb
    Module name:middle #(.width(1)) file:$Source01/dut.v start:11:1 end:13:10:
      vpiParent: Design name:unnamed
      vpiName Identifier name:middle #(.width(1)) start:11:8 end:11:14:
      vpiFullName: middle #(.width(1))
      vpiParameter (1 items):
        Parameter name:width start:11:27 end:11:32:
          vpiParent: Module name:middle #(.width(1))
          vpiTypespec RefTypespec start:11:27 end:11:27:
            vpiParent: Parameter name:width
            vpiFullName: middle #(.width(1)).width
            vpiActual: LogicTypespec
          vpiName: width
          vpiFullName: middle #(.width(1)).width
      vpiParamAssign (1 items):
        ParamAssign start:11:27 end:11:36:
          vpiParent: Module name:middle #(.width(1))
          vpiLhs RefObj name:width start:11:27 end:11:32:
            vpiParent: ParamAssign
            vpiName: width
            vpiFullName: middle #(.width(1)).width
            vpiActual: Parameter name:width
          vpiRhs Constant start:11:35 end:11:36:
            vpiParent: ParamAssign
            vpiTypespec RefTypespec:
              vpiParent: Constant
              vpiFullName: middle #(.width(1))
              vpiActual: IntTypespec
            vpiConstType: unsigned int (9)
            vpiSize: 64
            vpiDecompile: "1"
            vpiValue: 1
      vpiTypespec (3 items):
        LogicTypespec:
          vpiParent: Module name:middle #(.width(1))
        InterfaceTypespec name:ConnectTB start:11:39 end:11:48:
          vpiParent: Module name:middle #(.width(1))
          vpiName Identifier name:ConnectTB start:11:39 end:11:48:
          vpiDefName: ConnectTB
          vpiInterface: Interface name:ConnectTB #(.width(1))
        ModuleTypespec name:SUB start:12:3 end:12:6:
          vpiParent: Module name:middle #(.width(1))
          vpiName Identifier name:SUB start:12:3 end:12:6:
          vpiDefName: SUB
          vpiParamAssign (1 items):
            ParamAssign start:12:9 end:12:22:
              vpiParent: ModuleTypespec name:SUB
              vpiConnByName: true
              vpiOverridden: true
              vpiLhs RefObj name:width start:12:10 end:12:15:
                vpiParent: ParamAssign
                vpiName: width
                vpiFullName: middle #(.width(1)).SUB.width
                vpiActual: Parameter name:width
              vpiRhs RefObj name:width start:12:16 end:12:21:
                vpiParent: ParamAssign
                vpiName: width
                vpiFullName: middle #(.width(1)).SUB.width
                vpiActual: Parameter name:width
          vpiModule: Module name:SUB #(.width(1))
      vpiDefName: middle
      vpiDefNetType: wire (1)
      vpiLibrary RefObj name:work:
        vpiParent: Module name:middle #(.width(1))
        vpiName: work
        vpiFullName: middle #(.width(1)).work
      vpiCell: middle
      vpiNet (1 items):
        Net name:conn start:11:49 end:11:53:
          vpiParent: Module name:middle #(.width(1))
          vpiTypespec RefTypespec name:ConnectTB start:11:39 end:11:48:
            vpiParent: Net name:conn
            vpiName: ConnectTB
            vpiFullName: middle #(.width(1)).conn.ConnectTB
            vpiActual: InterfaceTypespec name:ConnectTB
          vpiName: conn
          vpiFullName: middle #(.width(1)).conn
          vpiNetType: wire (1)
      vpiPort (1 items):
        Port name:conn start:11:49 end:11:53:
          vpiParent: Module name:middle #(.width(1))
          vpiName: conn
          vpiDirection: inout (3)
          vpiLowConn RefObj name:conn start:11:49 end:11:53:
            vpiParent: Port name:conn
            vpiName: conn
            vpiFullName: middle #(.width(1)).conn.conn
            vpiActual: Net name:conn
          vpiTypespec RefTypespec name:ConnectTB start:11:39 end:11:48:
            vpiParent: Port name:conn
            vpiName: ConnectTB
            vpiFullName: middle #(.width(1)).conn.ConnectTB
            vpiActual: InterfaceTypespec name:ConnectTB
      vpiRefInstance (1 items):
        RefInstance name:sub1 start:12:24 end:12:28:
          vpiParent: Module name:middle #(.width(1))
          vpiName: sub1
          vpiTypespec RefTypespec name:SUB start:12:3 end:12:6:
            vpiParent: RefInstance name:sub1
            vpiName: SUB
            vpiFullName: middle #(.width(1)).sub1.SUB
            vpiActual: ModuleTypespec name:SUB
          vpiPort (2 items):
            Port start:12:29 end:12:45:
              vpiParent: RefInstance name:sub1
              vpiLowConn RefObj name:inp start:12:30 end:12:33:
                vpiParent: Port
                vpiName: inp
                vpiFullName: middle #(.width(1)).sub1.inp
                vpiActual: Port name:inp
              vpiHighConn HierPath name:conn.con_i start:12:34 end:12:44:
                vpiParent: Port
                vpiName: conn.con_i
                vpiFullName: middle #(.width(1)).sub1.conn.con_i
                vpiPathElem (2 items):
                  RefObj name:conn start:12:34 end:12:38:
                    vpiParent: HierPath name:conn.con_i
                    vpiName: conn
                    vpiFullName: middle #(.width(1)).sub1.conn
                    vpiActual: Net name:conn
                  RefObj name:con_i start:12:39 end:12:44:
                    vpiParent: HierPath name:conn.con_i
                    vpiName: con_i
                    vpiFullName: middle #(.width(1)).sub1.con_i
                    vpiActual: Port name:con_i
            Port start:12:46 end:12:62:
              vpiParent: RefInstance name:sub1
              vpiLowConn RefObj name:out start:12:47 end:12:50:
                vpiParent: Port
                vpiName: out
                vpiFullName: middle #(.width(1)).sub1.out
                vpiActual: Port name:out
              vpiHighConn HierPath name:conn.con_o start:12:51 end:12:61:
                vpiParent: Port
                vpiName: conn.con_o
                vpiFullName: middle #(.width(1)).sub1.conn.con_o
                vpiPathElem (2 items):
                  RefObj name:conn start:12:51 end:12:55:
                    vpiParent: HierPath name:conn.con_o
                    vpiName: conn
                    vpiFullName: middle #(.width(1)).sub1.conn
                    vpiActual: Net name:conn
                  RefObj name:con_o start:12:56 end:12:61:
                    vpiParent: HierPath name:conn.con_o
                    vpiName: con_o
                    vpiFullName: middle #(.width(1)).sub1.con_o
                    vpiActual: Port name:con_o
    Module name:SUB #(.width(1)) file:$Source01/dut.v start:15:1 end:17:10:
      vpiParent: Design name:unnamed
      vpiName Identifier name:SUB #(.width(1)) start:15:8 end:15:11:
      vpiFullName: SUB #(.width(1))
      vpiVariable (1 items):
        Variable name:out start:15:87 end:15:90:
          vpiParent: Module name:SUB #(.width(1))
          vpiTypespec RefTypespec start:15:64 end:15:86:
            vpiParent: Variable name:out
            vpiFullName: SUB #(.width(1)).out
            vpiActual: LogicTypespec
          vpiName: out
          vpiFullName: SUB #(.width(1)).out
          vpiVector: true
      vpiParameter (1 items):
        Parameter name:width start:15:24 end:15:29:
          vpiParent: Module name:SUB #(.width(1))
          vpiTypespec RefTypespec start:15:24 end:15:24:
            vpiParent: Parameter name:width
            vpiFullName: SUB #(.width(1)).width
            vpiActual: LogicTypespec
          vpiName: width
          vpiFullName: SUB #(.width(1)).width
      vpiParamAssign (1 items):
        ParamAssign start:15:24 end:15:33:
          vpiParent: Module name:SUB #(.width(1))
          vpiLhs RefObj name:width start:15:24 end:15:29:
            vpiParent: ParamAssign
            vpiName: width
            vpiFullName: SUB #(.width(1)).width
            vpiActual: Parameter name:width
          vpiRhs Constant start:15:32 end:15:33:
            vpiParent: ParamAssign
            vpiTypespec RefTypespec:
              vpiParent: Constant
              vpiFullName: SUB #(.width(1))
              vpiActual: IntTypespec
            vpiConstType: unsigned int (9)
            vpiSize: 64
            vpiDecompile: "1"
            vpiValue: 1
      vpiTypespec (3 items):
        LogicTypespec:
          vpiParent: Module name:SUB #(.width(1))
        LogicTypespec:
          vpiParent: Module name:SUB #(.width(1))
          vpiRange (1 items):
            Range start:15:47 end:15:58:
              vpiParent: LogicTypespec
              vpiLeftRange Operation start:15:48 end:15:55:
                vpiParent: Range
                vpiOpType: subtract (11)
                vpiOperand (2 items):
                  RefObj name:width start:15:48 end:15:53:
                    vpiParent: Operation
                    vpiName: width
                    vpiFullName: SUB #(.width(1)).width
                    vpiActual: Parameter name:width
                  Constant start:15:54 end:15:55:
                    vpiParent: Operation
                    vpiTypespec RefTypespec:
                      vpiParent: Constant
                      vpiFullName: SUB #(.width(1))
                      vpiActual: IntTypespec
                    vpiConstType: unsigned int (9)
                    vpiSize: 64
                    vpiDecompile: "1"
                    vpiValue: 1
              vpiRightRange Constant start:15:56 end:15:57:
                vpiParent: Range
                vpiTypespec RefTypespec:
                  vpiParent: Constant
                  vpiFullName: SUB #(.width(1))
                  vpiActual: IntTypespec
                vpiConstType: unsigned int (9)
                vpiSize: 64
                vpiDecompile: "0"
                vpiValue: 0
          vpiVector: true
        LogicTypespec:
          vpiParent: Module name:SUB #(.width(1))
          vpiRange (1 items):
            Range start:15:75 end:15:86:
              vpiParent: LogicTypespec
              vpiLeftRange Operation start:15:76 end:15:83:
                vpiParent: Range
                vpiOpType: subtract (11)
                vpiOperand (2 items):
                  RefObj name:width start:15:76 end:15:81:
                    vpiParent: Operation
                    vpiName: width
                    vpiFullName: SUB #(.width(1)).width
                    vpiActual: Parameter name:width
                  Constant start:15:82 end:15:83:
                    vpiParent: Operation
                    vpiTypespec RefTypespec:
                      vpiParent: Constant
                      vpiFullName: SUB #(.width(1))
                      vpiActual: IntTypespec
                    vpiConstType: unsigned int (9)
                    vpiSize: 64
                    vpiDecompile: "1"
                    vpiValue: 1
              vpiRightRange Constant start:15:84 end:15:85:
                vpiParent: Range
                vpiTypespec RefTypespec:
                  vpiParent: Constant
                  vpiFullName: SUB #(.width(1))
                  vpiActual: IntTypespec
                vpiConstType: unsigned int (9)
                vpiSize: 64
                vpiDecompile: "0"
                vpiValue: 0
          vpiVector: true
      vpiDefName: SUB
      vpiDefNetType: wire (1)
      vpiLibrary RefObj name:work:
        vpiParent: Module name:SUB #(.width(1))
        vpiName: work
        vpiFullName: SUB #(.width(1)).work
      vpiCell: SUB
      vpiNet (1 items):
        Net name:inp start:15:59 end:15:62:
          vpiParent: Module name:SUB #(.width(1))
          vpiTypespec RefTypespec start:15:36 end:15:58:
            vpiParent: Net name:inp
            vpiFullName: SUB #(.width(1)).inp
            vpiActual: LogicTypespec
          vpiName: inp
          vpiFullName: SUB #(.width(1)).inp
          vpiNetType: wire (1)
          vpiVector: true
      vpiPort (2 items):
        Port name:inp start:15:59 end:15:62:
          vpiParent: Module name:SUB #(.width(1))
          vpiName: inp
          vpiDirection: input (1)
          vpiLowConn RefObj name:inp start:15:59 end:15:62:
            vpiParent: Port name:inp
            vpiName: inp
            vpiFullName: SUB #(.width(1)).inp.inp
            vpiActual: Net name:inp
          vpiTypespec RefTypespec start:15:36 end:15:58:
            vpiParent: Port name:inp
            vpiFullName: SUB #(.width(1)).inp
            vpiActual: LogicTypespec
        Port name:out start:15:87 end:15:90:
          vpiParent: Module name:SUB #(.width(1))
          vpiName: out
          vpiDirection: output (2)
          vpiLowConn RefObj name:out start:15:87 end:15:90:
            vpiParent: Port name:out
            vpiName: out
            vpiFullName: SUB #(.width(1)).out.out
            vpiActual: Variable name:out
          vpiTypespec RefTypespec start:15:64 end:15:86:
            vpiParent: Port name:out
            vpiFullName: SUB #(.width(1)).out
            vpiActual: LogicTypespec
      vpiContAssign (1 items):
        ContAssign start:16:10 end:16:19:
          vpiParent: Module name:SUB #(.width(1))
          vpiLhs RefObj name:out start:16:10 end:16:13:
            vpiParent: ContAssign
            vpiName: out
            vpiFullName: SUB #(.width(1)).out
            vpiActual: Variable name:out
          vpiRhs RefObj name:inp start:16:16 end:16:19:
            vpiParent: ContAssign
            vpiName: inp
            vpiFullName: SUB #(.width(1)).inp
            vpiActual: Net name:inp
    Module name:TOP file:$Source01/tb.v start:16:1 end:23:10:
      vpiParent: Design name:unnamed
      vpiName Identifier name:TOP start:16:8 end:16:11:
      vpiFullName: TOP
      vpiParameter (1 items):
        Parameter name:width start:17:13 end:17:18:
          vpiParent: Module name:TOP
          vpiTypespec RefTypespec start:17:13 end:17:13:
            vpiParent: Parameter name:width
            vpiFullName: TOP.width
            vpiActual: LogicTypespec
          vpiName: width
          vpiFullName: TOP.width
      vpiParamAssign (1 items):
        ParamAssign start:17:13 end:17:23:
          vpiParent: Module name:TOP
          vpiLhs RefObj name:width start:17:13 end:17:18:
            vpiParent: ParamAssign
            vpiName: width
            vpiFullName: TOP.width
            vpiActual: Parameter name:width
          vpiRhs Constant start:17:21 end:17:23:
            vpiParent: ParamAssign
            vpiTypespec RefTypespec:
              vpiParent: Constant
              vpiFullName: TOP
              vpiActual: IntTypespec
            vpiConstType: unsigned int (9)
            vpiSize: 64
            vpiDecompile: "16"
            vpiValue: 16
      vpiTypespec (4 items):
        LogicTypespec:
          vpiParent: Module name:TOP
        LogicTypespec:
          vpiParent: Module name:TOP
          vpiRange (1 items):
            Range start:18:8 end:18:19:
              vpiParent: LogicTypespec
              vpiLeftRange Operation start:18:9 end:18:16:
                vpiParent: Range
                vpiOpType: subtract (11)
                vpiOperand (2 items):
                  RefObj name:width start:18:9 end:18:14:
                    vpiParent: Operation
                    vpiName: width
                    vpiFullName: TOP.width
                    vpiActual: Parameter name:width
                  Constant start:18:15 end:18:16:
                    vpiParent: Operation
                    vpiTypespec RefTypespec:
                      vpiParent: Constant
                      vpiFullName: TOP
                      vpiActual: IntTypespec
                    vpiConstType: unsigned int (9)
                    vpiSize: 64
                    vpiDecompile: "1"
                    vpiValue: 1
              vpiRightRange Constant start:18:17 end:18:18:
                vpiParent: Range
                vpiTypespec RefTypespec:
                  vpiParent: Constant
                  vpiFullName: TOP
                  vpiActual: IntTypespec
                vpiConstType: unsigned int (9)
                vpiSize: 64
                vpiDecompile: "0"
                vpiValue: 0
          vpiVector: true
        LogicTypespec:
          vpiParent: Module name:TOP
          vpiRange (1 items):
            Range start:19:8 end:19:19:
              vpiParent: LogicTypespec
              vpiLeftRange Operation start:19:9 end:19:16:
                vpiParent: Range
                vpiOpType: subtract (11)
                vpiOperand (2 items):
                  RefObj name:width start:19:9 end:19:14:
                    vpiParent: Operation
                    vpiName: width
                    vpiFullName: TOP.width
                    vpiActual: Parameter name:width
                  Constant start:19:15 end:19:16:
                    vpiParent: Operation
                    vpiTypespec RefTypespec:
                      vpiParent: Constant
                      vpiFullName: TOP
                      vpiActual: IntTypespec
                    vpiConstType: unsigned int (9)
                    vpiSize: 64
                    vpiDecompile: "1"
                    vpiValue: 1
              vpiRightRange Constant start:19:17 end:19:18:
                vpiParent: Range
                vpiTypespec RefTypespec:
                  vpiParent: Constant
                  vpiFullName: TOP
                  vpiActual: IntTypespec
                vpiConstType: unsigned int (9)
                vpiSize: 64
                vpiDecompile: "0"
                vpiValue: 0
          vpiVector: true
        ProgramTypespec name:TESTBENCH start:22:3 end:22:12:
          vpiParent: Module name:TOP
          vpiName Identifier name:TESTBENCH start:22:3 end:22:12:
          vpiDefName: TESTBENCH
          vpiParamAssign (1 items):
            ParamAssign start:22:15 end:22:20:
              vpiParent: ProgramTypespec name:TESTBENCH
              vpiOverridden: true
              vpiRhs RefObj name:width start:22:15 end:22:20:
                vpiParent: ParamAssign
                vpiName: width
                vpiFullName: TOP.TESTBENCH.width
                vpiActual: Parameter name:width
          vpiProgram: Program name:TESTBENCH #(.width(1))
      vpiDefName: TOP
      vpiDefNetType: wire (1)
      vpiLibrary RefObj name:work:
        vpiParent: Module name:TOP
        vpiName: work
        vpiFullName: TOP.work
      vpiCell: TOP
      vpiNet (2 items):
        Net name:i start:18:20 end:18:21:
          vpiParent: Module name:TOP
          vpiTypespec RefTypespec start:18:8 end:18:19:
            vpiParent: Net name:i
            vpiFullName: TOP.i
            vpiActual: LogicTypespec
          vpiName: i
          vpiFullName: TOP.i
          vpiNetDeclAssign: true
          vpiNetType: wire (1)
          vpiVector: true
        Net name:o start:19:20 end:19:21:
          vpiParent: Module name:TOP
          vpiTypespec RefTypespec start:19:8 end:19:19:
            vpiParent: Net name:o
            vpiFullName: TOP.o
            vpiActual: LogicTypespec
          vpiName: o
          vpiFullName: TOP.o
          vpiNetDeclAssign: true
          vpiNetType: wire (1)
          vpiVector: true
      vpiRefInstance (3 items):
        RefInstance name:conntb start:20:22 end:20:28:
          vpiParent: Module name:TOP
          vpiName: conntb
          vpiTypespec RefTypespec name:ConnectTB start:20:3 end:20:12:
            vpiParent: RefInstance name:conntb
            vpiName: ConnectTB
            vpiFullName: TOP.conntb.ConnectTB
            vpiActual: InterfaceTypespec name:ConnectTB
          vpiPort (2 items):
            Port start:20:29 end:20:38:
              vpiParent: RefInstance name:conntb
              vpiLowConn RefObj name:con_i start:20:30 end:20:35:
                vpiParent: Port
                vpiName: con_i
                vpiFullName: TOP.conntb.con_i
                vpiActual: Port name:con_i
              vpiHighConn RefObj name:i start:20:36 end:20:37:
                vpiParent: Port
                vpiName: i
                vpiFullName: TOP.conntb.i
                vpiActual: Net name:i
            Port start:20:39 end:20:48:
              vpiParent: RefInstance name:conntb
              vpiLowConn RefObj name:con_o start:20:40 end:20:45:
                vpiParent: Port
                vpiName: con_o
                vpiFullName: TOP.conntb.con_o
                vpiActual: Port name:con_o
              vpiHighConn RefObj name:o start:20:46 end:20:47:
                vpiParent: Port
                vpiName: o
                vpiFullName: TOP.conntb.o
                vpiActual: Net name:o
        RefInstance name:dut1 start:21:16 end:21:20:
          vpiParent: Module name:TOP
          vpiName: dut1
          vpiTypespec RefTypespec name:dut start:21:3 end:21:6:
            vpiParent: RefInstance name:dut1
            vpiName: dut
            vpiFullName: TOP.dut1.dut
            vpiActual: ModuleTypespec name:dut
          vpiPort (2 items):
            Port start:21:21 end:21:37:
              vpiParent: RefInstance name:dut1
              vpiLowConn RefObj name:i start:21:22 end:21:23:
                vpiParent: Port
                vpiName: i
                vpiFullName: TOP.dut1.i
                vpiActual: Port name:i
              vpiHighConn HierPath name:conntb.con_i start:21:24 end:21:36:
                vpiParent: Port
                vpiName: conntb.con_i
                vpiFullName: TOP.dut1.conntb.con_i
                vpiPathElem (2 items):
                  RefObj name:conntb start:21:24 end:21:30:
                    vpiParent: HierPath name:conntb.con_i
                    vpiName: conntb
                    vpiFullName: TOP.dut1.conntb
                    vpiActual: RefInstance name:conntb
                  RefObj name:con_i start:21:31 end:21:36:
                    vpiParent: HierPath name:conntb.con_i
                    vpiName: con_i
                    vpiFullName: TOP.dut1.con_i
            Port start:21:39 end:21:55:
              vpiParent: RefInstance name:dut1
              vpiLowConn RefObj name:o start:21:40 end:21:41:
                vpiParent: Port
                vpiName: o
                vpiFullName: TOP.dut1.o
                vpiActual: Port name:o
              vpiHighConn HierPath name:conntb.con_o start:21:42 end:21:54:
                vpiParent: Port
                vpiName: conntb.con_o
                vpiFullName: TOP.dut1.conntb.con_o
                vpiPathElem (2 items):
                  RefObj name:conntb start:21:42 end:21:48:
                    vpiParent: HierPath name:conntb.con_o
                    vpiName: conntb
                    vpiFullName: TOP.dut1.conntb
                    vpiActual: RefInstance name:conntb
                  RefObj name:con_o start:21:49 end:21:54:
                    vpiParent: HierPath name:conntb.con_o
                    vpiName: con_o
                    vpiFullName: TOP.dut1.con_o
        RefInstance name:tb start:22:22 end:22:24:
          vpiParent: Module name:TOP
          vpiName: tb
          vpiTypespec RefTypespec name:TESTBENCH start:22:3 end:22:12:
            vpiParent: RefInstance name:tb
            vpiName: TESTBENCH
            vpiFullName: TOP.tb.TESTBENCH
            vpiActual: ProgramTypespec name:TESTBENCH
          vpiPort (2 items):
            Port start:22:25 end:22:47:
              vpiParent: RefInstance name:tb
              vpiLowConn RefObj name:observe start:22:26 end:22:33:
                vpiParent: Port
                vpiName: observe
                vpiFullName: TOP.tb.observe
                vpiActual: Port name:observe
              vpiHighConn HierPath name:conntb.con_o start:22:34 end:22:46:
                vpiParent: Port
                vpiName: conntb.con_o
                vpiFullName: TOP.tb.conntb.con_o
                vpiPathElem (2 items):
                  RefObj name:conntb start:22:34 end:22:40:
                    vpiParent: HierPath name:conntb.con_o
                    vpiName: conntb
                    vpiFullName: TOP.tb.conntb
                    vpiActual: RefInstance name:conntb
                  RefObj name:con_o start:22:41 end:22:46:
                    vpiParent: HierPath name:conntb.con_o
                    vpiName: con_o
                    vpiFullName: TOP.tb.con_o
            Port start:22:48 end:22:68:
              vpiParent: RefInstance name:tb
              vpiLowConn RefObj name:drive start:22:49 end:22:54:
                vpiParent: Port
                vpiName: drive
                vpiFullName: TOP.tb.drive
                vpiActual: Port name:drive
              vpiHighConn HierPath name:conntb.con_i start:22:55 end:22:67:
                vpiParent: Port
                vpiName: conntb.con_i
                vpiFullName: TOP.tb.conntb.con_i
                vpiPathElem (2 items):
                  RefObj name:conntb start:22:55 end:22:61:
                    vpiParent: HierPath name:conntb.con_i
                    vpiName: conntb
                    vpiFullName: TOP.tb.conntb
                    vpiActual: RefInstance name:conntb
                  RefObj name:con_i start:22:62 end:22:67:
                    vpiParent: HierPath name:conntb.con_i
                    vpiName: con_i
                    vpiFullName: TOP.tb.con_i
  vpiTypespec (8 items):
    ModuleTypespec name:dut:
      vpiParent: Design name:unnamed
      vpiName Identifier name:dut start:2:8 end:2:11:
      vpiModule: Module name:dut #(.width(1))
    IntTypespec:
      vpiParent: Design name:unnamed
      vpiSigned: true
    InterfaceTypespec name:ConnectTB:
      vpiParent: Design name:unnamed
      vpiName Identifier name:ConnectTB start:8:11 end:8:20:
      vpiDefName: ConnectTB
      vpiInterface: Interface name:ConnectTB #(.width(1))
    ModuleTypespec name:middle:
      vpiParent: Design name:unnamed
      vpiName Identifier name:middle start:11:8 end:11:14:
      vpiModule: Module name:middle #(.width(1))
    ModuleTypespec name:SUB:
      vpiParent: Design name:unnamed
      vpiName Identifier name:SUB start:15:8 end:15:11:
      vpiModule: Module name:SUB #(.width(1))
    ProgramTypespec name:TESTBENCH:
      vpiParent: Design name:unnamed
      vpiName Identifier name:TESTBENCH start:1:9 end:1:18:
      vpiDefName: TESTBENCH
      vpiProgram: Program name:TESTBENCH #(.width(1))
    StringTypespec:
      vpiParent: Design name:unnamed
    ModuleTypespec name:TOP:
      vpiParent: Design name:unnamed
      vpiName Identifier name:TOP start:16:8 end:16:11:
      vpiModule: Module name:TOP
===================
[  FATAL] : 0
[ SYNTAX] : 0
[  ERROR] : 0
[WARNING] : 12
[   NOTE] : 0
********************************************************************************
*                    End HLC SystemVerilog Compiler/Linter                     *
********************************************************************************

#**#**#**#**#**#**#**#**#**#**#**#**#**#**#**#**#**#**#**#**#**#**#**#**#**#**#**#**#**#**#**#**#**#**#**#**#**#**#**#**

Environment:
      test-name: OneNetRange/OneNetRange
   test-dirpath: ${HLC_DIR}/regression/OneNetRange/OneNetRange
  hldb-filepath: ${HLC_DIR}/regression/OneNetRange/OneNetRange/design.hldb
mounts-filepath: ${HLC_DIR}/regression/OneNetRange/OneNetRange/mounts.json


{'result': {'coverage': 98.28,
            'error_count': 0,
            'file_count': 2,
            'files': {'$Output/lib/work/dut.v': {'post_len': 11,
                                                 'pre_len': 549},
                      '$Output/lib/work/tb.v': {'post_len': 10,
                                                'pre_len': 672}},
            'post_len': 21,
            'pre_len': 1221,
            'test_name': 'OneNetRange/OneNetRange'}}

+------------------------+----------+-----------+
| INPUT                  |   PRELEN |   POSTLEN |
+========================+==========+===========+
| $Output/lib/work/dut.v |      549 |        11 |
| $Output/lib/work/tb.v  |      672 |        10 |
+========================+==========+===========+
|                        |     1221 |        21 |
+------------------------+----------+-----------+

[   ERROR] : 0
[COVERAGE] : 98.28


#**#**#**#**#**#**#**#**#**#**#**#**#**#**#**#**#**#**#**#**#**#**#**#**#**#**#**#**#**#**#**#**#**#**#**#**#**#**#**#**

COMMAND: ${HLC_DIR}/regression/OneNetRange/OneNetRange/design.hldb ${HLC_DIR}/regression/OneNetRange/OneNetRange/reduced.hldb

==================== BEGIN REDUCTION RESULT ====================
Name                            Before   After   Added   Removed
----------------------------------------------------------------
Constant                            40      40      10        10
Operation                           12       2       0        10
RefObj                              74      64       0        10
RefTypespec                         72      72      10        10
----------------------------------------------------------------
Others                             150     150       0         0
----------------------------------------------------------------
                                   348     328      20        40
===================== END REDUCTION RESULT =====================
