********************************************************************************
*                   Begin HLC SystemVerilog Compiler/Linter                    *
********************************************************************************
Copyright (c) 2020 Apotell,
http://www.apache.org/licenses/LICENSE-2.0
VERSION: 1.84
COMMAND: -wd ../../../tests/3SigsSensList -synth -d db -d ast dut.sv -nobuiltin -mt 0 -d dbstats -d cache -writepp -d db -nostdout -o ${HLC_DIR}/regression/3SigsSensList/3SigsSensList
[INF:CM0023] Creating log file "$Output/hlc.log".
[INF:PP0122] Preprocessing source file "$Source01/dut.sv".
[INF:PA0201] Parsing source file "$Source01/dut.sv".
AST_DEBUG_BEGIN
Count: 123
LIB: work
FILE<0>:$Source01/dut.sv
n<$Source01/dut.sv> u<122> t<Top_level_rule> c<1> l<1:1> el<37:1>
  n<> u<1> t<Null_rule> p<122> s<121> l<1:1>
  n<> u<121> t<Source_text> p<122> c<120> l<1:1> el<36:10>
    n<> u<120> t<Description> p<121> c<119> l<1:1> el<36:10>
      n<> u<119> t<Module_declaration> p<120> c<27> l<1:1> el<36:10>
        n<> u<27> t<Module_ansi_header> p<119> c<2> s<28> l<1:1> el<6:3>
          n<module> u<2> t<MODULE> p<27> s<3> l<1:1> el<1:7>
          n<dut> u<3> t<SIMPLE_IDENTIFIER> p<27> s<4> l<1:8> el<1:11>
          n<> u<4> t<Package_import_declaration_list> p<27> s<26> l<1:12> el<1:12>
          n<> u<26> t<Port_declaration_list> p<27> c<11> l<1:12> el<6:2>
            n<> u<11> t<Ansi_port_declaration> p<26> c<9> s<18> l<3:1> el<3:21>
              n<> u<9> t<Net_port_header> p<11> c<5> s<10> l<3:1> el<3:11>
                n<> u<5> t<INPUT> p<9> s<8> l<3:1> el<3:6>
                n<> u<8> t<Net_port_type> p<9> c<6> l<3:7> el<3:11>
                  n<> u<6> t<WIRE> p<8> s<7> l<3:7> el<3:11>
                  n<> u<7> t<Data_type_or_implicit> p<8> l<3:18> el<3:18>
              n<clk> u<10> t<SIMPLE_IDENTIFIER> p<11> l<3:18> el<3:21>
            n<> u<18> t<Ansi_port_declaration> p<26> c<16> s<25> l<4:1> el<4:21>
              n<> u<16> t<Net_port_header> p<18> c<12> s<17> l<4:1> el<4:11>
                n<> u<12> t<INPUT> p<16> s<15> l<4:1> el<4:6>
                n<> u<15> t<Net_port_type> p<16> c<13> l<4:7> el<4:11>
                  n<> u<13> t<WIRE> p<15> s<14> l<4:7> el<4:11>
                  n<> u<14> t<Data_type_or_implicit> p<15> l<4:18> el<4:18>
              n<rst> u<17> t<SIMPLE_IDENTIFIER> p<18> l<4:18> el<4:21>
            n<> u<25> t<Ansi_port_declaration> p<26> c<23> l<5:1> el<5:17>
              n<> u<23> t<Net_port_header> p<25> c<19> s<24> l<5:1> el<5:11>
                n<> u<19> t<INPUT> p<23> s<22> l<5:1> el<5:6>
                n<> u<22> t<Net_port_type> p<23> c<20> l<5:7> el<5:11>
                  n<> u<20> t<WIRE> p<22> s<21> l<5:7> el<5:11>
                  n<> u<21> t<Data_type_or_implicit> p<22> l<5:12> el<5:12>
              n<start> u<24> t<SIMPLE_IDENTIFIER> p<25> l<5:12> el<5:17>
        n</*\nYosys requires the following template:\n \nwire \synlig_tmp = rst | start;\nalways @ (posedge clk or posedge \synlig_tmp ) \nbegin\n    if (\synlig_tmp ) begin\n		outputLine <= 0;		\n	end\n	else\n	begin\n		yScaleAmountNext <= 0;\n	end\nend\n*/> u<28> t<BLOCK_COMMENT> p<119> s<117> l<24:1> el<34:4>
        n<> u<117> t<Non_port_module_item> p<119> c<116> s<118> l<24:1> el<34:4>
          n<> u<116> t<Module_or_generate_item> p<117> c<115> l<24:1> el<34:4>
            n<> u<115> t<Module_common_item> p<116> c<114> l<24:1> el<34:4>
              n<> u<114> t<Always_construct> p<115> c<29> l<24:1> el<34:4>
                n<> u<29> t<ALWAYS> p<114> s<113> l<24:1> el<24:7>
                n<> u<113> t<Statement> p<114> c<112> l<24:8> el<34:4>
                  n<> u<112> t<Statement_item> p<113> c<111> l<24:8> el<34:4>
                    n<> u<111> t<Procedural_timing_control_statement> p<112> c<53> l<24:8> el<34:4>
                      n<> u<53> t<Procedural_timing_control> p<111> c<52> s<110> l<24:8> el<24:55>
                        n<> u<52> t<Event_control> p<53> c<51> l<24:8> el<24:55>
                          n<> u<51> t<Event_expression> p<52> c<43> l<24:11> el<24:54>
                            n<> u<43> t<Event_expression> p<51> c<35> s<44> l<24:11> el<24:37>
                              n<> u<35> t<Event_expression> p<43> c<30> s<36> l<24:11> el<24:22>
                                n<> u<30> t<POSEDGE> p<35> s<34> l<24:11> el<24:18>
                                n<> u<34> t<Expression> p<35> c<33> l<24:19> el<24:22>
                                  n<> u<33> t<Primary> p<34> c<32> l<24:19> el<24:22>
                                    n<> u<32> t<Primary_literal> p<33> c<31> l<24:19> el<24:22>
                                      n<clk> u<31> t<SIMPLE_IDENTIFIER> p<32> l<24:19> el<24:22>
                              n<> u<36> t<Or_operator> p<43> s<42> l<24:23> el<24:25>
                              n<> u<42> t<Event_expression> p<43> c<37> l<24:26> el<24:37>
                                n<> u<37> t<POSEDGE> p<42> s<41> l<24:26> el<24:33>
                                n<> u<41> t<Expression> p<42> c<40> l<24:34> el<24:37>
                                  n<> u<40> t<Primary> p<41> c<39> l<24:34> el<24:37>
                                    n<> u<39> t<Primary_literal> p<40> c<38> l<24:34> el<24:37>
                                      n<rst> u<38> t<SIMPLE_IDENTIFIER> p<39> l<24:34> el<24:37>
                            n<> u<44> t<Or_operator> p<51> s<50> l<24:38> el<24:40>
                            n<> u<50> t<Event_expression> p<51> c<45> l<24:41> el<24:54>
                              n<> u<45> t<POSEDGE> p<50> s<49> l<24:41> el<24:48>
                              n<> u<49> t<Expression> p<50> c<48> l<24:49> el<24:54>
                                n<> u<48> t<Primary> p<49> c<47> l<24:49> el<24:54>
                                  n<> u<47> t<Primary_literal> p<48> c<46> l<24:49> el<24:54>
                                    n<start> u<46> t<SIMPLE_IDENTIFIER> p<47> l<24:49> el<24:54>
                      n<> u<110> t<Statement_or_null> p<111> c<109> l<25:1> el<34:4>
                        n<> u<109> t<Statement> p<110> c<108> l<25:1> el<34:4>
                          n<> u<108> t<Statement_item> p<109> c<107> l<25:1> el<34:4>
                            n<> u<107> t<Seq_block> p<108> c<105> l<25:1> el<34:4>
                              n<> u<105> t<Statement_or_null> p<107> c<104> s<106> l<26:2> el<33:5>
                                n<> u<104> t<Statement> p<105> c<103> l<26:2> el<33:5>
                                  n<> u<103> t<Statement_item> p<104> c<102> l<26:2> el<33:5>
                                    n<> u<102> t<Conditional_statement> p<103> c<65> l<26:2> el<33:5>
                                      n<> u<65> t<Cond_predicate> p<102> c<64> s<83> l<26:5> el<26:16>
                                        n<> u<64> t<Expression_or_cond_pattern> p<65> c<63> l<26:5> el<26:16>
                                          n<> u<63> t<Expression> p<64> c<57> l<26:5> el<26:16>
                                            n<> u<57> t<Expression> p<63> c<56> s<62> l<26:5> el<26:8>
                                              n<> u<56> t<Primary> p<57> c<55> l<26:5> el<26:8>
                                                n<> u<55> t<Primary_literal> p<56> c<54> l<26:5> el<26:8>
                                                  n<rst> u<54> t<SIMPLE_IDENTIFIER> p<55> l<26:5> el<26:8>
                                            n<> u<62> t<BinaryOp_BitwOr> p<63> s<61> l<26:9> el<26:10>
                                            n<> u<61> t<Expression> p<63> c<60> l<26:11> el<26:16>
                                              n<> u<60> t<Primary> p<61> c<59> l<26:11> el<26:16>
                                                n<> u<59> t<Primary_literal> p<60> c<58> l<26:11> el<26:16>
                                                  n<start> u<58> t<SIMPLE_IDENTIFIER> p<59> l<26:11> el<26:16>
                                      n<> u<83> t<Statement_or_null> p<102> c<82> s<101> l<27:2> el<29:5>
                                        n<> u<82> t<Statement> p<83> c<81> l<27:2> el<29:5>
                                          n<> u<81> t<Statement_item> p<82> c<80> l<27:2> el<29:5>
                                            n<> u<80> t<Seq_block> p<81> c<78> l<27:2> el<29:5>
                                              n<> u<78> t<Statement_or_null> p<80> c<77> s<79> l<28:4> el<28:20>
                                                n<> u<77> t<Statement> p<78> c<76> l<28:4> el<28:20>
                                                  n<> u<76> t<Statement_item> p<77> c<75> l<28:4> el<28:20>
                                                    n<> u<75> t<Nonblocking_assignment> p<76> c<70> l<28:4> el<28:19>
                                                      n<> u<70> t<Variable_lvalue> p<75> c<67> s<74> l<28:4> el<28:14>
                                                        n<> u<67> t<Ps_or_hierarchical_identifier> p<70> c<66> s<69> l<28:4> el<28:14>
                                                          n<outputLine> u<66> t<SIMPLE_IDENTIFIER> p<67> l<28:4> el<28:14>
                                                        n<> u<69> t<Select> p<70> c<68> l<28:15> el<28:15>
                                                          n<> u<68> t<Bit_select> p<69> l<28:15> el<28:15>
                                                      n<> u<74> t<Expression> p<75> c<73> l<28:18> el<28:19>
                                                        n<> u<73> t<Primary> p<74> c<72> l<28:18> el<28:19>
                                                          n<> u<72> t<Primary_literal> p<73> c<71> l<28:18> el<28:19>
                                                            n<0> u<71> t<INTEGRAL_NUMBER> p<72> l<28:18> el<28:19>
                                              n<> u<79> t<END> p<80> l<29:2> el<29:5>
                                      n<> u<101> t<Statement_or_null> p<102> c<100> l<31:2> el<33:5>
                                        n<> u<100> t<Statement> p<101> c<99> l<31:2> el<33:5>
                                          n<> u<99> t<Statement_item> p<100> c<98> l<31:2> el<33:5>
                                            n<> u<98> t<Seq_block> p<99> c<96> l<31:2> el<33:5>
                                              n<> u<96> t<Statement_or_null> p<98> c<95> s<97> l<32:3> el<32:25>
                                                n<> u<95> t<Statement> p<96> c<94> l<32:3> el<32:25>
                                                  n<> u<94> t<Statement_item> p<95> c<93> l<32:3> el<32:25>
                                                    n<> u<93> t<Nonblocking_assignment> p<94> c<88> l<32:3> el<32:24>
                                                      n<> u<88> t<Variable_lvalue> p<93> c<85> s<92> l<32:3> el<32:19>
                                                        n<> u<85> t<Ps_or_hierarchical_identifier> p<88> c<84> s<87> l<32:3> el<32:19>
                                                          n<yScaleAmountNext> u<84> t<SIMPLE_IDENTIFIER> p<85> l<32:3> el<32:19>
                                                        n<> u<87> t<Select> p<88> c<86> l<32:20> el<32:20>
                                                          n<> u<86> t<Bit_select> p<87> l<32:20> el<32:20>
                                                      n<> u<92> t<Expression> p<93> c<91> l<32:23> el<32:24>
                                                        n<> u<91> t<Primary> p<92> c<90> l<32:23> el<32:24>
                                                          n<> u<90> t<Primary_literal> p<91> c<89> l<32:23> el<32:24>
                                                            n<0> u<89> t<INTEGRAL_NUMBER> p<90> l<32:23> el<32:24>
                                              n<> u<97> t<END> p<98> l<33:2> el<33:5>
                              n<> u<106> t<END> p<107> l<34:1> el<34:4>
        n<> u<118> t<ENDMODULE> p<119> l<36:1> el<36:10>
AST_DEBUG_END
[INF:CP0303] $Source01/dut.sv:1:1: Compile module "dut".
[WRN:PA0205] $Source01/dut.sv:1:1: No timescale set for "dut".
====== HLDB =======
Design name:unnamed:
  vpiName: unnamed
  vpiSourceFile (1 items):
    SourceFile name:dut.sv file:$Source01/dut.sv:
      vpiParent: Design name:unnamed
      vpiName: dut.sv
      vpiPreprocFile: "$Output/lib/work/dut.sv"
  vpiAllModules (1 items):
    Module name:dut file:$Source01/dut.sv start:1:1 end:36:10:
      vpiParent: Design name:unnamed
      vpiName Identifier name:dut start:1:8 end:1:11:
      vpiFullName: dut
      vpiTypespec (1 items):
        LogicTypespec:
          vpiParent: Module name:dut
      vpiDefName: dut
      vpiDefNetType: wire (1)
      vpiLibrary RefObj name:work:
        vpiParent: Module name:dut
        vpiName: work
        vpiFullName: dut.work
      vpiCell: dut
      vpiNet (3 items):
        Net name:clk start:3:18 end:3:21:
          vpiParent: Module name:dut
          vpiTypespec RefTypespec start:3:1 end:3:11:
            vpiParent: Net name:clk
            vpiFullName: dut.clk
            vpiActual: LogicTypespec
          vpiName: clk
          vpiFullName: dut.clk
          vpiNetType: wire (1)
          vpiScalar: true
        Net name:rst start:4:18 end:4:21:
          vpiParent: Module name:dut
          vpiTypespec RefTypespec start:4:1 end:4:11:
            vpiParent: Net name:rst
            vpiFullName: dut.rst
            vpiActual: LogicTypespec
          vpiName: rst
          vpiFullName: dut.rst
          vpiNetType: wire (1)
          vpiScalar: true
        Net name:start start:5:12 end:5:17:
          vpiParent: Module name:dut
          vpiTypespec RefTypespec start:5:1 end:5:11:
            vpiParent: Net name:start
            vpiFullName: dut.start
            vpiActual: LogicTypespec
          vpiName: start
          vpiFullName: dut.start
          vpiNetType: wire (1)
          vpiScalar: true
      vpiPort (3 items):
        Port name:clk start:3:18 end:3:21:
          vpiParent: Module name:dut
          vpiName: clk
          vpiDirection: input (1)
          vpiLowConn RefObj name:clk start:3:18 end:3:21:
            vpiParent: Port name:clk
            vpiName: clk
            vpiFullName: dut.clk.clk
            vpiActual: Net name:clk
          vpiTypespec RefTypespec start:3:1 end:3:11:
            vpiParent: Port name:clk
            vpiFullName: dut.clk
            vpiActual: LogicTypespec
        Port name:rst start:4:18 end:4:21:
          vpiParent: Module name:dut
          vpiName: rst
          vpiDirection: input (1)
          vpiLowConn RefObj name:rst start:4:18 end:4:21:
            vpiParent: Port name:rst
            vpiName: rst
            vpiFullName: dut.rst.rst
            vpiActual: Net name:rst
          vpiTypespec RefTypespec start:4:1 end:4:11:
            vpiParent: Port name:rst
            vpiFullName: dut.rst
            vpiActual: LogicTypespec
        Port name:start start:5:12 end:5:17:
          vpiParent: Module name:dut
          vpiName: start
          vpiDirection: input (1)
          vpiLowConn RefObj name:start start:5:12 end:5:17:
            vpiParent: Port name:start
            vpiName: start
            vpiFullName: dut.start.start
            vpiActual: Net name:start
          vpiTypespec RefTypespec start:5:1 end:5:11:
            vpiParent: Port name:start
            vpiFullName: dut.start
            vpiActual: LogicTypespec
      vpiProcess (1 items):
        Always start:24:1 end:34:4:
          vpiParent: Module name:dut
          vpiStmt EventControl start:24:8 end:34:4:
            vpiParent: Always
            vpiCondition Operation start:24:11 end:24:54:
              vpiParent: EventControl
              vpiOpType: event or (35)
              vpiOperand (2 items):
                Operation start:24:11 end:24:37:
                  vpiParent: Operation
                  vpiOpType: event or (35)
                  vpiOperand (2 items):
                    Operation start:24:11 end:24:22:
                      vpiParent: Operation
                      vpiOpType: posedge (39)
                      vpiOperand (1 items):
                        RefObj name:clk start:24:19 end:24:22:
                          vpiParent: Operation
                          vpiName: clk
                          vpiFullName: dut.clk
                          vpiActual: Net name:clk
                    Operation start:24:26 end:24:37:
                      vpiParent: Operation
                      vpiOpType: posedge (39)
                      vpiOperand (1 items):
                        RefObj name:rst start:24:34 end:24:37:
                          vpiParent: Operation
                          vpiName: rst
                          vpiFullName: dut.rst
                          vpiActual: Net name:rst
                Operation start:24:41 end:24:54:
                  vpiParent: Operation
                  vpiOpType: posedge (39)
                  vpiOperand (1 items):
                    RefObj name:start start:24:49 end:24:54:
                      vpiParent: Operation
                      vpiName: start
                      vpiFullName: dut.start
                      vpiActual: Net name:start
            vpiStmt Begin start:25:1 end:34:4:
              vpiParent: EventControl
              vpiFullName: dut
              vpiStmt (1 items):
                IfElse start:26:2 end:33:5:
                  vpiParent: Begin
                  vpiCondition Operation start:26:5 end:26:16:
                    vpiParent: IfElse
                    vpiOpType: bitwise or (29)
                    vpiOperand (2 items):
                      RefObj name:rst start:26:5 end:26:8:
                        vpiParent: Operation
                        vpiName: rst
                        vpiFullName: dut.rst
                        vpiActual: Net name:rst
                      RefObj name:start start:26:11 end:26:16:
                        vpiParent: Operation
                        vpiName: start
                        vpiFullName: dut.start
                        vpiActual: Net name:start
                  vpiStmt Begin start:27:2 end:29:5:
                    vpiParent: IfElse
                    vpiFullName: dut
                    vpiStmt (1 items):
                      Assignment start:28:4 end:28:19:
                        vpiParent: Begin
                        vpiLhs RefObj name:outputLine start:28:4 end:28:14:
                          vpiParent: Assignment
                          vpiName: outputLine
                          vpiFullName: dut.outputLine
                        vpiRhs Constant start:28:18 end:28:19:
                          vpiParent: Assignment
                          vpiTypespec RefTypespec:
                            vpiParent: Constant
                            vpiFullName: dut
                            vpiActual: IntTypespec
                          vpiConstType: unsigned int (9)
                          vpiSize: 64
                          vpiDecompile: "0"
                          vpiValue: 0
                  vpiElseStmt Begin start:31:2 end:33:5:
                    vpiParent: IfElse
                    vpiFullName: dut
                    vpiStmt (1 items):
                      Assignment start:32:3 end:32:24:
                        vpiParent: Begin
                        vpiLhs RefObj name:yScaleAmountNext start:32:3 end:32:19:
                          vpiParent: Assignment
                          vpiName: yScaleAmountNext
                          vpiFullName: dut.yScaleAmountNext
                        vpiRhs Constant start:32:23 end:32:24:
                          vpiParent: Assignment
                          vpiTypespec RefTypespec:
                            vpiParent: Constant
                            vpiFullName: dut
                            vpiActual: IntTypespec
                          vpiConstType: unsigned int (9)
                          vpiSize: 64
                          vpiDecompile: "0"
                          vpiValue: 0
          vpiAlwaysType: always (1)
  vpiTypespec (2 items):
    ModuleTypespec name:dut:
      vpiParent: Design name:unnamed
      vpiName Identifier name:dut start:1:8 end:1:11:
      vpiModule: Module name:dut
    IntTypespec:
      vpiParent: Design name:unnamed
      vpiSigned: true
===================
[  FATAL] : 0
[ SYNTAX] : 0
[  ERROR] : 0
[WARNING] : 1
[   NOTE] : 0
********************************************************************************
*                    End HLC SystemVerilog Compiler/Linter                     *
********************************************************************************

#**#**#**#**#**#**#**#**#**#**#**#**#**#**#**#**#**#**#**#**#**#**#**#**#**#**#**#**#**#**#**#**#**#**#**#**#**#**#**#**

Environment:
      test-name: 3SigsSensList/3SigsSensList
   test-dirpath: ${HLC_DIR}/regression/3SigsSensList/3SigsSensList
  hldb-filepath: ${HLC_DIR}/regression/3SigsSensList/3SigsSensList/design.hldb
mounts-filepath: ${HLC_DIR}/regression/3SigsSensList/3SigsSensList/mounts.json


{'result': {'coverage': 100.0,
            'error_count': 0,
            'file_count': 1,
            'files': {'$Output/lib/work/dut.sv': {'post_len': 0,
                                                  'pre_len': 216}},
            'post_len': 0,
            'pre_len': 216,
            'test_name': '3SigsSensList/3SigsSensList'}}

+-------------------------+----------+-----------+
| INPUT                   |   PRELEN |   POSTLEN |
+=========================+==========+===========+
| $Output/lib/work/dut.sv |      216 |         0 |
+=========================+==========+===========+
|                         |      216 |         0 |
+-------------------------+----------+-----------+

[   ERROR] : 0
[COVERAGE] : 100.0


#**#**#**#**#**#**#**#**#**#**#**#**#**#**#**#**#**#**#**#**#**#**#**#**#**#**#**#**#**#**#**#**#**#**#**#**#**#**#**#**

COMMAND: ${HLC_DIR}/regression/3SigsSensList/3SigsSensList/design.hldb ${HLC_DIR}/regression/3SigsSensList/3SigsSensList/reduced.hldb

==================== BEGIN REDUCTION RESULT ====================
Name                            Before   After   Added   Removed
----------------------------------------------------------------
----------------------------------------------------------------
Others                              49      49       0         0
----------------------------------------------------------------
                                    49      49       0         0
===================== END REDUCTION RESULT =====================
