********************************************************************************
*                   Begin HLC SystemVerilog Compiler/Linter                    *
********************************************************************************
Copyright (c) 2020 Apotell,
http://www.apache.org/licenses/LICENSE-2.0
VERSION: 1.84
COMMAND: -wd ../../../tests/IndexAssign -fileunit -writepp -d db -sv dut.sv -nobuiltin -nocache -mt 0 -d dbstats -d cache -writepp -d db -nostdout -o ${HLC_DIR}/regression/IndexAssign/IndexAssign
[INF:CM5022] Creating log file "$Output/hlc.log".
[INF:CM5019] Separate compilation-unit mode is on.
[INF:PP5223] Preprocessing source file "$Source01/dut.sv".
[INF:PA5502] Parsing source file "$Source01/dut.sv".
[INF:CP5804] $Source01/dut.sv:1:1: Compile module "t".
[WRN:PA5506] $Source01/dut.sv:1:1: No timescale set for "t".
====== HLDB =======
Design name:unnamed:
  vpiName: unnamed
  vpiSourceFile (1 items):
    SourceFile name:dut.sv file:$Source01/dut.sv:
      vpiParent: Design name:unnamed
      vpiName: dut.sv
      vpiPreprocFile: "$Output/lib/work/dut.sv"
  vpiAllModules (1 items):
    Module name:t file:$Source01/dut.sv start:1:1 end:5:10:
      vpiParent: Design name:unnamed
      vpiName Identifier name:t start:1:8 end:1:9:
      vpiFullName: t
      vpiVariable (1 items):
        Variable name:sig start:3:17 end:3:20:
          vpiParent: Module name:t
          vpiTypespec RefTypespec start:3:3 end:3:16:
            vpiParent: Variable name:sig
            vpiFullName: t.sig
            vpiActual: LogicTypespec
          vpiName: sig
          vpiFullName: t.sig
          vpiVector: true
      vpiParameter (1 items):
        Parameter name:I start:2:27 end:2:28:
          vpiParent: Module name:t
          vpiTypespec RefTypespec start:2:14 end:2:26:
            vpiParent: Parameter name:I
            vpiFullName: t.I
            vpiActual: IntTypespec
          vpiName: I
          vpiFullName: t.I
          vpiLocalParam: true
      vpiParamAssign (1 items):
        ParamAssign start:2:27 end:2:32:
          vpiParent: Module name:t
          vpiLhs RefObj name:I start:2:27 end:2:28:
            vpiParent: ParamAssign
            vpiName: I
            vpiFullName: t.I
            vpiActual: Parameter name:I
          vpiRhs Constant start:2:31 end:2:32:
            vpiParent: ParamAssign
            vpiTypespec RefTypespec:
              vpiParent: Constant
              vpiFullName: t
              vpiActual: IntTypespec
            vpiConstType: unsigned int (9)
            vpiSize: 64
            vpiDecompile: "9"
            vpiValue: 9
      vpiTypespec (1 items):
        LogicTypespec:
          vpiParent: Module name:t
          vpiRange (1 items):
            Range start:3:9 end:3:16:
              vpiParent: LogicTypespec
              vpiLeftRange Operation start:3:10 end:3:13:
                vpiParent: Range
                vpiOpType: subtract (11)
                vpiOperand (2 items):
                  RefObj name:I start:3:10 end:3:11:
                    vpiParent: Operation
                    vpiName: I
                    vpiFullName: t.I
                    vpiActual: Parameter name:I
                  Constant start:3:12 end:3:13:
                    vpiParent: Operation
                    vpiTypespec RefTypespec:
                      vpiParent: Constant
                      vpiFullName: t
                      vpiActual: IntTypespec
                    vpiConstType: unsigned int (9)
                    vpiSize: 64
                    vpiDecompile: "4"
                    vpiValue: 4
              vpiRightRange Constant start:3:14 end:3:15:
                vpiParent: Range
                vpiTypespec RefTypespec:
                  vpiParent: Constant
                  vpiFullName: t
                  vpiActual: IntTypespec
                vpiConstType: unsigned int (9)
                vpiSize: 64
                vpiDecompile: "0"
                vpiValue: 0
          vpiVector: true
      vpiDefName: t
      vpiDefNetType: wire (1)
      vpiLibrary RefObj name:work:
        vpiParent: Module name:t
        vpiName: work
        vpiFullName: t.work
      vpiCell: t
      vpiContAssign (1 items):
        ContAssign start:4:10 end:4:22:
          vpiParent: Module name:t
          vpiLhs BitSelect name:sig[I - 7] start:4:10 end:4:18:
            vpiParent: ContAssign
            vpiName: sig[I - 7]
            vpiFullName: t.sig[I - 7]
            vpiPrefix RefObj name:sig start:4:10 end:4:13:
              vpiParent: BitSelect name:sig[I - 7]
              vpiName: sig
              vpiFullName: t.sig
              vpiActual: Variable name:sig
            vpiIndex Operation start:4:14 end:4:17:
              vpiParent: BitSelect name:sig[I - 7]
              vpiOpType: subtract (11)
              vpiOperand (2 items):
                RefObj name:I start:4:14 end:4:15:
                  vpiParent: Operation
                  vpiName: I
                  vpiFullName: t.sig[I - 7].I
                  vpiActual: Parameter name:I
                Constant start:4:16 end:4:17:
                  vpiParent: Operation
                  vpiTypespec RefTypespec:
                    vpiParent: Constant
                    vpiFullName: t.sig[I - 7]
                    vpiActual: IntTypespec
                  vpiConstType: unsigned int (9)
                  vpiSize: 64
                  vpiDecompile: "7"
                  vpiValue: 7
          vpiRhs Constant start:4:21 end:4:22:
            vpiParent: ContAssign
            vpiTypespec RefTypespec:
              vpiParent: Constant
              vpiFullName: t
              vpiActual: IntTypespec
            vpiConstType: unsigned int (9)
            vpiSize: 64
            vpiDecompile: "3"
            vpiValue: 3
  vpiTypespec (3 items):
    ModuleTypespec name:t:
      vpiParent: Design name:unnamed
      vpiName Identifier name:t start:1:8 end:1:9:
      vpiModule: Module name:t
    IntTypespec:
      vpiParent: Design name:unnamed
    IntTypespec:
      vpiParent: Design name:unnamed
      vpiSigned: true
===================
[  FATAL] : 0
[ SYNTAX] : 0
[  ERROR] : 0
[WARNING] : 1
[   NOTE] : 0
********************************************************************************
*                    End HLC SystemVerilog Compiler/Linter                     *
********************************************************************************

#**#**#**#**#**#**#**#**#**#**#**#**#**#**#**#**#**#**#**#**#**#**#**#**#**#**#**#**#**#**#**#**#**#**#**#**#**#**#**#**

Environment:
      test-name: IndexAssign/IndexAssign
   test-dirpath: ${HLC_DIR}/regression/IndexAssign/IndexAssign
  hldb-filepath: ${HLC_DIR}/regression/IndexAssign/IndexAssign/design.hldb
mounts-filepath: ${HLC_DIR}/regression/IndexAssign/IndexAssign/mounts.json


{'result': {'coverage': 100.0,
            'error_count': 0,
            'file_count': 1,
            'files': {'$Output/lib/work/dut.sv': {'post_len': 0,
                                                  'pre_len': 86}},
            'post_len': 0,
            'pre_len': 86,
            'test_name': 'IndexAssign/IndexAssign'}}

+-------------------------+----------+-----------+
| INPUT                   |   PRELEN |   POSTLEN |
+=========================+==========+===========+
| $Output/lib/work/dut.sv |       86 |         0 |
+=========================+==========+===========+
|                         |       86 |         0 |
+-------------------------+----------+-----------+

[   ERROR] : 0
[COVERAGE] : 100.0


#**#**#**#**#**#**#**#**#**#**#**#**#**#**#**#**#**#**#**#**#**#**#**#**#**#**#**#**#**#**#**#**#**#**#**#**#**#**#**#**

COMMAND: ${HLC_DIR}/regression/IndexAssign/IndexAssign/design.hldb ${HLC_DIR}/regression/IndexAssign/IndexAssign/reduced.hldb

==================== BEGIN REDUCTION RESULT ====================
Name                            Before   After   Added   Removed
----------------------------------------------------------------
Constant                             5       5       2         2
Operation                            2       0       0         2
RefObj                               5       3       0         2
RefTypespec                          7       7       2         2
----------------------------------------------------------------
Others                              15      15       0         0
----------------------------------------------------------------
                                    34      30       4         8
===================== END REDUCTION RESULT =====================
