********************************************************************************
*                   Begin HLC SystemVerilog Compiler/Linter                    *
********************************************************************************
Copyright (c) 2020 Apotell,
http://www.apache.org/licenses/LICENSE-2.0
VERSION: 1.84
COMMAND: -wd ../../../../tests/Google/chapter-8 -timescale=1ns/1ns -d ast -d db -nobuiltin 8.25.1--parametrized_class_invalid_scope_resolution.sv -wd ${HLC_DIR}/third_party/UVM -I1800.2-2017-1.0/src -mt 0 -d dbstats -d cache -writepp -d db -nostdout -o ${HLC_DIR}/regression/Google/chapter-8/8.25.1--parametrized_class_invalid_scope_resolution
[INF:CM5022] Creating log file "$Output/hlc.log".
[INF:PP5223] Preprocessing source file "$Source01/8.25.1--parametrized_class_invalid_scope_resolution.sv".
[INF:PA5502] Parsing source file "$Source01/8.25.1--parametrized_class_invalid_scope_resolution.sv".
AST_DEBUG_BEGIN
Count: 114
LIB: work
FILE: f<16>:$Source01/8.25.1--parametrized_class_invalid_scope_resolution.sv
n<$Source01/8.25.1--parametrized_class_invalid_scope_resolution.sv> u<113> t<Top_level_rule> c<1> l<17:1> el<31:1>
  n<> u<1> t<Null_rule> p<113> s<2> l<17:1> el<17:1>
  n<// Copyright (C) 2019-2021  The SymbiFlow Authors.> u<2> t<LINE_COMMENT> p<113> s<3> l<1:1> el<1:51>
  n<//> u<3> t<LINE_COMMENT> p<113> s<4> l<2:1> el<2:3>
  n<// Use of this source code is governed by a ISC-style> u<4> t<LINE_COMMENT> p<113> s<5> l<3:1> el<3:54>
  n<// license that can be found in the LICENSE file or at> u<5> t<LINE_COMMENT> p<113> s<6> l<4:1> el<4:55>
  n<// https://opensource.org/licenses/ISC> u<6> t<LINE_COMMENT> p<113> s<7> l<5:1> el<5:39>
  n<//> u<7> t<LINE_COMMENT> p<113> s<8> l<6:1> el<6:3>
  n<// SPDX-License-Identifier: ISC> u<8> t<LINE_COMMENT> p<113> s<9> l<7:1> el<7:32>
  n</*\n:name: parametrized_class_invalid_scope_resolution\n:description: parametrized class invalid scope resolution\n:should_fail_because: parametrized class invalid scope resolution\n:tags: 8.25.1\n:type: simulation\n*/> u<9> t<BLOCK_COMMENT> p<113> s<112> l<17:1> el<30:10>
  n<> u<112> t<Source_text> p<113> c<111> l<17:1> el<30:10>
    n<> u<111> t<Description> p<112> c<110> l<17:1> el<30:10>
      n<> u<110> t<Module_declaration> p<111> c<14> l<17:1> el<30:10>
        n<> u<14> t<Module_nonansi_header> p<110> c<10> s<51> l<17:1> el<17:20>
          n<module> u<10> t<MODULE> p<14> s<11> l<17:1> el<17:7>
          n<class_tb> u<11> t<SIMPLE_IDENTIFIER> p<14> s<12> l<17:8> el<17:16>
          n<> u<12> t<Package_import_declaration_list> p<14> s<13> l<17:17> el<17:17>
          n<> u<13> t<Port_list> p<14> l<17:17> el<17:19>
        n<> u<51> t<Module_item> p<110> c<50> s<73> l<19:2> el<21:10>
          n<> u<50> t<Non_port_module_item> p<51> c<49> l<19:2> el<21:10>
            n<> u<49> t<Module_or_generate_item> p<50> c<48> l<19:2> el<21:10>
              n<> u<48> t<Module_common_item> p<49> c<47> l<19:2> el<21:10>
                n<> u<47> t<Module_or_generate_item_declaration> p<48> c<46> l<19:2> el<21:10>
                  n<> u<46> t<Package_or_generate_item_declaration> p<47> c<45> l<19:2> el<21:10>
                    n<> u<45> t<Class_declaration> p<46> c<43> l<19:2> el<21:10>
                      n<> u<43> t<CLASS> p<45> s<15> l<19:2> el<19:7>
                      n<par_cls> u<15> t<SIMPLE_IDENTIFIER> p<45> s<28> l<19:8> el<19:15>
                      n<> u<28> t<Parameter_port_list> p<45> c<27> s<42> l<19:16> el<19:29>
                        n<> u<27> t<Parameter_port_declaration> p<28> c<17> l<19:18> el<19:28>
                          n<> u<17> t<Data_type> p<27> c<16> s<26> l<19:18> el<19:21>
                            n<> u<16> t<INT> p<17> l<19:18> el<19:21>
                          n<> u<26> t<Param_assignment_list> p<27> c<25> l<19:22> el<19:28>
                            n<> u<25> t<Param_assignment> p<26> c<18> l<19:22> el<19:28>
                              n<a> u<18> t<SIMPLE_IDENTIFIER> p<25> s<24> l<19:22> el<19:23>
                              n<> u<24> t<Constant_param_expression> p<25> c<23> l<19:26> el<19:28>
                                n<> u<23> t<Constant_mintypmax_expression> p<24> c<22> l<19:26> el<19:28>
                                  n<> u<22> t<Constant_expression> p<23> c<21> l<19:26> el<19:28>
                                    n<> u<21> t<Constant_primary> p<22> c<20> l<19:26> el<19:28>
                                      n<> u<20> t<Primary_literal> p<21> c<19> l<19:26> el<19:28>
                                        n<25> u<19> t<INTEGRAL_NUMBER> p<20> l<19:26> el<19:28>
                      n<> u<42> t<Class_item> p<45> c<41> s<44> l<20:3> el<20:24>
                        n<> u<41> t<Parameter_declaration> p<42> c<31> l<20:3> el<20:23>
                          n<> u<31> t<Data_type_or_implicit> p<41> c<30> s<40> l<20:13> el<20:16>
                            n<> u<30> t<Data_type> p<31> c<29> l<20:13> el<20:16>
                              n<> u<29> t<INT> p<30> l<20:13> el<20:16>
                          n<> u<40> t<Param_assignment_list> p<41> c<39> l<20:17> el<20:23>
                            n<> u<39> t<Param_assignment> p<40> c<32> l<20:17> el<20:23>
                              n<b> u<32> t<SIMPLE_IDENTIFIER> p<39> s<38> l<20:17> el<20:18>
                              n<> u<38> t<Constant_param_expression> p<39> c<37> l<20:21> el<20:23>
                                n<> u<37> t<Constant_mintypmax_expression> p<38> c<36> l<20:21> el<20:23>
                                  n<> u<36> t<Constant_expression> p<37> c<35> l<20:21> el<20:23>
                                    n<> u<35> t<Constant_primary> p<36> c<34> l<20:21> el<20:23>
                                      n<> u<34> t<Primary_literal> p<35> c<33> l<20:21> el<20:23>
                                        n<23> u<33> t<INTEGRAL_NUMBER> p<34> l<20:21> el<20:23>
                      n<> u<44> t<ENDCLASS> p<45> l<21:2> el<21:10>
        n<> u<73> t<Module_item> p<110> c<72> s<108> l<23:2> el<23:21>
          n<> u<72> t<Non_port_module_item> p<73> c<71> l<23:2> el<23:21>
            n<> u<71> t<Module_or_generate_item> p<72> c<70> l<23:2> el<23:21>
              n<> u<70> t<Module_common_item> p<71> c<69> l<23:2> el<23:21>
                n<> u<69> t<Module_or_generate_item_declaration> p<70> c<68> l<23:2> el<23:21>
                  n<> u<68> t<Package_or_generate_item_declaration> p<69> c<67> l<23:2> el<23:21>
                    n<> u<67> t<Data_declaration> p<68> c<66> l<23:2> el<23:21>
                      n<> u<66> t<Variable_declaration> p<67> c<62> l<23:2> el<23:21>
                        n<par_cls> u<62> t<Data_type> p<66> c<52> s<65> l<23:2> el<23:15>
                          n<par_cls> u<52> t<SIMPLE_IDENTIFIER> p<62> s<61> l<23:2> el<23:9>
                          n<> u<61> t<Parameter_value_assignment> p<62> c<60> l<23:10> el<23:15>
                            n<> u<60> t<Parameter_assignment_list> p<61> c<59> l<23:12> el<23:14>
                              n<> u<59> t<Ordered_parameter_assignment> p<60> c<58> l<23:12> el<23:14>
                                n<> u<58> t<Param_expression> p<59> c<57> l<23:12> el<23:14>
                                  n<> u<57> t<Mintypmax_expression> p<58> c<56> l<23:12> el<23:14>
                                    n<> u<56> t<Expression> p<57> c<55> l<23:12> el<23:14>
                                      n<> u<55> t<Primary> p<56> c<54> l<23:12> el<23:14>
                                        n<> u<54> t<Primary_literal> p<55> c<53> l<23:12> el<23:14>
                                          n<15> u<53> t<INTEGRAL_NUMBER> p<54> l<23:12> el<23:14>
                        n<> u<65> t<Variable_decl_assignment_list> p<66> c<64> l<23:16> el<23:20>
                          n<> u<64> t<Variable_decl_assignment> p<65> c<63> l<23:16> el<23:20>
                            n<inst> u<63> t<SIMPLE_IDENTIFIER> p<64> l<23:16> el<23:20>
        n<> u<108> t<Module_item> p<110> c<107> s<109> l<25:2> el<29:5>
          n<> u<107> t<Non_port_module_item> p<108> c<106> l<25:2> el<29:5>
            n<> u<106> t<Module_or_generate_item> p<107> c<105> l<25:2> el<29:5>
              n<> u<105> t<Module_common_item> p<106> c<104> l<25:2> el<29:5>
                n<> u<104> t<Initial_construct> p<105> c<103> l<25:2> el<29:5>
                  n<> u<103> t<Statement_or_null> p<104> c<102> l<25:10> el<29:5>
                    n<> u<102> t<Statement> p<103> c<101> l<25:10> el<29:5>
                      n<> u<101> t<Statement_item> p<102> c<100> l<25:10> el<29:5>
                        n<> u<100> t<Seq_block> p<101> c<81> l<25:10> el<29:5>
                          n<> u<81> t<Statement_or_null> p<100> c<80> s<98> l<26:3> el<26:14>
                            n<> u<80> t<Statement> p<81> c<79> l<26:3> el<26:14>
                              n<> u<79> t<Statement_item> p<80> c<78> l<26:3> el<26:14>
                                n<> u<78> t<Blocking_assignment> p<79> c<74> l<26:3> el<26:13>
                                  n<inst> u<74> t<SIMPLE_IDENTIFIER> p<78> s<76> l<26:3> el<26:7>
                                  n<> u<76> t<Select> p<78> c<75> s<77> l<26:8> el<26:8>
                                    n<> u<75> t<Bit_select> p<76> l<26:8> el<26:8>
                                  n<> u<77> t<Class_new> p<78> l<26:10> el<26:13>
                          n<> u<98> t<Statement_or_null> p<100> c<97> s<99> l<28:3> el<28:24>
                            n<> u<97> t<Statement> p<98> c<96> l<28:3> el<28:24>
                              n<> u<96> t<Statement_item> p<97> c<95> l<28:3> el<28:24>
                                n<> u<95> t<Subroutine_call_statement> p<96> c<94> l<28:3> el<28:24>
                                  n<> u<94> t<Subroutine_call> p<95> c<82> l<28:3> el<28:23>
                                    n<$> u<82> t<DOLLAR> p<94> s<83> l<28:3> el<28:4>
                                    n<display> u<83> t<SIMPLE_IDENTIFIER> p<94> s<93> l<28:4> el<28:11>
                                    n<> u<93> t<Argument_list> p<94> c<92> l<28:12> el<28:22>
                                      n<> u<92> t<Expression> p<93> c<91> l<28:12> el<28:22>
                                        n<> u<91> t<Primary> p<92> c<90> l<28:12> el<28:22>
                                          n<> u<90> t<Subroutine_call> p<91> c<86> l<28:12> el<28:22>
                                            n<> u<86> t<Class_scope> p<90> c<85> s<87> l<28:12> el<28:21>
                                              n<> u<85> t<Class_type> p<86> c<84> l<28:12> el<28:19>
                                                n<par_cls> u<84> t<SIMPLE_IDENTIFIER> p<85> l<28:12> el<28:19>
                                            n<b> u<87> t<SIMPLE_IDENTIFIER> p<90> s<89> l<28:21> el<28:22>
                                            n<> u<89> t<Select> p<90> c<88> l<28:22> el<28:22>
                                              n<> u<88> t<Bit_select> p<89> l<28:22> el<28:22>
                          n<> u<99> t<END> p<100> l<29:2> el<29:5>
        n<> u<109> t<ENDMODULE> p<110> l<30:1> el<30:10>
AST_DEBUG_END
[INF:CP5804] $Source01/8.25.1--parametrized_class_invalid_scope_resolution.sv:17:1: Compile module "class_tb".
[WRN:CP5851] $Source01/8.25.1--parametrized_class_invalid_scope_resolution.sv:26:10: Failed to bind "id:39, name:new".
[INF:CM5028] Using global timescale: "1ns/1ns".
[ERR:LN7705] $Source01/8.25.1--parametrized_class_invalid_scope_resolution.sv:26:10: Null Actual: id:39, type:MethodFuncCall, name:new, relation:vpiRhs.
====== HLDB =======
Design name:unnamed:
  vpiName: unnamed
  vpiSourceFile (1 items):
    SourceFile name:8.25.1--parametrized_class_invalid_scope_resolution.sv file:$Source01/8.25.1--parametrized_class_invalid_scope_resolution.sv:
      vpiParent: Design name:unnamed
      vpiName: "8.25.1--parametrized_class_invalid_scope_resolution.sv"
      vpiPreprocFile: "$Output/lib/work/8.25.1--parametrized_class_invalid_scope_resolution.sv"
  vpiAllModules (1 items):
    Module name:class_tb file:$Source01/8.25.1--parametrized_class_invalid_scope_resolution.sv start:17:1 end:30:10:
      vpiParent: Design name:unnamed
      vpiName Identifier name:class_tb start:17:8 end:17:16:
        vpiParent: Module name:class_tb
        vpiName: class_tb
      vpiFullName: class_tb
      vpiVariable (1 items):
        Variable name:inst start:23:16 end:23:20:
          vpiParent: Module name:class_tb
          vpiTypespec RefTypespec name:par_cls start:23:2 end:23:15:
            vpiParent: Variable name:inst
            vpiName: par_cls
            vpiFullName: class_tb.inst.par_cls
            vpiActual: ClassTypespec name:par_cls #(15)
          vpiName: inst
          vpiFullName: class_tb.inst
      vpiTypespec (2 items):
        ClassTypespec name:par_cls:
          vpiParent: Module name:class_tb
          vpiName Identifier name:par_cls:
            vpiParent: ClassTypespec name:par_cls
            vpiName: par_cls
          vpiDefName: par_cls
          vpiClassDefn: ClassDefn name:par_cls
        ClassTypespec name:par_cls #(15) start:23:2 end:23:15:
          vpiParent: Module name:class_tb
          vpiName Identifier name:par_cls #(15) start:23:2 end:23:9:
            vpiParent: ClassTypespec name:par_cls #(15)
            vpiName: par_cls #(15)
          vpiDefName: par_cls
          vpiParamAssign (1 items):
            ParamAssign start:23:12 end:23:14:
              vpiParent: ClassTypespec name:par_cls #(15)
              vpiOverridden: true
              vpiRhs Constant start:23:12 end:23:14:
                vpiParent: ParamAssign
                vpiTypespec RefTypespec:
                  vpiParent: Constant
                  vpiFullName: class_tb.par_cls #(15)
                  vpiActual: IntTypespec
                vpiConstType: unsigned int (9)
                vpiSize: 64
                vpiDecompile: "15"
                vpiValue: 15
          vpiClassDefn: ClassDefn name:par_cls
      vpiDefName: class_tb
      vpiDefNetType: wire (1)
      vpiLibrary RefObj name:work:
        vpiParent: Module name:class_tb
        vpiName: work
        vpiFullName: class_tb.work
      vpiCell: class_tb
      vpiClassDefn (1 items):
        ClassDefn name:par_cls file:$Source01/8.25.1--parametrized_class_invalid_scope_resolution.sv start:19:2 end:21:10:
          vpiParent: Module name:class_tb
          vpiName Identifier name:par_cls start:19:8 end:19:15:
            vpiParent: ClassDefn name:par_cls
            vpiName: par_cls
          vpiFullName: class_tb::par_cls
          vpiParameter (2 items):
            Parameter name:b start:20:17 end:20:18:
              vpiParent: ClassDefn name:par_cls
              vpiTypespec RefTypespec start:20:13 end:20:16:
                vpiParent: Parameter name:b
                vpiFullName: class_tb::par_cls::b
                vpiActual: IntTypespec
              vpiName: b
              vpiFullName: class_tb::par_cls::b
            Parameter name:a start:19:22 end:19:23:
              vpiParent: ClassDefn name:par_cls
              vpiTypespec RefTypespec start:19:18 end:19:21:
                vpiParent: Parameter name:a
                vpiFullName: class_tb::par_cls::a
                vpiActual: IntTypespec
              vpiName: a
              vpiFullName: class_tb::par_cls::a
          vpiParamAssign (2 items):
            ParamAssign start:20:17 end:20:23:
              vpiParent: ClassDefn name:par_cls
              vpiLhs RefObj name:b start:20:17 end:20:18:
                vpiParent: ParamAssign
                vpiName: b
                vpiFullName: class_tb::par_cls::b
                vpiActual: Parameter name:b
              vpiRhs Constant start:20:21 end:20:23:
                vpiParent: ParamAssign
                vpiTypespec RefTypespec:
                  vpiParent: Constant
                  vpiFullName: class_tb::par_cls
                  vpiActual: IntTypespec
                vpiConstType: unsigned int (9)
                vpiSize: 64
                vpiDecompile: "23"
                vpiValue: 23
            ParamAssign start:19:22 end:19:28:
              vpiParent: ClassDefn name:par_cls
              vpiLhs RefObj name:a start:19:22 end:19:23:
                vpiParent: ParamAssign
                vpiName: a
                vpiFullName: class_tb::par_cls::a
                vpiActual: Parameter name:a
              vpiRhs Constant start:19:26 end:19:28:
                vpiParent: ParamAssign
                vpiTypespec RefTypespec:
                  vpiParent: Constant
                  vpiFullName: class_tb::par_cls
                  vpiActual: IntTypespec
                vpiConstType: unsigned int (9)
                vpiSize: 64
                vpiDecompile: "25"
                vpiValue: 25
          vpiAutomatic: true
          vpiClassType: userdefined class (3)
          vpiLibrary RefObj name:work:
            vpiParent: ClassDefn name:par_cls
            vpiName: work
            vpiFullName: class_tb::par_cls::work
          vpiCell: par_cls
      vpiProcess (1 items):
        Initial start:25:2 end:29:5:
          vpiParent: Module name:class_tb
          vpiStmt Begin start:25:10 end:29:5:
            vpiParent: Initial
            vpiFullName: class_tb
            vpiTypespec (1 items):
              ClassTypespec name:par_cls start:28:12 end:28:19:
                vpiParent: Begin
                vpiName Identifier name:par_cls start:28:12 end:28:19:
                  vpiParent: ClassTypespec name:par_cls
                  vpiName: par_cls
                vpiDefName: par_cls
                vpiClassDefn: ClassDefn name:par_cls
            vpiStmt (2 items):
              Assignment start:26:3 end:26:13:
                vpiParent: Begin
                vpiBlocking: true
                vpiLhs RefObj name:inst start:26:3 end:26:7:
                  vpiParent: Assignment
                  vpiName: inst
                  vpiFullName: class_tb.inst
                  vpiActual: Variable name:inst
                vpiRhs MethodFuncCall name:new start:26:10 end:26:13:
                  vpiParent: Assignment
                  vpiName Identifier name:new:
                    vpiParent: MethodFuncCall name:new
                    vpiName: new
              SysTaskCall name:$display start:28:3 end:28:23:
                vpiParent: Begin
                vpiName Identifier name:$display start:28:3 end:28:11:
                  vpiParent: SysTaskCall name:$display
                  vpiName: "$display"
                vpiArgument (1 items):
                  HierPath name:par_cls::b start:28:12 end:28:22:
                    vpiParent: SysTaskCall name:$display
                    vpiName: par_cls::b
                    vpiFullName: class_tb.par_cls::b
                    vpiPathElem (2 items):
                      RefTypespec start:28:12 end:28:21:
                        vpiParent: HierPath name:par_cls::b
                        vpiFullName: class_tb.par_cls::b
                        vpiActual: ClassTypespec name:par_cls
                      RefObj name:b start:28:21 end:28:22:
                        vpiParent: HierPath name:par_cls::b
                        vpiName: b
                        vpiFullName: class_tb.b
                        vpiActual: Parameter name:b
  vpiTypespec (2 items):
    ModuleTypespec name:class_tb:
      vpiParent: Design name:unnamed
      vpiName Identifier name:class_tb start:17:8 end:17:16:
        vpiParent: ModuleTypespec name:class_tb
        vpiName: class_tb
      vpiModule: Module name:class_tb
    IntTypespec:
      vpiParent: Design name:unnamed
      vpiSigned: true
===================
[  FATAL] : 0
[ SYNTAX] : 0
[  ERROR] : 1
[WARNING] : 1
[   NOTE] : 0
********************************************************************************
*                    End HLC SystemVerilog Compiler/Linter                     *
********************************************************************************

#**#**#**#**#**#**#**#**#**#**#**#**#**#**#**#**#**#**#**#**#**#**#**#**#**#**#**#**#**#**#**#**#**#**#**#**#**#**#**#**

Environment:
      test-name: Google/chapter-8/8.25.1--parametrized_class_invalid_scope_resolution
   test-dirpath: ${HLC_DIR}/regression/Google/chapter-8/8.25.1--parametrized_class_invalid_scope_resolution
  hldb-filepath: ${HLC_DIR}/regression/Google/chapter-8/8.25.1--parametrized_class_invalid_scope_resolution/design.hldb
mounts-filepath: ${HLC_DIR}/regression/Google/chapter-8/8.25.1--parametrized_class_invalid_scope_resolution/mounts.json


{'result': {'coverage': 100.0,
            'error_count': 0,
            'file_count': 1,
            'files': {'$Output/lib/work/8.25.1--parametrized_class_invalid_scope_resolution.sv': {'post_len': 0,
                                                                                                  'pre_len': 152}},
            'post_len': 0,
            'pre_len': 152,
            'test_name': 'Google/chapter-8/8.25.1--parametrized_class_invalid_scope_resolution'}}

+-------------------------------------------------------------------------+----------+-----------+
| INPUT                                                                   |   PRELEN |   POSTLEN |
+=========================================================================+==========+===========+
| $Output/lib/work/8.25.1--parametrized_class_invalid_scope_resolution.sv |      152 |         0 |
+=========================================================================+==========+===========+
|                                                                         |      152 |         0 |
+-------------------------------------------------------------------------+----------+-----------+

[   ERROR] : 0
[COVERAGE] : 100.0


#**#**#**#**#**#**#**#**#**#**#**#**#**#**#**#**#**#**#**#**#**#**#**#**#**#**#**#**#**#**#**#**#**#**#**#**#**#**#**#**

COMMAND: ${HLC_DIR}/regression/Google/chapter-8/8.25.1--parametrized_class_invalid_scope_resolution/design.hldb ${HLC_DIR}/regression/Google/chapter-8/8.25.1--parametrized_class_invalid_scope_resolution/reduced.hldb

==================== BEGIN REDUCTION RESULT ====================
Name                            Before   After   Added   Removed
----------------------------------------------------------------
----------------------------------------------------------------
Others                              45      45       0         0
----------------------------------------------------------------
                                    45      45       0         0
===================== END REDUCTION RESULT =====================
