********************************************************************************
*                   Begin HLC SystemVerilog Compiler/Linter                    *
********************************************************************************
Copyright (c) 2020 Apotell,
http://www.apache.org/licenses/LICENSE-2.0
VERSION: 1.84
COMMAND: -wd ../../../../tests/Google/chapter-11 -timescale=1ns/1ns -d ast -d db -nobuiltin 11.7--signed_func.sv -wd ${HLC_DIR}/third_party/UVM -I1800.2-2017-1.0/src -mt 0 -d dbstats -d cache -writepp -d db -nostdout -o ${HLC_DIR}/regression/Google/chapter-11/11.7--signed_func
[INF:CM5022] Creating log file "$Output/hlc.log".
[INF:PP5223] Preprocessing source file "$Source01/11.7--signed_func.sv".
[INF:PA5502] Parsing source file "$Source01/11.7--signed_func.sv".
AST_DEBUG_BEGIN
Count: 74
LIB: work
FILE<0>:$Source01/11.7--signed_func.sv
n<$Source01/11.7--signed_func.sv> u<73> t<Top_level_rule> c<1> l<15:1> el<24:1>
  n<> u<1> t<Null_rule> p<73> s<2> l<15:1> el<15:1>
  n<// Copyright (C) 2019-2021  The SymbiFlow Authors.> u<2> t<LINE_COMMENT> p<73> s<3> l<1:1> el<1:51>
  n<//> u<3> t<LINE_COMMENT> p<73> s<4> l<2:1> el<2:3>
  n<// Use of this source code is governed by a ISC-style> u<4> t<LINE_COMMENT> p<73> s<5> l<3:1> el<3:54>
  n<// license that can be found in the LICENSE file or at> u<5> t<LINE_COMMENT> p<73> s<6> l<4:1> el<4:55>
  n<// https://opensource.org/licenses/ISC> u<6> t<LINE_COMMENT> p<73> s<7> l<5:1> el<5:39>
  n<//> u<7> t<LINE_COMMENT> p<73> s<8> l<6:1> el<6:3>
  n<// SPDX-License-Identifier: ISC> u<8> t<LINE_COMMENT> p<73> s<9> l<7:1> el<7:32>
  n</*\n:name: signed_func\n:description: $signed() test\n:tags: 11.7\n*/> u<9> t<BLOCK_COMMENT> p<73> s<72> l<15:1> el<23:10>
  n<> u<72> t<Source_text> p<73> c<71> l<15:1> el<23:10>
    n<> u<71> t<Description> p<72> c<70> l<15:1> el<23:10>
      n<> u<70> t<Module_declaration> p<71> c<14> l<15:1> el<23:10>
        n<> u<14> t<Module_nonansi_header> p<70> c<10> s<38> l<15:1> el<15:14>
          n<module> u<10> t<MODULE> p<14> s<11> l<15:1> el<15:7>
          n<top> u<11> t<SIMPLE_IDENTIFIER> p<14> s<12> l<15:8> el<15:11>
          n<> u<12> t<Package_import_declaration_list> p<14> s<13> l<15:11> el<15:11>
          n<> u<13> t<Port_list> p<14> l<15:11> el<15:13>
        n<> u<38> t<Module_item> p<70> c<37> s<68> l<17:1> el<17:22>
          n<> u<37> t<Non_port_module_item> p<38> c<36> l<17:1> el<17:22>
            n<> u<36> t<Module_or_generate_item> p<37> c<35> l<17:1> el<17:22>
              n<> u<35> t<Module_common_item> p<36> c<34> l<17:1> el<17:22>
                n<> u<34> t<Module_or_generate_item_declaration> p<35> c<33> l<17:1> el<17:22>
                  n<> u<33> t<Package_or_generate_item_declaration> p<34> c<32> l<17:1> el<17:22>
                    n<> u<32> t<Data_declaration> p<33> c<31> l<17:1> el<17:22>
                      n<> u<31> t<Variable_declaration> p<32> c<27> l<17:1> el<17:22>
                        n<> u<27> t<Data_type> p<31> c<15> s<30> l<17:1> el<17:19>
                          n<> u<15> t<LOGIC> p<27> s<16> l<17:1> el<17:6>
                          n<> u<16> t<SIGNED> p<27> s<26> l<17:7> el<17:13>
                          n<> u<26> t<Packed_dimension> p<27> c<25> l<17:14> el<17:19>
                            n<> u<25> t<Constant_range> p<26> c<20> l<17:15> el<17:18>
                              n<> u<20> t<Constant_expression> p<25> c<19> s<24> l<17:15> el<17:16>
                                n<> u<19> t<Constant_primary> p<20> c<18> l<17:15> el<17:16>
                                  n<> u<18> t<Primary_literal> p<19> c<17> l<17:15> el<17:16>
                                    n<7> u<17> t<INTEGRAL_NUMBER> p<18> l<17:15> el<17:16>
                              n<> u<24> t<Constant_expression> p<25> c<23> l<17:17> el<17:18>
                                n<> u<23> t<Constant_primary> p<24> c<22> l<17:17> el<17:18>
                                  n<> u<22> t<Primary_literal> p<23> c<21> l<17:17> el<17:18>
                                    n<0> u<21> t<INTEGRAL_NUMBER> p<22> l<17:17> el<17:18>
                        n<> u<30> t<Variable_decl_assignment_list> p<31> c<29> l<17:20> el<17:21>
                          n<> u<29> t<Variable_decl_assignment> p<30> c<28> l<17:20> el<17:21>
                            n<a> u<28> t<SIMPLE_IDENTIFIER> p<29> l<17:20> el<17:21>
        n<> u<68> t<Module_item> p<70> c<67> s<69> l<19:1> el<21:4>
          n<> u<67> t<Non_port_module_item> p<68> c<66> l<19:1> el<21:4>
            n<> u<66> t<Module_or_generate_item> p<67> c<65> l<19:1> el<21:4>
              n<> u<65> t<Module_common_item> p<66> c<64> l<19:1> el<21:4>
                n<> u<64> t<Initial_construct> p<65> c<63> l<19:1> el<21:4>
                  n<> u<63> t<Statement_or_null> p<64> c<62> l<19:9> el<21:4>
                    n<> u<62> t<Statement> p<63> c<61> l<19:9> el<21:4>
                      n<> u<61> t<Statement_item> p<62> c<60> l<19:9> el<21:4>
                        n<> u<60> t<Seq_block> p<61> c<58> l<19:9> el<21:4>
                          n<> u<58> t<Statement_or_null> p<60> c<57> s<59> l<20:2> el<20:23>
                            n<> u<57> t<Statement> p<58> c<56> l<20:2> el<20:23>
                              n<> u<56> t<Statement_item> p<57> c<55> l<20:2> el<20:23>
                                n<> u<55> t<Blocking_assignment> p<56> c<54> l<20:2> el<20:22>
                                  n<> u<54> t<Variable_assignment> p<55> c<43> l<20:2> el<20:22>
                                    n<> u<43> t<Variable_lvalue> p<54> c<40> s<53> l<20:2> el<20:3>
                                      n<> u<40> t<Ps_or_hierarchical_identifier> p<43> c<39> s<42> l<20:2> el<20:3>
                                        n<a> u<39> t<SIMPLE_IDENTIFIER> p<40> l<20:2> el<20:3>
                                      n<> u<42> t<Select> p<43> c<41> l<20:4> el<20:4>
                                        n<> u<41> t<Bit_select> p<42> l<20:4> el<20:4>
                                    n<> u<53> t<Expression> p<54> c<52> l<20:6> el<20:22>
                                      n<> u<52> t<Primary> p<53> c<51> l<20:6> el<20:22>
                                        n<> u<51> t<System_task> p<52> c<45> l<20:6> el<20:22>
                                          n<> u<45> t<System_task_names> p<51> c<44> s<50> l<20:6> el<20:13>
                                            n<$signed> u<44> t<SIMPLE_IDENTIFIER> p<45> l<20:7> el<20:13>
                                          n<> u<50> t<Argument_list> p<51> c<49> l<20:14> el<20:21>
                                            n<> u<49> t<Expression> p<50> c<48> l<20:14> el<20:21>
                                              n<> u<48> t<Primary> p<49> c<47> l<20:14> el<20:21>
                                                n<> u<47> t<Primary_literal> p<48> c<46> l<20:14> el<20:21>
                                                  n<4'b1000> u<46> t<INTEGRAL_NUMBER> p<47> l<20:14> el<20:21>
                          n<> u<59> t<END> p<60> l<21:1> el<21:4>
        n<> u<69> t<ENDMODULE> p<70> l<23:1> el<23:10>
AST_DEBUG_END
[INF:CP5804] $Source01/11.7--signed_func.sv:15:1: Compile module "top".
[INF:CM5028] Using global timescale: "1ns/1ns".
====== HLDB =======
Design name:unnamed:
  vpiName: unnamed
  vpiSourceFile (1 items):
    SourceFile name:11.7--signed_func.sv file:$Source01/11.7--signed_func.sv:
      vpiParent: Design name:unnamed
      vpiName: "11.7--signed_func.sv"
      vpiPreprocFile: "$Output/lib/work/11.7--signed_func.sv"
  vpiAllModules (1 items):
    Module name:top file:$Source01/11.7--signed_func.sv start:15:1 end:23:10:
      vpiParent: Design name:unnamed
      vpiName Identifier name:top start:15:8 end:15:11:
      vpiFullName: top
      vpiVariable (1 items):
        Variable name:a start:17:20 end:17:21:
          vpiParent: Module name:top
          vpiTypespec RefTypespec start:17:1 end:17:19:
            vpiParent: Variable name:a
            vpiFullName: top.a
            vpiActual: LogicTypespec
          vpiName: a
          vpiFullName: top.a
          vpiVector: true
      vpiTypespec (1 items):
        LogicTypespec:
          vpiParent: Module name:top
          vpiRange (1 items):
            Range start:17:14 end:17:19:
              vpiParent: LogicTypespec
              vpiLeftRange Constant start:17:15 end:17:16:
                vpiParent: Range
                vpiTypespec RefTypespec:
                  vpiParent: Constant
                  vpiFullName: top
                  vpiActual: IntTypespec
                vpiConstType: unsigned int (9)
                vpiSize: 64
                vpiDecompile: "7"
                vpiValue: 7
              vpiRightRange Constant start:17:17 end:17:18:
                vpiParent: Range
                vpiTypespec RefTypespec:
                  vpiParent: Constant
                  vpiFullName: top
                  vpiActual: IntTypespec
                vpiConstType: unsigned int (9)
                vpiSize: 64
                vpiDecompile: "0"
                vpiValue: 0
          vpiSigned: true
          vpiVector: true
      vpiDefName: top
      vpiDefNetType: wire (1)
      vpiLibrary RefObj name:work:
        vpiParent: Module name:top
        vpiName: work
        vpiFullName: top.work
      vpiCell: top
      vpiProcess (1 items):
        Initial start:19:1 end:21:4:
          vpiParent: Module name:top
          vpiStmt Begin start:19:9 end:21:4:
            vpiParent: Initial
            vpiFullName: top
            vpiStmt (1 items):
              Assignment start:20:2 end:20:22:
                vpiParent: Begin
                vpiBlocking: true
                vpiLhs RefObj name:a start:20:2 end:20:3:
                  vpiParent: Assignment
                  vpiName: a
                  vpiFullName: top.a
                  vpiActual: Variable name:a
                vpiRhs SysTaskCall name:$signed start:20:6 end:20:22:
                  vpiParent: Assignment
                  vpiName Identifier name:$signed start:20:6 end:20:13:
                  vpiArgument (1 items):
                    Constant start:20:14 end:20:21:
                      vpiParent: SysTaskCall name:$signed
                      vpiTypespec RefTypespec:
                        vpiParent: Constant
                        vpiFullName: top
                        vpiActual: LogicTypespec
                      vpiConstType: binary (3)
                      vpiSize: 4
                      vpiDecompile: "4'b1000"
                      vpiValue: "1000"
  vpiTypespec (3 items):
    ModuleTypespec name:top:
      vpiParent: Design name:unnamed
      vpiName Identifier name:top start:15:8 end:15:11:
      vpiModule: Module name:top
    IntTypespec:
      vpiParent: Design name:unnamed
      vpiSigned: true
    LogicTypespec:
      vpiParent: Design name:unnamed
===================
[  FATAL] : 0
[ SYNTAX] : 0
[  ERROR] : 0
[WARNING] : 0
[   NOTE] : 0
********************************************************************************
*                    End HLC SystemVerilog Compiler/Linter                     *
********************************************************************************

#**#**#**#**#**#**#**#**#**#**#**#**#**#**#**#**#**#**#**#**#**#**#**#**#**#**#**#**#**#**#**#**#**#**#**#**#**#**#**#**

Environment:
      test-name: Google/chapter-11/11.7--signed_func
   test-dirpath: ${HLC_DIR}/regression/Google/chapter-11/11.7--signed_func
  hldb-filepath: ${HLC_DIR}/regression/Google/chapter-11/11.7--signed_func/design.hldb
mounts-filepath: ${HLC_DIR}/regression/Google/chapter-11/11.7--signed_func/mounts.json


{'result': {'coverage': 100.0,
            'error_count': 0,
            'file_count': 1,
            'files': {'$Output/lib/work/11.7--signed_func.sv': {'post_len': 0,
                                                                'pre_len': 80}},
            'post_len': 0,
            'pre_len': 80,
            'test_name': 'Google/chapter-11/11.7--signed_func'}}

+---------------------------------------+----------+-----------+
| INPUT                                 |   PRELEN |   POSTLEN |
+=======================================+==========+===========+
| $Output/lib/work/11.7--signed_func.sv |       80 |         0 |
+=======================================+==========+===========+
|                                       |       80 |         0 |
+---------------------------------------+----------+-----------+

[   ERROR] : 0
[COVERAGE] : 100.0


#**#**#**#**#**#**#**#**#**#**#**#**#**#**#**#**#**#**#**#**#**#**#**#**#**#**#**#**#**#**#**#**#**#**#**#**#**#**#**#**

COMMAND: ${HLC_DIR}/regression/Google/chapter-11/11.7--signed_func/design.hldb ${HLC_DIR}/regression/Google/chapter-11/11.7--signed_func/reduced.hldb

==================== BEGIN REDUCTION RESULT ====================
Name                            Before   After   Added   Removed
----------------------------------------------------------------
----------------------------------------------------------------
Others                              25      25       0         0
----------------------------------------------------------------
                                    25      25       0         0
===================== END REDUCTION RESULT =====================
