********************************************************************************
*                   Begin HLC SystemVerilog Compiler/Linter                    *
********************************************************************************
Copyright (c) 2020 Apotell,
http://www.apache.org/licenses/LICENSE-2.0
VERSION: 1.84
COMMAND: -wd ../../../../tests/Google/chapter-18 -timescale=1ns/1ns -d ast -d db -nobuiltin 18.17.6--aborting-productions-break-and-return_2.sv -wd ${HLC_DIR}/third_party/UVM -I1800.2-2017-1.0/src -mt 0 -mp 0 -d dbstats -d cache -d db -nostdout -o ${HLC_DIR}/regression/Google/chapter-18/18.17.6--aborting-productions-break-and-return_2
[INF:CM0023] Creating log file "$Output/hlc.log".
[INF:PP0122] Preprocessing source file "$Source01/18.17.6--aborting-productions-break-and-return_2.sv".
[INF:PA0201] Parsing source file "$Source01/18.17.6--aborting-productions-break-and-return_2.sv".
AST_DEBUG_BEGIN
Count: 171
LIB: work
FILE: f<14>:$Source01/18.17.6--aborting-productions-break-and-return_2.sv
n<$Source01/18.17.6--aborting-productions-break-and-return_2.sv> u<170> t<Top_level_rule> c<1> l<16:1> el<27:1>
  n<> u<1> t<Null_rule> p<170> s<2> l<16:1> el<16:1>
  n<// Copyright (C) 2019-2021  The SymbiFlow Authors.> u<2> t<LINE_COMMENT> p<170> s<3> l<1:1> el<1:51>
  n<//> u<3> t<LINE_COMMENT> p<170> s<4> l<2:1> el<2:3>
  n<// Use of this source code is governed by a ISC-style> u<4> t<LINE_COMMENT> p<170> s<5> l<3:1> el<3:54>
  n<// license that can be found in the LICENSE file or at> u<5> t<LINE_COMMENT> p<170> s<6> l<4:1> el<4:55>
  n<// https://opensource.org/licenses/ISC> u<6> t<LINE_COMMENT> p<170> s<7> l<5:1> el<5:39>
  n<//> u<7> t<LINE_COMMENT> p<170> s<8> l<6:1> el<6:3>
  n<// SPDX-License-Identifier: ISC> u<8> t<LINE_COMMENT> p<170> s<9> l<7:1> el<7:32>
  n</*\n:name: aborting_productions_break_and_return_2\n:description: return statement test\n:tags: 18.17.6\n*/> u<9> t<BLOCK_COMMENT> p<170> s<169> l<16:1> el<26:12>
  n<> u<169> t<Source_text> p<170> c<168> l<16:1> el<26:12>
    n<> u<168> t<Description> p<169> c<167> l<16:1> el<26:12>
      n<> u<167> t<Package_item> p<168> c<166> l<16:1> el<26:12>
        n<> u<166> t<Package_or_generate_item_declaration> p<167> c<165> l<16:1> el<26:12>
          n<> u<165> t<Function_declaration> p<166> c<164> l<16:1> el<26:12>
            n<> u<164> t<Function_body_declaration> p<165> c<13> l<16:10> el<26:12>
              n<> u<13> t<Function_data_type_or_implicit> p<164> c<12> s<14> l<16:10> el<16:13>
                n<> u<12> t<Function_data_type> p<13> c<11> l<16:10> el<16:13>
                  n<> u<11> t<Data_type> p<12> c<10> l<16:10> el<16:13>
                    n<> u<10> t<INT> p<11> l<16:10> el<16:13>
              n<F> u<14> t<SIMPLE_IDENTIFIER> p<164> s<15> l<16:14> el<16:15>
              n<> u<15> t<Tf_port_item_list> p<164> s<23> l<16:15> el<16:17>
              n<> u<23> t<Block_item_declaration> p<164> c<22> s<35> l<17:5> el<17:11>
                n<> u<22> t<Data_declaration> p<23> c<21> l<17:5> el<17:11>
                  n<> u<21> t<Variable_declaration> p<22> c<17> l<17:5> el<17:11>
                    n<> u<17> t<Data_type> p<21> c<16> s<20> l<17:5> el<17:8>
                      n<> u<16> t<INT> p<17> l<17:5> el<17:8>
                    n<> u<20> t<Variable_decl_assignment_list> p<21> c<19> l<17:9> el<17:10>
                      n<> u<19> t<Variable_decl_assignment> p<20> c<18> l<17:9> el<17:10>
                        n<x> u<18> t<SIMPLE_IDENTIFIER> p<19> l<17:9> el<17:10>
              n<> u<35> t<Block_item_declaration> p<164> c<34> s<153> l<18:5> el<18:23>
                n<> u<34> t<Data_declaration> p<35> c<33> l<18:5> el<18:23>
                  n<> u<33> t<Variable_declaration> p<34> c<25> l<18:5> el<18:23>
                    n<> u<25> t<Data_type> p<33> c<24> s<32> l<18:5> el<18:8>
                      n<> u<24> t<INT> p<25> l<18:5> el<18:8>
                    n<> u<32> t<Variable_decl_assignment_list> p<33> c<31> l<18:9> el<18:22>
                      n<> u<31> t<Variable_decl_assignment> p<32> c<26> l<18:9> el<18:22>
                        n<return_on> u<26> t<SIMPLE_IDENTIFIER> p<31> s<30> l<18:9> el<18:18>
                        n<> u<30> t<Expression> p<31> c<29> l<18:21> el<18:22>
                          n<> u<29> t<Primary> p<30> c<28> l<18:21> el<18:22>
                            n<> u<28> t<Primary_literal> p<29> c<27> l<18:21> el<18:22>
                              n<1> u<27> t<INTEGRAL_NUMBER> p<28> l<18:21> el<18:22>
              n<> u<153> t<Function_statement_or_null> p<164> c<152> s<162> l<19:5> el<24:16>
                n<> u<152> t<Statement> p<153> c<151> l<19:5> el<24:16>
                  n<> u<151> t<Statement_item> p<152> c<150> l<19:5> el<24:16>
                    n<> u<150> t<Randsequence_statement> p<151> c<36> l<19:5> el<24:16>
                      n<main> u<36> t<SIMPLE_IDENTIFIER> p<150> s<49> l<19:19> el<19:23>
                      n<> u<49> t<Production> p<150> c<37> s<75> l<20:7> el<20:34>
                        n<main> u<37> t<SIMPLE_IDENTIFIER> p<49> s<48> l<20:7> el<20:11>
                        n<> u<48> t<Rs_rule> p<49> c<47> l<20:14> el<20:33>
                          n<> u<47> t<Rs_production_list> p<48> c<40> l<20:14> el<20:33>
                            n<> u<40> t<Rs_prod> p<47> c<39> s<43> l<20:14> el<20:19>
                              n<> u<39> t<Production_item> p<40> c<38> l<20:14> el<20:19>
                                n<first> u<38> t<SIMPLE_IDENTIFIER> p<39> l<20:14> el<20:19>
                            n<> u<43> t<Rs_prod> p<47> c<42> s<46> l<20:20> el<20:27>
                              n<> u<42> t<Production_item> p<43> c<41> l<20:20> el<20:27>
                                n<secondi> u<41> t<SIMPLE_IDENTIFIER> p<42> l<20:20> el<20:27>
                            n<> u<46> t<Rs_prod> p<47> c<45> l<20:28> el<20:33>
                              n<> u<45> t<Production_item> p<46> c<44> l<20:28> el<20:33>
                                n<third> u<44> t<SIMPLE_IDENTIFIER> p<45> l<20:28> el<20:33>
                      n<> u<75> t<Production> p<150> c<50> s<122> l<21:7> el<21:31>
                        n<first> u<50> t<SIMPLE_IDENTIFIER> p<75> s<74> l<21:7> el<21:12>
                        n<> u<74> t<Rs_rule> p<75> c<73> l<21:15> el<21:30>
                          n<> u<73> t<Rs_production_list> p<74> c<72> l<21:15> el<21:30>
                            n<> u<72> t<Rs_prod> p<73> c<71> l<21:15> el<21:30>
                              n<> u<71> t<Rs_code_block> p<72> c<70> l<21:15> el<21:30>
                                n<> u<70> t<Statement_or_null> p<71> c<69> l<21:17> el<21:28>
                                  n<> u<69> t<Statement> p<70> c<68> l<21:17> el<21:28>
                                    n<> u<68> t<Statement_item> p<69> c<67> l<21:17> el<21:28>
                                      n<> u<67> t<Blocking_assignment> p<68> c<66> l<21:17> el<21:27>
                                        n<> u<66> t<Variable_assignment> p<67> c<55> l<21:17> el<21:27>
                                          n<> u<55> t<Variable_lvalue> p<66> c<52> s<65> l<21:17> el<21:18>
                                            n<> u<52> t<Ps_or_hierarchical_identifier> p<55> c<51> s<54> l<21:17> el<21:18>
                                              n<x> u<51> t<SIMPLE_IDENTIFIER> p<52> l<21:17> el<21:18>
                                            n<> u<54> t<Select> p<55> c<53> l<21:19> el<21:19>
                                              n<> u<53> t<Bit_select> p<54> l<21:19> el<21:19>
                                          n<> u<65> t<Expression> p<66> c<59> l<21:21> el<21:27>
                                            n<> u<59> t<Expression> p<65> c<58> s<64> l<21:21> el<21:22>
                                              n<> u<58> t<Primary> p<59> c<57> l<21:21> el<21:22>
                                                n<> u<57> t<Primary_literal> p<58> c<56> l<21:21> el<21:22>
                                                  n<x> u<56> t<SIMPLE_IDENTIFIER> p<57> l<21:21> el<21:22>
                                            n<> u<64> t<BinaryOp_Plus> p<65> s<63> l<21:23> el<21:24>
                                            n<> u<63> t<Expression> p<65> c<62> l<21:25> el<21:27>
                                              n<> u<62> t<Primary> p<63> c<61> l<21:25> el<21:27>
                                                n<> u<61> t<Primary_literal> p<62> c<60> l<21:25> el<21:27>
                                                  n<20> u<60> t<INTEGRAL_NUMBER> p<61> l<21:25> el<21:27>
                      n<> u<122> t<Production> p<150> c<76> s<148> l<22:7> el<22:59>
                        n<second> u<76> t<SIMPLE_IDENTIFIER> p<122> s<121> l<22:7> el<22:13>
                        n<> u<121> t<Rs_rule> p<122> c<120> l<22:16> el<22:58>
                          n<> u<120> t<Rs_production_list> p<121> c<119> l<22:16> el<22:58>
                            n<> u<119> t<Rs_prod> p<120> c<118> l<22:16> el<22:58>
                              n<> u<118> t<Rs_code_block> p<119> c<97> l<22:16> el<22:58>
                                n<> u<97> t<Statement_or_null> p<118> c<96> s<117> l<22:18> el<22:44>
                                  n<> u<96> t<Statement> p<97> c<95> l<22:18> el<22:44>
                                    n<> u<95> t<Statement_item> p<96> c<94> l<22:18> el<22:44>
                                      n<> u<94> t<Conditional_statement> p<95> c<88> l<22:18> el<22:44>
                                        n<> u<88> t<Cond_predicate> p<94> c<87> s<93> l<22:21> el<22:35>
                                          n<> u<87> t<Expression_or_cond_pattern> p<88> c<86> l<22:21> el<22:35>
                                            n<> u<86> t<Expression> p<87> c<80> l<22:21> el<22:35>
                                              n<> u<80> t<Expression> p<86> c<79> s<85> l<22:21> el<22:30>
                                                n<> u<79> t<Primary> p<80> c<78> l<22:21> el<22:30>
                                                  n<> u<78> t<Primary_literal> p<79> c<77> l<22:21> el<22:30>
                                                    n<return_on> u<77> t<SIMPLE_IDENTIFIER> p<78> l<22:21> el<22:30>
                                              n<> u<85> t<EQUIV> p<86> s<84> l<22:31> el<22:33>
                                              n<> u<84> t<Expression> p<86> c<83> l<22:34> el<22:35>
                                                n<> u<83> t<Primary> p<84> c<82> l<22:34> el<22:35>
                                                  n<> u<82> t<Primary_literal> p<83> c<81> l<22:34> el<22:35>
                                                    n<1> u<81> t<INTEGRAL_NUMBER> p<82> l<22:34> el<22:35>
                                        n<> u<93> t<Statement_or_null> p<94> c<92> l<22:37> el<22:44>
                                          n<> u<92> t<Statement> p<93> c<91> l<22:37> el<22:44>
                                            n<> u<91> t<Statement_item> p<92> c<90> l<22:37> el<22:44>
                                              n<> u<90> t<Jump_statement> p<91> c<89> l<22:37> el<22:44>
                                                n<> u<89> t<RETURN> p<90> l<22:37> el<22:43>
                                n<> u<117> t<Statement_or_null> p<118> c<116> l<22:45> el<22:56>
                                  n<> u<116> t<Statement> p<117> c<115> l<22:45> el<22:56>
                                    n<> u<115> t<Statement_item> p<116> c<114> l<22:45> el<22:56>
                                      n<> u<114> t<Blocking_assignment> p<115> c<113> l<22:45> el<22:55>
                                        n<> u<113> t<Variable_assignment> p<114> c<102> l<22:45> el<22:55>
                                          n<> u<102> t<Variable_lvalue> p<113> c<99> s<112> l<22:45> el<22:46>
                                            n<> u<99> t<Ps_or_hierarchical_identifier> p<102> c<98> s<101> l<22:45> el<22:46>
                                              n<x> u<98> t<SIMPLE_IDENTIFIER> p<99> l<22:45> el<22:46>
                                            n<> u<101> t<Select> p<102> c<100> l<22:47> el<22:47>
                                              n<> u<100> t<Bit_select> p<101> l<22:47> el<22:47>
                                          n<> u<112> t<Expression> p<113> c<106> l<22:49> el<22:55>
                                            n<> u<106> t<Expression> p<112> c<105> s<111> l<22:49> el<22:50>
                                              n<> u<105> t<Primary> p<106> c<104> l<22:49> el<22:50>
                                                n<> u<104> t<Primary_literal> p<105> c<103> l<22:49> el<22:50>
                                                  n<x> u<103> t<SIMPLE_IDENTIFIER> p<104> l<22:49> el<22:50>
                                            n<> u<111> t<BinaryOp_Plus> p<112> s<110> l<22:51> el<22:52>
                                            n<> u<110> t<Expression> p<112> c<109> l<22:53> el<22:55>
                                              n<> u<109> t<Primary> p<110> c<108> l<22:53> el<22:55>
                                                n<> u<108> t<Primary_literal> p<109> c<107> l<22:53> el<22:55>
                                                  n<10> u<107> t<INTEGRAL_NUMBER> p<108> l<22:53> el<22:55>
                      n<> u<148> t<Production> p<150> c<123> s<149> l<23:7> el<23:29>
                        n<third> u<123> t<SIMPLE_IDENTIFIER> p<148> s<147> l<23:7> el<23:12>
                        n<> u<147> t<Rs_rule> p<148> c<146> l<23:15> el<23:28>
                          n<> u<146> t<Rs_production_list> p<147> c<145> l<23:15> el<23:28>
                            n<> u<145> t<Rs_prod> p<146> c<144> l<23:15> el<23:28>
                              n<> u<144> t<Rs_code_block> p<145> c<143> l<23:15> el<23:28>
                                n<> u<143> t<Statement_or_null> p<144> c<142> l<23:17> el<23:27>
                                  n<> u<142> t<Statement> p<143> c<141> l<23:17> el<23:27>
                                    n<> u<141> t<Statement_item> p<142> c<140> l<23:17> el<23:27>
                                      n<> u<140> t<Blocking_assignment> p<141> c<139> l<23:17> el<23:26>
                                        n<> u<139> t<Variable_assignment> p<140> c<128> l<23:17> el<23:26>
                                          n<> u<128> t<Variable_lvalue> p<139> c<125> s<138> l<23:17> el<23:18>
                                            n<> u<125> t<Ps_or_hierarchical_identifier> p<128> c<124> s<127> l<23:17> el<23:18>
                                              n<x> u<124> t<SIMPLE_IDENTIFIER> p<125> l<23:17> el<23:18>
                                            n<> u<127> t<Select> p<128> c<126> l<23:19> el<23:19>
                                              n<> u<126> t<Bit_select> p<127> l<23:19> el<23:19>
                                          n<> u<138> t<Expression> p<139> c<132> l<23:21> el<23:26>
                                            n<> u<132> t<Expression> p<138> c<131> s<137> l<23:21> el<23:22>
                                              n<> u<131> t<Primary> p<132> c<130> l<23:21> el<23:22>
                                                n<> u<130> t<Primary_literal> p<131> c<129> l<23:21> el<23:22>
                                                  n<x> u<129> t<SIMPLE_IDENTIFIER> p<130> l<23:21> el<23:22>
                                            n<> u<137> t<BinaryOp_Plus> p<138> s<136> l<23:23> el<23:24>
                                            n<> u<136> t<Expression> p<138> c<135> l<23:25> el<23:26>
                                              n<> u<135> t<Primary> p<136> c<134> l<23:25> el<23:26>
                                                n<> u<134> t<Primary_literal> p<135> c<133> l<23:25> el<23:26>
                                                  n<5> u<133> t<INTEGRAL_NUMBER> p<134> l<23:25> el<23:26>
                      n<> u<149> t<ENDSEQUENCE> p<150> l<24:5> el<24:16>
              n<> u<162> t<Function_statement_or_null> p<164> c<161> s<163> l<25:5> el<25:14>
                n<> u<161> t<Statement> p<162> c<160> l<25:5> el<25:14>
                  n<> u<160> t<Statement_item> p<161> c<159> l<25:5> el<25:14>
                    n<> u<159> t<Jump_statement> p<160> c<158> l<25:5> el<25:14>
                      n<> u<158> t<RETURN> p<159> s<157> l<25:5> el<25:11>
                      n<> u<157> t<Expression> p<159> c<156> l<25:12> el<25:13>
                        n<> u<156> t<Primary> p<157> c<155> l<25:12> el<25:13>
                          n<> u<155> t<Primary_literal> p<156> c<154> l<25:12> el<25:13>
                            n<x> u<154> t<SIMPLE_IDENTIFIER> p<155> l<25:12> el<25:13>
              n<> u<163> t<ENDFUNCTION> p<164> l<26:1> el<26:12>
AST_DEBUG_END
[WRN:CP0348] $Source01/18.17.6--aborting-productions-break-and-return_2.sv:19:5: Feature not yet implemented.
[INF:CM0029] Using global timescale: "1ns/1ns".
====== HLDB =======
Design name:unnamed:
  vpiName: unnamed
  vpiSourceFile (1 items):
    SourceFile name:18.17.6--aborting-productions-break-and-return_2.sv file:$Source01/18.17.6--aborting-productions-break-and-return_2.sv:
      vpiParent: Design name:unnamed
      vpiName: "18.17.6--aborting-productions-break-and-return_2.sv"
      vpiPreprocFile: "$Output/lib/work/18.17.6--aborting-productions-break-and-return_2.sv"
      vpiDefNetType: none (12)
  vpiTypespec (1 items):
    IntTypespec:
      vpiParent: Design name:unnamed
      vpiSigned: true
  vpiTaskFunc (1 items):
    Function name:F start:16:1 end:26:12:
      vpiParent: Design name:unnamed
      vpiName Identifier name:F start:16:14 end:16:15:
        vpiParent: Function name:F
        vpiName: F
      vpiFullName: F
      vpiVisibility: public (1)
      vpiStmt Begin:
        vpiParent: Function name:F
        vpiFullName: F
        vpiVariable (2 items):
          Variable name:x start:17:9 end:17:10:
            vpiParent: Begin
            vpiTypespec RefTypespec start:17:5 end:17:8:
              vpiParent: Variable name:x
              vpiFullName: F.x
              vpiActual: IntTypespec
            vpiName: x
            vpiFullName: F.x
          Variable name:return_on start:18:9 end:18:18:
            vpiParent: Begin
            vpiTypespec RefTypespec start:18:5 end:18:8:
              vpiParent: Variable name:return_on
              vpiFullName: F.return_on
              vpiActual: IntTypespec
            vpiName: return_on
            vpiFullName: F.return_on
            vpiValue Constant start:18:21 end:18:22:
              vpiParent: Variable name:return_on
              vpiTypespec RefTypespec:
                vpiParent: Constant
                vpiFullName: F.return_on
                vpiActual: IntTypespec
              vpiConstType: unsigned int (9)
              vpiSize: 64
              vpiDecompile: "1"
              vpiValue: 1
        vpiStmt (1 items):
          ReturnStmt start:25:5 end:25:14:
            vpiParent: Begin
            vpiCondition RefObj name:x start:25:12 end:25:13:
              vpiParent: ReturnStmt
              vpiName: x
              vpiFullName: F.x
              vpiActual: Variable name:x
      vpiReturn RefTypespec start:16:10 end:16:13:
        vpiParent: Function name:F
        vpiFullName: F
        vpiActual: IntTypespec
===================
[  FATAL] : 0
[ SYNTAX] : 0
[  ERROR] : 0
[WARNING] : 1
[   NOTE] : 0
********************************************************************************
*                    End HLC SystemVerilog Compiler/Linter                     *
********************************************************************************

#**#**#**#**#**#**#**#**#**#**#**#**#**#**#**#**#**#**#**#**#**#**#**#**#**#**#**#**#**#**#**#**#**#**#**#**#**#**#**#**

Environment:
      test-name: Google/chapter-18/18.17.6--aborting-productions-break-and-return_2
   test-dirpath: ${HLC_DIR}/regression/Google/chapter-18/18.17.6--aborting-productions-break-and-return_2
  hldb-filepath: ${HLC_DIR}/regression/Google/chapter-18/18.17.6--aborting-productions-break-and-return_2/design.hldb
mounts-filepath: ${HLC_DIR}/regression/Google/chapter-18/18.17.6--aborting-productions-break-and-return_2/mounts.json


{'result': {'coverage': 64.98,
            'error_count': 0,
            'file_count': 1,
            'files': {'$Output/lib/work/18.17.6--aborting-productions-break-and-return_2.sv': {'post_len': 76,
                                                                                               'pre_len': 217}},
            'post_len': 76,
            'pre_len': 217,
            'test_name': 'Google/chapter-18/18.17.6--aborting-productions-break-and-return_2'}}

+----------------------------------------------------------------------+----------+-----------+
| INPUT                                                                |   PRELEN |   POSTLEN |
+======================================================================+==========+===========+
| $Output/lib/work/18.17.6--aborting-productions-break-and-return_2.sv |      217 |        76 |
+======================================================================+==========+===========+
|                                                                      |      217 |        76 |
+----------------------------------------------------------------------+----------+-----------+

[   ERROR] : 0
[COVERAGE] : 64.98


#**#**#**#**#**#**#**#**#**#**#**#**#**#**#**#**#**#**#**#**#**#**#**#**#**#**#**#**#**#**#**#**#**#**#**#**#**#**#**#**

COMMAND: ${HLC_DIR}/regression/Google/chapter-18/18.17.6--aborting-productions-break-and-return_2/design.hldb ${HLC_DIR}/regression/Google/chapter-18/18.17.6--aborting-productions-break-and-return_2/reduced.hldb

==================== BEGIN REDUCTION RESULT ====================
Name                            Before   After   Added   Removed
----------------------------------------------------------------
----------------------------------------------------------------
Others                              15      15       0         0
----------------------------------------------------------------
                                    15      15       0         0
===================== END REDUCTION RESULT =====================
