********************************************
*  SURELOG SystemVerilog  Compiler/Linter  *
********************************************
Copyright (c) 2017-2023 Alain Dargelas,
http://www.apache.org/licenses/LICENSE-2.0
VERSION: 1.84
COMMAND: -wd ../../../../tests/Google/chapter-18 -parse -timescale=1ns/1ns -d ast -d uhdm -nobuiltin 18.17.2--if-else-production-statements_0.sv -wd ${SURELOG_DIR}/third_party/UVM -I1800.2-2017-1.0/src -mt 0 -mp 0 -d uhdmstats -d cache -d uhdm -nostdout -o ${SURELOG_DIR}/regression/Google/chapter-18/18.17.2--if-else-production-statements_0
[INF:CM0023] Creating log file "$Output/hlc.log".
[INF:PP0122] Preprocessing source file "$Source01/18.17.2--if-else-production-statements_0.sv".
[INF:PA0201] Parsing source file "$Source01/18.17.2--if-else-production-statements_0.sv".
AST_DEBUG_BEGIN
Count: 98
LIB: work
FILE: f<14>:$Source01/18.17.2--if-else-production-statements_0.sv
n<$Source01/18.17.2--if-else-production-statements_0.sv> u<97> t<Top_level_rule> c<1> l<16:1> el<24:1>
  n<> u<1> t<Null_rule> p<97> s<2> l<16:1> el<16:1>
  n<// Copyright (C) 2019-2021  The SymbiFlow Authors.> u<2> t<LINE_COMMENT> p<97> s<3> l<1:1> el<1:51>
  n<//> u<3> t<LINE_COMMENT> p<97> s<4> l<2:1> el<2:3>
  n<// Use of this source code is governed by a ISC-style> u<4> t<LINE_COMMENT> p<97> s<5> l<3:1> el<3:54>
  n<// license that can be found in the LICENSE file or at> u<5> t<LINE_COMMENT> p<97> s<6> l<4:1> el<4:55>
  n<// https://opensource.org/licenses/ISC> u<6> t<LINE_COMMENT> p<97> s<7> l<5:1> el<5:39>
  n<//> u<7> t<LINE_COMMENT> p<97> s<8> l<6:1> el<6:3>
  n<// SPDX-License-Identifier: ISC> u<8> t<LINE_COMMENT> p<97> s<9> l<7:1> el<7:32>
  n</*\n:name: if_else_production_statements_0\n:description: randcase if-else test\n:tags: 18.17.2\n*/> u<9> t<BLOCK_COMMENT> p<97> s<96> l<16:1> el<23:12>
  n<> u<96> t<Source_text> p<97> c<95> l<16:1> el<23:12>
    n<> u<95> t<Description> p<96> c<94> l<16:1> el<23:12>
      n<> u<94> t<Package_item> p<95> c<93> l<16:1> el<23:12>
        n<> u<93> t<Package_or_generate_item_declaration> p<94> c<92> l<16:1> el<23:12>
          n<> u<92> t<Function_declaration> p<93> c<91> l<16:1> el<23:12>
            n<> u<91> t<Function_body_declaration> p<92> c<13> l<16:10> el<23:12>
              n<> u<13> t<Function_data_type_or_implicit> p<91> c<12> s<14> l<16:10> el<16:13>
                n<> u<12> t<Function_data_type> p<13> c<11> l<16:10> el<16:13>
                  n<> u<11> t<Data_type> p<12> c<10> l<16:10> el<16:13>
                    n<> u<10> t<INT> p<11> l<16:10> el<16:13>
              n<F> u<14> t<SIMPLE_IDENTIFIER> p<91> s<15> l<16:14> el<16:15>
              n<> u<15> t<Tf_port_item_list> p<91> s<23> l<16:15> el<16:17>
              n<> u<23> t<Block_item_declaration> p<91> c<22> s<80> l<17:5> el<17:11>
                n<> u<22> t<Data_declaration> p<23> c<21> l<17:5> el<17:11>
                  n<> u<21> t<Variable_declaration> p<22> c<17> l<17:5> el<17:11>
                    n<> u<17> t<Data_type> p<21> c<16> s<20> l<17:5> el<17:8>
                      n<> u<16> t<INT> p<17> l<17:5> el<17:8>
                    n<> u<20> t<Variable_decl_assignment_list> p<21> c<19> l<17:9> el<17:10>
                      n<> u<19> t<Variable_decl_assignment> p<20> c<18> l<17:9> el<17:10>
                        n<x> u<18> t<SIMPLE_IDENTIFIER> p<19> l<17:9> el<17:10>
              n<> u<80> t<Function_statement_or_null> p<91> c<79> s<89> l<18:5> el<21:16>
                n<> u<79> t<Statement> p<80> c<78> l<18:5> el<21:16>
                  n<> u<78> t<Statement_item> p<79> c<77> l<18:5> el<21:16>
                    n<> u<77> t<Randsequence_statement> p<78> c<24> l<18:5> el<21:16>
                      n<main> u<24> t<SIMPLE_IDENTIFIER> p<77> s<31> l<18:19> el<18:23>
                      n<> u<31> t<Production> p<77> c<25> s<75> l<19:7> el<19:20>
                        n<main> u<25> t<SIMPLE_IDENTIFIER> p<31> s<30> l<19:7> el<19:11>
                        n<> u<30> t<Rs_rule> p<31> c<29> l<19:14> el<19:19>
                          n<> u<29> t<Rs_production_list> p<30> c<28> l<19:14> el<19:19>
                            n<> u<28> t<Rs_prod> p<29> c<27> l<19:14> el<19:19>
                              n<> u<27> t<Production_item> p<28> c<26> l<19:14> el<19:19>
                                n<first> u<26> t<SIMPLE_IDENTIFIER> p<27> l<19:14> el<19:19>
                      n<> u<75> t<Production> p<77> c<32> s<76> l<20:7> el<20:51>
                        n<first> u<32> t<SIMPLE_IDENTIFIER> p<75> s<74> l<20:7> el<20:12>
                        n<> u<74> t<Rs_rule> p<75> c<73> l<20:15> el<20:50>
                          n<> u<73> t<Rs_production_list> p<74> c<72> l<20:15> el<20:50>
                            n<> u<72> t<Rs_prod> p<73> c<71> l<20:15> el<20:50>
                              n<> u<71> t<Rs_code_block> p<72> c<70> l<20:15> el<20:50>
                                n<> u<70> t<Statement_or_null> p<71> c<69> l<20:17> el<20:48>
                                  n<> u<69> t<Statement> p<70> c<68> l<20:17> el<20:48>
                                    n<> u<68> t<Statement_item> p<69> c<67> l<20:17> el<20:48>
                                      n<> u<67> t<Conditional_statement> p<68> c<38> l<20:17> el<20:48>
                                        n<> u<38> t<Cond_predicate> p<67> c<37> s<52> l<20:20> el<20:26>
                                          n<> u<37> t<Expression_or_cond_pattern> p<38> c<36> l<20:20> el<20:26>
                                            n<> u<36> t<Expression> p<37> c<35> l<20:20> el<20:26>
                                              n<> u<35> t<Primary> p<36> c<34> l<20:20> el<20:26>
                                                n<> u<34> t<Primary_literal> p<35> c<33> l<20:20> el<20:26>
                                                  n<switch> u<33> t<SIMPLE_IDENTIFIER> p<34> l<20:20> el<20:26>
                                        n<> u<52> t<Statement_or_null> p<67> c<51> s<66> l<20:29> el<20:36>
                                          n<> u<51> t<Statement> p<52> c<50> l<20:29> el<20:36>
                                            n<> u<50> t<Statement_item> p<51> c<49> l<20:29> el<20:36>
                                              n<> u<49> t<Blocking_assignment> p<50> c<48> l<20:29> el<20:35>
                                                n<> u<48> t<Variable_assignment> p<49> c<43> l<20:29> el<20:35>
                                                  n<> u<43> t<Variable_lvalue> p<48> c<40> s<47> l<20:29> el<20:30>
                                                    n<> u<40> t<Ps_or_hierarchical_identifier> p<43> c<39> s<42> l<20:29> el<20:30>
                                                      n<x> u<39> t<SIMPLE_IDENTIFIER> p<40> l<20:29> el<20:30>
                                                    n<> u<42> t<Select> p<43> c<41> l<20:31> el<20:31>
                                                      n<> u<41> t<Bit_select> p<42> l<20:31> el<20:31>
                                                  n<> u<47> t<Expression> p<48> c<46> l<20:33> el<20:35>
                                                    n<> u<46> t<Primary> p<47> c<45> l<20:33> el<20:35>
                                                      n<> u<45> t<Primary_literal> p<46> c<44> l<20:33> el<20:35>
                                                        n<10> u<44> t<INTEGRAL_NUMBER> p<45> l<20:33> el<20:35>
                                        n<> u<66> t<Statement_or_null> p<67> c<65> l<20:42> el<20:48>
                                          n<> u<65> t<Statement> p<66> c<64> l<20:42> el<20:48>
                                            n<> u<64> t<Statement_item> p<65> c<63> l<20:42> el<20:48>
                                              n<> u<63> t<Blocking_assignment> p<64> c<62> l<20:42> el<20:47>
                                                n<> u<62> t<Variable_assignment> p<63> c<57> l<20:42> el<20:47>
                                                  n<> u<57> t<Variable_lvalue> p<62> c<54> s<61> l<20:42> el<20:43>
                                                    n<> u<54> t<Ps_or_hierarchical_identifier> p<57> c<53> s<56> l<20:42> el<20:43>
                                                      n<x> u<53> t<SIMPLE_IDENTIFIER> p<54> l<20:42> el<20:43>
                                                    n<> u<56> t<Select> p<57> c<55> l<20:44> el<20:44>
                                                      n<> u<55> t<Bit_select> p<56> l<20:44> el<20:44>
                                                  n<> u<61> t<Expression> p<62> c<60> l<20:46> el<20:47>
                                                    n<> u<60> t<Primary> p<61> c<59> l<20:46> el<20:47>
                                                      n<> u<59> t<Primary_literal> p<60> c<58> l<20:46> el<20:47>
                                                        n<5> u<58> t<INTEGRAL_NUMBER> p<59> l<20:46> el<20:47>
                      n<> u<76> t<ENDSEQUENCE> p<77> l<21:5> el<21:16>
              n<> u<89> t<Function_statement_or_null> p<91> c<88> s<90> l<22:5> el<22:14>
                n<> u<88> t<Statement> p<89> c<87> l<22:5> el<22:14>
                  n<> u<87> t<Statement_item> p<88> c<86> l<22:5> el<22:14>
                    n<> u<86> t<Jump_statement> p<87> c<85> l<22:5> el<22:14>
                      n<> u<85> t<RETURN> p<86> s<84> l<22:5> el<22:11>
                      n<> u<84> t<Expression> p<86> c<83> l<22:12> el<22:13>
                        n<> u<83> t<Primary> p<84> c<82> l<22:12> el<22:13>
                          n<> u<82> t<Primary_literal> p<83> c<81> l<22:12> el<22:13>
                            n<x> u<81> t<SIMPLE_IDENTIFIER> p<82> l<22:12> el<22:13>
              n<> u<90> t<ENDFUNCTION> p<91> l<23:1> el<23:12>
AST_DEBUG_END
[INF:CM0029] Using global timescale: "1ns/1ns".
====== UHDM =======
Design name:unnamed:
  vpiName: unnamed
  vpiSourceFile (1 items):
    SourceFile name:18.17.2--if-else-production-statements_0.sv file:$Source01/18.17.2--if-else-production-statements_0.sv:
      vpiParent: Design name:unnamed
      vpiName: "18.17.2--if-else-production-statements_0.sv"
      vpiPreprocFile: "$Output/lib/work/18.17.2--if-else-production-statements_0.sv"
      vpiDefNetType: none (12)
  vpiTypespec (1 items):
    IntTypespec:
      vpiParent: Design name:unnamed
      vpiSigned: true
  vpiTaskFunc (1 items):
    Function name:F start:16:1 end:23:12:
      vpiParent: Design name:unnamed
      vpiName Identifier name:F start:16:14 end:16:15:
        vpiParent: Function name:F
        vpiName: F
      vpiFullName: F
      vpiVisibility: public (1)
      vpiStmt Begin:
        vpiParent: Function name:F
        vpiFullName: F
        vpiSequenceDecl (1 items):
          SequenceDecl start:18:5 end:21:16:
            vpiParent: Begin
            vpiFullName: F
        vpiVariable (1 items):
          Variable name:x start:17:9 end:17:10:
            vpiParent: Begin
            vpiTypespec RefTypespec start:17:5 end:17:8:
              vpiParent: Variable name:x
              vpiFullName: F.x
              vpiActual: IntTypespec
            vpiName: x
            vpiFullName: F.x
        vpiStmt (2 items):
          SequenceDecl:
          ReturnStmt start:22:5 end:22:14:
            vpiParent: Begin
            vpiCondition RefObj name:x start:22:12 end:22:13:
              vpiParent: ReturnStmt
              vpiName: x
              vpiFullName: F.x
              vpiActual: Variable name:x
      vpiReturn RefTypespec start:16:10 end:16:13:
        vpiParent: Function name:F
        vpiFullName: F
        vpiActual: IntTypespec
===================
[  FATAL] : 0
[ SYNTAX] : 0
[  ERROR] : 0
[WARNING] : 0
[   NOTE] : 0
********************************************
*   End SURELOG SVerilog Compiler/Linter   *
********************************************

#**#**#**#**#**#**#**#**#**#**#**#**#**#**#**#**#**#**#**#**#**#**#**#**#**#**#**#**#**#**#**#**#**#**#**#**#**#**#**#**

Environment:
      test-name: Google/chapter-18/18.17.2--if-else-production-statements_0
   test-dirpath: ${SURELOG_DIR}/regression/Google/chapter-18/18.17.2--if-else-production-statements_0
  uhdm-filepath: ${SURELOG_DIR}/regression/Google/chapter-18/18.17.2--if-else-production-statements_0/surelog.uhdm
mounts-filepath: ${SURELOG_DIR}/regression/Google/chapter-18/18.17.2--if-else-production-statements_0/mounts.json


{'result': {'coverage': 73.28,
            'error_count': 0,
            'file_count': 1,
            'files': {'$Output/lib/work/18.17.2--if-else-production-statements_0.sv': {'post_len': 35,
                                                                                       'pre_len': 131}},
            'post_len': 35,
            'pre_len': 131,
            'test_name': 'Google/chapter-18/18.17.2--if-else-production-statements_0'}}

+--------------------------------------------------------------+----------+-----------+
| INPUT                                                        |   PRELEN |   POSTLEN |
+==============================================================+==========+===========+
| $Output/lib/work/18.17.2--if-else-production-statements_0.sv |      131 |        35 |
+==============================================================+==========+===========+
|                                                              |      131 |        35 |
+--------------------------------------------------------------+----------+-----------+

[   ERROR] : 0
[COVERAGE] : 73.28


#**#**#**#**#**#**#**#**#**#**#**#**#**#**#**#**#**#**#**#**#**#**#**#**#**#**#**#**#**#**#**#**#**#**#**#**#**#**#**#**

COMMAND: ${SURELOG_DIR}/regression/Google/chapter-18/18.17.2--if-else-production-statements_0/surelog.uhdm ${SURELOG_DIR}/regression/Google/chapter-18/18.17.2--if-else-production-statements_0/reduced.uhdm

==================== BEGIN REDUCTION RESULT ====================
Name                            Before   After   Added   Removed
----------------------------------------------------------------
----------------------------------------------------------------
Others                              12      12       0         0
----------------------------------------------------------------
                                    12      12       0         0
===================== END REDUCTION RESULT =====================
