********************************************************************************
*                   Begin HLC SystemVerilog Compiler/Linter                    *
********************************************************************************
Copyright (c) 2020 Apotell,
http://www.apache.org/licenses/LICENSE-2.0
VERSION: 1.84
COMMAND: -wd ../../../../tests/Google/chapter-14 -timescale=1ns/1ns -d ast -d db -nobuiltin 14.3--clocking-block-signals.sv -wd ${HLC_DIR}/third_party/UVM -I1800.2-2017-1.0/src -mt 0 -d dbstats -d cache -writepp -d db -nostdout -o ${HLC_DIR}/regression/Google/chapter-14/14.3--clocking-block-signals
[INF:CM5022] Creating log file "$Output/hlc.log".
[INF:PP5223] Preprocessing source file "$Source01/14.3--clocking-block-signals.sv".
[INF:PA5502] Parsing source file "$Source01/14.3--clocking-block-signals.sv".
AST_DEBUG_BEGIN
Count: 144
LIB: work
FILE<0>:$Source01/14.3--clocking-block-signals.sv
n<$Source01/14.3--clocking-block-signals.sv> u<143> t<Top_level_rule> c<1> l<15:1> el<30:1>
  n<> u<1> t<Null_rule> p<143> s<2> l<15:1> el<15:1>
  n<// Copyright (C) 2019-2021  The SymbiFlow Authors.> u<2> t<LINE_COMMENT> p<143> s<3> l<1:1> el<1:51>
  n<//> u<3> t<LINE_COMMENT> p<143> s<4> l<2:1> el<2:3>
  n<// Use of this source code is governed by a ISC-style> u<4> t<LINE_COMMENT> p<143> s<5> l<3:1> el<3:54>
  n<// license that can be found in the LICENSE file or at> u<5> t<LINE_COMMENT> p<143> s<6> l<4:1> el<4:55>
  n<// https://opensource.org/licenses/ISC> u<6> t<LINE_COMMENT> p<143> s<7> l<5:1> el<5:39>
  n<//> u<7> t<LINE_COMMENT> p<143> s<8> l<6:1> el<6:3>
  n<// SPDX-License-Identifier: ISC> u<8> t<LINE_COMMENT> p<143> s<9> l<7:1> el<7:32>
  n</*\n:name: clocking_block_signals\n:description: clocking block with signals test\n:tags: 14.3\n*/> u<9> t<BLOCK_COMMENT> p<143> s<142> l<15:1> el<29:10>
  n<> u<142> t<Source_text> p<143> c<141> l<15:1> el<29:10>
    n<> u<141> t<Description> p<142> c<140> l<15:1> el<29:10>
      n<> u<140> t<Module_declaration> p<141> c<42> l<15:1> el<29:10>
        n<> u<42> t<Module_ansi_header> p<140> c<10> s<91> l<15:1> el<15:64>
          n<module> u<10> t<MODULE> p<42> s<11> l<15:1> el<15:7>
          n<top> u<11> t<SIMPLE_IDENTIFIER> p<42> s<12> l<15:8> el<15:11>
          n<> u<12> t<Package_import_declaration_list> p<42> s<41> l<15:11> el<15:11>
          n<> u<41> t<Port_declaration_list> p<42> c<18> l<15:11> el<15:63>
            n<> u<18> t<Ansi_port_declaration> p<41> c<16> s<24> l<15:12> el<15:21>
              n<> u<16> t<Net_port_header> p<18> c<13> s<17> l<15:12> el<15:17>
                n<> u<13> t<INPUT> p<16> s<15> l<15:12> el<15:17>
                n<> u<15> t<Net_port_type> p<16> c<14> l<15:18> el<15:18>
                  n<> u<14> t<Data_type_or_implicit> p<15> l<15:18> el<15:18>
              n<clk> u<17> t<SIMPLE_IDENTIFIER> p<18> l<15:18> el<15:21>
            n<> u<24> t<Ansi_port_declaration> p<41> c<22> s<32> l<15:23> el<15:30>
              n<> u<22> t<Net_port_header> p<24> c<19> s<23> l<15:23> el<15:28>
                n<> u<19> t<INPUT> p<22> s<21> l<15:23> el<15:28>
                n<> u<21> t<Net_port_type> p<22> c<20> l<15:29> el<15:29>
                  n<> u<20> t<Data_type_or_implicit> p<21> l<15:29> el<15:29>
              n<a> u<23> t<SIMPLE_IDENTIFIER> p<24> l<15:29> el<15:30>
            n<> u<32> t<Ansi_port_declaration> p<41> c<30> s<40> l<15:32> el<15:46>
              n<> u<30> t<Net_port_header> p<32> c<25> s<31> l<15:32> el<15:44>
                n<> u<25> t<OUTPUT> p<30> s<29> l<15:32> el<15:38>
                n<> u<29> t<Net_port_type> p<30> c<28> l<15:39> el<15:44>
                  n<> u<28> t<Data_type_or_implicit> p<29> c<27> l<15:39> el<15:44>
                    n<> u<27> t<Data_type> p<28> c<26> l<15:39> el<15:44>
                      n<> u<26> t<LOGIC> p<27> l<15:39> el<15:44>
              n<b> u<31> t<SIMPLE_IDENTIFIER> p<32> l<15:45> el<15:46>
            n<> u<40> t<Ansi_port_declaration> p<41> c<38> l<15:48> el<15:62>
              n<> u<38> t<Net_port_header> p<40> c<33> s<39> l<15:48> el<15:60>
                n<> u<33> t<OUTPUT> p<38> s<37> l<15:48> el<15:54>
                n<> u<37> t<Net_port_type> p<38> c<36> l<15:55> el<15:60>
                  n<> u<36> t<Data_type_or_implicit> p<37> c<35> l<15:55> el<15:60>
                    n<> u<35> t<Data_type> p<36> c<34> l<15:55> el<15:60>
                      n<> u<34> t<LOGIC> p<35> l<15:55> el<15:60>
              n<c> u<39> t<SIMPLE_IDENTIFIER> p<40> l<15:61> el<15:62>
        n<> u<91> t<Non_port_module_item> p<140> c<90> s<138> l<17:1> el<22:12>
          n<> u<90> t<Module_or_generate_item> p<91> c<89> l<17:1> el<22:12>
            n<> u<89> t<Module_common_item> p<90> c<88> l<17:1> el<22:12>
              n<> u<88> t<Module_or_generate_item_declaration> p<89> c<87> l<17:1> el<22:12>
                n<> u<87> t<Clocking_declaration> p<88> c<43> l<17:1> el<22:12>
                  n<ck1> u<43> t<SIMPLE_IDENTIFIER> p<87> s<50> l<17:10> el<17:13>
                  n<> u<50> t<Clocking_event> p<87> c<49> s<64> l<17:14> el<17:28>
                    n<> u<49> t<Event_expression> p<50> c<44> l<17:16> el<17:27>
                      n<> u<44> t<POSEDGE> p<49> s<48> l<17:16> el<17:23>
                      n<> u<48> t<Expression> p<49> c<47> l<17:24> el<17:27>
                        n<> u<47> t<Primary> p<48> c<46> l<17:24> el<17:27>
                          n<> u<46> t<Primary_literal> p<47> c<45> l<17:24> el<17:27>
                            n<clk> u<45> t<SIMPLE_IDENTIFIER> p<46> l<17:24> el<17:27>
                  n<> u<64> t<Clocking_item> p<87> c<63> s<69> l<18:2> el<18:34>
                    n<> u<63> t<DefaultSkew_InputOutput> p<64> c<56> l<18:10> el<18:33>
                      n<> u<56> t<Clocking_skew> p<63> c<55> s<62> l<18:16> el<18:21>
                        n<> u<55> t<Delay_control> p<56> c<54> l<18:16> el<18:21>
                          n<> u<54> t<Pound_delay_value> p<55> c<53> l<18:16> el<18:21>
                            n<#10ns> u<53> t<Pound_time_literal> p<54> c<51> l<18:16> el<18:21>
                              n<#10> u<51> t<POUND_DELAY> p<53> s<52> l<18:16> el<18:19>
                              n<ns> u<52> t<SIMPLE_IDENTIFIER> p<53> l<18:19> el<18:21>
                      n<> u<62> t<Clocking_skew> p<63> c<61> l<18:29> el<18:33>
                        n<> u<61> t<Delay_control> p<62> c<60> l<18:29> el<18:33>
                          n<> u<60> t<Pound_delay_value> p<61> c<59> l<18:29> el<18:33>
                            n<#5ns> u<59> t<Pound_time_literal> p<60> c<57> l<18:29> el<18:33>
                              n<#5> u<57> t<POUND_DELAY> p<59> s<58> l<18:29> el<18:31>
                              n<ns> u<58> t<SIMPLE_IDENTIFIER> p<59> l<18:31> el<18:33>
                  n<> u<69> t<Clocking_item> p<87> c<65> s<74> l<19:2> el<19:10>
                    n<> u<65> t<ClockingDir_Input> p<69> s<68> l<19:2> el<19:7>
                    n<> u<68> t<Clocking_decl_assign_list> p<69> c<67> l<19:8> el<19:9>
                      n<> u<67> t<Clocking_decl_assign> p<68> c<66> l<19:8> el<19:9>
                        n<a> u<66> t<SIMPLE_IDENTIFIER> p<67> l<19:8> el<19:9>
                  n<> u<74> t<Clocking_item> p<87> c<70> s<85> l<20:2> el<20:11>
                    n<> u<70> t<ClockingDir_Output> p<74> s<73> l<20:2> el<20:8>
                    n<> u<73> t<Clocking_decl_assign_list> p<74> c<72> l<20:9> el<20:10>
                      n<> u<72> t<Clocking_decl_assign> p<73> c<71> l<20:9> el<20:10>
                        n<b> u<71> t<SIMPLE_IDENTIFIER> p<72> l<20:9> el<20:10>
                  n<> u<85> t<Clocking_item> p<87> c<81> s<86> l<21:2> el<21:16>
                    n<> u<81> t<ClockingDir_Output> p<85> c<80> s<84> l<21:2> el<21:13>
                      n<> u<80> t<Clocking_skew> p<81> c<79> l<21:9> el<21:13>
                        n<> u<79> t<Delay_control> p<80> c<78> l<21:9> el<21:13>
                          n<> u<78> t<Pound_delay_value> p<79> c<77> l<21:9> el<21:13>
                            n<#3ns> u<77> t<Pound_time_literal> p<78> c<75> l<21:9> el<21:13>
                              n<#3> u<75> t<POUND_DELAY> p<77> s<76> l<21:9> el<21:11>
                              n<ns> u<76> t<SIMPLE_IDENTIFIER> p<77> l<21:11> el<21:13>
                    n<> u<84> t<Clocking_decl_assign_list> p<85> c<83> l<21:14> el<21:15>
                      n<> u<83> t<Clocking_decl_assign> p<84> c<82> l<21:14> el<21:15>
                        n<c> u<82> t<SIMPLE_IDENTIFIER> p<83> l<21:14> el<21:15>
                  n<> u<86> t<ENDCLOCKING> p<87> l<22:1> el<22:12>
        n<> u<138> t<Non_port_module_item> p<140> c<137> s<139> l<24:1> el<27:4>
          n<> u<137> t<Module_or_generate_item> p<138> c<136> l<24:1> el<27:4>
            n<> u<136> t<Module_common_item> p<137> c<135> l<24:1> el<27:4>
              n<> u<135> t<Always_construct> p<136> c<92> l<24:1> el<27:4>
                n<> u<92> t<ALWAYS_FF> p<135> s<134> l<24:1> el<24:10>
                n<> u<134> t<Statement> p<135> c<133> l<24:11> el<27:4>
                  n<> u<133> t<Statement_item> p<134> c<132> l<24:11> el<27:4>
                    n<> u<132> t<Procedural_timing_control_statement> p<133> c<100> l<24:11> el<27:4>
                      n<> u<100> t<Procedural_timing_control> p<132> c<99> s<131> l<24:11> el<24:25>
                        n<> u<99> t<Event_control> p<100> c<98> l<24:11> el<24:25>
                          n<> u<98> t<Event_expression> p<99> c<93> l<24:13> el<24:24>
                            n<> u<93> t<POSEDGE> p<98> s<97> l<24:13> el<24:20>
                            n<> u<97> t<Expression> p<98> c<96> l<24:21> el<24:24>
                              n<> u<96> t<Primary> p<97> c<95> l<24:21> el<24:24>
                                n<> u<95> t<Primary_literal> p<96> c<94> l<24:21> el<24:24>
                                  n<clk> u<94> t<SIMPLE_IDENTIFIER> p<95> l<24:21> el<24:24>
                      n<> u<131> t<Statement_or_null> p<132> c<130> l<24:26> el<27:4>
                        n<> u<130> t<Statement> p<131> c<129> l<24:26> el<27:4>
                          n<> u<129> t<Statement_item> p<130> c<128> l<24:26> el<27:4>
                            n<> u<128> t<Seq_block> p<129> c<113> l<24:26> el<27:4>
                              n<> u<113> t<Statement_or_null> p<128> c<112> s<126> l<25:2> el<25:9>
                                n<> u<112> t<Statement> p<113> c<111> l<25:2> el<25:9>
                                  n<> u<111> t<Statement_item> p<112> c<110> l<25:2> el<25:9>
                                    n<> u<110> t<Nonblocking_assignment> p<111> c<105> l<25:2> el<25:8>
                                      n<> u<105> t<Variable_lvalue> p<110> c<102> s<109> l<25:2> el<25:3>
                                        n<> u<102> t<Ps_or_hierarchical_identifier> p<105> c<101> s<104> l<25:2> el<25:3>
                                          n<b> u<101> t<SIMPLE_IDENTIFIER> p<102> l<25:2> el<25:3>
                                        n<> u<104> t<Select> p<105> c<103> l<25:4> el<25:4>
                                          n<> u<103> t<Bit_select> p<104> l<25:4> el<25:4>
                                      n<> u<109> t<Expression> p<110> c<108> l<25:7> el<25:8>
                                        n<> u<108> t<Primary> p<109> c<107> l<25:7> el<25:8>
                                          n<> u<107> t<Primary_literal> p<108> c<106> l<25:7> el<25:8>
                                            n<a> u<106> t<SIMPLE_IDENTIFIER> p<107> l<25:7> el<25:8>
                              n<> u<126> t<Statement_or_null> p<128> c<125> s<127> l<26:2> el<26:9>
                                n<> u<125> t<Statement> p<126> c<124> l<26:2> el<26:9>
                                  n<> u<124> t<Statement_item> p<125> c<123> l<26:2> el<26:9>
                                    n<> u<123> t<Nonblocking_assignment> p<124> c<118> l<26:2> el<26:8>
                                      n<> u<118> t<Variable_lvalue> p<123> c<115> s<122> l<26:2> el<26:3>
                                        n<> u<115> t<Ps_or_hierarchical_identifier> p<118> c<114> s<117> l<26:2> el<26:3>
                                          n<c> u<114> t<SIMPLE_IDENTIFIER> p<115> l<26:2> el<26:3>
                                        n<> u<117> t<Select> p<118> c<116> l<26:4> el<26:4>
                                          n<> u<116> t<Bit_select> p<117> l<26:4> el<26:4>
                                      n<> u<122> t<Expression> p<123> c<121> l<26:7> el<26:8>
                                        n<> u<121> t<Primary> p<122> c<120> l<26:7> el<26:8>
                                          n<> u<120> t<Primary_literal> p<121> c<119> l<26:7> el<26:8>
                                            n<a> u<119> t<SIMPLE_IDENTIFIER> p<120> l<26:7> el<26:8>
                              n<> u<127> t<END> p<128> l<27:1> el<27:4>
        n<> u<139> t<ENDMODULE> p<140> l<29:1> el<29:10>
AST_DEBUG_END
[INF:CP5804] $Source01/14.3--clocking-block-signals.sv:15:1: Compile module "top".
[INF:CM5028] Using global timescale: "1ns/1ns".
====== HLDB =======
Design name:unnamed:
  vpiName: unnamed
  vpiSourceFile (1 items):
    SourceFile name:14.3--clocking-block-signals.sv file:$Source01/14.3--clocking-block-signals.sv:
      vpiParent: Design name:unnamed
      vpiName: "14.3--clocking-block-signals.sv"
      vpiPreprocFile: "$Output/lib/work/14.3--clocking-block-signals.sv"
  vpiAllModules (1 items):
    Module name:top file:$Source01/14.3--clocking-block-signals.sv start:15:1 end:29:10:
      vpiParent: Design name:unnamed
      vpiName Identifier name:top start:15:8 end:15:11:
      vpiFullName: top
      vpiVariable (2 items):
        Variable name:b start:15:45 end:15:46:
          vpiParent: Module name:top
          vpiTypespec RefTypespec start:15:39 end:15:44:
            vpiParent: Variable name:b
            vpiFullName: top.b
            vpiActual: LogicTypespec
          vpiName: b
          vpiFullName: top.b
        Variable name:c start:15:61 end:15:62:
          vpiParent: Module name:top
          vpiTypespec RefTypespec start:15:55 end:15:60:
            vpiParent: Variable name:c
            vpiFullName: top.c
            vpiActual: LogicTypespec
          vpiName: c
          vpiFullName: top.c
      vpiTypespec (2 items):
        LogicTypespec:
          vpiParent: Module name:top
        ClockingBlockTypespec name:ck1:
          vpiParent: Module name:top
          vpiName: ck1
          vpiClockingBlock: ClockingBlock name:ck1
      vpiDefName: top
      vpiDefNetType: wire (1)
      vpiLibrary RefObj name:work start:15:8 end:15:11:
        vpiParent: Module name:top
        vpiName: work
        vpiFullName: top.work
        vpiActual: Library name:work
      vpiCell: top
      vpiNet (2 items):
        Net name:clk start:15:18 end:15:21:
          vpiParent: Module name:top
          vpiTypespec RefTypespec:
            vpiParent: Net name:clk
            vpiFullName: top.clk
            vpiActual: LogicTypespec
          vpiName: clk
          vpiFullName: top.clk
          vpiNetType: wire (1)
        Net name:a start:15:29 end:15:30:
          vpiParent: Module name:top
          vpiTypespec RefTypespec:
            vpiParent: Net name:a
            vpiFullName: top.a
            vpiActual: LogicTypespec
          vpiName: a
          vpiFullName: top.a
          vpiNetType: wire (1)
      vpiPort (4 items):
        Port name:clk start:15:18 end:15:21:
          vpiParent: Module name:top
          vpiName: clk
          vpiDirection: input (1)
          vpiLowConn RefObj name:clk start:15:18 end:15:21:
            vpiParent: Port name:clk
            vpiName: clk
            vpiFullName: top.clk.clk
            vpiActual: Net name:clk
          vpiTypespec RefTypespec:
            vpiParent: Port name:clk
            vpiFullName: top.clk
            vpiActual: LogicTypespec
        Port name:a start:15:29 end:15:30:
          vpiParent: Module name:top
          vpiName: a
          vpiDirection: input (1)
          vpiLowConn RefObj name:a start:15:29 end:15:30:
            vpiParent: Port name:a
            vpiName: a
            vpiFullName: top.a.a
            vpiActual: Net name:a
          vpiTypespec RefTypespec:
            vpiParent: Port name:a
            vpiFullName: top.a
            vpiActual: LogicTypespec
        Port name:b start:15:45 end:15:46:
          vpiParent: Module name:top
          vpiName: b
          vpiDirection: output (2)
          vpiLowConn RefObj name:b start:15:45 end:15:46:
            vpiParent: Port name:b
            vpiName: b
            vpiFullName: top.b.b
            vpiActual: Variable name:b
          vpiTypespec RefTypespec start:15:39 end:15:44:
            vpiParent: Port name:b
            vpiFullName: top.b
            vpiActual: LogicTypespec
        Port name:c start:15:61 end:15:62:
          vpiParent: Module name:top
          vpiName: c
          vpiDirection: output (2)
          vpiLowConn RefObj name:c start:15:61 end:15:62:
            vpiParent: Port name:c
            vpiName: c
            vpiFullName: top.c.c
            vpiActual: Variable name:c
          vpiTypespec RefTypespec start:15:55 end:15:60:
            vpiParent: Port name:c
            vpiFullName: top.c
            vpiActual: LogicTypespec
      vpiProcess (1 items):
        Always start:24:1 end:27:4:
          vpiParent: Module name:top
          vpiStmt EventControl start:24:11 end:27:4:
            vpiParent: Always
            vpiCondition Operation start:24:13 end:24:24:
              vpiParent: EventControl
              vpiOpType: posedge (39)
              vpiOperand (1 items):
                RefObj name:clk start:24:21 end:24:24:
                  vpiParent: Operation
                  vpiName: clk
                  vpiFullName: top.clk
                  vpiActual: Net name:clk
            vpiStmt Begin start:24:26 end:27:4:
              vpiParent: EventControl
              vpiFullName: top
              vpiStmt (2 items):
                Assignment start:25:2 end:25:8:
                  vpiParent: Begin
                  vpiLhs RefObj name:b start:25:2 end:25:3:
                    vpiParent: Assignment
                    vpiName: b
                    vpiFullName: top.b
                    vpiActual: Variable name:b
                  vpiRhs RefObj name:a start:25:7 end:25:8:
                    vpiParent: Assignment
                    vpiName: a
                    vpiFullName: top.a
                    vpiActual: Net name:a
                Assignment start:26:2 end:26:8:
                  vpiParent: Begin
                  vpiLhs RefObj name:c start:26:2 end:26:3:
                    vpiParent: Assignment
                    vpiName: c
                    vpiFullName: top.c
                    vpiActual: Variable name:c
                  vpiRhs RefObj name:a start:26:7 end:26:8:
                    vpiParent: Assignment
                    vpiName: a
                    vpiFullName: top.a
                    vpiActual: Net name:a
          vpiAlwaysType: ff (3)
      vpiClockingBlock (1 items):
        ClockingBlock name:ck1 start:17:1 end:22:12:
          vpiParent: Module name:top
          vpiName Identifier name:ck1 start:17:10 end:17:13:
          vpiFullName: top.ck1
          vpiInputSkew DelayControl start:18:16 end:18:21:
            vpiParent: ClockingBlock name:ck1
            vpiDelay: 10
            vpiDelay Constant start:18:17 end:18:19:
              vpiParent: DelayControl
              vpiTypespec RefTypespec:
                vpiParent: Constant
                vpiFullName: top.ck1
                vpiActual: IntTypespec
              vpiConstType: time (8)
              vpiSize: 32
              vpiDecompile: "10ns"
              vpiValue: 10
          vpiOutputSkew DelayControl start:18:29 end:18:33:
            vpiParent: ClockingBlock name:ck1
            vpiDelay: 5
            vpiDelay Constant start:18:30 end:18:31:
              vpiParent: DelayControl
              vpiTypespec RefTypespec:
                vpiParent: Constant
                vpiFullName: top.ck1
                vpiActual: IntTypespec
              vpiConstType: time (8)
              vpiSize: 32
              vpiDecompile: "5ns"
              vpiValue: 5
          vpiClockingEvent EventControl start:17:14 end:17:28:
            vpiParent: ClockingBlock name:ck1
            vpiCondition Operation start:17:16 end:17:27:
              vpiParent: EventControl
              vpiOpType: posedge (39)
              vpiOperand (1 items):
                RefObj name:clk start:17:24 end:17:27:
                  vpiParent: Operation
                  vpiName: clk
                  vpiFullName: top.ck1.clk
                  vpiActual: Net name:clk
          vpiClockingIODecl (3 items):
            ClockingIODecl name:a start:19:8 end:19:9:
              vpiParent: ClockingBlock name:ck1
              vpiName Identifier name:a:
              vpiDirection: input (1)
            ClockingIODecl name:b start:20:9 end:20:10:
              vpiParent: ClockingBlock name:ck1
              vpiName Identifier name:b:
              vpiDirection: output (2)
            ClockingIODecl name:c start:21:14 end:21:15:
              vpiParent: ClockingBlock name:ck1
              vpiName Identifier name:c:
              vpiDirection: output (2)
              vpiOutputSkew DelayControl start:21:9 end:21:13:
                vpiParent: ClockingIODecl name:c
                vpiDelay: 3
                vpiDelay Constant start:21:10 end:21:11:
                  vpiParent: DelayControl
                  vpiTypespec RefTypespec:
                    vpiParent: Constant
                    vpiFullName: top.ck1.c
                    vpiActual: IntTypespec
                  vpiConstType: time (8)
                  vpiSize: 32
                  vpiDecompile: "3ns"
                  vpiValue: 3
  vpiTypespec (2 items):
    ModuleTypespec name:top:
      vpiParent: Design name:unnamed
      vpiName Identifier name:top start:15:8 end:15:11:
      vpiDefName: top
      vpiModule: Module name:top
    IntTypespec:
      vpiParent: Design name:unnamed
      vpiSigned: true
  vpiLibrary (1 items):
    Library name:work:
      vpiParent: Design name:unnamed
      vpiName: work
===================
[  FATAL] : 0
[ SYNTAX] : 0
[  ERROR] : 0
[WARNING] : 0
[   NOTE] : 0
********************************************************************************
*                    End HLC SystemVerilog Compiler/Linter                     *
********************************************************************************

#**#**#**#**#**#**#**#**#**#**#**#**#**#**#**#**#**#**#**#**#**#**#**#**#**#**#**#**#**#**#**#**#**#**#**#**#**#**#**#**

Environment:
      test-name: Google/chapter-14/14.3--clocking-block-signals
   test-dirpath: ${HLC_DIR}/regression/Google/chapter-14/14.3--clocking-block-signals
  hldb-filepath: ${HLC_DIR}/regression/Google/chapter-14/14.3--clocking-block-signals/design.hldb
mounts-filepath: ${HLC_DIR}/regression/Google/chapter-14/14.3--clocking-block-signals/mounts.json


{'result': {'coverage': 100.0,
            'error_count': 0,
            'file_count': 1,
            'files': {'$Output/lib/work/14.3--clocking-block-signals.sv': {'post_len': 0,
                                                                           'pre_len': 221}},
            'post_len': 0,
            'pre_len': 221,
            'test_name': 'Google/chapter-14/14.3--clocking-block-signals'}}

+--------------------------------------------------+----------+-----------+
| INPUT                                            |   PRELEN |   POSTLEN |
+==================================================+==========+===========+
| $Output/lib/work/14.3--clocking-block-signals.sv |      221 |         0 |
+==================================================+==========+===========+
|                                                  |      221 |         0 |
+--------------------------------------------------+----------+-----------+

[   ERROR] : 0
[COVERAGE] : 100.0


#**#**#**#**#**#**#**#**#**#**#**#**#**#**#**#**#**#**#**#**#**#**#**#**#**#**#**#**#**#**#**#**#**#**#**#**#**#**#**#**

COMMAND: ${HLC_DIR}/regression/Google/chapter-14/14.3--clocking-block-signals/design.hldb ${HLC_DIR}/regression/Google/chapter-14/14.3--clocking-block-signals/reduced.hldb

==================== BEGIN REDUCTION RESULT ====================
Name                            Before   After   Added   Removed
----------------------------------------------------------------
----------------------------------------------------------------
Others                              62      62       0         0
----------------------------------------------------------------
                                    62      62       0         0
===================== END REDUCTION RESULT =====================
