********************************************
*  SURELOG SystemVerilog  Compiler/Linter  *
********************************************
Copyright (c) 2017-2023 Alain Dargelas,
http://www.apache.org/licenses/LICENSE-2.0
VERSION: 1.84
BUILT  : Jun 18 2026
DATE   : 2026-06-18.18:56:53
COMMAND: -wd ../../../../tests/Google/chapter-8 -parse -timescale=1ns/1ns -d ast -d uhdm -nobuiltin 8.15--super.sv -wd ${SURELOG_DIR}/third_party/UVM -I1800.2-2017-1.0/src -mt 0 -mp 0 -d uhdmstats -d cache -d uhdm -nostdout -o ${SURELOG_DIR}/regression/Google/chapter-8/8.15--super
[INF:CM0023] Creating log file "$Output/hlc.log".
[INF:PP0122] Preprocessing source file "$Source01/8.15--super.sv".
[INF:PA0201] Parsing source file "$Source01/8.15--super.sv".
AST_DEBUG_BEGIN
Count: 295
LIB: work
FILE: $Source01/8.15--super.sv
n<$Source01/8.15--super.sv> u<294> t<Top_level_rule> c<1> l<15:1> el<50:1>
  n<> u<1> t<Null_rule> p<294> s<2> l<15:1> el<15:1>
  n<// Copyright (C) 2019-2021  The SymbiFlow Authors.> u<2> t<LINE_COMMENT> p<294> s<3> l<1:1> el<1:51>
  n<//> u<3> t<LINE_COMMENT> p<294> s<4> l<2:1> el<2:3>
  n<// Use of this source code is governed by a ISC-style> u<4> t<LINE_COMMENT> p<294> s<5> l<3:1> el<3:54>
  n<// license that can be found in the LICENSE file or at> u<5> t<LINE_COMMENT> p<294> s<6> l<4:1> el<4:55>
  n<// https://opensource.org/licenses/ISC> u<6> t<LINE_COMMENT> p<294> s<7> l<5:1> el<5:39>
  n<//> u<7> t<LINE_COMMENT> p<294> s<8> l<6:1> el<6:3>
  n<// SPDX-License-Identifier: ISC> u<8> t<LINE_COMMENT> p<294> s<9> l<7:1> el<7:32>
  n</*\n:name: super\n:description: accessing superclass methods via super\n:tags: 8.15\n*/> u<9> t<BLOCK_COMMENT> p<294> s<293> l<15:1> el<49:10>
  n<> u<293> t<Source_text> p<294> c<292> l<15:1> el<49:10>
    n<> u<292> t<Description> p<293> c<291> l<15:1> el<49:10>
      n<> u<291> t<Module_declaration> p<292> c<14> l<15:1> el<49:10>
        n<> u<14> t<Module_nonansi_header> p<291> c<10> s<100> l<15:1> el<15:20>
          n<module> u<10> t<Module_keyword> p<14> s<11> l<15:1> el<15:7>
          n<class_tb> u<11> t<SIMPLE_IDENTIFIER> p<14> s<12> l<15:8> el<15:16>
          n<> u<12> t<Package_import_declaration_list> p<14> s<13> l<15:17> el<15:17>
          n<> u<13> t<Port_list> p<14> l<15:17> el<15:19>
        n<> u<100> t<Module_item> p<291> c<99> s<205> l<16:2> el<25:10>
          n<> u<99> t<Non_port_module_item> p<100> c<98> l<16:2> el<25:10>
            n<> u<98> t<Module_or_generate_item> p<99> c<97> l<16:2> el<25:10>
              n<> u<97> t<Module_common_item> p<98> c<96> l<16:2> el<25:10>
                n<> u<96> t<Module_or_generate_item_declaration> p<97> c<95> l<16:2> el<25:10>
                  n<> u<95> t<Package_or_generate_item_declaration> p<96> c<94> l<16:2> el<25:10>
                    n<> u<94> t<Class_declaration> p<95> c<92> l<16:2> el<25:10>
                      n<> u<92> t<CLASS> p<94> s<15> l<16:2> el<16:7>
                      n<super_cls> u<15> t<SIMPLE_IDENTIFIER> p<94> s<28> l<16:8> el<16:17>
                      n<> u<28> t<Class_item> p<94> c<27> s<63> l<17:3> el<17:13>
                        n<> u<27> t<Class_property> p<28> c<26> l<17:3> el<17:13>
                          n<> u<26> t<Data_declaration> p<27> c<25> l<17:3> el<17:13>
                            n<> u<25> t<Variable_declaration> p<26> c<17> l<17:3> el<17:13>
                              n<> u<17> t<Data_type> p<25> c<16> s<24> l<17:3> el<17:6>
                                n<> u<16> t<INT> p<17> l<17:3> el<17:6>
                              n<> u<24> t<Variable_decl_assignment_list> p<25> c<23> l<17:7> el<17:12>
                                n<> u<23> t<Variable_decl_assignment> p<24> c<18> l<17:7> el<17:12>
                                  n<s> u<18> t<SIMPLE_IDENTIFIER> p<23> s<22> l<17:7> el<17:8>
                                  n<> u<22> t<Expression> p<23> c<21> l<17:11> el<17:12>
                                    n<> u<21> t<Primary> p<22> c<20> l<17:11> el<17:12>
                                      n<> u<20> t<Primary_literal> p<21> c<19> l<17:11> el<17:12>
                                        n<2> u<19> t<INTEGRAL_NUMBER> p<20> l<17:11> el<17:12>
                      n<> u<63> t<Class_item> p<94> c<62> s<91> l<18:3> el<21:14>
                        n<> u<62> t<Class_method> p<63> c<61> l<18:3> el<21:14>
                          n<> u<61> t<Function_declaration> p<62> c<60> l<18:3> el<21:14>
                            n<> u<60> t<Function_body_declaration> p<61> c<32> l<18:12> el<21:14>
                              n<> u<32> t<Function_data_type_or_implicit> p<60> c<31> s<33> l<18:12> el<18:15>
                                n<> u<31> t<Function_data_type> p<32> c<30> l<18:12> el<18:15>
                                  n<> u<30> t<Data_type> p<31> c<29> l<18:12> el<18:15>
                                    n<> u<29> t<INT> p<30> l<18:12> el<18:15>
                              n<incs> u<33> t<SIMPLE_IDENTIFIER> p<60> s<34> l<18:16> el<18:20>
                              n<> u<34> t<Tf_port_item_list> p<60> s<44> l<18:20> el<18:22>
                              n<> u<44> t<Function_statement_or_null> p<60> c<43> s<58> l<19:4> el<19:8>
                                n<> u<43> t<Statement> p<44> c<42> l<19:4> el<19:8>
                                  n<> u<42> t<Statement_item> p<43> c<41> l<19:4> el<19:8>
                                    n<> u<41> t<Inc_or_dec_expression> p<42> c<35> l<19:4> el<19:7>
                                      n<> u<35> t<PLUSPLUS> p<41> s<40> l<19:4> el<19:6>
                                      n<> u<40> t<Variable_lvalue> p<41> c<37> l<19:6> el<19:7>
                                        n<> u<37> t<Ps_or_hierarchical_identifier> p<40> c<36> s<39> l<19:6> el<19:7>
                                          n<s> u<36> t<SIMPLE_IDENTIFIER> p<37> l<19:6> el<19:7>
                                        n<> u<39> t<Select> p<40> c<38> l<19:7> el<19:7>
                                          n<> u<38> t<Bit_select> p<39> l<19:7> el<19:7>
                              n<> u<58> t<Function_statement_or_null> p<60> c<57> s<59> l<20:4> el<20:13>
                                n<> u<57> t<Statement> p<58> c<56> l<20:4> el<20:13>
                                  n<> u<56> t<Statement_item> p<57> c<55> l<20:4> el<20:13>
                                    n<> u<55> t<Blocking_assignment> p<56> c<54> l<20:4> el<20:12>
                                      n<> u<54> t<Variable_assignment> p<55> c<49> l<20:4> el<20:12>
                                        n<> u<49> t<Variable_lvalue> p<54> c<46> s<53> l<20:4> el<20:8>
                                          n<> u<46> t<Ps_or_hierarchical_identifier> p<49> c<45> s<48> l<20:4> el<20:8>
                                            n<incs> u<45> t<SIMPLE_IDENTIFIER> p<46> l<20:4> el<20:8>
                                          n<> u<48> t<Select> p<49> c<47> l<20:9> el<20:9>
                                            n<> u<47> t<Bit_select> p<48> l<20:9> el<20:9>
                                        n<> u<53> t<Expression> p<54> c<52> l<20:11> el<20:12>
                                          n<> u<52> t<Primary> p<53> c<51> l<20:11> el<20:12>
                                            n<> u<51> t<Primary_literal> p<52> c<50> l<20:11> el<20:12>
                                              n<s> u<50> t<SIMPLE_IDENTIFIER> p<51> l<20:11> el<20:12>
                              n<> u<59> t<ENDFUNCTION> p<60> l<21:3> el<21:14>
                      n<> u<91> t<Class_item> p<94> c<90> s<93> l<22:3> el<24:14>
                        n<> u<90> t<Class_method> p<91> c<89> l<22:3> el<24:14>
                          n<> u<89> t<Class_constructor_declaration> p<90> c<73> l<22:3> el<24:14>
                            n<> u<73> t<Tf_port_item_list> p<89> c<72> s<87> l<22:15> el<22:28>
                              n<> u<72> t<Tf_port_item> p<73> c<66> l<22:16> el<22:27>
                                n<> u<66> t<Data_type_or_implicit> p<72> c<65> s<67> l<22:16> el<22:19>
                                  n<> u<65> t<Data_type> p<66> c<64> l<22:16> el<22:19>
                                    n<> u<64> t<INT> p<65> l<22:16> el<22:19>
                                n<def> u<67> t<SIMPLE_IDENTIFIER> p<72> s<71> l<22:20> el<22:23>
                                n<> u<71> t<Expression> p<72> c<70> l<22:26> el<22:27>
                                  n<> u<70> t<Primary> p<71> c<69> l<22:26> el<22:27>
                                    n<> u<69> t<Primary_literal> p<70> c<68> l<22:26> el<22:27>
                                      n<3> u<68> t<INTEGRAL_NUMBER> p<69> l<22:26> el<22:27>
                            n<> u<87> t<Function_statement_or_null> p<89> c<86> s<88> l<23:4> el<23:12>
                              n<> u<86> t<Statement> p<87> c<85> l<23:4> el<23:12>
                                n<> u<85> t<Statement_item> p<86> c<84> l<23:4> el<23:12>
                                  n<> u<84> t<Blocking_assignment> p<85> c<83> l<23:4> el<23:11>
                                    n<> u<83> t<Variable_assignment> p<84> c<78> l<23:4> el<23:11>
                                      n<> u<78> t<Variable_lvalue> p<83> c<75> s<82> l<23:4> el<23:5>
                                        n<> u<75> t<Ps_or_hierarchical_identifier> p<78> c<74> s<77> l<23:4> el<23:5>
                                          n<s> u<74> t<SIMPLE_IDENTIFIER> p<75> l<23:4> el<23:5>
                                        n<> u<77> t<Select> p<78> c<76> l<23:6> el<23:6>
                                          n<> u<76> t<Bit_select> p<77> l<23:6> el<23:6>
                                      n<> u<82> t<Expression> p<83> c<81> l<23:8> el<23:11>
                                        n<> u<81> t<Primary> p<82> c<80> l<23:8> el<23:11>
                                          n<> u<80> t<Primary_literal> p<81> c<79> l<23:8> el<23:11>
                                            n<def> u<79> t<SIMPLE_IDENTIFIER> p<80> l<23:8> el<23:11>
                            n<> u<88> t<ENDFUNCTION> p<89> l<24:3> el<24:14>
                      n<> u<93> t<ENDCLASS> p<94> l<25:2> el<25:10>
        n<> u<205> t<Module_item> p<291> c<204> s<213> l<27:2> el<37:10>
          n<> u<204> t<Non_port_module_item> p<205> c<203> l<27:2> el<37:10>
            n<> u<203> t<Module_or_generate_item> p<204> c<202> l<27:2> el<37:10>
              n<> u<202> t<Module_common_item> p<203> c<201> l<27:2> el<37:10>
                n<> u<201> t<Module_or_generate_item_declaration> p<202> c<200> l<27:2> el<37:10>
                  n<> u<200> t<Package_or_generate_item_declaration> p<201> c<199> l<27:2> el<37:10>
                    n<> u<199> t<Class_declaration> p<200> c<196> l<27:2> el<37:10>
                      n<> u<196> t<CLASS> p<199> s<101> l<27:2> el<27:7>
                      n<test_cls> u<101> t<SIMPLE_IDENTIFIER> p<199> s<197> l<27:8> el<27:16>
                      n<> u<197> t<EXTENDS> p<199> s<103> l<27:17> el<27:24>
                      n<> u<103> t<Class_type> p<199> c<102> s<112> l<27:25> el<27:34>
                        n<super_cls> u<102> t<SIMPLE_IDENTIFIER> p<103> l<27:25> el<27:34>
                      n<> u<112> t<Class_item> p<199> c<111> s<155> l<28:3> el<28:9>
                        n<> u<111> t<Class_property> p<112> c<110> l<28:3> el<28:9>
                          n<> u<110> t<Data_declaration> p<111> c<109> l<28:3> el<28:9>
                            n<> u<109> t<Variable_declaration> p<110> c<105> l<28:3> el<28:9>
                              n<> u<105> t<Data_type> p<109> c<104> s<108> l<28:3> el<28:6>
                                n<> u<104> t<INT> p<105> l<28:3> el<28:6>
                              n<> u<108> t<Variable_decl_assignment_list> p<109> c<107> l<28:7> el<28:8>
                                n<> u<107> t<Variable_decl_assignment> p<108> c<106> l<28:7> el<28:8>
                                  n<a> u<106> t<SIMPLE_IDENTIFIER> p<107> l<28:7> el<28:8>
                      n<> u<155> t<Class_item> p<199> c<154> s<195> l<29:3> el<32:14>
                        n<> u<154> t<Class_method> p<155> c<153> l<29:3> el<32:14>
                          n<> u<153> t<Function_declaration> p<154> c<152> l<29:3> el<32:14>
                            n<> u<152> t<Function_body_declaration> p<153> c<116> l<29:12> el<32:14>
                              n<> u<116> t<Function_data_type_or_implicit> p<152> c<115> s<117> l<29:12> el<29:15>
                                n<> u<115> t<Function_data_type> p<116> c<114> l<29:12> el<29:15>
                                  n<> u<114> t<Data_type> p<115> c<113> l<29:12> el<29:15>
                                    n<> u<113> t<INT> p<114> l<29:12> el<29:15>
                              n<incs> u<117> t<SIMPLE_IDENTIFIER> p<152> s<118> l<29:16> el<29:20>
                              n<> u<118> t<Tf_port_item_list> p<152> s<133> l<29:20> el<29:22>
                              n<> u<133> t<Function_statement_or_null> p<152> c<132> s<150> l<30:4> el<30:11>
                                n<> u<132> t<Statement> p<133> c<131> l<30:4> el<30:11>
                                  n<> u<131> t<Statement_item> p<132> c<130> l<30:4> el<30:11>
                                    n<> u<130> t<Blocking_assignment> p<131> c<129> l<30:4> el<30:10>
                                      n<> u<129> t<Operator_assignment> p<130> c<123> l<30:4> el<30:10>
                                        n<> u<123> t<Variable_lvalue> p<129> c<120> s<124> l<30:4> el<30:5>
                                          n<> u<120> t<Ps_or_hierarchical_identifier> p<123> c<119> s<122> l<30:4> el<30:5>
                                            n<s> u<119> t<SIMPLE_IDENTIFIER> p<120> l<30:4> el<30:5>
                                          n<> u<122> t<Select> p<123> c<121> l<30:6> el<30:6>
                                            n<> u<121> t<Bit_select> p<122> l<30:6> el<30:6>
                                        n<> u<124> t<ADD_ASSIGN> p<129> s<128> l<30:6> el<30:8>
                                        n<> u<128> t<Expression> p<129> c<127> l<30:9> el<30:10>
                                          n<> u<127> t<Primary> p<128> c<126> l<30:9> el<30:10>
                                            n<> u<126> t<Primary_literal> p<127> c<125> l<30:9> el<30:10>
                                              n<2> u<125> t<INTEGRAL_NUMBER> p<126> l<30:9> el<30:10>
                              n<> u<150> t<Function_statement_or_null> p<152> c<149> s<151> l<31:4> el<31:24>
                                n<> u<149> t<Statement> p<150> c<148> l<31:4> el<31:24>
                                  n<> u<148> t<Statement_item> p<149> c<147> l<31:4> el<31:24>
                                    n<> u<147> t<Blocking_assignment> p<148> c<146> l<31:4> el<31:23>
                                      n<> u<146> t<Variable_assignment> p<147> c<138> l<31:4> el<31:23>
                                        n<> u<138> t<Variable_lvalue> p<146> c<135> s<145> l<31:4> el<31:8>
                                          n<> u<135> t<Ps_or_hierarchical_identifier> p<138> c<134> s<137> l<31:4> el<31:8>
                                            n<incs> u<134> t<SIMPLE_IDENTIFIER> p<135> l<31:4> el<31:8>
                                          n<> u<137> t<Select> p<138> c<136> l<31:9> el<31:9>
                                            n<> u<136> t<Bit_select> p<137> l<31:9> el<31:9>
                                        n<> u<145> t<Expression> p<146> c<144> l<31:11> el<31:23>
                                          n<> u<144> t<Primary> p<145> c<143> l<31:11> el<31:23>
                                            n<> u<143> t<Subroutine_call> p<144> c<140> l<31:11> el<31:23>
                                              n<super> u<140> t<Implicit_class_handle> p<143> c<139> s<141> l<31:11> el<31:16>
                                                n<super> u<139> t<SUPER> p<140> l<31:11> el<31:16>
                                              n<incs> u<141> t<SIMPLE_IDENTIFIER> p<143> s<142> l<31:17> el<31:21>
                                              n<> u<142> t<Argument_list> p<143> l<31:22> el<31:22>
                              n<> u<151> t<ENDFUNCTION> p<152> l<32:3> el<32:14>
                      n<> u<195> t<Class_item> p<199> c<194> s<198> l<33:3> el<36:14>
                        n<> u<194> t<Class_method> p<195> c<193> l<33:3> el<36:14>
                          n<> u<193> t<Class_constructor_declaration> p<194> c<165> l<33:3> el<36:14>
                            n<> u<165> t<Tf_port_item_list> p<193> c<164> s<166> l<33:15> el<33:29>
                              n<> u<164> t<Tf_port_item> p<165> c<158> l<33:16> el<33:28>
                                n<> u<158> t<Data_type_or_implicit> p<164> c<157> s<159> l<33:16> el<33:19>
                                  n<> u<157> t<Data_type> p<158> c<156> l<33:16> el<33:19>
                                    n<> u<156> t<INT> p<157> l<33:16> el<33:19>
                                n<def> u<159> t<SIMPLE_IDENTIFIER> p<164> s<163> l<33:20> el<33:23>
                                n<> u<163> t<Expression> p<164> c<162> l<33:26> el<33:28>
                                  n<> u<162> t<Primary> p<163> c<161> l<33:26> el<33:28>
                                    n<> u<161> t<Primary_literal> p<162> c<160> l<33:26> el<33:28>
                                      n<42> u<160> t<INTEGRAL_NUMBER> p<161> l<33:26> el<33:28>
                            n<> u<166> t<Super_dot_new> p<193> s<177> l<34:4> el<34:13>
                            n<> u<177> t<Argument_list> p<193> c<176> s<191> l<34:14> el<34:21>
                              n<> u<176> t<Expression> p<177> c<170> l<34:14> el<34:21>
                                n<> u<170> t<Expression> p<176> c<169> s<175> l<34:14> el<34:17>
                                  n<> u<169> t<Primary> p<170> c<168> l<34:14> el<34:17>
                                    n<> u<168> t<Primary_literal> p<169> c<167> l<34:14> el<34:17>
                                      n<def> u<167> t<SIMPLE_IDENTIFIER> p<168> l<34:14> el<34:17>
                                n<> u<175> t<BinaryOp_Plus> p<176> s<174> l<34:18> el<34:19>
                                n<> u<174> t<Expression> p<176> c<173> l<34:20> el<34:21>
                                  n<> u<173> t<Primary> p<174> c<172> l<34:20> el<34:21>
                                    n<> u<172> t<Primary_literal> p<173> c<171> l<34:20> el<34:21>
                                      n<3> u<171> t<INTEGRAL_NUMBER> p<172> l<34:20> el<34:21>
                            n<> u<191> t<Function_statement_or_null> p<193> c<190> s<192> l<35:4> el<35:12>
                              n<> u<190> t<Statement> p<191> c<189> l<35:4> el<35:12>
                                n<> u<189> t<Statement_item> p<190> c<188> l<35:4> el<35:12>
                                  n<> u<188> t<Blocking_assignment> p<189> c<187> l<35:4> el<35:11>
                                    n<> u<187> t<Variable_assignment> p<188> c<182> l<35:4> el<35:11>
                                      n<> u<182> t<Variable_lvalue> p<187> c<179> s<186> l<35:4> el<35:5>
                                        n<> u<179> t<Ps_or_hierarchical_identifier> p<182> c<178> s<181> l<35:4> el<35:5>
                                          n<a> u<178> t<SIMPLE_IDENTIFIER> p<179> l<35:4> el<35:5>
                                        n<> u<181> t<Select> p<182> c<180> l<35:6> el<35:6>
                                          n<> u<180> t<Bit_select> p<181> l<35:6> el<35:6>
                                      n<> u<186> t<Expression> p<187> c<185> l<35:8> el<35:11>
                                        n<> u<185> t<Primary> p<186> c<184> l<35:8> el<35:11>
                                          n<> u<184> t<Primary_literal> p<185> c<183> l<35:8> el<35:11>
                                            n<def> u<183> t<SIMPLE_IDENTIFIER> p<184> l<35:8> el<35:11>
                            n<> u<192> t<ENDFUNCTION> p<193> l<36:3> el<36:14>
                      n<> u<198> t<ENDCLASS> p<199> l<37:2> el<37:10>
        n<> u<213> t<Module_item> p<291> c<212> s<221> l<39:2> el<39:20>
          n<> u<212> t<Port_declaration> p<213> c<211> l<39:2> el<39:19>
            n<> u<211> t<Interface_port_declaration> p<212> c<207> l<39:2> el<39:19>
              n<test_cls> u<207> t<Interface_identifier> p<211> c<206> s<210> l<39:2> el<39:10>
                n<test_cls> u<206> t<SIMPLE_IDENTIFIER> p<207> l<39:2> el<39:10>
              n<> u<210> t<Interface_identifier_list> p<211> c<209> l<39:11> el<39:19>
                n<test_obj> u<209> t<Interface_identifier> p<210> c<208> l<39:11> el<39:19>
                  n<test_obj> u<208> t<SIMPLE_IDENTIFIER> p<209> l<39:11> el<39:19>
        n<> u<221> t<Module_item> p<291> c<220> s<289> l<40:2> el<40:22>
          n<> u<220> t<Port_declaration> p<221> c<219> l<40:2> el<40:21>
            n<> u<219> t<Interface_port_declaration> p<220> c<215> l<40:2> el<40:21>
              n<super_cls> u<215> t<Interface_identifier> p<219> c<214> s<218> l<40:2> el<40:11>
                n<super_cls> u<214> t<SIMPLE_IDENTIFIER> p<215> l<40:2> el<40:11>
              n<> u<218> t<Interface_identifier_list> p<219> c<217> l<40:12> el<40:21>
                n<super_obj> u<217> t<Interface_identifier> p<218> c<216> l<40:12> el<40:21>
                  n<super_obj> u<216> t<SIMPLE_IDENTIFIER> p<217> l<40:12> el<40:21>
        n<> u<289> t<Module_item> p<291> c<288> s<290> l<42:2> el<48:5>
          n<> u<288> t<Non_port_module_item> p<289> c<287> l<42:2> el<48:5>
            n<> u<287> t<Module_or_generate_item> p<288> c<286> l<42:2> el<48:5>
              n<> u<286> t<Module_common_item> p<287> c<285> l<42:2> el<48:5>
                n<> u<285> t<Initial_construct> p<286> c<284> l<42:2> el<48:5>
                  n<> u<284> t<Statement_or_null> p<285> c<283> l<42:10> el<48:5>
                    n<> u<283> t<Statement> p<284> c<282> l<42:10> el<48:5>
                      n<> u<282> t<Statement_item> p<283> c<281> l<42:10> el<48:5>
                        n<> u<281> t<Seq_block> p<282> c<234> l<42:10> el<48:5>
                          n<> u<234> t<Statement_or_null> p<281> c<233> s<248> l<43:3> el<43:22>
                            n<> u<233> t<Statement> p<234> c<232> l<43:3> el<43:22>
                              n<> u<232> t<Statement_item> p<233> c<231> l<43:3> el<43:22>
                                n<> u<231> t<Blocking_assignment> p<232> c<222> l<43:3> el<43:21>
                                  n<test_obj> u<222> t<SIMPLE_IDENTIFIER> p<231> s<224> l<43:3> el<43:11>
                                  n<> u<224> t<Select> p<231> c<223> s<230> l<43:12> el<43:12>
                                    n<> u<223> t<Bit_select> p<224> l<43:12> el<43:12>
                                  n<> u<230> t<Class_new> p<231> c<229> l<43:14> el<43:21>
                                    n<> u<229> t<Argument_list> p<230> c<228> l<43:18> el<43:20>
                                      n<> u<228> t<Expression> p<229> c<227> l<43:18> el<43:20>
                                        n<> u<227> t<Primary> p<228> c<226> l<43:18> el<43:20>
                                          n<> u<226> t<Primary_literal> p<227> c<225> l<43:18> el<43:20>
                                            n<37> u<225> t<INTEGRAL_NUMBER> p<226> l<43:18> el<43:20>
                          n<> u<248> t<Statement_or_null> p<281> c<247> s<264> l<44:3> el<44:24>
                            n<> u<247> t<Statement> p<248> c<246> l<44:3> el<44:24>
                              n<> u<246> t<Statement_item> p<247> c<245> l<44:3> el<44:24>
                                n<> u<245> t<Blocking_assignment> p<246> c<244> l<44:3> el<44:23>
                                  n<> u<244> t<Variable_assignment> p<245> c<239> l<44:3> el<44:23>
                                    n<> u<239> t<Variable_lvalue> p<244> c<236> s<243> l<44:3> el<44:12>
                                      n<> u<236> t<Ps_or_hierarchical_identifier> p<239> c<235> s<238> l<44:3> el<44:12>
                                        n<super_obj> u<235> t<SIMPLE_IDENTIFIER> p<236> l<44:3> el<44:12>
                                      n<> u<238> t<Select> p<239> c<237> l<44:13> el<44:13>
                                        n<> u<237> t<Bit_select> p<238> l<44:13> el<44:13>
                                    n<> u<243> t<Expression> p<244> c<242> l<44:15> el<44:23>
                                      n<> u<242> t<Primary> p<243> c<241> l<44:15> el<44:23>
                                        n<> u<241> t<Primary_literal> p<242> c<240> l<44:15> el<44:23>
                                          n<test_obj> u<240> t<SIMPLE_IDENTIFIER> p<241> l<44:15> el<44:23>
                          n<> u<264> t<Statement_or_null> p<281> c<263> s<279> l<46:3> el<46:24>
                            n<> u<263> t<Statement> p<264> c<262> l<46:3> el<46:24>
                              n<> u<262> t<Statement_item> p<263> c<261> l<46:3> el<46:24>
                                n<> u<261> t<Subroutine_call_statement> p<262> c<260> l<46:3> el<46:24>
                                  n<> u<260> t<Subroutine_call> p<261> c<249> l<46:3> el<46:23>
                                    n<$> u<249> t<DOLLAR> p<260> s<250> l<46:3> el<46:4>
                                    n<display> u<250> t<SIMPLE_IDENTIFIER> p<260> s<259> l<46:4> el<46:11>
                                    n<> u<259> t<Argument_list> p<260> c<258> l<46:12> el<46:22>
                                      n<> u<258> t<Expression> p<259> c<257> l<46:12> el<46:22>
                                        n<> u<257> t<Primary> p<258> c<256> l<46:12> el<46:22>
                                          n<> u<256> t<Subroutine_call> p<257> c<251> l<46:12> el<46:22>
                                            n<test_obj> u<251> t<SIMPLE_IDENTIFIER> p<256> s<252> l<46:12> el<46:20>
                                            n<> u<252> t<Constant_bit_select> p<256> s<253> l<46:20> el<46:20>
                                            n<s> u<253> t<SIMPLE_IDENTIFIER> p<256> s<255> l<46:21> el<46:22>
                                            n<> u<255> t<Select> p<256> c<254> l<46:22> el<46:22>
                                              n<> u<254> t<Bit_select> p<255> l<46:22> el<46:22>
                          n<> u<279> t<Statement_or_null> p<281> c<278> s<280> l<47:3> el<47:29>
                            n<> u<278> t<Statement> p<279> c<277> l<47:3> el<47:29>
                              n<> u<277> t<Statement_item> p<278> c<276> l<47:3> el<47:29>
                                n<> u<276> t<Subroutine_call_statement> p<277> c<275> l<47:3> el<47:29>
                                  n<> u<275> t<Subroutine_call> p<276> c<265> l<47:3> el<47:28>
                                    n<$> u<265> t<DOLLAR> p<275> s<266> l<47:3> el<47:4>
                                    n<display> u<266> t<SIMPLE_IDENTIFIER> p<275> s<274> l<47:4> el<47:11>
                                    n<> u<274> t<Argument_list> p<275> c<273> l<47:12> el<47:27>
                                      n<> u<273> t<Expression> p<274> c<272> l<47:12> el<47:27>
                                        n<> u<272> t<Primary> p<273> c<271> l<47:12> el<47:27>
                                          n<> u<271> t<Subroutine_call> p<272> c<267> l<47:12> el<47:27>
                                            n<test_obj> u<267> t<SIMPLE_IDENTIFIER> p<271> s<268> l<47:12> el<47:20>
                                            n<> u<268> t<Constant_bit_select> p<271> s<269> l<47:20> el<47:20>
                                            n<incs> u<269> t<SIMPLE_IDENTIFIER> p<271> s<270> l<47:21> el<47:25>
                                            n<> u<270> t<Argument_list> p<271> l<47:26> el<47:26>
                          n<> u<280> t<END> p<281> l<48:2> el<48:5>
        n<> u<290> t<ENDMODULE> p<291> l<49:1> el<49:10>
AST_DEBUG_END
[INF:CP0303] $Source01/8.15--super.sv:15:1: Compile module "work@class_tb".
[INF:CM0029] Using global timescale: "1ns/1ns".
[ERR:EL0535] $Source01/8.15--super.sv:46:21: Illegal implicit net "id:116, name:s".
====== UHDM =======
Design name:unnamed:
  vpiName: unnamed
  vpiSourceFile (1 items):
    SourceFile name:8.15--super.sv file:$Source01/8.15--super.sv:
      vpiParent: Design name:unnamed
      vpiName: "8.15--super.sv"
      vpiPreprocFile: "$Output/lib/work/8.15--super.sv"
      vpiDefNetType: none (12)
  vpiAllModules (1 items):
    Module name:work@class_tb file:$Source01/8.15--super.sv start:15:1 end:49:10:
      vpiParent: Design name:unnamed
      vpiName Identifier name:work@class_tb start:15:8 end:15:16:
        vpiParent: Module name:work@class_tb
        vpiName: work@class_tb
      vpiFullName: work@class_tb
      vpiTypespec (3 items):
        ClassTypespec name:work@super_cls:
          vpiParent: Module name:work@class_tb
          vpiName: work@super_cls
          vpiClassDefn: ClassDefn name:work@super_cls
        ClassTypespec name:work@test_cls:
          vpiParent: Module name:work@class_tb
          vpiName: work@test_cls
          vpiClassDefn: ClassDefn name:work@test_cls
        LogicTypespec:
          vpiParent: Module name:work@class_tb
      vpiDefName: work@class_tb
      vpiDefNetType: none (12)
      vpiLibrary RefObj name:work:
        vpiParent: Module name:work@class_tb
        vpiName: work
        vpiFullName: work@class_tb.work
      vpiCell: class_tb
      vpiClassDefn (2 items):
        ClassDefn name:work@super_cls file:$Source01/8.15--super.sv start:16:2 end:25:10:
          vpiParent: Module name:work@class_tb
          vpiName Identifier name:work@super_cls start:16:8 end:16:17:
            vpiParent: ClassDefn name:work@super_cls
            vpiName: work@super_cls
          vpiFullName: work@class_tb::work@super_cls
          vpiVariable (1 items):
            Variable name:s start:17:7 end:17:8:
              vpiParent: ClassDefn name:work@super_cls
              vpiTypespec RefTypespec start:17:3 end:17:6:
                vpiParent: Variable name:s
                vpiFullName: work@class_tb::work@super_cls::s
                vpiActual: IntTypespec
              vpiName: s
              vpiFullName: work@class_tb::work@super_cls::s
              vpiValue Constant start:17:11 end:17:12:
                vpiParent: Variable name:s
                vpiTypespec RefTypespec:
                  vpiParent: Constant
                  vpiFullName: work@class_tb::work@super_cls::s
                  vpiActual: IntTypespec
                vpiConstType: unsigned int (9)
                vpiSize: 64
                vpiDecompile: "2"
                vpiValue: 2
          vpiTypespec (1 items):
            ClassTypespec name:work@super_cls:
              vpiParent: ClassDefn name:work@super_cls
              vpiName: work@super_cls
              vpiClassDefn: ClassDefn name:work@super_cls
          vpiClassType: userdefined class (3)
          vpiLibrary RefObj name:work:
            vpiParent: ClassDefn name:work@super_cls
            vpiName: work
            vpiFullName: work@class_tb::work@super_cls::work
          vpiCell: super_cls
          vpiMethod (2 items):
            Function name:incs start:18:3 end:21:14:
              vpiParent: ClassDefn name:work@super_cls
              vpiName Identifier name:incs start:18:16 end:18:20:
                vpiParent: Function name:incs
                vpiName: incs
              vpiFullName: work@class_tb::work@super_cls::incs
              vpiVisibility: public (1)
              vpiStmt Begin:
                vpiParent: Function name:incs
                vpiFullName: work@class_tb::work@super_cls::incs
                vpiStmt (2 items):
                  Operation start:19:4 end:19:7:
                    vpiParent: Begin
                    vpiOpType: pre inc (65)
                    vpiOperand (1 items):
                      RefObj name:s start:19:6 end:19:7:
                        vpiParent: Operation
                        vpiName: s
                        vpiFullName: work@class_tb::work@super_cls::incs::s
                        vpiActual: Variable name:s
                  Assignment start:20:4 end:20:12:
                    vpiParent: Begin
                    vpiBlocking: true
                    vpiLhs RefObj name:incs start:20:4 end:20:8:
                      vpiParent: Assignment
                      vpiName: incs
                      vpiFullName: work@class_tb::work@super_cls::incs::incs
                      vpiActual: Function name:incs
                    vpiRhs RefObj name:s start:20:11 end:20:12:
                      vpiParent: Assignment
                      vpiName: s
                      vpiFullName: work@class_tb::work@super_cls::incs::s
                      vpiActual: Variable name:s
              vpiReturn RefTypespec start:18:12 end:18:15:
                vpiParent: Function name:incs
                vpiFullName: work@class_tb::work@super_cls::incs
                vpiActual: IntTypespec
            Function name:new start:22:3 end:24:14:
              vpiParent: ClassDefn name:work@super_cls
              vpiName Identifier name:new:
                vpiParent: Function name:new
                vpiName: new
              vpiFullName: work@class_tb::work@super_cls::new
              vpiVisibility: public (1)
              vpiIODecl (1 items):
                IODecl name:def start:22:20 end:22:23:
                  vpiParent: Function name:new
                  vpiName: def
                  vpiDirection: input (1)
                  vpiExpr Constant start:22:26 end:22:27:
                    vpiParent: IODecl name:def
                    vpiTypespec RefTypespec:
                      vpiParent: Constant
                      vpiFullName: work@class_tb::work@super_cls::new::def
                      vpiActual: IntTypespec
                    vpiConstType: unsigned int (9)
                    vpiSize: 64
                    vpiDecompile: "3"
                    vpiValue: 3
                  vpiTypespec RefTypespec start:22:16 end:22:19:
                    vpiParent: IODecl name:def
                    vpiFullName: work@class_tb::work@super_cls::new::def
                    vpiActual: IntTypespec
              vpiStmt Assignment start:23:4 end:23:11:
                vpiParent: Function name:new
                vpiBlocking: true
                vpiLhs RefObj name:s start:23:4 end:23:5:
                  vpiParent: Assignment
                  vpiName: s
                  vpiFullName: work@class_tb::work@super_cls::new::s
                  vpiActual: Variable name:s
                vpiRhs RefObj name:def start:23:8 end:23:11:
                  vpiParent: Assignment
                  vpiName: def
                  vpiFullName: work@class_tb::work@super_cls::new::def
                  vpiActual: IODecl name:def
              vpiReturn RefTypespec name:work@super_cls:
                vpiParent: Function name:new
                vpiName: work@super_cls
                vpiFullName: work@class_tb::work@super_cls::new::work@super_cls
                vpiActual: ClassTypespec name:work@super_cls
        ClassDefn name:work@test_cls file:$Source01/8.15--super.sv start:27:2 end:37:10:
          vpiParent: Module name:work@class_tb
          vpiName Identifier name:work@test_cls start:27:8 end:27:16:
            vpiParent: ClassDefn name:work@test_cls
            vpiName: work@test_cls
          vpiFullName: work@class_tb::work@test_cls
          vpiVariable (1 items):
            Variable name:a start:28:7 end:28:8:
              vpiParent: ClassDefn name:work@test_cls
              vpiTypespec RefTypespec start:28:3 end:28:6:
                vpiParent: Variable name:a
                vpiFullName: work@class_tb::work@test_cls::a
                vpiActual: IntTypespec
              vpiName: a
              vpiFullName: work@class_tb::work@test_cls::a
          vpiTypespec (2 items):
            ClassTypespec name:super_cls start:27:25 end:27:34:
              vpiParent: ClassDefn name:work@test_cls
              vpiName: super_cls
              vpiClassDefn: ClassDefn name:work@super_cls
            ClassTypespec name:work@test_cls:
              vpiParent: ClassDefn name:work@test_cls
              vpiName: work@test_cls
              vpiClassDefn: ClassDefn name:work@test_cls
          vpiClassType: userdefined class (3)
          vpiExtends Extends start:27:17 end:27:24:
            vpiParent: ClassDefn name:work@test_cls
            vpiClassTypespec RefTypespec name:super_cls start:27:25 end:27:34:
              vpiParent: Extends
              vpiName: super_cls
              vpiFullName: work@class_tb::work@test_cls::super_cls
              vpiActual: ClassTypespec name:super_cls
          vpiLibrary RefObj name:work:
            vpiParent: ClassDefn name:work@test_cls
            vpiName: work
            vpiFullName: work@class_tb::work@test_cls::work
          vpiCell: test_cls
          vpiMethod (2 items):
            Function name:incs start:29:3 end:32:14:
              vpiParent: ClassDefn name:work@test_cls
              vpiName Identifier name:incs start:29:16 end:29:20:
                vpiParent: Function name:incs
                vpiName: incs
              vpiFullName: work@class_tb::work@test_cls::incs
              vpiVisibility: public (1)
              vpiStmt Begin:
                vpiParent: Function name:incs
                vpiFullName: work@class_tb::work@test_cls::incs
                vpiStmt (2 items):
                  Assignment start:30:4 end:30:10:
                    vpiParent: Begin
                    vpiBlocking: true
                    vpiLhs RefObj name:s start:30:4 end:30:5:
                      vpiParent: Assignment
                      vpiName: s
                      vpiFullName: work@class_tb::work@test_cls::incs::s
                      vpiActual: Variable name:s
                    vpiRhs Operation:
                      vpiParent: Assignment
                      vpiOpType: add (24)
                      vpiOperand (2 items):
                        RefObj name:s start:30:4 end:30:5:
                          vpiParent: Operation
                          vpiName: s
                          vpiFullName: work@class_tb::work@test_cls::incs::s
                          vpiActual: Variable name:s
                        Constant start:30:9 end:30:10:
                          vpiParent: Operation
                          vpiTypespec RefTypespec:
                            vpiParent: Constant
                            vpiFullName: work@class_tb::work@test_cls::incs
                            vpiActual: IntTypespec
                          vpiConstType: unsigned int (9)
                          vpiSize: 64
                          vpiDecompile: "2"
                          vpiValue: 2
                  Assignment start:31:4 end:31:23:
                    vpiParent: Begin
                    vpiBlocking: true
                    vpiLhs RefObj name:incs start:31:4 end:31:8:
                      vpiParent: Assignment
                      vpiName: incs
                      vpiFullName: work@class_tb::work@test_cls::incs::incs
                      vpiActual: Function name:incs
                    vpiRhs HierPath name:super.incs() start:31:11 end:31:22:
                      vpiParent: Assignment
                      vpiName: super.incs()
                      vpiFullName: work@class_tb::work@test_cls::incs::super.incs()
                      vpiPathElem (2 items):
                        RefObj name:super start:31:11 end:31:16:
                          vpiParent: HierPath name:super.incs()
                          vpiName: super
                          vpiFullName: work@class_tb::work@test_cls::incs::super
                          vpiActual: ClassDefn name:work@super_cls
                        FuncCall name:incs start:31:17 end:31:23:
                          vpiParent: HierPath name:super.incs()
                          vpiName Identifier name:incs start:31:17 end:31:21:
                            vpiParent: FuncCall name:incs
                            vpiName: incs
                          vpiTaskFunc: Function name:incs
              vpiReturn RefTypespec start:29:12 end:29:15:
                vpiParent: Function name:incs
                vpiFullName: work@class_tb::work@test_cls::incs
                vpiActual: IntTypespec
            Function name:new start:33:3 end:36:14:
              vpiParent: ClassDefn name:work@test_cls
              vpiName Identifier name:new:
                vpiParent: Function name:new
                vpiName: new
              vpiFullName: work@class_tb::work@test_cls::new
              vpiVisibility: public (1)
              vpiIODecl (1 items):
                IODecl name:def start:33:20 end:33:23:
                  vpiParent: Function name:new
                  vpiName: def
                  vpiDirection: input (1)
                  vpiExpr Constant start:33:26 end:33:28:
                    vpiParent: IODecl name:def
                    vpiTypespec RefTypespec:
                      vpiParent: Constant
                      vpiFullName: work@class_tb::work@test_cls::new::def
                      vpiActual: IntTypespec
                    vpiConstType: unsigned int (9)
                    vpiSize: 64
                    vpiDecompile: "42"
                    vpiValue: 42
                  vpiTypespec RefTypespec start:33:16 end:33:19:
                    vpiParent: IODecl name:def
                    vpiFullName: work@class_tb::work@test_cls::new::def
                    vpiActual: IntTypespec
              vpiStmt Begin:
                vpiParent: Function name:new
                vpiFullName: work@class_tb::work@test_cls::new
                vpiStmt (2 items):
                  HierPath name:super.new(def + 3) start:34:4 end:34:13:
                    vpiParent: Begin
                    vpiName: super.new(def + 3)
                    vpiFullName: work@class_tb::work@test_cls::new::super.new(def + 3)
                    vpiPathElem (2 items):
                      RefObj name:super:
                        vpiParent: HierPath name:super.new(def + 3)
                        vpiName: super
                        vpiFullName: work@class_tb::work@test_cls::new::super
                        vpiActual: ClassDefn name:work@super_cls
                      FuncCall name:new:
                        vpiParent: HierPath name:super.new(def + 3)
                        vpiName Identifier name:new:
                          vpiParent: FuncCall name:new
                          vpiName: new
                        vpiTaskFunc: Function name:new
                        vpiArgument (1 items):
                          Operation start:34:14 end:34:21:
                            vpiParent: FuncCall name:new
                            vpiOpType: add (24)
                            vpiOperand (2 items):
                              RefObj name:def start:34:14 end:34:17:
                                vpiParent: Operation
                                vpiName: def
                                vpiFullName: work@class_tb::work@test_cls::new::super.new(def + 3)::def
                                vpiActual: IODecl name:def
                              Constant start:34:20 end:34:21:
                                vpiParent: Operation
                                vpiTypespec RefTypespec:
                                  vpiParent: Constant
                                  vpiFullName: work@class_tb::work@test_cls::new::super.new(def + 3)
                                  vpiActual: IntTypespec
                                vpiConstType: unsigned int (9)
                                vpiSize: 64
                                vpiDecompile: "3"
                                vpiValue: 3
                  Assignment start:35:4 end:35:11:
                    vpiParent: Begin
                    vpiBlocking: true
                    vpiLhs RefObj name:a start:35:4 end:35:5:
                      vpiParent: Assignment
                      vpiName: a
                      vpiFullName: work@class_tb::work@test_cls::new::a
                      vpiActual: Variable name:a
                    vpiRhs RefObj name:def start:35:8 end:35:11:
                      vpiParent: Assignment
                      vpiName: def
                      vpiFullName: work@class_tb::work@test_cls::new::def
                      vpiActual: IODecl name:def
              vpiReturn RefTypespec name:work@test_cls:
                vpiParent: Function name:new
                vpiName: work@test_cls
                vpiFullName: work@class_tb::work@test_cls::new::work@test_cls
                vpiActual: ClassTypespec name:work@test_cls
      vpiNet (2 items):
        Net name:test_obj start:39:11 end:39:19:
          vpiParent: Module name:work@class_tb
          vpiTypespec RefTypespec name:test_cls start:39:2 end:39:10:
            vpiParent: Net name:test_obj
            vpiName: test_cls
            vpiFullName: work@class_tb.test_obj.test_cls
            vpiActual: LogicTypespec
          vpiName: test_obj
          vpiFullName: work@class_tb.test_obj
        Net name:super_obj start:40:12 end:40:21:
          vpiParent: Module name:work@class_tb
          vpiTypespec RefTypespec name:super_cls start:40:2 end:40:11:
            vpiParent: Net name:super_obj
            vpiName: super_cls
            vpiFullName: work@class_tb.super_obj.super_cls
            vpiActual: LogicTypespec
          vpiName: super_obj
          vpiFullName: work@class_tb.super_obj
      vpiProcess (1 items):
        Initial start:42:2 end:48:5:
          vpiParent: Module name:work@class_tb
          vpiStmt Begin start:42:10 end:48:5:
            vpiParent: Initial
            vpiFullName: work@class_tb
            vpiStmt (4 items):
              Assignment start:43:3 end:43:21:
                vpiParent: Begin
                vpiBlocking: true
                vpiLhs RefObj name:test_obj start:43:3 end:43:11:
                  vpiParent: Assignment
                  vpiName: test_obj
                  vpiFullName: work@class_tb.test_obj
                  vpiActual: Net name:test_obj
                vpiRhs MethodFuncCall name:new start:43:14 end:43:21:
                  vpiParent: Assignment
                  vpiName Identifier name:new:
                    vpiParent: MethodFuncCall name:new
                    vpiName: new
                  vpiArgument (1 items):
                    Constant start:43:18 end:43:20:
                      vpiParent: MethodFuncCall name:new
                      vpiTypespec RefTypespec:
                        vpiParent: Constant
                        vpiFullName: work@class_tb
                        vpiActual: IntTypespec
                      vpiConstType: unsigned int (9)
                      vpiSize: 64
                      vpiDecompile: "37"
                      vpiValue: 37
              Assignment start:44:3 end:44:23:
                vpiParent: Begin
                vpiBlocking: true
                vpiLhs RefObj name:super_obj start:44:3 end:44:12:
                  vpiParent: Assignment
                  vpiName: super_obj
                  vpiFullName: work@class_tb.super_obj
                  vpiActual: Net name:super_obj
                vpiRhs RefObj name:test_obj start:44:15 end:44:23:
                  vpiParent: Assignment
                  vpiName: test_obj
                  vpiFullName: work@class_tb.test_obj
                  vpiActual: Net name:test_obj
              SysFuncCall name:$display start:46:3 end:46:23:
                vpiParent: Begin
                vpiName Identifier name:$display start:46:3 end:46:11:
                  vpiParent: SysFuncCall name:$display
                  vpiName: "$display"
                vpiArgument (1 items):
                  HierPath name:test_obj.s start:46:12 end:46:22:
                    vpiParent: SysFuncCall name:$display
                    vpiName: test_obj.s
                    vpiFullName: work@class_tb.test_obj.s
                    vpiPathElem (2 items):
                      RefObj name:test_obj start:46:12 end:46:20:
                        vpiParent: HierPath name:test_obj.s
                        vpiName: test_obj
                        vpiFullName: work@class_tb.test_obj
                        vpiActual: Net name:test_obj
                      RefObj name:s start:46:21 end:46:22:
                        vpiParent: HierPath name:test_obj.s
                        vpiName: s
                        vpiFullName: work@class_tb.s
              SysFuncCall name:$display start:47:3 end:47:28:
                vpiParent: Begin
                vpiName Identifier name:$display start:47:3 end:47:11:
                  vpiParent: SysFuncCall name:$display
                  vpiName: "$display"
                vpiArgument (1 items):
                  HierPath name:test_obj.incs() start:47:12 end:47:26:
                    vpiParent: SysFuncCall name:$display
                    vpiName: test_obj.incs()
                    vpiFullName: work@class_tb.test_obj.incs()
                    vpiPathElem (2 items):
                      RefObj name:test_obj start:47:12 end:47:20:
                        vpiParent: HierPath name:test_obj.incs()
                        vpiName: test_obj
                        vpiFullName: work@class_tb.test_obj
                        vpiActual: Net name:test_obj
                      FuncCall name:incs start:47:21 end:47:27:
                        vpiParent: HierPath name:test_obj.incs()
                        vpiName Identifier name:incs start:47:21 end:47:25:
                          vpiParent: FuncCall name:incs
                          vpiName: incs
  vpiTypespec (2 items):
    ModuleTypespec name:work@class_tb:
      vpiParent: Design name:unnamed
      vpiName Identifier name:work@class_tb start:15:8 end:15:16:
        vpiParent: ModuleTypespec name:work@class_tb
        vpiName: work@class_tb
      vpiModule: Module name:work@class_tb
    IntTypespec:
      vpiParent: Design name:unnamed
      vpiSigned: true
===================
[  FATAL] : 0
[ SYNTAX] : 0
[  ERROR] : 1
[WARNING] : 0
[   NOTE] : 0
********************************************
*   End SURELOG SVerilog Compiler/Linter   *
********************************************

#**#**#**#**#**#**#**#**#**#**#**#**#**#**#**#**#**#**#**#**#**#**#**#**#**#**#**#**#**#**#**#**#**#**#**#**#**#**#**#**

Environment:
      test-name: Google/chapter-8/8.15--super
   test-dirpath: ${SURELOG_DIR}/regression/Google/chapter-8/8.15--super
  uhdm-filepath: ${SURELOG_DIR}/regression/Google/chapter-8/8.15--super/surelog.uhdm
mounts-filepath: ${SURELOG_DIR}/regression/Google/chapter-8/8.15--super/mounts.json


{'result': {'coverage': 100.0,
            'error_count': 0,
            'file_count': 1,
            'files': {'$Output/lib/work/8.15--super.sv': {'post_len': 0,
                                                          'pre_len': 462}},
            'post_len': 0,
            'pre_len': 462,
            'test_name': 'Google/chapter-8/8.15--super'}}

+---------------------------------+----------+-----------+
| INPUT                           |   PRELEN |   POSTLEN |
+=================================+==========+===========+
| $Output/lib/work/8.15--super.sv |      462 |         0 |
+=================================+==========+===========+
|                                 |      462 |         0 |
+---------------------------------+----------+-----------+

[   ERROR] : 0
[COVERAGE] : 100.0


#**#**#**#**#**#**#**#**#**#**#**#**#**#**#**#**#**#**#**#**#**#**#**#**#**#**#**#**#**#**#**#**#**#**#**#**#**#**#**#**

COMMAND: ${SURELOG_DIR}/regression/Google/chapter-8/8.15--super/surelog.uhdm ${SURELOG_DIR}/regression/Google/chapter-8/8.15--super/reduced.uhdm

==================== BEGIN REDUCTION RESULT ====================
Name                            Before   After   Added   Removed
----------------------------------------------------------------
Constant                             6       7       2         1
Operation                            3       1       0         2
RefObj                              22      20       0         2
RefTypespec                         17      18       2         1
----------------------------------------------------------------
Others                              60      60       0         0
----------------------------------------------------------------
                                   108     106       4         6
===================== END REDUCTION RESULT =====================
