********************************************
*  SURELOG SystemVerilog  Compiler/Linter  *
********************************************
Copyright (c) 2017-2023 Alain Dargelas,
http://www.apache.org/licenses/LICENSE-2.0
VERSION: 1.84
BUILT  : Jun 18 2026
DATE   : 2026-06-18.18:57:57
COMMAND: -wd ../../../tests/TopFunc -parse -d uhdm -d ast dut.sv -nobuiltin -mt 0 -mp 0 -d uhdmstats -d cache -d uhdm -nostdout -o ${SURELOG_DIR}/regression/TopFunc/TopFunc
[INF:CM0023] Creating log file "$Output/hlc.log".
[INF:PP0122] Preprocessing source file "$Source01/dut.sv".
[INF:PA0201] Parsing source file "$Source01/dut.sv".
AST_DEBUG_BEGIN
Count: 60
LIB: work
FILE: $Source01/dut.sv
n<$Source01/dut.sv> u<59> t<Top_level_rule> c<1> l<1:1> el<8:1>
  n<> u<1> t<Null_rule> p<59> s<57> l<1:1>
  n<> u<57> t<Source_text> p<59> c<23> s<58> l<1:1> el<7:10>
    n<> u<23> t<Description> p<57> c<22> s<24> l<1:1> el<3:12>
      n<> u<22> t<Package_item> p<23> c<21> l<1:1> el<3:12>
        n<> u<21> t<Package_or_generate_item_declaration> p<22> c<20> l<1:1> el<3:12>
          n<> u<20> t<Function_declaration> p<21> c<2> l<1:1> el<3:12>
            n<> u<2> t<AUTOMATIC> p<20> s<19> l<1:10> el<1:19>
            n<> u<19> t<Function_body_declaration> p<20> c<6> l<1:20> el<3:12>
              n<> u<6> t<Function_data_type_or_implicit> p<19> c<5> s<7> l<1:20> el<1:23>
                n<> u<5> t<Function_data_type> p<6> c<4> l<1:20> el<1:23>
                  n<> u<4> t<Data_type> p<5> c<3> l<1:20> el<1:23>
                    n<> u<3> t<INT> p<4> l<1:20> el<1:23>
              n<get_1> u<7> t<SIMPLE_IDENTIFIER> p<19> s<8> l<1:24> el<1:29>
              n<> u<8> t<Tf_port_item_list> p<19> s<17> l<1:29> el<1:31>
              n<> u<17> t<Function_statement_or_null> p<19> c<16> s<18> l<2:4> el<2:13>
                n<> u<16> t<Statement> p<17> c<15> l<2:4> el<2:13>
                  n<> u<15> t<Statement_item> p<16> c<14> l<2:4> el<2:13>
                    n<> u<14> t<Jump_statement> p<15> c<13> l<2:4> el<2:13>
                      n<> u<13> t<RETURN> p<14> s<12> l<2:4> el<2:10>
                      n<> u<12> t<Expression> p<14> c<11> l<2:11> el<2:12>
                        n<> u<11> t<Primary> p<12> c<10> l<2:11> el<2:12>
                          n<> u<10> t<Primary_literal> p<11> c<9> l<2:11> el<2:12>
                            n<1> u<9> t<INTEGRAL_NUMBER> p<10> l<2:11> el<2:12>
              n<> u<18> t<ENDFUNCTION> p<19> l<3:1> el<3:12>
    n<// get_1> u<24> t<LINE_COMMENT> p<57> s<56> l<3:13> el<3:21>
    n<> u<56> t<Description> p<57> c<55> l<5:1> el<7:10>
      n<> u<55> t<Module_declaration> p<56> c<37> l<5:1> el<7:10>
        n<> u<37> t<Module_ansi_header> p<55> c<25> s<53> l<5:1> el<5:26>
          n<module> u<25> t<Module_keyword> p<37> s<26> l<5:1> el<5:7>
          n<top> u<26> t<SIMPLE_IDENTIFIER> p<37> s<27> l<5:8> el<5:11>
          n<> u<27> t<Package_import_declaration_list> p<37> s<36> l<5:11> el<5:11>
          n<> u<36> t<Port_declaration_list> p<37> c<35> l<5:11> el<5:25>
            n<> u<35> t<Ansi_port_declaration> p<36> c<33> l<5:12> el<5:24>
              n<> u<33> t<Net_port_header> p<35> c<28> s<34> l<5:12> el<5:22>
                n<> u<28> t<OUTPUT> p<33> s<32> l<5:12> el<5:18>
                n<> u<32> t<Net_port_type> p<33> c<31> l<5:19> el<5:22>
                  n<> u<31> t<Data_type_or_implicit> p<32> c<30> l<5:19> el<5:22>
                    n<> u<30> t<Data_type> p<31> c<29> l<5:19> el<5:22>
                      n<> u<29> t<INT> p<30> l<5:19> el<5:22>
              n<o> u<34> t<SIMPLE_IDENTIFIER> p<35> l<5:23> el<5:24>
        n<> u<53> t<Non_port_module_item> p<55> c<52> s<54> l<6:4> el<6:23>
          n<> u<52> t<Module_or_generate_item> p<53> c<51> l<6:4> el<6:23>
            n<> u<51> t<Module_common_item> p<52> c<50> l<6:4> el<6:23>
              n<> u<50> t<Continuous_assign> p<51> c<49> l<6:4> el<6:23>
                n<> u<49> t<Net_assignment_list> p<50> c<48> l<6:11> el<6:22>
                  n<> u<48> t<Net_assignment> p<49> c<42> l<6:11> el<6:22>
                    n<> u<42> t<Net_lvalue> p<48> c<39> s<47> l<6:11> el<6:12>
                      n<> u<39> t<Ps_or_hierarchical_identifier> p<42> c<38> s<41> l<6:11> el<6:12>
                        n<o> u<38> t<SIMPLE_IDENTIFIER> p<39> l<6:11> el<6:12>
                      n<> u<41> t<Constant_select> p<42> c<40> l<6:13> el<6:13>
                        n<> u<40> t<Constant_bit_select> p<41> l<6:13> el<6:13>
                    n<> u<47> t<Expression> p<48> c<46> l<6:15> el<6:22>
                      n<> u<46> t<Primary> p<47> c<45> l<6:15> el<6:22>
                        n<> u<45> t<Subroutine_call> p<46> c<43> l<6:15> el<6:22>
                          n<get_1> u<43> t<SIMPLE_IDENTIFIER> p<45> s<44> l<6:15> el<6:20>
                          n<> u<44> t<Argument_list> p<45> l<6:21> el<6:21>
        n<> u<54> t<ENDMODULE> p<55> l<7:1> el<7:10>
  n<// top> u<58> t<LINE_COMMENT> p<59> l<7:11> el<7:17>
AST_DEBUG_END
[INF:CP0303] $Source01/dut.sv:5:1: Compile module "work@top".
[WRN:PA0205] $Source01/dut.sv:5:1: No timescale set for "work@top".
====== UHDM =======
Design name:unnamed:
  vpiName: unnamed
  vpiSourceFile (1 items):
    SourceFile name:dut.sv file:$Source01/dut.sv:
      vpiParent: Design name:unnamed
      vpiName: dut.sv
      vpiPreprocFile: "$Output/lib/work/dut.sv"
      vpiDefNetType: none (12)
  vpiAllModules (1 items):
    Module name:work@top file:$Source01/dut.sv start:5:1 end:7:10:
      vpiParent: Design name:unnamed
      vpiName Identifier name:work@top start:5:8 end:5:11:
        vpiParent: Module name:work@top
        vpiName: work@top
      vpiFullName: work@top
      vpiVariable (1 items):
        Variable name:o start:5:23 end:5:24:
          vpiParent: Module name:work@top
          vpiTypespec RefTypespec start:5:12 end:5:22:
            vpiParent: Variable name:o
            vpiFullName: work@top.o
            vpiActual: IntTypespec
          vpiName: o
          vpiFullName: work@top.o
          vpiNetType: none (12)
      vpiDefName: work@top
      vpiDefNetType: none (12)
      vpiLibrary RefObj name:work:
        vpiParent: Module name:work@top
        vpiName: work
        vpiFullName: work@top.work
      vpiCell: top
      vpiPort (1 items):
        Port name:o start:5:23 end:5:24:
          vpiParent: Module name:work@top
          vpiName: o
          vpiDirection: output (2)
          vpiLowConn RefObj start:5:23 end:5:24:
            vpiParent: Port name:o
            vpiFullName: work@top.o
            vpiActual: Variable name:o
          vpiTypespec RefTypespec start:5:12 end:5:22:
            vpiParent: Port name:o
            vpiFullName: work@top.o
            vpiActual: IntTypespec
      vpiContAssign (1 items):
        ContAssign start:6:11 end:6:22:
          vpiParent: Module name:work@top
          vpiLhs RefObj name:o start:6:11 end:6:12:
            vpiParent: ContAssign
            vpiName: o
            vpiFullName: work@top.o
            vpiActual: Variable name:o
          vpiRhs FuncCall name:get_1 start:6:15 end:6:22:
            vpiParent: ContAssign
            vpiName Identifier name:get_1 start:6:15 end:6:20:
              vpiParent: FuncCall name:get_1
              vpiName: get_1
  vpiTypespec (2 items):
    IntTypespec:
      vpiParent: Design name:unnamed
      vpiSigned: true
    ModuleTypespec name:work@top:
      vpiParent: Design name:unnamed
      vpiName Identifier name:work@top start:5:8 end:5:11:
        vpiParent: ModuleTypespec name:work@top
        vpiName: work@top
      vpiModule: Module name:work@top
  vpiTaskFunc (1 items):
    Function name:get_1 start:1:1 end:3:12:
      vpiParent: Design name:unnamed
      vpiName Identifier name:get_1 start:1:24 end:1:29:
        vpiParent: Function name:get_1
        vpiName: get_1
      vpiFullName: get_1
      vpiVisibility: public (1)
      vpiAutomatic: true
      vpiStmt ReturnStmt start:2:4 end:2:13:
        vpiParent: Function name:get_1
        vpiCondition Constant start:2:11 end:2:12:
          vpiParent: ReturnStmt
          vpiTypespec RefTypespec:
            vpiParent: Constant
            vpiFullName: get_1
            vpiActual: IntTypespec
          vpiConstType: unsigned int (9)
          vpiSize: 64
          vpiDecompile: "1"
          vpiValue: 1
      vpiReturn RefTypespec start:1:20 end:1:23:
        vpiParent: Function name:get_1
        vpiFullName: get_1
        vpiActual: IntTypespec
===================
[  FATAL] : 0
[ SYNTAX] : 0
[  ERROR] : 0
[WARNING] : 1
[   NOTE] : 0
********************************************
*   End SURELOG SVerilog Compiler/Linter   *
********************************************

#**#**#**#**#**#**#**#**#**#**#**#**#**#**#**#**#**#**#**#**#**#**#**#**#**#**#**#**#**#**#**#**#**#**#**#**#**#**#**#**

Environment:
      test-name: TopFunc/TopFunc
   test-dirpath: ${SURELOG_DIR}/regression/TopFunc/TopFunc
  uhdm-filepath: ${SURELOG_DIR}/regression/TopFunc/TopFunc/surelog.uhdm
mounts-filepath: ${SURELOG_DIR}/regression/TopFunc/TopFunc/mounts.json


{'result': {'coverage': 100.0,
            'error_count': 0,
            'file_count': 1,
            'files': {'$Output/lib/work/dut.sv': {'post_len': 0,
                                                  'pre_len': 104}},
            'post_len': 0,
            'pre_len': 104,
            'test_name': 'TopFunc/TopFunc'}}

+-------------------------+----------+-----------+
| INPUT                   |   PRELEN |   POSTLEN |
+=========================+==========+===========+
| $Output/lib/work/dut.sv |      104 |         0 |
+=========================+==========+===========+
|                         |      104 |         0 |
+-------------------------+----------+-----------+

[   ERROR] : 0
[COVERAGE] : 100.0


#**#**#**#**#**#**#**#**#**#**#**#**#**#**#**#**#**#**#**#**#**#**#**#**#**#**#**#**#**#**#**#**#**#**#**#**#**#**#**#**

COMMAND: ${SURELOG_DIR}/regression/TopFunc/TopFunc/surelog.uhdm ${SURELOG_DIR}/regression/TopFunc/TopFunc/reduced.uhdm

==================== BEGIN REDUCTION RESULT ====================
Name                            Before   After   Added   Removed
----------------------------------------------------------------
----------------------------------------------------------------
Others                              23      23       0         0
----------------------------------------------------------------
                                    23      23       0         0
===================== END REDUCTION RESULT =====================
