[INF:CM0023] Creating log file "$Output/hlc.log".
AST_DEBUG_BEGIN
Count: 38
LIB: work
FILE: $Source01/20.3--realtime.sv
n<$Source01/20.3--realtime.sv> u<37> t<Top_level_rule> c<1> l<15:1> el<21:1>
  n<> u<1> t<Null_rule> p<37> s<2> l<15:1> el<15:1>
  n<// Copyright (C) 2019-2021  The SymbiFlow Authors.> u<2> t<LINE_COMMENT> p<37> s<3> l<1:1> el<1:51>
  n<//> u<3> t<LINE_COMMENT> p<37> s<4> l<2:1> el<2:3>
  n<// Use of this source code is governed by a ISC-style> u<4> t<LINE_COMMENT> p<37> s<5> l<3:1> el<3:54>
  n<// license that can be found in the LICENSE file or at> u<5> t<LINE_COMMENT> p<37> s<6> l<4:1> el<4:55>
  n<// https://opensource.org/licenses/ISC> u<6> t<LINE_COMMENT> p<37> s<7> l<5:1> el<5:39>
  n<//> u<7> t<LINE_COMMENT> p<37> s<8> l<6:1> el<6:3>
  n<// SPDX-License-Identifier: ISC> u<8> t<LINE_COMMENT> p<37> s<9> l<7:1> el<7:32>
  n</*\n:name: realtime_task\n:description: $realtime test\n:tags: 20.3\n*/> u<9> t<BLOCK_COMMENT> p<37> s<36> l<15:1> el<20:10>
  n<> u<36> t<Source_text> p<37> c<35> l<15:1> el<20:10>
    n<> u<35> t<Description> p<36> c<34> l<15:1> el<20:10>
      n<> u<34> t<Module_declaration> p<35> c<14> l<15:1> el<20:10>
        n<> u<14> t<Module_nonansi_header> p<34> c<10> s<32> l<15:1> el<15:14>
          n<module> u<10> t<Module_keyword> p<14> s<11> l<15:1> el<15:7>
          n<top> u<11> t<SIMPLE_IDENTIFIER> p<14> s<12> l<15:8> el<15:11>
          n<> u<12> t<Package_import_declaration_list> p<14> s<13> l<15:11> el<15:11>
          n<> u<13> t<Port_list> p<14> l<15:11> el<15:13>
        n<> u<32> t<Module_item> p<34> c<31> s<33> l<17:1> el<18:22>
          n<> u<31> t<Non_port_module_item> p<32> c<30> l<17:1> el<18:22>
            n<> u<30> t<Module_or_generate_item> p<31> c<29> l<17:1> el<18:22>
              n<> u<29> t<Module_common_item> p<30> c<28> l<17:1> el<18:22>
                n<> u<28> t<Initial_construct> p<29> c<27> l<17:1> el<18:22>
                  n<> u<27> t<Statement_or_null> p<28> c<26> l<18:2> el<18:22>
                    n<> u<26> t<Statement> p<27> c<25> l<18:2> el<18:22>
                      n<> u<25> t<Statement_item> p<26> c<24> l<18:2> el<18:22>
                        n<> u<24> t<Subroutine_call_statement> p<25> c<23> l<18:2> el<18:22>
                          n<> u<23> t<Subroutine_call> p<24> c<15> l<18:2> el<18:21>
                            n<$> u<15> t<DOLLAR> p<23> s<16> l<18:2> el<18:3>
                            n<display> u<16> t<SIMPLE_IDENTIFIER> p<23> s<22> l<18:3> el<18:10>
                            n<> u<22> t<Argument_list> p<23> c<21> l<18:11> el<18:20>
                              n<> u<21> t<Expression> p<22> c<20> l<18:11> el<18:20>
                                n<> u<20> t<Primary> p<21> c<19> l<18:11> el<18:20>
                                  n<> u<19> t<System_task> p<20> c<18> l<18:11> el<18:20>
                                    n<> u<18> t<System_task_names> p<19> c<17> l<18:11> el<18:20>
                                      n<$realtime> u<17> t<SIMPLE_IDENTIFIER> p<18> l<18:12> el<18:20>
        n<> u<33> t<ENDMODULE> p<34> l<20:1> el<20:10>
AST_DEBUG_END
[INF:CP0303] $Source01/20.3--realtime.sv:15:1: Compile module "work@top".
[INF:CM0029] Using global timescale: "1ns/1ns".
====== UHDM =======
Design name:unnamed:
  vpiName: unnamed
  vpiSourceFiles (1 items):
    SourceFile name:20.3--realtime.sv file:$Source01/20.3--realtime.sv:
      vpiParent: Design name:unnamed
      vpiName: "20.3--realtime.sv"
      vpiPreprocFile: "$Output/lib/work/20.3--realtime.sv"
      vpiDefNetType: none (12)
  vpiAllModules (1 items):
    Module name:work@top file:$Source01/20.3--realtime.sv start:15:1 end:20:10:
      vpiParent: Design name:unnamed
      vpiName Identifier name:work@top start:15:8 end:15:11:
        vpiParent: Module name:work@top
        vpiName: work@top
      vpiFullName: work@top
      vpiDefName: work@top
      vpiDefNetType: none (12)
      vpiProcess (1 items):
        Initial start:17:1 end:18:22:
          vpiParent: Module name:work@top
          vpiStmt SysFuncCall name:$display start:18:2 end:18:21:
            vpiParent: Initial
            vpiName Identifier name:$display start:18:2 end:18:10:
              vpiParent: SysFuncCall name:$display
              vpiName: "$display"
            vpiArgument (1 items):
              SysTaskCall name:$realtime start:18:11 end:18:20:
                vpiParent: SysFuncCall name:$display
                vpiName Identifier name:$realtime start:18:11 end:18:20:
                  vpiParent: SysTaskCall name:$realtime
                  vpiName: "$realtime"
  vpiTypespec (1 items):
    ModuleTypespec name:work@top:
      vpiParent: Design name:unnamed
      vpiName Identifier name:work@top start:15:8 end:15:11:
        vpiParent: ModuleTypespec name:work@top
        vpiName: work@top
      vpiModule: Module name:work@top
===================

[  FATAL] : 0
[ SYNTAX] : 0
[  ERROR] : 0
[WARNING] : 0
[   NOTE] : 0

#**#**#**#**#**#**#**#**#**#**#**#**#**#**#**#**#**#**#**#**#**#**#**#**#**#**#**#**#**#**#**#**#**#**#**#**#**#**#**#**

Environment:
      test-name: Google/chapter-20/20.3--realtime
   test-dirpath: ${SURELOG_DIR}/regression/Google/chapter-20/20.3--realtime
  uhdm-filepath: ${SURELOG_DIR}/regression/Google/chapter-20/20.3--realtime/surelog.uhdm
mounts-filepath: ${SURELOG_DIR}/regression/Google/chapter-20/20.3--realtime/mounts.json


{'result': {'coverage': 100.0,
            'error_count': 0,
            'file_count': 1,
            'files': {'$Output/lib/work/20.3--realtime.sv': {'post_len': 0,
                                                             'pre_len': 49}},
            'post_len': 0,
            'pre_len': 49,
            'test_name': 'Google/chapter-20/20.3--realtime'}}

+------------------------------------+----------+-----------+
| INPUT                              |   PRELEN |   POSTLEN |
+====================================+==========+===========+
| $Output/lib/work/20.3--realtime.sv |       49 |         0 |
+====================================+==========+===========+
|                                    |       49 |         0 |
+------------------------------------+----------+-----------+

[   ERROR] : 0
[COVERAGE] : 100.0


#**#**#**#**#**#**#**#**#**#**#**#**#**#**#**#**#**#**#**#**#**#**#**#**#**#**#**#**#**#**#**#**#**#**#**#**#**#**#**#**

COMMAND: ${SURELOG_DIR}/regression/Google/chapter-20/20.3--realtime/surelog.uhdm ${SURELOG_DIR}/regression/Google/chapter-20/20.3--realtime/reduced.uhdm

==================== BEGIN REDUCTION RESULT ====================
Name                            Before   After   Added   Removed
----------------------------------------------------------------
----------------------------------------------------------------
Others                              11      11       0         0
----------------------------------------------------------------
                                    11      11       0         0
===================== END REDUCTION RESULT =====================
