********************************************************************************
*                   Begin HLC SystemVerilog Compiler/Linter                    *
********************************************************************************
Copyright (c) 2020 Apotell,
http://www.apache.org/licenses/LICENSE-2.0
VERSION: 1.84
COMMAND: -wd ../../../../../../../tests/Google/chapter-7/arrays/associative/methods -timescale=1ns/1ns -d ast -d db next.sv -wd ${HLC_DIR}/third_party/UVM -I1800.2-2017-1.0/src -mt 0 -d dbstats -d cache -writepp -d db -nostdout -o ${HLC_DIR}/regression/Google/chapter-7/arrays/associative/methods/next
[INF:CM5022] Creating log file "$Output/hlc.log".
[INF:PP5223] Preprocessing source file "$Source01/next.sv".
[INF:PA5502] Parsing source file "$Source01/next.sv".
AST_DEBUG_BEGIN
Count: 221
LIB: work
FILE<0>:$Source01/next.sv
n<$Source01/next.sv> u<220> t<Top_level_rule> c<1> l<16:1> el<34:1>
  n<> u<1> t<Null_rule> p<220> s<2> l<16:1> el<16:1>
  n<// Copyright (C) 2019-2021  The SymbiFlow Authors.> u<2> t<LINE_COMMENT> p<220> s<3> l<1:1> el<1:51>
  n<//> u<3> t<LINE_COMMENT> p<220> s<4> l<2:1> el<2:3>
  n<// Use of this source code is governed by a ISC-style> u<4> t<LINE_COMMENT> p<220> s<5> l<3:1> el<3:54>
  n<// license that can be found in the LICENSE file or at> u<5> t<LINE_COMMENT> p<220> s<6> l<4:1> el<4:55>
  n<// https://opensource.org/licenses/ISC> u<6> t<LINE_COMMENT> p<220> s<7> l<5:1> el<5:39>
  n<//> u<7> t<LINE_COMMENT> p<220> s<8> l<6:1> el<6:3>
  n<// SPDX-License-Identifier: ISC> u<8> t<LINE_COMMENT> p<220> s<9> l<7:1> el<7:32>
  n</*\n:name: associative-arrays-next\n:description: Test support of associative arrays methods (next)\n:tags: 7.9.6 7.9\n:type: simulation parsing\n*/> u<9> t<BLOCK_COMMENT> p<220> s<219> l<16:1> el<33:10>
  n<> u<219> t<Source_text> p<220> c<218> l<16:1> el<33:10>
    n<> u<218> t<Description> p<219> c<217> l<16:1> el<33:10>
      n<> u<217> t<Module_declaration> p<218> c<14> l<16:1> el<33:10>
        n<> u<14> t<Module_nonansi_header> p<217> c<10> s<31> l<16:1> el<16:15>
          n<module> u<10> t<MODULE> p<14> s<11> l<16:1> el<16:7>
          n<top> u<11> t<SIMPLE_IDENTIFIER> p<14> s<12> l<16:8> el<16:11>
          n<> u<12> t<Package_import_declaration_list> p<14> s<13> l<16:12> el<16:12>
          n<> u<13> t<Port_list> p<14> l<16:12> el<16:14>
        n<> u<31> t<Module_item> p<217> c<30> s<44> l<18:1> el<18:20>
          n<> u<30> t<Non_port_module_item> p<31> c<29> l<18:1> el<18:20>
            n<> u<29> t<Module_or_generate_item> p<30> c<28> l<18:1> el<18:20>
              n<> u<28> t<Module_common_item> p<29> c<27> l<18:1> el<18:20>
                n<> u<27> t<Module_or_generate_item_declaration> p<28> c<26> l<18:1> el<18:20>
                  n<> u<26> t<Package_or_generate_item_declaration> p<27> c<25> l<18:1> el<18:20>
                    n<> u<25> t<Data_declaration> p<26> c<24> l<18:1> el<18:20>
                      n<> u<24> t<Variable_declaration> p<25> c<16> l<18:1> el<18:20>
                        n<> u<16> t<Data_type> p<24> c<15> s<23> l<18:1> el<18:4>
                          n<> u<15> t<INT> p<16> l<18:1> el<18:4>
                        n<> u<23> t<Variable_decl_assignment_list> p<24> c<22> l<18:5> el<18:19>
                          n<> u<22> t<Variable_decl_assignment> p<23> c<17> l<18:5> el<18:19>
                            n<map> u<17> t<SIMPLE_IDENTIFIER> p<22> s<21> l<18:5> el<18:8>
                            n<> u<21> t<Variable_dimension> p<22> c<20> l<18:9> el<18:19>
                              n<> u<20> t<Associative_dimension> p<21> c<19> l<18:9> el<18:19>
                                n<> u<19> t<Data_type> p<20> c<18> l<18:11> el<18:17>
                                  n<string> u<18> t<STRING> p<19> l<18:11> el<18:17>
        n<> u<44> t<Module_item> p<217> c<43> s<57> l<19:1> el<19:10>
          n<> u<43> t<Non_port_module_item> p<44> c<42> l<19:1> el<19:10>
            n<> u<42> t<Module_or_generate_item> p<43> c<41> l<19:1> el<19:10>
              n<> u<41> t<Module_common_item> p<42> c<40> l<19:1> el<19:10>
                n<> u<40> t<Module_or_generate_item_declaration> p<41> c<39> l<19:1> el<19:10>
                  n<> u<39> t<Package_or_generate_item_declaration> p<40> c<38> l<19:1> el<19:10>
                    n<> u<38> t<Data_declaration> p<39> c<37> l<19:1> el<19:10>
                      n<> u<37> t<Variable_declaration> p<38> c<33> l<19:1> el<19:10>
                        n<> u<33> t<Data_type> p<37> c<32> s<36> l<19:1> el<19:7>
                          n<string> u<32> t<STRING> p<33> l<19:1> el<19:7>
                        n<> u<36> t<Variable_decl_assignment_list> p<37> c<35> l<19:8> el<19:9>
                          n<> u<35> t<Variable_decl_assignment> p<36> c<34> l<19:8> el<19:9>
                            n<s> u<34> t<SIMPLE_IDENTIFIER> p<35> l<19:8> el<19:9>
        n<> u<57> t<Module_item> p<217> c<56> s<215> l<20:1> el<20:8>
          n<> u<56> t<Non_port_module_item> p<57> c<55> l<20:1> el<20:8>
            n<> u<55> t<Module_or_generate_item> p<56> c<54> l<20:1> el<20:8>
              n<> u<54> t<Module_common_item> p<55> c<53> l<20:1> el<20:8>
                n<> u<53> t<Module_or_generate_item_declaration> p<54> c<52> l<20:1> el<20:8>
                  n<> u<52> t<Package_or_generate_item_declaration> p<53> c<51> l<20:1> el<20:8>
                    n<> u<51> t<Data_declaration> p<52> c<50> l<20:1> el<20:8>
                      n<> u<50> t<Variable_declaration> p<51> c<46> l<20:1> el<20:8>
                        n<> u<46> t<Data_type> p<50> c<45> s<49> l<20:1> el<20:4>
                          n<> u<45> t<INT> p<46> l<20:1> el<20:4>
                        n<> u<49> t<Variable_decl_assignment_list> p<50> c<48> l<20:5> el<20:7>
                          n<> u<48> t<Variable_decl_assignment> p<49> c<47> l<20:5> el<20:7>
                            n<rc> u<47> t<SIMPLE_IDENTIFIER> p<48> l<20:5> el<20:7>
        n<> u<215> t<Module_item> p<217> c<214> s<216> l<22:1> el<31:4>
          n<> u<214> t<Non_port_module_item> p<215> c<213> l<22:1> el<31:4>
            n<> u<213> t<Module_or_generate_item> p<214> c<212> l<22:1> el<31:4>
              n<> u<212> t<Module_common_item> p<213> c<211> l<22:1> el<31:4>
                n<> u<211> t<Initial_construct> p<212> c<210> l<22:1> el<31:4>
                  n<> u<210> t<Statement_or_null> p<211> c<209> l<22:9> el<31:4>
                    n<> u<209> t<Statement> p<210> c<208> l<22:9> el<31:4>
                      n<> u<208> t<Statement_item> p<209> c<207> l<22:9> el<31:4>
                        n<> u<207> t<Seq_block> p<208> c<75> l<22:9> el<31:4>
                          n<> u<75> t<Statement_or_null> p<207> c<74> s<93> l<23:5> el<23:24>
                            n<> u<74> t<Statement> p<75> c<73> l<23:5> el<23:24>
                              n<> u<73> t<Statement_item> p<74> c<72> l<23:5> el<23:24>
                                n<> u<72> t<Blocking_assignment> p<73> c<71> l<23:5> el<23:23>
                                  n<> u<71> t<Variable_assignment> p<72> c<66> l<23:5> el<23:23>
                                    n<> u<66> t<Variable_lvalue> p<71> c<59> s<70> l<23:5> el<23:19>
                                      n<> u<59> t<Ps_or_hierarchical_identifier> p<66> c<58> s<65> l<23:5> el<23:8>
                                        n<map> u<58> t<SIMPLE_IDENTIFIER> p<59> l<23:5> el<23:8>
                                      n<> u<65> t<Select> p<66> c<64> l<23:8> el<23:19>
                                        n<> u<64> t<Bit_select> p<65> c<63> l<23:8> el<23:19>
                                          n<> u<63> t<Expression> p<64> c<62> l<23:10> el<23:17>
                                            n<> u<62> t<Primary> p<63> c<61> l<23:10> el<23:17>
                                              n<> u<61> t<Primary_literal> p<62> c<60> l<23:10> el<23:17>
                                                n<"hello"> u<60> t<QUOTED_STRING> p<61> l<23:10> el<23:17>
                                    n<> u<70> t<Expression> p<71> c<69> l<23:22> el<23:23>
                                      n<> u<69> t<Primary> p<70> c<68> l<23:22> el<23:23>
                                        n<> u<68> t<Primary_literal> p<69> c<67> l<23:22> el<23:23>
                                          n<1> u<67> t<INTEGRAL_NUMBER> p<68> l<23:22> el<23:23>
                          n<> u<93> t<Statement_or_null> p<207> c<92> s<111> l<24:5> el<24:22>
                            n<> u<92> t<Statement> p<93> c<91> l<24:5> el<24:22>
                              n<> u<91> t<Statement_item> p<92> c<90> l<24:5> el<24:22>
                                n<> u<90> t<Blocking_assignment> p<91> c<89> l<24:5> el<24:21>
                                  n<> u<89> t<Variable_assignment> p<90> c<84> l<24:5> el<24:21>
                                    n<> u<84> t<Variable_lvalue> p<89> c<77> s<88> l<24:5> el<24:17>
                                      n<> u<77> t<Ps_or_hierarchical_identifier> p<84> c<76> s<83> l<24:5> el<24:8>
                                        n<map> u<76> t<SIMPLE_IDENTIFIER> p<77> l<24:5> el<24:8>
                                      n<> u<83> t<Select> p<84> c<82> l<24:8> el<24:17>
                                        n<> u<82> t<Bit_select> p<83> c<81> l<24:8> el<24:17>
                                          n<> u<81> t<Expression> p<82> c<80> l<24:10> el<24:15>
                                            n<> u<80> t<Primary> p<81> c<79> l<24:10> el<24:15>
                                              n<> u<79> t<Primary_literal> p<80> c<78> l<24:10> el<24:15>
                                                n<"sad"> u<78> t<QUOTED_STRING> p<79> l<24:10> el<24:15>
                                    n<> u<88> t<Expression> p<89> c<87> l<24:20> el<24:21>
                                      n<> u<87> t<Primary> p<88> c<86> l<24:20> el<24:21>
                                        n<> u<86> t<Primary_literal> p<87> c<85> l<24:20> el<24:21>
                                          n<2> u<85> t<INTEGRAL_NUMBER> p<86> l<24:20> el<24:21>
                          n<> u<111> t<Statement_or_null> p<207> c<110> s<134> l<25:5> el<25:24>
                            n<> u<110> t<Statement> p<111> c<109> l<25:5> el<25:24>
                              n<> u<109> t<Statement_item> p<110> c<108> l<25:5> el<25:24>
                                n<> u<108> t<Blocking_assignment> p<109> c<107> l<25:5> el<25:23>
                                  n<> u<107> t<Variable_assignment> p<108> c<102> l<25:5> el<25:23>
                                    n<> u<102> t<Variable_lvalue> p<107> c<95> s<106> l<25:5> el<25:19>
                                      n<> u<95> t<Ps_or_hierarchical_identifier> p<102> c<94> s<101> l<25:5> el<25:8>
                                        n<map> u<94> t<SIMPLE_IDENTIFIER> p<95> l<25:5> el<25:8>
                                      n<> u<101> t<Select> p<102> c<100> l<25:8> el<25:19>
                                        n<> u<100> t<Bit_select> p<101> c<99> l<25:8> el<25:19>
                                          n<> u<99> t<Expression> p<100> c<98> l<25:10> el<25:17>
                                            n<> u<98> t<Primary> p<99> c<97> l<25:10> el<25:17>
                                              n<> u<97> t<Primary_literal> p<98> c<96> l<25:10> el<25:17>
                                                n<"world"> u<96> t<QUOTED_STRING> p<97> l<25:10> el<25:17>
                                    n<> u<106> t<Expression> p<107> c<105> l<25:22> el<25:23>
                                      n<> u<105> t<Primary> p<106> c<104> l<25:22> el<25:23>
                                        n<> u<104> t<Primary_literal> p<105> c<103> l<25:22> el<25:23>
                                          n<3> u<103> t<INTEGRAL_NUMBER> p<104> l<25:22> el<25:23>
                          n<> u<134> t<Statement_or_null> p<207> c<133> s<158> l<27:5> el<27:25>
                            n<> u<133> t<Statement> p<134> c<132> l<27:5> el<27:25>
                              n<> u<132> t<Statement_item> p<133> c<131> l<27:5> el<27:25>
                                n<> u<131> t<Blocking_assignment> p<132> c<130> l<27:5> el<27:24>
                                  n<> u<130> t<Variable_assignment> p<131> c<116> l<27:5> el<27:24>
                                    n<> u<116> t<Variable_lvalue> p<130> c<113> s<129> l<27:5> el<27:7>
                                      n<> u<113> t<Ps_or_hierarchical_identifier> p<116> c<112> s<115> l<27:5> el<27:7>
                                        n<rc> u<112> t<SIMPLE_IDENTIFIER> p<113> l<27:5> el<27:7>
                                      n<> u<115> t<Select> p<116> c<114> l<27:8> el<27:8>
                                        n<> u<114> t<Bit_select> p<115> l<27:8> el<27:8>
                                    n<> u<129> t<Expression> p<130> c<128> l<27:10> el<27:24>
                                      n<> u<128> t<Primary> p<129> c<127> l<27:10> el<27:24>
                                        n<> u<127> t<Subroutine_call> p<128> c<117> l<27:10> el<27:24>
                                          n<map> u<117> t<SIMPLE_IDENTIFIER> p<127> s<118> l<27:10> el<27:13>
                                          n<> u<118> t<Constant_bit_select> p<127> s<119> l<27:13> el<27:13>
                                          n<first> u<119> t<SIMPLE_IDENTIFIER> p<127> s<125> l<27:14> el<27:19>
                                          n<> u<125> t<OPEN_PARENS> p<127> s<124> l<27:19> el<27:20>
                                          n<> u<124> t<Argument_list> p<127> c<123> s<126> l<27:21> el<27:22>
                                            n<> u<123> t<Expression> p<124> c<122> l<27:21> el<27:22>
                                              n<> u<122> t<Primary> p<123> c<121> l<27:21> el<27:22>
                                                n<> u<121> t<Primary_literal> p<122> c<120> l<27:21> el<27:22>
                                                  n<s> u<120> t<SIMPLE_IDENTIFIER> p<121> l<27:21> el<27:22>
                                          n<> u<126> t<CLOSE_PARENS> p<127> l<27:23> el<27:24>
                          n<> u<158> t<Statement_or_null> p<207> c<157> s<181> l<28:5> el<28:67>
                            n<> u<157> t<Statement> p<158> c<156> l<28:5> el<28:67>
                              n<> u<156> t<Statement_item> p<157> c<155> l<28:5> el<28:67>
                                n<> u<155> t<Subroutine_call_statement> p<156> c<154> l<28:5> el<28:67>
                                  n<> u<154> t<Subroutine_call> p<155> c<135> l<28:5> el<28:66>
                                    n<$> u<135> t<DOLLAR> p<154> s<136> l<28:5> el<28:6>
                                    n<display> u<136> t<SIMPLE_IDENTIFIER> p<154> s<152> l<28:6> el<28:13>
                                    n<> u<152> t<OPEN_PARENS> p<154> s<151> l<28:13> el<28:14>
                                    n<> u<151> t<Argument_list> p<154> c<140> s<153> l<28:14> el<28:65>
                                      n<> u<140> t<Expression> p<151> c<139> s<145> l<28:14> el<28:58>
                                        n<> u<139> t<Primary> p<140> c<138> l<28:14> el<28:58>
                                          n<> u<138> t<Primary_literal> p<139> c<137> l<28:14> el<28:58>
                                            n<":assert: ((%d == 1) and ('%s' == 'hello'))"> u<137> t<QUOTED_STRING> p<138> l<28:14> el<28:58>
                                      n<> u<145> t<Argument> p<151> c<144> s<150> l<28:60> el<28:62>
                                        n<> u<144> t<Expression> p<145> c<143> l<28:60> el<28:62>
                                          n<> u<143> t<Primary> p<144> c<142> l<28:60> el<28:62>
                                            n<> u<142> t<Primary_literal> p<143> c<141> l<28:60> el<28:62>
                                              n<rc> u<141> t<SIMPLE_IDENTIFIER> p<142> l<28:60> el<28:62>
                                      n<> u<150> t<Argument> p<151> c<149> l<28:64> el<28:65>
                                        n<> u<149> t<Expression> p<150> c<148> l<28:64> el<28:65>
                                          n<> u<148> t<Primary> p<149> c<147> l<28:64> el<28:65>
                                            n<> u<147> t<Primary_literal> p<148> c<146> l<28:64> el<28:65>
                                              n<s> u<146> t<SIMPLE_IDENTIFIER> p<147> l<28:64> el<28:65>
                                    n<> u<153> t<CLOSE_PARENS> p<154> l<28:65> el<28:66>
                          n<> u<181> t<Statement_or_null> p<207> c<180> s<205> l<29:5> el<29:24>
                            n<> u<180> t<Statement> p<181> c<179> l<29:5> el<29:24>
                              n<> u<179> t<Statement_item> p<180> c<178> l<29:5> el<29:24>
                                n<> u<178> t<Blocking_assignment> p<179> c<177> l<29:5> el<29:23>
                                  n<> u<177> t<Variable_assignment> p<178> c<163> l<29:5> el<29:23>
                                    n<> u<163> t<Variable_lvalue> p<177> c<160> s<176> l<29:5> el<29:7>
                                      n<> u<160> t<Ps_or_hierarchical_identifier> p<163> c<159> s<162> l<29:5> el<29:7>
                                        n<rc> u<159> t<SIMPLE_IDENTIFIER> p<160> l<29:5> el<29:7>
                                      n<> u<162> t<Select> p<163> c<161> l<29:8> el<29:8>
                                        n<> u<161> t<Bit_select> p<162> l<29:8> el<29:8>
                                    n<> u<176> t<Expression> p<177> c<175> l<29:10> el<29:23>
                                      n<> u<175> t<Primary> p<176> c<174> l<29:10> el<29:23>
                                        n<> u<174> t<Subroutine_call> p<175> c<164> l<29:10> el<29:23>
                                          n<map> u<164> t<SIMPLE_IDENTIFIER> p<174> s<165> l<29:10> el<29:13>
                                          n<> u<165> t<Constant_bit_select> p<174> s<166> l<29:13> el<29:13>
                                          n<next> u<166> t<SIMPLE_IDENTIFIER> p<174> s<172> l<29:14> el<29:18>
                                          n<> u<172> t<OPEN_PARENS> p<174> s<171> l<29:18> el<29:19>
                                          n<> u<171> t<Argument_list> p<174> c<170> s<173> l<29:20> el<29:21>
                                            n<> u<170> t<Expression> p<171> c<169> l<29:20> el<29:21>
                                              n<> u<169> t<Primary> p<170> c<168> l<29:20> el<29:21>
                                                n<> u<168> t<Primary_literal> p<169> c<167> l<29:20> el<29:21>
                                                  n<s> u<167> t<SIMPLE_IDENTIFIER> p<168> l<29:20> el<29:21>
                                          n<> u<173> t<CLOSE_PARENS> p<174> l<29:22> el<29:23>
                          n<> u<205> t<Statement_or_null> p<207> c<204> s<206> l<30:5> el<30:65>
                            n<> u<204> t<Statement> p<205> c<203> l<30:5> el<30:65>
                              n<> u<203> t<Statement_item> p<204> c<202> l<30:5> el<30:65>
                                n<> u<202> t<Subroutine_call_statement> p<203> c<201> l<30:5> el<30:65>
                                  n<> u<201> t<Subroutine_call> p<202> c<182> l<30:5> el<30:64>
                                    n<$> u<182> t<DOLLAR> p<201> s<183> l<30:5> el<30:6>
                                    n<display> u<183> t<SIMPLE_IDENTIFIER> p<201> s<199> l<30:6> el<30:13>
                                    n<> u<199> t<OPEN_PARENS> p<201> s<198> l<30:13> el<30:14>
                                    n<> u<198> t<Argument_list> p<201> c<187> s<200> l<30:14> el<30:63>
                                      n<> u<187> t<Expression> p<198> c<186> s<192> l<30:14> el<30:56>
                                        n<> u<186> t<Primary> p<187> c<185> l<30:14> el<30:56>
                                          n<> u<185> t<Primary_literal> p<186> c<184> l<30:14> el<30:56>
                                            n<":assert: ((%d == 1) and ('%s' == 'sad'))"> u<184> t<QUOTED_STRING> p<185> l<30:14> el<30:56>
                                      n<> u<192> t<Argument> p<198> c<191> s<197> l<30:58> el<30:60>
                                        n<> u<191> t<Expression> p<192> c<190> l<30:58> el<30:60>
                                          n<> u<190> t<Primary> p<191> c<189> l<30:58> el<30:60>
                                            n<> u<189> t<Primary_literal> p<190> c<188> l<30:58> el<30:60>
                                              n<rc> u<188> t<SIMPLE_IDENTIFIER> p<189> l<30:58> el<30:60>
                                      n<> u<197> t<Argument> p<198> c<196> l<30:62> el<30:63>
                                        n<> u<196> t<Expression> p<197> c<195> l<30:62> el<30:63>
                                          n<> u<195> t<Primary> p<196> c<194> l<30:62> el<30:63>
                                            n<> u<194> t<Primary_literal> p<195> c<193> l<30:62> el<30:63>
                                              n<s> u<193> t<SIMPLE_IDENTIFIER> p<194> l<30:62> el<30:63>
                                    n<> u<200> t<CLOSE_PARENS> p<201> l<30:63> el<30:64>
                          n<> u<206> t<END> p<207> l<31:1> el<31:4>
        n<> u<216> t<ENDMODULE> p<217> l<33:1> el<33:10>
AST_DEBUG_END
[INF:CP5804] $Source01/next.sv:16:1: Compile module "top".
[INF:CM5028] Using global timescale: "1ns/1ns".
[ERR:LN7705] $Source01/next.sv:27:14: Null Actual: id:55, type:MethodFuncCall, name:first, relation:vpiPathElem.
[ERR:LN7705] $Source01/next.sv:29:14: Null Actual: id:69, type:MethodFuncCall, name:next, relation:vpiPathElem.
====== HLDB =======
Design name:unnamed:
  vpiName: unnamed
  vpiSourceFile (1 items):
    SourceFile name:next.sv file:$Source01/next.sv:
      vpiParent: Design name:unnamed
      vpiName: next.sv
      vpiPreprocFile: "$Output/lib/work/next.sv"
  vpiAllModules (1 items):
    Module name:top file:$Source01/next.sv start:16:1 end:33:10:
      vpiParent: Design name:unnamed
      vpiName Identifier name:top start:16:8 end:16:11:
      vpiFullName: top
      vpiVariable (3 items):
        Variable name:map start:18:5 end:18:8:
          vpiParent: Module name:top
          vpiTypespec RefTypespec name:int [string] start:18:1 end:18:4:
            vpiParent: Variable name:map
            vpiName: int [string]
            vpiFullName: top.map.int [string]
            vpiActual: ArrayTypespec
          vpiName: map
          vpiFullName: top.map
        Variable name:s start:19:8 end:19:9:
          vpiParent: Module name:top
          vpiTypespec RefTypespec start:19:1 end:19:7:
            vpiParent: Variable name:s
            vpiFullName: top.s
            vpiActual: StringTypespec
          vpiName: s
          vpiFullName: top.s
        Variable name:rc start:20:5 end:20:7:
          vpiParent: Module name:top
          vpiTypespec RefTypespec start:20:1 end:20:4:
            vpiParent: Variable name:rc
            vpiFullName: top.rc
            vpiActual: IntTypespec
          vpiName: rc
          vpiFullName: top.rc
      vpiTypespec (1 items):
        ArrayTypespec:
          vpiParent: Module name:top
          vpiArrayType: associative (3)
          vpiIndexTypespec RefTypespec start:18:11 end:18:17:
            vpiParent: ArrayTypespec
            vpiFullName: top
            vpiActual: StringTypespec
          vpiElemTypespec RefTypespec start:18:1 end:18:4:
            vpiParent: ArrayTypespec
            vpiFullName: top
            vpiActual: IntTypespec
      vpiDefName: top
      vpiDefNetType: wire (1)
      vpiLibrary RefObj name:work start:16:8 end:16:11:
        vpiParent: Module name:top
        vpiName: work
        vpiFullName: top.work
      vpiCell: top
      vpiProcess (1 items):
        Initial start:22:1 end:31:4:
          vpiParent: Module name:top
          vpiStmt Begin start:22:9 end:31:4:
            vpiParent: Initial
            vpiFullName: top
            vpiStmt (7 items):
              Assignment start:23:5 end:23:23:
                vpiParent: Begin
                vpiBlocking: true
                "vpiLhs BitSelect name:map[\"hello\"] start:23:5 end:23:19":
                  vpiParent: Assignment
                  vpiName: map["hello"]
                  vpiFullName: top.map["hello"]
                  vpiPrefix RefObj name:map start:23:5 end:23:8:
                    vpiParent: "BitSelect name:map[\"hello\"]"
                    vpiName: map
                    vpiFullName: top.map
                    vpiActual: Variable name:map
                  vpiIndex Constant start:23:10 end:23:17:
                    vpiParent: "BitSelect name:map[\"hello\"]"
                    vpiTypespec RefTypespec:
                      vpiParent: Constant
                      vpiFullName: top.map["hello"]
                      vpiActual: StringTypespec
                    vpiConstType: string (6)
                    vpiSize: 40
                    vpiDecompile: "\"hello\""
                    vpiValue: hello
                vpiRhs Constant start:23:22 end:23:23:
                  vpiParent: Assignment
                  vpiTypespec RefTypespec:
                    vpiParent: Constant
                    vpiFullName: top
                    vpiActual: IntTypespec
                  vpiConstType: unsigned int (9)
                  vpiSize: 64
                  vpiDecompile: "1"
                  vpiValue: 1
              Assignment start:24:5 end:24:21:
                vpiParent: Begin
                vpiBlocking: true
                "vpiLhs BitSelect name:map[\"sad\"] start:24:5 end:24:17":
                  vpiParent: Assignment
                  vpiName: map["sad"]
                  vpiFullName: top.map["sad"]
                  vpiPrefix RefObj name:map start:24:5 end:24:8:
                    vpiParent: "BitSelect name:map[\"sad\"]"
                    vpiName: map
                    vpiFullName: top.map
                    vpiActual: Variable name:map
                  vpiIndex Constant start:24:10 end:24:15:
                    vpiParent: "BitSelect name:map[\"sad\"]"
                    vpiTypespec RefTypespec:
                      vpiParent: Constant
                      vpiFullName: top.map["sad"]
                      vpiActual: StringTypespec
                    vpiConstType: string (6)
                    vpiSize: 24
                    vpiDecompile: "\"sad\""
                    vpiValue: sad
                vpiRhs Constant start:24:20 end:24:21:
                  vpiParent: Assignment
                  vpiTypespec RefTypespec:
                    vpiParent: Constant
                    vpiFullName: top
                    vpiActual: IntTypespec
                  vpiConstType: unsigned int (9)
                  vpiSize: 64
                  vpiDecompile: "2"
                  vpiValue: 2
              Assignment start:25:5 end:25:23:
                vpiParent: Begin
                vpiBlocking: true
                "vpiLhs BitSelect name:map[\"world\"] start:25:5 end:25:19":
                  vpiParent: Assignment
                  vpiName: map["world"]
                  vpiFullName: top.map["world"]
                  vpiPrefix RefObj name:map start:25:5 end:25:8:
                    vpiParent: "BitSelect name:map[\"world\"]"
                    vpiName: map
                    vpiFullName: top.map
                    vpiActual: Variable name:map
                  vpiIndex Constant start:25:10 end:25:17:
                    vpiParent: "BitSelect name:map[\"world\"]"
                    vpiTypespec RefTypespec:
                      vpiParent: Constant
                      vpiFullName: top.map["world"]
                      vpiActual: StringTypespec
                    vpiConstType: string (6)
                    vpiSize: 40
                    vpiDecompile: "\"world\""
                    vpiValue: world
                vpiRhs Constant start:25:22 end:25:23:
                  vpiParent: Assignment
                  vpiTypespec RefTypespec:
                    vpiParent: Constant
                    vpiFullName: top
                    vpiActual: IntTypespec
                  vpiConstType: unsigned int (9)
                  vpiSize: 64
                  vpiDecompile: "3"
                  vpiValue: 3
              Assignment start:27:5 end:27:24:
                vpiParent: Begin
                vpiBlocking: true
                vpiLhs RefObj name:rc start:27:5 end:27:7:
                  vpiParent: Assignment
                  vpiName: rc
                  vpiFullName: top.rc
                  vpiActual: Variable name:rc
                vpiRhs RefObj name:map.first(s) start:27:10 end:27:24:
                  vpiParent: Assignment
                  vpiName: map.first(s)
                  vpiFullName: top.map.first(s)
                  vpiPathElem (2 items):
                    RefObj name:map start:27:10 end:27:13:
                      vpiParent: RefObj name:map.first(s)
                      vpiName: map
                      vpiFullName: top.map
                      vpiActual: Variable name:map
                    MethodFuncCall name:first start:27:14 end:27:24:
                      vpiParent: RefObj name:map.first(s)
                      vpiName Identifier name:first start:27:14 end:27:19:
                      vpiArgument (1 items):
                        RefObj name:s start:27:21 end:27:22:
                          vpiParent: MethodFuncCall name:first
                          vpiName: s
                          vpiFullName: top.map.first(s).s
                          vpiActual: Variable name:s
              SysTaskCall name:$display start:28:5 end:28:66:
                vpiParent: Begin
                vpiName Identifier name:$display start:28:5 end:28:13:
                vpiArgument (3 items):
                  Constant start:28:14 end:28:58:
                    vpiParent: SysTaskCall name:$display
                    vpiTypespec RefTypespec:
                      vpiParent: Constant
                      vpiFullName: top
                      vpiActual: StringTypespec
                    vpiConstType: string (6)
                    vpiSize: 336
                    vpiDecompile: "\":assert: ((%d == 1) and ('%s' == 'hello'))\""
                    vpiValue: ":assert: ((%d == 1) and ('%s' == 'hello'))"
                  RefObj name:rc start:28:60 end:28:62:
                    vpiParent: SysTaskCall name:$display
                    vpiName: rc
                    vpiFullName: top.rc
                    vpiActual: Variable name:rc
                  RefObj name:s start:28:64 end:28:65:
                    vpiParent: SysTaskCall name:$display
                    vpiName: s
                    vpiFullName: top.s
                    vpiActual: Variable name:s
              Assignment start:29:5 end:29:23:
                vpiParent: Begin
                vpiBlocking: true
                vpiLhs RefObj name:rc start:29:5 end:29:7:
                  vpiParent: Assignment
                  vpiName: rc
                  vpiFullName: top.rc
                  vpiActual: Variable name:rc
                vpiRhs RefObj name:map.next(s) start:29:10 end:29:23:
                  vpiParent: Assignment
                  vpiName: map.next(s)
                  vpiFullName: top.map.next(s)
                  vpiPathElem (2 items):
                    RefObj name:map start:29:10 end:29:13:
                      vpiParent: RefObj name:map.next(s)
                      vpiName: map
                      vpiFullName: top.map
                      vpiActual: Variable name:map
                    MethodFuncCall name:next start:29:14 end:29:23:
                      vpiParent: RefObj name:map.next(s)
                      vpiName Identifier name:next start:29:14 end:29:18:
                      vpiArgument (1 items):
                        RefObj name:s start:29:20 end:29:21:
                          vpiParent: MethodFuncCall name:next
                          vpiName: s
                          vpiFullName: top.map.next(s).s
                          vpiActual: Variable name:s
              SysTaskCall name:$display start:30:5 end:30:64:
                vpiParent: Begin
                vpiName Identifier name:$display start:30:5 end:30:13:
                vpiArgument (3 items):
                  Constant start:30:14 end:30:56:
                    vpiParent: SysTaskCall name:$display
                    vpiTypespec RefTypespec:
                      vpiParent: Constant
                      vpiFullName: top
                      vpiActual: StringTypespec
                    vpiConstType: string (6)
                    vpiSize: 320
                    vpiDecompile: "\":assert: ((%d == 1) and ('%s' == 'sad'))\""
                    vpiValue: ":assert: ((%d == 1) and ('%s' == 'sad'))"
                  RefObj name:rc start:30:58 end:30:60:
                    vpiParent: SysTaskCall name:$display
                    vpiName: rc
                    vpiFullName: top.rc
                    vpiActual: Variable name:rc
                  RefObj name:s start:30:62 end:30:63:
                    vpiParent: SysTaskCall name:$display
                    vpiName: s
                    vpiFullName: top.s
                    vpiActual: Variable name:s
  vpiTypespec (3 items):
    ModuleTypespec name:top:
      vpiParent: Design name:unnamed
      vpiName Identifier name:top start:16:8 end:16:11:
      vpiDefName: top
      vpiModule: Module name:top
    IntTypespec:
      vpiParent: Design name:unnamed
      vpiSigned: true
    StringTypespec:
      vpiParent: Design name:unnamed
  vpiLibrary (1 items):
    Library name:work:
      vpiParent: Design name:unnamed
      vpiName: work
===================
[  FATAL] : 0
[ SYNTAX] : 0
[  ERROR] : 2
[WARNING] : 0
[   NOTE] : 0
********************************************************************************
*                    End HLC SystemVerilog Compiler/Linter                     *
********************************************************************************

#**#**#**#**#**#**#**#**#**#**#**#**#**#**#**#**#**#**#**#**#**#**#**#**#**#**#**#**#**#**#**#**#**#**#**#**#**#**#**#**

Environment:
      test-name: Google/chapter-7/arrays/associative/methods/next
   test-dirpath: ${HLC_DIR}/regression/Google/chapter-7/arrays/associative/methods/next
  hldb-filepath: ${HLC_DIR}/regression/Google/chapter-7/arrays/associative/methods/next/design.hldb
mounts-filepath: ${HLC_DIR}/regression/Google/chapter-7/arrays/associative/methods/next/mounts.json


{'result': {'coverage': 100.0,
            'error_count': 0,
            'file_count': 1,
            'files': {'$Output/lib/work/next.sv': {'post_len': 0,
                                                   'pre_len': 290}},
            'post_len': 0,
            'pre_len': 290,
            'test_name': 'Google/chapter-7/arrays/associative/methods/next'}}

+--------------------------+----------+-----------+
| INPUT                    |   PRELEN |   POSTLEN |
+==========================+==========+===========+
| $Output/lib/work/next.sv |      290 |         0 |
+==========================+==========+===========+
|                          |      290 |         0 |
+--------------------------+----------+-----------+

[   ERROR] : 0
[COVERAGE] : 100.0


#**#**#**#**#**#**#**#**#**#**#**#**#**#**#**#**#**#**#**#**#**#**#**#**#**#**#**#**#**#**#**#**#**#**#**#**#**#**#**#**

COMMAND: ${HLC_DIR}/regression/Google/chapter-7/arrays/associative/methods/next/design.hldb ${HLC_DIR}/regression/Google/chapter-7/arrays/associative/methods/next/reduced.hldb

==================== BEGIN REDUCTION RESULT ====================
Name                            Before   After   Added   Removed
----------------------------------------------------------------
----------------------------------------------------------------
Others                              68      68       0         0
----------------------------------------------------------------
                                    68      68       0         0
===================== END REDUCTION RESULT =====================
