********************************************************************************
*                   Begin HLC SystemVerilog Compiler/Linter                    *
********************************************************************************
Copyright (c) 2020 Apotell,
http://www.apache.org/licenses/LICENSE-2.0
VERSION: 1.84
COMMAND: -wd ../../../../../tests/Sky130Cell -DUNIT_DELAY -writepp -nobuiltin -timescale=1ns/1ns -d ast -d db models/udp_dlatch_p/sky130_fd_sc_hd__udp_dlatch_p.v -mt 0 -d dbstats -d cache -writepp -d db -nostdout -o ${HLC_DIR}/regression/Sky130Cell/models/udp_dlatch_p/udp_dlatch_p
[INF:CM0023] Creating log file "$Output/hlc.log".
[INF:PP0122] Preprocessing source file "$Source01/models/udp_dlatch_p/sky130_fd_sc_hd__udp_dlatch_p.v".
[INF:PA0201] Parsing source file "$Source01/models/udp_dlatch_p/sky130_fd_sc_hd__udp_dlatch_p.v".
AST_DEBUG_BEGIN
Count: 114
LIB: work
FILE: f<16>:$Source01/models/udp_dlatch_p/sky130_fd_sc_hd__udp_dlatch_p.v
n<$Source01/models/udp_dlatch_p/sky130_fd_sc_hd__udp_dlatch_p.v> u<113> t<Top_level_rule> c<1> l<31:1> el<62:1>
  n<> u<1> t<Null_rule> p<113> s<2> l<31:1> el<31:1>
  n</**\n * Copyright 2020 The SkyWater PDK Authors\n *\n * Licensed under the Apache License, Version 2.0 (the "License");\n * you may not use this file except in compliance with the License.\n * You may obtain a copy of the License at\n *\n *     https://www.apache.org/licenses/LICENSE-2.0\n *\n * Unless required by applicable law or agreed to in writing, software\n * distributed under the License is distributed on an "AS IS" BASIS,\n * WITHOUT WARRANTIES OR CONDITIONS OF ANY KIND, either express or implied.\n * See the License for the specific language governing permissions and\n * limitations under the License.\n *\n * SPDX-License-Identifier: Apache-2.0\n */> u<2> t<BLOCK_COMMENT> p<113> s<3> l<31:1> el<60:22>
  n</**\n * udp_dlatch$P: D-latch, gated standard drive / active high\n *               (Q output UDP)\n *\n * Verilog primitive definition.\n *\n * WARNING: This file is autogenerated, do not modify directly!\n */> u<3> t<BLOCK_COMMENT> p<113> s<112> l<31:1> el<60:22>
  n<> u<112> t<Source_text> p<113> c<12> l<31:1> el<60:22>
    n<> u<12> t<Description> p<112> c<11> s<16> l<31:1> el<31:21>
      n<> u<11> t<Top_directives> p<12> c<10> l<31:1> el<31:21>
        n<> u<10> t<Timescale_directive> p<11> c<6> l<31:1> el<31:21>
          n<1ns> u<6> t<Time_literal> p<10> c<4> s<9> l<31:12> el<31:15>
            n<1> u<4> t<INTEGRAL_NUMBER> p<6> s<5> l<31:12> el<31:13>
            n<ns> u<5> t<SIMPLE_IDENTIFIER> p<6> l<31:13> el<31:15>
          n<1ps> u<9> t<Time_literal> p<10> c<7> l<31:18> el<31:21>
            n<1> u<7> t<INTEGRAL_NUMBER> p<9> s<8> l<31:18> el<31:19>
            n<ps> u<8> t<SIMPLE_IDENTIFIER> p<9> l<31:19> el<31:21>
    n<> u<16> t<Description> p<112> c<15> s<107> l<32:1> el<32:22>
      n<> u<15> t<Top_directives> p<16> c<14> l<32:1> el<32:22>
        n<> u<14> t<Default_nettype_directive> p<15> c<13> l<32:1> el<32:22>
          n<> u<13> t<NONE> p<14> l<32:18> el<32:22>
    n<> u<107> t<Description> p<112> c<106> s<111> l<37:1> el<57:13>
      n<> u<106> t<Udp_declaration> p<107> c<23> l<37:1> el<57:13>
        n<> u<23> t<Udp_nonansi_declaration> p<106> c<17> s<26> l<37:1> el<41:3>
          n<> u<17> t<PRIMITIVE> p<23> s<18> l<37:1> el<37:10>
          n<sky130_fd_sc_hd__udp_dlatch$P> u<18> t<SIMPLE_IDENTIFIER> p<23> s<22> l<37:11> el<37:40>
          n<> u<22> t<Udp_port_list> p<23> c<19> l<38:5> el<40:9>
            n<Q> u<19> t<SIMPLE_IDENTIFIER> p<22> s<20> l<38:5> el<38:6>
            n<D> u<20> t<SIMPLE_IDENTIFIER> p<22> s<21> l<39:5> el<39:6>
            n<GATE> u<21> t<SIMPLE_IDENTIFIER> p<22> l<40:5> el<40:9>
        n<> u<26> t<Udp_port_declaration> p<106> c<25> s<30> l<43:5> el<43:17>
          n<> u<25> t<Udp_output_declaration> p<26> c<24> l<43:5> el<43:13>
            n<Q> u<24> t<SIMPLE_IDENTIFIER> p<25> l<43:12> el<43:13>
        n<> u<30> t<Udp_port_declaration> p<106> c<29> s<34> l<44:5> el<44:17>
          n<> u<29> t<Udp_input_declaration> p<30> c<28> l<44:5> el<44:13>
            n<> u<28> t<Identifier_list> p<29> c<27> l<44:12> el<44:13>
              n<D> u<27> t<SIMPLE_IDENTIFIER> p<28> l<44:12> el<44:13>
        n<> u<34> t<Udp_port_declaration> p<106> c<33> s<37> l<45:5> el<45:17>
          n<> u<33> t<Udp_input_declaration> p<34> c<32> l<45:5> el<45:16>
            n<> u<32> t<Identifier_list> p<33> c<31> l<45:12> el<45:16>
              n<GATE> u<31> t<SIMPLE_IDENTIFIER> p<32> l<45:12> el<45:16>
        n<> u<37> t<Udp_port_declaration> p<106> c<36> s<104> l<47:5> el<47:11>
          n<> u<36> t<Udp_reg_declaration> p<37> c<35> l<47:5> el<47:10>
            n<Q> u<35> t<SIMPLE_IDENTIFIER> p<36> l<47:9> el<47:10>
        n<> u<104> t<Udp_body> p<106> c<38> s<105> l<49:5> el<56:13>
          n<//  D  GATE :  Qt : Qt+1> u<38> t<LINE_COMMENT> p<104> s<103> l<50:6> el<50:30>
          n<> u<103> t<Sequential_body> p<104> c<48> l<49:5> el<56:13>
            n<> u<48> t<Sequential_entry> p<103> c<44> s<49> l<51:10> el<51:33>
              n<> u<44> t<Seq_input_list> p<48> c<43> s<46> l<51:10> el<51:15>
                n<> u<43> t<Level_input_list> p<44> c<40> l<51:10> el<51:15>
                  n<> u<40> t<Level_symbol> p<43> c<39> s<42> l<51:10> el<51:11>
                    n<> u<39> t<QMARK> p<40> l<51:10> el<51:11>
                  n<> u<42> t<Level_symbol> p<43> c<41> l<51:14> el<51:15>
                    n<0> u<41> t<INTEGRAL_NUMBER> p<42> l<51:14> el<51:15>
              n<> u<46> t<Level_symbol> p<48> c<45> s<47> l<51:21> el<51:22>
                n<> u<45> t<QMARK> p<46> l<51:21> el<51:22>
              n<> u<47> t<Next_state> p<48> l<51:27> el<51:28>
            n<// hold> u<49> t<LINE_COMMENT> p<103> s<61> l<51:34> el<51:41>
            n<> u<61> t<Sequential_entry> p<103> c<55> s<62> l<52:10> el<52:33>
              n<> u<55> t<Seq_input_list> p<61> c<54> s<57> l<52:10> el<52:15>
                n<> u<54> t<Level_input_list> p<55> c<51> l<52:10> el<52:15>
                  n<> u<51> t<Level_symbol> p<54> c<50> s<53> l<52:10> el<52:11>
                    n<0> u<50> t<INTEGRAL_NUMBER> p<51> l<52:10> el<52:11>
                  n<> u<53> t<Level_symbol> p<54> c<52> l<52:14> el<52:15>
                    n<1> u<52> t<INTEGRAL_NUMBER> p<53> l<52:14> el<52:15>
              n<> u<57> t<Level_symbol> p<61> c<56> s<60> l<52:21> el<52:22>
                n<> u<56> t<QMARK> p<57> l<52:21> el<52:22>
              n<> u<60> t<Next_state> p<61> c<59> l<52:27> el<52:28>
                n<> u<59> t<Output_symbol> p<60> c<58> l<52:27> el<52:28>
                  n<0> u<58> t<INTEGRAL_NUMBER> p<59> l<52:27> el<52:28>
            n<// pass 0> u<62> t<LINE_COMMENT> p<103> s<74> l<52:34> el<52:43>
            n<> u<74> t<Sequential_entry> p<103> c<68> s<75> l<53:10> el<53:33>
              n<> u<68> t<Seq_input_list> p<74> c<67> s<70> l<53:10> el<53:15>
                n<> u<67> t<Level_input_list> p<68> c<64> l<53:10> el<53:15>
                  n<> u<64> t<Level_symbol> p<67> c<63> s<66> l<53:10> el<53:11>
                    n<1> u<63> t<INTEGRAL_NUMBER> p<64> l<53:10> el<53:11>
                  n<> u<66> t<Level_symbol> p<67> c<65> l<53:14> el<53:15>
                    n<1> u<65> t<INTEGRAL_NUMBER> p<66> l<53:14> el<53:15>
              n<> u<70> t<Level_symbol> p<74> c<69> s<73> l<53:21> el<53:22>
                n<> u<69> t<QMARK> p<70> l<53:21> el<53:22>
              n<> u<73> t<Next_state> p<74> c<72> l<53:27> el<53:28>
                n<> u<72> t<Output_symbol> p<73> c<71> l<53:27> el<53:28>
                  n<1> u<71> t<INTEGRAL_NUMBER> p<72> l<53:27> el<53:28>
            n<// pass 1> u<75> t<LINE_COMMENT> p<103> s<87> l<53:34> el<53:43>
            n<> u<87> t<Sequential_entry> p<103> c<81> s<88> l<54:10> el<54:33>
              n<> u<81> t<Seq_input_list> p<87> c<80> s<83> l<54:10> el<54:15>
                n<> u<80> t<Level_input_list> p<81> c<77> l<54:10> el<54:15>
                  n<> u<77> t<Level_symbol> p<80> c<76> s<79> l<54:10> el<54:11>
                    n<0> u<76> t<INTEGRAL_NUMBER> p<77> l<54:10> el<54:11>
                  n<> u<79> t<Level_symbol> p<80> c<78> l<54:14> el<54:15>
                    n<x> u<78> t<SIMPLE_IDENTIFIER> p<79> l<54:14> el<54:15>
              n<> u<83> t<Level_symbol> p<87> c<82> s<86> l<54:21> el<54:22>
                n<0> u<82> t<INTEGRAL_NUMBER> p<83> l<54:21> el<54:22>
              n<> u<86> t<Next_state> p<87> c<85> l<54:27> el<54:28>
                n<> u<85> t<Output_symbol> p<86> c<84> l<54:27> el<54:28>
                  n<0> u<84> t<INTEGRAL_NUMBER> p<85> l<54:27> el<54:28>
            n<// reduce pessimism> u<88> t<LINE_COMMENT> p<103> s<100> l<54:34> el<54:53>
            n<> u<100> t<Sequential_entry> p<103> c<94> s<101> l<55:10> el<55:33>
              n<> u<94> t<Seq_input_list> p<100> c<93> s<96> l<55:10> el<55:15>
                n<> u<93> t<Level_input_list> p<94> c<90> l<55:10> el<55:15>
                  n<> u<90> t<Level_symbol> p<93> c<89> s<92> l<55:10> el<55:11>
                    n<1> u<89> t<INTEGRAL_NUMBER> p<90> l<55:10> el<55:11>
                  n<> u<92> t<Level_symbol> p<93> c<91> l<55:14> el<55:15>
                    n<x> u<91> t<SIMPLE_IDENTIFIER> p<92> l<55:14> el<55:15>
              n<> u<96> t<Level_symbol> p<100> c<95> s<99> l<55:21> el<55:22>
                n<1> u<95> t<INTEGRAL_NUMBER> p<96> l<55:21> el<55:22>
              n<> u<99> t<Next_state> p<100> c<98> l<55:27> el<55:28>
                n<> u<98> t<Output_symbol> p<99> c<97> l<55:27> el<55:28>
                  n<1> u<97> t<INTEGRAL_NUMBER> p<98> l<55:27> el<55:28>
            n<// reduce pessimism> u<101> t<LINE_COMMENT> p<103> s<102> l<55:34> el<55:53>
            n<> u<102> t<ENDTABLE> p<103> l<56:5> el<56:13>
        n<> u<105> t<ENDPRIMITIVE> p<106> l<57:1> el<57:13>
    n<> u<111> t<Description> p<112> c<110> l<60:1> el<60:22>
      n<> u<110> t<Top_directives> p<111> c<109> l<60:1> el<60:22>
        n<> u<109> t<Default_nettype_directive> p<110> c<108> l<60:1> el<60:22>
          n<> u<108> t<WIRE> p<109> l<60:18> el<60:22>
AST_DEBUG_END
[INF:CP0305] $Source01/models/udp_dlatch_p/sky130_fd_sc_hd__udp_dlatch_p.v:37:11: Compile udp "sky130_fd_sc_hd__udp_dlatch$P".
[INF:CM0029] Using global timescale: "1ns/1ns".
====== HLDB =======
Design name:unnamed:
  vpiName: unnamed
  vpiSourceFile (1 items):
    SourceFile name:sky130_fd_sc_hd__udp_dlatch_p.v file:$Source01/models/udp_dlatch_p/sky130_fd_sc_hd__udp_dlatch_p.v:
      vpiParent: Design name:unnamed
      vpiName: sky130_fd_sc_hd__udp_dlatch_p.v
      vpiPreprocFile: "$Output/lib/work/models/udp_dlatch_p/sky130_fd_sc_hd__udp_dlatch_p.v"
      vpiPreprocMacroDefinition (1 items):
        PreprocMacroDefinition name:SKY130_FD_SC_HD__UDP_DLATCH_P_V start:20:1 end:21:1:
          vpiParent: SourceFile name:sky130_fd_sc_hd__udp_dlatch_p.v
          vpiName Identifier name:SKY130_FD_SC_HD__UDP_DLATCH_P_V start:20:9 end:20:40:
            vpiParent: PreprocMacroDefinition name:SKY130_FD_SC_HD__UDP_DLATCH_P_V
            vpiName: SKY130_FD_SC_HD__UDP_DLATCH_P_V
          vpiPMDType: define (1)
      vpiTimePrecision: -12
      vpiTimeUnit: -9
      vpiDirective (2 items):
        GenericDirective start:32:1 end:32:22:
          vpiParent: SourceFile name:sky130_fd_sc_hd__udp_dlatch_p.v
          vpiDirectiveType: default_nettype (6)
          vpiValue Constant start:32:18 end:32:22:
            vpiParent: GenericDirective
            vpiTypespec RefTypespec:
              vpiParent: Constant
              vpiFullName: sky130_fd_sc_hd__udp_dlatch_p.v
              vpiActual: IntTypespec
            vpiDecompile: "12"
        GenericDirective start:60:1 end:60:22:
          vpiParent: SourceFile name:sky130_fd_sc_hd__udp_dlatch_p.v
          vpiDirectiveType: default_nettype (6)
          vpiValue Constant start:60:18 end:60:22:
            vpiParent: GenericDirective
            vpiTypespec RefTypespec:
              vpiParent: Constant
              vpiFullName: sky130_fd_sc_hd__udp_dlatch_p.v
              vpiActual: IntTypespec
            vpiDecompile: "1"
  vpiAllUdps (1 items):
    UdpDefn name:sky130_fd_sc_hd__udp_dlatch$P start:37:1 end:57:13:
      vpiParent: Design name:unnamed
      vpiName Identifier name:sky130_fd_sc_hd__udp_dlatch$P start:37:11 end:37:40:
        vpiParent: UdpDefn name:sky130_fd_sc_hd__udp_dlatch$P
        vpiName: sky130_fd_sc_hd__udp_dlatch$P
      vpiFullName: sky130_fd_sc_hd__udp_dlatch$P
      vpiTypespec (1 items):
        LogicTypespec:
          vpiParent: UdpDefn name:sky130_fd_sc_hd__udp_dlatch$P
      vpiIODecl (3 items):
        IODecl name:Q start:38:5 end:38:6:
          vpiParent: UdpDefn name:sky130_fd_sc_hd__udp_dlatch$P
          vpiName: Q
          vpiDirection: output (2)
          vpiExpr Variable name:Q start:43:12 end:43:13:
            vpiParent: IODecl name:Q
            vpiTypespec RefTypespec:
              vpiParent: Variable name:Q
              vpiFullName: sky130_fd_sc_hd__udp_dlatch$P.Q.Q
              vpiActual: LogicTypespec
            vpiName: Q
            vpiFullName: sky130_fd_sc_hd__udp_dlatch$P.Q.Q
          vpiTypespec RefTypespec:
            vpiParent: IODecl name:Q
            vpiFullName: sky130_fd_sc_hd__udp_dlatch$P.Q
            vpiActual: LogicTypespec
        IODecl name:D start:39:5 end:39:6:
          vpiParent: UdpDefn name:sky130_fd_sc_hd__udp_dlatch$P
          vpiName: D
          vpiDirection: input (1)
          vpiExpr Variable name:D start:44:12 end:44:13:
            vpiParent: IODecl name:D
            vpiName: D
            vpiFullName: sky130_fd_sc_hd__udp_dlatch$P.D.D
        IODecl name:GATE start:40:5 end:40:9:
          vpiParent: UdpDefn name:sky130_fd_sc_hd__udp_dlatch$P
          vpiName: GATE
          vpiDirection: input (1)
          vpiExpr Variable name:GATE start:45:12 end:45:16:
            vpiParent: IODecl name:GATE
            vpiName: GATE
            vpiFullName: sky130_fd_sc_hd__udp_dlatch$P.GATE.GATE
      vpiTableEntry (5 items):
        TableEntry start:51:10 end:51:33:
          vpiParent: UdpDefn name:sky130_fd_sc_hd__udp_dlatch$P
          vpiValue Constant start:51:10 end:51:33:
            vpiParent: TableEntry
            vpiTypespec RefTypespec:
              vpiParent: Constant
              vpiFullName: sky130_fd_sc_hd__udp_dlatch$P
              vpiActual: StringTypespec
            vpiConstType: string (6)
            vpiSize: 2
            vpiDecompile: "? 0 : ? : -"
            vpiValue: "? 0 : ? : -"
        TableEntry start:52:10 end:52:33:
          vpiParent: UdpDefn name:sky130_fd_sc_hd__udp_dlatch$P
          vpiValue Constant start:52:10 end:52:33:
            vpiParent: TableEntry
            vpiTypespec RefTypespec:
              vpiParent: Constant
              vpiFullName: sky130_fd_sc_hd__udp_dlatch$P
              vpiActual: StringTypespec
            vpiConstType: string (6)
            vpiSize: 2
            vpiDecompile: "0 1 : ? : 0"
            vpiValue: "0 1 : ? : 0"
        TableEntry start:53:10 end:53:33:
          vpiParent: UdpDefn name:sky130_fd_sc_hd__udp_dlatch$P
          vpiValue Constant start:53:10 end:53:33:
            vpiParent: TableEntry
            vpiTypespec RefTypespec:
              vpiParent: Constant
              vpiFullName: sky130_fd_sc_hd__udp_dlatch$P
              vpiActual: StringTypespec
            vpiConstType: string (6)
            vpiSize: 2
            vpiDecompile: "1 1 : ? : 1"
            vpiValue: "1 1 : ? : 1"
        TableEntry start:54:10 end:54:33:
          vpiParent: UdpDefn name:sky130_fd_sc_hd__udp_dlatch$P
          vpiValue Constant start:54:10 end:54:33:
            vpiParent: TableEntry
            vpiTypespec RefTypespec:
              vpiParent: Constant
              vpiFullName: sky130_fd_sc_hd__udp_dlatch$P
              vpiActual: StringTypespec
            vpiConstType: string (6)
            vpiSize: 2
            vpiDecompile: "0 x : 0 : 0"
            vpiValue: "0 x : 0 : 0"
        TableEntry start:55:10 end:55:33:
          vpiParent: UdpDefn name:sky130_fd_sc_hd__udp_dlatch$P
          vpiValue Constant start:55:10 end:55:33:
            vpiParent: TableEntry
            vpiTypespec RefTypespec:
              vpiParent: Constant
              vpiFullName: sky130_fd_sc_hd__udp_dlatch$P
              vpiActual: StringTypespec
            vpiConstType: string (6)
            vpiSize: 2
            vpiDecompile: "1 x : 1 : 1"
            vpiValue: "1 x : 1 : 1"
  vpiTypespec (3 items):
    IntTypespec:
      vpiParent: Design name:unnamed
    UdpDefnTypespec name:sky130_fd_sc_hd__udp_dlatch$P:
      vpiParent: Design name:unnamed
      vpiName: sky130_fd_sc_hd__udp_dlatch$P
    StringTypespec:
      vpiParent: Design name:unnamed
===================
[  FATAL] : 0
[ SYNTAX] : 0
[  ERROR] : 0
[WARNING] : 0
[   NOTE] : 0
********************************************************************************
*                    End HLC SystemVerilog Compiler/Linter                     *
********************************************************************************

#**#**#**#**#**#**#**#**#**#**#**#**#**#**#**#**#**#**#**#**#**#**#**#**#**#**#**#**#**#**#**#**#**#**#**#**#**#**#**#**

Environment:
      test-name: Sky130Cell/models/udp_dlatch_p/udp_dlatch_p
   test-dirpath: ${HLC_DIR}/regression/Sky130Cell/models/udp_dlatch_p/udp_dlatch_p
  hldb-filepath: ${HLC_DIR}/regression/Sky130Cell/models/udp_dlatch_p/udp_dlatch_p/design.hldb
mounts-filepath: ${HLC_DIR}/regression/Sky130Cell/models/udp_dlatch_p/udp_dlatch_p/mounts.json


{'result': {'coverage': 93.69,
            'error_count': 0,
            'file_count': 1,
            'files': {'$Output/lib/work/models/udp_dlatch_p/sky130_fd_sc_hd__udp_dlatch_p.v': {'post_len': 19,
                                                                                               'pre_len': 301}},
            'post_len': 19,
            'pre_len': 301,
            'test_name': 'Sky130Cell/models/udp_dlatch_p/udp_dlatch_p'}}

+----------------------------------------------------------------------+----------+-----------+
| INPUT                                                                |   PRELEN |   POSTLEN |
+======================================================================+==========+===========+
| $Output/lib/work/models/udp_dlatch_p/sky130_fd_sc_hd__udp_dlatch_p.v |      301 |        19 |
+======================================================================+==========+===========+
|                                                                      |      301 |        19 |
+----------------------------------------------------------------------+----------+-----------+

[   ERROR] : 0
[COVERAGE] : 93.69


#**#**#**#**#**#**#**#**#**#**#**#**#**#**#**#**#**#**#**#**#**#**#**#**#**#**#**#**#**#**#**#**#**#**#**#**#**#**#**#**

COMMAND: ${HLC_DIR}/regression/Sky130Cell/models/udp_dlatch_p/udp_dlatch_p/design.hldb ${HLC_DIR}/regression/Sky130Cell/models/udp_dlatch_p/udp_dlatch_p/reduced.hldb

==================== BEGIN REDUCTION RESULT ====================
Name                            Before   After   Added   Removed
----------------------------------------------------------------
----------------------------------------------------------------
Others                              39      39       0         0
----------------------------------------------------------------
                                    39      39       0         0
===================== END REDUCTION RESULT =====================
