********************************************************************************
*                   Begin HLC SystemVerilog Compiler/Linter                    *
********************************************************************************
Copyright (c) 2020 Apotell,
http://www.apache.org/licenses/LICENSE-2.0
VERSION: 1.84
COMMAND: -wd ../../../tests/UnitForLoop +incdir+. -fileunit -writepp -d inst top.v -d ast -nobuiltin -nocache -d db -wd ${HLC_DIR}/third_party/UVM +incdir+uvm-1.2/src -mt 0 -d dbstats -d cache -writepp -d db -nostdout -o ${HLC_DIR}/regression/UnitForLoop/UnitForLoop
[INF:CM5022] Creating log file "$Output/hlc.log".
[INF:CM5019] Separate compilation-unit mode is on.
[INF:PP5223] Preprocessing source file "$Source01/top.v".
[INF:PA5502] Parsing source file "$Source01/top.v".
AST_DEBUG_BEGIN
Count: 312
LIB: work
FILE<0>:$Source01/top.v
n<$Source01/top.v> u<311> t<Top_level_rule> c<1> l<1:1> el<29:9>
  n<> u<1> t<Null_rule> p<311> s<310> l<1:1>
  n<> u<310> t<Source_text> p<311> c<309> l<1:1> el<29:9>
    n<> u<309> t<Description> p<310> c<308> l<1:1> el<29:9>
      n<> u<308> t<Package_item> p<309> c<307> l<1:1> el<29:9>
        n<> u<307> t<Package_or_generate_item_declaration> p<308> c<306> l<1:1> el<29:9>
          n<> u<306> t<Class_declaration> p<307> c<304> l<1:1> el<29:9>
            n<> u<304> t<CLASS> p<306> s<2> l<1:1> el<1:6>
            n<top> u<2> t<SIMPLE_IDENTIFIER> p<306> s<20> l<1:7> el<1:10>
            n<> u<20> t<Class_item> p<306> c<19> s<303> l<3:1> el<4:12>
              n<> u<19> t<Class_method> p<20> c<18> l<3:1> el<4:12>
                n<> u<18> t<Function_declaration> p<19> c<17> l<3:1> el<4:12>
                  n<> u<17> t<Function_body_declaration> p<18> c<3> l<3:10> el<4:12>
                    n<> u<3> t<Function_data_type_or_implicit> p<17> s<4> l<3:10> el<3:10>
                    n<f2> u<4> t<SIMPLE_IDENTIFIER> p<17> s<15> l<3:10> el<3:12>
                    n<> u<15> t<Tf_port_item_list> p<17> c<9> s<16> l<3:13> el<3:27>
                      n<> u<9> t<Tf_port_item> p<15> c<7> s<14> l<3:14> el<3:19>
                        n<> u<7> t<Data_type_or_implicit> p<9> c<6> s<8> l<3:14> el<3:17>
                          n<> u<6> t<Data_type> p<7> c<5> l<3:14> el<3:17>
                            n<> u<5> t<INT> p<6> l<3:14> el<3:17>
                        n<i> u<8> t<SIMPLE_IDENTIFIER> p<9> l<3:18> el<3:19>
                      n<> u<14> t<Tf_port_item> p<15> c<12> l<3:21> el<3:26>
                        n<> u<12> t<Data_type_or_implicit> p<14> c<11> s<13> l<3:21> el<3:24>
                          n<> u<11> t<Data_type> p<12> c<10> l<3:21> el<3:24>
                            n<> u<10> t<INT> p<11> l<3:21> el<3:24>
                        n<j> u<13> t<SIMPLE_IDENTIFIER> p<14> l<3:25> el<3:26>
                    n<> u<16> t<ENDFUNCTION> p<17> l<4:1> el<4:12>
            n<> u<303> t<Class_item> p<306> c<302> s<305> l<7:1> el<27:12>
              n<> u<302> t<Class_method> p<303> c<301> l<7:1> el<27:12>
                n<> u<301> t<Function_declaration> p<302> c<300> l<7:1> el<27:12>
                  n<> u<300> t<Function_body_declaration> p<301> c<21> l<7:10> el<27:12>
                    n<> u<21> t<Function_data_type_or_implicit> p<300> s<22> l<7:10> el<7:10>
                    n<f1> u<22> t<SIMPLE_IDENTIFIER> p<300> s<23> l<7:10> el<7:12>
                    n<> u<23> t<Tf_port_item_list> p<300> s<110> l<7:12> el<7:14>
                    n<> u<110> t<Function_statement_or_null> p<300> c<109> s<187> l<8:4> el<11:7>
                      n<> u<109> t<Statement> p<110> c<108> l<8:4> el<11:7>
                        n<> u<108> t<Statement_item> p<109> c<107> l<8:4> el<11:7>
                          n<> u<107> t<Loop_statement> p<108> c<106> l<8:4> el<11:7>
                            n<> u<106> t<FOR> p<107> s<37> l<8:4> el<8:7>
                            n<> u<37> t<For_initialization> p<107> c<36> s<47> l<8:10> el<8:21>
                              n<> u<36> t<For_variable_declaration> p<37> c<25> l<8:10> el<8:21>
                                n<> u<25> t<Data_type> p<36> c<24> s<26> l<8:10> el<8:13>
                                  n<> u<24> t<INT> p<25> l<8:10> el<8:13>
                                n<j> u<26> t<SIMPLE_IDENTIFIER> p<36> s<30> l<8:14> el<8:15>
                                n<> u<30> t<Expression> p<36> c<29> s<31> l<8:16> el<8:17>
                                  n<> u<29> t<Primary> p<30> c<28> l<8:16> el<8:17>
                                    n<> u<28> t<Primary_literal> p<29> c<27> l<8:16> el<8:17>
                                      n<0> u<27> t<INTEGRAL_NUMBER> p<28> l<8:16> el<8:17>
                                n<i> u<31> t<SIMPLE_IDENTIFIER> p<36> s<35> l<8:18> el<8:19>
                                n<> u<35> t<Expression> p<36> c<34> l<8:20> el<8:21>
                                  n<> u<34> t<Primary> p<35> c<33> l<8:20> el<8:21>
                                    n<> u<33> t<Primary_literal> p<34> c<32> l<8:20> el<8:21>
                                      n<4> u<32> t<INTEGRAL_NUMBER> p<33> l<8:20> el<8:21>
                            n<> u<47> t<Expression> p<107> c<41> s<64> l<8:22> el<8:25>
                              n<> u<41> t<Expression> p<47> c<40> s<46> l<8:22> el<8:23>
                                n<> u<40> t<Primary> p<41> c<39> l<8:22> el<8:23>
                                  n<> u<39> t<Primary_literal> p<40> c<38> l<8:22> el<8:23>
                                    n<j> u<38> t<SIMPLE_IDENTIFIER> p<39> l<8:22> el<8:23>
                              n<> u<46> t<LESS> p<47> s<45> l<8:23> el<8:24>
                              n<> u<45> t<Expression> p<47> c<44> l<8:24> el<8:25>
                                n<> u<44> t<Primary> p<45> c<43> l<8:24> el<8:25>
                                  n<> u<43> t<Primary_literal> p<44> c<42> l<8:24> el<8:25>
                                    n<8> u<42> t<INTEGRAL_NUMBER> p<43> l<8:24> el<8:25>
                            n<> u<64> t<For_step> p<107> c<55> s<105> l<8:26> el<8:34>
                              n<> u<55> t<For_step_assignment> p<64> c<54> s<63> l<8:26> el<8:29>
                                n<> u<54> t<Inc_or_dec_expression> p<55> c<52> l<8:26> el<8:29>
                                  n<> u<52> t<Variable_lvalue> p<54> c<49> s<53> l<8:26> el<8:27>
                                    n<> u<49> t<Ps_or_hierarchical_identifier> p<52> c<48> s<51> l<8:26> el<8:27>
                                      n<j> u<48> t<SIMPLE_IDENTIFIER> p<49> l<8:26> el<8:27>
                                    n<> u<51> t<Select> p<52> c<50> l<8:27> el<8:27>
                                      n<> u<50> t<Bit_select> p<51> l<8:27> el<8:27>
                                  n<> u<53> t<PLUSPLUS> p<54> l<8:27> el<8:29>
                              n<> u<63> t<For_step_assignment> p<64> c<62> l<8:31> el<8:34>
                                n<> u<62> t<Inc_or_dec_expression> p<63> c<60> l<8:31> el<8:34>
                                  n<> u<60> t<Variable_lvalue> p<62> c<57> s<61> l<8:31> el<8:32>
                                    n<> u<57> t<Ps_or_hierarchical_identifier> p<60> c<56> s<59> l<8:31> el<8:32>
                                      n<i> u<56> t<SIMPLE_IDENTIFIER> p<57> l<8:31> el<8:32>
                                    n<> u<59> t<Select> p<60> c<58> l<8:32> el<8:32>
                                      n<> u<58> t<Bit_select> p<59> l<8:32> el<8:32>
                                  n<> u<61> t<PLUSPLUS> p<62> l<8:32> el<8:34>
                            n<> u<105> t<Statement_or_null> p<107> c<104> l<8:36> el<11:7>
                              n<> u<104> t<Statement> p<105> c<103> l<8:36> el<11:7>
                                n<> u<103> t<Statement_item> p<104> c<102> l<8:36> el<11:7>
                                  n<> u<102> t<Seq_block> p<103> c<82> l<8:36> el<11:7>
                                    n<> u<82> t<Statement_or_null> p<102> c<81> s<100> l<9:7> el<9:15>
                                      n<> u<81> t<Statement> p<82> c<80> l<9:7> el<9:15>
                                        n<> u<80> t<Statement_item> p<81> c<79> l<9:7> el<9:15>
                                          n<> u<79> t<Subroutine_call_statement> p<80> c<78> l<9:7> el<9:15>
                                            n<> u<78> t<Subroutine_call> p<79> c<65> l<9:7> el<9:14>
                                              n<f2> u<65> t<SIMPLE_IDENTIFIER> p<78> s<76> l<9:7> el<9:9>
                                              n<> u<76> t<OPEN_PARENS> p<78> s<75> l<9:9> el<9:10>
                                              n<> u<75> t<Argument_list> p<78> c<69> s<77> l<9:10> el<9:13>
                                                n<> u<69> t<Expression> p<75> c<68> s<74> l<9:10> el<9:11>
                                                  n<> u<68> t<Primary> p<69> c<67> l<9:10> el<9:11>
                                                    n<> u<67> t<Primary_literal> p<68> c<66> l<9:10> el<9:11>
                                                      n<i> u<66> t<SIMPLE_IDENTIFIER> p<67> l<9:10> el<9:11>
                                                n<> u<74> t<Argument> p<75> c<73> l<9:12> el<9:13>
                                                  n<> u<73> t<Expression> p<74> c<72> l<9:12> el<9:13>
                                                    n<> u<72> t<Primary> p<73> c<71> l<9:12> el<9:13>
                                                      n<> u<71> t<Primary_literal> p<72> c<70> l<9:12> el<9:13>
                                                        n<j> u<70> t<SIMPLE_IDENTIFIER> p<71> l<9:12> el<9:13>
                                              n<> u<77> t<CLOSE_PARENS> p<78> l<9:13> el<9:14>
                                    n<> u<100> t<Statement_or_null> p<102> c<99> s<101> l<10:1> el<10:9>
                                      n<> u<99> t<Statement> p<100> c<98> l<10:1> el<10:9>
                                        n<> u<98> t<Statement_item> p<99> c<97> l<10:1> el<10:9>
                                          n<> u<97> t<Subroutine_call_statement> p<98> c<96> l<10:1> el<10:9>
                                            n<> u<96> t<Subroutine_call> p<97> c<83> l<10:1> el<10:8>
                                              n<f3> u<83> t<SIMPLE_IDENTIFIER> p<96> s<94> l<10:1> el<10:3>
                                              n<> u<94> t<OPEN_PARENS> p<96> s<93> l<10:3> el<10:4>
                                              n<> u<93> t<Argument_list> p<96> c<87> s<95> l<10:4> el<10:7>
                                                n<> u<87> t<Expression> p<93> c<86> s<92> l<10:4> el<10:5>
                                                  n<> u<86> t<Primary> p<87> c<85> l<10:4> el<10:5>
                                                    n<> u<85> t<Primary_literal> p<86> c<84> l<10:4> el<10:5>
                                                      n<i> u<84> t<SIMPLE_IDENTIFIER> p<85> l<10:4> el<10:5>
                                                n<> u<92> t<Argument> p<93> c<91> l<10:6> el<10:7>
                                                  n<> u<91> t<Expression> p<92> c<90> l<10:6> el<10:7>
                                                    n<> u<90> t<Primary> p<91> c<89> l<10:6> el<10:7>
                                                      n<> u<89> t<Primary_literal> p<90> c<88> l<10:6> el<10:7>
                                                        n<j> u<88> t<SIMPLE_IDENTIFIER> p<89> l<10:6> el<10:7>
                                              n<> u<95> t<CLOSE_PARENS> p<96> l<10:7> el<10:8>
                                    n<> u<101> t<END> p<102> l<11:4> el<11:7>
                    n<> u<187> t<Function_statement_or_null> p<300> c<186> s<252> l<12:3> el<15:7>
                      n<> u<186> t<Statement> p<187> c<185> l<12:3> el<15:7>
                        n<> u<185> t<Statement_item> p<186> c<184> l<12:3> el<15:7>
                          n<> u<184> t<Loop_statement> p<185> c<183> l<12:3> el<15:7>
                            n<> u<183> t<FOR> p<184> s<124> l<12:3> el<12:6>
                            n<> u<124> t<For_initialization> p<184> c<123> s<141> l<12:9> el<12:22>
                              n<> u<123> t<For_variable_declaration> p<124> c<112> l<12:9> el<12:22>
                                n<> u<112> t<Data_type> p<123> c<111> s<113> l<12:9> el<12:12>
                                  n<> u<111> t<INT> p<112> l<12:9> el<12:12>
                                n<j> u<113> t<SIMPLE_IDENTIFIER> p<123> s<117> l<12:13> el<12:14>
                                n<> u<117> t<Expression> p<123> c<116> s<118> l<12:15> el<12:16>
                                  n<> u<116> t<Primary> p<117> c<115> l<12:15> el<12:16>
                                    n<> u<115> t<Primary_literal> p<116> c<114> l<12:15> el<12:16>
                                      n<0> u<114> t<INTEGRAL_NUMBER> p<115> l<12:15> el<12:16>
                                n<i> u<118> t<SIMPLE_IDENTIFIER> p<123> s<122> l<12:17> el<12:18>
                                n<> u<122> t<Expression> p<123> c<121> l<12:21> el<12:22>
                                  n<> u<121> t<Primary> p<122> c<120> l<12:21> el<12:22>
                                    n<> u<120> t<Primary_literal> p<121> c<119> l<12:21> el<12:22>
                                      n<4> u<119> t<INTEGRAL_NUMBER> p<120> l<12:21> el<12:22>
                            n<> u<141> t<For_step> p<184> c<132> s<182> l<12:26> el<12:34>
                              n<> u<132> t<For_step_assignment> p<141> c<131> s<140> l<12:26> el<12:29>
                                n<> u<131> t<Inc_or_dec_expression> p<132> c<129> l<12:26> el<12:29>
                                  n<> u<129> t<Variable_lvalue> p<131> c<126> s<130> l<12:26> el<12:27>
                                    n<> u<126> t<Ps_or_hierarchical_identifier> p<129> c<125> s<128> l<12:26> el<12:27>
                                      n<j> u<125> t<SIMPLE_IDENTIFIER> p<126> l<12:26> el<12:27>
                                    n<> u<128> t<Select> p<129> c<127> l<12:27> el<12:27>
                                      n<> u<127> t<Bit_select> p<128> l<12:27> el<12:27>
                                  n<> u<130> t<PLUSPLUS> p<131> l<12:27> el<12:29>
                              n<> u<140> t<For_step_assignment> p<141> c<139> l<12:31> el<12:34>
                                n<> u<139> t<Inc_or_dec_expression> p<140> c<137> l<12:31> el<12:34>
                                  n<> u<137> t<Variable_lvalue> p<139> c<134> s<138> l<12:31> el<12:32>
                                    n<> u<134> t<Ps_or_hierarchical_identifier> p<137> c<133> s<136> l<12:31> el<12:32>
                                      n<i> u<133> t<SIMPLE_IDENTIFIER> p<134> l<12:31> el<12:32>
                                    n<> u<136> t<Select> p<137> c<135> l<12:32> el<12:32>
                                      n<> u<135> t<Bit_select> p<136> l<12:32> el<12:32>
                                  n<> u<138> t<PLUSPLUS> p<139> l<12:32> el<12:34>
                            n<> u<182> t<Statement_or_null> p<184> c<181> l<12:36> el<15:7>
                              n<> u<181> t<Statement> p<182> c<180> l<12:36> el<15:7>
                                n<> u<180> t<Statement_item> p<181> c<179> l<12:36> el<15:7>
                                  n<> u<179> t<Seq_block> p<180> c<159> l<12:36> el<15:7>
                                    n<> u<159> t<Statement_or_null> p<179> c<158> s<177> l<13:7> el<13:15>
                                      n<> u<158> t<Statement> p<159> c<157> l<13:7> el<13:15>
                                        n<> u<157> t<Statement_item> p<158> c<156> l<13:7> el<13:15>
                                          n<> u<156> t<Subroutine_call_statement> p<157> c<155> l<13:7> el<13:15>
                                            n<> u<155> t<Subroutine_call> p<156> c<142> l<13:7> el<13:14>
                                              n<f2> u<142> t<SIMPLE_IDENTIFIER> p<155> s<153> l<13:7> el<13:9>
                                              n<> u<153> t<OPEN_PARENS> p<155> s<152> l<13:9> el<13:10>
                                              n<> u<152> t<Argument_list> p<155> c<146> s<154> l<13:10> el<13:13>
                                                n<> u<146> t<Expression> p<152> c<145> s<151> l<13:10> el<13:11>
                                                  n<> u<145> t<Primary> p<146> c<144> l<13:10> el<13:11>
                                                    n<> u<144> t<Primary_literal> p<145> c<143> l<13:10> el<13:11>
                                                      n<i> u<143> t<SIMPLE_IDENTIFIER> p<144> l<13:10> el<13:11>
                                                n<> u<151> t<Argument> p<152> c<150> l<13:12> el<13:13>
                                                  n<> u<150> t<Expression> p<151> c<149> l<13:12> el<13:13>
                                                    n<> u<149> t<Primary> p<150> c<148> l<13:12> el<13:13>
                                                      n<> u<148> t<Primary_literal> p<149> c<147> l<13:12> el<13:13>
                                                        n<j> u<147> t<SIMPLE_IDENTIFIER> p<148> l<13:12> el<13:13>
                                              n<> u<154> t<CLOSE_PARENS> p<155> l<13:13> el<13:14>
                                    n<> u<177> t<Statement_or_null> p<179> c<176> s<178> l<14:1> el<14:9>
                                      n<> u<176> t<Statement> p<177> c<175> l<14:1> el<14:9>
                                        n<> u<175> t<Statement_item> p<176> c<174> l<14:1> el<14:9>
                                          n<> u<174> t<Subroutine_call_statement> p<175> c<173> l<14:1> el<14:9>
                                            n<> u<173> t<Subroutine_call> p<174> c<160> l<14:1> el<14:8>
                                              n<f4> u<160> t<SIMPLE_IDENTIFIER> p<173> s<171> l<14:1> el<14:3>
                                              n<> u<171> t<OPEN_PARENS> p<173> s<170> l<14:3> el<14:4>
                                              n<> u<170> t<Argument_list> p<173> c<164> s<172> l<14:4> el<14:7>
                                                n<> u<164> t<Expression> p<170> c<163> s<169> l<14:4> el<14:5>
                                                  n<> u<163> t<Primary> p<164> c<162> l<14:4> el<14:5>
                                                    n<> u<162> t<Primary_literal> p<163> c<161> l<14:4> el<14:5>
                                                      n<i> u<161> t<SIMPLE_IDENTIFIER> p<162> l<14:4> el<14:5>
                                                n<> u<169> t<Argument> p<170> c<168> l<14:6> el<14:7>
                                                  n<> u<168> t<Expression> p<169> c<167> l<14:6> el<14:7>
                                                    n<> u<167> t<Primary> p<168> c<166> l<14:6> el<14:7>
                                                      n<> u<166> t<Primary_literal> p<167> c<165> l<14:6> el<14:7>
                                                        n<j> u<165> t<SIMPLE_IDENTIFIER> p<166> l<14:6> el<14:7>
                                              n<> u<172> t<CLOSE_PARENS> p<173> l<14:7> el<14:8>
                                    n<> u<178> t<END> p<179> l<15:4> el<15:7>
                    n<> u<252> t<Function_statement_or_null> p<300> c<251> s<298> l<16:4> el<19:7>
                      n<> u<251> t<Statement> p<252> c<250> l<16:4> el<19:7>
                        n<> u<250> t<Statement_item> p<251> c<249> l<16:4> el<19:7>
                          n<> u<249> t<Loop_statement> p<250> c<248> l<16:4> el<19:7>
                            n<> u<248> t<FOR> p<249> s<197> l<16:4> el<16:7>
                            n<> u<197> t<Expression> p<249> c<191> s<206> l<16:12> el<16:17>
                              n<> u<191> t<Expression> p<197> c<190> s<196> l<16:12> el<16:13>
                                n<> u<190> t<Primary> p<191> c<189> l<16:12> el<16:13>
                                  n<> u<189> t<Primary_literal> p<190> c<188> l<16:12> el<16:13>
                                    n<j> u<188> t<SIMPLE_IDENTIFIER> p<189> l<16:12> el<16:13>
                              n<> u<196> t<LESS> p<197> s<195> l<16:14> el<16:15>
                              n<> u<195> t<Expression> p<197> c<194> l<16:16> el<16:17>
                                n<> u<194> t<Primary> p<195> c<193> l<16:16> el<16:17>
                                  n<> u<193> t<Primary_literal> p<194> c<192> l<16:16> el<16:17>
                                    n<8> u<192> t<INTEGRAL_NUMBER> p<193> l<16:16> el<16:17>
                            n<> u<206> t<For_step> p<249> c<205> s<247> l<16:19> el<16:22>
                              n<> u<205> t<For_step_assignment> p<206> c<204> l<16:19> el<16:22>
                                n<> u<204> t<Inc_or_dec_expression> p<205> c<202> l<16:19> el<16:22>
                                  n<> u<202> t<Variable_lvalue> p<204> c<199> s<203> l<16:19> el<16:20>
                                    n<> u<199> t<Ps_or_hierarchical_identifier> p<202> c<198> s<201> l<16:19> el<16:20>
                                      n<j> u<198> t<SIMPLE_IDENTIFIER> p<199> l<16:19> el<16:20>
                                    n<> u<201> t<Select> p<202> c<200> l<16:20> el<16:20>
                                      n<> u<200> t<Bit_select> p<201> l<16:20> el<16:20>
                                  n<> u<203> t<PLUSPLUS> p<204> l<16:20> el<16:22>
                            n<> u<247> t<Statement_or_null> p<249> c<246> l<16:24> el<19:7>
                              n<> u<246> t<Statement> p<247> c<245> l<16:24> el<19:7>
                                n<> u<245> t<Statement_item> p<246> c<244> l<16:24> el<19:7>
                                  n<> u<244> t<Seq_block> p<245> c<224> l<16:24> el<19:7>
                                    n<> u<224> t<Statement_or_null> p<244> c<223> s<242> l<17:2> el<17:10>
                                      n<> u<223> t<Statement> p<224> c<222> l<17:2> el<17:10>
                                        n<> u<222> t<Statement_item> p<223> c<221> l<17:2> el<17:10>
                                          n<> u<221> t<Subroutine_call_statement> p<222> c<220> l<17:2> el<17:10>
                                            n<> u<220> t<Subroutine_call> p<221> c<207> l<17:2> el<17:9>
                                              n<f2> u<207> t<SIMPLE_IDENTIFIER> p<220> s<218> l<17:2> el<17:4>
                                              n<> u<218> t<OPEN_PARENS> p<220> s<217> l<17:4> el<17:5>
                                              n<> u<217> t<Argument_list> p<220> c<211> s<219> l<17:5> el<17:8>
                                                n<> u<211> t<Expression> p<217> c<210> s<216> l<17:5> el<17:6>
                                                  n<> u<210> t<Primary> p<211> c<209> l<17:5> el<17:6>
                                                    n<> u<209> t<Primary_literal> p<210> c<208> l<17:5> el<17:6>
                                                      n<i> u<208> t<SIMPLE_IDENTIFIER> p<209> l<17:5> el<17:6>
                                                n<> u<216> t<Argument> p<217> c<215> l<17:7> el<17:8>
                                                  n<> u<215> t<Expression> p<216> c<214> l<17:7> el<17:8>
                                                    n<> u<214> t<Primary> p<215> c<213> l<17:7> el<17:8>
                                                      n<> u<213> t<Primary_literal> p<214> c<212> l<17:7> el<17:8>
                                                        n<j> u<212> t<SIMPLE_IDENTIFIER> p<213> l<17:7> el<17:8>
                                              n<> u<219> t<CLOSE_PARENS> p<220> l<17:8> el<17:9>
                                    n<> u<242> t<Statement_or_null> p<244> c<241> s<243> l<18:1> el<18:9>
                                      n<> u<241> t<Statement> p<242> c<240> l<18:1> el<18:9>
                                        n<> u<240> t<Statement_item> p<241> c<239> l<18:1> el<18:9>
                                          n<> u<239> t<Subroutine_call_statement> p<240> c<238> l<18:1> el<18:9>
                                            n<> u<238> t<Subroutine_call> p<239> c<225> l<18:1> el<18:8>
                                              n<f5> u<225> t<SIMPLE_IDENTIFIER> p<238> s<236> l<18:1> el<18:3>
                                              n<> u<236> t<OPEN_PARENS> p<238> s<235> l<18:3> el<18:4>
                                              n<> u<235> t<Argument_list> p<238> c<229> s<237> l<18:4> el<18:7>
                                                n<> u<229> t<Expression> p<235> c<228> s<234> l<18:4> el<18:5>
                                                  n<> u<228> t<Primary> p<229> c<227> l<18:4> el<18:5>
                                                    n<> u<227> t<Primary_literal> p<228> c<226> l<18:4> el<18:5>
                                                      n<i> u<226> t<SIMPLE_IDENTIFIER> p<227> l<18:4> el<18:5>
                                                n<> u<234> t<Argument> p<235> c<233> l<18:6> el<18:7>
                                                  n<> u<233> t<Expression> p<234> c<232> l<18:6> el<18:7>
                                                    n<> u<232> t<Primary> p<233> c<231> l<18:6> el<18:7>
                                                      n<> u<231> t<Primary_literal> p<232> c<230> l<18:6> el<18:7>
                                                        n<j> u<230> t<SIMPLE_IDENTIFIER> p<231> l<18:6> el<18:7>
                                              n<> u<237> t<CLOSE_PARENS> p<238> l<18:7> el<18:8>
                                    n<> u<243> t<END> p<244> l<19:4> el<19:7>
                    n<> u<298> t<Function_statement_or_null> p<300> c<297> s<299> l<21:4> el<24:7>
                      n<> u<297> t<Statement> p<298> c<296> l<21:4> el<24:7>
                        n<> u<296> t<Statement_item> p<297> c<295> l<21:4> el<24:7>
                          n<> u<295> t<Loop_statement> p<296> c<294> l<21:4> el<24:7>
                            n<> u<294> t<FOR> p<295> s<293> l<21:4> el<21:7>
                            n<> u<293> t<Statement_or_null> p<295> c<292> l<21:16> el<24:7>
                              n<> u<292> t<Statement> p<293> c<291> l<21:16> el<24:7>
                                n<> u<291> t<Statement_item> p<292> c<290> l<21:16> el<24:7>
                                  n<> u<290> t<Seq_block> p<291> c<270> l<21:16> el<24:7>
                                    n<> u<270> t<Statement_or_null> p<290> c<269> s<288> l<22:2> el<22:10>
                                      n<> u<269> t<Statement> p<270> c<268> l<22:2> el<22:10>
                                        n<> u<268> t<Statement_item> p<269> c<267> l<22:2> el<22:10>
                                          n<> u<267> t<Subroutine_call_statement> p<268> c<266> l<22:2> el<22:10>
                                            n<> u<266> t<Subroutine_call> p<267> c<253> l<22:2> el<22:9>
                                              n<f2> u<253> t<SIMPLE_IDENTIFIER> p<266> s<264> l<22:2> el<22:4>
                                              n<> u<264> t<OPEN_PARENS> p<266> s<263> l<22:4> el<22:5>
                                              n<> u<263> t<Argument_list> p<266> c<257> s<265> l<22:5> el<22:8>
                                                n<> u<257> t<Expression> p<263> c<256> s<262> l<22:5> el<22:6>
                                                  n<> u<256> t<Primary> p<257> c<255> l<22:5> el<22:6>
                                                    n<> u<255> t<Primary_literal> p<256> c<254> l<22:5> el<22:6>
                                                      n<i> u<254> t<SIMPLE_IDENTIFIER> p<255> l<22:5> el<22:6>
                                                n<> u<262> t<Argument> p<263> c<261> l<22:7> el<22:8>
                                                  n<> u<261> t<Expression> p<262> c<260> l<22:7> el<22:8>
                                                    n<> u<260> t<Primary> p<261> c<259> l<22:7> el<22:8>
                                                      n<> u<259> t<Primary_literal> p<260> c<258> l<22:7> el<22:8>
                                                        n<j> u<258> t<SIMPLE_IDENTIFIER> p<259> l<22:7> el<22:8>
                                              n<> u<265> t<CLOSE_PARENS> p<266> l<22:8> el<22:9>
                                    n<> u<288> t<Statement_or_null> p<290> c<287> s<289> l<23:2> el<23:10>
                                      n<> u<287> t<Statement> p<288> c<286> l<23:2> el<23:10>
                                        n<> u<286> t<Statement_item> p<287> c<285> l<23:2> el<23:10>
                                          n<> u<285> t<Subroutine_call_statement> p<286> c<284> l<23:2> el<23:10>
                                            n<> u<284> t<Subroutine_call> p<285> c<271> l<23:2> el<23:9>
                                              n<f6> u<271> t<SIMPLE_IDENTIFIER> p<284> s<282> l<23:2> el<23:4>
                                              n<> u<282> t<OPEN_PARENS> p<284> s<281> l<23:4> el<23:5>
                                              n<> u<281> t<Argument_list> p<284> c<275> s<283> l<23:5> el<23:8>
                                                n<> u<275> t<Expression> p<281> c<274> s<280> l<23:5> el<23:6>
                                                  n<> u<274> t<Primary> p<275> c<273> l<23:5> el<23:6>
                                                    n<> u<273> t<Primary_literal> p<274> c<272> l<23:5> el<23:6>
                                                      n<i> u<272> t<SIMPLE_IDENTIFIER> p<273> l<23:5> el<23:6>
                                                n<> u<280> t<Argument> p<281> c<279> l<23:7> el<23:8>
                                                  n<> u<279> t<Expression> p<280> c<278> l<23:7> el<23:8>
                                                    n<> u<278> t<Primary> p<279> c<277> l<23:7> el<23:8>
                                                      n<> u<277> t<Primary_literal> p<278> c<276> l<23:7> el<23:8>
                                                        n<j> u<276> t<SIMPLE_IDENTIFIER> p<277> l<23:7> el<23:8>
                                              n<> u<283> t<CLOSE_PARENS> p<284> l<23:8> el<23:9>
                                    n<> u<289> t<END> p<290> l<24:4> el<24:7>
                    n<> u<299> t<ENDFUNCTION> p<300> l<27:1> el<27:12>
            n<> u<305> t<ENDCLASS> p<306> l<29:1> el<29:9>
AST_DEBUG_END
[WRN:CP5851] $Source01/top.v:10:1: Failed to bind "f3".
[WRN:CP5851] $Source01/top.v:14:1: Failed to bind "f4".
[WRN:CP5851] $Source01/top.v:17:5: Failed to bind "i".
[WRN:CP5851] $Source01/top.v:17:7: Failed to bind "j".
[WRN:CP5851] $Source01/top.v:18:1: Failed to bind "f5".
[WRN:CP5851] $Source01/top.v:18:4: Failed to bind "i".
[WRN:CP5851] $Source01/top.v:18:6: Failed to bind "j".
[WRN:CP5851] $Source01/top.v:22:5: Failed to bind "i".
[WRN:CP5851] $Source01/top.v:22:7: Failed to bind "j".
[WRN:CP5851] $Source01/top.v:23:2: Failed to bind "f6".
[WRN:CP5851] $Source01/top.v:23:5: Failed to bind "i".
[WRN:CP5851] $Source01/top.v:23:7: Failed to bind "j".
====== HLDB =======
Design name:unnamed:
  vpiName: unnamed
  vpiSourceFile (1 items):
    SourceFile name:top.v file:$Source01/top.v:
      vpiParent: Design name:unnamed
      vpiName: top.v
      vpiPreprocFile: "$Output/lib/work/top.v"
  vpiAllClasses (1 items):
    ClassDefn name:top file:$Source01/top.v start:1:1 end:29:9:
      vpiParent: Design name:unnamed
      vpiName Identifier name:top start:1:7 end:1:10:
      vpiFullName: top
      vpiDefName: top
      vpiAutomatic: true
      vpiClassType: userdefined class (3)
      vpiLibrary RefObj name:work start:1:7 end:1:10:
        vpiParent: ClassDefn name:top
        vpiName: work
        vpiFullName: top::work
        vpiActual: Library name:work
      vpiCell: top
      vpiMethod (2 items):
        Function name:f2 start:3:1 end:4:12:
          vpiParent: ClassDefn name:top
          vpiName Identifier name:f2 start:3:10 end:3:12:
          vpiFullName: top::f2
          vpiTypespec (1 items):
            LogicTypespec start:3:10 end:3:10:
              vpiParent: Function name:f2
          vpiMethod: true
          vpiVisibility: public (1)
          vpiAutomatic: true
          vpiIODecl (2 items):
            IODecl name:i start:3:18 end:3:19:
              vpiParent: Function name:f2
              vpiName: i
              vpiDirection: input (1)
              vpiTypespec RefTypespec start:3:14 end:3:17:
                vpiParent: IODecl name:i
                vpiFullName: top::f2::i
                vpiActual: IntTypespec
            IODecl name:j start:3:25 end:3:26:
              vpiParent: Function name:f2
              vpiName: j
              vpiDirection: input (1)
              vpiTypespec RefTypespec start:3:21 end:3:24:
                vpiParent: IODecl name:j
                vpiFullName: top::f2::j
                vpiActual: IntTypespec
          vpiReturn RefTypespec start:3:10 end:3:10:
            vpiParent: Function name:f2
            vpiFullName: top::f2
            vpiActual: LogicTypespec
        Function name:f1 start:7:1 end:27:12:
          vpiParent: ClassDefn name:top
          vpiName Identifier name:f1 start:7:10 end:7:12:
          vpiFullName: top::f1
          vpiMethod: true
          vpiVisibility: public (1)
          vpiAutomatic: true
          vpiStmt Begin:
            vpiParent: Function name:f1
            vpiFullName: top::f1
            vpiTypespec (1 items):
              LogicTypespec start:7:10 end:7:10:
                vpiParent: Begin
            vpiStmt (4 items):
              ForStmt start:8:4 end:11:7:
                vpiParent: Begin
                vpiFullName: top::f1
                vpiVariable (2 items):
                  Variable name:j start:8:14 end:8:15:
                    vpiParent: ForStmt
                    vpiTypespec RefTypespec start:8:10 end:8:13:
                      vpiParent: Variable name:j
                      vpiFullName: top::f1::j
                      vpiActual: IntTypespec
                    vpiName: j
                    vpiFullName: top::f1::j
                  Variable name:i start:8:18 end:8:19:
                    vpiParent: ForStmt
                    vpiTypespec RefTypespec start:8:10 end:8:13:
                      vpiParent: Variable name:i
                      vpiFullName: top::f1::i
                      vpiActual: IntTypespec
                    vpiName: i
                    vpiFullName: top::f1::i
                vpiForInitStmt (2 items):
                  Assignment start:8:14 end:8:17:
                    vpiParent: ForStmt
                    vpiLhs: Variable name:j
                    vpiRhs Constant start:8:16 end:8:17:
                      vpiParent: Assignment
                      vpiTypespec RefTypespec:
                        vpiParent: Constant
                        vpiFullName: top::f1
                        vpiActual: IntTypespec
                      vpiConstType: unsigned int (9)
                      vpiSize: 64
                      vpiDecompile: "0"
                      vpiValue: 0
                  Assignment start:8:18 end:8:21:
                    vpiParent: ForStmt
                    vpiLhs: Variable name:i
                    vpiRhs Constant start:8:20 end:8:21:
                      vpiParent: Assignment
                      vpiTypespec RefTypespec:
                        vpiParent: Constant
                        vpiFullName: top::f1
                        vpiActual: IntTypespec
                      vpiConstType: unsigned int (9)
                      vpiSize: 64
                      vpiDecompile: "4"
                      vpiValue: 4
                vpiForIncStmt (2 items):
                  Operation start:8:26 end:8:29:
                    vpiParent: ForStmt
                    vpiOpType: post inc (64)
                    vpiOperand (1 items):
                      RefObj name:j start:8:26 end:8:27:
                        vpiParent: Operation
                        vpiName: j
                        vpiFullName: top::f1::j
                        vpiActual: Variable name:j
                  Operation start:8:31 end:8:34:
                    vpiParent: ForStmt
                    vpiOpType: post inc (64)
                    vpiOperand (1 items):
                      RefObj name:i start:8:31 end:8:32:
                        vpiParent: Operation
                        vpiName: i
                        vpiFullName: top::f1::i
                        vpiActual: Variable name:i
                vpiCondition Operation start:8:22 end:8:25:
                  vpiParent: ForStmt
                  vpiOpType: less than (20)
                  vpiOperand (2 items):
                    RefObj name:j start:8:22 end:8:23:
                      vpiParent: Operation
                      vpiName: j
                      vpiFullName: top::f1::j
                      vpiActual: Variable name:j
                    Constant start:8:24 end:8:25:
                      vpiParent: Operation
                      vpiTypespec RefTypespec:
                        vpiParent: Constant
                        vpiFullName: top::f1
                        vpiActual: IntTypespec
                      vpiConstType: unsigned int (9)
                      vpiSize: 64
                      vpiDecompile: "8"
                      vpiValue: 8
                vpiStmt Begin start:8:36 end:11:7:
                  vpiParent: ForStmt
                  vpiFullName: top::f1
                  vpiStmt (2 items):
                    MethodFuncCall name:f2 start:9:7 end:9:14:
                      vpiParent: Begin
                      vpiName Identifier name:f2 start:9:7 end:9:9:
                      vpiTaskFunc: Function name:f2
                      vpiArgument (2 items):
                        RefObj name:i start:9:10 end:9:11:
                          vpiParent: MethodFuncCall name:f2
                          vpiName: i
                          vpiFullName: top::f1::i
                          vpiActual: Variable name:i
                        RefObj name:j start:9:12 end:9:13:
                          vpiParent: MethodFuncCall name:f2
                          vpiName: j
                          vpiFullName: top::f1::j
                          vpiActual: Variable name:j
                    SubroutineCall name:f3 start:10:1 end:10:8:
                      vpiParent: Begin
                      vpiName Identifier name:f3 start:10:1 end:10:3:
                      vpiArgument (2 items):
                        RefObj name:i start:10:4 end:10:5:
                          vpiParent: SubroutineCall name:f3
                          vpiName: i
                          vpiFullName: top::f1::f3::i
                          vpiActual: Variable name:i
                        RefObj name:j start:10:6 end:10:7:
                          vpiParent: SubroutineCall name:f3
                          vpiName: j
                          vpiFullName: top::f1::f3::j
                          vpiActual: Variable name:j
              ForStmt start:12:3 end:15:7:
                vpiParent: Begin
                vpiFullName: top::f1
                vpiVariable (2 items):
                  Variable name:j start:12:13 end:12:14:
                    vpiParent: ForStmt
                    vpiTypespec RefTypespec start:12:9 end:12:12:
                      vpiParent: Variable name:j
                      vpiFullName: top::f1::j
                      vpiActual: IntTypespec
                    vpiName: j
                    vpiFullName: top::f1::j
                  Variable name:i start:12:17 end:12:18:
                    vpiParent: ForStmt
                    vpiTypespec RefTypespec start:12:9 end:12:12:
                      vpiParent: Variable name:i
                      vpiFullName: top::f1::i
                      vpiActual: IntTypespec
                    vpiName: i
                    vpiFullName: top::f1::i
                vpiForInitStmt (2 items):
                  Assignment start:12:13 end:12:16:
                    vpiParent: ForStmt
                    vpiLhs: Variable name:j
                    vpiRhs Constant start:12:15 end:12:16:
                      vpiParent: Assignment
                      vpiTypespec RefTypespec:
                        vpiParent: Constant
                        vpiFullName: top::f1
                        vpiActual: IntTypespec
                      vpiConstType: unsigned int (9)
                      vpiSize: 64
                      vpiDecompile: "0"
                      vpiValue: 0
                  Assignment start:12:17 end:12:22:
                    vpiParent: ForStmt
                    vpiLhs: Variable name:i
                    vpiRhs Constant start:12:21 end:12:22:
                      vpiParent: Assignment
                      vpiTypespec RefTypespec:
                        vpiParent: Constant
                        vpiFullName: top::f1
                        vpiActual: IntTypespec
                      vpiConstType: unsigned int (9)
                      vpiSize: 64
                      vpiDecompile: "4"
                      vpiValue: 4
                vpiForIncStmt (2 items):
                  Operation start:12:26 end:12:29:
                    vpiParent: ForStmt
                    vpiOpType: post inc (64)
                    vpiOperand (1 items):
                      RefObj name:j start:12:26 end:12:27:
                        vpiParent: Operation
                        vpiName: j
                        vpiFullName: top::f1::j
                        vpiActual: Variable name:j
                  Operation start:12:31 end:12:34:
                    vpiParent: ForStmt
                    vpiOpType: post inc (64)
                    vpiOperand (1 items):
                      RefObj name:i start:12:31 end:12:32:
                        vpiParent: Operation
                        vpiName: i
                        vpiFullName: top::f1::i
                        vpiActual: Variable name:i
                vpiStmt Begin start:12:36 end:15:7:
                  vpiParent: ForStmt
                  vpiFullName: top::f1
                  vpiStmt (2 items):
                    MethodFuncCall name:f2 start:13:7 end:13:14:
                      vpiParent: Begin
                      vpiName Identifier name:f2 start:13:7 end:13:9:
                      vpiTaskFunc: Function name:f2
                      vpiArgument (2 items):
                        RefObj name:i start:13:10 end:13:11:
                          vpiParent: MethodFuncCall name:f2
                          vpiName: i
                          vpiFullName: top::f1::i
                          vpiActual: Variable name:i
                        RefObj name:j start:13:12 end:13:13:
                          vpiParent: MethodFuncCall name:f2
                          vpiName: j
                          vpiFullName: top::f1::j
                          vpiActual: Variable name:j
                    SubroutineCall name:f4 start:14:1 end:14:8:
                      vpiParent: Begin
                      vpiName Identifier name:f4 start:14:1 end:14:3:
                      vpiArgument (2 items):
                        RefObj name:i start:14:4 end:14:5:
                          vpiParent: SubroutineCall name:f4
                          vpiName: i
                          vpiFullName: top::f1::f4::i
                          vpiActual: Variable name:i
                        RefObj name:j start:14:6 end:14:7:
                          vpiParent: SubroutineCall name:f4
                          vpiName: j
                          vpiFullName: top::f1::f4::j
                          vpiActual: Variable name:j
              ForStmt start:16:4 end:19:7:
                vpiParent: Begin
                vpiFullName: top::f1
                vpiForIncStmt (1 items):
                  Operation start:16:19 end:16:22:
                    vpiParent: ForStmt
                    vpiOpType: post inc (64)
                    vpiOperand (1 items):
                      RefObj name:j start:16:19 end:16:20:
                        vpiParent: Operation
                        vpiName: j
                        vpiFullName: top::f1::j
                vpiCondition Operation start:16:12 end:16:17:
                  vpiParent: ForStmt
                  vpiOpType: less than (20)
                  vpiOperand (2 items):
                    RefObj name:j start:16:12 end:16:13:
                      vpiParent: Operation
                      vpiName: j
                      vpiFullName: top::f1::j
                    Constant start:16:16 end:16:17:
                      vpiParent: Operation
                      vpiTypespec RefTypespec:
                        vpiParent: Constant
                        vpiFullName: top::f1
                        vpiActual: IntTypespec
                      vpiConstType: unsigned int (9)
                      vpiSize: 64
                      vpiDecompile: "8"
                      vpiValue: 8
                vpiStmt Begin start:16:24 end:19:7:
                  vpiParent: ForStmt
                  vpiFullName: top::f1
                  vpiStmt (2 items):
                    MethodFuncCall name:f2 start:17:2 end:17:9:
                      vpiParent: Begin
                      vpiName Identifier name:f2 start:17:2 end:17:4:
                      vpiTaskFunc: Function name:f2
                      vpiArgument (2 items):
                        RefObj name:i start:17:5 end:17:6:
                          vpiParent: MethodFuncCall name:f2
                          vpiName: i
                          vpiFullName: top::f1::i
                        RefObj name:j start:17:7 end:17:8:
                          vpiParent: MethodFuncCall name:f2
                          vpiName: j
                          vpiFullName: top::f1::j
                    SubroutineCall name:f5 start:18:1 end:18:8:
                      vpiParent: Begin
                      vpiName Identifier name:f5 start:18:1 end:18:3:
                      vpiArgument (2 items):
                        RefObj name:i start:18:4 end:18:5:
                          vpiParent: SubroutineCall name:f5
                          vpiName: i
                          vpiFullName: top::f1::f5::i
                        RefObj name:j start:18:6 end:18:7:
                          vpiParent: SubroutineCall name:f5
                          vpiName: j
                          vpiFullName: top::f1::f5::j
              ForStmt start:21:4 end:24:7:
                vpiParent: Begin
                vpiFullName: top::f1
                vpiStmt Begin start:21:16 end:24:7:
                  vpiParent: ForStmt
                  vpiFullName: top::f1
                  vpiStmt (2 items):
                    MethodFuncCall name:f2 start:22:2 end:22:9:
                      vpiParent: Begin
                      vpiName Identifier name:f2 start:22:2 end:22:4:
                      vpiTaskFunc: Function name:f2
                      vpiArgument (2 items):
                        RefObj name:i start:22:5 end:22:6:
                          vpiParent: MethodFuncCall name:f2
                          vpiName: i
                          vpiFullName: top::f1::i
                        RefObj name:j start:22:7 end:22:8:
                          vpiParent: MethodFuncCall name:f2
                          vpiName: j
                          vpiFullName: top::f1::j
                    SubroutineCall name:f6 start:23:2 end:23:9:
                      vpiParent: Begin
                      vpiName Identifier name:f6 start:23:2 end:23:4:
                      vpiArgument (2 items):
                        RefObj name:i start:23:5 end:23:6:
                          vpiParent: SubroutineCall name:f6
                          vpiName: i
                          vpiFullName: top::f1::f6::i
                        RefObj name:j start:23:7 end:23:8:
                          vpiParent: SubroutineCall name:f6
                          vpiName: j
                          vpiFullName: top::f1::f6::j
          vpiReturn RefTypespec start:7:10 end:7:10:
            vpiParent: Function name:f1
            vpiFullName: top::f1
            vpiActual: LogicTypespec
  vpiTypespec (2 items):
    ClassTypespec name:top start:1:7 end:1:10:
      vpiParent: Design name:unnamed
      vpiName Identifier name:top:
      vpiDefName: top
      vpiClassDefn: ClassDefn name:top
    IntTypespec:
      vpiParent: Design name:unnamed
      vpiSigned: true
  vpiLibrary (1 items):
    Library name:work:
      vpiParent: Design name:unnamed
      vpiName: work
===================
[  FATAL] : 0
[ SYNTAX] : 0
[  ERROR] : 0
[WARNING] : 12
[   NOTE] : 0
********************************************************************************
*                    End HLC SystemVerilog Compiler/Linter                     *
********************************************************************************

#**#**#**#**#**#**#**#**#**#**#**#**#**#**#**#**#**#**#**#**#**#**#**#**#**#**#**#**#**#**#**#**#**#**#**#**#**#**#**#**

Environment:
      test-name: UnitForLoop/UnitForLoop
   test-dirpath: ${HLC_DIR}/regression/UnitForLoop/UnitForLoop
  hldb-filepath: ${HLC_DIR}/regression/UnitForLoop/UnitForLoop/design.hldb
mounts-filepath: ${HLC_DIR}/regression/UnitForLoop/UnitForLoop/mounts.json


{'result': {'coverage': 100.0,
            'error_count': 0,
            'file_count': 1,
            'files': {'$Output/lib/work/top.v': {'post_len': 0,
                                                 'pre_len': 274}},
            'post_len': 0,
            'pre_len': 274,
            'test_name': 'UnitForLoop/UnitForLoop'}}

+------------------------+----------+-----------+
| INPUT                  |   PRELEN |   POSTLEN |
+========================+==========+===========+
| $Output/lib/work/top.v |      274 |         0 |
+========================+==========+===========+
|                        |      274 |         0 |
+------------------------+----------+-----------+

[   ERROR] : 0
[COVERAGE] : 100.0


#**#**#**#**#**#**#**#**#**#**#**#**#**#**#**#**#**#**#**#**#**#**#**#**#**#**#**#**#**#**#**#**#**#**#**#**#**#**#**#**

COMMAND: ${HLC_DIR}/regression/UnitForLoop/UnitForLoop/design.hldb ${HLC_DIR}/regression/UnitForLoop/UnitForLoop/reduced.hldb

==================== BEGIN REDUCTION RESULT ====================
Name                            Before   After   Added   Removed
----------------------------------------------------------------
----------------------------------------------------------------
Others                             100     100       0         0
----------------------------------------------------------------
                                   100     100       0         0
===================== END REDUCTION RESULT =====================
