********************************************************************************
*                   Begin HLC SystemVerilog Compiler/Linter                    *
********************************************************************************
Copyright (c) 2020 Apotell,
http://www.apache.org/licenses/LICENSE-2.0
VERSION: 1.84
COMMAND: -wd ../../../tests/EarlgreyPackParam -d db -d ast dut.sv -nobuiltin -mt 0 -mp 0 -d dbstats -d cache -d db -nostdout -o ${HLC_DIR}/regression/EarlgreyPackParam/EarlgreyPackParam
[INF:CM0023] Creating log file "$Output/hlc.log".
[INF:PP0122] Preprocessing source file "$Source01/dut.sv".
[INF:PA0201] Parsing source file "$Source01/dut.sv".
AST_DEBUG_BEGIN
Count: 371
LIB: work
FILE: f<13>:$Source01/dut.sv
n<$Source01/dut.sv> u<370> t<Top_level_rule> c<1> l<2:1> el<62:1>
  n<> u<1> t<Null_rule> p<370> s<369> l<2:1> el<2:1>
  n<> u<369> t<Source_text> p<370> c<52> l<2:1> el<60:10>
    n<> u<52> t<Description> p<369> c<51> s<90> l<2:1> el<5:11>
      n<> u<51> t<Package_declaration> p<52> c<2> l<2:1> el<5:11>
        n<> u<2> t<PACKAGE> p<51> s<3> l<2:1> el<2:8>
        n<alert_handler_reg_pkg> u<3> t<SIMPLE_IDENTIFIER> p<51> s<18> l<2:9> el<2:30>
        n<> u<18> t<Package_item> p<51> c<17> s<49> l<3:3> el<3:30>
          n<> u<17> t<Package_or_generate_item_declaration> p<18> c<16> l<3:3> el<3:30>
            n<> u<16> t<Parameter_declaration> p<17> c<6> l<3:3> el<3:29>
              n<> u<6> t<Data_type_or_implicit> p<16> c<5> s<15> l<3:13> el<3:16>
                n<> u<5> t<Data_type> p<6> c<4> l<3:13> el<3:16>
                  n<> u<4> t<INT> p<5> l<3:13> el<3:16>
              n<> u<15> t<Param_assignment_list> p<16> c<14> l<3:17> el<3:29>
                n<> u<14> t<Param_assignment> p<15> c<7> l<3:17> el<3:29>
                  n<NAlerts> u<7> t<SIMPLE_IDENTIFIER> p<14> s<13> l<3:17> el<3:24>
                  n<> u<13> t<Constant_param_expression> p<14> c<12> l<3:27> el<3:29>
                    n<> u<12> t<Constant_mintypmax_expression> p<13> c<11> l<3:27> el<3:29>
                      n<> u<11> t<Constant_expression> p<12> c<10> l<3:27> el<3:29>
                        n<> u<10> t<Constant_primary> p<11> c<9> l<3:27> el<3:29>
                          n<> u<9> t<Primary_literal> p<10> c<8> l<3:27> el<3:29>
                            n<35> u<8> t<INTEGRAL_NUMBER> p<9> l<3:27> el<3:29>
        n<> u<49> t<Package_item> p<51> c<48> s<50> l<4:3> el<4:83>
          n<> u<48> t<Package_or_generate_item_declaration> p<49> c<47> l<4:3> el<4:83>
            n<> u<47> t<Parameter_declaration> p<48> c<37> l<4:3> el<4:82>
              n<> u<37> t<Data_type_or_implicit> p<47> c<36> s<46> l<4:13> el<4:32>
                n<> u<36> t<Data_type> p<37> c<19> l<4:13> el<4:32>
                  n<> u<19> t<LOGIC> p<36> s<35> l<4:13> el<4:18>
                  n<> u<35> t<Packed_dimension> p<36> c<34> l<4:19> el<4:32>
                    n<> u<34> t<Constant_range> p<35> c<29> l<4:20> el<4:31>
                      n<> u<29> t<Constant_expression> p<34> c<23> s<33> l<4:20> el<4:29>
                        n<> u<23> t<Constant_expression> p<29> c<22> s<28> l<4:20> el<4:27>
                          n<> u<22> t<Constant_primary> p<23> c<21> l<4:20> el<4:27>
                            n<> u<21> t<Primary_literal> p<22> c<20> l<4:20> el<4:27>
                              n<NAlerts> u<20> t<SIMPLE_IDENTIFIER> p<21> l<4:20> el<4:27>
                        n<> u<28> t<BinaryOp_Minus> p<29> s<27> l<4:27> el<4:28>
                        n<> u<27> t<Constant_expression> p<29> c<26> l<4:28> el<4:29>
                          n<> u<26> t<Constant_primary> p<27> c<25> l<4:28> el<4:29>
                            n<> u<25> t<Primary_literal> p<26> c<24> l<4:28> el<4:29>
                              n<1> u<24> t<INTEGRAL_NUMBER> p<25> l<4:28> el<4:29>
                      n<> u<33> t<Constant_expression> p<34> c<32> l<4:30> el<4:31>
                        n<> u<32> t<Constant_primary> p<33> c<31> l<4:30> el<4:31>
                          n<> u<31> t<Primary_literal> p<32> c<30> l<4:30> el<4:31>
                            n<0> u<30> t<INTEGRAL_NUMBER> p<31> l<4:30> el<4:31>
              n<> u<46> t<Param_assignment_list> p<47> c<45> l<4:33> el<4:82>
                n<> u<45> t<Param_assignment> p<46> c<38> l<4:33> el<4:82>
                  n<AsyncOn> u<38> t<SIMPLE_IDENTIFIER> p<45> s<44> l<4:33> el<4:40>
                  n<> u<44> t<Constant_param_expression> p<45> c<43> l<4:43> el<4:82>
                    n<> u<43> t<Constant_mintypmax_expression> p<44> c<42> l<4:43> el<4:82>
                      n<> u<42> t<Constant_expression> p<43> c<41> l<4:43> el<4:82>
                        n<> u<41> t<Constant_primary> p<42> c<40> l<4:43> el<4:82>
                          n<> u<40> t<Primary_literal> p<41> c<39> l<4:43> el<4:82>
                            n<35'b11111111111111111100000000000000000> u<39> t<INTEGRAL_NUMBER> p<40> l<4:43> el<4:82>
        n<> u<50> t<ENDPACKAGE> p<51> l<5:1> el<5:11>
    n<> u<90> t<Description> p<369> c<89> s<162> l<7:1> el<10:10>
      n<> u<89> t<Module_declaration> p<90> c<57> l<7:1> el<10:10>
        n<> u<57> t<Module_nonansi_header> p<89> c<53> s<87> l<7:1> el<7:16>
          n<module> u<53> t<Module_keyword> p<57> s<54> l<7:1> el<7:7>
          n<test> u<54> t<SIMPLE_IDENTIFIER> p<57> s<55> l<7:8> el<7:12>
          n<> u<55> t<Package_import_declaration_list> p<57> s<56> l<7:13> el<7:13>
          n<> u<56> t<Port_list> p<57> l<7:13> el<7:15>
        n<> u<87> t<Module_item> p<89> c<86> s<88> l<9:2> el<9:57>
          n<> u<86> t<Non_port_module_item> p<87> c<85> l<9:2> el<9:57>
            n<> u<85> t<Module_or_generate_item> p<86> c<84> l<9:2> el<9:57>
              n<> u<84> t<Module_common_item> p<85> c<83> l<9:2> el<9:57>
                n<> u<83> t<Module_or_generate_item_declaration> p<84> c<82> l<9:2> el<9:57>
                  n<> u<82> t<Package_or_generate_item_declaration> p<83> c<81> l<9:2> el<9:57>
                    n<> u<81> t<Parameter_declaration> p<82> c<58> l<9:2> el<9:56>
                      n<> u<58> t<Data_type_or_implicit> p<81> s<80> l<9:12> el<9:12>
                      n<> u<80> t<Param_assignment_list> p<81> c<79> l<9:12> el<9:56>
                        n<> u<79> t<Param_assignment> p<80> c<59> l<9:12> el<9:56>
                          n<Toto> u<59> t<SIMPLE_IDENTIFIER> p<79> s<78> l<9:12> el<9:16>
                          n<> u<78> t<Constant_param_expression> p<79> c<77> l<9:19> el<9:56>
                            n<> u<77> t<Constant_mintypmax_expression> p<78> c<76> l<9:19> el<9:56>
                              n<> u<76> t<Constant_expression> p<77> c<75> l<9:19> el<9:56>
                                n<> u<75> t<Constant_primary> p<76> c<61> l<9:19> el<9:56>
                                  n<> u<61> t<Package_scope> p<75> c<60> s<62> l<9:19> el<9:42>
                                    n<alert_handler_reg_pkg> u<60> t<SIMPLE_IDENTIFIER> p<61> l<9:19> el<9:40>
                                  n<AsyncOn> u<62> t<SIMPLE_IDENTIFIER> p<75> s<74> l<9:42> el<9:49>
                                  n<> u<74> t<Constant_select> p<75> c<63> l<9:49> el<9:56>
                                    n<> u<63> t<Constant_bit_select> p<74> s<73> l<9:49> el<9:49>
                                    n<> u<73> t<Constant_part_select_range> p<74> c<72> l<9:49> el<9:56>
                                      n<> u<72> t<Constant_range> p<73> c<67> l<9:50> el<9:55>
                                        n<> u<67> t<Constant_expression> p<72> c<66> s<71> l<9:50> el<9:52>
                                          n<> u<66> t<Constant_primary> p<67> c<65> l<9:50> el<9:52>
                                            n<> u<65> t<Primary_literal> p<66> c<64> l<9:50> el<9:52>
                                              n<22> u<64> t<INTEGRAL_NUMBER> p<65> l<9:50> el<9:52>
                                        n<> u<71> t<Constant_expression> p<72> c<70> l<9:53> el<9:55>
                                          n<> u<70> t<Constant_primary> p<71> c<69> l<9:53> el<9:55>
                                            n<> u<69> t<Primary_literal> p<70> c<68> l<9:53> el<9:55>
                                              n<21> u<68> t<INTEGRAL_NUMBER> p<69> l<9:53> el<9:55>
        n<> u<88> t<ENDMODULE> p<89> l<10:1> el<10:10>
    n<> u<162> t<Description> p<369> c<161> s<170> l<13:1> el<26:11>
      n<> u<161> t<Module_declaration> p<162> c<124> l<13:1> el<26:11>
        n<> u<124> t<Module_nonansi_header> p<161> c<91> s<144> l<13:1> el<17:6>
          n<module> u<91> t<Module_keyword> p<124> s<92> l<13:1> el<13:7>
          n<prim_alert_sender> u<92> t<SIMPLE_IDENTIFIER> p<124> s<93> l<13:8> el<13:25>
          n<> u<93> t<Package_import_declaration_list> p<124> s<122> l<14:1> el<14:1>
          n<> u<122> t<Parameter_port_list> p<124> c<107> s<123> l<14:1> el<17:2>
            n<> u<107> t<Parameter_port_declaration> p<122> c<106> s<121> l<15:3> el<15:31>
              n<> u<106> t<Parameter_declaration> p<107> c<96> l<15:3> el<15:31>
                n<> u<96> t<Data_type_or_implicit> p<106> c<95> s<105> l<15:13> el<15:16>
                  n<> u<95> t<Data_type> p<96> c<94> l<15:13> el<15:16>
                    n<> u<94> t<BIT> p<95> l<15:13> el<15:16>
                n<> u<105> t<Param_assignment_list> p<106> c<104> l<15:17> el<15:31>
                  n<> u<104> t<Param_assignment> p<105> c<97> l<15:17> el<15:31>
                    n<AsyncOn> u<97> t<SIMPLE_IDENTIFIER> p<104> s<103> l<15:17> el<15:24>
                    n<> u<103> t<Constant_param_expression> p<104> c<102> l<15:27> el<15:31>
                      n<> u<102> t<Constant_mintypmax_expression> p<103> c<101> l<15:27> el<15:31>
                        n<> u<101> t<Constant_expression> p<102> c<100> l<15:27> el<15:31>
                          n<> u<100> t<Constant_primary> p<101> c<99> l<15:27> el<15:31>
                            n<> u<99> t<Primary_literal> p<100> c<98> l<15:27> el<15:31>
                              n<> u<98> t<ONE_TICK_b1> p<99> l<15:27> el<15:31>
            n<> u<121> t<Parameter_port_declaration> p<122> c<120> l<16:3> el<16:31>
              n<> u<120> t<Parameter_declaration> p<121> c<110> l<16:3> el<16:31>
                n<> u<110> t<Data_type_or_implicit> p<120> c<109> s<119> l<16:13> el<16:16>
                  n<> u<109> t<Data_type> p<110> c<108> l<16:13> el<16:16>
                    n<> u<108> t<BIT> p<109> l<16:13> el<16:16>
                n<> u<119> t<Param_assignment_list> p<120> c<118> l<16:17> el<16:31>
                  n<> u<118> t<Param_assignment> p<119> c<111> l<16:17> el<16:31>
                    n<IsFatal> u<111> t<SIMPLE_IDENTIFIER> p<118> s<117> l<16:17> el<16:24>
                    n<> u<117> t<Constant_param_expression> p<118> c<116> l<16:27> el<16:31>
                      n<> u<116> t<Constant_mintypmax_expression> p<117> c<115> l<16:27> el<16:31>
                        n<> u<115> t<Constant_expression> p<116> c<114> l<16:27> el<16:31>
                          n<> u<114> t<Constant_primary> p<115> c<113> l<16:27> el<16:31>
                            n<> u<113> t<Primary_literal> p<114> c<112> l<16:27> el<16:31>
                              n<> u<112> t<ONE_TICK_b0> p<113> l<16:27> el<16:31>
          n<> u<123> t<Port_list> p<124> l<17:3> el<17:5>
        n<> u<144> t<Module_item> p<161> c<143> s<159> l<19:3> el<21:16>
          n<> u<143> t<Non_port_module_item> p<144> c<142> l<19:3> el<21:16>
            n<> u<142> t<Module_or_generate_item> p<143> c<141> l<19:3> el<21:16>
              n<> u<141> t<Module_instantiation> p<142> c<125> l<19:3> el<21:16>
                n<prim_diff_decode> u<125> t<SIMPLE_IDENTIFIER> p<141> s<135> l<19:3> el<19:19>
                n<> u<135> t<Parameter_value_assignment> p<141> c<134> s<140> l<19:20> el<21:4>
                  n<> u<134> t<Parameter_assignment_list> p<135> c<133> l<20:5> el<20:22>
                    n<> u<133> t<Named_parameter_assignment> p<134> c<126> l<20:5> el<20:22>
                      n<AsyncOn> u<126> t<SIMPLE_IDENTIFIER> p<133> s<132> l<20:6> el<20:13>
                      n<> u<132> t<Param_expression> p<133> c<131> l<20:14> el<20:21>
                        n<> u<131> t<Mintypmax_expression> p<132> c<130> l<20:14> el<20:21>
                          n<> u<130> t<Expression> p<131> c<129> l<20:14> el<20:21>
                            n<> u<129> t<Primary> p<130> c<128> l<20:14> el<20:21>
                              n<> u<128> t<Primary_literal> p<129> c<127> l<20:14> el<20:21>
                                n<AsyncOn> u<127> t<SIMPLE_IDENTIFIER> p<128> l<20:14> el<20:21>
                n<> u<140> t<Hierarchical_instance> p<141> c<137> l<21:5> el<21:15>
                  n<> u<137> t<Name_of_instance> p<140> c<136> s<139> l<21:5> el<21:12>
                    n<dec_ack> u<136> t<SIMPLE_IDENTIFIER> p<137> l<21:5> el<21:12>
                  n<> u<139> t<Port_connection_list> p<140> c<138> l<21:14> el<21:14>
                    n<> u<138> t<Ordered_port_connection> p<139> l<21:14> el<21:14>
        n<> u<159> t<Module_item> p<161> c<158> s<160> l<23:5> el<24:8>
          n<> u<158> t<Non_port_module_item> p<159> c<157> l<23:5> el<24:8>
            n<> u<157> t<Module_or_generate_item> p<158> c<156> l<23:5> el<24:8>
              n<> u<156> t<Module_common_item> p<157> c<155> l<23:5> el<24:8>
                n<> u<155> t<Conditional_generate_construct> p<156> c<154> l<23:5> el<24:8>
                  n<> u<154> t<If_generate_construct> p<155> c<153> l<23:5> el<24:8>
                    n<> u<153> t<IF> p<154> s<148> l<23:5> el<23:7>
                    n<> u<148> t<Constant_expression> p<154> c<147> s<152> l<23:9> el<23:16>
                      n<> u<147> t<Constant_primary> p<148> c<146> l<23:9> el<23:16>
                        n<> u<146> t<Primary_literal> p<147> c<145> l<23:9> el<23:16>
                          n<AsyncOn> u<145> t<SIMPLE_IDENTIFIER> p<146> l<23:9> el<23:16>
                    n<> u<152> t<Generate_item> p<154> c<151> l<23:18> el<24:8>
                      n<> u<151> t<Generate_begin_end_block> p<152> c<149> l<23:18> el<24:8>
                        n<gen_async_assert> u<149> t<SIMPLE_IDENTIFIER> p<151> s<150> l<23:26> el<23:42>
                        n<> u<150> t<END> p<151> l<24:5> el<24:8>
        n<> u<160> t<ENDMODULE> p<161> l<26:2> el<26:11>
    n<> u<170> t<Description> p<369> c<169> s<217> l<28:1> el<29:10>
      n<> u<169> t<Module_declaration> p<170> c<167> l<28:1> el<29:10>
        n<> u<167> t<Module_nonansi_header> p<169> c<163> s<168> l<28:1> el<28:15>
          n<module> u<163> t<Module_keyword> p<167> s<164> l<28:1> el<28:7>
          n<GOOD> u<164> t<SIMPLE_IDENTIFIER> p<167> s<165> l<28:8> el<28:12>
          n<> u<165> t<Package_import_declaration_list> p<167> s<166> l<28:12> el<28:12>
          n<> u<166> t<Port_list> p<167> l<28:12> el<28:14>
        n<> u<168> t<ENDMODULE> p<169> l<29:1> el<29:10>
    n<> u<217> t<Description> p<369> c<216> s<260> l<31:1> el<39:10>
      n<> u<216> t<Module_declaration> p<217> c<190> l<31:1> el<39:10>
        n<> u<190> t<Module_nonansi_header> p<216> c<171> s<214> l<31:1> el<33:6>
          n<module> u<171> t<Module_keyword> p<190> s<172> l<31:1> el<31:7>
          n<prim_diff_decode> u<172> t<SIMPLE_IDENTIFIER> p<190> s<173> l<31:8> el<31:24>
          n<> u<173> t<Package_import_declaration_list> p<190> s<188> l<31:25> el<31:25>
          n<> u<188> t<Parameter_port_list> p<190> c<187> s<189> l<31:25> el<33:2>
            n<> u<187> t<Parameter_port_declaration> p<188> c<186> l<32:3> el<32:31>
              n<> u<186> t<Parameter_declaration> p<187> c<176> l<32:3> el<32:31>
                n<> u<176> t<Data_type_or_implicit> p<186> c<175> s<185> l<32:13> el<32:16>
                  n<> u<175> t<Data_type> p<176> c<174> l<32:13> el<32:16>
                    n<> u<174> t<BIT> p<175> l<32:13> el<32:16>
                n<> u<185> t<Param_assignment_list> p<186> c<184> l<32:17> el<32:31>
                  n<> u<184> t<Param_assignment> p<185> c<177> l<32:17> el<32:31>
                    n<AsyncOn> u<177> t<SIMPLE_IDENTIFIER> p<184> s<183> l<32:17> el<32:24>
                    n<> u<183> t<Constant_param_expression> p<184> c<182> l<32:27> el<32:31>
                      n<> u<182> t<Constant_mintypmax_expression> p<183> c<181> l<32:27> el<32:31>
                        n<> u<181> t<Constant_expression> p<182> c<180> l<32:27> el<32:31>
                          n<> u<180> t<Constant_primary> p<181> c<179> l<32:27> el<32:31>
                            n<> u<179> t<Primary_literal> p<180> c<178> l<32:27> el<32:31>
                              n<> u<178> t<ONE_TICK_b0> p<179> l<32:27> el<32:31>
          n<> u<189> t<Port_list> p<190> l<33:3> el<33:5>
        n<> u<214> t<Module_item> p<216> c<213> s<215> l<35:3> el<37:6>
          n<> u<213> t<Non_port_module_item> p<214> c<212> l<35:3> el<37:6>
            n<> u<212> t<Module_or_generate_item> p<213> c<211> l<35:3> el<37:6>
              n<> u<211> t<Module_common_item> p<212> c<210> l<35:3> el<37:6>
                n<> u<210> t<Conditional_generate_construct> p<211> c<209> l<35:3> el<37:6>
                  n<> u<209> t<If_generate_construct> p<210> c<208> l<35:3> el<37:6>
                    n<> u<208> t<IF> p<209> s<194> l<35:3> el<35:5>
                    n<> u<194> t<Constant_expression> p<209> c<193> s<207> l<35:7> el<35:14>
                      n<> u<193> t<Constant_primary> p<194> c<192> l<35:7> el<35:14>
                        n<> u<192> t<Primary_literal> p<193> c<191> l<35:7> el<35:14>
                          n<AsyncOn> u<191> t<SIMPLE_IDENTIFIER> p<192> l<35:7> el<35:14>
                    n<> u<207> t<Generate_item> p<209> c<206> l<35:16> el<37:6>
                      n<> u<206> t<Generate_begin_end_block> p<207> c<195> l<35:16> el<37:6>
                        n<gen_async> u<195> t<SIMPLE_IDENTIFIER> p<206> s<204> l<35:24> el<35:33>
                        n<> u<204> t<Generate_item> p<206> c<203> s<205> l<36:6> el<36:18>
                          n<> u<203> t<Module_or_generate_item> p<204> c<202> l<36:6> el<36:18>
                            n<> u<202> t<Module_instantiation> p<203> c<196> l<36:6> el<36:18>
                              n<GOOD> u<196> t<SIMPLE_IDENTIFIER> p<202> s<201> l<36:6> el<36:10>
                              n<> u<201> t<Hierarchical_instance> p<202> c<198> l<36:11> el<36:17>
                                n<> u<198> t<Name_of_instance> p<201> c<197> s<200> l<36:11> el<36:15>
                                  n<good> u<197> t<SIMPLE_IDENTIFIER> p<198> l<36:11> el<36:15>
                                n<> u<200> t<Port_connection_list> p<201> c<199> l<36:16> el<36:16>
                                  n<> u<199> t<Ordered_port_connection> p<200> l<36:16> el<36:16>
                        n<> u<205> t<END> p<206> l<37:3> el<37:6>
        n<> u<215> t<ENDMODULE> p<216> l<39:1> el<39:10>
    n<> u<260> t<Description> p<369> c<259> s<368> l<41:1> el<47:10>
      n<> u<259> t<Module_declaration> p<260> c<222> l<41:1> el<47:10>
        n<> u<222> t<Module_nonansi_header> p<259> c<218> s<257> l<41:1> el<41:15>
          n<module> u<218> t<Module_keyword> p<222> s<219> l<41:1> el<41:7>
          n<top> u<219> t<SIMPLE_IDENTIFIER> p<222> s<220> l<41:8> el<41:11>
          n<> u<220> t<Package_import_declaration_list> p<222> s<221> l<41:12> el<41:12>
          n<> u<221> t<Port_list> p<222> l<41:12> el<41:14>
        n<> u<257> t<Module_item> p<259> c<256> s<258> l<43:3> el<45:13>
          n<> u<256> t<Non_port_module_item> p<257> c<255> l<43:3> el<45:13>
            n<> u<255> t<Module_or_generate_item> p<256> c<254> l<43:3> el<45:13>
              n<> u<254> t<Module_instantiation> p<255> c<223> l<43:3> el<45:13>
                n<aes> u<223> t<SIMPLE_IDENTIFIER> p<254> s<248> l<43:3> el<43:6>
                n<> u<248> t<Parameter_value_assignment> p<254> c<247> s<253> l<43:7> el<45:3>
                  n<> u<247> t<Parameter_assignment_list> p<248> c<246> l<44:5> el<44:57>
                    n<> u<246> t<Named_parameter_assignment> p<247> c<224> l<44:5> el<44:57>
                      n<AlertAsyncOn> u<224> t<SIMPLE_IDENTIFIER> p<246> s<245> l<44:6> el<44:18>
                      n<> u<245> t<Param_expression> p<246> c<244> l<44:19> el<44:56>
                        n<> u<244> t<Mintypmax_expression> p<245> c<243> l<44:19> el<44:56>
                          n<> u<243> t<Expression> p<244> c<242> l<44:19> el<44:56>
                            n<> u<242> t<Primary> p<243> c<241> l<44:19> el<44:56>
                              n<> u<241> t<Subroutine_call> p<242> c<227> l<44:19> el<44:56>
                                n<> u<227> t<Class_scope> p<241> c<226> s<228> l<44:19> el<44:42>
                                  n<> u<226> t<Class_type> p<227> c<225> l<44:19> el<44:40>
                                    n<alert_handler_reg_pkg> u<225> t<SIMPLE_IDENTIFIER> p<226> l<44:19> el<44:40>
                                n<AsyncOn> u<228> t<SIMPLE_IDENTIFIER> p<241> s<240> l<44:42> el<44:49>
                                n<> u<240> t<Select> p<241> c<229> l<44:49> el<44:56>
                                  n<> u<229> t<Bit_select> p<240> s<239> l<44:49> el<44:49>
                                  n<> u<239> t<Part_select_range> p<240> c<238> l<44:50> el<44:55>
                                    n<> u<238> t<Constant_range> p<239> c<233> l<44:50> el<44:55>
                                      n<> u<233> t<Constant_expression> p<238> c<232> s<237> l<44:50> el<44:52>
                                        n<> u<232> t<Constant_primary> p<233> c<231> l<44:50> el<44:52>
                                          n<> u<231> t<Primary_literal> p<232> c<230> l<44:50> el<44:52>
                                            n<22> u<230> t<INTEGRAL_NUMBER> p<231> l<44:50> el<44:52>
                                      n<> u<237> t<Constant_expression> p<238> c<236> l<44:53> el<44:55>
                                        n<> u<236> t<Constant_primary> p<237> c<235> l<44:53> el<44:55>
                                          n<> u<235> t<Primary_literal> p<236> c<234> l<44:53> el<44:55>
                                            n<21> u<234> t<INTEGRAL_NUMBER> p<235> l<44:53> el<44:55>
                n<> u<253> t<Hierarchical_instance> p<254> c<250> l<45:4> el<45:12>
                  n<> u<250> t<Name_of_instance> p<253> c<249> s<252> l<45:4> el<45:9>
                    n<u_aes> u<249> t<SIMPLE_IDENTIFIER> p<250> l<45:4> el<45:9>
                  n<> u<252> t<Port_connection_list> p<253> c<251> l<45:11> el<45:11>
                    n<> u<251> t<Ordered_port_connection> p<252> l<45:11> el<45:11>
        n<> u<258> t<ENDMODULE> p<259> l<47:1> el<47:10>
    n<> u<368> t<Description> p<369> c<367> l<49:1> el<60:10>
      n<> u<367> t<Module_declaration> p<368> c<304> l<49:1> el<60:10>
        n<> u<304> t<Module_nonansi_header> p<367> c<261> s<365> l<49:1> el<50:56>
          n<module> u<261> t<Module_keyword> p<304> s<262> l<49:1> el<49:7>
          n<aes> u<262> t<SIMPLE_IDENTIFIER> p<304> s<263> l<49:8> el<49:11>
          n<> u<263> t<Package_import_declaration_list> p<304> s<302> l<50:1> el<50:1>
          n<> u<302> t<Parameter_port_list> p<304> c<301> s<303> l<50:1> el<50:53>
            n<> u<301> t<Parameter_port_declaration> p<302> c<300> l<50:4> el<50:52>
              n<> u<300> t<Parameter_declaration> p<301> c<282> l<50:4> el<50:52>
                n<> u<282> t<Data_type_or_implicit> p<300> c<281> s<299> l<50:14> el<50:27>
                  n<> u<281> t<Data_type> p<282> c<264> l<50:14> el<50:27>
                    n<> u<264> t<LOGIC> p<281> s<280> l<50:14> el<50:19>
                    n<> u<280> t<Packed_dimension> p<281> c<279> l<50:20> el<50:27>
                      n<> u<279> t<Constant_range> p<280> c<274> l<50:21> el<50:26>
                        n<> u<274> t<Constant_expression> p<279> c<268> s<278> l<50:21> el<50:24>
                          n<> u<268> t<Constant_expression> p<274> c<267> s<273> l<50:21> el<50:22>
                            n<> u<267> t<Constant_primary> p<268> c<266> l<50:21> el<50:22>
                              n<> u<266> t<Primary_literal> p<267> c<265> l<50:21> el<50:22>
                                n<4> u<265> t<INTEGRAL_NUMBER> p<266> l<50:21> el<50:22>
                          n<> u<273> t<BinaryOp_Minus> p<274> s<272> l<50:22> el<50:23>
                          n<> u<272> t<Constant_expression> p<274> c<271> l<50:23> el<50:24>
                            n<> u<271> t<Constant_primary> p<272> c<270> l<50:23> el<50:24>
                              n<> u<270> t<Primary_literal> p<271> c<269> l<50:23> el<50:24>
                                n<1> u<269> t<INTEGRAL_NUMBER> p<270> l<50:23> el<50:24>
                        n<> u<278> t<Constant_expression> p<279> c<277> l<50:25> el<50:26>
                          n<> u<277> t<Constant_primary> p<278> c<276> l<50:25> el<50:26>
                            n<> u<276> t<Primary_literal> p<277> c<275> l<50:25> el<50:26>
                              n<0> u<275> t<INTEGRAL_NUMBER> p<276> l<50:25> el<50:26>
                n<> u<299> t<Param_assignment_list> p<300> c<298> l<50:28> el<50:52>
                  n<> u<298> t<Param_assignment> p<299> c<283> l<50:28> el<50:52>
                    n<AlertAsyncOn> u<283> t<SIMPLE_IDENTIFIER> p<298> s<297> l<50:28> el<50:40>
                    n<> u<297> t<Constant_param_expression> p<298> c<296> l<50:43> el<50:52>
                      n<> u<296> t<Constant_mintypmax_expression> p<297> c<295> l<50:43> el<50:52>
                        n<> u<295> t<Constant_expression> p<296> c<294> l<50:43> el<50:52>
                          n<> u<294> t<Constant_primary> p<295> c<293> l<50:43> el<50:52>
                            n<> u<293> t<Constant_multiple_concatenation> p<294> c<287> l<50:43> el<50:52>
                              n<> u<287> t<Constant_expression> p<293> c<286> s<292> l<50:44> el<50:45>
                                n<> u<286> t<Constant_primary> p<287> c<285> l<50:44> el<50:45>
                                  n<> u<285> t<Primary_literal> p<286> c<284> l<50:44> el<50:45>
                                    n<4> u<284> t<INTEGRAL_NUMBER> p<285> l<50:44> el<50:45>
                              n<> u<292> t<Constant_concatenation> p<293> c<291> l<50:45> el<50:51>
                                n<> u<291> t<Constant_expression> p<292> c<290> l<50:46> el<50:50>
                                  n<> u<290> t<Constant_primary> p<291> c<289> l<50:46> el<50:50>
                                    n<> u<289> t<Primary_literal> p<290> c<288> l<50:46> el<50:50>
                                      n<> u<288> t<ONE_TICK_b1> p<289> l<50:46> el<50:50>
          n<> u<303> t<Port_list> p<304> l<50:53> el<50:55>
        n<> u<365> t<Module_item> p<367> c<364> s<366> l<52:4> el<58:6>
          n<> u<364> t<Non_port_module_item> p<365> c<363> l<52:4> el<58:6>
            n<> u<363> t<Module_or_generate_item> p<364> c<362> l<52:4> el<58:6>
              n<> u<362> t<Module_common_item> p<363> c<361> l<52:4> el<58:6>
                n<> u<361> t<Loop_generate_construct> p<362> c<310> l<52:4> el<58:6>
                  n<> u<310> t<Genvar_initialization> p<361> c<305> s<320> l<52:9> el<52:21>
                    n<i> u<305> t<SIMPLE_IDENTIFIER> p<310> s<309> l<52:16> el<52:17>
                    n<> u<309> t<Constant_expression> p<310> c<308> l<52:20> el<52:21>
                      n<> u<308> t<Constant_primary> p<309> c<307> l<52:20> el<52:21>
                        n<> u<307> t<Primary_literal> p<308> c<306> l<52:20> el<52:21>
                          n<0> u<306> t<INTEGRAL_NUMBER> p<307> l<52:20> el<52:21>
                  n<> u<320> t<Constant_expression> p<361> c<314> s<323> l<52:23> el<52:28>
                    n<> u<314> t<Constant_expression> p<320> c<313> s<319> l<52:23> el<52:24>
                      n<> u<313> t<Constant_primary> p<314> c<312> l<52:23> el<52:24>
                        n<> u<312> t<Primary_literal> p<313> c<311> l<52:23> el<52:24>
                          n<i> u<311> t<SIMPLE_IDENTIFIER> p<312> l<52:23> el<52:24>
                    n<> u<319> t<LESS> p<320> s<318> l<52:25> el<52:26>
                    n<> u<318> t<Constant_expression> p<320> c<317> l<52:27> el<52:28>
                      n<> u<317> t<Constant_primary> p<318> c<316> l<52:27> el<52:28>
                        n<> u<316> t<Primary_literal> p<317> c<315> l<52:27> el<52:28>
                          n<4> u<315> t<INTEGRAL_NUMBER> p<316> l<52:27> el<52:28>
                  n<> u<323> t<Genvar_iteration> p<361> c<321> s<360> l<52:30> el<52:33>
                    n<i> u<321> t<SIMPLE_IDENTIFIER> p<323> s<322> l<52:30> el<52:31>
                    n<> u<322> t<PLUSPLUS> p<323> l<52:31> el<52:33>
                  n<> u<360> t<Generate_item> p<361> c<359> l<52:35> el<58:6>
                    n<> u<359> t<Generate_begin_end_block> p<360> c<324> l<52:35> el<58:6>
                      n<gen_alert_tx> u<324> t<SIMPLE_IDENTIFIER> p<359> s<357> l<52:43> el<52:55>
                      n<> u<357> t<Generate_item> p<359> c<356> s<358> l<53:5> el<57:7>
                        n<> u<356> t<Module_or_generate_item> p<357> c<355> l<53:5> el<57:7>
                          n<> u<355> t<Module_instantiation> p<356> c<325> l<53:5> el<57:7>
                            n<prim_alert_sender> u<325> t<SIMPLE_IDENTIFIER> p<355> s<349> l<53:5> el<53:22>
                            n<> u<349> t<Parameter_value_assignment> p<355> c<348> s<354> l<53:23> el<56:6>
                              n<> u<348> t<Parameter_assignment_list> p<349> c<339> l<54:7> el<55:18>
                                n<> u<339> t<Named_parameter_assignment> p<348> c<326> s<347> l<54:7> el<54:32>
                                  n<AsyncOn> u<326> t<SIMPLE_IDENTIFIER> p<339> s<338> l<54:8> el<54:15>
                                  n<> u<338> t<Param_expression> p<339> c<337> l<54:16> el<54:31>
                                    n<> u<337> t<Mintypmax_expression> p<338> c<336> l<54:16> el<54:31>
                                      n<> u<336> t<Expression> p<337> c<335> l<54:16> el<54:31>
                                        n<> u<335> t<Primary> p<336> c<334> l<54:16> el<54:31>
                                          n<> u<334> t<Subroutine_call> p<335> c<327> l<54:16> el<54:31>
                                            n<AlertAsyncOn> u<327> t<SIMPLE_IDENTIFIER> p<334> s<333> l<54:16> el<54:28>
                                            n<> u<333> t<Select> p<334> c<332> l<54:28> el<54:31>
                                              n<> u<332> t<Bit_select> p<333> c<331> l<54:28> el<54:31>
                                                n<> u<331> t<Expression> p<332> c<330> l<54:29> el<54:30>
                                                  n<> u<330> t<Primary> p<331> c<329> l<54:29> el<54:30>
                                                    n<> u<329> t<Primary_literal> p<330> c<328> l<54:29> el<54:30>
                                                      n<i> u<328> t<SIMPLE_IDENTIFIER> p<329> l<54:29> el<54:30>
                                n<> u<347> t<Named_parameter_assignment> p<348> c<340> l<55:7> el<55:18>
                                  n<IsFatal> u<340> t<SIMPLE_IDENTIFIER> p<347> s<346> l<55:8> el<55:15>
                                  n<> u<346> t<Param_expression> p<347> c<345> l<55:16> el<55:17>
                                    n<> u<345> t<Mintypmax_expression> p<346> c<344> l<55:16> el<55:17>
                                      n<> u<344> t<Expression> p<345> c<343> l<55:16> el<55:17>
                                        n<> u<343> t<Primary> p<344> c<342> l<55:16> el<55:17>
                                          n<> u<342> t<Primary_literal> p<343> c<341> l<55:16> el<55:17>
                                            n<i> u<341> t<SIMPLE_IDENTIFIER> p<342> l<55:16> el<55:17>
                            n<> u<354> t<Hierarchical_instance> p<355> c<351> l<56:7> el<57:6>
                              n<> u<351> t<Name_of_instance> p<354> c<350> s<353> l<56:7> el<56:19>
                                n<alert_sender> u<350> t<SIMPLE_IDENTIFIER> p<351> l<56:7> el<56:19>
                              n<> u<353> t<Port_connection_list> p<354> c<352> l<57:5> el<57:5>
                                n<> u<352> t<Ordered_port_connection> p<353> l<57:5> el<57:5>
                      n<> u<358> t<END> p<359> l<58:3> el<58:6>
        n<> u<366> t<ENDMODULE> p<367> l<60:1> el<60:10>
AST_DEBUG_END
[INF:CP0301] $Source01/dut.sv:2:1: Compile package "work@alert_handler_reg_pkg".
[INF:CP0303] $Source01/dut.sv:7:1: Compile module "work@test".
[INF:CP0303] $Source01/dut.sv:13:1: Compile module "work@prim_alert_sender".
[INF:CP0335] $Source01/dut.sv:23:26: Compile generate block "gen_async_assert".
[INF:CP0303] $Source01/dut.sv:28:1: Compile module "work@GOOD".
[INF:CP0303] $Source01/dut.sv:31:1: Compile module "work@prim_diff_decode".
[INF:CP0335] $Source01/dut.sv:35:24: Compile generate block "gen_async".
[INF:CP0303] $Source01/dut.sv:41:1: Compile module "work@top".
[INF:CP0303] $Source01/dut.sv:49:1: Compile module "work@aes".
[INF:CP0335] $Source01/dut.sv:52:43: Compile generate block "gen_alert_tx".
[ERR:EL0535] $Source01/dut.sv:44:42: Illegal implicit net "id:129, name:AsyncOn".
[ERR:EL0535] $Source01/dut.sv:44:6: Illegal implicit net "id:131, name:AlertAsyncOn".
[ERR:EL0535] $Source01/dut.sv:54:8: Illegal implicit net "id:181, name:AsyncOn".
[ERR:EL0535] $Source01/dut.sv:55:8: Illegal implicit net "id:184, name:IsFatal".
[WRN:PA0205] $Source01/dut.sv:2:1: No timescale set for "work@alert_handler_reg_pkg".
[WRN:PA0205] $Source01/dut.sv:7:1: No timescale set for "work@test".
[WRN:PA0205] $Source01/dut.sv:13:1: No timescale set for "work@prim_alert_sender".
[WRN:PA0205] $Source01/dut.sv:28:1: No timescale set for "work@GOOD".
[WRN:PA0205] $Source01/dut.sv:31:1: No timescale set for "work@prim_diff_decode".
[WRN:PA0205] $Source01/dut.sv:41:1: No timescale set for "work@top".
[WRN:PA0205] $Source01/dut.sv:49:1: No timescale set for "work@aes".
====== HLDB =======
Design name:unnamed:
  vpiName: unnamed
  vpiSourceFile (1 items):
    SourceFile name:dut.sv file:$Source01/dut.sv:
      vpiParent: Design name:unnamed
      vpiName: dut.sv
      vpiPreprocFile: "$Output/lib/work/dut.sv"
      vpiDefNetType: none (12)
  vpiAllPackages (1 items):
    Package name:work@alert_handler_reg_pkg file:$Source01/dut.sv start:2:1 end:5:11:
      vpiParent: Design name:unnamed
      vpiName Identifier name:work@alert_handler_reg_pkg start:2:9 end:2:30:
        vpiParent: Package name:work@alert_handler_reg_pkg
        vpiName: work@alert_handler_reg_pkg
      vpiFullName: work@alert_handler_reg_pkg
      vpiParameter (2 items):
        Parameter name:NAlerts start:3:17 end:3:24:
          vpiParent: Package name:work@alert_handler_reg_pkg
          vpiTypespec RefTypespec start:3:13 end:3:16:
            vpiParent: Parameter name:NAlerts
            vpiFullName: work@alert_handler_reg_pkg::NAlerts
            vpiActual: IntTypespec
          vpiName: NAlerts
          vpiFullName: work@alert_handler_reg_pkg::NAlerts
        Parameter name:AsyncOn start:4:33 end:4:40:
          vpiParent: Package name:work@alert_handler_reg_pkg
          vpiTypespec RefTypespec start:4:13 end:4:32:
            vpiParent: Parameter name:AsyncOn
            vpiFullName: work@alert_handler_reg_pkg::AsyncOn
            vpiActual: LogicTypespec
          vpiName: AsyncOn
          vpiFullName: work@alert_handler_reg_pkg::AsyncOn
      vpiParamAssign (2 items):
        ParamAssign start:3:17 end:3:29:
          vpiParent: Package name:work@alert_handler_reg_pkg
          vpiLhs RefObj name:NAlerts start:3:17 end:3:24:
            vpiParent: ParamAssign
            vpiName: NAlerts
            vpiFullName: work@alert_handler_reg_pkg::NAlerts
            vpiActual: Parameter name:NAlerts
          vpiRhs Constant start:3:27 end:3:29:
            vpiParent: ParamAssign
            vpiTypespec RefTypespec:
              vpiParent: Constant
              vpiFullName: work@alert_handler_reg_pkg
              vpiActual: IntTypespec
            vpiConstType: unsigned int (9)
            vpiSize: 64
            vpiDecompile: "35"
            vpiValue: 35
        ParamAssign start:4:33 end:4:82:
          vpiParent: Package name:work@alert_handler_reg_pkg
          vpiLhs RefObj name:AsyncOn start:4:33 end:4:40:
            vpiParent: ParamAssign
            vpiName: AsyncOn
            vpiFullName: work@alert_handler_reg_pkg::AsyncOn
            vpiActual: Parameter name:AsyncOn
          vpiRhs Constant start:4:43 end:4:82:
            vpiParent: ParamAssign
            vpiTypespec RefTypespec:
              vpiParent: Constant
              vpiFullName: work@alert_handler_reg_pkg
              vpiActual: LogicTypespec
            vpiConstType: binary (3)
            vpiSize: 35
            vpiDecompile: "35'b11111111111111111100000000000000000"
            vpiValue: "11111111111111111100000000000000000"
      vpiTypespec (1 items):
        LogicTypespec:
          vpiParent: Package name:work@alert_handler_reg_pkg
          vpiRange (1 items):
            Range start:4:19 end:4:32:
              vpiParent: LogicTypespec
              vpiLeftRange Operation start:4:20 end:4:29:
                vpiParent: Range
                vpiOpType: subtract (11)
                vpiOperand (2 items):
                  RefObj name:NAlerts start:4:20 end:4:27:
                    vpiParent: Operation
                    vpiName: NAlerts
                    vpiFullName: work@alert_handler_reg_pkg::NAlerts
                    vpiActual: Parameter name:NAlerts
                  Constant start:4:28 end:4:29:
                    vpiParent: Operation
                    vpiTypespec RefTypespec:
                      vpiParent: Constant
                      vpiFullName: work@alert_handler_reg_pkg
                      vpiActual: IntTypespec
                    vpiConstType: unsigned int (9)
                    vpiSize: 64
                    vpiDecompile: "1"
                    vpiValue: 1
              vpiRightRange Constant start:4:30 end:4:31:
                vpiParent: Range
                vpiTypespec RefTypespec:
                  vpiParent: Constant
                  vpiFullName: work@alert_handler_reg_pkg
                  vpiActual: IntTypespec
                vpiConstType: unsigned int (9)
                vpiSize: 64
                vpiDecompile: "0"
                vpiValue: 0
          vpiVector: true
      vpiDefName: work@alert_handler_reg_pkg
      vpiDefNetType: none (12)
      vpiLibrary RefObj name:work:
        vpiParent: Package name:work@alert_handler_reg_pkg
        vpiName: work
        vpiFullName: work@alert_handler_reg_pkg::work
      vpiCell: alert_handler_reg_pkg
  vpiAllModules (6 items):
    Module name:work@test file:$Source01/dut.sv start:7:1 end:10:10:
      vpiParent: Design name:unnamed
      vpiName Identifier name:work@test start:7:8 end:7:12:
        vpiParent: Module name:work@test
        vpiName: work@test
      vpiFullName: work@test
      vpiParameter (1 items):
        Parameter name:Toto start:9:12 end:9:16:
          vpiParent: Module name:work@test
          vpiTypespec RefTypespec start:9:12 end:9:12:
            vpiParent: Parameter name:Toto
            vpiFullName: work@test.Toto
            vpiActual: LogicTypespec
          vpiName: Toto
          vpiFullName: work@test.Toto
      vpiParamAssign (1 items):
        ParamAssign start:9:12 end:9:56:
          vpiParent: Module name:work@test
          vpiLhs RefObj name:Toto start:9:12 end:9:16:
            vpiParent: ParamAssign
            vpiName: Toto
            vpiFullName: work@test.Toto
            vpiActual: Parameter name:Toto
          vpiRhs HierPath name:alert_handler_reg_pkg::AsyncOn[22:21] start:9:19 end:9:56:
            vpiParent: ParamAssign
            vpiName: alert_handler_reg_pkg::AsyncOn[22:21]
            vpiFullName: work@test.alert_handler_reg_pkg::AsyncOn[22:21]
            vpiPathElem (2 items):
              RefObj name:alert_handler_reg_pkg start:9:19 end:9:42:
                vpiParent: HierPath name:alert_handler_reg_pkg::AsyncOn[22:21]
                vpiName: alert_handler_reg_pkg
                vpiFullName: work@test.alert_handler_reg_pkg
                vpiActual: Package name:work@alert_handler_reg_pkg
              PartSelect name:AsyncOn[22:21] start:9:42 end:9:56:
                vpiParent: HierPath name:alert_handler_reg_pkg::AsyncOn[22:21]
                vpiName: AsyncOn[22:21]
                vpiFullName: work@test.alert_handler_reg_pkg::AsyncOn[22:21].AsyncOn[22:21]
                vpiPrefix RefObj name:AsyncOn start:9:42 end:9:49:
                  vpiParent: PartSelect name:AsyncOn[22:21]
                  vpiName: AsyncOn
                  vpiFullName: work@test.alert_handler_reg_pkg::AsyncOn[22:21].AsyncOn[22:21].AsyncOn
                  vpiActual: Parameter name:AsyncOn
                vpiRange Range start:9:50 end:9:55:
                  vpiParent: PartSelect name:AsyncOn[22:21]
                  vpiLeftRange Constant start:9:50 end:9:52:
                    vpiParent: Range
                    vpiTypespec RefTypespec:
                      vpiParent: Constant
                      vpiFullName: work@test.alert_handler_reg_pkg::AsyncOn[22:21].AsyncOn[22:21]
                      vpiActual: IntTypespec
                    vpiConstType: unsigned int (9)
                    vpiSize: 64
                    vpiDecompile: "22"
                    vpiValue: 22
                  vpiRightRange Constant start:9:53 end:9:55:
                    vpiParent: Range
                    vpiTypespec RefTypespec:
                      vpiParent: Constant
                      vpiFullName: work@test.alert_handler_reg_pkg::AsyncOn[22:21].AsyncOn[22:21]
                      vpiActual: IntTypespec
                    vpiConstType: unsigned int (9)
                    vpiSize: 64
                    vpiDecompile: "21"
                    vpiValue: 21
      vpiTypespec (1 items):
        LogicTypespec:
          vpiParent: Module name:work@test
      vpiDefName: work@test
      vpiDefNetType: none (12)
      vpiLibrary RefObj name:work:
        vpiParent: Module name:work@test
        vpiName: work
        vpiFullName: work@test.work
      vpiCell: test
    Module name:work@prim_alert_sender file:$Source01/dut.sv start:13:1 end:26:11:
      vpiParent: Design name:unnamed
      vpiName Identifier name:work@prim_alert_sender start:13:8 end:13:25:
        vpiParent: Module name:work@prim_alert_sender
        vpiName: work@prim_alert_sender
      vpiFullName: work@prim_alert_sender
      vpiParameter (2 items):
        Parameter name:AsyncOn start:15:17 end:15:24:
          vpiParent: Module name:work@prim_alert_sender
          vpiTypespec RefTypespec start:15:13 end:15:16:
            vpiParent: Parameter name:AsyncOn
            vpiFullName: work@prim_alert_sender.AsyncOn
            vpiActual: BitTypespec
          vpiName: AsyncOn
          vpiFullName: work@prim_alert_sender.AsyncOn
        Parameter name:IsFatal start:16:17 end:16:24:
          vpiParent: Module name:work@prim_alert_sender
          vpiTypespec RefTypespec start:16:13 end:16:16:
            vpiParent: Parameter name:IsFatal
            vpiFullName: work@prim_alert_sender.IsFatal
            vpiActual: BitTypespec
          vpiName: IsFatal
          vpiFullName: work@prim_alert_sender.IsFatal
      vpiParamAssign (2 items):
        ParamAssign start:15:17 end:15:31:
          vpiParent: Module name:work@prim_alert_sender
          vpiLhs RefObj name:AsyncOn start:15:17 end:15:24:
            vpiParent: ParamAssign
            vpiName: AsyncOn
            vpiFullName: work@prim_alert_sender.AsyncOn
            vpiActual: Parameter name:AsyncOn
          vpiRhs Constant start:15:27 end:15:31:
            vpiParent: ParamAssign
            vpiTypespec RefTypespec:
              vpiParent: Constant
              vpiFullName: work@prim_alert_sender
              vpiActual: BitTypespec
            vpiConstType: binary (3)
            vpiSize: 1
            vpiDecompile: "1'b1"
            vpiValue: "1"
        ParamAssign start:16:17 end:16:31:
          vpiParent: Module name:work@prim_alert_sender
          vpiLhs RefObj name:IsFatal start:16:17 end:16:24:
            vpiParent: ParamAssign
            vpiName: IsFatal
            vpiFullName: work@prim_alert_sender.IsFatal
            vpiActual: Parameter name:IsFatal
          vpiRhs Constant start:16:27 end:16:31:
            vpiParent: ParamAssign
            vpiTypespec RefTypespec:
              vpiParent: Constant
              vpiFullName: work@prim_alert_sender
              vpiActual: BitTypespec
            vpiConstType: binary (3)
            vpiSize: 1
            vpiDecompile: "1'b0"
            vpiValue: "0"
      vpiTypespec (2 items):
        BitTypespec:
          vpiParent: Module name:work@prim_alert_sender
        ModuleTypespec name:work@prim_diff_decode start:19:3 end:19:19:
          vpiParent: Module name:work@prim_alert_sender
          vpiName Identifier name:work@prim_diff_decode start:19:3 end:19:19:
            vpiParent: ModuleTypespec name:work@prim_diff_decode
            vpiName: work@prim_diff_decode
      vpiDefName: work@prim_alert_sender
      vpiDefNetType: none (12)
      vpiLibrary RefObj name:work:
        vpiParent: Module name:work@prim_alert_sender
        vpiName: work
        vpiFullName: work@prim_alert_sender.work
      vpiCell: prim_alert_sender
      vpiRefInstance (1 items):
        RefInstance name:dec_ack start:21:5 end:21:12:
          vpiParent: Module name:work@prim_alert_sender
          vpiName: dec_ack
          vpiTypespec RefTypespec name:work@prim_diff_decode start:19:3 end:19:19:
            vpiParent: RefInstance name:dec_ack
            vpiName: work@prim_diff_decode
            vpiFullName: work@prim_alert_sender.dec_ack.work@prim_diff_decode
            vpiActual: ModuleTypespec name:work@prim_diff_decode
          vpiParamAssign (1 items):
            ParamAssign start:20:5 end:20:22:
              vpiParent: RefInstance name:dec_ack
              vpiConnByName: true
              vpiLhs RefObj name:AsyncOn start:20:6 end:20:13:
                vpiParent: ParamAssign
                vpiName: AsyncOn
                vpiFullName: work@prim_alert_sender.dec_ack.AsyncOn
                vpiActual: Parameter name:AsyncOn
              vpiRhs RefObj name:AsyncOn start:20:14 end:20:21:
                vpiParent: ParamAssign
                vpiName: AsyncOn
                vpiFullName: work@prim_alert_sender.dec_ack.AsyncOn
                vpiActual: Parameter name:AsyncOn
      vpiGenStmt (1 items):
        GenIf start:23:5 end:24:8:
          vpiParent: Module name:work@prim_alert_sender
          vpiCondition RefObj name:AsyncOn start:23:9 end:23:16:
            vpiParent: GenIf
            vpiName: AsyncOn
            vpiFullName: work@prim_alert_sender.AsyncOn
            vpiActual: Parameter name:AsyncOn
          vpiStmt Begin name:gen_async_assert start:23:18 end:24:8:
            vpiParent: GenIf
            vpiName Identifier name:gen_async_assert start:23:26 end:23:42:
              vpiParent: Begin name:gen_async_assert
              vpiName: gen_async_assert
            vpiFullName: work@prim_alert_sender.gen_async_assert
    Module name:work@GOOD file:$Source01/dut.sv start:28:1 end:29:10:
      vpiParent: Design name:unnamed
      vpiName Identifier name:work@GOOD start:28:8 end:28:12:
        vpiParent: Module name:work@GOOD
        vpiName: work@GOOD
      vpiFullName: work@GOOD
      vpiDefName: work@GOOD
      vpiDefNetType: none (12)
      vpiLibrary RefObj name:work:
        vpiParent: Module name:work@GOOD
        vpiName: work
        vpiFullName: work@GOOD.work
      vpiCell: GOOD
    Module name:work@prim_diff_decode file:$Source01/dut.sv start:31:1 end:39:10:
      vpiParent: Design name:unnamed
      vpiName Identifier name:work@prim_diff_decode start:31:8 end:31:24:
        vpiParent: Module name:work@prim_diff_decode
        vpiName: work@prim_diff_decode
      vpiFullName: work@prim_diff_decode
      vpiParameter (1 items):
        Parameter name:AsyncOn start:32:17 end:32:24:
          vpiParent: Module name:work@prim_diff_decode
          vpiTypespec RefTypespec start:32:13 end:32:16:
            vpiParent: Parameter name:AsyncOn
            vpiFullName: work@prim_diff_decode.AsyncOn
            vpiActual: BitTypespec
          vpiName: AsyncOn
          vpiFullName: work@prim_diff_decode.AsyncOn
      vpiParamAssign (1 items):
        ParamAssign start:32:17 end:32:31:
          vpiParent: Module name:work@prim_diff_decode
          vpiLhs RefObj name:AsyncOn start:32:17 end:32:24:
            vpiParent: ParamAssign
            vpiName: AsyncOn
            vpiFullName: work@prim_diff_decode.AsyncOn
            vpiActual: Parameter name:AsyncOn
          vpiRhs Constant start:32:27 end:32:31:
            vpiParent: ParamAssign
            vpiTypespec RefTypespec:
              vpiParent: Constant
              vpiFullName: work@prim_diff_decode
              vpiActual: BitTypespec
            vpiConstType: binary (3)
            vpiSize: 1
            vpiDecompile: "1'b0"
            vpiValue: "0"
      vpiTypespec (1 items):
        BitTypespec:
          vpiParent: Module name:work@prim_diff_decode
      vpiDefName: work@prim_diff_decode
      vpiDefNetType: none (12)
      vpiLibrary RefObj name:work:
        vpiParent: Module name:work@prim_diff_decode
        vpiName: work
        vpiFullName: work@prim_diff_decode.work
      vpiCell: prim_diff_decode
      vpiGenStmt (1 items):
        GenIf start:35:3 end:37:6:
          vpiParent: Module name:work@prim_diff_decode
          vpiCondition RefObj name:AsyncOn start:35:7 end:35:14:
            vpiParent: GenIf
            vpiName: AsyncOn
            vpiFullName: work@prim_diff_decode.AsyncOn
            vpiActual: Parameter name:AsyncOn
          vpiStmt Begin name:gen_async start:35:16 end:37:6:
            vpiParent: GenIf
            vpiName Identifier name:gen_async start:35:24 end:35:33:
              vpiParent: Begin name:gen_async
              vpiName: gen_async
            vpiFullName: work@prim_diff_decode.gen_async
            vpiTypespec (1 items):
              ModuleTypespec name:work@GOOD start:36:6 end:36:10:
                vpiParent: Begin name:gen_async
                vpiName Identifier name:work@GOOD start:36:6 end:36:10:
                  vpiParent: ModuleTypespec name:work@GOOD
                  vpiName: work@GOOD
            vpiStmt (1 items):
              RefInstance name:good start:36:11 end:36:15:
                vpiParent: Begin name:gen_async
                vpiName: good
                vpiTypespec RefTypespec name:work@GOOD start:36:6 end:36:10:
                  vpiParent: RefInstance name:good
                  vpiName: work@GOOD
                  vpiFullName: work@prim_diff_decode.gen_async.good.work@GOOD
                  vpiActual: ModuleTypespec name:work@GOOD
    Module name:work@top file:$Source01/dut.sv start:41:1 end:47:10:
      vpiParent: Design name:unnamed
      vpiName Identifier name:work@top start:41:8 end:41:11:
        vpiParent: Module name:work@top
        vpiName: work@top
      vpiFullName: work@top
      vpiTypespec (1 items):
        ModuleTypespec name:work@aes start:43:3 end:43:6:
          vpiParent: Module name:work@top
          vpiName Identifier name:work@aes start:43:3 end:43:6:
            vpiParent: ModuleTypespec name:work@aes
            vpiName: work@aes
      vpiDefName: work@top
      vpiDefNetType: none (12)
      vpiLibrary RefObj name:work:
        vpiParent: Module name:work@top
        vpiName: work
        vpiFullName: work@top.work
      vpiCell: top
      vpiRefInstance (1 items):
        RefInstance name:u_aes start:45:4 end:45:9:
          vpiParent: Module name:work@top
          vpiName: u_aes
          vpiTypespec RefTypespec name:work@aes start:43:3 end:43:6:
            vpiParent: RefInstance name:u_aes
            vpiName: work@aes
            vpiFullName: work@top.u_aes.work@aes
            vpiActual: ModuleTypespec name:work@aes
          vpiParamAssign (1 items):
            ParamAssign start:44:5 end:44:57:
              vpiParent: RefInstance name:u_aes
              vpiConnByName: true
              vpiLhs RefObj name:AlertAsyncOn start:44:6 end:44:18:
                vpiParent: ParamAssign
                vpiName: AlertAsyncOn
                vpiFullName: work@top.u_aes.AlertAsyncOn
              vpiRhs HierPath name:alert_handler_reg_pkg::AsyncOn[22:21] start:44:19 end:44:56:
                vpiParent: ParamAssign
                vpiName: alert_handler_reg_pkg::AsyncOn[22:21]
                vpiFullName: work@top.u_aes.alert_handler_reg_pkg::AsyncOn[22:21]
                vpiPathElem (2 items):
                  UnsupportedScope name:alert_handler_reg_pkg start:44:19 end:44:42:
                    vpiParent: HierPath name:alert_handler_reg_pkg::AsyncOn[22:21]
                    vpiName Identifier name:alert_handler_reg_pkg start:44:19 end:44:40:
                      vpiParent: UnsupportedScope name:alert_handler_reg_pkg
                      vpiName: alert_handler_reg_pkg
                    vpiFullName: work@top.u_aes.alert_handler_reg_pkg::AsyncOn[22:21].alert_handler_reg_pkg
                  PartSelect name:AsyncOn[22:21] start:44:42 end:44:56:
                    vpiParent: HierPath name:alert_handler_reg_pkg::AsyncOn[22:21]
                    vpiName: AsyncOn[22:21]
                    vpiFullName: work@top.u_aes.alert_handler_reg_pkg::AsyncOn[22:21].AsyncOn[22:21]
                    vpiPrefix RefObj name:AsyncOn start:44:42 end:44:49:
                      vpiParent: PartSelect name:AsyncOn[22:21]
                      vpiName: AsyncOn
                      vpiFullName: work@top.u_aes.alert_handler_reg_pkg::AsyncOn[22:21].AsyncOn[22:21].AsyncOn
                    vpiRange Range start:44:50 end:44:55:
                      vpiParent: PartSelect name:AsyncOn[22:21]
                      vpiLeftRange Constant start:44:50 end:44:52:
                        vpiParent: Range
                        vpiTypespec RefTypespec:
                          vpiParent: Constant
                          vpiFullName: work@top.u_aes.alert_handler_reg_pkg::AsyncOn[22:21].AsyncOn[22:21]
                          vpiActual: IntTypespec
                        vpiConstType: unsigned int (9)
                        vpiSize: 64
                        vpiDecompile: "22"
                        vpiValue: 22
                      vpiRightRange Constant start:44:53 end:44:55:
                        vpiParent: Range
                        vpiTypespec RefTypespec:
                          vpiParent: Constant
                          vpiFullName: work@top.u_aes.alert_handler_reg_pkg::AsyncOn[22:21].AsyncOn[22:21]
                          vpiActual: IntTypespec
                        vpiConstType: unsigned int (9)
                        vpiSize: 64
                        vpiDecompile: "21"
                        vpiValue: 21
    Module name:work@aes file:$Source01/dut.sv start:49:1 end:60:10:
      vpiParent: Design name:unnamed
      vpiName Identifier name:work@aes start:49:8 end:49:11:
        vpiParent: Module name:work@aes
        vpiName: work@aes
      vpiFullName: work@aes
      vpiParameter (1 items):
        Parameter name:AlertAsyncOn start:50:28 end:50:40:
          vpiParent: Module name:work@aes
          vpiTypespec RefTypespec start:50:14 end:50:27:
            vpiParent: Parameter name:AlertAsyncOn
            vpiFullName: work@aes.AlertAsyncOn
            vpiActual: LogicTypespec
          vpiName: AlertAsyncOn
          vpiFullName: work@aes.AlertAsyncOn
      vpiParamAssign (1 items):
        ParamAssign start:50:28 end:50:52:
          vpiParent: Module name:work@aes
          vpiLhs RefObj name:AlertAsyncOn start:50:28 end:50:40:
            vpiParent: ParamAssign
            vpiName: AlertAsyncOn
            vpiFullName: work@aes.AlertAsyncOn
            vpiActual: Parameter name:AlertAsyncOn
          vpiRhs Operation start:50:43 end:50:52:
            vpiParent: ParamAssign
            vpiOpType: multi-concatenation (34)
            vpiOperand (2 items):
              Constant start:50:44 end:50:45:
                vpiParent: Operation
                vpiTypespec RefTypespec:
                  vpiParent: Constant
                  vpiFullName: work@aes
                  vpiActual: IntTypespec
                vpiConstType: unsigned int (9)
                vpiSize: 64
                vpiDecompile: "4"
                vpiValue: 4
              Operation start:50:45 end:50:51:
                vpiParent: Operation
                vpiOpType: concatenation (33)
                vpiOperand (1 items):
                  Constant start:50:46 end:50:50:
                    vpiParent: Operation
                    vpiTypespec RefTypespec:
                      vpiParent: Constant
                      vpiFullName: work@aes
                      vpiActual: BitTypespec
                    vpiConstType: binary (3)
                    vpiSize: 1
                    vpiDecompile: "1'b1"
                    vpiValue: "1"
      vpiTypespec (2 items):
        LogicTypespec:
          vpiParent: Module name:work@aes
          vpiRange (1 items):
            Range start:50:20 end:50:27:
              vpiParent: LogicTypespec
              vpiLeftRange Operation start:50:21 end:50:24:
                vpiParent: Range
                vpiOpType: subtract (11)
                vpiOperand (2 items):
                  Constant start:50:21 end:50:22:
                    vpiParent: Operation
                    vpiTypespec RefTypespec:
                      vpiParent: Constant
                      vpiFullName: work@aes
                      vpiActual: IntTypespec
                    vpiConstType: unsigned int (9)
                    vpiSize: 64
                    vpiDecompile: "4"
                    vpiValue: 4
                  Constant start:50:23 end:50:24:
                    vpiParent: Operation
                    vpiTypespec RefTypespec:
                      vpiParent: Constant
                      vpiFullName: work@aes
                      vpiActual: IntTypespec
                    vpiConstType: unsigned int (9)
                    vpiSize: 64
                    vpiDecompile: "1"
                    vpiValue: 1
              vpiRightRange Constant start:50:25 end:50:26:
                vpiParent: Range
                vpiTypespec RefTypespec:
                  vpiParent: Constant
                  vpiFullName: work@aes
                  vpiActual: IntTypespec
                vpiConstType: unsigned int (9)
                vpiSize: 64
                vpiDecompile: "0"
                vpiValue: 0
          vpiVector: true
        BitTypespec:
          vpiParent: Module name:work@aes
      vpiDefName: work@aes
      vpiDefNetType: none (12)
      vpiLibrary RefObj name:work:
        vpiParent: Module name:work@aes
        vpiName: work
        vpiFullName: work@aes.work
      vpiCell: aes
      vpiGenStmt (1 items):
        GenFor start:52:4 end:58:6:
          vpiParent: Module name:work@aes
          vpiFullName: work@aes
          vpiVariable (1 items):
            Variable name:i start:52:16 end:52:17:
              vpiParent: GenFor
              vpiName: i
              vpiFullName: work@aes.i
          vpiForInitStmt (1 items):
            Assignment start:52:16 end:52:21:
              vpiParent: GenFor
              vpiLhs: Variable name:i
              vpiRhs Constant start:52:20 end:52:21:
                vpiParent: Assignment
                vpiTypespec RefTypespec:
                  vpiParent: Constant
                  vpiFullName: work@aes
                  vpiActual: IntTypespec
                vpiConstType: unsigned int (9)
                vpiSize: 64
                vpiDecompile: "0"
                vpiValue: 0
          vpiForIncStmt (1 items):
            Operation start:52:30 end:52:33:
              vpiParent: GenFor
              vpiOpType: post inc (64)
              vpiOperand (1 items):
                RefObj name:i start:52:30 end:52:31:
                  vpiParent: Operation
                  vpiName: i
                  vpiFullName: work@aes.i
                  vpiActual: Variable name:i
          vpiCondition Operation start:52:23 end:52:28:
            vpiParent: GenFor
            vpiOpType: less than (20)
            vpiOperand (2 items):
              RefObj name:i start:52:23 end:52:24:
                vpiParent: Operation
                vpiName: i
                vpiFullName: work@aes.i
                vpiActual: Variable name:i
              Constant start:52:27 end:52:28:
                vpiParent: Operation
                vpiTypespec RefTypespec:
                  vpiParent: Constant
                  vpiFullName: work@aes
                  vpiActual: IntTypespec
                vpiConstType: unsigned int (9)
                vpiSize: 64
                vpiDecompile: "4"
                vpiValue: 4
          vpiStmt Begin name:gen_alert_tx start:52:35 end:58:6:
            vpiParent: GenFor
            vpiName Identifier name:gen_alert_tx start:52:43 end:52:55:
              vpiParent: Begin name:gen_alert_tx
              vpiName: gen_alert_tx
            vpiFullName: work@aes.gen_alert_tx
            vpiTypespec (1 items):
              ModuleTypespec name:work@prim_alert_sender start:53:5 end:53:22:
                vpiParent: Begin name:gen_alert_tx
                vpiName Identifier name:work@prim_alert_sender start:53:5 end:53:22:
                  vpiParent: ModuleTypespec name:work@prim_alert_sender
                  vpiName: work@prim_alert_sender
            vpiStmt (1 items):
              RefInstance name:alert_sender start:56:7 end:56:19:
                vpiParent: Begin name:gen_alert_tx
                vpiName: alert_sender
                vpiTypespec RefTypespec name:work@prim_alert_sender start:53:5 end:53:22:
                  vpiParent: RefInstance name:alert_sender
                  vpiName: work@prim_alert_sender
                  vpiFullName: work@aes.gen_alert_tx.alert_sender.work@prim_alert_sender
                  vpiActual: ModuleTypespec name:work@prim_alert_sender
                vpiParamAssign (2 items):
                  ParamAssign start:54:7 end:54:32:
                    vpiParent: RefInstance name:alert_sender
                    vpiConnByName: true
                    vpiLhs RefObj name:AsyncOn start:54:8 end:54:15:
                      vpiParent: ParamAssign
                      vpiName: AsyncOn
                      vpiFullName: work@aes.gen_alert_tx.alert_sender.AsyncOn
                    vpiRhs BitSelect name:AlertAsyncOn[i] start:54:16 end:54:31:
                      vpiParent: ParamAssign
                      vpiName: AlertAsyncOn[i]
                      vpiFullName: work@aes.gen_alert_tx.alert_sender.AlertAsyncOn[i]
                      vpiPrefix RefObj name:AlertAsyncOn start:54:16 end:54:28:
                        vpiParent: BitSelect name:AlertAsyncOn[i]
                        vpiName: AlertAsyncOn
                        vpiFullName: work@aes.gen_alert_tx.alert_sender.AlertAsyncOn
                        vpiActual: Parameter name:AlertAsyncOn
                      vpiIndex RefObj name:i start:54:29 end:54:30:
                        vpiParent: BitSelect name:AlertAsyncOn[i]
                        vpiName: i
                        vpiFullName: work@aes.gen_alert_tx.alert_sender.i
                        vpiActual: Variable name:i
                  ParamAssign start:55:7 end:55:18:
                    vpiParent: RefInstance name:alert_sender
                    vpiConnByName: true
                    vpiLhs RefObj name:IsFatal start:55:8 end:55:15:
                      vpiParent: ParamAssign
                      vpiName: IsFatal
                      vpiFullName: work@aes.gen_alert_tx.alert_sender.IsFatal
                    vpiRhs RefObj name:i start:55:16 end:55:17:
                      vpiParent: ParamAssign
                      vpiName: i
                      vpiFullName: work@aes.gen_alert_tx.alert_sender.i
                      vpiActual: Variable name:i
  vpiTypespec (8 items):
    IntTypespec:
      vpiParent: Design name:unnamed
      vpiSigned: true
    LogicTypespec:
      vpiParent: Design name:unnamed
    ModuleTypespec name:work@test:
      vpiParent: Design name:unnamed
      vpiName Identifier name:work@test start:7:8 end:7:12:
        vpiParent: ModuleTypespec name:work@test
        vpiName: work@test
      vpiModule: Module name:work@test
    ModuleTypespec name:work@prim_alert_sender:
      vpiParent: Design name:unnamed
      vpiName Identifier name:work@prim_alert_sender start:13:8 end:13:25:
        vpiParent: ModuleTypespec name:work@prim_alert_sender
        vpiName: work@prim_alert_sender
      vpiModule: Module name:work@prim_alert_sender
    ModuleTypespec name:work@GOOD:
      vpiParent: Design name:unnamed
      vpiName Identifier name:work@GOOD start:28:8 end:28:12:
        vpiParent: ModuleTypespec name:work@GOOD
        vpiName: work@GOOD
      vpiModule: Module name:work@GOOD
    ModuleTypespec name:work@prim_diff_decode:
      vpiParent: Design name:unnamed
      vpiName Identifier name:work@prim_diff_decode start:31:8 end:31:24:
        vpiParent: ModuleTypespec name:work@prim_diff_decode
        vpiName: work@prim_diff_decode
      vpiModule: Module name:work@prim_diff_decode
    ModuleTypespec name:work@top:
      vpiParent: Design name:unnamed
      vpiName Identifier name:work@top start:41:8 end:41:11:
        vpiParent: ModuleTypespec name:work@top
        vpiName: work@top
      vpiModule: Module name:work@top
    ModuleTypespec name:work@aes:
      vpiParent: Design name:unnamed
      vpiName Identifier name:work@aes start:49:8 end:49:11:
        vpiParent: ModuleTypespec name:work@aes
        vpiName: work@aes
      vpiModule: Module name:work@aes
===================
[  FATAL] : 0
[ SYNTAX] : 0
[  ERROR] : 4
[WARNING] : 7
[   NOTE] : 0
********************************************************************************
*                    End HLC SystemVerilog Compiler/Linter                     *
********************************************************************************

#**#**#**#**#**#**#**#**#**#**#**#**#**#**#**#**#**#**#**#**#**#**#**#**#**#**#**#**#**#**#**#**#**#**#**#**#**#**#**#**

Environment:
      test-name: EarlgreyPackParam/EarlgreyPackParam
   test-dirpath: ${HLC_DIR}/regression/EarlgreyPackParam/EarlgreyPackParam
  hldb-filepath: ${HLC_DIR}/regression/EarlgreyPackParam/EarlgreyPackParam/design.hldb
mounts-filepath: ${HLC_DIR}/regression/EarlgreyPackParam/EarlgreyPackParam/mounts.json


{'result': {'coverage': 100.0,
            'error_count': 0,
            'file_count': 1,
            'files': {'$Output/lib/work/dut.sv': {'post_len': 0,
                                                  'pre_len': 843}},
            'post_len': 0,
            'pre_len': 843,
            'test_name': 'EarlgreyPackParam/EarlgreyPackParam'}}

+-------------------------+----------+-----------+
| INPUT                   |   PRELEN |   POSTLEN |
+=========================+==========+===========+
| $Output/lib/work/dut.sv |      843 |         0 |
+=========================+==========+===========+
|                         |      843 |         0 |
+-------------------------+----------+-----------+

[   ERROR] : 0
[COVERAGE] : 100.0


#**#**#**#**#**#**#**#**#**#**#**#**#**#**#**#**#**#**#**#**#**#**#**#**#**#**#**#**#**#**#**#**#**#**#**#**#**#**#**#**

COMMAND: ${HLC_DIR}/regression/EarlgreyPackParam/EarlgreyPackParam/design.hldb ${HLC_DIR}/regression/EarlgreyPackParam/EarlgreyPackParam/reduced.hldb

==================== BEGIN REDUCTION RESULT ====================
Name                            Before   After   Added   Removed
----------------------------------------------------------------
Constant                            18      16       3         5
Operation                            6       2       0         4
RefObj                              30      29       0         1
RefTypespec                         29      26       2         5
----------------------------------------------------------------
Others                              88      88       0         0
----------------------------------------------------------------
                                   171     161       5        15
===================== END REDUCTION RESULT =====================
