********************************************************************************
*                   Begin HLC SystemVerilog Compiler/Linter                    *
********************************************************************************
Copyright (c) 2020 Apotell,
http://www.apache.org/licenses/LICENSE-2.0
VERSION: 1.84
COMMAND: -wd ../../../tests/Verilator +incdir+. -nobuiltin -timescale=1ns/1ns -d ast -d db t_tri_pull_bad.v -mt 0 -d dbstats -d cache -writepp -d db -nostdout -o ${HLC_DIR}/regression/Verilator/t_tri_pull_bad
[INF:CM0023] Creating log file "$Output/hlc.log".
[INF:PP0122] Preprocessing source file "$Source01/t_tri_pull_bad.v".
[INF:PA0201] Parsing source file "$Source01/t_tri_pull_bad.v".
AST_DEBUG_BEGIN
Count: 65
LIB: work
FILE<0>:$Source01/t_tri_pull_bad.v
n<$Source01/t_tri_pull_bad.v> u<64> t<Top_level_rule> c<1> l<4:1> el<13:1>
  n<> u<1> t<Null_rule> p<64> s<2> l<4:1> el<4:1>
  n<// This file ONLY is placed into the Public Domain, for any use,> u<2> t<LINE_COMMENT> p<64> s<3> l<1:1> el<1:65>
  n<// without warranty, 2010 by Lane Brooks.> u<3> t<LINE_COMMENT> p<64> s<63> l<2:1> el<2:42>
  n<> u<63> t<Source_text> p<64> c<62> l<4:1> el<12:10>
    n<> u<62> t<Description> p<63> c<61> l<4:1> el<12:10>
      n<> u<61> t<Module_declaration> p<62> c<14> l<4:1> el<12:10>
        n<> u<14> t<Module_nonansi_header> p<61> c<4> s<21> l<4:1> el<4:16>
          n<module> u<4> t<MODULE> p<14> s<5> l<4:1> el<4:7>
          n<t> u<5> t<SIMPLE_IDENTIFIER> p<14> s<6> l<4:8> el<4:9>
          n<> u<6> t<Package_import_declaration_list> p<14> s<13> l<4:10> el<4:10>
          n<> u<13> t<Port_list> p<14> c<12> l<4:10> el<4:15>
            n<> u<12> t<Port> p<13> c<11> l<4:11> el<4:14>
              n<> u<11> t<Port_expression> p<12> c<10> l<4:11> el<4:14>
                n<> u<10> t<Port_reference> p<11> c<7> l<4:11> el<4:14>
                  n<clk> u<7> t<SIMPLE_IDENTIFIER> p<10> s<9> l<4:11> el<4:14>
                  n<> u<9> t<Constant_select> p<10> c<8> l<4:14> el<4:14>
                    n<> u<8> t<Constant_bit_select> p<9> l<4:14> el<4:14>
        n<> u<21> t<Module_item> p<61> c<20> s<33> l<5:4> el<5:14>
          n<> u<20> t<Port_declaration> p<21> c<19> l<5:4> el<5:13>
            n<> u<19> t<Input_declaration> p<20> c<16> l<5:4> el<5:13>
              n<> u<16> t<Net_port_type> p<19> c<15> s<18> l<5:10> el<5:10>
                n<> u<15> t<Data_type_or_implicit> p<16> l<5:10> el<5:10>
              n<> u<18> t<Port_identifier_list> p<19> c<17> l<5:10> el<5:13>
                n<clk> u<17> t<SIMPLE_IDENTIFIER> p<18> l<5:10> el<5:13>
        n<> u<33> t<Module_item> p<61> c<32> s<46> l<7:4> el<7:12>
          n<> u<32> t<Non_port_module_item> p<33> c<31> l<7:4> el<7:12>
            n<> u<31> t<Module_or_generate_item> p<32> c<30> l<7:4> el<7:12>
              n<> u<30> t<Module_common_item> p<31> c<29> l<7:4> el<7:12>
                n<> u<29> t<Module_or_generate_item_declaration> p<30> c<28> l<7:4> el<7:12>
                  n<> u<28> t<Package_or_generate_item_declaration> p<29> c<27> l<7:4> el<7:12>
                    n<> u<27> t<Net_declaration> p<28> c<22> l<7:4> el<7:12>
                      n<> u<22> t<WIRE> p<27> s<23> l<7:4> el<7:8>
                      n<> u<23> t<Data_type_or_implicit> p<27> s<26> l<7:10> el<7:10>
                      n<> u<26> t<Net_decl_assignment_list> p<27> c<25> l<7:10> el<7:11>
                        n<> u<25> t<Net_decl_assignment> p<26> c<24> l<7:10> el<7:11>
                          n<A> u<24> t<SIMPLE_IDENTIFIER> p<25> l<7:10> el<7:11>
        n<> u<46> t<Module_item> p<61> c<45> s<59> l<9:4> el<9:17>
          n<> u<45> t<Non_port_module_item> p<46> c<44> l<9:4> el<9:17>
            n<> u<44> t<Module_or_generate_item> p<45> c<43> l<9:4> el<9:17>
              n<> u<43> t<Gate_instantiation> p<44> c<42> l<9:4> el<9:17>
                n<> u<42> t<PULLUP> p<43> s<41> l<9:4> el<9:10>
                n<> u<41> t<Pull_gate_instance> p<43> c<35> l<9:11> el<9:16>
                  n<> u<35> t<Name_of_instance> p<41> c<34> s<40> l<9:11> el<9:13>
                    n<p1> u<34> t<SIMPLE_IDENTIFIER> p<35> l<9:11> el<9:13>
                  n<> u<40> t<Net_lvalue> p<41> c<37> l<9:14> el<9:15>
                    n<> u<37> t<Ps_or_hierarchical_identifier> p<40> c<36> s<39> l<9:14> el<9:15>
                      n<A> u<36> t<SIMPLE_IDENTIFIER> p<37> l<9:14> el<9:15>
                    n<> u<39> t<Constant_select> p<40> c<38> l<9:15> el<9:15>
                      n<> u<38> t<Constant_bit_select> p<39> l<9:15> el<9:15>
        n<> u<59> t<Module_item> p<61> c<58> s<60> l<10:4> el<10:19>
          n<> u<58> t<Non_port_module_item> p<59> c<57> l<10:4> el<10:19>
            n<> u<57> t<Module_or_generate_item> p<58> c<56> l<10:4> el<10:19>
              n<> u<56> t<Gate_instantiation> p<57> c<55> l<10:4> el<10:19>
                n<> u<55> t<PULLDOWN> p<56> s<54> l<10:4> el<10:12>
                n<> u<54> t<Pull_gate_instance> p<56> c<48> l<10:13> el<10:18>
                  n<> u<48> t<Name_of_instance> p<54> c<47> s<53> l<10:13> el<10:15>
                    n<p2> u<47> t<SIMPLE_IDENTIFIER> p<48> l<10:13> el<10:15>
                  n<> u<53> t<Net_lvalue> p<54> c<50> l<10:16> el<10:17>
                    n<> u<50> t<Ps_or_hierarchical_identifier> p<53> c<49> s<52> l<10:16> el<10:17>
                      n<A> u<49> t<SIMPLE_IDENTIFIER> p<50> l<10:16> el<10:17>
                    n<> u<52> t<Constant_select> p<53> c<51> l<10:17> el<10:17>
                      n<> u<51> t<Constant_bit_select> p<52> l<10:17> el<10:17>
        n<> u<60> t<ENDMODULE> p<61> l<12:1> el<12:10>
AST_DEBUG_END
[INF:CP0303] $Source01/t_tri_pull_bad.v:4:1: Compile module "t".
[INF:CM0029] Using global timescale: "1ns/1ns".
====== HLDB =======
Design name:unnamed:
  vpiName: unnamed
  vpiSourceFile (1 items):
    SourceFile name:t_tri_pull_bad.v file:$Source01/t_tri_pull_bad.v:
      vpiParent: Design name:unnamed
      vpiName: t_tri_pull_bad.v
      vpiPreprocFile: "$Output/lib/work/t_tri_pull_bad.v"
  vpiAllModules (1 items):
    Module name:t file:$Source01/t_tri_pull_bad.v start:4:1 end:12:10:
      vpiParent: Design name:unnamed
      vpiName Identifier name:t start:4:8 end:4:9:
      vpiFullName: t
      vpiTypespec (1 items):
        LogicTypespec:
          vpiParent: Module name:t
      vpiDefName: t
      vpiDefNetType: wire (1)
      vpiLibrary RefObj name:work:
        vpiParent: Module name:t
        vpiName: work
        vpiFullName: t.work
      vpiCell: t
      vpiNet (2 items):
        Net name:clk start:5:10 end:5:13:
          vpiParent: Module name:t
          vpiTypespec RefTypespec start:5:10 end:5:10:
            vpiParent: Net name:clk
            vpiFullName: t.clk
            vpiActual: LogicTypespec
          vpiName: clk
          vpiFullName: t.clk
          vpiNetType: wire (1)
          vpiScalar: true
        Net name:A start:7:10 end:7:11:
          vpiParent: Module name:t
          vpiTypespec RefTypespec start:7:10 end:7:10:
            vpiParent: Net name:A
            vpiFullName: t.A
            vpiActual: LogicTypespec
          vpiName: A
          vpiFullName: t.A
          vpiNetDeclAssign: true
          vpiNetType: wire (1)
          vpiScalar: true
      vpiPort (1 items):
        Port name:clk start:4:11 end:4:14:
          vpiParent: Module name:t
          vpiName: clk
          vpiDirection: input (1)
          vpiLowConn RefObj name:clk start:5:10 end:5:13:
            vpiParent: Port name:clk
            vpiName: clk
            vpiFullName: t.clk.clk
            vpiActual: Net name:clk
          vpiTypespec RefTypespec start:5:10 end:5:10:
            vpiParent: Port name:clk
            vpiFullName: t.clk
            vpiActual: LogicTypespec
      vpiPrimitive (2 items):
        Gate name:p1 start:9:11 end:9:13:
          vpiParent: Module name:t
          vpiName: p1
          vpiFullName: t.p1
          vpiDefName Identifier name:work@pullup start:9:4 end:9:10:
          vpiPrimType: pullup (25)
          vpiPrimTerm (1 items):
            PrimTerm start:9:14 end:9:15:
              vpiParent: Gate name:p1
              vpiDirection: output (2)
              vpiExpr RefObj name:A start:9:14 end:9:15:
                vpiParent: PrimTerm
                vpiName: A
                vpiFullName: t.p1.A
                vpiActual: Net name:A
        Gate name:p2 start:10:13 end:10:15:
          vpiParent: Module name:t
          vpiName: p2
          vpiFullName: t.p2
          vpiDefName Identifier name:work@pulldown start:10:4 end:10:12:
          vpiPrimType: pulldown (26)
          vpiPrimTerm (1 items):
            PrimTerm start:10:16 end:10:17:
              vpiParent: Gate name:p2
              vpiDirection: output (2)
              vpiExpr RefObj name:A start:10:16 end:10:17:
                vpiParent: PrimTerm
                vpiName: A
                vpiFullName: t.p2.A
                vpiActual: Net name:A
  vpiTypespec (1 items):
    ModuleTypespec name:t:
      vpiParent: Design name:unnamed
      vpiName Identifier name:t start:4:8 end:4:9:
      vpiModule: Module name:t
===================
[  FATAL] : 0
[ SYNTAX] : 0
[  ERROR] : 0
[WARNING] : 0
[   NOTE] : 0
********************************************************************************
*                    End HLC SystemVerilog Compiler/Linter                     *
********************************************************************************

#**#**#**#**#**#**#**#**#**#**#**#**#**#**#**#**#**#**#**#**#**#**#**#**#**#**#**#**#**#**#**#**#**#**#**#**#**#**#**#**

Environment:
      test-name: Verilator/t_tri_pull_bad
   test-dirpath: ${HLC_DIR}/regression/Verilator/t_tri_pull_bad
  hldb-filepath: ${HLC_DIR}/regression/Verilator/t_tri_pull_bad/design.hldb
mounts-filepath: ${HLC_DIR}/regression/Verilator/t_tri_pull_bad/mounts.json


{'result': {'coverage': 100.0,
            'error_count': 0,
            'file_count': 1,
            'files': {'$Output/lib/work/t_tri_pull_bad.v': {'post_len': 0,
                                                            'pre_len': 70}},
            'post_len': 0,
            'pre_len': 70,
            'test_name': 'Verilator/t_tri_pull_bad'}}

+-----------------------------------+----------+-----------+
| INPUT                             |   PRELEN |   POSTLEN |
+===================================+==========+===========+
| $Output/lib/work/t_tri_pull_bad.v |       70 |         0 |
+===================================+==========+===========+
|                                   |       70 |         0 |
+-----------------------------------+----------+-----------+

[   ERROR] : 0
[COVERAGE] : 100.0


#**#**#**#**#**#**#**#**#**#**#**#**#**#**#**#**#**#**#**#**#**#**#**#**#**#**#**#**#**#**#**#**#**#**#**#**#**#**#**#**

COMMAND: ${HLC_DIR}/regression/Verilator/t_tri_pull_bad/design.hldb ${HLC_DIR}/regression/Verilator/t_tri_pull_bad/reduced.hldb

==================== BEGIN REDUCTION RESULT ====================
Name                            Before   After   Added   Removed
----------------------------------------------------------------
----------------------------------------------------------------
Others                              23      23       0         0
----------------------------------------------------------------
                                    23      23       0         0
===================== END REDUCTION RESULT =====================
