********************************************************************************
*                   Begin HLC SystemVerilog Compiler/Linter                    *
********************************************************************************
Copyright (c) 2020 Apotell,
http://www.apache.org/licenses/LICENSE-2.0
VERSION: 1.84
COMMAND: -wd ../../../tests/HierPathModule -d db -d ast dut.sv -nobuiltin -mt 0 -mp 0 -d dbstats -d cache -d db -nostdout -o ${HLC_DIR}/regression/HierPathModule/HierPathModule
[INF:CM0023] Creating log file "$Output/hlc.log".
[INF:PP0122] Preprocessing source file "$Source01/dut.sv".
[INF:PA0201] Parsing source file "$Source01/dut.sv".
AST_DEBUG_BEGIN
Count: 80
LIB: work
FILE: f<13>:$Source01/dut.sv
n<$Source01/dut.sv> u<79> t<Top_level_rule> c<1> l<2:1> el<15:1>
  n<> u<1> t<Null_rule> p<79> s<78> l<2:1> el<2:1>
  n<> u<78> t<Source_text> p<79> c<29> l<2:1> el<13:10>
    n<> u<29> t<Description> p<78> c<28> s<59> l<2:1> el<4:10>
      n<> u<28> t<Module_declaration> p<29> c<6> l<2:1> el<4:10>
        n<> u<6> t<Module_nonansi_header> p<28> c<2> s<26> l<2:1> el<2:17>
          n<module> u<2> t<Module_keyword> p<6> s<3> l<2:1> el<2:7>
          n<bottom> u<3> t<SIMPLE_IDENTIFIER> p<6> s<4> l<2:8> el<2:14>
          n<> u<4> t<Package_import_declaration_list> p<6> s<5> l<2:14> el<2:14>
          n<> u<5> t<Port_list> p<6> l<2:14> el<2:16>
        n<> u<26> t<Module_item> p<28> c<25> s<27> l<3:3> el<3:23>
          n<> u<25> t<Non_port_module_item> p<26> c<24> l<3:3> el<3:23>
            n<> u<24> t<Module_or_generate_item> p<25> c<23> l<3:3> el<3:23>
              n<> u<23> t<Module_common_item> p<24> c<22> l<3:3> el<3:23>
                n<> u<22> t<Continuous_assign> p<23> c<21> l<3:3> el<3:23>
                  n<> u<21> t<Net_assignment_list> p<22> c<20> l<3:10> el<3:22>
                    n<> u<20> t<Net_assignment> p<21> c<11> l<3:10> el<3:22>
                      n<> u<11> t<Net_lvalue> p<20> c<8> s<19> l<3:10> el<3:11>
                        n<> u<8> t<Ps_or_hierarchical_identifier> p<11> c<7> s<10> l<3:10> el<3:11>
                          n<o> u<7> t<SIMPLE_IDENTIFIER> p<8> l<3:10> el<3:11>
                        n<> u<10> t<Constant_select> p<11> c<9> l<3:12> el<3:12>
                          n<> u<9> t<Constant_bit_select> p<10> l<3:12> el<3:12>
                      n<> u<19> t<Expression> p<20> c<18> l<3:14> el<3:22>
                        n<> u<18> t<Primary> p<19> c<17> l<3:14> el<3:22>
                          n<> u<17> t<Subroutine_call> p<18> c<12> l<3:14> el<3:22>
                            n<medium> u<12> t<SIMPLE_IDENTIFIER> p<17> s<13> l<3:14> el<3:20>
                            n<> u<13> t<Constant_bit_select> p<17> s<14> l<3:20> el<3:20>
                            n<c> u<14> t<SIMPLE_IDENTIFIER> p<17> s<16> l<3:21> el<3:22>
                            n<> u<16> t<Select> p<17> c<15> l<3:22> el<3:22>
                              n<> u<15> t<Bit_select> p<16> l<3:22> el<3:22>
        n<> u<27> t<ENDMODULE> p<28> l<4:1> el<4:10>
    n<> u<59> t<Description> p<78> c<58> s<77> l<6:1> el<9:10>
      n<> u<58> t<Module_declaration> p<59> c<34> l<6:1> el<9:10>
        n<> u<34> t<Module_nonansi_header> p<58> c<30> s<46> l<6:1> el<6:17>
          n<module> u<30> t<Module_keyword> p<34> s<31> l<6:1> el<6:7>
          n<medium> u<31> t<SIMPLE_IDENTIFIER> p<34> s<32> l<6:8> el<6:14>
          n<> u<32> t<Package_import_declaration_list> p<34> s<33> l<6:14> el<6:14>
          n<> u<33> t<Port_list> p<34> l<6:14> el<6:16>
        n<> u<46> t<Module_item> p<58> c<45> s<56> l<7:3> el<7:10>
          n<> u<45> t<Non_port_module_item> p<46> c<44> l<7:3> el<7:10>
            n<> u<44> t<Module_or_generate_item> p<45> c<43> l<7:3> el<7:10>
              n<> u<43> t<Module_common_item> p<44> c<42> l<7:3> el<7:10>
                n<> u<42> t<Module_or_generate_item_declaration> p<43> c<41> l<7:3> el<7:10>
                  n<> u<41> t<Package_or_generate_item_declaration> p<42> c<40> l<7:3> el<7:10>
                    n<> u<40> t<Net_declaration> p<41> c<35> l<7:3> el<7:10>
                      n<> u<35> t<WIRE> p<40> s<36> l<7:3> el<7:7>
                      n<> u<36> t<Data_type_or_implicit> p<40> s<39> l<7:8> el<7:8>
                      n<> u<39> t<Net_decl_assignment_list> p<40> c<38> l<7:8> el<7:9>
                        n<> u<38> t<Net_decl_assignment> p<39> c<37> l<7:8> el<7:9>
                          n<c> u<37> t<SIMPLE_IDENTIFIER> p<38> l<7:8> el<7:9>
        n<> u<56> t<Module_item> p<58> c<55> s<57> l<8:3> el<8:15>
          n<> u<55> t<Non_port_module_item> p<56> c<54> l<8:3> el<8:15>
            n<> u<54> t<Module_or_generate_item> p<55> c<53> l<8:3> el<8:15>
              n<> u<53> t<Module_instantiation> p<54> c<47> l<8:3> el<8:15>
                n<bottom> u<47> t<SIMPLE_IDENTIFIER> p<53> s<52> l<8:3> el<8:9>
                n<> u<52> t<Hierarchical_instance> p<53> c<49> l<8:10> el<8:14>
                  n<> u<49> t<Name_of_instance> p<52> c<48> s<51> l<8:10> el<8:12>
                    n<b1> u<48> t<SIMPLE_IDENTIFIER> p<49> l<8:10> el<8:12>
                  n<> u<51> t<Port_connection_list> p<52> c<50> l<8:13> el<8:13>
                    n<> u<50> t<Ordered_port_connection> p<51> l<8:13> el<8:13>
        n<> u<57> t<ENDMODULE> p<58> l<9:1> el<9:10>
    n<> u<77> t<Description> p<78> c<76> l<11:1> el<13:10>
      n<> u<76> t<Module_declaration> p<77> c<64> l<11:1> el<13:10>
        n<> u<64> t<Module_nonansi_header> p<76> c<60> s<74> l<11:1> el<11:14>
          n<module> u<60> t<Module_keyword> p<64> s<61> l<11:1> el<11:7>
          n<top> u<61> t<SIMPLE_IDENTIFIER> p<64> s<62> l<11:8> el<11:11>
          n<> u<62> t<Package_import_declaration_list> p<64> s<63> l<11:11> el<11:11>
          n<> u<63> t<Port_list> p<64> l<11:11> el<11:13>
        n<> u<74> t<Module_item> p<76> c<73> s<75> l<12:4> el<12:16>
          n<> u<73> t<Non_port_module_item> p<74> c<72> l<12:4> el<12:16>
            n<> u<72> t<Module_or_generate_item> p<73> c<71> l<12:4> el<12:16>
              n<> u<71> t<Module_instantiation> p<72> c<65> l<12:4> el<12:16>
                n<medium> u<65> t<SIMPLE_IDENTIFIER> p<71> s<70> l<12:4> el<12:10>
                n<> u<70> t<Hierarchical_instance> p<71> c<67> l<12:11> el<12:15>
                  n<> u<67> t<Name_of_instance> p<70> c<66> s<69> l<12:11> el<12:13>
                    n<u1> u<66> t<SIMPLE_IDENTIFIER> p<67> l<12:11> el<12:13>
                  n<> u<69> t<Port_connection_list> p<70> c<68> l<12:14> el<12:14>
                    n<> u<68> t<Ordered_port_connection> p<69> l<12:14> el<12:14>
        n<> u<75> t<ENDMODULE> p<76> l<13:1> el<13:10>
AST_DEBUG_END
[INF:CP0303] $Source01/dut.sv:2:1: Compile module "work@bottom".
[INF:CP0303] $Source01/dut.sv:6:1: Compile module "work@medium".
[INF:CP0303] $Source01/dut.sv:11:1: Compile module "work@top".
[WRN:PA0205] $Source01/dut.sv:2:1: No timescale set for "work@bottom".
[WRN:PA0205] $Source01/dut.sv:6:1: No timescale set for "work@medium".
[WRN:PA0205] $Source01/dut.sv:11:1: No timescale set for "work@top".
[ERR:EL0535] $Source01/dut.sv:3:10: Illegal implicit net "id:14, name:o".
====== HLDB =======
Design name:unnamed:
  vpiName: unnamed
  vpiSourceFile (1 items):
    SourceFile name:dut.sv file:$Source01/dut.sv:
      vpiParent: Design name:unnamed
      vpiName: dut.sv
      vpiPreprocFile: "$Output/lib/work/dut.sv"
      vpiDefNetType: none (12)
  vpiAllModules (3 items):
    Module name:work@bottom file:$Source01/dut.sv start:2:1 end:4:10:
      vpiParent: Design name:unnamed
      vpiName Identifier name:work@bottom start:2:8 end:2:14:
        vpiParent: Module name:work@bottom
        vpiName: work@bottom
      vpiFullName: work@bottom
      vpiDefName: work@bottom
      vpiDefNetType: none (12)
      vpiLibrary RefObj name:work:
        vpiParent: Module name:work@bottom
        vpiName: work
        vpiFullName: work@bottom.work
      vpiCell: bottom
      vpiContAssign (1 items):
        ContAssign start:3:10 end:3:22:
          vpiParent: Module name:work@bottom
          vpiLhs RefObj name:o start:3:10 end:3:11:
            vpiParent: ContAssign
            vpiName: o
            vpiFullName: work@bottom.o
          vpiRhs HierPath name:medium.c start:3:14 end:3:22:
            vpiParent: ContAssign
            vpiName: medium.c
            vpiFullName: work@bottom.medium.c
            vpiPathElem (2 items):
              RefObj name:medium start:3:14 end:3:20:
                vpiParent: HierPath name:medium.c
                vpiName: medium
                vpiFullName: work@bottom.medium
                vpiActual: Module name:work@medium
              RefObj name:c start:3:21 end:3:22:
                vpiParent: HierPath name:medium.c
                vpiName: c
                vpiFullName: work@bottom.c
                vpiActual: Net name:c
    Module name:work@medium file:$Source01/dut.sv start:6:1 end:9:10:
      vpiParent: Design name:unnamed
      vpiName Identifier name:work@medium start:6:8 end:6:14:
        vpiParent: Module name:work@medium
        vpiName: work@medium
      vpiFullName: work@medium
      vpiTypespec (2 items):
        LogicTypespec:
          vpiParent: Module name:work@medium
        ModuleTypespec name:work@bottom start:8:3 end:8:9:
          vpiParent: Module name:work@medium
          vpiName Identifier name:work@bottom start:8:3 end:8:9:
            vpiParent: ModuleTypespec name:work@bottom
            vpiName: work@bottom
      vpiDefName: work@medium
      vpiDefNetType: none (12)
      vpiLibrary RefObj name:work:
        vpiParent: Module name:work@medium
        vpiName: work
        vpiFullName: work@medium.work
      vpiCell: medium
      vpiNet (1 items):
        Net name:c start:7:8 end:7:9:
          vpiParent: Module name:work@medium
          vpiTypespec RefTypespec start:7:8 end:7:8:
            vpiParent: Net name:c
            vpiFullName: work@medium.c
            vpiActual: LogicTypespec
          vpiName: c
          vpiFullName: work@medium.c
          vpiNetType: wire (1)
      vpiRefInstance (1 items):
        RefInstance name:b1 start:8:10 end:8:12:
          vpiParent: Module name:work@medium
          vpiName: b1
          vpiTypespec RefTypespec name:work@bottom start:8:3 end:8:9:
            vpiParent: RefInstance name:b1
            vpiName: work@bottom
            vpiFullName: work@medium.b1.work@bottom
            vpiActual: ModuleTypespec name:work@bottom
    Module name:work@top file:$Source01/dut.sv start:11:1 end:13:10:
      vpiParent: Design name:unnamed
      vpiName Identifier name:work@top start:11:8 end:11:11:
        vpiParent: Module name:work@top
        vpiName: work@top
      vpiFullName: work@top
      vpiTypespec (1 items):
        ModuleTypespec name:work@medium start:12:4 end:12:10:
          vpiParent: Module name:work@top
          vpiName Identifier name:work@medium start:12:4 end:12:10:
            vpiParent: ModuleTypespec name:work@medium
            vpiName: work@medium
      vpiDefName: work@top
      vpiDefNetType: none (12)
      vpiLibrary RefObj name:work:
        vpiParent: Module name:work@top
        vpiName: work
        vpiFullName: work@top.work
      vpiCell: top
      vpiRefInstance (1 items):
        RefInstance name:u1 start:12:11 end:12:13:
          vpiParent: Module name:work@top
          vpiName: u1
          vpiTypespec RefTypespec name:work@medium start:12:4 end:12:10:
            vpiParent: RefInstance name:u1
            vpiName: work@medium
            vpiFullName: work@top.u1.work@medium
            vpiActual: ModuleTypespec name:work@medium
  vpiTypespec (3 items):
    ModuleTypespec name:work@bottom:
      vpiParent: Design name:unnamed
      vpiName Identifier name:work@bottom start:2:8 end:2:14:
        vpiParent: ModuleTypespec name:work@bottom
        vpiName: work@bottom
      vpiModule: Module name:work@bottom
    ModuleTypespec name:work@medium:
      vpiParent: Design name:unnamed
      vpiName Identifier name:work@medium start:6:8 end:6:14:
        vpiParent: ModuleTypespec name:work@medium
        vpiName: work@medium
      vpiModule: Module name:work@medium
    ModuleTypespec name:work@top:
      vpiParent: Design name:unnamed
      vpiName Identifier name:work@top start:11:8 end:11:11:
        vpiParent: ModuleTypespec name:work@top
        vpiName: work@top
      vpiModule: Module name:work@top
===================
[  FATAL] : 0
[ SYNTAX] : 0
[  ERROR] : 1
[WARNING] : 3
[   NOTE] : 0
********************************************************************************
*                    End HLC SystemVerilog Compiler/Linter                     *
********************************************************************************

#**#**#**#**#**#**#**#**#**#**#**#**#**#**#**#**#**#**#**#**#**#**#**#**#**#**#**#**#**#**#**#**#**#**#**#**#**#**#**#**

Environment:
      test-name: HierPathModule/HierPathModule
   test-dirpath: ${HLC_DIR}/regression/HierPathModule/HierPathModule
  hldb-filepath: ${HLC_DIR}/regression/HierPathModule/HierPathModule/design.hldb
mounts-filepath: ${HLC_DIR}/regression/HierPathModule/HierPathModule/mounts.json


{'result': {'coverage': 100.0,
            'error_count': 0,
            'file_count': 1,
            'files': {'$Output/lib/work/dut.sv': {'post_len': 0,
                                                  'pre_len': 123}},
            'post_len': 0,
            'pre_len': 123,
            'test_name': 'HierPathModule/HierPathModule'}}

+-------------------------+----------+-----------+
| INPUT                   |   PRELEN |   POSTLEN |
+=========================+==========+===========+
| $Output/lib/work/dut.sv |      123 |         0 |
+=========================+==========+===========+
|                         |      123 |         0 |
+-------------------------+----------+-----------+

[   ERROR] : 0
[COVERAGE] : 100.0


#**#**#**#**#**#**#**#**#**#**#**#**#**#**#**#**#**#**#**#**#**#**#**#**#**#**#**#**#**#**#**#**#**#**#**#**#**#**#**#**

COMMAND: ${HLC_DIR}/regression/HierPathModule/HierPathModule/design.hldb ${HLC_DIR}/regression/HierPathModule/HierPathModule/reduced.hldb

==================== BEGIN REDUCTION RESULT ====================
Name                            Before   After   Added   Removed
----------------------------------------------------------------
----------------------------------------------------------------
Others                              33      33       0         0
----------------------------------------------------------------
                                    33      33       0         0
===================== END REDUCTION RESULT =====================
