********************************************************************************
*                   Begin HLC SystemVerilog Compiler/Linter                    *
********************************************************************************
Copyright (c) 2020 Apotell,
http://www.apache.org/licenses/LICENSE-2.0
VERSION: 1.84
COMMAND: -wd ../../../../tests/Google/chapter-15 -timescale=1ns/1ns -d ast -d db -nobuiltin 15.5.1--named-event-trigger-blocking.sv -wd ${HLC_DIR}/third_party/UVM -I1800.2-2017-1.0/src -mt 0 -d dbstats -d cache -writepp -d db -nostdout -o ${HLC_DIR}/regression/Google/chapter-15/15.5.1--named-event-trigger-blocking
[INF:CM0023] Creating log file "$Output/hlc.log".
[INF:PP0122] Preprocessing source file "$Source01/15.5.1--named-event-trigger-blocking.sv".
[INF:PA0201] Parsing source file "$Source01/15.5.1--named-event-trigger-blocking.sv".
AST_DEBUG_BEGIN
Count: 103
LIB: work
FILE<0>:$Source01/15.5.1--named-event-trigger-blocking.sv
n<$Source01/15.5.1--named-event-trigger-blocking.sv> u<102> t<Top_level_rule> c<1> l<18:1> el<46:1>
  n<> u<1> t<Null_rule> p<102> s<2> l<18:1> el<18:1>
  n<// Copyright (C) 2019-2021  The SymbiFlow Authors.> u<2> t<LINE_COMMENT> p<102> s<3> l<1:1> el<1:51>
  n<//> u<3> t<LINE_COMMENT> p<102> s<4> l<2:1> el<2:3>
  n<// Use of this source code is governed by a ISC-style> u<4> t<LINE_COMMENT> p<102> s<5> l<3:1> el<3:54>
  n<// license that can be found in the LICENSE file or at> u<5> t<LINE_COMMENT> p<102> s<6> l<4:1> el<4:55>
  n<// https://opensource.org/licenses/ISC> u<6> t<LINE_COMMENT> p<102> s<7> l<5:1> el<5:39>
  n<//> u<7> t<LINE_COMMENT> p<102> s<8> l<6:1> el<6:3>
  n<// SPDX-License-Identifier: ISC> u<8> t<LINE_COMMENT> p<102> s<9> l<7:1> el<7:32>
  n</*\n:name: named_event_trigger_blocking\n:description: Trigger named event, blocking\n:tags: 15.5\n:top_module: top\n*/> u<9> t<BLOCK_COMMENT> p<102> s<101> l<18:1> el<44:9>
  n<> u<101> t<Source_text> p<102> c<31> l<18:1> el<44:9>
    n<> u<31> t<Description> p<101> c<30> s<73> l<18:1> el<21:10>
      n<> u<30> t<Module_declaration> p<31> c<14> l<18:1> el<21:10>
        n<> u<14> t<Module_nonansi_header> p<30> c<10> s<28> l<18:1> el<18:16>
          n<module> u<10> t<MODULE> p<14> s<11> l<18:1> el<18:7>
          n<inner> u<11> t<SIMPLE_IDENTIFIER> p<14> s<12> l<18:8> el<18:13>
          n<> u<12> t<Package_import_declaration_list> p<14> s<13> l<18:13> el<18:13>
          n<> u<13> t<Port_list> p<14> l<18:13> el<18:15>
        n<> u<28> t<Module_item> p<30> c<27> s<29> l<19:2> el<20:12>
          n<> u<27> t<Non_port_module_item> p<28> c<26> l<19:2> el<20:12>
            n<> u<26> t<Module_or_generate_item> p<27> c<25> l<19:2> el<20:12>
              n<> u<25> t<Module_common_item> p<26> c<24> l<19:2> el<20:12>
                n<> u<24> t<Initial_construct> p<25> c<23> l<19:2> el<20:12>
                  n<> u<23> t<Statement_or_null> p<24> c<22> l<20:3> el<20:12>
                    n<> u<22> t<Statement> p<23> c<21> l<20:3> el<20:12>
                      n<> u<21> t<Statement_item> p<22> c<20> l<20:3> el<20:12>
                        n<> u<20> t<Event_trigger> p<21> c<19> l<20:3> el<20:12>
                          n<> u<19> t<IMPLY> p<20> s<18> l<20:3> el<20:5>
                          n<> u<18> t<Hierarchical_identifier> p<20> c<15> l<20:6> el<20:11>
                            n<top> u<15> t<SIMPLE_IDENTIFIER> p<18> s<16> l<20:6> el<20:9>
                            n<> u<16> t<Constant_bit_select> p<18> s<17> l<20:9> el<20:9>
                            n<e> u<17> t<SIMPLE_IDENTIFIER> p<18> l<20:10> el<20:11>
        n<> u<29> t<ENDMODULE> p<30> l<21:1> el<21:10>
    n<> u<73> t<Description> p<101> c<72> s<100> l<23:1> el<34:10>
      n<> u<72> t<Module_declaration> p<73> c<36> l<23:1> el<34:10>
        n<> u<36> t<Module_nonansi_header> p<72> c<32> s<46> l<23:1> el<23:14>
          n<module> u<32> t<MODULE> p<36> s<33> l<23:1> el<23:7>
          n<top> u<33> t<SIMPLE_IDENTIFIER> p<36> s<34> l<23:8> el<23:11>
          n<> u<34> t<Package_import_declaration_list> p<36> s<35> l<23:11> el<23:11>
          n<> u<35> t<Port_list> p<36> l<23:11> el<23:13>
        n<> u<46> t<Module_item> p<72> c<45> s<70> l<25:1> el<25:9>
          n<> u<45> t<Non_port_module_item> p<46> c<44> l<25:1> el<25:9>
            n<> u<44> t<Module_or_generate_item> p<45> c<43> l<25:1> el<25:9>
              n<> u<43> t<Module_common_item> p<44> c<42> l<25:1> el<25:9>
                n<> u<42> t<Module_or_generate_item_declaration> p<43> c<41> l<25:1> el<25:9>
                  n<> u<41> t<Package_or_generate_item_declaration> p<42> c<40> l<25:1> el<25:9>
                    n<> u<40> t<Data_declaration> p<41> c<39> l<25:1> el<25:9>
                      n<> u<39> t<Event_declaration> p<40> c<38> l<25:1> el<25:9>
                        n<> u<38> t<Identifier_list> p<39> c<37> l<25:7> el<25:8>
                          n<e> u<37> t<SIMPLE_IDENTIFIER> p<38> l<25:7> el<25:8>
        n<> u<70> t<Module_item> p<72> c<69> s<71> l<27:1> el<32:4>
          n<> u<69> t<Non_port_module_item> p<70> c<68> l<27:1> el<32:4>
            n<> u<68> t<Module_or_generate_item> p<69> c<67> l<27:1> el<32:4>
              n<> u<67> t<Module_common_item> p<68> c<66> l<27:1> el<32:4>
                n<> u<66> t<Initial_construct> p<67> c<65> l<27:1> el<32:4>
                  n<> u<65> t<Statement_or_null> p<66> c<64> l<27:9> el<32:4>
                    n<> u<64> t<Statement> p<65> c<63> l<27:9> el<32:4>
                      n<> u<63> t<Statement_item> p<64> c<47> l<27:9> el<32:4>
                        n<// Normal trigger> u<47> t<LINE_COMMENT> p<63> s<62> l<28:2> el<28:19>
                        n<> u<62> t<Seq_block> p<63> c<53> l<27:9> el<32:4>
                          n<> u<53> t<Statement_or_null> p<62> c<52> s<54> l<29:2> el<29:7>
                            n<> u<52> t<Statement> p<53> c<51> l<29:2> el<29:7>
                              n<> u<51> t<Statement_item> p<52> c<50> l<29:2> el<29:7>
                                n<> u<50> t<Event_trigger> p<51> c<49> l<29:2> el<29:7>
                                  n<> u<49> t<IMPLY> p<50> s<48> l<29:2> el<29:4>
                                  n<e> u<48> t<SIMPLE_IDENTIFIER> p<50> l<29:5> el<29:6>
                          n<// Nonblocking trigger> u<54> t<LINE_COMMENT> p<62> s<60> l<30:2> el<30:24>
                          n<> u<60> t<Statement_or_null> p<62> c<59> s<61> l<31:2> el<31:8>
                            n<> u<59> t<Statement> p<60> c<58> l<31:2> el<31:8>
                              n<> u<58> t<Statement_item> p<59> c<57> l<31:2> el<31:8>
                                n<> u<57> t<Event_trigger> p<58> c<56> l<31:2> el<31:8>
                                  n<> u<56> t<NON_BLOCKING_TRIGGER_EVENT_OP> p<57> s<55> l<31:2> el<31:5>
                                  n<e> u<55> t<SIMPLE_IDENTIFIER> p<57> l<31:6> el<31:7>
                          n<> u<61> t<END> p<62> l<32:1> el<32:4>
        n<> u<71> t<ENDMODULE> p<72> l<34:1> el<34:10>
    n<> u<100> t<Description> p<101> c<99> l<36:1> el<44:9>
      n<> u<99> t<Package_item> p<100> c<98> l<36:1> el<44:9>
        n<> u<98> t<Package_or_generate_item_declaration> p<99> c<97> l<36:1> el<44:9>
          n<> u<97> t<Class_declaration> p<98> c<95> l<36:1> el<44:9>
            n<> u<95> t<CLASS> p<97> s<74> l<36:1> el<36:6>
            n<foo> u<74> t<SIMPLE_IDENTIFIER> p<97> s<80> l<36:7> el<36:10>
            n<> u<80> t<Class_item> p<97> c<79> s<93> l<38:2> el<38:10>
              n<> u<79> t<Class_property> p<80> c<78> l<38:2> el<38:10>
                n<> u<78> t<Data_declaration> p<79> c<77> l<38:2> el<38:10>
                  n<> u<77> t<Event_declaration> p<78> c<76> l<38:2> el<38:10>
                    n<> u<76> t<Identifier_list> p<77> c<75> l<38:8> el<38:9>
                      n<e> u<75> t<SIMPLE_IDENTIFIER> p<76> l<38:8> el<38:9>
            n<> u<93> t<Class_item> p<97> c<92> s<94> l<40:2> el<42:9>
              n<> u<92> t<Class_method> p<93> c<91> l<40:2> el<42:9>
                n<> u<91> t<Task_declaration> p<92> c<90> l<40:2> el<42:9>
                  n<> u<90> t<Task_body_declaration> p<91> c<81> l<40:7> el<42:9>
                    n<wait_e> u<81> t<SIMPLE_IDENTIFIER> p<90> s<82> l<40:7> el<40:13>
                    n<> u<82> t<Tf_port_item_list> p<90> s<88> l<40:13> el<40:15>
                    n<> u<88> t<Statement_or_null> p<90> c<87> s<89> l<41:3> el<41:7>
                      n<> u<87> t<Statement> p<88> c<86> l<41:3> el<41:7>
                        n<> u<86> t<Statement_item> p<87> c<85> l<41:3> el<41:7>
                          n<> u<85> t<Event_trigger> p<86> c<84> l<41:3> el<41:7>
                            n<> u<84> t<IMPLY> p<85> s<83> l<41:3> el<41:5>
                            n<e> u<83> t<SIMPLE_IDENTIFIER> p<85> l<41:5> el<41:6>
                    n<> u<89> t<ENDTASK> p<90> l<42:2> el<42:9>
            n<> u<94> t<Class_item> p<97> s<96> l<42:9> el<42:10>
            n<> u<96> t<ENDCLASS> p<97> l<44:1> el<44:9>
AST_DEBUG_END
[INF:CP0303] $Source01/15.5.1--named-event-trigger-blocking.sv:18:1: Compile module "inner".
[INF:CP0303] $Source01/15.5.1--named-event-trigger-blocking.sv:23:1: Compile module "top".
[INF:CM0029] Using global timescale: "1ns/1ns".
====== HLDB =======
Design name:unnamed:
  vpiName: unnamed
  vpiSourceFile (1 items):
    SourceFile name:15.5.1--named-event-trigger-blocking.sv file:$Source01/15.5.1--named-event-trigger-blocking.sv:
      vpiParent: Design name:unnamed
      vpiName: "15.5.1--named-event-trigger-blocking.sv"
      vpiPreprocFile: "$Output/lib/work/15.5.1--named-event-trigger-blocking.sv"
  vpiAllClasses (1 items):
    ClassDefn name:foo file:$Source01/15.5.1--named-event-trigger-blocking.sv start:36:1 end:44:9:
      vpiParent: Design name:unnamed
      vpiName Identifier name:foo start:36:7 end:36:10:
      vpiFullName: foo
      vpiNamedEvent (1 items):
        NamedEvent name:e start:38:8 end:38:9:
          vpiParent: ClassDefn name:foo
          vpiName: e
          vpiFullName: foo::e
      vpiDefName: foo
      vpiAutomatic: true
      vpiClassType: userdefined class (3)
      vpiLibrary RefObj name:work:
        vpiParent: ClassDefn name:foo
        vpiName: work
        vpiFullName: foo::work
      vpiCell: foo
      vpiMethod (1 items):
        Task name:wait_e start:40:2 end:42:9:
          vpiParent: ClassDefn name:foo
          vpiName Identifier name:wait_e start:40:7 end:40:13:
          vpiFullName: foo::wait_e
          vpiMethod: true
          vpiVisibility: public (1)
          vpiStmt EventStmt start:41:3 end:41:7:
            vpiParent: Task name:wait_e
            vpiBlocking: true
            vpiNamedEvent RefObj name:e start:41:5 end:41:6:
              vpiParent: EventStmt
              vpiName: e
              vpiFullName: foo::wait_e::e
              vpiActual: NamedEvent name:e
  vpiAllModules (2 items):
    Module name:inner file:$Source01/15.5.1--named-event-trigger-blocking.sv start:18:1 end:21:10:
      vpiParent: Design name:unnamed
      vpiName Identifier name:inner start:18:8 end:18:13:
      vpiFullName: inner
      vpiDefName: inner
      vpiDefNetType: wire (1)
      vpiLibrary RefObj name:work:
        vpiParent: Module name:inner
        vpiName: work
        vpiFullName: inner.work
      vpiCell: inner
      vpiProcess (1 items):
        Initial start:19:2 end:20:12:
          vpiParent: Module name:inner
          vpiStmt EventStmt start:20:3 end:20:12:
            vpiParent: Initial
            vpiBlocking: true
            vpiNamedEvent HierPath name:top.e start:20:6 end:20:11:
              vpiParent: EventStmt
              vpiName: top.e
              vpiFullName: inner.top.e
              vpiPathElem (2 items):
                RefObj name:top start:20:6 end:20:9:
                  vpiParent: HierPath name:top.e
                  vpiName: top
                  vpiFullName: inner.top
                  vpiActual: Module name:top
                RefObj name:e start:20:10 end:20:11:
                  vpiParent: HierPath name:top.e
                  vpiName: e
                  vpiFullName: inner.e
                  vpiActual: NamedEvent name:e
    Module name:top file:$Source01/15.5.1--named-event-trigger-blocking.sv start:23:1 end:34:10:
      vpiParent: Design name:unnamed
      vpiName Identifier name:top start:23:8 end:23:11:
      vpiFullName: top
      vpiNamedEvent (1 items):
        NamedEvent name:e start:25:7 end:25:8:
          vpiParent: Module name:top
          vpiName: e
          vpiFullName: top.e
      vpiDefName: top
      vpiDefNetType: wire (1)
      vpiLibrary RefObj name:work:
        vpiParent: Module name:top
        vpiName: work
        vpiFullName: top.work
      vpiCell: top
      vpiProcess (1 items):
        Initial start:27:1 end:32:4:
          vpiParent: Module name:top
          vpiStmt Begin start:27:9 end:32:4:
            vpiParent: Initial
            vpiFullName: top
            vpiStmt (2 items):
              EventStmt start:29:2 end:29:7:
                vpiParent: Begin
                vpiBlocking: true
                vpiNamedEvent RefObj name:e start:29:5 end:29:6:
                  vpiParent: EventStmt
                  vpiName: e
                  vpiFullName: top.e
                  vpiActual: NamedEvent name:e
              EventStmt start:31:2 end:31:8:
                vpiParent: Begin
                vpiNamedEvent RefObj name:e start:31:6 end:31:7:
                  vpiParent: EventStmt
                  vpiName: e
                  vpiFullName: top.e
                  vpiActual: NamedEvent name:e
  vpiTypespec (3 items):
    ModuleTypespec name:inner:
      vpiParent: Design name:unnamed
      vpiName Identifier name:inner start:18:8 end:18:13:
      vpiModule: Module name:inner
    ModuleTypespec name:top:
      vpiParent: Design name:unnamed
      vpiName Identifier name:top start:23:8 end:23:11:
      vpiModule: Module name:top
    ClassTypespec name:foo:
      vpiParent: Design name:unnamed
      vpiName Identifier name:foo:
      vpiDefName: foo
      vpiClassDefn: ClassDefn name:foo
===================
[  FATAL] : 0
[ SYNTAX] : 0
[  ERROR] : 0
[WARNING] : 0
[   NOTE] : 0
********************************************************************************
*                    End HLC SystemVerilog Compiler/Linter                     *
********************************************************************************

#**#**#**#**#**#**#**#**#**#**#**#**#**#**#**#**#**#**#**#**#**#**#**#**#**#**#**#**#**#**#**#**#**#**#**#**#**#**#**#**

Environment:
      test-name: Google/chapter-15/15.5.1--named-event-trigger-blocking
   test-dirpath: ${HLC_DIR}/regression/Google/chapter-15/15.5.1--named-event-trigger-blocking
  hldb-filepath: ${HLC_DIR}/regression/Google/chapter-15/15.5.1--named-event-trigger-blocking/design.hldb
mounts-filepath: ${HLC_DIR}/regression/Google/chapter-15/15.5.1--named-event-trigger-blocking/mounts.json


{'result': {'coverage': 100.0,
            'error_count': 0,
            'file_count': 1,
            'files': {'$Output/lib/work/15.5.1--named-event-trigger-blocking.sv': {'post_len': 0,
                                                                                   'pre_len': 149}},
            'post_len': 0,
            'pre_len': 149,
            'test_name': 'Google/chapter-15/15.5.1--named-event-trigger-blocking'}}

+----------------------------------------------------------+----------+-----------+
| INPUT                                                    |   PRELEN |   POSTLEN |
+==========================================================+==========+===========+
| $Output/lib/work/15.5.1--named-event-trigger-blocking.sv |      149 |         0 |
+==========================================================+==========+===========+
|                                                          |      149 |         0 |
+----------------------------------------------------------+----------+-----------+

[   ERROR] : 0
[COVERAGE] : 100.0


#**#**#**#**#**#**#**#**#**#**#**#**#**#**#**#**#**#**#**#**#**#**#**#**#**#**#**#**#**#**#**#**#**#**#**#**#**#**#**#**

COMMAND: ${HLC_DIR}/regression/Google/chapter-15/15.5.1--named-event-trigger-blocking/design.hldb ${HLC_DIR}/regression/Google/chapter-15/15.5.1--named-event-trigger-blocking/reduced.hldb

==================== BEGIN REDUCTION RESULT ====================
Name                            Before   After   Added   Removed
----------------------------------------------------------------
----------------------------------------------------------------
Others                              34      34       0         0
----------------------------------------------------------------
                                    34      34       0         0
===================== END REDUCTION RESULT =====================
